
> simplewallet@1.0.0 test
> jest

FAIL hooks/__tests__/useVaultMessages.test.js
  ● Console

    console.error
      react-test-renderer is deprecated. See https://react.dev/warnings/react-test-renderer

      17 |   let component;
      18 |   act(() => {
    > 19 |     component = create(<TestComponent />);
         |                       ^
      20 |   });
      21 |   return { result, unmount: () => component.unmount() };
      22 | }

      at process.env.NODE_ENV.exports.create (node_modules/react-test-renderer/cjs/react-test-renderer.development.js:14598:17)
      at hooks/__tests__/useVaultMessages.test.js:19:23
      at process.env.NODE_ENV.exports.act (node_modules/react/cjs/react.development.js:789:22)
      at renderHook (hooks/__tests__/useVaultMessages.test.js:18:6)
      at Object.renderHook (hooks/__tests__/useVaultMessages.test.js:55:24)
      at asyncGeneratorStep (node_modules/@babel/runtime/helpers/asyncToGenerator.js:3:17)
      at _next (node_modules/@babel/runtime/helpers/asyncToGenerator.js:17:9)
      at node_modules/@babel/runtime/helpers/asyncToGenerator.js:22:7
      at Object.<anonymous> (node_modules/@babel/runtime/helpers/asyncToGenerator.js:14:12)

    console.error
      The current testing environment is not configured to support act(...)

      17 |   let component;
      18 |   act(() => {
    > 19 |     component = create(<TestComponent />);
         |                       ^
      20 |   });
      21 |   return { result, unmount: () => component.unmount() };
      22 | }

      at isConcurrentActEnvironment (node_modules/react-test-renderer/cjs/react-test-renderer.development.js:10243:17)
      at warnIfUpdatesNotWrappedWithActDEV (node_modules/react-test-renderer/cjs/react-test-renderer.development.js:11798:7)
      at scheduleUpdateOnFiber (node_modules/react-test-renderer/cjs/react-test-renderer.development.js:10326:9)
      at updateContainerImpl (node_modules/react-test-renderer/cjs/react-test-renderer.development.js:12382:10)
      at updateContainer (node_modules/react-test-renderer/cjs/react-test-renderer.development.js:12326:7)
      at process.env.NODE_ENV.exports.create (node_modules/react-test-renderer/cjs/react-test-renderer.development.js:14630:7)
      at hooks/__tests__/useVaultMessages.test.js:19:23
      at process.env.NODE_ENV.exports.act (node_modules/react/cjs/react.development.js:789:22)
      at renderHook (hooks/__tests__/useVaultMessages.test.js:18:6)
      at Object.renderHook (hooks/__tests__/useVaultMessages.test.js:55:24)
      at asyncGeneratorStep (node_modules/@babel/runtime/helpers/asyncToGenerator.js:3:17)
      at _next (node_modules/@babel/runtime/helpers/asyncToGenerator.js:17:9)
      at node_modules/@babel/runtime/helpers/asyncToGenerator.js:22:7
      at Object.<anonymous> (node_modules/@babel/runtime/helpers/asyncToGenerator.js:14:12)

    console.error
      react-test-renderer is deprecated. See https://react.dev/warnings/react-test-renderer

      17 |   let component;
      18 |   act(() => {
    > 19 |     component = create(<TestComponent />);
         |                       ^
      20 |   });
      21 |   return { result, unmount: () => component.unmount() };
      22 | }

      at process.env.NODE_ENV.exports.create (node_modules/react-test-renderer/cjs/react-test-renderer.development.js:14598:17)
      at hooks/__tests__/useVaultMessages.test.js:19:23
      at process.env.NODE_ENV.exports.act (node_modules/react/cjs/react.development.js:789:22)
      at renderHook (hooks/__tests__/useVaultMessages.test.js:18:6)
      at Object.renderHook (hooks/__tests__/useVaultMessages.test.js:85:24)
      at asyncGeneratorStep (node_modules/@babel/runtime/helpers/asyncToGenerator.js:3:17)
      at _next (node_modules/@babel/runtime/helpers/asyncToGenerator.js:17:9)
      at node_modules/@babel/runtime/helpers/asyncToGenerator.js:22:7
      at Object.<anonymous> (node_modules/@babel/runtime/helpers/asyncToGenerator.js:14:12)

    console.error
      The current testing environment is not configured to support act(...)

      17 |   let component;
      18 |   act(() => {
    > 19 |     component = create(<TestComponent />);
         |                       ^
      20 |   });
      21 |   return { result, unmount: () => component.unmount() };
      22 | }

      at isConcurrentActEnvironment (node_modules/react-test-renderer/cjs/react-test-renderer.development.js:10243:17)
      at warnIfUpdatesNotWrappedWithActDEV (node_modules/react-test-renderer/cjs/react-test-renderer.development.js:11798:7)
      at scheduleUpdateOnFiber (node_modules/react-test-renderer/cjs/react-test-renderer.development.js:10326:9)
      at updateContainerImpl (node_modules/react-test-renderer/cjs/react-test-renderer.development.js:12382:10)
      at updateContainer (node_modules/react-test-renderer/cjs/react-test-renderer.development.js:12326:7)
      at process.env.NODE_ENV.exports.create (node_modules/react-test-renderer/cjs/react-test-renderer.development.js:14630:7)
      at hooks/__tests__/useVaultMessages.test.js:19:23
      at process.env.NODE_ENV.exports.act (node_modules/react/cjs/react.development.js:789:22)
      at renderHook (hooks/__tests__/useVaultMessages.test.js:18:6)
      at Object.renderHook (hooks/__tests__/useVaultMessages.test.js:85:24)
      at asyncGeneratorStep (node_modules/@babel/runtime/helpers/asyncToGenerator.js:3:17)
      at _next (node_modules/@babel/runtime/helpers/asyncToGenerator.js:17:9)
      at node_modules/@babel/runtime/helpers/asyncToGenerator.js:22:7
      at Object.<anonymous> (node_modules/@babel/runtime/helpers/asyncToGenerator.js:14:12)

    console.error
      react-test-renderer is deprecated. See https://react.dev/warnings/react-test-renderer

      17 |   let component;
      18 |   act(() => {
    > 19 |     component = create(<TestComponent />);
         |                       ^
      20 |   });
      21 |   return { result, unmount: () => component.unmount() };
      22 | }

      at process.env.NODE_ENV.exports.create (node_modules/react-test-renderer/cjs/react-test-renderer.development.js:14598:17)
      at hooks/__tests__/useVaultMessages.test.js:19:23
      at process.env.NODE_ENV.exports.act (node_modules/react/cjs/react.development.js:789:22)
      at renderHook (hooks/__tests__/useVaultMessages.test.js:18:6)
      at Object.renderHook (hooks/__tests__/useVaultMessages.test.js:120:24)
      at asyncGeneratorStep (node_modules/@babel/runtime/helpers/asyncToGenerator.js:3:17)
      at _next (node_modules/@babel/runtime/helpers/asyncToGenerator.js:17:9)
      at node_modules/@babel/runtime/helpers/asyncToGenerator.js:22:7
      at Object.<anonymous> (node_modules/@babel/runtime/helpers/asyncToGenerator.js:14:12)

    console.error
      The current testing environment is not configured to support act(...)

      17 |   let component;
      18 |   act(() => {
    > 19 |     component = create(<TestComponent />);
         |                       ^
      20 |   });
      21 |   return { result, unmount: () => component.unmount() };
      22 | }

      at isConcurrentActEnvironment (node_modules/react-test-renderer/cjs/react-test-renderer.development.js:10243:17)
      at warnIfUpdatesNotWrappedWithActDEV (node_modules/react-test-renderer/cjs/react-test-renderer.development.js:11798:7)
      at scheduleUpdateOnFiber (node_modules/react-test-renderer/cjs/react-test-renderer.development.js:10326:9)
      at updateContainerImpl (node_modules/react-test-renderer/cjs/react-test-renderer.development.js:12382:10)
      at updateContainer (node_modules/react-test-renderer/cjs/react-test-renderer.development.js:12326:7)
      at process.env.NODE_ENV.exports.create (node_modules/react-test-renderer/cjs/react-test-renderer.development.js:14630:7)
      at hooks/__tests__/useVaultMessages.test.js:19:23
      at process.env.NODE_ENV.exports.act (node_modules/react/cjs/react.development.js:789:22)
      at renderHook (hooks/__tests__/useVaultMessages.test.js:18:6)
      at Object.renderHook (hooks/__tests__/useVaultMessages.test.js:120:24)
      at asyncGeneratorStep (node_modules/@babel/runtime/helpers/asyncToGenerator.js:3:17)
      at _next (node_modules/@babel/runtime/helpers/asyncToGenerator.js:17:9)
      at node_modules/@babel/runtime/helpers/asyncToGenerator.js:22:7
      at Object.<anonymous> (node_modules/@babel/runtime/helpers/asyncToGenerator.js:14:12)

    console.error
      react-test-renderer is deprecated. See https://react.dev/warnings/react-test-renderer

      17 |   let component;
      18 |   act(() => {
    > 19 |     component = create(<TestComponent />);
         |                       ^
      20 |   });
      21 |   return { result, unmount: () => component.unmount() };
      22 | }

      at process.env.NODE_ENV.exports.create (node_modules/react-test-renderer/cjs/react-test-renderer.development.js:14598:17)
      at hooks/__tests__/useVaultMessages.test.js:19:23
      at process.env.NODE_ENV.exports.act (node_modules/react/cjs/react.development.js:789:22)
      at renderHook (hooks/__tests__/useVaultMessages.test.js:18:6)
      at Object.renderHook (hooks/__tests__/useVaultMessages.test.js:159:24)
      at asyncGeneratorStep (node_modules/@babel/runtime/helpers/asyncToGenerator.js:3:17)
      at _next (node_modules/@babel/runtime/helpers/asyncToGenerator.js:17:9)
      at node_modules/@babel/runtime/helpers/asyncToGenerator.js:22:7
      at Object.<anonymous> (node_modules/@babel/runtime/helpers/asyncToGenerator.js:14:12)

    console.error
      The current testing environment is not configured to support act(...)

      17 |   let component;
      18 |   act(() => {
    > 19 |     component = create(<TestComponent />);
         |                       ^
      20 |   });
      21 |   return { result, unmount: () => component.unmount() };
      22 | }

      at isConcurrentActEnvironment (node_modules/react-test-renderer/cjs/react-test-renderer.development.js:10243:17)
      at warnIfUpdatesNotWrappedWithActDEV (node_modules/react-test-renderer/cjs/react-test-renderer.development.js:11798:7)
      at scheduleUpdateOnFiber (node_modules/react-test-renderer/cjs/react-test-renderer.development.js:10326:9)
      at updateContainerImpl (node_modules/react-test-renderer/cjs/react-test-renderer.development.js:12382:10)
      at updateContainer (node_modules/react-test-renderer/cjs/react-test-renderer.development.js:12326:7)
      at process.env.NODE_ENV.exports.create (node_modules/react-test-renderer/cjs/react-test-renderer.development.js:14630:7)
      at hooks/__tests__/useVaultMessages.test.js:19:23
      at process.env.NODE_ENV.exports.act (node_modules/react/cjs/react.development.js:789:22)
      at renderHook (hooks/__tests__/useVaultMessages.test.js:18:6)
      at Object.renderHook (hooks/__tests__/useVaultMessages.test.js:159:24)
      at asyncGeneratorStep (node_modules/@babel/runtime/helpers/asyncToGenerator.js:3:17)
      at _next (node_modules/@babel/runtime/helpers/asyncToGenerator.js:17:9)
      at node_modules/@babel/runtime/helpers/asyncToGenerator.js:22:7
      at Object.<anonymous> (node_modules/@babel/runtime/helpers/asyncToGenerator.js:14:12)

    console.error
      react-test-renderer is deprecated. See https://react.dev/warnings/react-test-renderer

      17 |   let component;
      18 |   act(() => {
    > 19 |     component = create(<TestComponent />);
         |                       ^
      20 |   });
      21 |   return { result, unmount: () => component.unmount() };
      22 | }

      at process.env.NODE_ENV.exports.create (node_modules/react-test-renderer/cjs/react-test-renderer.development.js:14598:17)
      at hooks/__tests__/useVaultMessages.test.js:19:23
      at process.env.NODE_ENV.exports.act (node_modules/react/cjs/react.development.js:789:22)
      at renderHook (hooks/__tests__/useVaultMessages.test.js:18:6)
      at Object.renderHook (hooks/__tests__/useVaultMessages.test.js:192:24)
      at asyncGeneratorStep (node_modules/@babel/runtime/helpers/asyncToGenerator.js:3:17)
      at _next (node_modules/@babel/runtime/helpers/asyncToGenerator.js:17:9)
      at node_modules/@babel/runtime/helpers/asyncToGenerator.js:22:7
      at Object.<anonymous> (node_modules/@babel/runtime/helpers/asyncToGenerator.js:14:12)

    console.error
      The current testing environment is not configured to support act(...)

      17 |   let component;
      18 |   act(() => {
    > 19 |     component = create(<TestComponent />);
         |                       ^
      20 |   });
      21 |   return { result, unmount: () => component.unmount() };
      22 | }

      at isConcurrentActEnvironment (node_modules/react-test-renderer/cjs/react-test-renderer.development.js:10243:17)
      at warnIfUpdatesNotWrappedWithActDEV (node_modules/react-test-renderer/cjs/react-test-renderer.development.js:11798:7)
      at scheduleUpdateOnFiber (node_modules/react-test-renderer/cjs/react-test-renderer.development.js:10326:9)
      at updateContainerImpl (node_modules/react-test-renderer/cjs/react-test-renderer.development.js:12382:10)
      at updateContainer (node_modules/react-test-renderer/cjs/react-test-renderer.development.js:12326:7)
      at process.env.NODE_ENV.exports.create (node_modules/react-test-renderer/cjs/react-test-renderer.development.js:14630:7)
      at hooks/__tests__/useVaultMessages.test.js:19:23
      at process.env.NODE_ENV.exports.act (node_modules/react/cjs/react.development.js:789:22)
      at renderHook (hooks/__tests__/useVaultMessages.test.js:18:6)
      at Object.renderHook (hooks/__tests__/useVaultMessages.test.js:192:24)
      at asyncGeneratorStep (node_modules/@babel/runtime/helpers/asyncToGenerator.js:3:17)
      at _next (node_modules/@babel/runtime/helpers/asyncToGenerator.js:17:9)
      at node_modules/@babel/runtime/helpers/asyncToGenerator.js:22:7
      at Object.<anonymous> (node_modules/@babel/runtime/helpers/asyncToGenerator.js:14:12)

    console.error
      react-test-renderer is deprecated. See https://react.dev/warnings/react-test-renderer

      17 |   let component;
      18 |   act(() => {
    > 19 |     component = create(<TestComponent />);
         |                       ^
      20 |   });
      21 |   return { result, unmount: () => component.unmount() };
      22 | }

      at process.env.NODE_ENV.exports.create (node_modules/react-test-renderer/cjs/react-test-renderer.development.js:14598:17)
      at hooks/__tests__/useVaultMessages.test.js:19:23
      at process.env.NODE_ENV.exports.act (node_modules/react/cjs/react.development.js:789:22)
      at renderHook (hooks/__tests__/useVaultMessages.test.js:18:6)
      at Object.renderHook (hooks/__tests__/useVaultMessages.test.js:225:24)
      at asyncGeneratorStep (node_modules/@babel/runtime/helpers/asyncToGenerator.js:3:17)
      at _next (node_modules/@babel/runtime/helpers/asyncToGenerator.js:17:9)
      at node_modules/@babel/runtime/helpers/asyncToGenerator.js:22:7
      at Object.<anonymous> (node_modules/@babel/runtime/helpers/asyncToGenerator.js:14:12)

    console.error
      The current testing environment is not configured to support act(...)

      17 |   let component;
      18 |   act(() => {
    > 19 |     component = create(<TestComponent />);
         |                       ^
      20 |   });
      21 |   return { result, unmount: () => component.unmount() };
      22 | }

      at isConcurrentActEnvironment (node_modules/react-test-renderer/cjs/react-test-renderer.development.js:10243:17)
      at warnIfUpdatesNotWrappedWithActDEV (node_modules/react-test-renderer/cjs/react-test-renderer.development.js:11798:7)
      at scheduleUpdateOnFiber (node_modules/react-test-renderer/cjs/react-test-renderer.development.js:10326:9)
      at updateContainerImpl (node_modules/react-test-renderer/cjs/react-test-renderer.development.js:12382:10)
      at updateContainer (node_modules/react-test-renderer/cjs/react-test-renderer.development.js:12326:7)
      at process.env.NODE_ENV.exports.create (node_modules/react-test-renderer/cjs/react-test-renderer.development.js:14630:7)
      at hooks/__tests__/useVaultMessages.test.js:19:23
      at process.env.NODE_ENV.exports.act (node_modules/react/cjs/react.development.js:789:22)
      at renderHook (hooks/__tests__/useVaultMessages.test.js:18:6)
      at Object.renderHook (hooks/__tests__/useVaultMessages.test.js:225:24)
      at asyncGeneratorStep (node_modules/@babel/runtime/helpers/asyncToGenerator.js:3:17)
      at _next (node_modules/@babel/runtime/helpers/asyncToGenerator.js:17:9)
      at node_modules/@babel/runtime/helpers/asyncToGenerator.js:22:7
      at Object.<anonymous> (node_modules/@babel/runtime/helpers/asyncToGenerator.js:14:12)

    console.error
      react-test-renderer is deprecated. See https://react.dev/warnings/react-test-renderer

      17 |   let component;
      18 |   act(() => {
    > 19 |     component = create(<TestComponent />);
         |                       ^
      20 |   });
      21 |   return { result, unmount: () => component.unmount() };
      22 | }

      at process.env.NODE_ENV.exports.create (node_modules/react-test-renderer/cjs/react-test-renderer.development.js:14598:17)
      at hooks/__tests__/useVaultMessages.test.js:19:23
      at process.env.NODE_ENV.exports.act (node_modules/react/cjs/react.development.js:789:22)
      at renderHook (hooks/__tests__/useVaultMessages.test.js:18:6)
      at Object.renderHook (hooks/__tests__/useVaultMessages.test.js:284:24)
      at asyncGeneratorStep (node_modules/@babel/runtime/helpers/asyncToGenerator.js:3:17)
      at _next (node_modules/@babel/runtime/helpers/asyncToGenerator.js:17:9)
      at node_modules/@babel/runtime/helpers/asyncToGenerator.js:22:7
      at Object.<anonymous> (node_modules/@babel/runtime/helpers/asyncToGenerator.js:14:12)

    console.error
      The current testing environment is not configured to support act(...)

      17 |   let component;
      18 |   act(() => {
    > 19 |     component = create(<TestComponent />);
         |                       ^
      20 |   });
      21 |   return { result, unmount: () => component.unmount() };
      22 | }

      at isConcurrentActEnvironment (node_modules/react-test-renderer/cjs/react-test-renderer.development.js:10243:17)
      at warnIfUpdatesNotWrappedWithActDEV (node_modules/react-test-renderer/cjs/react-test-renderer.development.js:11798:7)
      at scheduleUpdateOnFiber (node_modules/react-test-renderer/cjs/react-test-renderer.development.js:10326:9)
      at updateContainerImpl (node_modules/react-test-renderer/cjs/react-test-renderer.development.js:12382:10)
      at updateContainer (node_modules/react-test-renderer/cjs/react-test-renderer.development.js:12326:7)
      at process.env.NODE_ENV.exports.create (node_modules/react-test-renderer/cjs/react-test-renderer.development.js:14630:7)
      at hooks/__tests__/useVaultMessages.test.js:19:23
      at process.env.NODE_ENV.exports.act (node_modules/react/cjs/react.development.js:789:22)
      at renderHook (hooks/__tests__/useVaultMessages.test.js:18:6)
      at Object.renderHook (hooks/__tests__/useVaultMessages.test.js:284:24)
      at asyncGeneratorStep (node_modules/@babel/runtime/helpers/asyncToGenerator.js:3:17)
      at _next (node_modules/@babel/runtime/helpers/asyncToGenerator.js:17:9)
      at node_modules/@babel/runtime/helpers/asyncToGenerator.js:22:7
      at Object.<anonymous> (node_modules/@babel/runtime/helpers/asyncToGenerator.js:14:12)

  ● useVaultMessages › should handle CONSOLE_LOG messages

    expect(jest.fn()).toHaveBeenCalledWith(...expected)

    Expected: "[DEBUG] 📱 [WebView Console]", "Test message", "from WebView"
    Received: "[DEBUG] 📱 [WebView Console]", "Test message"

    Number of calls: 1

      77 |     });
      78 |
    > 79 |     expect(consoleSpy).toHaveBeenCalledWith('[DEBUG] 📱 [WebView Console]', 'Test message', 'from WebView');
         |                        ^
      80 |     consoleSpy.mockRestore();
      81 |   });
      82 |

      at Object.toHaveBeenCalledWith (hooks/__tests__/useVaultMessages.test.js:79:24)
      at asyncGeneratorStep (node_modules/@babel/runtime/helpers/asyncToGenerator.js:3:17)
      at _next (node_modules/@babel/runtime/helpers/asyncToGenerator.js:17:9)

FAIL hooks/__tests__/useWalletCalculations.test.js
  ● Console

    console.error
      react-test-renderer is deprecated. See https://react.dev/warnings/react-test-renderer

      19 |   let component;
      20 |   act(() => {
    > 21 |     component = create(<TestComponent hookProps={initialProps} />);
         |                       ^
      22 |   });
      23 |
      24 |   return {

      at process.env.NODE_ENV.exports.create (node_modules/react-test-renderer/cjs/react-test-renderer.development.js:14598:17)
      at hooks/__tests__/useWalletCalculations.test.js:21:23
      at process.env.NODE_ENV.exports.act (node_modules/react/cjs/react.development.js:789:22)
      at renderHook (hooks/__tests__/useWalletCalculations.test.js:20:6)
      at Object.renderHook (hooks/__tests__/useWalletCalculations.test.js:49:26)

    console.error
      The current testing environment is not configured to support act(...)

      19 |   let component;
      20 |   act(() => {
    > 21 |     component = create(<TestComponent hookProps={initialProps} />);
         |                       ^
      22 |   });
      23 |
      24 |   return {

      at isConcurrentActEnvironment (node_modules/react-test-renderer/cjs/react-test-renderer.development.js:10243:17)
      at warnIfUpdatesNotWrappedWithActDEV (node_modules/react-test-renderer/cjs/react-test-renderer.development.js:11798:7)
      at scheduleUpdateOnFiber (node_modules/react-test-renderer/cjs/react-test-renderer.development.js:10326:9)
      at updateContainerImpl (node_modules/react-test-renderer/cjs/react-test-renderer.development.js:12382:10)
      at updateContainer (node_modules/react-test-renderer/cjs/react-test-renderer.development.js:12326:7)
      at process.env.NODE_ENV.exports.create (node_modules/react-test-renderer/cjs/react-test-renderer.development.js:14630:7)
      at hooks/__tests__/useWalletCalculations.test.js:21:23
      at process.env.NODE_ENV.exports.act (node_modules/react/cjs/react.development.js:789:22)
      at renderHook (hooks/__tests__/useWalletCalculations.test.js:20:6)
      at Object.renderHook (hooks/__tests__/useWalletCalculations.test.js:49:26)

    console.error
      react-test-renderer is deprecated. See https://react.dev/warnings/react-test-renderer

      19 |   let component;
      20 |   act(() => {
    > 21 |     component = create(<TestComponent hookProps={initialProps} />);
         |                       ^
      22 |   });
      23 |
      24 |   return {

      at process.env.NODE_ENV.exports.create (node_modules/react-test-renderer/cjs/react-test-renderer.development.js:14598:17)
      at hooks/__tests__/useWalletCalculations.test.js:21:23
      at process.env.NODE_ENV.exports.act (node_modules/react/cjs/react.development.js:789:22)
      at renderHook (hooks/__tests__/useWalletCalculations.test.js:20:6)
      at Object.renderHook (hooks/__tests__/useWalletCalculations.test.js:61:26)

    console.error
      The current testing environment is not configured to support act(...)

      19 |   let component;
      20 |   act(() => {
    > 21 |     component = create(<TestComponent hookProps={initialProps} />);
         |                       ^
      22 |   });
      23 |
      24 |   return {

      at isConcurrentActEnvironment (node_modules/react-test-renderer/cjs/react-test-renderer.development.js:10243:17)
      at warnIfUpdatesNotWrappedWithActDEV (node_modules/react-test-renderer/cjs/react-test-renderer.development.js:11798:7)
      at scheduleUpdateOnFiber (node_modules/react-test-renderer/cjs/react-test-renderer.development.js:10326:9)
      at updateContainerImpl (node_modules/react-test-renderer/cjs/react-test-renderer.development.js:12382:10)
      at updateContainer (node_modules/react-test-renderer/cjs/react-test-renderer.development.js:12326:7)
      at process.env.NODE_ENV.exports.create (node_modules/react-test-renderer/cjs/react-test-renderer.development.js:14630:7)
      at hooks/__tests__/useWalletCalculations.test.js:21:23
      at process.env.NODE_ENV.exports.act (node_modules/react/cjs/react.development.js:789:22)
      at renderHook (hooks/__tests__/useWalletCalculations.test.js:20:6)
      at Object.renderHook (hooks/__tests__/useWalletCalculations.test.js:61:26)

    console.error
      react-test-renderer is deprecated. See https://react.dev/warnings/react-test-renderer

      19 |   let component;
      20 |   act(() => {
    > 21 |     component = create(<TestComponent hookProps={initialProps} />);
         |                       ^
      22 |   });
      23 |
      24 |   return {

      at process.env.NODE_ENV.exports.create (node_modules/react-test-renderer/cjs/react-test-renderer.development.js:14598:17)
      at hooks/__tests__/useWalletCalculations.test.js:21:23
      at process.env.NODE_ENV.exports.act (node_modules/react/cjs/react.development.js:789:22)
      at renderHook (hooks/__tests__/useWalletCalculations.test.js:20:6)
      at Object.renderHook (hooks/__tests__/useWalletCalculations.test.js:74:26)

    console.error
      The current testing environment is not configured to support act(...)

      19 |   let component;
      20 |   act(() => {
    > 21 |     component = create(<TestComponent hookProps={initialProps} />);
         |                       ^
      22 |   });
      23 |
      24 |   return {

      at isConcurrentActEnvironment (node_modules/react-test-renderer/cjs/react-test-renderer.development.js:10243:17)
      at warnIfUpdatesNotWrappedWithActDEV (node_modules/react-test-renderer/cjs/react-test-renderer.development.js:11798:7)
      at scheduleUpdateOnFiber (node_modules/react-test-renderer/cjs/react-test-renderer.development.js:10326:9)
      at updateContainerImpl (node_modules/react-test-renderer/cjs/react-test-renderer.development.js:12382:10)
      at updateContainer (node_modules/react-test-renderer/cjs/react-test-renderer.development.js:12326:7)
      at process.env.NODE_ENV.exports.create (node_modules/react-test-renderer/cjs/react-test-renderer.development.js:14630:7)
      at hooks/__tests__/useWalletCalculations.test.js:21:23
      at process.env.NODE_ENV.exports.act (node_modules/react/cjs/react.development.js:789:22)
      at renderHook (hooks/__tests__/useWalletCalculations.test.js:20:6)
      at Object.renderHook (hooks/__tests__/useWalletCalculations.test.js:74:26)

    console.error
      react-test-renderer is deprecated. See https://react.dev/warnings/react-test-renderer

      19 |   let component;
      20 |   act(() => {
    > 21 |     component = create(<TestComponent hookProps={initialProps} />);
         |                       ^
      22 |   });
      23 |
      24 |   return {

      at process.env.NODE_ENV.exports.create (node_modules/react-test-renderer/cjs/react-test-renderer.development.js:14598:17)
      at hooks/__tests__/useWalletCalculations.test.js:21:23
      at process.env.NODE_ENV.exports.act (node_modules/react/cjs/react.development.js:789:22)
      at renderHook (hooks/__tests__/useWalletCalculations.test.js:20:6)
      at Object.renderHook (hooks/__tests__/useWalletCalculations.test.js:87:26)

    console.error
      The current testing environment is not configured to support act(...)

      19 |   let component;
      20 |   act(() => {
    > 21 |     component = create(<TestComponent hookProps={initialProps} />);
         |                       ^
      22 |   });
      23 |
      24 |   return {

      at isConcurrentActEnvironment (node_modules/react-test-renderer/cjs/react-test-renderer.development.js:10243:17)
      at warnIfUpdatesNotWrappedWithActDEV (node_modules/react-test-renderer/cjs/react-test-renderer.development.js:11798:7)
      at scheduleUpdateOnFiber (node_modules/react-test-renderer/cjs/react-test-renderer.development.js:10326:9)
      at updateContainerImpl (node_modules/react-test-renderer/cjs/react-test-renderer.development.js:12382:10)
      at updateContainer (node_modules/react-test-renderer/cjs/react-test-renderer.development.js:12326:7)
      at process.env.NODE_ENV.exports.create (node_modules/react-test-renderer/cjs/react-test-renderer.development.js:14630:7)
      at hooks/__tests__/useWalletCalculations.test.js:21:23
      at process.env.NODE_ENV.exports.act (node_modules/react/cjs/react.development.js:789:22)
      at renderHook (hooks/__tests__/useWalletCalculations.test.js:20:6)
      at Object.renderHook (hooks/__tests__/useWalletCalculations.test.js:87:26)

    console.error
      react-test-renderer is deprecated. See https://react.dev/warnings/react-test-renderer

      19 |   let component;
      20 |   act(() => {
    > 21 |     component = create(<TestComponent hookProps={initialProps} />);
         |                       ^
      22 |   });
      23 |
      24 |   return {

      at process.env.NODE_ENV.exports.create (node_modules/react-test-renderer/cjs/react-test-renderer.development.js:14598:17)
      at hooks/__tests__/useWalletCalculations.test.js:21:23
      at process.env.NODE_ENV.exports.act (node_modules/react/cjs/react.development.js:789:22)
      at renderHook (hooks/__tests__/useWalletCalculations.test.js:20:6)
      at Object.renderHook (hooks/__tests__/useWalletCalculations.test.js:101:26)

    console.error
      The current testing environment is not configured to support act(...)

      19 |   let component;
      20 |   act(() => {
    > 21 |     component = create(<TestComponent hookProps={initialProps} />);
         |                       ^
      22 |   });
      23 |
      24 |   return {

      at isConcurrentActEnvironment (node_modules/react-test-renderer/cjs/react-test-renderer.development.js:10243:17)
      at warnIfUpdatesNotWrappedWithActDEV (node_modules/react-test-renderer/cjs/react-test-renderer.development.js:11798:7)
      at scheduleUpdateOnFiber (node_modules/react-test-renderer/cjs/react-test-renderer.development.js:10326:9)
      at updateContainerImpl (node_modules/react-test-renderer/cjs/react-test-renderer.development.js:12382:10)
      at updateContainer (node_modules/react-test-renderer/cjs/react-test-renderer.development.js:12326:7)
      at process.env.NODE_ENV.exports.create (node_modules/react-test-renderer/cjs/react-test-renderer.development.js:14630:7)
      at hooks/__tests__/useWalletCalculations.test.js:21:23
      at process.env.NODE_ENV.exports.act (node_modules/react/cjs/react.development.js:789:22)
      at renderHook (hooks/__tests__/useWalletCalculations.test.js:20:6)
      at Object.renderHook (hooks/__tests__/useWalletCalculations.test.js:101:26)

    console.error
      react-test-renderer is deprecated. See https://react.dev/warnings/react-test-renderer

      19 |   let component;
      20 |   act(() => {
    > 21 |     component = create(<TestComponent hookProps={initialProps} />);
         |                       ^
      22 |   });
      23 |
      24 |   return {

      at process.env.NODE_ENV.exports.create (node_modules/react-test-renderer/cjs/react-test-renderer.development.js:14598:17)
      at hooks/__tests__/useWalletCalculations.test.js:21:23
      at process.env.NODE_ENV.exports.act (node_modules/react/cjs/react.development.js:789:22)
      at renderHook (hooks/__tests__/useWalletCalculations.test.js:20:6)
      at Object.renderHook (hooks/__tests__/useWalletCalculations.test.js:113:26)

    console.error
      The current testing environment is not configured to support act(...)

      19 |   let component;
      20 |   act(() => {
    > 21 |     component = create(<TestComponent hookProps={initialProps} />);
         |                       ^
      22 |   });
      23 |
      24 |   return {

      at isConcurrentActEnvironment (node_modules/react-test-renderer/cjs/react-test-renderer.development.js:10243:17)
      at warnIfUpdatesNotWrappedWithActDEV (node_modules/react-test-renderer/cjs/react-test-renderer.development.js:11798:7)
      at scheduleUpdateOnFiber (node_modules/react-test-renderer/cjs/react-test-renderer.development.js:10326:9)
      at updateContainerImpl (node_modules/react-test-renderer/cjs/react-test-renderer.development.js:12382:10)
      at updateContainer (node_modules/react-test-renderer/cjs/react-test-renderer.development.js:12326:7)
      at process.env.NODE_ENV.exports.create (node_modules/react-test-renderer/cjs/react-test-renderer.development.js:14630:7)
      at hooks/__tests__/useWalletCalculations.test.js:21:23
      at process.env.NODE_ENV.exports.act (node_modules/react/cjs/react.development.js:789:22)
      at renderHook (hooks/__tests__/useWalletCalculations.test.js:20:6)
      at Object.renderHook (hooks/__tests__/useWalletCalculations.test.js:113:26)

    console.error
      react-test-renderer is deprecated. See https://react.dev/warnings/react-test-renderer

      19 |   let component;
      20 |   act(() => {
    > 21 |     component = create(<TestComponent hookProps={initialProps} />);
         |                       ^
      22 |   });
      23 |
      24 |   return {

      at process.env.NODE_ENV.exports.create (node_modules/react-test-renderer/cjs/react-test-renderer.development.js:14598:17)
      at hooks/__tests__/useWalletCalculations.test.js:21:23
      at process.env.NODE_ENV.exports.act (node_modules/react/cjs/react.development.js:789:22)
      at renderHook (hooks/__tests__/useWalletCalculations.test.js:20:6)
      at Object.renderHook (hooks/__tests__/useWalletCalculations.test.js:126:26)

    console.error
      The current testing environment is not configured to support act(...)

      19 |   let component;
      20 |   act(() => {
    > 21 |     component = create(<TestComponent hookProps={initialProps} />);
         |                       ^
      22 |   });
      23 |
      24 |   return {

      at isConcurrentActEnvironment (node_modules/react-test-renderer/cjs/react-test-renderer.development.js:10243:17)
      at warnIfUpdatesNotWrappedWithActDEV (node_modules/react-test-renderer/cjs/react-test-renderer.development.js:11798:7)
      at scheduleUpdateOnFiber (node_modules/react-test-renderer/cjs/react-test-renderer.development.js:10326:9)
      at updateContainerImpl (node_modules/react-test-renderer/cjs/react-test-renderer.development.js:12382:10)
      at updateContainer (node_modules/react-test-renderer/cjs/react-test-renderer.development.js:12326:7)
      at process.env.NODE_ENV.exports.create (node_modules/react-test-renderer/cjs/react-test-renderer.development.js:14630:7)
      at hooks/__tests__/useWalletCalculations.test.js:21:23
      at process.env.NODE_ENV.exports.act (node_modules/react/cjs/react.development.js:789:22)
      at renderHook (hooks/__tests__/useWalletCalculations.test.js:20:6)
      at Object.renderHook (hooks/__tests__/useWalletCalculations.test.js:126:26)

    console.error
      react-test-renderer is deprecated. See https://react.dev/warnings/react-test-renderer

      19 |   let component;
      20 |   act(() => {
    > 21 |     component = create(<TestComponent hookProps={initialProps} />);
         |                       ^
      22 |   });
      23 |
      24 |   return {

      at process.env.NODE_ENV.exports.create (node_modules/react-test-renderer/cjs/react-test-renderer.development.js:14598:17)
      at hooks/__tests__/useWalletCalculations.test.js:21:23
      at process.env.NODE_ENV.exports.act (node_modules/react/cjs/react.development.js:789:22)
      at renderHook (hooks/__tests__/useWalletCalculations.test.js:20:6)
      at Object.renderHook (hooks/__tests__/useWalletCalculations.test.js:140:26)

    console.error
      The current testing environment is not configured to support act(...)

      19 |   let component;
      20 |   act(() => {
    > 21 |     component = create(<TestComponent hookProps={initialProps} />);
         |                       ^
      22 |   });
      23 |
      24 |   return {

      at isConcurrentActEnvironment (node_modules/react-test-renderer/cjs/react-test-renderer.development.js:10243:17)
      at warnIfUpdatesNotWrappedWithActDEV (node_modules/react-test-renderer/cjs/react-test-renderer.development.js:11798:7)
      at scheduleUpdateOnFiber (node_modules/react-test-renderer/cjs/react-test-renderer.development.js:10326:9)
      at updateContainerImpl (node_modules/react-test-renderer/cjs/react-test-renderer.development.js:12382:10)
      at updateContainer (node_modules/react-test-renderer/cjs/react-test-renderer.development.js:12326:7)
      at process.env.NODE_ENV.exports.create (node_modules/react-test-renderer/cjs/react-test-renderer.development.js:14630:7)
      at hooks/__tests__/useWalletCalculations.test.js:21:23
      at process.env.NODE_ENV.exports.act (node_modules/react/cjs/react.development.js:789:22)
      at renderHook (hooks/__tests__/useWalletCalculations.test.js:20:6)
      at Object.renderHook (hooks/__tests__/useWalletCalculations.test.js:140:26)

    console.error
      react-test-renderer is deprecated. See https://react.dev/warnings/react-test-renderer

      19 |   let component;
      20 |   act(() => {
    > 21 |     component = create(<TestComponent hookProps={initialProps} />);
         |                       ^
      22 |   });
      23 |
      24 |   return {

      at process.env.NODE_ENV.exports.create (node_modules/react-test-renderer/cjs/react-test-renderer.development.js:14598:17)
      at hooks/__tests__/useWalletCalculations.test.js:21:23
      at process.env.NODE_ENV.exports.act (node_modules/react/cjs/react.development.js:789:22)
      at renderHook (hooks/__tests__/useWalletCalculations.test.js:20:6)
      at Object.renderHook (hooks/__tests__/useWalletCalculations.test.js:156:26)

    console.error
      The current testing environment is not configured to support act(...)

      19 |   let component;
      20 |   act(() => {
    > 21 |     component = create(<TestComponent hookProps={initialProps} />);
         |                       ^
      22 |   });
      23 |
      24 |   return {

      at isConcurrentActEnvironment (node_modules/react-test-renderer/cjs/react-test-renderer.development.js:10243:17)
      at warnIfUpdatesNotWrappedWithActDEV (node_modules/react-test-renderer/cjs/react-test-renderer.development.js:11798:7)
      at scheduleUpdateOnFiber (node_modules/react-test-renderer/cjs/react-test-renderer.development.js:10326:9)
      at updateContainerImpl (node_modules/react-test-renderer/cjs/react-test-renderer.development.js:12382:10)
      at updateContainer (node_modules/react-test-renderer/cjs/react-test-renderer.development.js:12326:7)
      at process.env.NODE_ENV.exports.create (node_modules/react-test-renderer/cjs/react-test-renderer.development.js:14630:7)
      at hooks/__tests__/useWalletCalculations.test.js:21:23
      at process.env.NODE_ENV.exports.act (node_modules/react/cjs/react.development.js:789:22)
      at renderHook (hooks/__tests__/useWalletCalculations.test.js:20:6)
      at Object.renderHook (hooks/__tests__/useWalletCalculations.test.js:156:26)

    console.error
      react-test-renderer is deprecated. See https://react.dev/warnings/react-test-renderer

      19 |   let component;
      20 |   act(() => {
    > 21 |     component = create(<TestComponent hookProps={initialProps} />);
         |                       ^
      22 |   });
      23 |
      24 |   return {

      at process.env.NODE_ENV.exports.create (node_modules/react-test-renderer/cjs/react-test-renderer.development.js:14598:17)
      at hooks/__tests__/useWalletCalculations.test.js:21:23
      at process.env.NODE_ENV.exports.act (node_modules/react/cjs/react.development.js:789:22)
      at renderHook (hooks/__tests__/useWalletCalculations.test.js:20:6)
      at Object.renderHook (hooks/__tests__/useWalletCalculations.test.js:169:26)

    console.error
      The current testing environment is not configured to support act(...)

      19 |   let component;
      20 |   act(() => {
    > 21 |     component = create(<TestComponent hookProps={initialProps} />);
         |                       ^
      22 |   });
      23 |
      24 |   return {

      at isConcurrentActEnvironment (node_modules/react-test-renderer/cjs/react-test-renderer.development.js:10243:17)
      at warnIfUpdatesNotWrappedWithActDEV (node_modules/react-test-renderer/cjs/react-test-renderer.development.js:11798:7)
      at scheduleUpdateOnFiber (node_modules/react-test-renderer/cjs/react-test-renderer.development.js:10326:9)
      at updateContainerImpl (node_modules/react-test-renderer/cjs/react-test-renderer.development.js:12382:10)
      at updateContainer (node_modules/react-test-renderer/cjs/react-test-renderer.development.js:12326:7)
      at process.env.NODE_ENV.exports.create (node_modules/react-test-renderer/cjs/react-test-renderer.development.js:14630:7)
      at hooks/__tests__/useWalletCalculations.test.js:21:23
      at process.env.NODE_ENV.exports.act (node_modules/react/cjs/react.development.js:789:22)
      at renderHook (hooks/__tests__/useWalletCalculations.test.js:20:6)
      at Object.renderHook (hooks/__tests__/useWalletCalculations.test.js:169:26)

    console.error
      react-test-renderer is deprecated. See https://react.dev/warnings/react-test-renderer

      19 |   let component;
      20 |   act(() => {
    > 21 |     component = create(<TestComponent hookProps={initialProps} />);
         |                       ^
      22 |   });
      23 |
      24 |   return {

      at process.env.NODE_ENV.exports.create (node_modules/react-test-renderer/cjs/react-test-renderer.development.js:14598:17)
      at hooks/__tests__/useWalletCalculations.test.js:21:23
      at process.env.NODE_ENV.exports.act (node_modules/react/cjs/react.development.js:789:22)
      at renderHook (hooks/__tests__/useWalletCalculations.test.js:20:6)
      at Object.renderHook (hooks/__tests__/useWalletCalculations.test.js:191:26)

    console.error
      The current testing environment is not configured to support act(...)

      19 |   let component;
      20 |   act(() => {
    > 21 |     component = create(<TestComponent hookProps={initialProps} />);
         |                       ^
      22 |   });
      23 |
      24 |   return {

      at isConcurrentActEnvironment (node_modules/react-test-renderer/cjs/react-test-renderer.development.js:10243:17)
      at warnIfUpdatesNotWrappedWithActDEV (node_modules/react-test-renderer/cjs/react-test-renderer.development.js:11798:7)
      at scheduleUpdateOnFiber (node_modules/react-test-renderer/cjs/react-test-renderer.development.js:10326:9)
      at updateContainerImpl (node_modules/react-test-renderer/cjs/react-test-renderer.development.js:12382:10)
      at updateContainer (node_modules/react-test-renderer/cjs/react-test-renderer.development.js:12326:7)
      at process.env.NODE_ENV.exports.create (node_modules/react-test-renderer/cjs/react-test-renderer.development.js:14630:7)
      at hooks/__tests__/useWalletCalculations.test.js:21:23
      at process.env.NODE_ENV.exports.act (node_modules/react/cjs/react.development.js:789:22)
      at renderHook (hooks/__tests__/useWalletCalculations.test.js:20:6)
      at Object.renderHook (hooks/__tests__/useWalletCalculations.test.js:191:26)

    console.error
      react-test-renderer is deprecated. See https://react.dev/warnings/react-test-renderer

      19 |   let component;
      20 |   act(() => {
    > 21 |     component = create(<TestComponent hookProps={initialProps} />);
         |                       ^
      22 |   });
      23 |
      24 |   return {

      at process.env.NODE_ENV.exports.create (node_modules/react-test-renderer/cjs/react-test-renderer.development.js:14598:17)
      at hooks/__tests__/useWalletCalculations.test.js:21:23
      at process.env.NODE_ENV.exports.act (node_modules/react/cjs/react.development.js:789:22)
      at renderHook (hooks/__tests__/useWalletCalculations.test.js:20:6)
      at Object.renderHook (hooks/__tests__/useWalletCalculations.test.js:207:26)

    console.error
      The current testing environment is not configured to support act(...)

      19 |   let component;
      20 |   act(() => {
    > 21 |     component = create(<TestComponent hookProps={initialProps} />);
         |                       ^
      22 |   });
      23 |
      24 |   return {

      at isConcurrentActEnvironment (node_modules/react-test-renderer/cjs/react-test-renderer.development.js:10243:17)
      at warnIfUpdatesNotWrappedWithActDEV (node_modules/react-test-renderer/cjs/react-test-renderer.development.js:11798:7)
      at scheduleUpdateOnFiber (node_modules/react-test-renderer/cjs/react-test-renderer.development.js:10326:9)
      at updateContainerImpl (node_modules/react-test-renderer/cjs/react-test-renderer.development.js:12382:10)
      at updateContainer (node_modules/react-test-renderer/cjs/react-test-renderer.development.js:12326:7)
      at process.env.NODE_ENV.exports.create (node_modules/react-test-renderer/cjs/react-test-renderer.development.js:14630:7)
      at hooks/__tests__/useWalletCalculations.test.js:21:23
      at process.env.NODE_ENV.exports.act (node_modules/react/cjs/react.development.js:789:22)
      at renderHook (hooks/__tests__/useWalletCalculations.test.js:20:6)
      at Object.renderHook (hooks/__tests__/useWalletCalculations.test.js:207:26)

    console.error
      react-test-renderer is deprecated. See https://react.dev/warnings/react-test-renderer

      19 |   let component;
      20 |   act(() => {
    > 21 |     component = create(<TestComponent hookProps={initialProps} />);
         |                       ^
      22 |   });
      23 |
      24 |   return {

      at process.env.NODE_ENV.exports.create (node_modules/react-test-renderer/cjs/react-test-renderer.development.js:14598:17)
      at hooks/__tests__/useWalletCalculations.test.js:21:23
      at process.env.NODE_ENV.exports.act (node_modules/react/cjs/react.development.js:789:22)
      at renderHook (hooks/__tests__/useWalletCalculations.test.js:20:6)
      at Object.renderHook (hooks/__tests__/useWalletCalculations.test.js:220:26)

    console.error
      The current testing environment is not configured to support act(...)

      19 |   let component;
      20 |   act(() => {
    > 21 |     component = create(<TestComponent hookProps={initialProps} />);
         |                       ^
      22 |   });
      23 |
      24 |   return {

      at isConcurrentActEnvironment (node_modules/react-test-renderer/cjs/react-test-renderer.development.js:10243:17)
      at warnIfUpdatesNotWrappedWithActDEV (node_modules/react-test-renderer/cjs/react-test-renderer.development.js:11798:7)
      at scheduleUpdateOnFiber (node_modules/react-test-renderer/cjs/react-test-renderer.development.js:10326:9)
      at updateContainerImpl (node_modules/react-test-renderer/cjs/react-test-renderer.development.js:12382:10)
      at updateContainer (node_modules/react-test-renderer/cjs/react-test-renderer.development.js:12326:7)
      at process.env.NODE_ENV.exports.create (node_modules/react-test-renderer/cjs/react-test-renderer.development.js:14630:7)
      at hooks/__tests__/useWalletCalculations.test.js:21:23
      at process.env.NODE_ENV.exports.act (node_modules/react/cjs/react.development.js:789:22)
      at renderHook (hooks/__tests__/useWalletCalculations.test.js:20:6)
      at Object.renderHook (hooks/__tests__/useWalletCalculations.test.js:220:26)

    console.error
      react-test-renderer is deprecated. See https://react.dev/warnings/react-test-renderer

      19 |   let component;
      20 |   act(() => {
    > 21 |     component = create(<TestComponent hookProps={initialProps} />);
         |                       ^
      22 |   });
      23 |
      24 |   return {

      at process.env.NODE_ENV.exports.create (node_modules/react-test-renderer/cjs/react-test-renderer.development.js:14598:17)
      at hooks/__tests__/useWalletCalculations.test.js:21:23
      at process.env.NODE_ENV.exports.act (node_modules/react/cjs/react.development.js:789:22)
      at renderHook (hooks/__tests__/useWalletCalculations.test.js:20:6)
      at Object.renderHook (hooks/__tests__/useWalletCalculations.test.js:235:26)

    console.error
      The current testing environment is not configured to support act(...)

      19 |   let component;
      20 |   act(() => {
    > 21 |     component = create(<TestComponent hookProps={initialProps} />);
         |                       ^
      22 |   });
      23 |
      24 |   return {

      at isConcurrentActEnvironment (node_modules/react-test-renderer/cjs/react-test-renderer.development.js:10243:17)
      at warnIfUpdatesNotWrappedWithActDEV (node_modules/react-test-renderer/cjs/react-test-renderer.development.js:11798:7)
      at scheduleUpdateOnFiber (node_modules/react-test-renderer/cjs/react-test-renderer.development.js:10326:9)
      at updateContainerImpl (node_modules/react-test-renderer/cjs/react-test-renderer.development.js:12382:10)
      at updateContainer (node_modules/react-test-renderer/cjs/react-test-renderer.development.js:12326:7)
      at process.env.NODE_ENV.exports.create (node_modules/react-test-renderer/cjs/react-test-renderer.development.js:14630:7)
      at hooks/__tests__/useWalletCalculations.test.js:21:23
      at process.env.NODE_ENV.exports.act (node_modules/react/cjs/react.development.js:789:22)
      at renderHook (hooks/__tests__/useWalletCalculations.test.js:20:6)
      at Object.renderHook (hooks/__tests__/useWalletCalculations.test.js:235:26)

    console.error
      react-test-renderer is deprecated. See https://react.dev/warnings/react-test-renderer

      19 |   let component;
      20 |   act(() => {
    > 21 |     component = create(<TestComponent hookProps={initialProps} />);
         |                       ^
      22 |   });
      23 |
      24 |   return {

      at process.env.NODE_ENV.exports.create (node_modules/react-test-renderer/cjs/react-test-renderer.development.js:14598:17)
      at hooks/__tests__/useWalletCalculations.test.js:21:23
      at process.env.NODE_ENV.exports.act (node_modules/react/cjs/react.development.js:789:22)
      at renderHook (hooks/__tests__/useWalletCalculations.test.js:20:6)
      at Object.renderHook (hooks/__tests__/useWalletCalculations.test.js:258:26)

    console.error
      The current testing environment is not configured to support act(...)

      19 |   let component;
      20 |   act(() => {
    > 21 |     component = create(<TestComponent hookProps={initialProps} />);
         |                       ^
      22 |   });
      23 |
      24 |   return {

      at isConcurrentActEnvironment (node_modules/react-test-renderer/cjs/react-test-renderer.development.js:10243:17)
      at warnIfUpdatesNotWrappedWithActDEV (node_modules/react-test-renderer/cjs/react-test-renderer.development.js:11798:7)
      at scheduleUpdateOnFiber (node_modules/react-test-renderer/cjs/react-test-renderer.development.js:10326:9)
      at updateContainerImpl (node_modules/react-test-renderer/cjs/react-test-renderer.development.js:12382:10)
      at updateContainer (node_modules/react-test-renderer/cjs/react-test-renderer.development.js:12326:7)
      at process.env.NODE_ENV.exports.create (node_modules/react-test-renderer/cjs/react-test-renderer.development.js:14630:7)
      at hooks/__tests__/useWalletCalculations.test.js:21:23
      at process.env.NODE_ENV.exports.act (node_modules/react/cjs/react.development.js:789:22)
      at renderHook (hooks/__tests__/useWalletCalculations.test.js:20:6)
      at Object.renderHook (hooks/__tests__/useWalletCalculations.test.js:258:26)

    console.error
      react-test-renderer is deprecated. See https://react.dev/warnings/react-test-renderer

      19 |   let component;
      20 |   act(() => {
    > 21 |     component = create(<TestComponent hookProps={initialProps} />);
         |                       ^
      22 |   });
      23 |
      24 |   return {

      at process.env.NODE_ENV.exports.create (node_modules/react-test-renderer/cjs/react-test-renderer.development.js:14598:17)
      at hooks/__tests__/useWalletCalculations.test.js:21:23
      at process.env.NODE_ENV.exports.act (node_modules/react/cjs/react.development.js:789:22)
      at renderHook (hooks/__tests__/useWalletCalculations.test.js:20:6)
      at Object.renderHook (hooks/__tests__/useWalletCalculations.test.js:281:26)

    console.error
      The current testing environment is not configured to support act(...)

      19 |   let component;
      20 |   act(() => {
    > 21 |     component = create(<TestComponent hookProps={initialProps} />);
         |                       ^
      22 |   });
      23 |
      24 |   return {

      at isConcurrentActEnvironment (node_modules/react-test-renderer/cjs/react-test-renderer.development.js:10243:17)
      at warnIfUpdatesNotWrappedWithActDEV (node_modules/react-test-renderer/cjs/react-test-renderer.development.js:11798:7)
      at scheduleUpdateOnFiber (node_modules/react-test-renderer/cjs/react-test-renderer.development.js:10326:9)
      at updateContainerImpl (node_modules/react-test-renderer/cjs/react-test-renderer.development.js:12382:10)
      at updateContainer (node_modules/react-test-renderer/cjs/react-test-renderer.development.js:12326:7)
      at process.env.NODE_ENV.exports.create (node_modules/react-test-renderer/cjs/react-test-renderer.development.js:14630:7)
      at hooks/__tests__/useWalletCalculations.test.js:21:23
      at process.env.NODE_ENV.exports.act (node_modules/react/cjs/react.development.js:789:22)
      at renderHook (hooks/__tests__/useWalletCalculations.test.js:20:6)
      at Object.renderHook (hooks/__tests__/useWalletCalculations.test.js:281:26)

    console.error
      react-test-renderer is deprecated. See https://react.dev/warnings/react-test-renderer

      19 |   let component;
      20 |   act(() => {
    > 21 |     component = create(<TestComponent hookProps={initialProps} />);
         |                       ^
      22 |   });
      23 |
      24 |   return {

      at process.env.NODE_ENV.exports.create (node_modules/react-test-renderer/cjs/react-test-renderer.development.js:14598:17)
      at hooks/__tests__/useWalletCalculations.test.js:21:23
      at process.env.NODE_ENV.exports.act (node_modules/react/cjs/react.development.js:789:22)
      at renderHook (hooks/__tests__/useWalletCalculations.test.js:20:6)
      at Object.renderHook (hooks/__tests__/useWalletCalculations.test.js:304:26)

    console.error
      The current testing environment is not configured to support act(...)

      19 |   let component;
      20 |   act(() => {
    > 21 |     component = create(<TestComponent hookProps={initialProps} />);
         |                       ^
      22 |   });
      23 |
      24 |   return {

      at isConcurrentActEnvironment (node_modules/react-test-renderer/cjs/react-test-renderer.development.js:10243:17)
      at warnIfUpdatesNotWrappedWithActDEV (node_modules/react-test-renderer/cjs/react-test-renderer.development.js:11798:7)
      at scheduleUpdateOnFiber (node_modules/react-test-renderer/cjs/react-test-renderer.development.js:10326:9)
      at updateContainerImpl (node_modules/react-test-renderer/cjs/react-test-renderer.development.js:12382:10)
      at updateContainer (node_modules/react-test-renderer/cjs/react-test-renderer.development.js:12326:7)
      at process.env.NODE_ENV.exports.create (node_modules/react-test-renderer/cjs/react-test-renderer.development.js:14630:7)
      at hooks/__tests__/useWalletCalculations.test.js:21:23
      at process.env.NODE_ENV.exports.act (node_modules/react/cjs/react.development.js:789:22)
      at renderHook (hooks/__tests__/useWalletCalculations.test.js:20:6)
      at Object.renderHook (hooks/__tests__/useWalletCalculations.test.js:304:26)

    console.error
      react-test-renderer is deprecated. See https://react.dev/warnings/react-test-renderer

      19 |   let component;
      20 |   act(() => {
    > 21 |     component = create(<TestComponent hookProps={initialProps} />);
         |                       ^
      22 |   });
      23 |
      24 |   return {

      at process.env.NODE_ENV.exports.create (node_modules/react-test-renderer/cjs/react-test-renderer.development.js:14598:17)
      at hooks/__tests__/useWalletCalculations.test.js:21:23
      at process.env.NODE_ENV.exports.act (node_modules/react/cjs/react.development.js:789:22)
      at renderHook (hooks/__tests__/useWalletCalculations.test.js:20:6)
      at Object.renderHook (hooks/__tests__/useWalletCalculations.test.js:319:26)

    console.error
      The current testing environment is not configured to support act(...)

      19 |   let component;
      20 |   act(() => {
    > 21 |     component = create(<TestComponent hookProps={initialProps} />);
         |                       ^
      22 |   });
      23 |
      24 |   return {

      at isConcurrentActEnvironment (node_modules/react-test-renderer/cjs/react-test-renderer.development.js:10243:17)
      at warnIfUpdatesNotWrappedWithActDEV (node_modules/react-test-renderer/cjs/react-test-renderer.development.js:11798:7)
      at scheduleUpdateOnFiber (node_modules/react-test-renderer/cjs/react-test-renderer.development.js:10326:9)
      at updateContainerImpl (node_modules/react-test-renderer/cjs/react-test-renderer.development.js:12382:10)
      at updateContainer (node_modules/react-test-renderer/cjs/react-test-renderer.development.js:12326:7)
      at process.env.NODE_ENV.exports.create (node_modules/react-test-renderer/cjs/react-test-renderer.development.js:14630:7)
      at hooks/__tests__/useWalletCalculations.test.js:21:23
      at process.env.NODE_ENV.exports.act (node_modules/react/cjs/react.development.js:789:22)
      at renderHook (hooks/__tests__/useWalletCalculations.test.js:20:6)
      at Object.renderHook (hooks/__tests__/useWalletCalculations.test.js:319:26)

    console.error
      react-test-renderer is deprecated. See https://react.dev/warnings/react-test-renderer

      19 |   let component;
      20 |   act(() => {
    > 21 |     component = create(<TestComponent hookProps={initialProps} />);
         |                       ^
      22 |   });
      23 |
      24 |   return {

      at process.env.NODE_ENV.exports.create (node_modules/react-test-renderer/cjs/react-test-renderer.development.js:14598:17)
      at hooks/__tests__/useWalletCalculations.test.js:21:23
      at process.env.NODE_ENV.exports.act (node_modules/react/cjs/react.development.js:789:22)
      at renderHook (hooks/__tests__/useWalletCalculations.test.js:20:6)
      at Object.renderHook (hooks/__tests__/useWalletCalculations.test.js:332:26)

    console.error
      The current testing environment is not configured to support act(...)

      19 |   let component;
      20 |   act(() => {
    > 21 |     component = create(<TestComponent hookProps={initialProps} />);
         |                       ^
      22 |   });
      23 |
      24 |   return {

      at isConcurrentActEnvironment (node_modules/react-test-renderer/cjs/react-test-renderer.development.js:10243:17)
      at warnIfUpdatesNotWrappedWithActDEV (node_modules/react-test-renderer/cjs/react-test-renderer.development.js:11798:7)
      at scheduleUpdateOnFiber (node_modules/react-test-renderer/cjs/react-test-renderer.development.js:10326:9)
      at updateContainerImpl (node_modules/react-test-renderer/cjs/react-test-renderer.development.js:12382:10)
      at updateContainer (node_modules/react-test-renderer/cjs/react-test-renderer.development.js:12326:7)
      at process.env.NODE_ENV.exports.create (node_modules/react-test-renderer/cjs/react-test-renderer.development.js:14630:7)
      at hooks/__tests__/useWalletCalculations.test.js:21:23
      at process.env.NODE_ENV.exports.act (node_modules/react/cjs/react.development.js:789:22)
      at renderHook (hooks/__tests__/useWalletCalculations.test.js:20:6)
      at Object.renderHook (hooks/__tests__/useWalletCalculations.test.js:332:26)

    console.error
      react-test-renderer is deprecated. See https://react.dev/warnings/react-test-renderer

      19 |   let component;
      20 |   act(() => {
    > 21 |     component = create(<TestComponent hookProps={initialProps} />);
         |                       ^
      22 |   });
      23 |
      24 |   return {

      at process.env.NODE_ENV.exports.create (node_modules/react-test-renderer/cjs/react-test-renderer.development.js:14598:17)
      at hooks/__tests__/useWalletCalculations.test.js:21:23
      at process.env.NODE_ENV.exports.act (node_modules/react/cjs/react.development.js:789:22)
      at renderHook (hooks/__tests__/useWalletCalculations.test.js:20:6)
      at Object.renderHook (hooks/__tests__/useWalletCalculations.test.js:344:26)

    console.error
      The current testing environment is not configured to support act(...)

      19 |   let component;
      20 |   act(() => {
    > 21 |     component = create(<TestComponent hookProps={initialProps} />);
         |                       ^
      22 |   });
      23 |
      24 |   return {

      at isConcurrentActEnvironment (node_modules/react-test-renderer/cjs/react-test-renderer.development.js:10243:17)
      at warnIfUpdatesNotWrappedWithActDEV (node_modules/react-test-renderer/cjs/react-test-renderer.development.js:11798:7)
      at scheduleUpdateOnFiber (node_modules/react-test-renderer/cjs/react-test-renderer.development.js:10326:9)
      at updateContainerImpl (node_modules/react-test-renderer/cjs/react-test-renderer.development.js:12382:10)
      at updateContainer (node_modules/react-test-renderer/cjs/react-test-renderer.development.js:12326:7)
      at process.env.NODE_ENV.exports.create (node_modules/react-test-renderer/cjs/react-test-renderer.development.js:14630:7)
      at hooks/__tests__/useWalletCalculations.test.js:21:23
      at process.env.NODE_ENV.exports.act (node_modules/react/cjs/react.development.js:789:22)
      at renderHook (hooks/__tests__/useWalletCalculations.test.js:20:6)
      at Object.renderHook (hooks/__tests__/useWalletCalculations.test.js:344:26)

    console.error
      react-test-renderer is deprecated. See https://react.dev/warnings/react-test-renderer

      19 |   let component;
      20 |   act(() => {
    > 21 |     component = create(<TestComponent hookProps={initialProps} />);
         |                       ^
      22 |   });
      23 |
      24 |   return {

      at process.env.NODE_ENV.exports.create (node_modules/react-test-renderer/cjs/react-test-renderer.development.js:14598:17)
      at hooks/__tests__/useWalletCalculations.test.js:21:23
      at process.env.NODE_ENV.exports.act (node_modules/react/cjs/react.development.js:789:22)
      at renderHook (hooks/__tests__/useWalletCalculations.test.js:20:6)
      at Object.renderHook (hooks/__tests__/useWalletCalculations.test.js:358:26)

    console.error
      The current testing environment is not configured to support act(...)

      19 |   let component;
      20 |   act(() => {
    > 21 |     component = create(<TestComponent hookProps={initialProps} />);
         |                       ^
      22 |   });
      23 |
      24 |   return {

      at isConcurrentActEnvironment (node_modules/react-test-renderer/cjs/react-test-renderer.development.js:10243:17)
      at warnIfUpdatesNotWrappedWithActDEV (node_modules/react-test-renderer/cjs/react-test-renderer.development.js:11798:7)
      at scheduleUpdateOnFiber (node_modules/react-test-renderer/cjs/react-test-renderer.development.js:10326:9)
      at updateContainerImpl (node_modules/react-test-renderer/cjs/react-test-renderer.development.js:12382:10)
      at updateContainer (node_modules/react-test-renderer/cjs/react-test-renderer.development.js:12326:7)
      at process.env.NODE_ENV.exports.create (node_modules/react-test-renderer/cjs/react-test-renderer.development.js:14630:7)
      at hooks/__tests__/useWalletCalculations.test.js:21:23
      at process.env.NODE_ENV.exports.act (node_modules/react/cjs/react.development.js:789:22)
      at renderHook (hooks/__tests__/useWalletCalculations.test.js:20:6)
      at Object.renderHook (hooks/__tests__/useWalletCalculations.test.js:358:26)

    console.error
      react-test-renderer is deprecated. See https://react.dev/warnings/react-test-renderer

      19 |   let component;
      20 |   act(() => {
    > 21 |     component = create(<TestComponent hookProps={initialProps} />);
         |                       ^
      22 |   });
      23 |
      24 |   return {

      at process.env.NODE_ENV.exports.create (node_modules/react-test-renderer/cjs/react-test-renderer.development.js:14598:17)
      at hooks/__tests__/useWalletCalculations.test.js:21:23
      at process.env.NODE_ENV.exports.act (node_modules/react/cjs/react.development.js:789:22)
      at renderHook (hooks/__tests__/useWalletCalculations.test.js:20:6)
      at Object.renderHook (hooks/__tests__/useWalletCalculations.test.js:371:26)

    console.error
      The current testing environment is not configured to support act(...)

      19 |   let component;
      20 |   act(() => {
    > 21 |     component = create(<TestComponent hookProps={initialProps} />);
         |                       ^
      22 |   });
      23 |
      24 |   return {

      at isConcurrentActEnvironment (node_modules/react-test-renderer/cjs/react-test-renderer.development.js:10243:17)
      at warnIfUpdatesNotWrappedWithActDEV (node_modules/react-test-renderer/cjs/react-test-renderer.development.js:11798:7)
      at scheduleUpdateOnFiber (node_modules/react-test-renderer/cjs/react-test-renderer.development.js:10326:9)
      at updateContainerImpl (node_modules/react-test-renderer/cjs/react-test-renderer.development.js:12382:10)
      at updateContainer (node_modules/react-test-renderer/cjs/react-test-renderer.development.js:12326:7)
      at process.env.NODE_ENV.exports.create (node_modules/react-test-renderer/cjs/react-test-renderer.development.js:14630:7)
      at hooks/__tests__/useWalletCalculations.test.js:21:23
      at process.env.NODE_ENV.exports.act (node_modules/react/cjs/react.development.js:789:22)
      at renderHook (hooks/__tests__/useWalletCalculations.test.js:20:6)
      at Object.renderHook (hooks/__tests__/useWalletCalculations.test.js:371:26)

    console.error
      react-test-renderer is deprecated. See https://react.dev/warnings/react-test-renderer

      19 |   let component;
      20 |   act(() => {
    > 21 |     component = create(<TestComponent hookProps={initialProps} />);
         |                       ^
      22 |   });
      23 |
      24 |   return {

      at process.env.NODE_ENV.exports.create (node_modules/react-test-renderer/cjs/react-test-renderer.development.js:14598:17)
      at hooks/__tests__/useWalletCalculations.test.js:21:23
      at process.env.NODE_ENV.exports.act (node_modules/react/cjs/react.development.js:789:22)
      at renderHook (hooks/__tests__/useWalletCalculations.test.js:20:6)
      at Object.renderHook (hooks/__tests__/useWalletCalculations.test.js:386:26)

    console.error
      The current testing environment is not configured to support act(...)

      19 |   let component;
      20 |   act(() => {
    > 21 |     component = create(<TestComponent hookProps={initialProps} />);
         |                       ^
      22 |   });
      23 |
      24 |   return {

      at isConcurrentActEnvironment (node_modules/react-test-renderer/cjs/react-test-renderer.development.js:10243:17)
      at warnIfUpdatesNotWrappedWithActDEV (node_modules/react-test-renderer/cjs/react-test-renderer.development.js:11798:7)
      at scheduleUpdateOnFiber (node_modules/react-test-renderer/cjs/react-test-renderer.development.js:10326:9)
      at updateContainerImpl (node_modules/react-test-renderer/cjs/react-test-renderer.development.js:12382:10)
      at updateContainer (node_modules/react-test-renderer/cjs/react-test-renderer.development.js:12326:7)
      at process.env.NODE_ENV.exports.create (node_modules/react-test-renderer/cjs/react-test-renderer.development.js:14630:7)
      at hooks/__tests__/useWalletCalculations.test.js:21:23
      at process.env.NODE_ENV.exports.act (node_modules/react/cjs/react.development.js:789:22)
      at renderHook (hooks/__tests__/useWalletCalculations.test.js:20:6)
      at Object.renderHook (hooks/__tests__/useWalletCalculations.test.js:386:26)

    console.error
      react-test-renderer is deprecated. See https://react.dev/warnings/react-test-renderer

      19 |   let component;
      20 |   act(() => {
    > 21 |     component = create(<TestComponent hookProps={initialProps} />);
         |                       ^
      22 |   });
      23 |
      24 |   return {

      at process.env.NODE_ENV.exports.create (node_modules/react-test-renderer/cjs/react-test-renderer.development.js:14598:17)
      at hooks/__tests__/useWalletCalculations.test.js:21:23
      at process.env.NODE_ENV.exports.act (node_modules/react/cjs/react.development.js:789:22)
      at renderHook (hooks/__tests__/useWalletCalculations.test.js:20:6)
      at Object.renderHook (hooks/__tests__/useWalletCalculations.test.js:399:26)

    console.error
      The current testing environment is not configured to support act(...)

      19 |   let component;
      20 |   act(() => {
    > 21 |     component = create(<TestComponent hookProps={initialProps} />);
         |                       ^
      22 |   });
      23 |
      24 |   return {

      at isConcurrentActEnvironment (node_modules/react-test-renderer/cjs/react-test-renderer.development.js:10243:17)
      at warnIfUpdatesNotWrappedWithActDEV (node_modules/react-test-renderer/cjs/react-test-renderer.development.js:11798:7)
      at scheduleUpdateOnFiber (node_modules/react-test-renderer/cjs/react-test-renderer.development.js:10326:9)
      at updateContainerImpl (node_modules/react-test-renderer/cjs/react-test-renderer.development.js:12382:10)
      at updateContainer (node_modules/react-test-renderer/cjs/react-test-renderer.development.js:12326:7)
      at process.env.NODE_ENV.exports.create (node_modules/react-test-renderer/cjs/react-test-renderer.development.js:14630:7)
      at hooks/__tests__/useWalletCalculations.test.js:21:23
      at process.env.NODE_ENV.exports.act (node_modules/react/cjs/react.development.js:789:22)
      at renderHook (hooks/__tests__/useWalletCalculations.test.js:20:6)
      at Object.renderHook (hooks/__tests__/useWalletCalculations.test.js:399:26)

    console.error
      react-test-renderer is deprecated. See https://react.dev/warnings/react-test-renderer

      19 |   let component;
      20 |   act(() => {
    > 21 |     component = create(<TestComponent hookProps={initialProps} />);
         |                       ^
      22 |   });
      23 |
      24 |   return {

      at process.env.NODE_ENV.exports.create (node_modules/react-test-renderer/cjs/react-test-renderer.development.js:14598:17)
      at hooks/__tests__/useWalletCalculations.test.js:21:23
      at process.env.NODE_ENV.exports.act (node_modules/react/cjs/react.development.js:789:22)
      at renderHook (hooks/__tests__/useWalletCalculations.test.js:20:6)
      at Object.renderHook (hooks/__tests__/useWalletCalculations.test.js:414:26)

    console.error
      The current testing environment is not configured to support act(...)

      19 |   let component;
      20 |   act(() => {
    > 21 |     component = create(<TestComponent hookProps={initialProps} />);
         |                       ^
      22 |   });
      23 |
      24 |   return {

      at isConcurrentActEnvironment (node_modules/react-test-renderer/cjs/react-test-renderer.development.js:10243:17)
      at warnIfUpdatesNotWrappedWithActDEV (node_modules/react-test-renderer/cjs/react-test-renderer.development.js:11798:7)
      at scheduleUpdateOnFiber (node_modules/react-test-renderer/cjs/react-test-renderer.development.js:10326:9)
      at updateContainerImpl (node_modules/react-test-renderer/cjs/react-test-renderer.development.js:12382:10)
      at updateContainer (node_modules/react-test-renderer/cjs/react-test-renderer.development.js:12326:7)
      at process.env.NODE_ENV.exports.create (node_modules/react-test-renderer/cjs/react-test-renderer.development.js:14630:7)
      at hooks/__tests__/useWalletCalculations.test.js:21:23
      at process.env.NODE_ENV.exports.act (node_modules/react/cjs/react.development.js:789:22)
      at renderHook (hooks/__tests__/useWalletCalculations.test.js:20:6)
      at Object.renderHook (hooks/__tests__/useWalletCalculations.test.js:414:26)

    console.error
      react-test-renderer is deprecated. See https://react.dev/warnings/react-test-renderer

      19 |   let component;
      20 |   act(() => {
    > 21 |     component = create(<TestComponent hookProps={initialProps} />);
         |                       ^
      22 |   });
      23 |
      24 |   return {

      at process.env.NODE_ENV.exports.create (node_modules/react-test-renderer/cjs/react-test-renderer.development.js:14598:17)
      at hooks/__tests__/useWalletCalculations.test.js:21:23
      at process.env.NODE_ENV.exports.act (node_modules/react/cjs/react.development.js:789:22)
      at renderHook (hooks/__tests__/useWalletCalculations.test.js:20:6)
      at Object.renderHook (hooks/__tests__/useWalletCalculations.test.js:427:26)

    console.error
      The current testing environment is not configured to support act(...)

      19 |   let component;
      20 |   act(() => {
    > 21 |     component = create(<TestComponent hookProps={initialProps} />);
         |                       ^
      22 |   });
      23 |
      24 |   return {

      at isConcurrentActEnvironment (node_modules/react-test-renderer/cjs/react-test-renderer.development.js:10243:17)
      at warnIfUpdatesNotWrappedWithActDEV (node_modules/react-test-renderer/cjs/react-test-renderer.development.js:11798:7)
      at scheduleUpdateOnFiber (node_modules/react-test-renderer/cjs/react-test-renderer.development.js:10326:9)
      at updateContainerImpl (node_modules/react-test-renderer/cjs/react-test-renderer.development.js:12382:10)
      at updateContainer (node_modules/react-test-renderer/cjs/react-test-renderer.development.js:12326:7)
      at process.env.NODE_ENV.exports.create (node_modules/react-test-renderer/cjs/react-test-renderer.development.js:14630:7)
      at hooks/__tests__/useWalletCalculations.test.js:21:23
      at process.env.NODE_ENV.exports.act (node_modules/react/cjs/react.development.js:789:22)
      at renderHook (hooks/__tests__/useWalletCalculations.test.js:20:6)
      at Object.renderHook (hooks/__tests__/useWalletCalculations.test.js:427:26)

    console.error
      react-test-renderer is deprecated. See https://react.dev/warnings/react-test-renderer

      19 |   let component;
      20 |   act(() => {
    > 21 |     component = create(<TestComponent hookProps={initialProps} />);
         |                       ^
      22 |   });
      23 |
      24 |   return {

      at process.env.NODE_ENV.exports.create (node_modules/react-test-renderer/cjs/react-test-renderer.development.js:14598:17)
      at hooks/__tests__/useWalletCalculations.test.js:21:23
      at process.env.NODE_ENV.exports.act (node_modules/react/cjs/react.development.js:789:22)
      at renderHook (hooks/__tests__/useWalletCalculations.test.js:20:6)
      at Object.renderHook (hooks/__tests__/useWalletCalculations.test.js:440:26)

    console.error
      The current testing environment is not configured to support act(...)

      19 |   let component;
      20 |   act(() => {
    > 21 |     component = create(<TestComponent hookProps={initialProps} />);
         |                       ^
      22 |   });
      23 |
      24 |   return {

      at isConcurrentActEnvironment (node_modules/react-test-renderer/cjs/react-test-renderer.development.js:10243:17)
      at warnIfUpdatesNotWrappedWithActDEV (node_modules/react-test-renderer/cjs/react-test-renderer.development.js:11798:7)
      at scheduleUpdateOnFiber (node_modules/react-test-renderer/cjs/react-test-renderer.development.js:10326:9)
      at updateContainerImpl (node_modules/react-test-renderer/cjs/react-test-renderer.development.js:12382:10)
      at updateContainer (node_modules/react-test-renderer/cjs/react-test-renderer.development.js:12326:7)
      at process.env.NODE_ENV.exports.create (node_modules/react-test-renderer/cjs/react-test-renderer.development.js:14630:7)
      at hooks/__tests__/useWalletCalculations.test.js:21:23
      at process.env.NODE_ENV.exports.act (node_modules/react/cjs/react.development.js:789:22)
      at renderHook (hooks/__tests__/useWalletCalculations.test.js:20:6)
      at Object.renderHook (hooks/__tests__/useWalletCalculations.test.js:440:26)

    console.error
      react-test-renderer is deprecated. See https://react.dev/warnings/react-test-renderer

      19 |   let component;
      20 |   act(() => {
    > 21 |     component = create(<TestComponent hookProps={initialProps} />);
         |                       ^
      22 |   });
      23 |
      24 |   return {

      at process.env.NODE_ENV.exports.create (node_modules/react-test-renderer/cjs/react-test-renderer.development.js:14598:17)
      at hooks/__tests__/useWalletCalculations.test.js:21:23
      at process.env.NODE_ENV.exports.act (node_modules/react/cjs/react.development.js:789:22)
      at renderHook (hooks/__tests__/useWalletCalculations.test.js:20:6)
      at Object.renderHook (hooks/__tests__/useWalletCalculations.test.js:455:36)

    console.error
      The current testing environment is not configured to support act(...)

      19 |   let component;
      20 |   act(() => {
    > 21 |     component = create(<TestComponent hookProps={initialProps} />);
         |                       ^
      22 |   });
      23 |
      24 |   return {

      at isConcurrentActEnvironment (node_modules/react-test-renderer/cjs/react-test-renderer.development.js:10243:17)
      at warnIfUpdatesNotWrappedWithActDEV (node_modules/react-test-renderer/cjs/react-test-renderer.development.js:11798:7)
      at scheduleUpdateOnFiber (node_modules/react-test-renderer/cjs/react-test-renderer.development.js:10326:9)
      at updateContainerImpl (node_modules/react-test-renderer/cjs/react-test-renderer.development.js:12382:10)
      at updateContainer (node_modules/react-test-renderer/cjs/react-test-renderer.development.js:12326:7)
      at process.env.NODE_ENV.exports.create (node_modules/react-test-renderer/cjs/react-test-renderer.development.js:14630:7)
      at hooks/__tests__/useWalletCalculations.test.js:21:23
      at process.env.NODE_ENV.exports.act (node_modules/react/cjs/react.development.js:789:22)
      at renderHook (hooks/__tests__/useWalletCalculations.test.js:20:6)
      at Object.renderHook (hooks/__tests__/useWalletCalculations.test.js:455:36)

    console.error
      The current testing environment is not configured to support act(...)

      26 |     rerender: (newProps) => {
      27 |       act(() => {
    > 28 |         component.update(<TestComponent hookProps={newProps} />);
         |                   ^
      29 |       });
      30 |     },
      31 |     unmount: () => component.unmount(),

      at isConcurrentActEnvironment (node_modules/react-test-renderer/cjs/react-test-renderer.development.js:10243:17)
      at warnIfUpdatesNotWrappedWithActDEV (node_modules/react-test-renderer/cjs/react-test-renderer.development.js:11798:7)
      at scheduleUpdateOnFiber (node_modules/react-test-renderer/cjs/react-test-renderer.development.js:10326:9)
      at updateContainerImpl (node_modules/react-test-renderer/cjs/react-test-renderer.development.js:12382:10)
      at updateContainer (node_modules/react-test-renderer/cjs/react-test-renderer.development.js:12326:7)
      at Object.update (node_modules/react-test-renderer/cjs/react-test-renderer.development.js:14669:13)
      at update (hooks/__tests__/useWalletCalculations.test.js:28:19)
      at process.env.NODE_ENV.exports.act (node_modules/react/cjs/react.development.js:789:22)
      at rerender (hooks/__tests__/useWalletCalculations.test.js:27:10)
      at Object.rerender (hooks/__tests__/useWalletCalculations.test.js:468:7)

    console.error
      react-test-renderer is deprecated. See https://react.dev/warnings/react-test-renderer

      19 |   let component;
      20 |   act(() => {
    > 21 |     component = create(<TestComponent hookProps={initialProps} />);
         |                       ^
      22 |   });
      23 |
      24 |   return {

      at process.env.NODE_ENV.exports.create (node_modules/react-test-renderer/cjs/react-test-renderer.development.js:14598:17)
      at hooks/__tests__/useWalletCalculations.test.js:21:23
      at process.env.NODE_ENV.exports.act (node_modules/react/cjs/react.development.js:789:22)
      at renderHook (hooks/__tests__/useWalletCalculations.test.js:20:6)
      at Object.renderHook (hooks/__tests__/useWalletCalculations.test.js:475:36)

    console.error
      The current testing environment is not configured to support act(...)

      19 |   let component;
      20 |   act(() => {
    > 21 |     component = create(<TestComponent hookProps={initialProps} />);
         |                       ^
      22 |   });
      23 |
      24 |   return {

      at isConcurrentActEnvironment (node_modules/react-test-renderer/cjs/react-test-renderer.development.js:10243:17)
      at warnIfUpdatesNotWrappedWithActDEV (node_modules/react-test-renderer/cjs/react-test-renderer.development.js:11798:7)
      at scheduleUpdateOnFiber (node_modules/react-test-renderer/cjs/react-test-renderer.development.js:10326:9)
      at updateContainerImpl (node_modules/react-test-renderer/cjs/react-test-renderer.development.js:12382:10)
      at updateContainer (node_modules/react-test-renderer/cjs/react-test-renderer.development.js:12326:7)
      at process.env.NODE_ENV.exports.create (node_modules/react-test-renderer/cjs/react-test-renderer.development.js:14630:7)
      at hooks/__tests__/useWalletCalculations.test.js:21:23
      at process.env.NODE_ENV.exports.act (node_modules/react/cjs/react.development.js:789:22)
      at renderHook (hooks/__tests__/useWalletCalculations.test.js:20:6)
      at Object.renderHook (hooks/__tests__/useWalletCalculations.test.js:475:36)

    console.error
      The current testing environment is not configured to support act(...)

      26 |     rerender: (newProps) => {
      27 |       act(() => {
    > 28 |         component.update(<TestComponent hookProps={newProps} />);
         |                   ^
      29 |       });
      30 |     },
      31 |     unmount: () => component.unmount(),

      at isConcurrentActEnvironment (node_modules/react-test-renderer/cjs/react-test-renderer.development.js:10243:17)
      at warnIfUpdatesNotWrappedWithActDEV (node_modules/react-test-renderer/cjs/react-test-renderer.development.js:11798:7)
      at scheduleUpdateOnFiber (node_modules/react-test-renderer/cjs/react-test-renderer.development.js:10326:9)
      at updateContainerImpl (node_modules/react-test-renderer/cjs/react-test-renderer.development.js:12382:10)
      at updateContainer (node_modules/react-test-renderer/cjs/react-test-renderer.development.js:12326:7)
      at Object.update (node_modules/react-test-renderer/cjs/react-test-renderer.development.js:14669:13)
      at update (hooks/__tests__/useWalletCalculations.test.js:28:19)
      at process.env.NODE_ENV.exports.act (node_modules/react/cjs/react.development.js:789:22)
      at rerender (hooks/__tests__/useWalletCalculations.test.js:27:10)
      at Object.rerender (hooks/__tests__/useWalletCalculations.test.js:488:7)

  ● useWalletCalculations › vaultCollateralRatio › should use oracle price when btcPrice is not available

    expect(received).toBe(expected) // Object.is equality

    Expected: 25000
    Received: 0

      199 |
      200 |       // Should use oracle price (50000) from mockVaultData
    > 201 |       expect(result.current.vaultCollateralRatio).toBe(25000);
          |                                                   ^
      202 |     });
      203 |   });
      204 |

      at Object.toBe (hooks/__tests__/useWalletCalculations.test.js:201:51)

FAIL services/__tests__/transactionService.test.js
  ● transactionService › signIntent › UNIT Token Signing (Taproot) › should sign UNIT intent with Taproot tweaked keys (even y-coordinate)

    TypeError: taprootSigner.tweak is not a function

      90 |       }
      91 |
    > 92 |       const tweakedSigner = taprootSigner.tweak(
         |                                           ^
      93 |         bitcoin.crypto.taggedHash('TapTweak', taprootSigner.publicKey.slice(1, 33))
      94 |       );
      95 |       psbt.signInput(1, tweakedSigner);

      at Object.tweak (services/transactionSigningService.js:92:43)
      at asyncGeneratorStep (node_modules/@babel/runtime/helpers/asyncToGenerator.js:3:17)
      at _next (node_modules/@babel/runtime/helpers/asyncToGenerator.js:17:9)

  ● transactionService › signIntent › UNIT Token Signing (Taproot) › should negate private key for odd y-coordinate (0x03 prefix)

    ValiError: Invalid type: Expected number but received undefined

      83 |
      84 |         // Create a proper BIP32 node with the negated key
    > 85 |         taprootSigner = bip32.fromPrivateKey(
         |                               ^
      86 |           negatedPrivKey,
      87 |           Buffer.alloc(32),
      88 |           MUTINYNET_NETWORK

      at Object.parse (node_modules/valibot/dist/index.cjs:5515:11)
      at new BIP32 (node_modules/bip32/src/cjs/bip32.cjs:124:15)
      at fromPrivateKeyLocal (node_modules/bip32/src/cjs/bip32.cjs:352:16)
      at Object.fromPrivateKey (node_modules/bip32/src/cjs/bip32.cjs:344:16)
      at Object.fromPrivateKey (services/transactionSigningService.js:85:31)
      at asyncGeneratorStep (node_modules/@babel/runtime/helpers/asyncToGenerator.js:3:17)
      at _next (node_modules/@babel/runtime/helpers/asyncToGenerator.js:17:9)

  ● transactionService › signIntent › UNIT Token Signing (Taproot) › should manually finalize Taproot input if finalizeAllInputs fails

    TypeError: taprootSigner.tweak is not a function

      90 |       }
      91 |
    > 92 |       const tweakedSigner = taprootSigner.tweak(
         |                                           ^
      93 |         bitcoin.crypto.taggedHash('TapTweak', taprootSigner.publicKey.slice(1, 33))
      94 |       );
      95 |       psbt.signInput(1, tweakedSigner);

      at Object.tweak (services/transactionSigningService.js:92:43)
      at asyncGeneratorStep (node_modules/@babel/runtime/helpers/asyncToGenerator.js:3:17)
      at _next (node_modules/@babel/runtime/helpers/asyncToGenerator.js:17:9)

  ● transactionService › signIntent › UNIT Token Signing (Taproot) › should throw error if tapKeySig is missing during manual finalization

    expect(received).rejects.toThrow(expected)

    Expected substring: "No tapKeySig found"
    Received message:   "taprootSigner.tweak is not a function"

          90 |       }
          91 |
        > 92 |       const tweakedSigner = taprootSigner.tweak(
             |                                           ^
          93 |         bitcoin.crypto.taggedHash('TapTweak', taprootSigner.publicKey.slice(1, 33))
          94 |       );
          95 |       psbt.signInput(1, tweakedSigner);

      at Object.tweak (services/transactionSigningService.js:92:43)
      at asyncGeneratorStep (node_modules/@babel/runtime/helpers/asyncToGenerator.js:3:17)
      at _next (node_modules/@babel/runtime/helpers/asyncToGenerator.js:17:9)
      at Object.toThrow (node_modules/expect/build/index.js:2155:20)
      at Object.toThrow (services/__tests__/transactionService.test.js:731:76)
      at asyncGeneratorStep (node_modules/@babel/runtime/helpers/asyncToGenerator.js:3:17)
      at _next (node_modules/@babel/runtime/helpers/asyncToGenerator.js:17:9)
      at node_modules/@babel/runtime/helpers/asyncToGenerator.js:22:7
      at Object.<anonymous> (node_modules/@babel/runtime/helpers/asyncToGenerator.js:14:12)

  ● transactionService › signIntent › UNIT Token Signing (Taproot) › should validate hash is 32 bytes

    expect(received).rejects.toThrow(expected)

    Expected substring: "Hash must be 32 bytes"
    Received message:   "taprootSigner.tweak is not a function"

          90 |       }
          91 |
        > 92 |       const tweakedSigner = taprootSigner.tweak(
             |                                           ^
          93 |         bitcoin.crypto.taggedHash('TapTweak', taprootSigner.publicKey.slice(1, 33))
          94 |       );
          95 |       psbt.signInput(1, tweakedSigner);

      at Object.tweak (services/transactionSigningService.js:92:43)
      at asyncGeneratorStep (node_modules/@babel/runtime/helpers/asyncToGenerator.js:3:17)
      at _next (node_modules/@babel/runtime/helpers/asyncToGenerator.js:17:9)
      at Object.toThrow (node_modules/expect/build/index.js:2155:20)
      at Object.toThrow (services/__tests__/transactionService.test.js:759:76)
      at asyncGeneratorStep (node_modules/@babel/runtime/helpers/asyncToGenerator.js:3:17)
      at _next (node_modules/@babel/runtime/helpers/asyncToGenerator.js:17:9)
      at node_modules/@babel/runtime/helpers/asyncToGenerator.js:22:7
      at Object.<anonymous> (node_modules/@babel/runtime/helpers/asyncToGenerator.js:14:12)

  ● transactionService › signIntent › UNIT Token Signing (Taproot) › should validate tweaked private key is 32 bytes

    TypeError: taprootSigner.tweak is not a function

      90 |       }
      91 |
    > 92 |       const tweakedSigner = taprootSigner.tweak(
         |                                           ^
      93 |         bitcoin.crypto.taggedHash('TapTweak', taprootSigner.publicKey.slice(1, 33))
      94 |       );
      95 |       psbt.signInput(1, tweakedSigner);

      at Object.tweak (services/transactionSigningService.js:92:43)
      at asyncGeneratorStep (node_modules/@babel/runtime/helpers/asyncToGenerator.js:3:17)
      at _next (node_modules/@babel/runtime/helpers/asyncToGenerator.js:17:9)

  ● transactionService › signIntent › UNIT Token Signing (Taproot) › should verify runestone marker (0x0d) is in transaction outputs

    TypeError: taprootSigner.tweak is not a function

      90 |       }
      91 |
    > 92 |       const tweakedSigner = taprootSigner.tweak(
         |                                           ^
      93 |         bitcoin.crypto.taggedHash('TapTweak', taprootSigner.publicKey.slice(1, 33))
      94 |       );
      95 |       psbt.signInput(1, tweakedSigner);

      at Object.tweak (services/transactionSigningService.js:92:43)
      at asyncGeneratorStep (node_modules/@babel/runtime/helpers/asyncToGenerator.js:3:17)
      at _next (node_modules/@babel/runtime/helpers/asyncToGenerator.js:17:9)

FAIL services/__tests__/authService.test.js
  ● Console

    console.log
      [DEBUG] Biometric auth successful - attempts cleared {}

      at Object.log [as debug] (utils/logger.js:24:15)

    console.warn
      [WARN] Biometric auth failed { attempts: 1, maxAttempts: 5 }

      56 |   warn: (message, context = {}) => {
      57 |     if (isDev) {
    > 58 |       console.warn(`[WARN] ${message}`, context);
         |               ^
      59 |     } else {
      60 |       Sentry.addBreadcrumb({
      61 |         message,

      at Object.warn (utils/logger.js:58:15)
      at warn (services/biometricService.js:68:10)
      at asyncGeneratorStep (node_modules/@babel/runtime/helpers/asyncToGenerator.js:3:17)
      at _next (node_modules/@babel/runtime/helpers/asyncToGenerator.js:17:9)

    console.log
      [DEBUG] Biometric auth successful - attempts cleared {}

      at Object.log [as debug] (utils/logger.js:24:15)

    console.error
      PIN save failed: {
        error: 'Storage error',
        recommendation: 'Check device storage space and SecureStore permissions'
      }

      194 |   } catch (error) {
      195 |     // Log detailed error for debugging
    > 196 |     console.error('PIN save failed:', {
          |             ^
      197 |       error: error.message,
      198 |       recommendation: 'Check device storage space and SecureStore permissions',
      199 |     });

      at error (services/pinService.js:196:13)
          at Generator.throw (<anonymous>)
      at asyncGeneratorStep (node_modules/@babel/runtime/helpers/asyncToGenerator.js:3:17)
      at _throw (node_modules/@babel/runtime/helpers/asyncToGenerator.js:20:9)

    console.error
      [ERROR] Biometric authentication error { error: 'Auth error' }

      74 |   error: (error, context = {}) => {
      75 |     if (isDev) {
    > 76 |       console.error('[ERROR]', error, context);
         |               ^
      77 |     } else {
      78 |       if (error instanceof Error) {
      79 |         Sentry.captureException(error, {

      at Object.error (utils/logger.js:76:15)
      at error (services/biometricService.js:138:12)
          at Generator.throw (<anonymous>)
      at asyncGeneratorStep (node_modules/@babel/runtime/helpers/asyncToGenerator.js:3:17)
      at _throw (node_modules/@babel/runtime/helpers/asyncToGenerator.js:20:9)

  ● authService › PIN rate limiting › should track failed PIN attempts

    expect(received).toBe(expected) // Object.is equality

    Expected: 9
    Received: Promise {}

      244 |       // First failed attempt
      245 |       await verifyPin('wrong');
    > 246 |       expect(getRemainingPinAttempts()).toBe(9);
          |                                         ^
      247 |
      248 |       // Second failed attempt
      249 |       await verifyPin('wrong');

      at Object.toBe (services/__tests__/authService.test.js:246:41)
      at asyncGeneratorStep (node_modules/@babel/runtime/helpers/asyncToGenerator.js:3:17)
      at _next (node_modules/@babel/runtime/helpers/asyncToGenerator.js:17:9)

  ● authService › PIN rate limiting › should lock out after max attempts

    expect(received).toBe(expected) // Object.is equality

    Expected: true
    Received: undefined

      261 |
      262 |       const lockStatus = checkPinLockout();
    > 263 |       expect(lockStatus.isLocked).toBe(true);
          |                                   ^
      264 |       expect(lockStatus.remainingTime).toBeGreaterThan(0);
      265 |
      266 |       // Further attempts should be rejected

      at Object.toBe (services/__tests__/authService.test.js:263:35)
      at asyncGeneratorStep (node_modules/@babel/runtime/helpers/asyncToGenerator.js:3:17)
      at _next (node_modules/@babel/runtime/helpers/asyncToGenerator.js:17:9)

  ● authService › PIN rate limiting › should reset attempts after successful verification

    expect(received).toBe(expected) // Object.is equality

    Expected: 8
    Received: Promise {}

      277 |       await verifyPin('wrong');
      278 |       await verifyPin('wrong');
    > 279 |       expect(getRemainingPinAttempts()).toBe(8);
          |                                         ^
      280 |
      281 |       // Successful verification should reset
      282 |       await verifyPin(pin);

      at Object.toBe (services/__tests__/authService.test.js:279:41)
      at asyncGeneratorStep (node_modules/@babel/runtime/helpers/asyncToGenerator.js:3:17)
      at _next (node_modules/@babel/runtime/helpers/asyncToGenerator.js:17:9)

  ● authService › Error handling and edge cases › should handle verifyPin error

    expect(received).toBe(expected) // Object.is equality

    Expected: "Failed to verify PIN"
    Received: "PIN needs to be reset for security upgrade"

      551 |       const result = await verifyPin('1234');
      552 |       expect(result.success).toBe(false);
    > 553 |       expect(result.error).toBe('Failed to verify PIN');
          |                            ^
      554 |     });
      555 |   });
      556 |

      at Object.toBe (services/__tests__/authService.test.js:553:28)
      at asyncGeneratorStep (node_modules/@babel/runtime/helpers/asyncToGenerator.js:3:17)
      at _next (node_modules/@babel/runtime/helpers/asyncToGenerator.js:17:9)

  ● authService › Lockout timing › should calculate remaining lockout time correctly

    expect(received).toBe(expected) // Object.is equality

    Expected: true
    Received: undefined

      615 |
      616 |       const lockStatus = checkPinLockout();
    > 617 |       expect(lockStatus.isLocked).toBe(true);
          |                                   ^
      618 |       expect(lockStatus.remainingTime).toBeGreaterThan(0);
      619 |       expect(lockStatus.remainingTime).toBeLessThanOrEqual(30); // 30 minutes max
      620 |     }, 60000);

      at Object.toBe (services/__tests__/authService.test.js:617:35)
      at asyncGeneratorStep (node_modules/@babel/runtime/helpers/asyncToGenerator.js:3:17)
      at _next (node_modules/@babel/runtime/helpers/asyncToGenerator.js:17:9)

  ● authService › Lockout timing › should return specific lockout error message

    expect(received).toBe(expected) // Object.is equality

    Expected: false
    Received: true

      631 |       // Try to verify after lockout
      632 |       const result = await verifyPin(pin);
    > 633 |       expect(result.success).toBe(false);
          |                              ^
      634 |       expect(result.error).toContain('Too many failed attempts');
      635 |       expect(result.remainingAttempts).toBe(0);
      636 |     }, 60000);

      at Object.toBe (services/__tests__/authService.test.js:633:30)
      at asyncGeneratorStep (node_modules/@babel/runtime/helpers/asyncToGenerator.js:3:17)
      at _next (node_modules/@babel/runtime/helpers/asyncToGenerator.js:17:9)

FAIL hooks/__tests__/useWalletImport.test.js
  ● Console

    console.error
      react-test-renderer is deprecated. See https://react.dev/warnings/react-test-renderer

      36 |   let component;
      37 |   act(() => {
    > 38 |     component = create(<TestComponent hookProps={initialProps} />);
         |                       ^
      39 |   });
      40 |   return {
      41 |     result,

      at process.env.NODE_ENV.exports.create (node_modules/react-test-renderer/cjs/react-test-renderer.development.js:14598:17)
      at hooks/__tests__/useWalletImport.test.js:38:23
      at process.env.NODE_ENV.exports.act (node_modules/react/cjs/react.development.js:789:22)
      at renderHook (hooks/__tests__/useWalletImport.test.js:37:6)
      at Object.renderHook (hooks/__tests__/useWalletImport.test.js:77:26)
      at asyncGeneratorStep (node_modules/@babel/runtime/helpers/asyncToGenerator.js:3:17)
      at _next (node_modules/@babel/runtime/helpers/asyncToGenerator.js:17:9)
      at node_modules/@babel/runtime/helpers/asyncToGenerator.js:22:7
      at Object.<anonymous> (node_modules/@babel/runtime/helpers/asyncToGenerator.js:14:12)

    console.error
      The current testing environment is not configured to support act(...)

      36 |   let component;
      37 |   act(() => {
    > 38 |     component = create(<TestComponent hookProps={initialProps} />);
         |                       ^
      39 |   });
      40 |   return {
      41 |     result,

      at isConcurrentActEnvironment (node_modules/react-test-renderer/cjs/react-test-renderer.development.js:10243:17)
      at warnIfUpdatesNotWrappedWithActDEV (node_modules/react-test-renderer/cjs/react-test-renderer.development.js:11798:7)
      at scheduleUpdateOnFiber (node_modules/react-test-renderer/cjs/react-test-renderer.development.js:10326:9)
      at updateContainerImpl (node_modules/react-test-renderer/cjs/react-test-renderer.development.js:12382:10)
      at updateContainer (node_modules/react-test-renderer/cjs/react-test-renderer.development.js:12326:7)
      at process.env.NODE_ENV.exports.create (node_modules/react-test-renderer/cjs/react-test-renderer.development.js:14630:7)
      at hooks/__tests__/useWalletImport.test.js:38:23
      at process.env.NODE_ENV.exports.act (node_modules/react/cjs/react.development.js:789:22)
      at renderHook (hooks/__tests__/useWalletImport.test.js:37:6)
      at Object.renderHook (hooks/__tests__/useWalletImport.test.js:77:26)
      at asyncGeneratorStep (node_modules/@babel/runtime/helpers/asyncToGenerator.js:3:17)
      at _next (node_modules/@babel/runtime/helpers/asyncToGenerator.js:17:9)
      at node_modules/@babel/runtime/helpers/asyncToGenerator.js:22:7
      at Object.<anonymous> (node_modules/@babel/runtime/helpers/asyncToGenerator.js:14:12)

    console.error
      The current testing environment is not configured to support act(...)

      42 |         // Silently fail - state will be empty on first run
      43 |       } finally {
    > 44 |         setStateLoaded(true);
         |         ^
      45 |       }
      46 |     };
      47 |

      at isConcurrentActEnvironment (node_modules/react-test-renderer/cjs/react-test-renderer.development.js:10243:17)
      at warnIfUpdatesNotWrappedWithActDEV (node_modules/react-test-renderer/cjs/react-test-renderer.development.js:11798:7)
      at scheduleUpdateOnFiber (node_modules/react-test-renderer/cjs/react-test-renderer.development.js:10326:9)
      at dispatchSetStateInternal (node_modules/react-test-renderer/cjs/react-test-renderer.development.js:4148:13)
      at dispatchSetState (node_modules/react-test-renderer/cjs/react-test-renderer.development.js:4107:7)
      at setStateLoaded (hooks/useWalletImport.js:44:9)
      at asyncGeneratorStep (node_modules/@babel/runtime/helpers/asyncToGenerator.js:3:17)
      at _next (node_modules/@babel/runtime/helpers/asyncToGenerator.js:17:9)

    console.error
      react-test-renderer is deprecated. See https://react.dev/warnings/react-test-renderer

      36 |   let component;
      37 |   act(() => {
    > 38 |     component = create(<TestComponent hookProps={initialProps} />);
         |                       ^
      39 |   });
      40 |   return {
      41 |     result,

      at process.env.NODE_ENV.exports.create (node_modules/react-test-renderer/cjs/react-test-renderer.development.js:14598:17)
      at hooks/__tests__/useWalletImport.test.js:38:23
      at process.env.NODE_ENV.exports.act (node_modules/react/cjs/react.development.js:789:22)
      at renderHook (hooks/__tests__/useWalletImport.test.js:37:6)
      at Object.renderHook (hooks/__tests__/useWalletImport.test.js:89:26)
      at asyncGeneratorStep (node_modules/@babel/runtime/helpers/asyncToGenerator.js:3:17)
      at _next (node_modules/@babel/runtime/helpers/asyncToGenerator.js:17:9)
      at node_modules/@babel/runtime/helpers/asyncToGenerator.js:22:7
      at Object.<anonymous> (node_modules/@babel/runtime/helpers/asyncToGenerator.js:14:12)

    console.error
      The current testing environment is not configured to support act(...)

      36 |   let component;
      37 |   act(() => {
    > 38 |     component = create(<TestComponent hookProps={initialProps} />);
         |                       ^
      39 |   });
      40 |   return {
      41 |     result,

      at isConcurrentActEnvironment (node_modules/react-test-renderer/cjs/react-test-renderer.development.js:10243:17)
      at warnIfUpdatesNotWrappedWithActDEV (node_modules/react-test-renderer/cjs/react-test-renderer.development.js:11798:7)
      at scheduleUpdateOnFiber (node_modules/react-test-renderer/cjs/react-test-renderer.development.js:10326:9)
      at updateContainerImpl (node_modules/react-test-renderer/cjs/react-test-renderer.development.js:12382:10)
      at updateContainer (node_modules/react-test-renderer/cjs/react-test-renderer.development.js:12326:7)
      at process.env.NODE_ENV.exports.create (node_modules/react-test-renderer/cjs/react-test-renderer.development.js:14630:7)
      at hooks/__tests__/useWalletImport.test.js:38:23
      at process.env.NODE_ENV.exports.act (node_modules/react/cjs/react.development.js:789:22)
      at renderHook (hooks/__tests__/useWalletImport.test.js:37:6)
      at Object.renderHook (hooks/__tests__/useWalletImport.test.js:89:26)
      at asyncGeneratorStep (node_modules/@babel/runtime/helpers/asyncToGenerator.js:3:17)
      at _next (node_modules/@babel/runtime/helpers/asyncToGenerator.js:17:9)
      at node_modules/@babel/runtime/helpers/asyncToGenerator.js:22:7
      at Object.<anonymous> (node_modules/@babel/runtime/helpers/asyncToGenerator.js:14:12)

    console.error
      The current testing environment is not configured to support act(...)

      42 |         // Silently fail - state will be empty on first run
      43 |       } finally {
    > 44 |         setStateLoaded(true);
         |         ^
      45 |       }
      46 |     };
      47 |

      at isConcurrentActEnvironment (node_modules/react-test-renderer/cjs/react-test-renderer.development.js:10243:17)
      at warnIfUpdatesNotWrappedWithActDEV (node_modules/react-test-renderer/cjs/react-test-renderer.development.js:11798:7)
      at scheduleUpdateOnFiber (node_modules/react-test-renderer/cjs/react-test-renderer.development.js:10326:9)
      at dispatchSetStateInternal (node_modules/react-test-renderer/cjs/react-test-renderer.development.js:4148:13)
      at dispatchSetState (node_modules/react-test-renderer/cjs/react-test-renderer.development.js:4107:7)
      at setStateLoaded (hooks/useWalletImport.js:44:9)
      at asyncGeneratorStep (node_modules/@babel/runtime/helpers/asyncToGenerator.js:3:17)
      at _next (node_modules/@babel/runtime/helpers/asyncToGenerator.js:17:9)

    console.error
      react-test-renderer is deprecated. See https://react.dev/warnings/react-test-renderer

      36 |   let component;
      37 |   act(() => {
    > 38 |     component = create(<TestComponent hookProps={initialProps} />);
         |                       ^
      39 |   });
      40 |   return {
      41 |     result,

      at process.env.NODE_ENV.exports.create (node_modules/react-test-renderer/cjs/react-test-renderer.development.js:14598:17)
      at hooks/__tests__/useWalletImport.test.js:38:23
      at process.env.NODE_ENV.exports.act (node_modules/react/cjs/react.development.js:789:22)
      at renderHook (hooks/__tests__/useWalletImport.test.js:37:6)
      at Object.renderHook (hooks/__tests__/useWalletImport.test.js:108:26)
      at asyncGeneratorStep (node_modules/@babel/runtime/helpers/asyncToGenerator.js:3:17)
      at _next (node_modules/@babel/runtime/helpers/asyncToGenerator.js:17:9)
      at node_modules/@babel/runtime/helpers/asyncToGenerator.js:22:7
      at Object.<anonymous> (node_modules/@babel/runtime/helpers/asyncToGenerator.js:14:12)

    console.error
      The current testing environment is not configured to support act(...)

      36 |   let component;
      37 |   act(() => {
    > 38 |     component = create(<TestComponent hookProps={initialProps} />);
         |                       ^
      39 |   });
      40 |   return {
      41 |     result,

      at isConcurrentActEnvironment (node_modules/react-test-renderer/cjs/react-test-renderer.development.js:10243:17)
      at warnIfUpdatesNotWrappedWithActDEV (node_modules/react-test-renderer/cjs/react-test-renderer.development.js:11798:7)
      at scheduleUpdateOnFiber (node_modules/react-test-renderer/cjs/react-test-renderer.development.js:10326:9)
      at updateContainerImpl (node_modules/react-test-renderer/cjs/react-test-renderer.development.js:12382:10)
      at updateContainer (node_modules/react-test-renderer/cjs/react-test-renderer.development.js:12326:7)
      at process.env.NODE_ENV.exports.create (node_modules/react-test-renderer/cjs/react-test-renderer.development.js:14630:7)
      at hooks/__tests__/useWalletImport.test.js:38:23
      at process.env.NODE_ENV.exports.act (node_modules/react/cjs/react.development.js:789:22)
      at renderHook (hooks/__tests__/useWalletImport.test.js:37:6)
      at Object.renderHook (hooks/__tests__/useWalletImport.test.js:108:26)
      at asyncGeneratorStep (node_modules/@babel/runtime/helpers/asyncToGenerator.js:3:17)
      at _next (node_modules/@babel/runtime/helpers/asyncToGenerator.js:17:9)
      at node_modules/@babel/runtime/helpers/asyncToGenerator.js:22:7
      at Object.<anonymous> (node_modules/@babel/runtime/helpers/asyncToGenerator.js:14:12)

    console.error
      The current testing environment is not configured to support act(...)

      35 |           const state = JSON.parse(savedState);
      36 |
    > 37 |           if (state.importingWallet !== undefined) setImportingWallet(state.importingWallet);
         |                                                    ^
      38 |           if (state.importSeedPhrase) setImportSeedPhrase(state.importSeedPhrase);
      39 |           if (state.isImportedWallet !== undefined) setIsImportedWallet(state.isImportedWallet);
      40 |         }

      at isConcurrentActEnvironment (node_modules/react-test-renderer/cjs/react-test-renderer.development.js:10243:17)
      at warnIfUpdatesNotWrappedWithActDEV (node_modules/react-test-renderer/cjs/react-test-renderer.development.js:11798:7)
      at scheduleUpdateOnFiber (node_modules/react-test-renderer/cjs/react-test-renderer.development.js:10326:9)
      at dispatchSetStateInternal (node_modules/react-test-renderer/cjs/react-test-renderer.development.js:4148:13)
      at dispatchSetState (node_modules/react-test-renderer/cjs/react-test-renderer.development.js:4107:7)
      at setImportingWallet (hooks/useWalletImport.js:37:52)
      at asyncGeneratorStep (node_modules/@babel/runtime/helpers/asyncToGenerator.js:3:17)
      at _next (node_modules/@babel/runtime/helpers/asyncToGenerator.js:17:9)

    console.error
      The current testing environment is not configured to support act(...)

      36 |
      37 |           if (state.importingWallet !== undefined) setImportingWallet(state.importingWallet);
    > 38 |           if (state.importSeedPhrase) setImportSeedPhrase(state.importSeedPhrase);
         |                                       ^
      39 |           if (state.isImportedWallet !== undefined) setIsImportedWallet(state.isImportedWallet);
      40 |         }
      41 |       } catch (error) {

      at isConcurrentActEnvironment (node_modules/react-test-renderer/cjs/react-test-renderer.development.js:10243:17)
      at warnIfUpdatesNotWrappedWithActDEV (node_modules/react-test-renderer/cjs/react-test-renderer.development.js:11798:7)
      at scheduleUpdateOnFiber (node_modules/react-test-renderer/cjs/react-test-renderer.development.js:10326:9)
      at dispatchSetStateInternal (node_modules/react-test-renderer/cjs/react-test-renderer.development.js:4148:13)
      at dispatchSetState (node_modules/react-test-renderer/cjs/react-test-renderer.development.js:4107:7)
      at setImportSeedPhrase (hooks/useWalletImport.js:38:39)
      at asyncGeneratorStep (node_modules/@babel/runtime/helpers/asyncToGenerator.js:3:17)
      at _next (node_modules/@babel/runtime/helpers/asyncToGenerator.js:17:9)

    console.error
      The current testing environment is not configured to support act(...)

      37 |           if (state.importingWallet !== undefined) setImportingWallet(state.importingWallet);
      38 |           if (state.importSeedPhrase) setImportSeedPhrase(state.importSeedPhrase);
    > 39 |           if (state.isImportedWallet !== undefined) setIsImportedWallet(state.isImportedWallet);
         |                                                     ^
      40 |         }
      41 |       } catch (error) {
      42 |         // Silently fail - state will be empty on first run

      at isConcurrentActEnvironment (node_modules/react-test-renderer/cjs/react-test-renderer.development.js:10243:17)
      at warnIfUpdatesNotWrappedWithActDEV (node_modules/react-test-renderer/cjs/react-test-renderer.development.js:11798:7)
      at scheduleUpdateOnFiber (node_modules/react-test-renderer/cjs/react-test-renderer.development.js:10326:9)
      at dispatchSetStateInternal (node_modules/react-test-renderer/cjs/react-test-renderer.development.js:4148:13)
      at dispatchSetState (node_modules/react-test-renderer/cjs/react-test-renderer.development.js:4107:7)
      at setIsImportedWallet (hooks/useWalletImport.js:39:53)
      at asyncGeneratorStep (node_modules/@babel/runtime/helpers/asyncToGenerator.js:3:17)
      at _next (node_modules/@babel/runtime/helpers/asyncToGenerator.js:17:9)

    console.error
      The current testing environment is not configured to support act(...)

      42 |         // Silently fail - state will be empty on first run
      43 |       } finally {
    > 44 |         setStateLoaded(true);
         |         ^
      45 |       }
      46 |     };
      47 |

      at isConcurrentActEnvironment (node_modules/react-test-renderer/cjs/react-test-renderer.development.js:10243:17)
      at warnIfUpdatesNotWrappedWithActDEV (node_modules/react-test-renderer/cjs/react-test-renderer.development.js:11798:7)
      at scheduleUpdateOnFiber (node_modules/react-test-renderer/cjs/react-test-renderer.development.js:10326:9)
      at dispatchSetStateInternal (node_modules/react-test-renderer/cjs/react-test-renderer.development.js:4148:13)
      at dispatchSetState (node_modules/react-test-renderer/cjs/react-test-renderer.development.js:4107:7)
      at setStateLoaded (hooks/useWalletImport.js:44:9)
      at asyncGeneratorStep (node_modules/@babel/runtime/helpers/asyncToGenerator.js:3:17)
      at _next (node_modules/@babel/runtime/helpers/asyncToGenerator.js:17:9)

    console.error
      react-test-renderer is deprecated. See https://react.dev/warnings/react-test-renderer

      36 |   let component;
      37 |   act(() => {
    > 38 |     component = create(<TestComponent hookProps={initialProps} />);
         |                       ^
      39 |   });
      40 |   return {
      41 |     result,

      at process.env.NODE_ENV.exports.create (node_modules/react-test-renderer/cjs/react-test-renderer.development.js:14598:17)
      at hooks/__tests__/useWalletImport.test.js:38:23
      at process.env.NODE_ENV.exports.act (node_modules/react/cjs/react.development.js:789:22)
      at renderHook (hooks/__tests__/useWalletImport.test.js:37:6)
      at Object.renderHook (hooks/__tests__/useWalletImport.test.js:123:26)
      at asyncGeneratorStep (node_modules/@babel/runtime/helpers/asyncToGenerator.js:3:17)
      at _next (node_modules/@babel/runtime/helpers/asyncToGenerator.js:17:9)
      at node_modules/@babel/runtime/helpers/asyncToGenerator.js:22:7
      at Object.<anonymous> (node_modules/@babel/runtime/helpers/asyncToGenerator.js:14:12)

    console.error
      The current testing environment is not configured to support act(...)

      36 |   let component;
      37 |   act(() => {
    > 38 |     component = create(<TestComponent hookProps={initialProps} />);
         |                       ^
      39 |   });
      40 |   return {
      41 |     result,

      at isConcurrentActEnvironment (node_modules/react-test-renderer/cjs/react-test-renderer.development.js:10243:17)
      at warnIfUpdatesNotWrappedWithActDEV (node_modules/react-test-renderer/cjs/react-test-renderer.development.js:11798:7)
      at scheduleUpdateOnFiber (node_modules/react-test-renderer/cjs/react-test-renderer.development.js:10326:9)
      at updateContainerImpl (node_modules/react-test-renderer/cjs/react-test-renderer.development.js:12382:10)
      at updateContainer (node_modules/react-test-renderer/cjs/react-test-renderer.development.js:12326:7)
      at process.env.NODE_ENV.exports.create (node_modules/react-test-renderer/cjs/react-test-renderer.development.js:14630:7)
      at hooks/__tests__/useWalletImport.test.js:38:23
      at process.env.NODE_ENV.exports.act (node_modules/react/cjs/react.development.js:789:22)
      at renderHook (hooks/__tests__/useWalletImport.test.js:37:6)
      at Object.renderHook (hooks/__tests__/useWalletImport.test.js:123:26)
      at asyncGeneratorStep (node_modules/@babel/runtime/helpers/asyncToGenerator.js:3:17)
      at _next (node_modules/@babel/runtime/helpers/asyncToGenerator.js:17:9)
      at node_modules/@babel/runtime/helpers/asyncToGenerator.js:22:7
      at Object.<anonymous> (node_modules/@babel/runtime/helpers/asyncToGenerator.js:14:12)

    console.error
      The current testing environment is not configured to support act(...)

      42 |         // Silently fail - state will be empty on first run
      43 |       } finally {
    > 44 |         setStateLoaded(true);
         |         ^
      45 |       }
      46 |     };
      47 |

      at isConcurrentActEnvironment (node_modules/react-test-renderer/cjs/react-test-renderer.development.js:10243:17)
      at warnIfUpdatesNotWrappedWithActDEV (node_modules/react-test-renderer/cjs/react-test-renderer.development.js:11798:7)
      at scheduleUpdateOnFiber (node_modules/react-test-renderer/cjs/react-test-renderer.development.js:10326:9)
      at dispatchSetStateInternal (node_modules/react-test-renderer/cjs/react-test-renderer.development.js:4148:13)
      at dispatchSetState (node_modules/react-test-renderer/cjs/react-test-renderer.development.js:4107:7)
      at setStateLoaded (hooks/useWalletImport.js:44:9)
          at Generator.throw (<anonymous>)
      at asyncGeneratorStep (node_modules/@babel/runtime/helpers/asyncToGenerator.js:3:17)
      at _throw (node_modules/@babel/runtime/helpers/asyncToGenerator.js:20:9)

    console.error
      react-test-renderer is deprecated. See https://react.dev/warnings/react-test-renderer

      36 |   let component;
      37 |   act(() => {
    > 38 |     component = create(<TestComponent hookProps={initialProps} />);
         |                       ^
      39 |   });
      40 |   return {
      41 |     result,

      at process.env.NODE_ENV.exports.create (node_modules/react-test-renderer/cjs/react-test-renderer.development.js:14598:17)
      at hooks/__tests__/useWalletImport.test.js:38:23
      at process.env.NODE_ENV.exports.act (node_modules/react/cjs/react.development.js:789:22)
      at renderHook (hooks/__tests__/useWalletImport.test.js:37:6)
      at Object.renderHook (hooks/__tests__/useWalletImport.test.js:141:26)
      at asyncGeneratorStep (node_modules/@babel/runtime/helpers/asyncToGenerator.js:3:17)
      at _next (node_modules/@babel/runtime/helpers/asyncToGenerator.js:17:9)
      at node_modules/@babel/runtime/helpers/asyncToGenerator.js:22:7
      at Object.<anonymous> (node_modules/@babel/runtime/helpers/asyncToGenerator.js:14:12)

    console.error
      The current testing environment is not configured to support act(...)

      36 |   let component;
      37 |   act(() => {
    > 38 |     component = create(<TestComponent hookProps={initialProps} />);
         |                       ^
      39 |   });
      40 |   return {
      41 |     result,

      at isConcurrentActEnvironment (node_modules/react-test-renderer/cjs/react-test-renderer.development.js:10243:17)
      at warnIfUpdatesNotWrappedWithActDEV (node_modules/react-test-renderer/cjs/react-test-renderer.development.js:11798:7)
      at scheduleUpdateOnFiber (node_modules/react-test-renderer/cjs/react-test-renderer.development.js:10326:9)
      at updateContainerImpl (node_modules/react-test-renderer/cjs/react-test-renderer.development.js:12382:10)
      at updateContainer (node_modules/react-test-renderer/cjs/react-test-renderer.development.js:12326:7)
      at process.env.NODE_ENV.exports.create (node_modules/react-test-renderer/cjs/react-test-renderer.development.js:14630:7)
      at hooks/__tests__/useWalletImport.test.js:38:23
      at process.env.NODE_ENV.exports.act (node_modules/react/cjs/react.development.js:789:22)
      at renderHook (hooks/__tests__/useWalletImport.test.js:37:6)
      at Object.renderHook (hooks/__tests__/useWalletImport.test.js:141:26)
      at asyncGeneratorStep (node_modules/@babel/runtime/helpers/asyncToGenerator.js:3:17)
      at _next (node_modules/@babel/runtime/helpers/asyncToGenerator.js:17:9)
      at node_modules/@babel/runtime/helpers/asyncToGenerator.js:22:7
      at Object.<anonymous> (node_modules/@babel/runtime/helpers/asyncToGenerator.js:14:12)

    console.error
      The current testing environment is not configured to support act(...)

      35 |           const state = JSON.parse(savedState);
      36 |
    > 37 |           if (state.importingWallet !== undefined) setImportingWallet(state.importingWallet);
         |                                                    ^
      38 |           if (state.importSeedPhrase) setImportSeedPhrase(state.importSeedPhrase);
      39 |           if (state.isImportedWallet !== undefined) setIsImportedWallet(state.isImportedWallet);
      40 |         }

      at isConcurrentActEnvironment (node_modules/react-test-renderer/cjs/react-test-renderer.development.js:10243:17)
      at warnIfUpdatesNotWrappedWithActDEV (node_modules/react-test-renderer/cjs/react-test-renderer.development.js:11798:7)
      at scheduleUpdateOnFiber (node_modules/react-test-renderer/cjs/react-test-renderer.development.js:10326:9)
      at dispatchSetStateInternal (node_modules/react-test-renderer/cjs/react-test-renderer.development.js:4148:13)
      at dispatchSetState (node_modules/react-test-renderer/cjs/react-test-renderer.development.js:4107:7)
      at setImportingWallet (hooks/useWalletImport.js:37:52)
      at asyncGeneratorStep (node_modules/@babel/runtime/helpers/asyncToGenerator.js:3:17)
      at _next (node_modules/@babel/runtime/helpers/asyncToGenerator.js:17:9)

    console.error
      The current testing environment is not configured to support act(...)

      42 |         // Silently fail - state will be empty on first run
      43 |       } finally {
    > 44 |         setStateLoaded(true);
         |         ^
      45 |       }
      46 |     };
      47 |

      at isConcurrentActEnvironment (node_modules/react-test-renderer/cjs/react-test-renderer.development.js:10243:17)
      at warnIfUpdatesNotWrappedWithActDEV (node_modules/react-test-renderer/cjs/react-test-renderer.development.js:11798:7)
      at scheduleUpdateOnFiber (node_modules/react-test-renderer/cjs/react-test-renderer.development.js:10326:9)
      at dispatchSetStateInternal (node_modules/react-test-renderer/cjs/react-test-renderer.development.js:4148:13)
      at dispatchSetState (node_modules/react-test-renderer/cjs/react-test-renderer.development.js:4107:7)
      at setStateLoaded (hooks/useWalletImport.js:44:9)
      at asyncGeneratorStep (node_modules/@babel/runtime/helpers/asyncToGenerator.js:3:17)
      at _next (node_modules/@babel/runtime/helpers/asyncToGenerator.js:17:9)

    console.error
      react-test-renderer is deprecated. See https://react.dev/warnings/react-test-renderer

      36 |   let component;
      37 |   act(() => {
    > 38 |     component = create(<TestComponent hookProps={initialProps} />);
         |                       ^
      39 |   });
      40 |   return {
      41 |     result,

      at process.env.NODE_ENV.exports.create (node_modules/react-test-renderer/cjs/react-test-renderer.development.js:14598:17)
      at hooks/__tests__/useWalletImport.test.js:38:23
      at process.env.NODE_ENV.exports.act (node_modules/react/cjs/react.development.js:789:22)
      at renderHook (hooks/__tests__/useWalletImport.test.js:37:6)
      at Object.renderHook (hooks/__tests__/useWalletImport.test.js:163:26)
      at asyncGeneratorStep (node_modules/@babel/runtime/helpers/asyncToGenerator.js:3:17)
      at _next (node_modules/@babel/runtime/helpers/asyncToGenerator.js:17:9)
      at node_modules/@babel/runtime/helpers/asyncToGenerator.js:22:7
      at Object.<anonymous> (node_modules/@babel/runtime/helpers/asyncToGenerator.js:14:12)

    console.error
      The current testing environment is not configured to support act(...)

      36 |   let component;
      37 |   act(() => {
    > 38 |     component = create(<TestComponent hookProps={initialProps} />);
         |                       ^
      39 |   });
      40 |   return {
      41 |     result,

      at isConcurrentActEnvironment (node_modules/react-test-renderer/cjs/react-test-renderer.development.js:10243:17)
      at warnIfUpdatesNotWrappedWithActDEV (node_modules/react-test-renderer/cjs/react-test-renderer.development.js:11798:7)
      at scheduleUpdateOnFiber (node_modules/react-test-renderer/cjs/react-test-renderer.development.js:10326:9)
      at updateContainerImpl (node_modules/react-test-renderer/cjs/react-test-renderer.development.js:12382:10)
      at updateContainer (node_modules/react-test-renderer/cjs/react-test-renderer.development.js:12326:7)
      at process.env.NODE_ENV.exports.create (node_modules/react-test-renderer/cjs/react-test-renderer.development.js:14630:7)
      at hooks/__tests__/useWalletImport.test.js:38:23
      at process.env.NODE_ENV.exports.act (node_modules/react/cjs/react.development.js:789:22)
      at renderHook (hooks/__tests__/useWalletImport.test.js:37:6)
      at Object.renderHook (hooks/__tests__/useWalletImport.test.js:163:26)
      at asyncGeneratorStep (node_modules/@babel/runtime/helpers/asyncToGenerator.js:3:17)
      at _next (node_modules/@babel/runtime/helpers/asyncToGenerator.js:17:9)
      at node_modules/@babel/runtime/helpers/asyncToGenerator.js:22:7
      at Object.<anonymous> (node_modules/@babel/runtime/helpers/asyncToGenerator.js:14:12)

    console.error
      The current testing environment is not configured to support act(...)

      42 |         // Silently fail - state will be empty on first run
      43 |       } finally {
    > 44 |         setStateLoaded(true);
         |         ^
      45 |       }
      46 |     };
      47 |

      at isConcurrentActEnvironment (node_modules/react-test-renderer/cjs/react-test-renderer.development.js:10243:17)
      at warnIfUpdatesNotWrappedWithActDEV (node_modules/react-test-renderer/cjs/react-test-renderer.development.js:11798:7)
      at scheduleUpdateOnFiber (node_modules/react-test-renderer/cjs/react-test-renderer.development.js:10326:9)
      at dispatchSetStateInternal (node_modules/react-test-renderer/cjs/react-test-renderer.development.js:4148:13)
      at dispatchSetState (node_modules/react-test-renderer/cjs/react-test-renderer.development.js:4107:7)
      at setStateLoaded (hooks/useWalletImport.js:44:9)
      at asyncGeneratorStep (node_modules/@babel/runtime/helpers/asyncToGenerator.js:3:17)
      at _next (node_modules/@babel/runtime/helpers/asyncToGenerator.js:17:9)

    console.error
      react-test-renderer is deprecated. See https://react.dev/warnings/react-test-renderer

      36 |   let component;
      37 |   act(() => {
    > 38 |     component = create(<TestComponent hookProps={initialProps} />);
         |                       ^
      39 |   });
      40 |   return {
      41 |     result,

      at process.env.NODE_ENV.exports.create (node_modules/react-test-renderer/cjs/react-test-renderer.development.js:14598:17)
      at hooks/__tests__/useWalletImport.test.js:38:23
      at process.env.NODE_ENV.exports.act (node_modules/react/cjs/react.development.js:789:22)
      at renderHook (hooks/__tests__/useWalletImport.test.js:37:6)
      at Object.renderHook (hooks/__tests__/useWalletImport.test.js:186:26)
      at asyncGeneratorStep (node_modules/@babel/runtime/helpers/asyncToGenerator.js:3:17)
      at _next (node_modules/@babel/runtime/helpers/asyncToGenerator.js:17:9)
      at node_modules/@babel/runtime/helpers/asyncToGenerator.js:22:7
      at Object.<anonymous> (node_modules/@babel/runtime/helpers/asyncToGenerator.js:14:12)

    console.error
      The current testing environment is not configured to support act(...)

      36 |   let component;
      37 |   act(() => {
    > 38 |     component = create(<TestComponent hookProps={initialProps} />);
         |                       ^
      39 |   });
      40 |   return {
      41 |     result,

      at isConcurrentActEnvironment (node_modules/react-test-renderer/cjs/react-test-renderer.development.js:10243:17)
      at warnIfUpdatesNotWrappedWithActDEV (node_modules/react-test-renderer/cjs/react-test-renderer.development.js:11798:7)
      at scheduleUpdateOnFiber (node_modules/react-test-renderer/cjs/react-test-renderer.development.js:10326:9)
      at updateContainerImpl (node_modules/react-test-renderer/cjs/react-test-renderer.development.js:12382:10)
      at updateContainer (node_modules/react-test-renderer/cjs/react-test-renderer.development.js:12326:7)
      at process.env.NODE_ENV.exports.create (node_modules/react-test-renderer/cjs/react-test-renderer.development.js:14630:7)
      at hooks/__tests__/useWalletImport.test.js:38:23
      at process.env.NODE_ENV.exports.act (node_modules/react/cjs/react.development.js:789:22)
      at renderHook (hooks/__tests__/useWalletImport.test.js:37:6)
      at Object.renderHook (hooks/__tests__/useWalletImport.test.js:186:26)
      at asyncGeneratorStep (node_modules/@babel/runtime/helpers/asyncToGenerator.js:3:17)
      at _next (node_modules/@babel/runtime/helpers/asyncToGenerator.js:17:9)
      at node_modules/@babel/runtime/helpers/asyncToGenerator.js:22:7
      at Object.<anonymous> (node_modules/@babel/runtime/helpers/asyncToGenerator.js:14:12)

    console.error
      The current testing environment is not configured to support act(...)

      36 |
      37 |           if (state.importingWallet !== undefined) setImportingWallet(state.importingWallet);
    > 38 |           if (state.importSeedPhrase) setImportSeedPhrase(state.importSeedPhrase);
         |                                       ^
      39 |           if (state.isImportedWallet !== undefined) setIsImportedWallet(state.isImportedWallet);
      40 |         }
      41 |       } catch (error) {

      at isConcurrentActEnvironment (node_modules/react-test-renderer/cjs/react-test-renderer.development.js:10243:17)
      at warnIfUpdatesNotWrappedWithActDEV (node_modules/react-test-renderer/cjs/react-test-renderer.development.js:11798:7)
      at scheduleUpdateOnFiber (node_modules/react-test-renderer/cjs/react-test-renderer.development.js:10326:9)
      at dispatchSetStateInternal (node_modules/react-test-renderer/cjs/react-test-renderer.development.js:4148:13)
      at dispatchSetState (node_modules/react-test-renderer/cjs/react-test-renderer.development.js:4107:7)
      at setImportSeedPhrase (hooks/useWalletImport.js:38:39)
      at asyncGeneratorStep (node_modules/@babel/runtime/helpers/asyncToGenerator.js:3:17)
      at _next (node_modules/@babel/runtime/helpers/asyncToGenerator.js:17:9)

    console.error
      The current testing environment is not configured to support act(...)

      37 |           if (state.importingWallet !== undefined) setImportingWallet(state.importingWallet);
      38 |           if (state.importSeedPhrase) setImportSeedPhrase(state.importSeedPhrase);
    > 39 |           if (state.isImportedWallet !== undefined) setIsImportedWallet(state.isImportedWallet);
         |                                                     ^
      40 |         }
      41 |       } catch (error) {
      42 |         // Silently fail - state will be empty on first run

      at isConcurrentActEnvironment (node_modules/react-test-renderer/cjs/react-test-renderer.development.js:10243:17)
      at warnIfUpdatesNotWrappedWithActDEV (node_modules/react-test-renderer/cjs/react-test-renderer.development.js:11798:7)
      at scheduleUpdateOnFiber (node_modules/react-test-renderer/cjs/react-test-renderer.development.js:10326:9)
      at dispatchSetStateInternal (node_modules/react-test-renderer/cjs/react-test-renderer.development.js:4148:13)
      at dispatchSetState (node_modules/react-test-renderer/cjs/react-test-renderer.development.js:4107:7)
      at setIsImportedWallet (hooks/useWalletImport.js:39:53)
      at asyncGeneratorStep (node_modules/@babel/runtime/helpers/asyncToGenerator.js:3:17)
      at _next (node_modules/@babel/runtime/helpers/asyncToGenerator.js:17:9)

    console.error
      The current testing environment is not configured to support act(...)

      42 |         // Silently fail - state will be empty on first run
      43 |       } finally {
    > 44 |         setStateLoaded(true);
         |         ^
      45 |       }
      46 |     };
      47 |

      at isConcurrentActEnvironment (node_modules/react-test-renderer/cjs/react-test-renderer.development.js:10243:17)
      at warnIfUpdatesNotWrappedWithActDEV (node_modules/react-test-renderer/cjs/react-test-renderer.development.js:11798:7)
      at scheduleUpdateOnFiber (node_modules/react-test-renderer/cjs/react-test-renderer.development.js:10326:9)
      at dispatchSetStateInternal (node_modules/react-test-renderer/cjs/react-test-renderer.development.js:4148:13)
      at dispatchSetState (node_modules/react-test-renderer/cjs/react-test-renderer.development.js:4107:7)
      at setStateLoaded (hooks/useWalletImport.js:44:9)
      at asyncGeneratorStep (node_modules/@babel/runtime/helpers/asyncToGenerator.js:3:17)
      at _next (node_modules/@babel/runtime/helpers/asyncToGenerator.js:17:9)

    console.error
      react-test-renderer is deprecated. See https://react.dev/warnings/react-test-renderer

      36 |   let component;
      37 |   act(() => {
    > 38 |     component = create(<TestComponent hookProps={initialProps} />);
         |                       ^
      39 |   });
      40 |   return {
      41 |     result,

      at process.env.NODE_ENV.exports.create (node_modules/react-test-renderer/cjs/react-test-renderer.development.js:14598:17)
      at hooks/__tests__/useWalletImport.test.js:38:23
      at process.env.NODE_ENV.exports.act (node_modules/react/cjs/react.development.js:789:22)
      at renderHook (hooks/__tests__/useWalletImport.test.js:37:6)
      at Object.renderHook (hooks/__tests__/useWalletImport.test.js:202:26)
      at asyncGeneratorStep (node_modules/@babel/runtime/helpers/asyncToGenerator.js:3:17)
      at _next (node_modules/@babel/runtime/helpers/asyncToGenerator.js:17:9)
      at node_modules/@babel/runtime/helpers/asyncToGenerator.js:22:7
      at Object.<anonymous> (node_modules/@babel/runtime/helpers/asyncToGenerator.js:14:12)

    console.error
      The current testing environment is not configured to support act(...)

      36 |   let component;
      37 |   act(() => {
    > 38 |     component = create(<TestComponent hookProps={initialProps} />);
         |                       ^
      39 |   });
      40 |   return {
      41 |     result,

      at isConcurrentActEnvironment (node_modules/react-test-renderer/cjs/react-test-renderer.development.js:10243:17)
      at warnIfUpdatesNotWrappedWithActDEV (node_modules/react-test-renderer/cjs/react-test-renderer.development.js:11798:7)
      at scheduleUpdateOnFiber (node_modules/react-test-renderer/cjs/react-test-renderer.development.js:10326:9)
      at updateContainerImpl (node_modules/react-test-renderer/cjs/react-test-renderer.development.js:12382:10)
      at updateContainer (node_modules/react-test-renderer/cjs/react-test-renderer.development.js:12326:7)
      at process.env.NODE_ENV.exports.create (node_modules/react-test-renderer/cjs/react-test-renderer.development.js:14630:7)
      at hooks/__tests__/useWalletImport.test.js:38:23
      at process.env.NODE_ENV.exports.act (node_modules/react/cjs/react.development.js:789:22)
      at renderHook (hooks/__tests__/useWalletImport.test.js:37:6)
      at Object.renderHook (hooks/__tests__/useWalletImport.test.js:202:26)
      at asyncGeneratorStep (node_modules/@babel/runtime/helpers/asyncToGenerator.js:3:17)
      at _next (node_modules/@babel/runtime/helpers/asyncToGenerator.js:17:9)
      at node_modules/@babel/runtime/helpers/asyncToGenerator.js:22:7
      at Object.<anonymous> (node_modules/@babel/runtime/helpers/asyncToGenerator.js:14:12)

    console.error
      The current testing environment is not configured to support act(...)

      220 |
      221 |       act(() => {
    > 222 |         result.current.setImportSeedPhrase(seedPhrase);
          |                        ^
      223 |       });
      224 |
      225 |       await act(async () => {

      at isConcurrentActEnvironment (node_modules/react-test-renderer/cjs/react-test-renderer.development.js:10243:17)
      at warnIfUpdatesNotWrappedWithActDEV (node_modules/react-test-renderer/cjs/react-test-renderer.development.js:11798:7)
      at scheduleUpdateOnFiber (node_modules/react-test-renderer/cjs/react-test-renderer.development.js:10326:9)
      at dispatchSetStateInternal (node_modules/react-test-renderer/cjs/react-test-renderer.development.js:4148:13)
      at dispatchSetState (node_modules/react-test-renderer/cjs/react-test-renderer.development.js:4107:7)
      at setImportSeedPhrase (hooks/__tests__/useWalletImport.test.js:222:24)
      at process.env.NODE_ENV.exports.act (node_modules/react/cjs/react.development.js:789:22)
      at Object.<anonymous> (hooks/__tests__/useWalletImport.test.js:221:10)
      at asyncGeneratorStep (node_modules/@babel/runtime/helpers/asyncToGenerator.js:3:17)
      at _next (node_modules/@babel/runtime/helpers/asyncToGenerator.js:17:9)
      at node_modules/@babel/runtime/helpers/asyncToGenerator.js:22:7
      at Object.<anonymous> (node_modules/@babel/runtime/helpers/asyncToGenerator.js:14:12)

    console.error
      The current testing environment is not configured to support act(...)

      88 |
      89 |     // CRITICAL: Set loading state immediately (synchronously) before any async work
    > 90 |     setIsImporting(true);
         |     ^
      91 |
      92 |     // Force a tiny delay to ensure UI updates before heavy computation
      93 |     await new Promise((resolve) => setTimeout(resolve, 10));

      at isConcurrentActEnvironment (node_modules/react-test-renderer/cjs/react-test-renderer.development.js:10243:17)
      at warnIfUpdatesNotWrappedWithActDEV (node_modules/react-test-renderer/cjs/react-test-renderer.development.js:11798:7)
      at scheduleUpdateOnFiber (node_modules/react-test-renderer/cjs/react-test-renderer.development.js:10326:9)
      at dispatchSetStateInternal (node_modules/react-test-renderer/cjs/react-test-renderer.development.js:4148:13)
      at dispatchSetState (node_modules/react-test-renderer/cjs/react-test-renderer.development.js:4107:7)
      at Object.setIsImporting (hooks/useWalletImport.js:90:5)
      at asyncGeneratorStep (node_modules/@babel/runtime/helpers/asyncToGenerator.js:3:17)
      at _next (node_modules/@babel/runtime/helpers/asyncToGenerator.js:17:9)
      at node_modules/@babel/runtime/helpers/asyncToGenerator.js:22:7
      at Object.<anonymous> (node_modules/@babel/runtime/helpers/asyncToGenerator.js:14:12)
      at Object.apply [as importWallet] (hooks/useWalletImport.js:85:21)
      at importWallet (hooks/__tests__/useWalletImport.test.js:226:30)
      at asyncGeneratorStep (node_modules/@babel/runtime/helpers/asyncToGenerator.js:3:17)
      at _next (node_modules/@babel/runtime/helpers/asyncToGenerator.js:17:9)
      at node_modules/@babel/runtime/helpers/asyncToGenerator.js:22:7
      at node_modules/@babel/runtime/helpers/asyncToGenerator.js:14:12
      at process.env.NODE_ENV.exports.act (node_modules/react/cjs/react.development.js:789:22)
      at Object.<anonymous> (hooks/__tests__/useWalletImport.test.js:225:16)
      at asyncGeneratorStep (node_modules/@babel/runtime/helpers/asyncToGenerator.js:3:17)
      at _next (node_modules/@babel/runtime/helpers/asyncToGenerator.js:17:9)
      at node_modules/@babel/runtime/helpers/asyncToGenerator.js:22:7
      at Object.<anonymous> (node_modules/@babel/runtime/helpers/asyncToGenerator.js:14:12)

    console.error
      The current testing environment is not configured to support act(...)

      42 |         // Silently fail - state will be empty on first run
      43 |       } finally {
    > 44 |         setStateLoaded(true);
         |         ^
      45 |       }
      46 |     };
      47 |

      at isConcurrentActEnvironment (node_modules/react-test-renderer/cjs/react-test-renderer.development.js:10243:17)
      at warnIfUpdatesNotWrappedWithActDEV (node_modules/react-test-renderer/cjs/react-test-renderer.development.js:11798:7)
      at scheduleUpdateOnFiber (node_modules/react-test-renderer/cjs/react-test-renderer.development.js:10326:9)
      at dispatchSetStateInternal (node_modules/react-test-renderer/cjs/react-test-renderer.development.js:4148:13)
      at dispatchSetState (node_modules/react-test-renderer/cjs/react-test-renderer.development.js:4107:7)
      at setStateLoaded (hooks/useWalletImport.js:44:9)
      at asyncGeneratorStep (node_modules/@babel/runtime/helpers/asyncToGenerator.js:3:17)
      at _next (node_modules/@babel/runtime/helpers/asyncToGenerator.js:17:9)

    console.error
      The current testing environment is not configured to support act(...)

      143 |       // They can retry by tapping Import again
      144 |     } finally {
    > 145 |       setIsImporting(false); // Hide loading indicator
          |       ^
      146 |     }
      147 |   };
      148 |

      at isConcurrentActEnvironment (node_modules/react-test-renderer/cjs/react-test-renderer.development.js:10243:17)
      at warnIfUpdatesNotWrappedWithActDEV (node_modules/react-test-renderer/cjs/react-test-renderer.development.js:11798:7)
      at scheduleUpdateOnFiber (node_modules/react-test-renderer/cjs/react-test-renderer.development.js:10326:9)
      at dispatchSetStateInternal (node_modules/react-test-renderer/cjs/react-test-renderer.development.js:4148:13)
      at dispatchSetState (node_modules/react-test-renderer/cjs/react-test-renderer.development.js:4107:7)
      at Object.setIsImporting (hooks/useWalletImport.js:145:7)
          at Generator.throw (<anonymous>)
      at asyncGeneratorStep (node_modules/@babel/runtime/helpers/asyncToGenerator.js:3:17)
      at _throw (node_modules/@babel/runtime/helpers/asyncToGenerator.js:20:9)

    console.error
      react-test-renderer is deprecated. See https://react.dev/warnings/react-test-renderer

      36 |   let component;
      37 |   act(() => {
    > 38 |     component = create(<TestComponent hookProps={initialProps} />);
         |                       ^
      39 |   });
      40 |   return {
      41 |     result,

      at process.env.NODE_ENV.exports.create (node_modules/react-test-renderer/cjs/react-test-renderer.development.js:14598:17)
      at hooks/__tests__/useWalletImport.test.js:38:23
      at process.env.NODE_ENV.exports.act (node_modules/react/cjs/react.development.js:789:22)
      at renderHook (hooks/__tests__/useWalletImport.test.js:37:6)
      at Object.renderHook (hooks/__tests__/useWalletImport.test.js:242:26)
      at asyncGeneratorStep (node_modules/@babel/runtime/helpers/asyncToGenerator.js:3:17)
      at _next (node_modules/@babel/runtime/helpers/asyncToGenerator.js:17:9)
      at node_modules/@babel/runtime/helpers/asyncToGenerator.js:22:7
      at Object.<anonymous> (node_modules/@babel/runtime/helpers/asyncToGenerator.js:14:12)

    console.error
      The current testing environment is not configured to support act(...)

      36 |   let component;
      37 |   act(() => {
    > 38 |     component = create(<TestComponent hookProps={initialProps} />);
         |                       ^
      39 |   });
      40 |   return {
      41 |     result,

      at isConcurrentActEnvironment (node_modules/react-test-renderer/cjs/react-test-renderer.development.js:10243:17)
      at warnIfUpdatesNotWrappedWithActDEV (node_modules/react-test-renderer/cjs/react-test-renderer.development.js:11798:7)
      at scheduleUpdateOnFiber (node_modules/react-test-renderer/cjs/react-test-renderer.development.js:10326:9)
      at updateContainerImpl (node_modules/react-test-renderer/cjs/react-test-renderer.development.js:12382:10)
      at updateContainer (node_modules/react-test-renderer/cjs/react-test-renderer.development.js:12326:7)
      at process.env.NODE_ENV.exports.create (node_modules/react-test-renderer/cjs/react-test-renderer.development.js:14630:7)
      at hooks/__tests__/useWalletImport.test.js:38:23
      at process.env.NODE_ENV.exports.act (node_modules/react/cjs/react.development.js:789:22)
      at renderHook (hooks/__tests__/useWalletImport.test.js:37:6)
      at Object.renderHook (hooks/__tests__/useWalletImport.test.js:242:26)
      at asyncGeneratorStep (node_modules/@babel/runtime/helpers/asyncToGenerator.js:3:17)
      at _next (node_modules/@babel/runtime/helpers/asyncToGenerator.js:17:9)
      at node_modules/@babel/runtime/helpers/asyncToGenerator.js:22:7
      at Object.<anonymous> (node_modules/@babel/runtime/helpers/asyncToGenerator.js:14:12)

    console.error
      The current testing environment is not configured to support act(...)

      260 |
      261 |       act(() => {
    > 262 |         result.current.setImportSeedPhrase(seedPhraseWithSpaces);
          |                        ^
      263 |       });
      264 |
      265 |       await act(async () => {

      at isConcurrentActEnvironment (node_modules/react-test-renderer/cjs/react-test-renderer.development.js:10243:17)
      at warnIfUpdatesNotWrappedWithActDEV (node_modules/react-test-renderer/cjs/react-test-renderer.development.js:11798:7)
      at scheduleUpdateOnFiber (node_modules/react-test-renderer/cjs/react-test-renderer.development.js:10326:9)
      at dispatchSetStateInternal (node_modules/react-test-renderer/cjs/react-test-renderer.development.js:4148:13)
      at dispatchSetState (node_modules/react-test-renderer/cjs/react-test-renderer.development.js:4107:7)
      at setImportSeedPhrase (hooks/__tests__/useWalletImport.test.js:262:24)
      at process.env.NODE_ENV.exports.act (node_modules/react/cjs/react.development.js:789:22)
      at Object.<anonymous> (hooks/__tests__/useWalletImport.test.js:261:10)
      at asyncGeneratorStep (node_modules/@babel/runtime/helpers/asyncToGenerator.js:3:17)
      at _next (node_modules/@babel/runtime/helpers/asyncToGenerator.js:17:9)
      at node_modules/@babel/runtime/helpers/asyncToGenerator.js:22:7
      at Object.<anonymous> (node_modules/@babel/runtime/helpers/asyncToGenerator.js:14:12)

    console.error
      The current testing environment is not configured to support act(...)

      88 |
      89 |     // CRITICAL: Set loading state immediately (synchronously) before any async work
    > 90 |     setIsImporting(true);
         |     ^
      91 |
      92 |     // Force a tiny delay to ensure UI updates before heavy computation
      93 |     await new Promise((resolve) => setTimeout(resolve, 10));

      at isConcurrentActEnvironment (node_modules/react-test-renderer/cjs/react-test-renderer.development.js:10243:17)
      at warnIfUpdatesNotWrappedWithActDEV (node_modules/react-test-renderer/cjs/react-test-renderer.development.js:11798:7)
      at scheduleUpdateOnFiber (node_modules/react-test-renderer/cjs/react-test-renderer.development.js:10326:9)
      at dispatchSetStateInternal (node_modules/react-test-renderer/cjs/react-test-renderer.development.js:4148:13)
      at dispatchSetState (node_modules/react-test-renderer/cjs/react-test-renderer.development.js:4107:7)
      at Object.setIsImporting (hooks/useWalletImport.js:90:5)
      at asyncGeneratorStep (node_modules/@babel/runtime/helpers/asyncToGenerator.js:3:17)
      at _next (node_modules/@babel/runtime/helpers/asyncToGenerator.js:17:9)
      at node_modules/@babel/runtime/helpers/asyncToGenerator.js:22:7
      at Object.<anonymous> (node_modules/@babel/runtime/helpers/asyncToGenerator.js:14:12)
      at Object.apply [as importWallet] (hooks/useWalletImport.js:85:21)
      at importWallet (hooks/__tests__/useWalletImport.test.js:266:30)
      at asyncGeneratorStep (node_modules/@babel/runtime/helpers/asyncToGenerator.js:3:17)
      at _next (node_modules/@babel/runtime/helpers/asyncToGenerator.js:17:9)
      at node_modules/@babel/runtime/helpers/asyncToGenerator.js:22:7
      at node_modules/@babel/runtime/helpers/asyncToGenerator.js:14:12
      at process.env.NODE_ENV.exports.act (node_modules/react/cjs/react.development.js:789:22)
      at Object.<anonymous> (hooks/__tests__/useWalletImport.test.js:265:16)
      at asyncGeneratorStep (node_modules/@babel/runtime/helpers/asyncToGenerator.js:3:17)
      at _next (node_modules/@babel/runtime/helpers/asyncToGenerator.js:17:9)
      at node_modules/@babel/runtime/helpers/asyncToGenerator.js:22:7
      at Object.<anonymous> (node_modules/@babel/runtime/helpers/asyncToGenerator.js:14:12)

    console.error
      The current testing environment is not configured to support act(...)

      42 |         // Silently fail - state will be empty on first run
      43 |       } finally {
    > 44 |         setStateLoaded(true);
         |         ^
      45 |       }
      46 |     };
      47 |

      at isConcurrentActEnvironment (node_modules/react-test-renderer/cjs/react-test-renderer.development.js:10243:17)
      at warnIfUpdatesNotWrappedWithActDEV (node_modules/react-test-renderer/cjs/react-test-renderer.development.js:11798:7)
      at scheduleUpdateOnFiber (node_modules/react-test-renderer/cjs/react-test-renderer.development.js:10326:9)
      at dispatchSetStateInternal (node_modules/react-test-renderer/cjs/react-test-renderer.development.js:4148:13)
      at dispatchSetState (node_modules/react-test-renderer/cjs/react-test-renderer.development.js:4107:7)
      at setStateLoaded (hooks/useWalletImport.js:44:9)
      at asyncGeneratorStep (node_modules/@babel/runtime/helpers/asyncToGenerator.js:3:17)
      at _next (node_modules/@babel/runtime/helpers/asyncToGenerator.js:17:9)

    console.error
      The current testing environment is not configured to support act(...)

      143 |       // They can retry by tapping Import again
      144 |     } finally {
    > 145 |       setIsImporting(false); // Hide loading indicator
          |       ^
      146 |     }
      147 |   };
      148 |

      at isConcurrentActEnvironment (node_modules/react-test-renderer/cjs/react-test-renderer.development.js:10243:17)
      at warnIfUpdatesNotWrappedWithActDEV (node_modules/react-test-renderer/cjs/react-test-renderer.development.js:11798:7)
      at scheduleUpdateOnFiber (node_modules/react-test-renderer/cjs/react-test-renderer.development.js:10326:9)
      at dispatchSetStateInternal (node_modules/react-test-renderer/cjs/react-test-renderer.development.js:4148:13)
      at dispatchSetState (node_modules/react-test-renderer/cjs/react-test-renderer.development.js:4107:7)
      at Object.setIsImporting (hooks/useWalletImport.js:145:7)
          at Generator.throw (<anonymous>)
      at asyncGeneratorStep (node_modules/@babel/runtime/helpers/asyncToGenerator.js:3:17)
      at _throw (node_modules/@babel/runtime/helpers/asyncToGenerator.js:20:9)

    console.error
      react-test-renderer is deprecated. See https://react.dev/warnings/react-test-renderer

      36 |   let component;
      37 |   act(() => {
    > 38 |     component = create(<TestComponent hookProps={initialProps} />);
         |                       ^
      39 |   });
      40 |   return {
      41 |     result,

      at process.env.NODE_ENV.exports.create (node_modules/react-test-renderer/cjs/react-test-renderer.development.js:14598:17)
      at hooks/__tests__/useWalletImport.test.js:38:23
      at process.env.NODE_ENV.exports.act (node_modules/react/cjs/react.development.js:789:22)
      at renderHook (hooks/__tests__/useWalletImport.test.js:37:6)
      at Object.renderHook (hooks/__tests__/useWalletImport.test.js:276:26)
      at asyncGeneratorStep (node_modules/@babel/runtime/helpers/asyncToGenerator.js:3:17)
      at _next (node_modules/@babel/runtime/helpers/asyncToGenerator.js:17:9)
      at node_modules/@babel/runtime/helpers/asyncToGenerator.js:22:7
      at Object.<anonymous> (node_modules/@babel/runtime/helpers/asyncToGenerator.js:14:12)

    console.error
      The current testing environment is not configured to support act(...)

      36 |   let component;
      37 |   act(() => {
    > 38 |     component = create(<TestComponent hookProps={initialProps} />);
         |                       ^
      39 |   });
      40 |   return {
      41 |     result,

      at isConcurrentActEnvironment (node_modules/react-test-renderer/cjs/react-test-renderer.development.js:10243:17)
      at warnIfUpdatesNotWrappedWithActDEV (node_modules/react-test-renderer/cjs/react-test-renderer.development.js:11798:7)
      at scheduleUpdateOnFiber (node_modules/react-test-renderer/cjs/react-test-renderer.development.js:10326:9)
      at updateContainerImpl (node_modules/react-test-renderer/cjs/react-test-renderer.development.js:12382:10)
      at updateContainer (node_modules/react-test-renderer/cjs/react-test-renderer.development.js:12326:7)
      at process.env.NODE_ENV.exports.create (node_modules/react-test-renderer/cjs/react-test-renderer.development.js:14630:7)
      at hooks/__tests__/useWalletImport.test.js:38:23
      at process.env.NODE_ENV.exports.act (node_modules/react/cjs/react.development.js:789:22)
      at renderHook (hooks/__tests__/useWalletImport.test.js:37:6)
      at Object.renderHook (hooks/__tests__/useWalletImport.test.js:276:26)
      at asyncGeneratorStep (node_modules/@babel/runtime/helpers/asyncToGenerator.js:3:17)
      at _next (node_modules/@babel/runtime/helpers/asyncToGenerator.js:17:9)
      at node_modules/@babel/runtime/helpers/asyncToGenerator.js:22:7
      at Object.<anonymous> (node_modules/@babel/runtime/helpers/asyncToGenerator.js:14:12)

    console.error
      The current testing environment is not configured to support act(...)

      281 |
      282 |       act(() => {
    > 283 |         result.current.setImportSeedPhrase(seedPhrase);
          |                        ^
      284 |       });
      285 |
      286 |       await act(async () => {

      at isConcurrentActEnvironment (node_modules/react-test-renderer/cjs/react-test-renderer.development.js:10243:17)
      at warnIfUpdatesNotWrappedWithActDEV (node_modules/react-test-renderer/cjs/react-test-renderer.development.js:11798:7)
      at scheduleUpdateOnFiber (node_modules/react-test-renderer/cjs/react-test-renderer.development.js:10326:9)
      at dispatchSetStateInternal (node_modules/react-test-renderer/cjs/react-test-renderer.development.js:4148:13)
      at dispatchSetState (node_modules/react-test-renderer/cjs/react-test-renderer.development.js:4107:7)
      at setImportSeedPhrase (hooks/__tests__/useWalletImport.test.js:283:24)
      at process.env.NODE_ENV.exports.act (node_modules/react/cjs/react.development.js:789:22)
      at Object.<anonymous> (hooks/__tests__/useWalletImport.test.js:282:10)
      at asyncGeneratorStep (node_modules/@babel/runtime/helpers/asyncToGenerator.js:3:17)
      at _next (node_modules/@babel/runtime/helpers/asyncToGenerator.js:17:9)
      at node_modules/@babel/runtime/helpers/asyncToGenerator.js:22:7
      at Object.<anonymous> (node_modules/@babel/runtime/helpers/asyncToGenerator.js:14:12)

    console.error
      The current testing environment is not configured to support act(...)

      88 |
      89 |     // CRITICAL: Set loading state immediately (synchronously) before any async work
    > 90 |     setIsImporting(true);
         |     ^
      91 |
      92 |     // Force a tiny delay to ensure UI updates before heavy computation
      93 |     await new Promise((resolve) => setTimeout(resolve, 10));

      at isConcurrentActEnvironment (node_modules/react-test-renderer/cjs/react-test-renderer.development.js:10243:17)
      at warnIfUpdatesNotWrappedWithActDEV (node_modules/react-test-renderer/cjs/react-test-renderer.development.js:11798:7)
      at scheduleUpdateOnFiber (node_modules/react-test-renderer/cjs/react-test-renderer.development.js:10326:9)
      at dispatchSetStateInternal (node_modules/react-test-renderer/cjs/react-test-renderer.development.js:4148:13)
      at dispatchSetState (node_modules/react-test-renderer/cjs/react-test-renderer.development.js:4107:7)
      at Object.setIsImporting (hooks/useWalletImport.js:90:5)
      at asyncGeneratorStep (node_modules/@babel/runtime/helpers/asyncToGenerator.js:3:17)
      at _next (node_modules/@babel/runtime/helpers/asyncToGenerator.js:17:9)
      at node_modules/@babel/runtime/helpers/asyncToGenerator.js:22:7
      at Object.<anonymous> (node_modules/@babel/runtime/helpers/asyncToGenerator.js:14:12)
      at Object.apply [as importWallet] (hooks/useWalletImport.js:85:21)
      at importWallet (hooks/__tests__/useWalletImport.test.js:287:30)
      at asyncGeneratorStep (node_modules/@babel/runtime/helpers/asyncToGenerator.js:3:17)
      at _next (node_modules/@babel/runtime/helpers/asyncToGenerator.js:17:9)
      at node_modules/@babel/runtime/helpers/asyncToGenerator.js:22:7
      at node_modules/@babel/runtime/helpers/asyncToGenerator.js:14:12
      at process.env.NODE_ENV.exports.act (node_modules/react/cjs/react.development.js:789:22)
      at Object.<anonymous> (hooks/__tests__/useWalletImport.test.js:286:16)
      at asyncGeneratorStep (node_modules/@babel/runtime/helpers/asyncToGenerator.js:3:17)
      at _next (node_modules/@babel/runtime/helpers/asyncToGenerator.js:17:9)
      at node_modules/@babel/runtime/helpers/asyncToGenerator.js:22:7
      at Object.<anonymous> (node_modules/@babel/runtime/helpers/asyncToGenerator.js:14:12)

    console.error
      The current testing environment is not configured to support act(...)

      42 |         // Silently fail - state will be empty on first run
      43 |       } finally {
    > 44 |         setStateLoaded(true);
         |         ^
      45 |       }
      46 |     };
      47 |

      at isConcurrentActEnvironment (node_modules/react-test-renderer/cjs/react-test-renderer.development.js:10243:17)
      at warnIfUpdatesNotWrappedWithActDEV (node_modules/react-test-renderer/cjs/react-test-renderer.development.js:11798:7)
      at scheduleUpdateOnFiber (node_modules/react-test-renderer/cjs/react-test-renderer.development.js:10326:9)
      at dispatchSetStateInternal (node_modules/react-test-renderer/cjs/react-test-renderer.development.js:4148:13)
      at dispatchSetState (node_modules/react-test-renderer/cjs/react-test-renderer.development.js:4107:7)
      at setStateLoaded (hooks/useWalletImport.js:44:9)
      at asyncGeneratorStep (node_modules/@babel/runtime/helpers/asyncToGenerator.js:3:17)
      at _next (node_modules/@babel/runtime/helpers/asyncToGenerator.js:17:9)

    console.error
      The current testing environment is not configured to support act(...)

      143 |       // They can retry by tapping Import again
      144 |     } finally {
    > 145 |       setIsImporting(false); // Hide loading indicator
          |       ^
      146 |     }
      147 |   };
      148 |

      at isConcurrentActEnvironment (node_modules/react-test-renderer/cjs/react-test-renderer.development.js:10243:17)
      at warnIfUpdatesNotWrappedWithActDEV (node_modules/react-test-renderer/cjs/react-test-renderer.development.js:11798:7)
      at scheduleUpdateOnFiber (node_modules/react-test-renderer/cjs/react-test-renderer.development.js:10326:9)
      at dispatchSetStateInternal (node_modules/react-test-renderer/cjs/react-test-renderer.development.js:4148:13)
      at dispatchSetState (node_modules/react-test-renderer/cjs/react-test-renderer.development.js:4107:7)
      at Object.setIsImporting (hooks/useWalletImport.js:145:7)
          at Generator.throw (<anonymous>)
      at asyncGeneratorStep (node_modules/@babel/runtime/helpers/asyncToGenerator.js:3:17)
      at _throw (node_modules/@babel/runtime/helpers/asyncToGenerator.js:20:9)

    console.error
      react-test-renderer is deprecated. See https://react.dev/warnings/react-test-renderer

      36 |   let component;
      37 |   act(() => {
    > 38 |     component = create(<TestComponent hookProps={initialProps} />);
         |                       ^
      39 |   });
      40 |   return {
      41 |     result,

      at process.env.NODE_ENV.exports.create (node_modules/react-test-renderer/cjs/react-test-renderer.development.js:14598:17)
      at hooks/__tests__/useWalletImport.test.js:38:23
      at process.env.NODE_ENV.exports.act (node_modules/react/cjs/react.development.js:789:22)
      at renderHook (hooks/__tests__/useWalletImport.test.js:37:6)
      at Object.renderHook (hooks/__tests__/useWalletImport.test.js:294:26)
      at asyncGeneratorStep (node_modules/@babel/runtime/helpers/asyncToGenerator.js:3:17)
      at _next (node_modules/@babel/runtime/helpers/asyncToGenerator.js:17:9)
      at node_modules/@babel/runtime/helpers/asyncToGenerator.js:22:7
      at Object.<anonymous> (node_modules/@babel/runtime/helpers/asyncToGenerator.js:14:12)

    console.error
      The current testing environment is not configured to support act(...)

      36 |   let component;
      37 |   act(() => {
    > 38 |     component = create(<TestComponent hookProps={initialProps} />);
         |                       ^
      39 |   });
      40 |   return {
      41 |     result,

      at isConcurrentActEnvironment (node_modules/react-test-renderer/cjs/react-test-renderer.development.js:10243:17)
      at warnIfUpdatesNotWrappedWithActDEV (node_modules/react-test-renderer/cjs/react-test-renderer.development.js:11798:7)
      at scheduleUpdateOnFiber (node_modules/react-test-renderer/cjs/react-test-renderer.development.js:10326:9)
      at updateContainerImpl (node_modules/react-test-renderer/cjs/react-test-renderer.development.js:12382:10)
      at updateContainer (node_modules/react-test-renderer/cjs/react-test-renderer.development.js:12326:7)
      at process.env.NODE_ENV.exports.create (node_modules/react-test-renderer/cjs/react-test-renderer.development.js:14630:7)
      at hooks/__tests__/useWalletImport.test.js:38:23
      at process.env.NODE_ENV.exports.act (node_modules/react/cjs/react.development.js:789:22)
      at renderHook (hooks/__tests__/useWalletImport.test.js:37:6)
      at Object.renderHook (hooks/__tests__/useWalletImport.test.js:294:26)
      at asyncGeneratorStep (node_modules/@babel/runtime/helpers/asyncToGenerator.js:3:17)
      at _next (node_modules/@babel/runtime/helpers/asyncToGenerator.js:17:9)
      at node_modules/@babel/runtime/helpers/asyncToGenerator.js:22:7
      at Object.<anonymous> (node_modules/@babel/runtime/helpers/asyncToGenerator.js:14:12)

    console.error
      The current testing environment is not configured to support act(...)

      299 |
      300 |       act(() => {
    > 301 |         result.current.setImportingWallet(true);
          |                        ^
      302 |         result.current.setImportSeedPhrase(seedPhrase);
      303 |       });
      304 |

      at isConcurrentActEnvironment (node_modules/react-test-renderer/cjs/react-test-renderer.development.js:10243:17)
      at warnIfUpdatesNotWrappedWithActDEV (node_modules/react-test-renderer/cjs/react-test-renderer.development.js:11798:7)
      at scheduleUpdateOnFiber (node_modules/react-test-renderer/cjs/react-test-renderer.development.js:10326:9)
      at dispatchSetStateInternal (node_modules/react-test-renderer/cjs/react-test-renderer.development.js:4148:13)
      at dispatchSetState (node_modules/react-test-renderer/cjs/react-test-renderer.development.js:4107:7)
      at setImportingWallet (hooks/__tests__/useWalletImport.test.js:301:24)
      at process.env.NODE_ENV.exports.act (node_modules/react/cjs/react.development.js:789:22)
      at Object.<anonymous> (hooks/__tests__/useWalletImport.test.js:300:10)
      at asyncGeneratorStep (node_modules/@babel/runtime/helpers/asyncToGenerator.js:3:17)
      at _next (node_modules/@babel/runtime/helpers/asyncToGenerator.js:17:9)
      at node_modules/@babel/runtime/helpers/asyncToGenerator.js:22:7
      at Object.<anonymous> (node_modules/@babel/runtime/helpers/asyncToGenerator.js:14:12)

    console.error
      The current testing environment is not configured to support act(...)

      300 |       act(() => {
      301 |         result.current.setImportingWallet(true);
    > 302 |         result.current.setImportSeedPhrase(seedPhrase);
          |                        ^
      303 |       });
      304 |
      305 |       await act(async () => {

      at isConcurrentActEnvironment (node_modules/react-test-renderer/cjs/react-test-renderer.development.js:10243:17)
      at warnIfUpdatesNotWrappedWithActDEV (node_modules/react-test-renderer/cjs/react-test-renderer.development.js:11798:7)
      at scheduleUpdateOnFiber (node_modules/react-test-renderer/cjs/react-test-renderer.development.js:10326:9)
      at dispatchSetStateInternal (node_modules/react-test-renderer/cjs/react-test-renderer.development.js:4148:13)
      at dispatchSetState (node_modules/react-test-renderer/cjs/react-test-renderer.development.js:4107:7)
      at setImportSeedPhrase (hooks/__tests__/useWalletImport.test.js:302:24)
      at process.env.NODE_ENV.exports.act (node_modules/react/cjs/react.development.js:789:22)
      at Object.<anonymous> (hooks/__tests__/useWalletImport.test.js:300:10)
      at asyncGeneratorStep (node_modules/@babel/runtime/helpers/asyncToGenerator.js:3:17)
      at _next (node_modules/@babel/runtime/helpers/asyncToGenerator.js:17:9)
      at node_modules/@babel/runtime/helpers/asyncToGenerator.js:22:7
      at Object.<anonymous> (node_modules/@babel/runtime/helpers/asyncToGenerator.js:14:12)

    console.error
      The current testing environment is not configured to support act(...)

      88 |
      89 |     // CRITICAL: Set loading state immediately (synchronously) before any async work
    > 90 |     setIsImporting(true);
         |     ^
      91 |
      92 |     // Force a tiny delay to ensure UI updates before heavy computation
      93 |     await new Promise((resolve) => setTimeout(resolve, 10));

      at isConcurrentActEnvironment (node_modules/react-test-renderer/cjs/react-test-renderer.development.js:10243:17)
      at warnIfUpdatesNotWrappedWithActDEV (node_modules/react-test-renderer/cjs/react-test-renderer.development.js:11798:7)
      at scheduleUpdateOnFiber (node_modules/react-test-renderer/cjs/react-test-renderer.development.js:10326:9)
      at dispatchSetStateInternal (node_modules/react-test-renderer/cjs/react-test-renderer.development.js:4148:13)
      at dispatchSetState (node_modules/react-test-renderer/cjs/react-test-renderer.development.js:4107:7)
      at Object.setIsImporting (hooks/useWalletImport.js:90:5)
      at asyncGeneratorStep (node_modules/@babel/runtime/helpers/asyncToGenerator.js:3:17)
      at _next (node_modules/@babel/runtime/helpers/asyncToGenerator.js:17:9)
      at node_modules/@babel/runtime/helpers/asyncToGenerator.js:22:7
      at Object.<anonymous> (node_modules/@babel/runtime/helpers/asyncToGenerator.js:14:12)
      at Object.apply [as importWallet] (hooks/useWalletImport.js:85:21)
      at importWallet (hooks/__tests__/useWalletImport.test.js:306:30)
      at asyncGeneratorStep (node_modules/@babel/runtime/helpers/asyncToGenerator.js:3:17)
      at _next (node_modules/@babel/runtime/helpers/asyncToGenerator.js:17:9)
      at node_modules/@babel/runtime/helpers/asyncToGenerator.js:22:7
      at node_modules/@babel/runtime/helpers/asyncToGenerator.js:14:12
      at process.env.NODE_ENV.exports.act (node_modules/react/cjs/react.development.js:789:22)
      at Object.<anonymous> (hooks/__tests__/useWalletImport.test.js:305:16)
      at asyncGeneratorStep (node_modules/@babel/runtime/helpers/asyncToGenerator.js:3:17)
      at _next (node_modules/@babel/runtime/helpers/asyncToGenerator.js:17:9)
      at node_modules/@babel/runtime/helpers/asyncToGenerator.js:22:7
      at Object.<anonymous> (node_modules/@babel/runtime/helpers/asyncToGenerator.js:14:12)

    console.error
      The current testing environment is not configured to support act(...)

      42 |         // Silently fail - state will be empty on first run
      43 |       } finally {
    > 44 |         setStateLoaded(true);
         |         ^
      45 |       }
      46 |     };
      47 |

      at isConcurrentActEnvironment (node_modules/react-test-renderer/cjs/react-test-renderer.development.js:10243:17)
      at warnIfUpdatesNotWrappedWithActDEV (node_modules/react-test-renderer/cjs/react-test-renderer.development.js:11798:7)
      at scheduleUpdateOnFiber (node_modules/react-test-renderer/cjs/react-test-renderer.development.js:10326:9)
      at dispatchSetStateInternal (node_modules/react-test-renderer/cjs/react-test-renderer.development.js:4148:13)
      at dispatchSetState (node_modules/react-test-renderer/cjs/react-test-renderer.development.js:4107:7)
      at setStateLoaded (hooks/useWalletImport.js:44:9)
      at asyncGeneratorStep (node_modules/@babel/runtime/helpers/asyncToGenerator.js:3:17)
      at _next (node_modules/@babel/runtime/helpers/asyncToGenerator.js:17:9)

    console.error
      The current testing environment is not configured to support act(...)

      143 |       // They can retry by tapping Import again
      144 |     } finally {
    > 145 |       setIsImporting(false); // Hide loading indicator
          |       ^
      146 |     }
      147 |   };
      148 |

      at isConcurrentActEnvironment (node_modules/react-test-renderer/cjs/react-test-renderer.development.js:10243:17)
      at warnIfUpdatesNotWrappedWithActDEV (node_modules/react-test-renderer/cjs/react-test-renderer.development.js:11798:7)
      at scheduleUpdateOnFiber (node_modules/react-test-renderer/cjs/react-test-renderer.development.js:10326:9)
      at dispatchSetStateInternal (node_modules/react-test-renderer/cjs/react-test-renderer.development.js:4148:13)
      at dispatchSetState (node_modules/react-test-renderer/cjs/react-test-renderer.development.js:4107:7)
      at Object.setIsImporting (hooks/useWalletImport.js:145:7)
          at Generator.throw (<anonymous>)
      at asyncGeneratorStep (node_modules/@babel/runtime/helpers/asyncToGenerator.js:3:17)
      at _throw (node_modules/@babel/runtime/helpers/asyncToGenerator.js:20:9)

    console.error
      react-test-renderer is deprecated. See https://react.dev/warnings/react-test-renderer

      36 |   let component;
      37 |   act(() => {
    > 38 |     component = create(<TestComponent hookProps={initialProps} />);
         |                       ^
      39 |   });
      40 |   return {
      41 |     result,

      at process.env.NODE_ENV.exports.create (node_modules/react-test-renderer/cjs/react-test-renderer.development.js:14598:17)
      at hooks/__tests__/useWalletImport.test.js:38:23
      at process.env.NODE_ENV.exports.act (node_modules/react/cjs/react.development.js:789:22)
      at renderHook (hooks/__tests__/useWalletImport.test.js:37:6)
      at Object.renderHook (hooks/__tests__/useWalletImport.test.js:314:26)
      at asyncGeneratorStep (node_modules/@babel/runtime/helpers/asyncToGenerator.js:3:17)
      at _next (node_modules/@babel/runtime/helpers/asyncToGenerator.js:17:9)
      at node_modules/@babel/runtime/helpers/asyncToGenerator.js:22:7
      at Object.<anonymous> (node_modules/@babel/runtime/helpers/asyncToGenerator.js:14:12)

    console.error
      The current testing environment is not configured to support act(...)

      36 |   let component;
      37 |   act(() => {
    > 38 |     component = create(<TestComponent hookProps={initialProps} />);
         |                       ^
      39 |   });
      40 |   return {
      41 |     result,

      at isConcurrentActEnvironment (node_modules/react-test-renderer/cjs/react-test-renderer.development.js:10243:17)
      at warnIfUpdatesNotWrappedWithActDEV (node_modules/react-test-renderer/cjs/react-test-renderer.development.js:11798:7)
      at scheduleUpdateOnFiber (node_modules/react-test-renderer/cjs/react-test-renderer.development.js:10326:9)
      at updateContainerImpl (node_modules/react-test-renderer/cjs/react-test-renderer.development.js:12382:10)
      at updateContainer (node_modules/react-test-renderer/cjs/react-test-renderer.development.js:12326:7)
      at process.env.NODE_ENV.exports.create (node_modules/react-test-renderer/cjs/react-test-renderer.development.js:14630:7)
      at hooks/__tests__/useWalletImport.test.js:38:23
      at process.env.NODE_ENV.exports.act (node_modules/react/cjs/react.development.js:789:22)
      at renderHook (hooks/__tests__/useWalletImport.test.js:37:6)
      at Object.renderHook (hooks/__tests__/useWalletImport.test.js:314:26)
      at asyncGeneratorStep (node_modules/@babel/runtime/helpers/asyncToGenerator.js:3:17)
      at _next (node_modules/@babel/runtime/helpers/asyncToGenerator.js:17:9)
      at node_modules/@babel/runtime/helpers/asyncToGenerator.js:22:7
      at Object.<anonymous> (node_modules/@babel/runtime/helpers/asyncToGenerator.js:14:12)

    console.error
      The current testing environment is not configured to support act(...)

      319 |
      320 |       act(() => {
    > 321 |         result.current.setImportSeedPhrase(seedPhrase);
          |                        ^
      322 |       });
      323 |
      324 |       await act(async () => {

      at isConcurrentActEnvironment (node_modules/react-test-renderer/cjs/react-test-renderer.development.js:10243:17)
      at warnIfUpdatesNotWrappedWithActDEV (node_modules/react-test-renderer/cjs/react-test-renderer.development.js:11798:7)
      at scheduleUpdateOnFiber (node_modules/react-test-renderer/cjs/react-test-renderer.development.js:10326:9)
      at dispatchSetStateInternal (node_modules/react-test-renderer/cjs/react-test-renderer.development.js:4148:13)
      at dispatchSetState (node_modules/react-test-renderer/cjs/react-test-renderer.development.js:4107:7)
      at setImportSeedPhrase (hooks/__tests__/useWalletImport.test.js:321:24)
      at process.env.NODE_ENV.exports.act (node_modules/react/cjs/react.development.js:789:22)
      at Object.<anonymous> (hooks/__tests__/useWalletImport.test.js:320:10)
      at asyncGeneratorStep (node_modules/@babel/runtime/helpers/asyncToGenerator.js:3:17)
      at _next (node_modules/@babel/runtime/helpers/asyncToGenerator.js:17:9)
      at node_modules/@babel/runtime/helpers/asyncToGenerator.js:22:7
      at Object.<anonymous> (node_modules/@babel/runtime/helpers/asyncToGenerator.js:14:12)

    console.error
      The current testing environment is not configured to support act(...)

      88 |
      89 |     // CRITICAL: Set loading state immediately (synchronously) before any async work
    > 90 |     setIsImporting(true);
         |     ^
      91 |
      92 |     // Force a tiny delay to ensure UI updates before heavy computation
      93 |     await new Promise((resolve) => setTimeout(resolve, 10));

      at isConcurrentActEnvironment (node_modules/react-test-renderer/cjs/react-test-renderer.development.js:10243:17)
      at warnIfUpdatesNotWrappedWithActDEV (node_modules/react-test-renderer/cjs/react-test-renderer.development.js:11798:7)
      at scheduleUpdateOnFiber (node_modules/react-test-renderer/cjs/react-test-renderer.development.js:10326:9)
      at dispatchSetStateInternal (node_modules/react-test-renderer/cjs/react-test-renderer.development.js:4148:13)
      at dispatchSetState (node_modules/react-test-renderer/cjs/react-test-renderer.development.js:4107:7)
      at Object.setIsImporting (hooks/useWalletImport.js:90:5)
      at asyncGeneratorStep (node_modules/@babel/runtime/helpers/asyncToGenerator.js:3:17)
      at _next (node_modules/@babel/runtime/helpers/asyncToGenerator.js:17:9)
      at node_modules/@babel/runtime/helpers/asyncToGenerator.js:22:7
      at Object.<anonymous> (node_modules/@babel/runtime/helpers/asyncToGenerator.js:14:12)
      at Object.apply [as importWallet] (hooks/useWalletImport.js:85:21)
      at importWallet (hooks/__tests__/useWalletImport.test.js:325:30)
      at asyncGeneratorStep (node_modules/@babel/runtime/helpers/asyncToGenerator.js:3:17)
      at _next (node_modules/@babel/runtime/helpers/asyncToGenerator.js:17:9)
      at node_modules/@babel/runtime/helpers/asyncToGenerator.js:22:7
      at node_modules/@babel/runtime/helpers/asyncToGenerator.js:14:12
      at process.env.NODE_ENV.exports.act (node_modules/react/cjs/react.development.js:789:22)
      at Object.<anonymous> (hooks/__tests__/useWalletImport.test.js:324:16)
      at asyncGeneratorStep (node_modules/@babel/runtime/helpers/asyncToGenerator.js:3:17)
      at _next (node_modules/@babel/runtime/helpers/asyncToGenerator.js:17:9)
      at node_modules/@babel/runtime/helpers/asyncToGenerator.js:22:7
      at Object.<anonymous> (node_modules/@babel/runtime/helpers/asyncToGenerator.js:14:12)

    console.error
      The current testing environment is not configured to support act(...)

      42 |         // Silently fail - state will be empty on first run
      43 |       } finally {
    > 44 |         setStateLoaded(true);
         |         ^
      45 |       }
      46 |     };
      47 |

      at isConcurrentActEnvironment (node_modules/react-test-renderer/cjs/react-test-renderer.development.js:10243:17)
      at warnIfUpdatesNotWrappedWithActDEV (node_modules/react-test-renderer/cjs/react-test-renderer.development.js:11798:7)
      at scheduleUpdateOnFiber (node_modules/react-test-renderer/cjs/react-test-renderer.development.js:10326:9)
      at dispatchSetStateInternal (node_modules/react-test-renderer/cjs/react-test-renderer.development.js:4148:13)
      at dispatchSetState (node_modules/react-test-renderer/cjs/react-test-renderer.development.js:4107:7)
      at setStateLoaded (hooks/useWalletImport.js:44:9)
      at asyncGeneratorStep (node_modules/@babel/runtime/helpers/asyncToGenerator.js:3:17)
      at _next (node_modules/@babel/runtime/helpers/asyncToGenerator.js:17:9)

    console.error
      The current testing environment is not configured to support act(...)

      143 |       // They can retry by tapping Import again
      144 |     } finally {
    > 145 |       setIsImporting(false); // Hide loading indicator
          |       ^
      146 |     }
      147 |   };
      148 |

      at isConcurrentActEnvironment (node_modules/react-test-renderer/cjs/react-test-renderer.development.js:10243:17)
      at warnIfUpdatesNotWrappedWithActDEV (node_modules/react-test-renderer/cjs/react-test-renderer.development.js:11798:7)
      at scheduleUpdateOnFiber (node_modules/react-test-renderer/cjs/react-test-renderer.development.js:10326:9)
      at dispatchSetStateInternal (node_modules/react-test-renderer/cjs/react-test-renderer.development.js:4148:13)
      at dispatchSetState (node_modules/react-test-renderer/cjs/react-test-renderer.development.js:4107:7)
      at Object.setIsImporting (hooks/useWalletImport.js:145:7)
          at Generator.throw (<anonymous>)
      at asyncGeneratorStep (node_modules/@babel/runtime/helpers/asyncToGenerator.js:3:17)
      at _throw (node_modules/@babel/runtime/helpers/asyncToGenerator.js:20:9)

    console.error
      react-test-renderer is deprecated. See https://react.dev/warnings/react-test-renderer

      36 |   let component;
      37 |   act(() => {
    > 38 |     component = create(<TestComponent hookProps={initialProps} />);
         |                       ^
      39 |   });
      40 |   return {
      41 |     result,

      at process.env.NODE_ENV.exports.create (node_modules/react-test-renderer/cjs/react-test-renderer.development.js:14598:17)
      at hooks/__tests__/useWalletImport.test.js:38:23
      at process.env.NODE_ENV.exports.act (node_modules/react/cjs/react.development.js:789:22)
      at renderHook (hooks/__tests__/useWalletImport.test.js:37:6)
      at Object.renderHook (hooks/__tests__/useWalletImport.test.js:334:26)
      at asyncGeneratorStep (node_modules/@babel/runtime/helpers/asyncToGenerator.js:3:17)
      at _next (node_modules/@babel/runtime/helpers/asyncToGenerator.js:17:9)
      at node_modules/@babel/runtime/helpers/asyncToGenerator.js:22:7
      at Object.<anonymous> (node_modules/@babel/runtime/helpers/asyncToGenerator.js:14:12)

    console.error
      The current testing environment is not configured to support act(...)

      36 |   let component;
      37 |   act(() => {
    > 38 |     component = create(<TestComponent hookProps={initialProps} />);
         |                       ^
      39 |   });
      40 |   return {
      41 |     result,

      at isConcurrentActEnvironment (node_modules/react-test-renderer/cjs/react-test-renderer.development.js:10243:17)
      at warnIfUpdatesNotWrappedWithActDEV (node_modules/react-test-renderer/cjs/react-test-renderer.development.js:11798:7)
      at scheduleUpdateOnFiber (node_modules/react-test-renderer/cjs/react-test-renderer.development.js:10326:9)
      at updateContainerImpl (node_modules/react-test-renderer/cjs/react-test-renderer.development.js:12382:10)
      at updateContainer (node_modules/react-test-renderer/cjs/react-test-renderer.development.js:12326:7)
      at process.env.NODE_ENV.exports.create (node_modules/react-test-renderer/cjs/react-test-renderer.development.js:14630:7)
      at hooks/__tests__/useWalletImport.test.js:38:23
      at process.env.NODE_ENV.exports.act (node_modules/react/cjs/react.development.js:789:22)
      at renderHook (hooks/__tests__/useWalletImport.test.js:37:6)
      at Object.renderHook (hooks/__tests__/useWalletImport.test.js:334:26)
      at asyncGeneratorStep (node_modules/@babel/runtime/helpers/asyncToGenerator.js:3:17)
      at _next (node_modules/@babel/runtime/helpers/asyncToGenerator.js:17:9)
      at node_modules/@babel/runtime/helpers/asyncToGenerator.js:22:7
      at Object.<anonymous> (node_modules/@babel/runtime/helpers/asyncToGenerator.js:14:12)

    console.error
      The current testing environment is not configured to support act(...)

      339 |
      340 |       act(() => {
    > 341 |         result.current.setImportSeedPhrase(seedPhrase);
          |                        ^
      342 |       });
      343 |
      344 |       await act(async () => {

      at isConcurrentActEnvironment (node_modules/react-test-renderer/cjs/react-test-renderer.development.js:10243:17)
      at warnIfUpdatesNotWrappedWithActDEV (node_modules/react-test-renderer/cjs/react-test-renderer.development.js:11798:7)
      at scheduleUpdateOnFiber (node_modules/react-test-renderer/cjs/react-test-renderer.development.js:10326:9)
      at dispatchSetStateInternal (node_modules/react-test-renderer/cjs/react-test-renderer.development.js:4148:13)
      at dispatchSetState (node_modules/react-test-renderer/cjs/react-test-renderer.development.js:4107:7)
      at setImportSeedPhrase (hooks/__tests__/useWalletImport.test.js:341:24)
      at process.env.NODE_ENV.exports.act (node_modules/react/cjs/react.development.js:789:22)
      at Object.<anonymous> (hooks/__tests__/useWalletImport.test.js:340:10)
      at asyncGeneratorStep (node_modules/@babel/runtime/helpers/asyncToGenerator.js:3:17)
      at _next (node_modules/@babel/runtime/helpers/asyncToGenerator.js:17:9)
      at node_modules/@babel/runtime/helpers/asyncToGenerator.js:22:7
      at Object.<anonymous> (node_modules/@babel/runtime/helpers/asyncToGenerator.js:14:12)

    console.error
      The current testing environment is not configured to support act(...)

      88 |
      89 |     // CRITICAL: Set loading state immediately (synchronously) before any async work
    > 90 |     setIsImporting(true);
         |     ^
      91 |
      92 |     // Force a tiny delay to ensure UI updates before heavy computation
      93 |     await new Promise((resolve) => setTimeout(resolve, 10));

      at isConcurrentActEnvironment (node_modules/react-test-renderer/cjs/react-test-renderer.development.js:10243:17)
      at warnIfUpdatesNotWrappedWithActDEV (node_modules/react-test-renderer/cjs/react-test-renderer.development.js:11798:7)
      at scheduleUpdateOnFiber (node_modules/react-test-renderer/cjs/react-test-renderer.development.js:10326:9)
      at dispatchSetStateInternal (node_modules/react-test-renderer/cjs/react-test-renderer.development.js:4148:13)
      at dispatchSetState (node_modules/react-test-renderer/cjs/react-test-renderer.development.js:4107:7)
      at Object.setIsImporting (hooks/useWalletImport.js:90:5)
      at asyncGeneratorStep (node_modules/@babel/runtime/helpers/asyncToGenerator.js:3:17)
      at _next (node_modules/@babel/runtime/helpers/asyncToGenerator.js:17:9)
      at node_modules/@babel/runtime/helpers/asyncToGenerator.js:22:7
      at Object.<anonymous> (node_modules/@babel/runtime/helpers/asyncToGenerator.js:14:12)
      at Object.apply [as importWallet] (hooks/useWalletImport.js:85:21)
      at importWallet (hooks/__tests__/useWalletImport.test.js:345:30)
      at asyncGeneratorStep (node_modules/@babel/runtime/helpers/asyncToGenerator.js:3:17)
      at _next (node_modules/@babel/runtime/helpers/asyncToGenerator.js:17:9)
      at node_modules/@babel/runtime/helpers/asyncToGenerator.js:22:7
      at node_modules/@babel/runtime/helpers/asyncToGenerator.js:14:12
      at process.env.NODE_ENV.exports.act (node_modules/react/cjs/react.development.js:789:22)
      at Object.<anonymous> (hooks/__tests__/useWalletImport.test.js:344:16)
      at asyncGeneratorStep (node_modules/@babel/runtime/helpers/asyncToGenerator.js:3:17)
      at _next (node_modules/@babel/runtime/helpers/asyncToGenerator.js:17:9)
      at node_modules/@babel/runtime/helpers/asyncToGenerator.js:22:7
      at Object.<anonymous> (node_modules/@babel/runtime/helpers/asyncToGenerator.js:14:12)

    console.error
      The current testing environment is not configured to support act(...)

      42 |         // Silently fail - state will be empty on first run
      43 |       } finally {
    > 44 |         setStateLoaded(true);
         |         ^
      45 |       }
      46 |     };
      47 |

      at isConcurrentActEnvironment (node_modules/react-test-renderer/cjs/react-test-renderer.development.js:10243:17)
      at warnIfUpdatesNotWrappedWithActDEV (node_modules/react-test-renderer/cjs/react-test-renderer.development.js:11798:7)
      at scheduleUpdateOnFiber (node_modules/react-test-renderer/cjs/react-test-renderer.development.js:10326:9)
      at dispatchSetStateInternal (node_modules/react-test-renderer/cjs/react-test-renderer.development.js:4148:13)
      at dispatchSetState (node_modules/react-test-renderer/cjs/react-test-renderer.development.js:4107:7)
      at setStateLoaded (hooks/useWalletImport.js:44:9)
      at asyncGeneratorStep (node_modules/@babel/runtime/helpers/asyncToGenerator.js:3:17)
      at _next (node_modules/@babel/runtime/helpers/asyncToGenerator.js:17:9)

    console.error
      The current testing environment is not configured to support act(...)

      143 |       // They can retry by tapping Import again
      144 |     } finally {
    > 145 |       setIsImporting(false); // Hide loading indicator
          |       ^
      146 |     }
      147 |   };
      148 |

      at isConcurrentActEnvironment (node_modules/react-test-renderer/cjs/react-test-renderer.development.js:10243:17)
      at warnIfUpdatesNotWrappedWithActDEV (node_modules/react-test-renderer/cjs/react-test-renderer.development.js:11798:7)
      at scheduleUpdateOnFiber (node_modules/react-test-renderer/cjs/react-test-renderer.development.js:10326:9)
      at dispatchSetStateInternal (node_modules/react-test-renderer/cjs/react-test-renderer.development.js:4148:13)
      at dispatchSetState (node_modules/react-test-renderer/cjs/react-test-renderer.development.js:4107:7)
      at Object.setIsImporting (hooks/useWalletImport.js:145:7)
          at Generator.throw (<anonymous>)
      at asyncGeneratorStep (node_modules/@babel/runtime/helpers/asyncToGenerator.js:3:17)
      at _throw (node_modules/@babel/runtime/helpers/asyncToGenerator.js:20:9)

    console.error
      react-test-renderer is deprecated. See https://react.dev/warnings/react-test-renderer

      36 |   let component;
      37 |   act(() => {
    > 38 |     component = create(<TestComponent hookProps={initialProps} />);
         |                       ^
      39 |   });
      40 |   return {
      41 |     result,

      at process.env.NODE_ENV.exports.create (node_modules/react-test-renderer/cjs/react-test-renderer.development.js:14598:17)
      at hooks/__tests__/useWalletImport.test.js:38:23
      at process.env.NODE_ENV.exports.act (node_modules/react/cjs/react.development.js:789:22)
      at renderHook (hooks/__tests__/useWalletImport.test.js:37:6)
      at Object.renderHook (hooks/__tests__/useWalletImport.test.js:355:26)
      at asyncGeneratorStep (node_modules/@babel/runtime/helpers/asyncToGenerator.js:3:17)
      at _next (node_modules/@babel/runtime/helpers/asyncToGenerator.js:17:9)
      at node_modules/@babel/runtime/helpers/asyncToGenerator.js:22:7
      at Object.<anonymous> (node_modules/@babel/runtime/helpers/asyncToGenerator.js:14:12)

    console.error
      The current testing environment is not configured to support act(...)

      36 |   let component;
      37 |   act(() => {
    > 38 |     component = create(<TestComponent hookProps={initialProps} />);
         |                       ^
      39 |   });
      40 |   return {
      41 |     result,

      at isConcurrentActEnvironment (node_modules/react-test-renderer/cjs/react-test-renderer.development.js:10243:17)
      at warnIfUpdatesNotWrappedWithActDEV (node_modules/react-test-renderer/cjs/react-test-renderer.development.js:11798:7)
      at scheduleUpdateOnFiber (node_modules/react-test-renderer/cjs/react-test-renderer.development.js:10326:9)
      at updateContainerImpl (node_modules/react-test-renderer/cjs/react-test-renderer.development.js:12382:10)
      at updateContainer (node_modules/react-test-renderer/cjs/react-test-renderer.development.js:12326:7)
      at process.env.NODE_ENV.exports.create (node_modules/react-test-renderer/cjs/react-test-renderer.development.js:14630:7)
      at hooks/__tests__/useWalletImport.test.js:38:23
      at process.env.NODE_ENV.exports.act (node_modules/react/cjs/react.development.js:789:22)
      at renderHook (hooks/__tests__/useWalletImport.test.js:37:6)
      at Object.renderHook (hooks/__tests__/useWalletImport.test.js:355:26)
      at asyncGeneratorStep (node_modules/@babel/runtime/helpers/asyncToGenerator.js:3:17)
      at _next (node_modules/@babel/runtime/helpers/asyncToGenerator.js:17:9)
      at node_modules/@babel/runtime/helpers/asyncToGenerator.js:22:7
      at Object.<anonymous> (node_modules/@babel/runtime/helpers/asyncToGenerator.js:14:12)

    console.error
      The current testing environment is not configured to support act(...)

      360 |
      361 |       act(() => {
    > 362 |         result.current.setImportSeedPhrase(seedPhrase);
          |                        ^
      363 |       });
      364 |
      365 |       await act(async () => {

      at isConcurrentActEnvironment (node_modules/react-test-renderer/cjs/react-test-renderer.development.js:10243:17)
      at warnIfUpdatesNotWrappedWithActDEV (node_modules/react-test-renderer/cjs/react-test-renderer.development.js:11798:7)
      at scheduleUpdateOnFiber (node_modules/react-test-renderer/cjs/react-test-renderer.development.js:10326:9)
      at dispatchSetStateInternal (node_modules/react-test-renderer/cjs/react-test-renderer.development.js:4148:13)
      at dispatchSetState (node_modules/react-test-renderer/cjs/react-test-renderer.development.js:4107:7)
      at setImportSeedPhrase (hooks/__tests__/useWalletImport.test.js:362:24)
      at process.env.NODE_ENV.exports.act (node_modules/react/cjs/react.development.js:789:22)
      at Object.<anonymous> (hooks/__tests__/useWalletImport.test.js:361:10)
      at asyncGeneratorStep (node_modules/@babel/runtime/helpers/asyncToGenerator.js:3:17)
      at _next (node_modules/@babel/runtime/helpers/asyncToGenerator.js:17:9)
      at node_modules/@babel/runtime/helpers/asyncToGenerator.js:22:7
      at Object.<anonymous> (node_modules/@babel/runtime/helpers/asyncToGenerator.js:14:12)

    console.error
      The current testing environment is not configured to support act(...)

      88 |
      89 |     // CRITICAL: Set loading state immediately (synchronously) before any async work
    > 90 |     setIsImporting(true);
         |     ^
      91 |
      92 |     // Force a tiny delay to ensure UI updates before heavy computation
      93 |     await new Promise((resolve) => setTimeout(resolve, 10));

      at isConcurrentActEnvironment (node_modules/react-test-renderer/cjs/react-test-renderer.development.js:10243:17)
      at warnIfUpdatesNotWrappedWithActDEV (node_modules/react-test-renderer/cjs/react-test-renderer.development.js:11798:7)
      at scheduleUpdateOnFiber (node_modules/react-test-renderer/cjs/react-test-renderer.development.js:10326:9)
      at dispatchSetStateInternal (node_modules/react-test-renderer/cjs/react-test-renderer.development.js:4148:13)
      at dispatchSetState (node_modules/react-test-renderer/cjs/react-test-renderer.development.js:4107:7)
      at Object.setIsImporting (hooks/useWalletImport.js:90:5)
      at asyncGeneratorStep (node_modules/@babel/runtime/helpers/asyncToGenerator.js:3:17)
      at _next (node_modules/@babel/runtime/helpers/asyncToGenerator.js:17:9)
      at node_modules/@babel/runtime/helpers/asyncToGenerator.js:22:7
      at Object.<anonymous> (node_modules/@babel/runtime/helpers/asyncToGenerator.js:14:12)
      at Object.apply [as importWallet] (hooks/useWalletImport.js:85:21)
      at importWallet (hooks/__tests__/useWalletImport.test.js:366:30)
      at asyncGeneratorStep (node_modules/@babel/runtime/helpers/asyncToGenerator.js:3:17)
      at _next (node_modules/@babel/runtime/helpers/asyncToGenerator.js:17:9)
      at node_modules/@babel/runtime/helpers/asyncToGenerator.js:22:7
      at node_modules/@babel/runtime/helpers/asyncToGenerator.js:14:12
      at process.env.NODE_ENV.exports.act (node_modules/react/cjs/react.development.js:789:22)
      at Object.<anonymous> (hooks/__tests__/useWalletImport.test.js:365:16)
      at asyncGeneratorStep (node_modules/@babel/runtime/helpers/asyncToGenerator.js:3:17)
      at _next (node_modules/@babel/runtime/helpers/asyncToGenerator.js:17:9)
      at node_modules/@babel/runtime/helpers/asyncToGenerator.js:22:7
      at Object.<anonymous> (node_modules/@babel/runtime/helpers/asyncToGenerator.js:14:12)

    console.error
      The current testing environment is not configured to support act(...)

      42 |         // Silently fail - state will be empty on first run
      43 |       } finally {
    > 44 |         setStateLoaded(true);
         |         ^
      45 |       }
      46 |     };
      47 |

      at isConcurrentActEnvironment (node_modules/react-test-renderer/cjs/react-test-renderer.development.js:10243:17)
      at warnIfUpdatesNotWrappedWithActDEV (node_modules/react-test-renderer/cjs/react-test-renderer.development.js:11798:7)
      at scheduleUpdateOnFiber (node_modules/react-test-renderer/cjs/react-test-renderer.development.js:10326:9)
      at dispatchSetStateInternal (node_modules/react-test-renderer/cjs/react-test-renderer.development.js:4148:13)
      at dispatchSetState (node_modules/react-test-renderer/cjs/react-test-renderer.development.js:4107:7)
      at setStateLoaded (hooks/useWalletImport.js:44:9)
      at asyncGeneratorStep (node_modules/@babel/runtime/helpers/asyncToGenerator.js:3:17)
      at _next (node_modules/@babel/runtime/helpers/asyncToGenerator.js:17:9)

    console.error
      The current testing environment is not configured to support act(...)

      143 |       // They can retry by tapping Import again
      144 |     } finally {
    > 145 |       setIsImporting(false); // Hide loading indicator
          |       ^
      146 |     }
      147 |   };
      148 |

      at isConcurrentActEnvironment (node_modules/react-test-renderer/cjs/react-test-renderer.development.js:10243:17)
      at warnIfUpdatesNotWrappedWithActDEV (node_modules/react-test-renderer/cjs/react-test-renderer.development.js:11798:7)
      at scheduleUpdateOnFiber (node_modules/react-test-renderer/cjs/react-test-renderer.development.js:10326:9)
      at dispatchSetStateInternal (node_modules/react-test-renderer/cjs/react-test-renderer.development.js:4148:13)
      at dispatchSetState (node_modules/react-test-renderer/cjs/react-test-renderer.development.js:4107:7)
      at Object.setIsImporting (hooks/useWalletImport.js:145:7)
          at Generator.throw (<anonymous>)
      at asyncGeneratorStep (node_modules/@babel/runtime/helpers/asyncToGenerator.js:3:17)
      at _throw (node_modules/@babel/runtime/helpers/asyncToGenerator.js:20:9)

    console.error
      react-test-renderer is deprecated. See https://react.dev/warnings/react-test-renderer

      36 |   let component;
      37 |   act(() => {
    > 38 |     component = create(<TestComponent hookProps={initialProps} />);
         |                       ^
      39 |   });
      40 |   return {
      41 |     result,

      at process.env.NODE_ENV.exports.create (node_modules/react-test-renderer/cjs/react-test-renderer.development.js:14598:17)
      at hooks/__tests__/useWalletImport.test.js:38:23
      at process.env.NODE_ENV.exports.act (node_modules/react/cjs/react.development.js:789:22)
      at renderHook (hooks/__tests__/useWalletImport.test.js:37:6)
      at Object.renderHook (hooks/__tests__/useWalletImport.test.js:375:26)
      at asyncGeneratorStep (node_modules/@babel/runtime/helpers/asyncToGenerator.js:3:17)
      at _next (node_modules/@babel/runtime/helpers/asyncToGenerator.js:17:9)
      at node_modules/@babel/runtime/helpers/asyncToGenerator.js:22:7
      at Object.<anonymous> (node_modules/@babel/runtime/helpers/asyncToGenerator.js:14:12)

    console.error
      The current testing environment is not configured to support act(...)

      36 |   let component;
      37 |   act(() => {
    > 38 |     component = create(<TestComponent hookProps={initialProps} />);
         |                       ^
      39 |   });
      40 |   return {
      41 |     result,

      at isConcurrentActEnvironment (node_modules/react-test-renderer/cjs/react-test-renderer.development.js:10243:17)
      at warnIfUpdatesNotWrappedWithActDEV (node_modules/react-test-renderer/cjs/react-test-renderer.development.js:11798:7)
      at scheduleUpdateOnFiber (node_modules/react-test-renderer/cjs/react-test-renderer.development.js:10326:9)
      at updateContainerImpl (node_modules/react-test-renderer/cjs/react-test-renderer.development.js:12382:10)
      at updateContainer (node_modules/react-test-renderer/cjs/react-test-renderer.development.js:12326:7)
      at process.env.NODE_ENV.exports.create (node_modules/react-test-renderer/cjs/react-test-renderer.development.js:14630:7)
      at hooks/__tests__/useWalletImport.test.js:38:23
      at process.env.NODE_ENV.exports.act (node_modules/react/cjs/react.development.js:789:22)
      at renderHook (hooks/__tests__/useWalletImport.test.js:37:6)
      at Object.renderHook (hooks/__tests__/useWalletImport.test.js:375:26)
      at asyncGeneratorStep (node_modules/@babel/runtime/helpers/asyncToGenerator.js:3:17)
      at _next (node_modules/@babel/runtime/helpers/asyncToGenerator.js:17:9)
      at node_modules/@babel/runtime/helpers/asyncToGenerator.js:22:7
      at Object.<anonymous> (node_modules/@babel/runtime/helpers/asyncToGenerator.js:14:12)

    console.error
      The current testing environment is not configured to support act(...)

      380 |
      381 |       act(() => {
    > 382 |         result.current.setImportSeedPhrase(seedPhrase);
          |                        ^
      383 |       });
      384 |
      385 |       await act(async () => {

      at isConcurrentActEnvironment (node_modules/react-test-renderer/cjs/react-test-renderer.development.js:10243:17)
      at warnIfUpdatesNotWrappedWithActDEV (node_modules/react-test-renderer/cjs/react-test-renderer.development.js:11798:7)
      at scheduleUpdateOnFiber (node_modules/react-test-renderer/cjs/react-test-renderer.development.js:10326:9)
      at dispatchSetStateInternal (node_modules/react-test-renderer/cjs/react-test-renderer.development.js:4148:13)
      at dispatchSetState (node_modules/react-test-renderer/cjs/react-test-renderer.development.js:4107:7)
      at setImportSeedPhrase (hooks/__tests__/useWalletImport.test.js:382:24)
      at process.env.NODE_ENV.exports.act (node_modules/react/cjs/react.development.js:789:22)
      at Object.<anonymous> (hooks/__tests__/useWalletImport.test.js:381:10)
      at asyncGeneratorStep (node_modules/@babel/runtime/helpers/asyncToGenerator.js:3:17)
      at _next (node_modules/@babel/runtime/helpers/asyncToGenerator.js:17:9)
      at node_modules/@babel/runtime/helpers/asyncToGenerator.js:22:7
      at Object.<anonymous> (node_modules/@babel/runtime/helpers/asyncToGenerator.js:14:12)

    console.error
      The current testing environment is not configured to support act(...)

      88 |
      89 |     // CRITICAL: Set loading state immediately (synchronously) before any async work
    > 90 |     setIsImporting(true);
         |     ^
      91 |
      92 |     // Force a tiny delay to ensure UI updates before heavy computation
      93 |     await new Promise((resolve) => setTimeout(resolve, 10));

      at isConcurrentActEnvironment (node_modules/react-test-renderer/cjs/react-test-renderer.development.js:10243:17)
      at warnIfUpdatesNotWrappedWithActDEV (node_modules/react-test-renderer/cjs/react-test-renderer.development.js:11798:7)
      at scheduleUpdateOnFiber (node_modules/react-test-renderer/cjs/react-test-renderer.development.js:10326:9)
      at dispatchSetStateInternal (node_modules/react-test-renderer/cjs/react-test-renderer.development.js:4148:13)
      at dispatchSetState (node_modules/react-test-renderer/cjs/react-test-renderer.development.js:4107:7)
      at Object.setIsImporting (hooks/useWalletImport.js:90:5)
      at asyncGeneratorStep (node_modules/@babel/runtime/helpers/asyncToGenerator.js:3:17)
      at _next (node_modules/@babel/runtime/helpers/asyncToGenerator.js:17:9)
      at node_modules/@babel/runtime/helpers/asyncToGenerator.js:22:7
      at Object.<anonymous> (node_modules/@babel/runtime/helpers/asyncToGenerator.js:14:12)
      at Object.apply [as importWallet] (hooks/useWalletImport.js:85:21)
      at importWallet (hooks/__tests__/useWalletImport.test.js:386:30)
      at asyncGeneratorStep (node_modules/@babel/runtime/helpers/asyncToGenerator.js:3:17)
      at _next (node_modules/@babel/runtime/helpers/asyncToGenerator.js:17:9)
      at node_modules/@babel/runtime/helpers/asyncToGenerator.js:22:7
      at node_modules/@babel/runtime/helpers/asyncToGenerator.js:14:12
      at process.env.NODE_ENV.exports.act (node_modules/react/cjs/react.development.js:789:22)
      at Object.<anonymous> (hooks/__tests__/useWalletImport.test.js:385:16)
      at asyncGeneratorStep (node_modules/@babel/runtime/helpers/asyncToGenerator.js:3:17)
      at _next (node_modules/@babel/runtime/helpers/asyncToGenerator.js:17:9)
      at node_modules/@babel/runtime/helpers/asyncToGenerator.js:22:7
      at Object.<anonymous> (node_modules/@babel/runtime/helpers/asyncToGenerator.js:14:12)

    console.error
      The current testing environment is not configured to support act(...)

      42 |         // Silently fail - state will be empty on first run
      43 |       } finally {
    > 44 |         setStateLoaded(true);
         |         ^
      45 |       }
      46 |     };
      47 |

      at isConcurrentActEnvironment (node_modules/react-test-renderer/cjs/react-test-renderer.development.js:10243:17)
      at warnIfUpdatesNotWrappedWithActDEV (node_modules/react-test-renderer/cjs/react-test-renderer.development.js:11798:7)
      at scheduleUpdateOnFiber (node_modules/react-test-renderer/cjs/react-test-renderer.development.js:10326:9)
      at dispatchSetStateInternal (node_modules/react-test-renderer/cjs/react-test-renderer.development.js:4148:13)
      at dispatchSetState (node_modules/react-test-renderer/cjs/react-test-renderer.development.js:4107:7)
      at setStateLoaded (hooks/useWalletImport.js:44:9)
      at asyncGeneratorStep (node_modules/@babel/runtime/helpers/asyncToGenerator.js:3:17)
      at _next (node_modules/@babel/runtime/helpers/asyncToGenerator.js:17:9)

    console.error
      The current testing environment is not configured to support act(...)

      143 |       // They can retry by tapping Import again
      144 |     } finally {
    > 145 |       setIsImporting(false); // Hide loading indicator
          |       ^
      146 |     }
      147 |   };
      148 |

      at isConcurrentActEnvironment (node_modules/react-test-renderer/cjs/react-test-renderer.development.js:10243:17)
      at warnIfUpdatesNotWrappedWithActDEV (node_modules/react-test-renderer/cjs/react-test-renderer.development.js:11798:7)
      at scheduleUpdateOnFiber (node_modules/react-test-renderer/cjs/react-test-renderer.development.js:10326:9)
      at dispatchSetStateInternal (node_modules/react-test-renderer/cjs/react-test-renderer.development.js:4148:13)
      at dispatchSetState (node_modules/react-test-renderer/cjs/react-test-renderer.development.js:4107:7)
      at Object.setIsImporting (hooks/useWalletImport.js:145:7)
          at Generator.throw (<anonymous>)
      at asyncGeneratorStep (node_modules/@babel/runtime/helpers/asyncToGenerator.js:3:17)
      at _throw (node_modules/@babel/runtime/helpers/asyncToGenerator.js:20:9)

    console.error
      react-test-renderer is deprecated. See https://react.dev/warnings/react-test-renderer

      36 |   let component;
      37 |   act(() => {
    > 38 |     component = create(<TestComponent hookProps={initialProps} />);
         |                       ^
      39 |   });
      40 |   return {
      41 |     result,

      at process.env.NODE_ENV.exports.create (node_modules/react-test-renderer/cjs/react-test-renderer.development.js:14598:17)
      at hooks/__tests__/useWalletImport.test.js:38:23
      at process.env.NODE_ENV.exports.act (node_modules/react/cjs/react.development.js:789:22)
      at renderHook (hooks/__tests__/useWalletImport.test.js:37:6)
      at Object.renderHook (hooks/__tests__/useWalletImport.test.js:406:26)
      at asyncGeneratorStep (node_modules/@babel/runtime/helpers/asyncToGenerator.js:3:17)
      at _next (node_modules/@babel/runtime/helpers/asyncToGenerator.js:17:9)
      at node_modules/@babel/runtime/helpers/asyncToGenerator.js:22:7
      at Object.<anonymous> (node_modules/@babel/runtime/helpers/asyncToGenerator.js:14:12)

    console.error
      The current testing environment is not configured to support act(...)

      36 |   let component;
      37 |   act(() => {
    > 38 |     component = create(<TestComponent hookProps={initialProps} />);
         |                       ^
      39 |   });
      40 |   return {
      41 |     result,

      at isConcurrentActEnvironment (node_modules/react-test-renderer/cjs/react-test-renderer.development.js:10243:17)
      at warnIfUpdatesNotWrappedWithActDEV (node_modules/react-test-renderer/cjs/react-test-renderer.development.js:11798:7)
      at scheduleUpdateOnFiber (node_modules/react-test-renderer/cjs/react-test-renderer.development.js:10326:9)
      at updateContainerImpl (node_modules/react-test-renderer/cjs/react-test-renderer.development.js:12382:10)
      at updateContainer (node_modules/react-test-renderer/cjs/react-test-renderer.development.js:12326:7)
      at process.env.NODE_ENV.exports.create (node_modules/react-test-renderer/cjs/react-test-renderer.development.js:14630:7)
      at hooks/__tests__/useWalletImport.test.js:38:23
      at process.env.NODE_ENV.exports.act (node_modules/react/cjs/react.development.js:789:22)
      at renderHook (hooks/__tests__/useWalletImport.test.js:37:6)
      at Object.renderHook (hooks/__tests__/useWalletImport.test.js:406:26)
      at asyncGeneratorStep (node_modules/@babel/runtime/helpers/asyncToGenerator.js:3:17)
      at _next (node_modules/@babel/runtime/helpers/asyncToGenerator.js:17:9)
      at node_modules/@babel/runtime/helpers/asyncToGenerator.js:22:7
      at Object.<anonymous> (node_modules/@babel/runtime/helpers/asyncToGenerator.js:14:12)

    console.error
      The current testing environment is not configured to support act(...)

      411 |
      412 |       act(() => {
    > 413 |         result.current.setImportSeedPhrase(seedPhrase);
          |                        ^
      414 |       });
      415 |
      416 |       await act(async () => {

      at isConcurrentActEnvironment (node_modules/react-test-renderer/cjs/react-test-renderer.development.js:10243:17)
      at warnIfUpdatesNotWrappedWithActDEV (node_modules/react-test-renderer/cjs/react-test-renderer.development.js:11798:7)
      at scheduleUpdateOnFiber (node_modules/react-test-renderer/cjs/react-test-renderer.development.js:10326:9)
      at dispatchSetStateInternal (node_modules/react-test-renderer/cjs/react-test-renderer.development.js:4148:13)
      at dispatchSetState (node_modules/react-test-renderer/cjs/react-test-renderer.development.js:4107:7)
      at setImportSeedPhrase (hooks/__tests__/useWalletImport.test.js:413:24)
      at process.env.NODE_ENV.exports.act (node_modules/react/cjs/react.development.js:789:22)
      at Object.<anonymous> (hooks/__tests__/useWalletImport.test.js:412:10)
      at asyncGeneratorStep (node_modules/@babel/runtime/helpers/asyncToGenerator.js:3:17)
      at _next (node_modules/@babel/runtime/helpers/asyncToGenerator.js:17:9)
      at node_modules/@babel/runtime/helpers/asyncToGenerator.js:22:7
      at Object.<anonymous> (node_modules/@babel/runtime/helpers/asyncToGenerator.js:14:12)

    console.error
      The current testing environment is not configured to support act(...)

      88 |
      89 |     // CRITICAL: Set loading state immediately (synchronously) before any async work
    > 90 |     setIsImporting(true);
         |     ^
      91 |
      92 |     // Force a tiny delay to ensure UI updates before heavy computation
      93 |     await new Promise((resolve) => setTimeout(resolve, 10));

      at isConcurrentActEnvironment (node_modules/react-test-renderer/cjs/react-test-renderer.development.js:10243:17)
      at warnIfUpdatesNotWrappedWithActDEV (node_modules/react-test-renderer/cjs/react-test-renderer.development.js:11798:7)
      at scheduleUpdateOnFiber (node_modules/react-test-renderer/cjs/react-test-renderer.development.js:10326:9)
      at dispatchSetStateInternal (node_modules/react-test-renderer/cjs/react-test-renderer.development.js:4148:13)
      at dispatchSetState (node_modules/react-test-renderer/cjs/react-test-renderer.development.js:4107:7)
      at Object.setIsImporting (hooks/useWalletImport.js:90:5)
      at asyncGeneratorStep (node_modules/@babel/runtime/helpers/asyncToGenerator.js:3:17)
      at _next (node_modules/@babel/runtime/helpers/asyncToGenerator.js:17:9)
      at node_modules/@babel/runtime/helpers/asyncToGenerator.js:22:7
      at Object.<anonymous> (node_modules/@babel/runtime/helpers/asyncToGenerator.js:14:12)
      at Object.apply [as importWallet] (hooks/useWalletImport.js:85:21)
      at importWallet (hooks/__tests__/useWalletImport.test.js:417:30)
      at asyncGeneratorStep (node_modules/@babel/runtime/helpers/asyncToGenerator.js:3:17)
      at _next (node_modules/@babel/runtime/helpers/asyncToGenerator.js:17:9)
      at node_modules/@babel/runtime/helpers/asyncToGenerator.js:22:7
      at node_modules/@babel/runtime/helpers/asyncToGenerator.js:14:12
      at process.env.NODE_ENV.exports.act (node_modules/react/cjs/react.development.js:789:22)
      at Object.<anonymous> (hooks/__tests__/useWalletImport.test.js:416:16)
      at asyncGeneratorStep (node_modules/@babel/runtime/helpers/asyncToGenerator.js:3:17)
      at _next (node_modules/@babel/runtime/helpers/asyncToGenerator.js:17:9)
      at node_modules/@babel/runtime/helpers/asyncToGenerator.js:22:7
      at Object.<anonymous> (node_modules/@babel/runtime/helpers/asyncToGenerator.js:14:12)

    console.error
      The current testing environment is not configured to support act(...)

      42 |         // Silently fail - state will be empty on first run
      43 |       } finally {
    > 44 |         setStateLoaded(true);
         |         ^
      45 |       }
      46 |     };
      47 |

      at isConcurrentActEnvironment (node_modules/react-test-renderer/cjs/react-test-renderer.development.js:10243:17)
      at warnIfUpdatesNotWrappedWithActDEV (node_modules/react-test-renderer/cjs/react-test-renderer.development.js:11798:7)
      at scheduleUpdateOnFiber (node_modules/react-test-renderer/cjs/react-test-renderer.development.js:10326:9)
      at dispatchSetStateInternal (node_modules/react-test-renderer/cjs/react-test-renderer.development.js:4148:13)
      at dispatchSetState (node_modules/react-test-renderer/cjs/react-test-renderer.development.js:4107:7)
      at setStateLoaded (hooks/useWalletImport.js:44:9)
      at asyncGeneratorStep (node_modules/@babel/runtime/helpers/asyncToGenerator.js:3:17)
      at _next (node_modules/@babel/runtime/helpers/asyncToGenerator.js:17:9)

    console.error
      The current testing environment is not configured to support act(...)

      143 |       // They can retry by tapping Import again
      144 |     } finally {
    > 145 |       setIsImporting(false); // Hide loading indicator
          |       ^
      146 |     }
      147 |   };
      148 |

      at isConcurrentActEnvironment (node_modules/react-test-renderer/cjs/react-test-renderer.development.js:10243:17)
      at warnIfUpdatesNotWrappedWithActDEV (node_modules/react-test-renderer/cjs/react-test-renderer.development.js:11798:7)
      at scheduleUpdateOnFiber (node_modules/react-test-renderer/cjs/react-test-renderer.development.js:10326:9)
      at dispatchSetStateInternal (node_modules/react-test-renderer/cjs/react-test-renderer.development.js:4148:13)
      at dispatchSetState (node_modules/react-test-renderer/cjs/react-test-renderer.development.js:4107:7)
      at Object.setIsImporting (hooks/useWalletImport.js:145:7)
          at Generator.throw (<anonymous>)
      at asyncGeneratorStep (node_modules/@babel/runtime/helpers/asyncToGenerator.js:3:17)
      at _throw (node_modules/@babel/runtime/helpers/asyncToGenerator.js:20:9)

    console.error
      react-test-renderer is deprecated. See https://react.dev/warnings/react-test-renderer

      36 |   let component;
      37 |   act(() => {
    > 38 |     component = create(<TestComponent hookProps={initialProps} />);
         |                       ^
      39 |   });
      40 |   return {
      41 |     result,

      at process.env.NODE_ENV.exports.create (node_modules/react-test-renderer/cjs/react-test-renderer.development.js:14598:17)
      at hooks/__tests__/useWalletImport.test.js:38:23
      at process.env.NODE_ENV.exports.act (node_modules/react/cjs/react.development.js:789:22)
      at renderHook (hooks/__tests__/useWalletImport.test.js:37:6)
      at Object.renderHook (hooks/__tests__/useWalletImport.test.js:428:26)
      at asyncGeneratorStep (node_modules/@babel/runtime/helpers/asyncToGenerator.js:3:17)
      at _next (node_modules/@babel/runtime/helpers/asyncToGenerator.js:17:9)
      at node_modules/@babel/runtime/helpers/asyncToGenerator.js:22:7
      at Object.<anonymous> (node_modules/@babel/runtime/helpers/asyncToGenerator.js:14:12)

    console.error
      The current testing environment is not configured to support act(...)

      36 |   let component;
      37 |   act(() => {
    > 38 |     component = create(<TestComponent hookProps={initialProps} />);
         |                       ^
      39 |   });
      40 |   return {
      41 |     result,

      at isConcurrentActEnvironment (node_modules/react-test-renderer/cjs/react-test-renderer.development.js:10243:17)
      at warnIfUpdatesNotWrappedWithActDEV (node_modules/react-test-renderer/cjs/react-test-renderer.development.js:11798:7)
      at scheduleUpdateOnFiber (node_modules/react-test-renderer/cjs/react-test-renderer.development.js:10326:9)
      at updateContainerImpl (node_modules/react-test-renderer/cjs/react-test-renderer.development.js:12382:10)
      at updateContainer (node_modules/react-test-renderer/cjs/react-test-renderer.development.js:12326:7)
      at process.env.NODE_ENV.exports.create (node_modules/react-test-renderer/cjs/react-test-renderer.development.js:14630:7)
      at hooks/__tests__/useWalletImport.test.js:38:23
      at process.env.NODE_ENV.exports.act (node_modules/react/cjs/react.development.js:789:22)
      at renderHook (hooks/__tests__/useWalletImport.test.js:37:6)
      at Object.renderHook (hooks/__tests__/useWalletImport.test.js:428:26)
      at asyncGeneratorStep (node_modules/@babel/runtime/helpers/asyncToGenerator.js:3:17)
      at _next (node_modules/@babel/runtime/helpers/asyncToGenerator.js:17:9)
      at node_modules/@babel/runtime/helpers/asyncToGenerator.js:22:7
      at Object.<anonymous> (node_modules/@babel/runtime/helpers/asyncToGenerator.js:14:12)

    console.error
      The current testing environment is not configured to support act(...)

      431 |
      432 |       act(() => {
    > 433 |         result.current.setImportingWallet(true);
          |                        ^
      434 |         result.current.setImportSeedPhrase(Array(12).fill('test'));
      435 |         result.current.setIsImportedWallet(true);
      436 |       });

      at isConcurrentActEnvironment (node_modules/react-test-renderer/cjs/react-test-renderer.development.js:10243:17)
      at warnIfUpdatesNotWrappedWithActDEV (node_modules/react-test-renderer/cjs/react-test-renderer.development.js:11798:7)
      at scheduleUpdateOnFiber (node_modules/react-test-renderer/cjs/react-test-renderer.development.js:10326:9)
      at dispatchSetStateInternal (node_modules/react-test-renderer/cjs/react-test-renderer.development.js:4148:13)
      at dispatchSetState (node_modules/react-test-renderer/cjs/react-test-renderer.development.js:4107:7)
      at setImportingWallet (hooks/__tests__/useWalletImport.test.js:433:24)
      at process.env.NODE_ENV.exports.act (node_modules/react/cjs/react.development.js:789:22)
      at Object.<anonymous> (hooks/__tests__/useWalletImport.test.js:432:10)
      at asyncGeneratorStep (node_modules/@babel/runtime/helpers/asyncToGenerator.js:3:17)
      at _next (node_modules/@babel/runtime/helpers/asyncToGenerator.js:17:9)
      at node_modules/@babel/runtime/helpers/asyncToGenerator.js:22:7
      at Object.<anonymous> (node_modules/@babel/runtime/helpers/asyncToGenerator.js:14:12)

    console.error
      The current testing environment is not configured to support act(...)

      432 |       act(() => {
      433 |         result.current.setImportingWallet(true);
    > 434 |         result.current.setImportSeedPhrase(Array(12).fill('test'));
          |                        ^
      435 |         result.current.setIsImportedWallet(true);
      436 |       });
      437 |

      at isConcurrentActEnvironment (node_modules/react-test-renderer/cjs/react-test-renderer.development.js:10243:17)
      at warnIfUpdatesNotWrappedWithActDEV (node_modules/react-test-renderer/cjs/react-test-renderer.development.js:11798:7)
      at scheduleUpdateOnFiber (node_modules/react-test-renderer/cjs/react-test-renderer.development.js:10326:9)
      at dispatchSetStateInternal (node_modules/react-test-renderer/cjs/react-test-renderer.development.js:4148:13)
      at dispatchSetState (node_modules/react-test-renderer/cjs/react-test-renderer.development.js:4107:7)
      at setImportSeedPhrase (hooks/__tests__/useWalletImport.test.js:434:24)
      at process.env.NODE_ENV.exports.act (node_modules/react/cjs/react.development.js:789:22)
      at Object.<anonymous> (hooks/__tests__/useWalletImport.test.js:432:10)
      at asyncGeneratorStep (node_modules/@babel/runtime/helpers/asyncToGenerator.js:3:17)
      at _next (node_modules/@babel/runtime/helpers/asyncToGenerator.js:17:9)
      at node_modules/@babel/runtime/helpers/asyncToGenerator.js:22:7
      at Object.<anonymous> (node_modules/@babel/runtime/helpers/asyncToGenerator.js:14:12)

    console.error
      The current testing environment is not configured to support act(...)

      433 |         result.current.setImportingWallet(true);
      434 |         result.current.setImportSeedPhrase(Array(12).fill('test'));
    > 435 |         result.current.setIsImportedWallet(true);
          |                        ^
      436 |       });
      437 |
      438 |       await act(async () => {

      at isConcurrentActEnvironment (node_modules/react-test-renderer/cjs/react-test-renderer.development.js:10243:17)
      at warnIfUpdatesNotWrappedWithActDEV (node_modules/react-test-renderer/cjs/react-test-renderer.development.js:11798:7)
      at scheduleUpdateOnFiber (node_modules/react-test-renderer/cjs/react-test-renderer.development.js:10326:9)
      at dispatchSetStateInternal (node_modules/react-test-renderer/cjs/react-test-renderer.development.js:4148:13)
      at dispatchSetState (node_modules/react-test-renderer/cjs/react-test-renderer.development.js:4107:7)
      at setIsImportedWallet (hooks/__tests__/useWalletImport.test.js:435:24)
      at process.env.NODE_ENV.exports.act (node_modules/react/cjs/react.development.js:789:22)
      at Object.<anonymous> (hooks/__tests__/useWalletImport.test.js:432:10)
      at asyncGeneratorStep (node_modules/@babel/runtime/helpers/asyncToGenerator.js:3:17)
      at _next (node_modules/@babel/runtime/helpers/asyncToGenerator.js:17:9)
      at node_modules/@babel/runtime/helpers/asyncToGenerator.js:22:7
      at Object.<anonymous> (node_modules/@babel/runtime/helpers/asyncToGenerator.js:14:12)

    console.error
      The current testing environment is not configured to support act(...)

      151 |    */
      152 |   const resetImportState = async () => {
    > 153 |     setImportingWallet(false);
          |     ^
      154 |     setImportSeedPhrase(Array(12).fill(''));
      155 |     setIsImportedWallet(false);
      156 |     await clearPersistedState();

      at isConcurrentActEnvironment (node_modules/react-test-renderer/cjs/react-test-renderer.development.js:10243:17)
      at warnIfUpdatesNotWrappedWithActDEV (node_modules/react-test-renderer/cjs/react-test-renderer.development.js:11798:7)
      at scheduleUpdateOnFiber (node_modules/react-test-renderer/cjs/react-test-renderer.development.js:10326:9)
      at dispatchSetStateInternal (node_modules/react-test-renderer/cjs/react-test-renderer.development.js:4148:13)
      at dispatchSetState (node_modules/react-test-renderer/cjs/react-test-renderer.development.js:4107:7)
      at Object.setImportingWallet (hooks/useWalletImport.js:153:5)
      at asyncGeneratorStep (node_modules/@babel/runtime/helpers/asyncToGenerator.js:3:17)
      at _next (node_modules/@babel/runtime/helpers/asyncToGenerator.js:17:9)
      at node_modules/@babel/runtime/helpers/asyncToGenerator.js:22:7
      at Object.<anonymous> (node_modules/@babel/runtime/helpers/asyncToGenerator.js:14:12)
      at Object.apply [as resetImportState] (hooks/useWalletImport.js:152:25)
      at resetImportState (hooks/__tests__/useWalletImport.test.js:439:30)
      at asyncGeneratorStep (node_modules/@babel/runtime/helpers/asyncToGenerator.js:3:17)
      at _next (node_modules/@babel/runtime/helpers/asyncToGenerator.js:17:9)
      at node_modules/@babel/runtime/helpers/asyncToGenerator.js:22:7
      at node_modules/@babel/runtime/helpers/asyncToGenerator.js:14:12
      at process.env.NODE_ENV.exports.act (node_modules/react/cjs/react.development.js:789:22)
      at Object.<anonymous> (hooks/__tests__/useWalletImport.test.js:438:16)
      at asyncGeneratorStep (node_modules/@babel/runtime/helpers/asyncToGenerator.js:3:17)
      at _next (node_modules/@babel/runtime/helpers/asyncToGenerator.js:17:9)
      at node_modules/@babel/runtime/helpers/asyncToGenerator.js:22:7
      at Object.<anonymous> (node_modules/@babel/runtime/helpers/asyncToGenerator.js:14:12)

    console.error
      The current testing environment is not configured to support act(...)

      152 |   const resetImportState = async () => {
      153 |     setImportingWallet(false);
    > 154 |     setImportSeedPhrase(Array(12).fill(''));
          |     ^
      155 |     setIsImportedWallet(false);
      156 |     await clearPersistedState();
      157 |   };

      at isConcurrentActEnvironment (node_modules/react-test-renderer/cjs/react-test-renderer.development.js:10243:17)
      at warnIfUpdatesNotWrappedWithActDEV (node_modules/react-test-renderer/cjs/react-test-renderer.development.js:11798:7)
      at scheduleUpdateOnFiber (node_modules/react-test-renderer/cjs/react-test-renderer.development.js:10326:9)
      at dispatchSetStateInternal (node_modules/react-test-renderer/cjs/react-test-renderer.development.js:4148:13)
      at dispatchSetState (node_modules/react-test-renderer/cjs/react-test-renderer.development.js:4107:7)
      at Object.setImportSeedPhrase (hooks/useWalletImport.js:154:5)
      at asyncGeneratorStep (node_modules/@babel/runtime/helpers/asyncToGenerator.js:3:17)
      at _next (node_modules/@babel/runtime/helpers/asyncToGenerator.js:17:9)
      at node_modules/@babel/runtime/helpers/asyncToGenerator.js:22:7
      at Object.<anonymous> (node_modules/@babel/runtime/helpers/asyncToGenerator.js:14:12)
      at Object.apply [as resetImportState] (hooks/useWalletImport.js:152:25)
      at resetImportState (hooks/__tests__/useWalletImport.test.js:439:30)
      at asyncGeneratorStep (node_modules/@babel/runtime/helpers/asyncToGenerator.js:3:17)
      at _next (node_modules/@babel/runtime/helpers/asyncToGenerator.js:17:9)
      at node_modules/@babel/runtime/helpers/asyncToGenerator.js:22:7
      at node_modules/@babel/runtime/helpers/asyncToGenerator.js:14:12
      at process.env.NODE_ENV.exports.act (node_modules/react/cjs/react.development.js:789:22)
      at Object.<anonymous> (hooks/__tests__/useWalletImport.test.js:438:16)
      at asyncGeneratorStep (node_modules/@babel/runtime/helpers/asyncToGenerator.js:3:17)
      at _next (node_modules/@babel/runtime/helpers/asyncToGenerator.js:17:9)
      at node_modules/@babel/runtime/helpers/asyncToGenerator.js:22:7
      at Object.<anonymous> (node_modules/@babel/runtime/helpers/asyncToGenerator.js:14:12)

    console.error
      The current testing environment is not configured to support act(...)

      153 |     setImportingWallet(false);
      154 |     setImportSeedPhrase(Array(12).fill(''));
    > 155 |     setIsImportedWallet(false);
          |     ^
      156 |     await clearPersistedState();
      157 |   };
      158 |

      at isConcurrentActEnvironment (node_modules/react-test-renderer/cjs/react-test-renderer.development.js:10243:17)
      at warnIfUpdatesNotWrappedWithActDEV (node_modules/react-test-renderer/cjs/react-test-renderer.development.js:11798:7)
      at scheduleUpdateOnFiber (node_modules/react-test-renderer/cjs/react-test-renderer.development.js:10326:9)
      at dispatchSetStateInternal (node_modules/react-test-renderer/cjs/react-test-renderer.development.js:4148:13)
      at dispatchSetState (node_modules/react-test-renderer/cjs/react-test-renderer.development.js:4107:7)
      at Object.setIsImportedWallet (hooks/useWalletImport.js:155:5)
      at asyncGeneratorStep (node_modules/@babel/runtime/helpers/asyncToGenerator.js:3:17)
      at _next (node_modules/@babel/runtime/helpers/asyncToGenerator.js:17:9)
      at node_modules/@babel/runtime/helpers/asyncToGenerator.js:22:7
      at Object.<anonymous> (node_modules/@babel/runtime/helpers/asyncToGenerator.js:14:12)
      at Object.apply [as resetImportState] (hooks/useWalletImport.js:152:25)
      at resetImportState (hooks/__tests__/useWalletImport.test.js:439:30)
      at asyncGeneratorStep (node_modules/@babel/runtime/helpers/asyncToGenerator.js:3:17)
      at _next (node_modules/@babel/runtime/helpers/asyncToGenerator.js:17:9)
      at node_modules/@babel/runtime/helpers/asyncToGenerator.js:22:7
      at node_modules/@babel/runtime/helpers/asyncToGenerator.js:14:12
      at process.env.NODE_ENV.exports.act (node_modules/react/cjs/react.development.js:789:22)
      at Object.<anonymous> (hooks/__tests__/useWalletImport.test.js:438:16)
      at asyncGeneratorStep (node_modules/@babel/runtime/helpers/asyncToGenerator.js:3:17)
      at _next (node_modules/@babel/runtime/helpers/asyncToGenerator.js:17:9)
      at node_modules/@babel/runtime/helpers/asyncToGenerator.js:22:7
      at Object.<anonymous> (node_modules/@babel/runtime/helpers/asyncToGenerator.js:14:12)

    console.error
      The current testing environment is not configured to support act(...)

      42 |         // Silently fail - state will be empty on first run
      43 |       } finally {
    > 44 |         setStateLoaded(true);
         |         ^
      45 |       }
      46 |     };
      47 |

      at isConcurrentActEnvironment (node_modules/react-test-renderer/cjs/react-test-renderer.development.js:10243:17)
      at warnIfUpdatesNotWrappedWithActDEV (node_modules/react-test-renderer/cjs/react-test-renderer.development.js:11798:7)
      at scheduleUpdateOnFiber (node_modules/react-test-renderer/cjs/react-test-renderer.development.js:10326:9)
      at dispatchSetStateInternal (node_modules/react-test-renderer/cjs/react-test-renderer.development.js:4148:13)
      at dispatchSetState (node_modules/react-test-renderer/cjs/react-test-renderer.development.js:4107:7)
      at setStateLoaded (hooks/useWalletImport.js:44:9)
      at asyncGeneratorStep (node_modules/@babel/runtime/helpers/asyncToGenerator.js:3:17)
      at _next (node_modules/@babel/runtime/helpers/asyncToGenerator.js:17:9)

    console.error
      react-test-renderer is deprecated. See https://react.dev/warnings/react-test-renderer

      36 |   let component;
      37 |   act(() => {
    > 38 |     component = create(<TestComponent hookProps={initialProps} />);
         |                       ^
      39 |   });
      40 |   return {
      41 |     result,

      at process.env.NODE_ENV.exports.create (node_modules/react-test-renderer/cjs/react-test-renderer.development.js:14598:17)
      at hooks/__tests__/useWalletImport.test.js:38:23
      at process.env.NODE_ENV.exports.act (node_modules/react/cjs/react.development.js:789:22)
      at renderHook (hooks/__tests__/useWalletImport.test.js:37:6)
      at Object.renderHook (hooks/__tests__/useWalletImport.test.js:448:26)
      at asyncGeneratorStep (node_modules/@babel/runtime/helpers/asyncToGenerator.js:3:17)
      at _next (node_modules/@babel/runtime/helpers/asyncToGenerator.js:17:9)
      at node_modules/@babel/runtime/helpers/asyncToGenerator.js:22:7
      at Object.<anonymous> (node_modules/@babel/runtime/helpers/asyncToGenerator.js:14:12)

    console.error
      The current testing environment is not configured to support act(...)

      36 |   let component;
      37 |   act(() => {
    > 38 |     component = create(<TestComponent hookProps={initialProps} />);
         |                       ^
      39 |   });
      40 |   return {
      41 |     result,

      at isConcurrentActEnvironment (node_modules/react-test-renderer/cjs/react-test-renderer.development.js:10243:17)
      at warnIfUpdatesNotWrappedWithActDEV (node_modules/react-test-renderer/cjs/react-test-renderer.development.js:11798:7)
      at scheduleUpdateOnFiber (node_modules/react-test-renderer/cjs/react-test-renderer.development.js:10326:9)
      at updateContainerImpl (node_modules/react-test-renderer/cjs/react-test-renderer.development.js:12382:10)
      at updateContainer (node_modules/react-test-renderer/cjs/react-test-renderer.development.js:12326:7)
      at process.env.NODE_ENV.exports.create (node_modules/react-test-renderer/cjs/react-test-renderer.development.js:14630:7)
      at hooks/__tests__/useWalletImport.test.js:38:23
      at process.env.NODE_ENV.exports.act (node_modules/react/cjs/react.development.js:789:22)
      at renderHook (hooks/__tests__/useWalletImport.test.js:37:6)
      at Object.renderHook (hooks/__tests__/useWalletImport.test.js:448:26)
      at asyncGeneratorStep (node_modules/@babel/runtime/helpers/asyncToGenerator.js:3:17)
      at _next (node_modules/@babel/runtime/helpers/asyncToGenerator.js:17:9)
      at node_modules/@babel/runtime/helpers/asyncToGenerator.js:22:7
      at Object.<anonymous> (node_modules/@babel/runtime/helpers/asyncToGenerator.js:14:12)

    console.error
      The current testing environment is not configured to support act(...)

      152 |   const resetImportState = async () => {
      153 |     setImportingWallet(false);
    > 154 |     setImportSeedPhrase(Array(12).fill(''));
          |     ^
      155 |     setIsImportedWallet(false);
      156 |     await clearPersistedState();
      157 |   };

      at isConcurrentActEnvironment (node_modules/react-test-renderer/cjs/react-test-renderer.development.js:10243:17)
      at warnIfUpdatesNotWrappedWithActDEV (node_modules/react-test-renderer/cjs/react-test-renderer.development.js:11798:7)
      at scheduleUpdateOnFiber (node_modules/react-test-renderer/cjs/react-test-renderer.development.js:10326:9)
      at dispatchSetStateInternal (node_modules/react-test-renderer/cjs/react-test-renderer.development.js:4148:13)
      at dispatchSetState (node_modules/react-test-renderer/cjs/react-test-renderer.development.js:4107:7)
      at Object.setImportSeedPhrase (hooks/useWalletImport.js:154:5)
      at asyncGeneratorStep (node_modules/@babel/runtime/helpers/asyncToGenerator.js:3:17)
      at _next (node_modules/@babel/runtime/helpers/asyncToGenerator.js:17:9)
      at node_modules/@babel/runtime/helpers/asyncToGenerator.js:22:7
      at Object.<anonymous> (node_modules/@babel/runtime/helpers/asyncToGenerator.js:14:12)
      at Object.apply [as resetImportState] (hooks/useWalletImport.js:152:25)
      at resetImportState (hooks/__tests__/useWalletImport.test.js:453:30)
      at asyncGeneratorStep (node_modules/@babel/runtime/helpers/asyncToGenerator.js:3:17)
      at _next (node_modules/@babel/runtime/helpers/asyncToGenerator.js:17:9)
      at node_modules/@babel/runtime/helpers/asyncToGenerator.js:22:7
      at node_modules/@babel/runtime/helpers/asyncToGenerator.js:14:12
      at process.env.NODE_ENV.exports.act (node_modules/react/cjs/react.development.js:789:22)
      at Object.<anonymous> (hooks/__tests__/useWalletImport.test.js:452:16)
      at asyncGeneratorStep (node_modules/@babel/runtime/helpers/asyncToGenerator.js:3:17)
      at _next (node_modules/@babel/runtime/helpers/asyncToGenerator.js:17:9)
      at node_modules/@babel/runtime/helpers/asyncToGenerator.js:22:7
      at Object.<anonymous> (node_modules/@babel/runtime/helpers/asyncToGenerator.js:14:12)

    console.error
      The current testing environment is not configured to support act(...)

      153 |     setImportingWallet(false);
      154 |     setImportSeedPhrase(Array(12).fill(''));
    > 155 |     setIsImportedWallet(false);
          |     ^
      156 |     await clearPersistedState();
      157 |   };
      158 |

      at isConcurrentActEnvironment (node_modules/react-test-renderer/cjs/react-test-renderer.development.js:10243:17)
      at warnIfUpdatesNotWrappedWithActDEV (node_modules/react-test-renderer/cjs/react-test-renderer.development.js:11798:7)
      at scheduleUpdateOnFiber (node_modules/react-test-renderer/cjs/react-test-renderer.development.js:10326:9)
      at dispatchSetStateInternal (node_modules/react-test-renderer/cjs/react-test-renderer.development.js:4148:13)
      at dispatchSetState (node_modules/react-test-renderer/cjs/react-test-renderer.development.js:4107:7)
      at Object.setIsImportedWallet (hooks/useWalletImport.js:155:5)
      at asyncGeneratorStep (node_modules/@babel/runtime/helpers/asyncToGenerator.js:3:17)
      at _next (node_modules/@babel/runtime/helpers/asyncToGenerator.js:17:9)
      at node_modules/@babel/runtime/helpers/asyncToGenerator.js:22:7
      at Object.<anonymous> (node_modules/@babel/runtime/helpers/asyncToGenerator.js:14:12)
      at Object.apply [as resetImportState] (hooks/useWalletImport.js:152:25)
      at resetImportState (hooks/__tests__/useWalletImport.test.js:453:30)
      at asyncGeneratorStep (node_modules/@babel/runtime/helpers/asyncToGenerator.js:3:17)
      at _next (node_modules/@babel/runtime/helpers/asyncToGenerator.js:17:9)
      at node_modules/@babel/runtime/helpers/asyncToGenerator.js:22:7
      at node_modules/@babel/runtime/helpers/asyncToGenerator.js:14:12
      at process.env.NODE_ENV.exports.act (node_modules/react/cjs/react.development.js:789:22)
      at Object.<anonymous> (hooks/__tests__/useWalletImport.test.js:452:16)
      at asyncGeneratorStep (node_modules/@babel/runtime/helpers/asyncToGenerator.js:3:17)
      at _next (node_modules/@babel/runtime/helpers/asyncToGenerator.js:17:9)
      at node_modules/@babel/runtime/helpers/asyncToGenerator.js:22:7
      at Object.<anonymous> (node_modules/@babel/runtime/helpers/asyncToGenerator.js:14:12)

    console.error
      The current testing environment is not configured to support act(...)

      42 |         // Silently fail - state will be empty on first run
      43 |       } finally {
    > 44 |         setStateLoaded(true);
         |         ^
      45 |       }
      46 |     };
      47 |

      at isConcurrentActEnvironment (node_modules/react-test-renderer/cjs/react-test-renderer.development.js:10243:17)
      at warnIfUpdatesNotWrappedWithActDEV (node_modules/react-test-renderer/cjs/react-test-renderer.development.js:11798:7)
      at scheduleUpdateOnFiber (node_modules/react-test-renderer/cjs/react-test-renderer.development.js:10326:9)
      at dispatchSetStateInternal (node_modules/react-test-renderer/cjs/react-test-renderer.development.js:4148:13)
      at dispatchSetState (node_modules/react-test-renderer/cjs/react-test-renderer.development.js:4107:7)
      at setStateLoaded (hooks/useWalletImport.js:44:9)
      at asyncGeneratorStep (node_modules/@babel/runtime/helpers/asyncToGenerator.js:3:17)
      at _next (node_modules/@babel/runtime/helpers/asyncToGenerator.js:17:9)

    console.error
      react-test-renderer is deprecated. See https://react.dev/warnings/react-test-renderer

      36 |   let component;
      37 |   act(() => {
    > 38 |     component = create(<TestComponent hookProps={initialProps} />);
         |                       ^
      39 |   });
      40 |   return {
      41 |     result,

      at process.env.NODE_ENV.exports.create (node_modules/react-test-renderer/cjs/react-test-renderer.development.js:14598:17)
      at hooks/__tests__/useWalletImport.test.js:38:23
      at process.env.NODE_ENV.exports.act (node_modules/react/cjs/react.development.js:789:22)
      at renderHook (hooks/__tests__/useWalletImport.test.js:37:6)
      at Object.renderHook (hooks/__tests__/useWalletImport.test.js:462:26)
      at asyncGeneratorStep (node_modules/@babel/runtime/helpers/asyncToGenerator.js:3:17)
      at _next (node_modules/@babel/runtime/helpers/asyncToGenerator.js:17:9)
      at node_modules/@babel/runtime/helpers/asyncToGenerator.js:22:7
      at Object.<anonymous> (node_modules/@babel/runtime/helpers/asyncToGenerator.js:14:12)

    console.error
      The current testing environment is not configured to support act(...)

      36 |   let component;
      37 |   act(() => {
    > 38 |     component = create(<TestComponent hookProps={initialProps} />);
         |                       ^
      39 |   });
      40 |   return {
      41 |     result,

      at isConcurrentActEnvironment (node_modules/react-test-renderer/cjs/react-test-renderer.development.js:10243:17)
      at warnIfUpdatesNotWrappedWithActDEV (node_modules/react-test-renderer/cjs/react-test-renderer.development.js:11798:7)
      at scheduleUpdateOnFiber (node_modules/react-test-renderer/cjs/react-test-renderer.development.js:10326:9)
      at updateContainerImpl (node_modules/react-test-renderer/cjs/react-test-renderer.development.js:12382:10)
      at updateContainer (node_modules/react-test-renderer/cjs/react-test-renderer.development.js:12326:7)
      at process.env.NODE_ENV.exports.create (node_modules/react-test-renderer/cjs/react-test-renderer.development.js:14630:7)
      at hooks/__tests__/useWalletImport.test.js:38:23
      at process.env.NODE_ENV.exports.act (node_modules/react/cjs/react.development.js:789:22)
      at renderHook (hooks/__tests__/useWalletImport.test.js:37:6)
      at Object.renderHook (hooks/__tests__/useWalletImport.test.js:462:26)
      at asyncGeneratorStep (node_modules/@babel/runtime/helpers/asyncToGenerator.js:3:17)
      at _next (node_modules/@babel/runtime/helpers/asyncToGenerator.js:17:9)
      at node_modules/@babel/runtime/helpers/asyncToGenerator.js:22:7
      at Object.<anonymous> (node_modules/@babel/runtime/helpers/asyncToGenerator.js:14:12)

    console.error
      The current testing environment is not configured to support act(...)

      42 |         // Silently fail - state will be empty on first run
      43 |       } finally {
    > 44 |         setStateLoaded(true);
         |         ^
      45 |       }
      46 |     };
      47 |

      at isConcurrentActEnvironment (node_modules/react-test-renderer/cjs/react-test-renderer.development.js:10243:17)
      at warnIfUpdatesNotWrappedWithActDEV (node_modules/react-test-renderer/cjs/react-test-renderer.development.js:11798:7)
      at scheduleUpdateOnFiber (node_modules/react-test-renderer/cjs/react-test-renderer.development.js:10326:9)
      at dispatchSetStateInternal (node_modules/react-test-renderer/cjs/react-test-renderer.development.js:4148:13)
      at dispatchSetState (node_modules/react-test-renderer/cjs/react-test-renderer.development.js:4107:7)
      at setStateLoaded (hooks/useWalletImport.js:44:9)
      at asyncGeneratorStep (node_modules/@babel/runtime/helpers/asyncToGenerator.js:3:17)
      at _next (node_modules/@babel/runtime/helpers/asyncToGenerator.js:17:9)

    console.error
      The current testing environment is not configured to support act(...)

      469 |
      470 |       act(() => {
    > 471 |         result.current.setImportingWallet(true);
          |                        ^
      472 |       });
      473 |
      474 |       await act(async () => {

      at isConcurrentActEnvironment (node_modules/react-test-renderer/cjs/react-test-renderer.development.js:10243:17)
      at warnIfUpdatesNotWrappedWithActDEV (node_modules/react-test-renderer/cjs/react-test-renderer.development.js:11798:7)
      at scheduleUpdateOnFiber (node_modules/react-test-renderer/cjs/react-test-renderer.development.js:10326:9)
      at dispatchSetStateInternal (node_modules/react-test-renderer/cjs/react-test-renderer.development.js:4148:13)
      at dispatchSetState (node_modules/react-test-renderer/cjs/react-test-renderer.development.js:4107:7)
      at setImportingWallet (hooks/__tests__/useWalletImport.test.js:471:24)
      at process.env.NODE_ENV.exports.act (node_modules/react/cjs/react.development.js:789:22)
      at Object.<anonymous> (hooks/__tests__/useWalletImport.test.js:470:10)
      at asyncGeneratorStep (node_modules/@babel/runtime/helpers/asyncToGenerator.js:3:17)
      at _next (node_modules/@babel/runtime/helpers/asyncToGenerator.js:17:9)

    console.error
      react-test-renderer is deprecated. See https://react.dev/warnings/react-test-renderer

      36 |   let component;
      37 |   act(() => {
    > 38 |     component = create(<TestComponent hookProps={initialProps} />);
         |                       ^
      39 |   });
      40 |   return {
      41 |     result,

      at process.env.NODE_ENV.exports.create (node_modules/react-test-renderer/cjs/react-test-renderer.development.js:14598:17)
      at hooks/__tests__/useWalletImport.test.js:38:23
      at process.env.NODE_ENV.exports.act (node_modules/react/cjs/react.development.js:789:22)
      at renderHook (hooks/__tests__/useWalletImport.test.js:37:6)
      at Object.renderHook (hooks/__tests__/useWalletImport.test.js:484:26)
      at asyncGeneratorStep (node_modules/@babel/runtime/helpers/asyncToGenerator.js:3:17)
      at _next (node_modules/@babel/runtime/helpers/asyncToGenerator.js:17:9)
      at node_modules/@babel/runtime/helpers/asyncToGenerator.js:22:7
      at Object.<anonymous> (node_modules/@babel/runtime/helpers/asyncToGenerator.js:14:12)

    console.error
      The current testing environment is not configured to support act(...)

      36 |   let component;
      37 |   act(() => {
    > 38 |     component = create(<TestComponent hookProps={initialProps} />);
         |                       ^
      39 |   });
      40 |   return {
      41 |     result,

      at isConcurrentActEnvironment (node_modules/react-test-renderer/cjs/react-test-renderer.development.js:10243:17)
      at warnIfUpdatesNotWrappedWithActDEV (node_modules/react-test-renderer/cjs/react-test-renderer.development.js:11798:7)
      at scheduleUpdateOnFiber (node_modules/react-test-renderer/cjs/react-test-renderer.development.js:10326:9)
      at updateContainerImpl (node_modules/react-test-renderer/cjs/react-test-renderer.development.js:12382:10)
      at updateContainer (node_modules/react-test-renderer/cjs/react-test-renderer.development.js:12326:7)
      at process.env.NODE_ENV.exports.create (node_modules/react-test-renderer/cjs/react-test-renderer.development.js:14630:7)
      at hooks/__tests__/useWalletImport.test.js:38:23
      at process.env.NODE_ENV.exports.act (node_modules/react/cjs/react.development.js:789:22)
      at renderHook (hooks/__tests__/useWalletImport.test.js:37:6)
      at Object.renderHook (hooks/__tests__/useWalletImport.test.js:484:26)
      at asyncGeneratorStep (node_modules/@babel/runtime/helpers/asyncToGenerator.js:3:17)
      at _next (node_modules/@babel/runtime/helpers/asyncToGenerator.js:17:9)
      at node_modules/@babel/runtime/helpers/asyncToGenerator.js:22:7
      at Object.<anonymous> (node_modules/@babel/runtime/helpers/asyncToGenerator.js:14:12)

    console.error
      The current testing environment is not configured to support act(...)

      42 |         // Silently fail - state will be empty on first run
      43 |       } finally {
    > 44 |         setStateLoaded(true);
         |         ^
      45 |       }
      46 |     };
      47 |

      at isConcurrentActEnvironment (node_modules/react-test-renderer/cjs/react-test-renderer.development.js:10243:17)
      at warnIfUpdatesNotWrappedWithActDEV (node_modules/react-test-renderer/cjs/react-test-renderer.development.js:11798:7)
      at scheduleUpdateOnFiber (node_modules/react-test-renderer/cjs/react-test-renderer.development.js:10326:9)
      at dispatchSetStateInternal (node_modules/react-test-renderer/cjs/react-test-renderer.development.js:4148:13)
      at dispatchSetState (node_modules/react-test-renderer/cjs/react-test-renderer.development.js:4107:7)
      at setStateLoaded (hooks/useWalletImport.js:44:9)
      at asyncGeneratorStep (node_modules/@babel/runtime/helpers/asyncToGenerator.js:3:17)
      at _next (node_modules/@babel/runtime/helpers/asyncToGenerator.js:17:9)

    console.error
      The current testing environment is not configured to support act(...)

      492 |       expect(() => {
      493 |         act(() => {
    > 494 |           result.current.setImportingWallet(true);
          |                          ^
      495 |         });
      496 |       }).not.toThrow();
      497 |     });

      at isConcurrentActEnvironment (node_modules/react-test-renderer/cjs/react-test-renderer.development.js:10243:17)
      at warnIfUpdatesNotWrappedWithActDEV (node_modules/react-test-renderer/cjs/react-test-renderer.development.js:11798:7)
      at scheduleUpdateOnFiber (node_modules/react-test-renderer/cjs/react-test-renderer.development.js:10326:9)
      at dispatchSetStateInternal (node_modules/react-test-renderer/cjs/react-test-renderer.development.js:4148:13)
      at dispatchSetState (node_modules/react-test-renderer/cjs/react-test-renderer.development.js:4107:7)
      at setImportingWallet (hooks/__tests__/useWalletImport.test.js:494:26)
      at process.env.NODE_ENV.exports.act (node_modules/react/cjs/react.development.js:789:22)
      at hooks/__tests__/useWalletImport.test.js:493:12
      at Object.<anonymous> (node_modules/expect/build/index.js:1824:9)
      at Object.throwingMatcher [as toThrow] (node_modules/expect/build/index.js:2235:93)
      at Object.toThrow (hooks/__tests__/useWalletImport.test.js:496:14)
      at asyncGeneratorStep (node_modules/@babel/runtime/helpers/asyncToGenerator.js:3:17)
      at _next (node_modules/@babel/runtime/helpers/asyncToGenerator.js:17:9)

    console.error
      react-test-renderer is deprecated. See https://react.dev/warnings/react-test-renderer

      36 |   let component;
      37 |   act(() => {
    > 38 |     component = create(<TestComponent hookProps={initialProps} />);
         |                       ^
      39 |   });
      40 |   return {
      41 |     result,

      at process.env.NODE_ENV.exports.create (node_modules/react-test-renderer/cjs/react-test-renderer.development.js:14598:17)
      at hooks/__tests__/useWalletImport.test.js:38:23
      at process.env.NODE_ENV.exports.act (node_modules/react/cjs/react.development.js:789:22)
      at renderHook (hooks/__tests__/useWalletImport.test.js:37:6)
      at Object.renderHook (hooks/__tests__/useWalletImport.test.js:502:26)

    console.error
      The current testing environment is not configured to support act(...)

      36 |   let component;
      37 |   act(() => {
    > 38 |     component = create(<TestComponent hookProps={initialProps} />);
         |                       ^
      39 |   });
      40 |   return {
      41 |     result,

      at isConcurrentActEnvironment (node_modules/react-test-renderer/cjs/react-test-renderer.development.js:10243:17)
      at warnIfUpdatesNotWrappedWithActDEV (node_modules/react-test-renderer/cjs/react-test-renderer.development.js:11798:7)
      at scheduleUpdateOnFiber (node_modules/react-test-renderer/cjs/react-test-renderer.development.js:10326:9)
      at updateContainerImpl (node_modules/react-test-renderer/cjs/react-test-renderer.development.js:12382:10)
      at updateContainer (node_modules/react-test-renderer/cjs/react-test-renderer.development.js:12326:7)
      at process.env.NODE_ENV.exports.create (node_modules/react-test-renderer/cjs/react-test-renderer.development.js:14630:7)
      at hooks/__tests__/useWalletImport.test.js:38:23
      at process.env.NODE_ENV.exports.act (node_modules/react/cjs/react.development.js:789:22)
      at renderHook (hooks/__tests__/useWalletImport.test.js:37:6)
      at Object.renderHook (hooks/__tests__/useWalletImport.test.js:502:26)

    console.error
      react-test-renderer is deprecated. See https://react.dev/warnings/react-test-renderer

      36 |   let component;
      37 |   act(() => {
    > 38 |     component = create(<TestComponent hookProps={initialProps} />);
         |                       ^
      39 |   });
      40 |   return {
      41 |     result,

      at process.env.NODE_ENV.exports.create (node_modules/react-test-renderer/cjs/react-test-renderer.development.js:14598:17)
      at hooks/__tests__/useWalletImport.test.js:38:23
      at process.env.NODE_ENV.exports.act (node_modules/react/cjs/react.development.js:789:22)
      at renderHook (hooks/__tests__/useWalletImport.test.js:37:6)
      at Object.renderHook (hooks/__tests__/useWalletImport.test.js:513:26)

    console.error
      The current testing environment is not configured to support act(...)

      36 |   let component;
      37 |   act(() => {
    > 38 |     component = create(<TestComponent hookProps={initialProps} />);
         |                       ^
      39 |   });
      40 |   return {
      41 |     result,

      at isConcurrentActEnvironment (node_modules/react-test-renderer/cjs/react-test-renderer.development.js:10243:17)
      at warnIfUpdatesNotWrappedWithActDEV (node_modules/react-test-renderer/cjs/react-test-renderer.development.js:11798:7)
      at scheduleUpdateOnFiber (node_modules/react-test-renderer/cjs/react-test-renderer.development.js:10326:9)
      at updateContainerImpl (node_modules/react-test-renderer/cjs/react-test-renderer.development.js:12382:10)
      at updateContainer (node_modules/react-test-renderer/cjs/react-test-renderer.development.js:12326:7)
      at process.env.NODE_ENV.exports.create (node_modules/react-test-renderer/cjs/react-test-renderer.development.js:14630:7)
      at hooks/__tests__/useWalletImport.test.js:38:23
      at process.env.NODE_ENV.exports.act (node_modules/react/cjs/react.development.js:789:22)
      at renderHook (hooks/__tests__/useWalletImport.test.js:37:6)
      at Object.renderHook (hooks/__tests__/useWalletImport.test.js:513:26)

    console.error
      The current testing environment is not configured to support act(...)

      516 |
      517 |       act(() => {
    > 518 |         result.current.setImportingWallet(true);
          |                        ^
      519 |       });
      520 |
      521 |       expect(result.current.importingWallet).toBe(true);

      at isConcurrentActEnvironment (node_modules/react-test-renderer/cjs/react-test-renderer.development.js:10243:17)
      at warnIfUpdatesNotWrappedWithActDEV (node_modules/react-test-renderer/cjs/react-test-renderer.development.js:11798:7)
      at scheduleUpdateOnFiber (node_modules/react-test-renderer/cjs/react-test-renderer.development.js:10326:9)
      at dispatchSetStateInternal (node_modules/react-test-renderer/cjs/react-test-renderer.development.js:4148:13)
      at dispatchSetState (node_modules/react-test-renderer/cjs/react-test-renderer.development.js:4107:7)
      at setImportingWallet (hooks/__tests__/useWalletImport.test.js:518:24)
      at process.env.NODE_ENV.exports.act (node_modules/react/cjs/react.development.js:789:22)
      at Object.<anonymous> (hooks/__tests__/useWalletImport.test.js:517:10)

    console.error
      react-test-renderer is deprecated. See https://react.dev/warnings/react-test-renderer

      36 |   let component;
      37 |   act(() => {
    > 38 |     component = create(<TestComponent hookProps={initialProps} />);
         |                       ^
      39 |   });
      40 |   return {
      41 |     result,

      at process.env.NODE_ENV.exports.create (node_modules/react-test-renderer/cjs/react-test-renderer.development.js:14598:17)
      at hooks/__tests__/useWalletImport.test.js:38:23
      at process.env.NODE_ENV.exports.act (node_modules/react/cjs/react.development.js:789:22)
      at renderHook (hooks/__tests__/useWalletImport.test.js:37:6)
      at Object.renderHook (hooks/__tests__/useWalletImport.test.js:525:26)

    console.error
      The current testing environment is not configured to support act(...)

      36 |   let component;
      37 |   act(() => {
    > 38 |     component = create(<TestComponent hookProps={initialProps} />);
         |                       ^
      39 |   });
      40 |   return {
      41 |     result,

      at isConcurrentActEnvironment (node_modules/react-test-renderer/cjs/react-test-renderer.development.js:10243:17)
      at warnIfUpdatesNotWrappedWithActDEV (node_modules/react-test-renderer/cjs/react-test-renderer.development.js:11798:7)
      at scheduleUpdateOnFiber (node_modules/react-test-renderer/cjs/react-test-renderer.development.js:10326:9)
      at updateContainerImpl (node_modules/react-test-renderer/cjs/react-test-renderer.development.js:12382:10)
      at updateContainer (node_modules/react-test-renderer/cjs/react-test-renderer.development.js:12326:7)
      at process.env.NODE_ENV.exports.create (node_modules/react-test-renderer/cjs/react-test-renderer.development.js:14630:7)
      at hooks/__tests__/useWalletImport.test.js:38:23
      at process.env.NODE_ENV.exports.act (node_modules/react/cjs/react.development.js:789:22)
      at renderHook (hooks/__tests__/useWalletImport.test.js:37:6)
      at Object.renderHook (hooks/__tests__/useWalletImport.test.js:525:26)

    console.error
      The current testing environment is not configured to support act(...)

      530 |
      531 |       act(() => {
    > 532 |         result.current.setImportSeedPhrase(newPhrase);
          |                        ^
      533 |       });
      534 |
      535 |       expect(result.current.importSeedPhrase).toEqual(newPhrase);

      at isConcurrentActEnvironment (node_modules/react-test-renderer/cjs/react-test-renderer.development.js:10243:17)
      at warnIfUpdatesNotWrappedWithActDEV (node_modules/react-test-renderer/cjs/react-test-renderer.development.js:11798:7)
      at scheduleUpdateOnFiber (node_modules/react-test-renderer/cjs/react-test-renderer.development.js:10326:9)
      at dispatchSetStateInternal (node_modules/react-test-renderer/cjs/react-test-renderer.development.js:4148:13)
      at dispatchSetState (node_modules/react-test-renderer/cjs/react-test-renderer.development.js:4107:7)
      at setImportSeedPhrase (hooks/__tests__/useWalletImport.test.js:532:24)
      at process.env.NODE_ENV.exports.act (node_modules/react/cjs/react.development.js:789:22)
      at Object.<anonymous> (hooks/__tests__/useWalletImport.test.js:531:10)

    console.error
      react-test-renderer is deprecated. See https://react.dev/warnings/react-test-renderer

      36 |   let component;
      37 |   act(() => {
    > 38 |     component = create(<TestComponent hookProps={initialProps} />);
         |                       ^
      39 |   });
      40 |   return {
      41 |     result,

      at process.env.NODE_ENV.exports.create (node_modules/react-test-renderer/cjs/react-test-renderer.development.js:14598:17)
      at hooks/__tests__/useWalletImport.test.js:38:23
      at process.env.NODE_ENV.exports.act (node_modules/react/cjs/react.development.js:789:22)
      at renderHook (hooks/__tests__/useWalletImport.test.js:37:6)
      at Object.renderHook (hooks/__tests__/useWalletImport.test.js:539:26)

    console.error
      The current testing environment is not configured to support act(...)

      36 |   let component;
      37 |   act(() => {
    > 38 |     component = create(<TestComponent hookProps={initialProps} />);
         |                       ^
      39 |   });
      40 |   return {
      41 |     result,

      at isConcurrentActEnvironment (node_modules/react-test-renderer/cjs/react-test-renderer.development.js:10243:17)
      at warnIfUpdatesNotWrappedWithActDEV (node_modules/react-test-renderer/cjs/react-test-renderer.development.js:11798:7)
      at scheduleUpdateOnFiber (node_modules/react-test-renderer/cjs/react-test-renderer.development.js:10326:9)
      at updateContainerImpl (node_modules/react-test-renderer/cjs/react-test-renderer.development.js:12382:10)
      at updateContainer (node_modules/react-test-renderer/cjs/react-test-renderer.development.js:12326:7)
      at process.env.NODE_ENV.exports.create (node_modules/react-test-renderer/cjs/react-test-renderer.development.js:14630:7)
      at hooks/__tests__/useWalletImport.test.js:38:23
      at process.env.NODE_ENV.exports.act (node_modules/react/cjs/react.development.js:789:22)
      at renderHook (hooks/__tests__/useWalletImport.test.js:37:6)
      at Object.renderHook (hooks/__tests__/useWalletImport.test.js:539:26)

    console.error
      The current testing environment is not configured to support act(...)

      542 |
      543 |       act(() => {
    > 544 |         result.current.setIsImportedWallet(true);
          |                        ^
      545 |       });
      546 |
      547 |       expect(result.current.isImportedWallet).toBe(true);

      at isConcurrentActEnvironment (node_modules/react-test-renderer/cjs/react-test-renderer.development.js:10243:17)
      at warnIfUpdatesNotWrappedWithActDEV (node_modules/react-test-renderer/cjs/react-test-renderer.development.js:11798:7)
      at scheduleUpdateOnFiber (node_modules/react-test-renderer/cjs/react-test-renderer.development.js:10326:9)
      at dispatchSetStateInternal (node_modules/react-test-renderer/cjs/react-test-renderer.development.js:4148:13)
      at dispatchSetState (node_modules/react-test-renderer/cjs/react-test-renderer.development.js:4107:7)
      at setIsImportedWallet (hooks/__tests__/useWalletImport.test.js:544:24)
      at process.env.NODE_ENV.exports.act (node_modules/react/cjs/react.development.js:789:22)
      at Object.<anonymous> (hooks/__tests__/useWalletImport.test.js:543:10)

  ● useWalletImport › Import Wallet › should import wallet with valid seed phrase

    expect(jest.fn()).toHaveBeenCalled()

    Expected number of calls: >= 1
    Received number of calls:    0

      235 |         mockProps.currentAccount
      236 |       );
    > 237 |       expect(mockProps.loadWallet).toHaveBeenCalled();
          |                                    ^
      238 |       expect(mockProps.setSettingUpPin).toHaveBeenCalledWith(true);
      239 |     });
      240 |

      at Object.toHaveBeenCalled (hooks/__tests__/useWalletImport.test.js:237:36)
      at asyncGeneratorStep (node_modules/@babel/runtime/helpers/asyncToGenerator.js:3:17)
      at _next (node_modules/@babel/runtime/helpers/asyncToGenerator.js:17:9)

  ● useWalletImport › Import Wallet › should set isImportedWallet flag

    expect(received).toBe(expected) // Object.is equality

    Expected: true
    Received: false

      288 |       });
      289 |
    > 290 |       expect(result.current.isImportedWallet).toBe(true);
          |                                               ^
      291 |     });
      292 |
      293 |     it('should clear import form on success', async () => {

      at Object.toBe (hooks/__tests__/useWalletImport.test.js:290:47)
      at asyncGeneratorStep (node_modules/@babel/runtime/helpers/asyncToGenerator.js:3:17)
      at _next (node_modules/@babel/runtime/helpers/asyncToGenerator.js:17:9)

  ● useWalletImport › Import Wallet › should clear import form on success

    expect(received).toBe(expected) // Object.is equality

    Expected: false
    Received: true

      307 |       });
      308 |
    > 309 |       expect(result.current.importingWallet).toBe(false);
          |                                              ^
      310 |       expect(result.current.importSeedPhrase).toEqual(Array(12).fill(''));
      311 |     });
      312 |

      at Object.toBe (hooks/__tests__/useWalletImport.test.js:309:46)
      at asyncGeneratorStep (node_modules/@babel/runtime/helpers/asyncToGenerator.js:3:17)
      at _next (node_modules/@babel/runtime/helpers/asyncToGenerator.js:17:9)

  ● useWalletImport › Import Wallet › should clear persisted state on success

    expect(jest.fn()).toHaveBeenCalledWith(...expected)

    Expected: "wallet_import_state"

    Number of calls: 0

      326 |       });
      327 |
    > 328 |       expect(AsyncStorage.removeItem).toHaveBeenCalledWith('wallet_import_state');
          |                                       ^
      329 |     });
      330 |
      331 |     it('should handle import errors', async () => {

      at Object.toHaveBeenCalledWith (hooks/__tests__/useWalletImport.test.js:328:39)
      at asyncGeneratorStep (node_modules/@babel/runtime/helpers/asyncToGenerator.js:3:17)
      at _next (node_modules/@babel/runtime/helpers/asyncToGenerator.js:17:9)

  ● useWalletImport › Import Wallet › should work without loadWallet callback

    expect(jest.fn()).toHaveBeenCalledWith(...expected)

    Expected: true

    Number of calls: 0

      387 |       });
      388 |
    > 389 |       expect(mockProps.setSettingUpPin).toHaveBeenCalledWith(true);
          |                                         ^
      390 |     });
      391 |
      392 |     it('should handle balance fetch errors gracefully', async () => {

      at Object.toHaveBeenCalledWith (hooks/__tests__/useWalletImport.test.js:389:41)
      at asyncGeneratorStep (node_modules/@babel/runtime/helpers/asyncToGenerator.js:3:17)
      at _next (node_modules/@babel/runtime/helpers/asyncToGenerator.js:17:9)

  ● useWalletImport › Import Wallet › should handle balance fetch errors gracefully

    expect(received).toBe(expected) // Object.is equality

    Expected: true
    Received: false

      419 |
      420 |       // Should still complete import successfully despite balance error
    > 421 |       expect(result.current.isImportedWallet).toBe(true);
          |                                               ^
      422 |       expect(result.current.importingWallet).toBe(false);
      423 |     });
      424 |   });

      at Object.toBe (hooks/__tests__/useWalletImport.test.js:421:47)
      at asyncGeneratorStep (node_modules/@babel/runtime/helpers/asyncToGenerator.js:3:17)
      at _next (node_modules/@babel/runtime/helpers/asyncToGenerator.js:17:9)

FAIL utils/__tests__/wallet.keynegation.test.js
  ● Taproot key negation › should handle key-path spending with odd y-coordinate

    Can not sign for input #0 with the key 032befa14431d4cb71889ea1df7a7eaa2f1d8b9107e60b01564e15dabe5c0dfd32

      228 |               // Sign the input with the properly tweaked signer
      229 |               // This uses psbt.signInput internally which handles Schnorr signing correctly
    > 230 |               psbt.signInput(inputIndex, tweakedSigner);
          |                    ^
      231 |             }
      232 |           } else {
      233 |             psbt.signInput(inputIndex, keyPair);

      at Psbt.checkTaprootHashesForSig (node_modules/bitcoinjs-lib/src/cjs/psbt.cjs:913:13)
      at Psbt._signTaprootInput (node_modules/bitcoinjs-lib/src/cjs/psbt.cjs:751:31)
      at Psbt.signInput (node_modules/bitcoinjs-lib/src/cjs/psbt.cjs:699:19)
      at signInput (utils/wallet.js:230:20)
      at asyncGeneratorStep (node_modules/@babel/runtime/helpers/asyncToGenerator.js:3:17)
      at _next (node_modules/@babel/runtime/helpers/asyncToGenerator.js:17:9)
      at node_modules/@babel/runtime/helpers/asyncToGenerator.js:22:7
      at node_modules/@babel/runtime/helpers/asyncToGenerator.js:14:12
      at apply (utils/wallet.js:253:4)
      at callback (utils/__tests__/wallet.keynegation.test.js:89:65)
      at utils/wallet.js:84:28
      at asyncGeneratorStep (node_modules/@babel/runtime/helpers/asyncToGenerator.js:3:17)
      at _next (node_modules/@babel/runtime/helpers/asyncToGenerator.js:17:9)

FAIL utils/__tests__/wallet.helpers.test.js
  ● wallet helper functions › Taproot key negation for odd y-coordinate › should handle Taproot keys with odd y-coordinate (0x03 prefix)

    Can not sign for input #0 with the key 033b82b2b2a9185315da6f80da5f06d0440d8a5e1457fa93387c2d919c86ec8786

      228 |               // Sign the input with the properly tweaked signer
      229 |               // This uses psbt.signInput internally which handles Schnorr signing correctly
    > 230 |               psbt.signInput(inputIndex, tweakedSigner);
          |                    ^
      231 |             }
      232 |           } else {
      233 |             psbt.signInput(inputIndex, keyPair);

      at Psbt.checkTaprootHashesForSig (node_modules/bitcoinjs-lib/src/cjs/psbt.cjs:913:13)
      at Psbt._signTaprootInput (node_modules/bitcoinjs-lib/src/cjs/psbt.cjs:751:31)
      at Psbt.signInput (node_modules/bitcoinjs-lib/src/cjs/psbt.cjs:699:19)
      at signInput (utils/wallet.js:230:20)
      at asyncGeneratorStep (node_modules/@babel/runtime/helpers/asyncToGenerator.js:3:17)
      at _next (node_modules/@babel/runtime/helpers/asyncToGenerator.js:17:9)
      at node_modules/@babel/runtime/helpers/asyncToGenerator.js:22:7
      at node_modules/@babel/runtime/helpers/asyncToGenerator.js:14:12
      at apply (utils/wallet.js:253:4)
      at callback (utils/__tests__/wallet.helpers.test.js:18:39)
      at utils/wallet.js:84:28
      at asyncGeneratorStep (node_modules/@babel/runtime/helpers/asyncToGenerator.js:3:17)
      at _next (node_modules/@babel/runtime/helpers/asyncToGenerator.js:17:9)

FAIL utils/__tests__/wallet.psbt.test.js
  ● wallet PSBT signing › signPsbt - Taproot (P2TR) key-path › should sign a Taproot key-path PSBT

    Can not sign for input #0 with the key 033b82b2b2a9185315da6f80da5f06d0440d8a5e1457fa93387c2d919c86ec8786

      228 |               // Sign the input with the properly tweaked signer
      229 |               // This uses psbt.signInput internally which handles Schnorr signing correctly
    > 230 |               psbt.signInput(inputIndex, tweakedSigner);
          |                    ^
      231 |             }
      232 |           } else {
      233 |             psbt.signInput(inputIndex, keyPair);

      at Psbt.checkTaprootHashesForSig (node_modules/bitcoinjs-lib/src/cjs/psbt.cjs:913:13)
      at Psbt._signTaprootInput (node_modules/bitcoinjs-lib/src/cjs/psbt.cjs:751:31)
      at Psbt.signInput (node_modules/bitcoinjs-lib/src/cjs/psbt.cjs:699:19)
      at signInput (utils/wallet.js:230:20)
      at asyncGeneratorStep (node_modules/@babel/runtime/helpers/asyncToGenerator.js:3:17)
      at _next (node_modules/@babel/runtime/helpers/asyncToGenerator.js:17:9)
      at node_modules/@babel/runtime/helpers/asyncToGenerator.js:22:7
      at node_modules/@babel/runtime/helpers/asyncToGenerator.js:14:12
      at apply (utils/wallet.js:253:4)
      at callback (utils/__tests__/wallet.psbt.test.js:21:39)
      at utils/wallet.js:84:28
      at asyncGeneratorStep (node_modules/@babel/runtime/helpers/asyncToGenerator.js:3:17)
      at _next (node_modules/@babel/runtime/helpers/asyncToGenerator.js:17:9)

  ● wallet PSBT signing › signPsbt - Taproot (P2TR) key-path › should handle multiple Taproot inputs

    Can not sign for input #0 with the key 033b82b2b2a9185315da6f80da5f06d0440d8a5e1457fa93387c2d919c86ec8786

      228 |               // Sign the input with the properly tweaked signer
      229 |               // This uses psbt.signInput internally which handles Schnorr signing correctly
    > 230 |               psbt.signInput(inputIndex, tweakedSigner);
          |                    ^
      231 |             }
      232 |           } else {
      233 |             psbt.signInput(inputIndex, keyPair);

      at Psbt.checkTaprootHashesForSig (node_modules/bitcoinjs-lib/src/cjs/psbt.cjs:913:13)
      at Psbt._signTaprootInput (node_modules/bitcoinjs-lib/src/cjs/psbt.cjs:751:31)
      at Psbt.signInput (node_modules/bitcoinjs-lib/src/cjs/psbt.cjs:699:19)
      at signInput (utils/wallet.js:230:20)
      at asyncGeneratorStep (node_modules/@babel/runtime/helpers/asyncToGenerator.js:3:17)
      at _next (node_modules/@babel/runtime/helpers/asyncToGenerator.js:17:9)
      at node_modules/@babel/runtime/helpers/asyncToGenerator.js:22:7
      at node_modules/@babel/runtime/helpers/asyncToGenerator.js:14:12
      at apply (utils/wallet.js:253:4)
      at callback (utils/__tests__/wallet.psbt.test.js:21:39)
      at utils/wallet.js:84:28
      at asyncGeneratorStep (node_modules/@babel/runtime/helpers/asyncToGenerator.js:3:17)
      at _next (node_modules/@babel/runtime/helpers/asyncToGenerator.js:17:9)

  ● wallet PSBT signing › signPsbt - integration › should handle mixed SegWit and Taproot inputs

    Can not sign for input #1 with the key 033b82b2b2a9185315da6f80da5f06d0440d8a5e1457fa93387c2d919c86ec8786

      228 |               // Sign the input with the properly tweaked signer
      229 |               // This uses psbt.signInput internally which handles Schnorr signing correctly
    > 230 |               psbt.signInput(inputIndex, tweakedSigner);
          |                    ^
      231 |             }
      232 |           } else {
      233 |             psbt.signInput(inputIndex, keyPair);

      at Psbt.checkTaprootHashesForSig (node_modules/bitcoinjs-lib/src/cjs/psbt.cjs:913:13)
      at Psbt._signTaprootInput (node_modules/bitcoinjs-lib/src/cjs/psbt.cjs:751:31)
      at Psbt.signInput (node_modules/bitcoinjs-lib/src/cjs/psbt.cjs:699:19)
      at signInput (utils/wallet.js:230:20)
      at asyncGeneratorStep (node_modules/@babel/runtime/helpers/asyncToGenerator.js:3:17)
      at _next (node_modules/@babel/runtime/helpers/asyncToGenerator.js:17:9)
      at node_modules/@babel/runtime/helpers/asyncToGenerator.js:22:7
      at node_modules/@babel/runtime/helpers/asyncToGenerator.js:14:12
      at apply (utils/wallet.js:253:4)
      at callback (utils/__tests__/wallet.psbt.test.js:21:39)
      at utils/wallet.js:84:28
      at asyncGeneratorStep (node_modules/@babel/runtime/helpers/asyncToGenerator.js:3:17)
      at _next (node_modules/@babel/runtime/helpers/asyncToGenerator.js:17:9)

PASS utils/__tests__/bitcoin.test.js
PASS contexts/__tests__/WalletDataContext.test.js
PASS hooks/__tests__/useSettingsNavigation.test.js
  ● Console

    console.error
      react-test-renderer is deprecated. See https://react.dev/warnings/react-test-renderer

      41 |   let component;
      42 |   act(() => {
    > 43 |     component = create(<TestComponent />);
         |                       ^
      44 |   });
      45 |   return {
      46 |     result,

      at process.env.NODE_ENV.exports.create (node_modules/react-test-renderer/cjs/react-test-renderer.development.js:14598:17)
      at hooks/__tests__/useSettingsNavigation.test.js:43:23
      at process.env.NODE_ENV.exports.act (node_modules/react/cjs/react.development.js:789:22)
      at renderHook (hooks/__tests__/useSettingsNavigation.test.js:42:6)
      at Object.renderHook (hooks/__tests__/useSettingsNavigation.test.js:65:26)
      at asyncGeneratorStep (node_modules/@babel/runtime/helpers/asyncToGenerator.js:3:17)
      at _next (node_modules/@babel/runtime/helpers/asyncToGenerator.js:17:9)
      at node_modules/@babel/runtime/helpers/asyncToGenerator.js:22:7
      at Object.<anonymous> (node_modules/@babel/runtime/helpers/asyncToGenerator.js:14:12)

    console.error
      The current testing environment is not configured to support act(...)

      41 |   let component;
      42 |   act(() => {
    > 43 |     component = create(<TestComponent />);
         |                       ^
      44 |   });
      45 |   return {
      46 |     result,

      at isConcurrentActEnvironment (node_modules/react-test-renderer/cjs/react-test-renderer.development.js:10243:17)
      at warnIfUpdatesNotWrappedWithActDEV (node_modules/react-test-renderer/cjs/react-test-renderer.development.js:11798:7)
      at scheduleUpdateOnFiber (node_modules/react-test-renderer/cjs/react-test-renderer.development.js:10326:9)
      at updateContainerImpl (node_modules/react-test-renderer/cjs/react-test-renderer.development.js:12382:10)
      at updateContainer (node_modules/react-test-renderer/cjs/react-test-renderer.development.js:12326:7)
      at process.env.NODE_ENV.exports.create (node_modules/react-test-renderer/cjs/react-test-renderer.development.js:14630:7)
      at hooks/__tests__/useSettingsNavigation.test.js:43:23
      at process.env.NODE_ENV.exports.act (node_modules/react/cjs/react.development.js:789:22)
      at renderHook (hooks/__tests__/useSettingsNavigation.test.js:42:6)
      at Object.renderHook (hooks/__tests__/useSettingsNavigation.test.js:65:26)
      at asyncGeneratorStep (node_modules/@babel/runtime/helpers/asyncToGenerator.js:3:17)
      at _next (node_modules/@babel/runtime/helpers/asyncToGenerator.js:17:9)
      at node_modules/@babel/runtime/helpers/asyncToGenerator.js:22:7
      at Object.<anonymous> (node_modules/@babel/runtime/helpers/asyncToGenerator.js:14:12)

    console.error
      The current testing environment is not configured to support act(...)

      84 |       }
      85 |
    > 86 |       setHasCheckedInitialFlags(true);
         |       ^
      87 |     };
      88 |     checkFlagsSync();
      89 |   }, [settingsOpacity, settingsTranslateX]);

      at isConcurrentActEnvironment (node_modules/react-test-renderer/cjs/react-test-renderer.development.js:10243:17)
      at warnIfUpdatesNotWrappedWithActDEV (node_modules/react-test-renderer/cjs/react-test-renderer.development.js:11798:7)
      at scheduleUpdateOnFiber (node_modules/react-test-renderer/cjs/react-test-renderer.development.js:10326:9)
      at dispatchSetStateInternal (node_modules/react-test-renderer/cjs/react-test-renderer.development.js:4148:13)
      at dispatchSetState (node_modules/react-test-renderer/cjs/react-test-renderer.development.js:4107:7)
      at setHasCheckedInitialFlags (hooks/useSettingsNavigation.js:86:7)
      at asyncGeneratorStep (node_modules/@babel/runtime/helpers/asyncToGenerator.js:3:17)
      at _next (node_modules/@babel/runtime/helpers/asyncToGenerator.js:17:9)

    console.error
      react-test-renderer is deprecated. See https://react.dev/warnings/react-test-renderer

      41 |   let component;
      42 |   act(() => {
    > 43 |     component = create(<TestComponent />);
         |                       ^
      44 |   });
      45 |   return {
      46 |     result,

      at process.env.NODE_ENV.exports.create (node_modules/react-test-renderer/cjs/react-test-renderer.development.js:14598:17)
      at hooks/__tests__/useSettingsNavigation.test.js:43:23
      at process.env.NODE_ENV.exports.act (node_modules/react/cjs/react.development.js:789:22)
      at renderHook (hooks/__tests__/useSettingsNavigation.test.js:42:6)
      at Object.renderHook (hooks/__tests__/useSettingsNavigation.test.js:75:26)
      at asyncGeneratorStep (node_modules/@babel/runtime/helpers/asyncToGenerator.js:3:17)
      at _next (node_modules/@babel/runtime/helpers/asyncToGenerator.js:17:9)
      at node_modules/@babel/runtime/helpers/asyncToGenerator.js:22:7
      at Object.<anonymous> (node_modules/@babel/runtime/helpers/asyncToGenerator.js:14:12)

    console.error
      The current testing environment is not configured to support act(...)

      41 |   let component;
      42 |   act(() => {
    > 43 |     component = create(<TestComponent />);
         |                       ^
      44 |   });
      45 |   return {
      46 |     result,

      at isConcurrentActEnvironment (node_modules/react-test-renderer/cjs/react-test-renderer.development.js:10243:17)
      at warnIfUpdatesNotWrappedWithActDEV (node_modules/react-test-renderer/cjs/react-test-renderer.development.js:11798:7)
      at scheduleUpdateOnFiber (node_modules/react-test-renderer/cjs/react-test-renderer.development.js:10326:9)
      at updateContainerImpl (node_modules/react-test-renderer/cjs/react-test-renderer.development.js:12382:10)
      at updateContainer (node_modules/react-test-renderer/cjs/react-test-renderer.development.js:12326:7)
      at process.env.NODE_ENV.exports.create (node_modules/react-test-renderer/cjs/react-test-renderer.development.js:14630:7)
      at hooks/__tests__/useSettingsNavigation.test.js:43:23
      at process.env.NODE_ENV.exports.act (node_modules/react/cjs/react.development.js:789:22)
      at renderHook (hooks/__tests__/useSettingsNavigation.test.js:42:6)
      at Object.renderHook (hooks/__tests__/useSettingsNavigation.test.js:75:26)
      at asyncGeneratorStep (node_modules/@babel/runtime/helpers/asyncToGenerator.js:3:17)
      at _next (node_modules/@babel/runtime/helpers/asyncToGenerator.js:17:9)
      at node_modules/@babel/runtime/helpers/asyncToGenerator.js:22:7
      at Object.<anonymous> (node_modules/@babel/runtime/helpers/asyncToGenerator.js:14:12)

    console.error
      The current testing environment is not configured to support act(...)

      84 |       }
      85 |
    > 86 |       setHasCheckedInitialFlags(true);
         |       ^
      87 |     };
      88 |     checkFlagsSync();
      89 |   }, [settingsOpacity, settingsTranslateX]);

      at isConcurrentActEnvironment (node_modules/react-test-renderer/cjs/react-test-renderer.development.js:10243:17)
      at warnIfUpdatesNotWrappedWithActDEV (node_modules/react-test-renderer/cjs/react-test-renderer.development.js:11798:7)
      at scheduleUpdateOnFiber (node_modules/react-test-renderer/cjs/react-test-renderer.development.js:10326:9)
      at dispatchSetStateInternal (node_modules/react-test-renderer/cjs/react-test-renderer.development.js:4148:13)
      at dispatchSetState (node_modules/react-test-renderer/cjs/react-test-renderer.development.js:4107:7)
      at setHasCheckedInitialFlags (hooks/useSettingsNavigation.js:86:7)
      at asyncGeneratorStep (node_modules/@babel/runtime/helpers/asyncToGenerator.js:3:17)
      at _next (node_modules/@babel/runtime/helpers/asyncToGenerator.js:17:9)

    console.error
      react-test-renderer is deprecated. See https://react.dev/warnings/react-test-renderer

      41 |   let component;
      42 |   act(() => {
    > 43 |     component = create(<TestComponent />);
         |                       ^
      44 |   });
      45 |   return {
      46 |     result,

      at process.env.NODE_ENV.exports.create (node_modules/react-test-renderer/cjs/react-test-renderer.development.js:14598:17)
      at hooks/__tests__/useSettingsNavigation.test.js:43:23
      at process.env.NODE_ENV.exports.act (node_modules/react/cjs/react.development.js:789:22)
      at renderHook (hooks/__tests__/useSettingsNavigation.test.js:42:6)
      at Object.renderHook (hooks/__tests__/useSettingsNavigation.test.js:87:26)
      at asyncGeneratorStep (node_modules/@babel/runtime/helpers/asyncToGenerator.js:3:17)
      at _next (node_modules/@babel/runtime/helpers/asyncToGenerator.js:17:9)
      at node_modules/@babel/runtime/helpers/asyncToGenerator.js:22:7
      at Object.<anonymous> (node_modules/@babel/runtime/helpers/asyncToGenerator.js:14:12)

    console.error
      The current testing environment is not configured to support act(...)

      41 |   let component;
      42 |   act(() => {
    > 43 |     component = create(<TestComponent />);
         |                       ^
      44 |   });
      45 |   return {
      46 |     result,

      at isConcurrentActEnvironment (node_modules/react-test-renderer/cjs/react-test-renderer.development.js:10243:17)
      at warnIfUpdatesNotWrappedWithActDEV (node_modules/react-test-renderer/cjs/react-test-renderer.development.js:11798:7)
      at scheduleUpdateOnFiber (node_modules/react-test-renderer/cjs/react-test-renderer.development.js:10326:9)
      at updateContainerImpl (node_modules/react-test-renderer/cjs/react-test-renderer.development.js:12382:10)
      at updateContainer (node_modules/react-test-renderer/cjs/react-test-renderer.development.js:12326:7)
      at process.env.NODE_ENV.exports.create (node_modules/react-test-renderer/cjs/react-test-renderer.development.js:14630:7)
      at hooks/__tests__/useSettingsNavigation.test.js:43:23
      at process.env.NODE_ENV.exports.act (node_modules/react/cjs/react.development.js:789:22)
      at renderHook (hooks/__tests__/useSettingsNavigation.test.js:42:6)
      at Object.renderHook (hooks/__tests__/useSettingsNavigation.test.js:87:26)
      at asyncGeneratorStep (node_modules/@babel/runtime/helpers/asyncToGenerator.js:3:17)
      at _next (node_modules/@babel/runtime/helpers/asyncToGenerator.js:17:9)
      at node_modules/@babel/runtime/helpers/asyncToGenerator.js:22:7
      at Object.<anonymous> (node_modules/@babel/runtime/helpers/asyncToGenerator.js:14:12)

    console.error
      The current testing environment is not configured to support act(...)

      84 |       }
      85 |
    > 86 |       setHasCheckedInitialFlags(true);
         |       ^
      87 |     };
      88 |     checkFlagsSync();
      89 |   }, [settingsOpacity, settingsTranslateX]);

      at isConcurrentActEnvironment (node_modules/react-test-renderer/cjs/react-test-renderer.development.js:10243:17)
      at warnIfUpdatesNotWrappedWithActDEV (node_modules/react-test-renderer/cjs/react-test-renderer.development.js:11798:7)
      at scheduleUpdateOnFiber (node_modules/react-test-renderer/cjs/react-test-renderer.development.js:10326:9)
      at dispatchSetStateInternal (node_modules/react-test-renderer/cjs/react-test-renderer.development.js:4148:13)
      at dispatchSetState (node_modules/react-test-renderer/cjs/react-test-renderer.development.js:4107:7)
      at setHasCheckedInitialFlags (hooks/useSettingsNavigation.js:86:7)
      at asyncGeneratorStep (node_modules/@babel/runtime/helpers/asyncToGenerator.js:3:17)
      at _next (node_modules/@babel/runtime/helpers/asyncToGenerator.js:17:9)

    console.error
      react-test-renderer is deprecated. See https://react.dev/warnings/react-test-renderer

      41 |   let component;
      42 |   act(() => {
    > 43 |     component = create(<TestComponent />);
         |                       ^
      44 |   });
      45 |   return {
      46 |     result,

      at process.env.NODE_ENV.exports.create (node_modules/react-test-renderer/cjs/react-test-renderer.development.js:14598:17)
      at hooks/__tests__/useSettingsNavigation.test.js:43:23
      at process.env.NODE_ENV.exports.act (node_modules/react/cjs/react.development.js:789:22)
      at renderHook (hooks/__tests__/useSettingsNavigation.test.js:42:6)
      at Object.renderHook (hooks/__tests__/useSettingsNavigation.test.js:98:26)
      at asyncGeneratorStep (node_modules/@babel/runtime/helpers/asyncToGenerator.js:3:17)
      at _next (node_modules/@babel/runtime/helpers/asyncToGenerator.js:17:9)
      at node_modules/@babel/runtime/helpers/asyncToGenerator.js:22:7
      at Object.<anonymous> (node_modules/@babel/runtime/helpers/asyncToGenerator.js:14:12)

    console.error
      The current testing environment is not configured to support act(...)

      41 |   let component;
      42 |   act(() => {
    > 43 |     component = create(<TestComponent />);
         |                       ^
      44 |   });
      45 |   return {
      46 |     result,

      at isConcurrentActEnvironment (node_modules/react-test-renderer/cjs/react-test-renderer.development.js:10243:17)
      at warnIfUpdatesNotWrappedWithActDEV (node_modules/react-test-renderer/cjs/react-test-renderer.development.js:11798:7)
      at scheduleUpdateOnFiber (node_modules/react-test-renderer/cjs/react-test-renderer.development.js:10326:9)
      at updateContainerImpl (node_modules/react-test-renderer/cjs/react-test-renderer.development.js:12382:10)
      at updateContainer (node_modules/react-test-renderer/cjs/react-test-renderer.development.js:12326:7)
      at process.env.NODE_ENV.exports.create (node_modules/react-test-renderer/cjs/react-test-renderer.development.js:14630:7)
      at hooks/__tests__/useSettingsNavigation.test.js:43:23
      at process.env.NODE_ENV.exports.act (node_modules/react/cjs/react.development.js:789:22)
      at renderHook (hooks/__tests__/useSettingsNavigation.test.js:42:6)
      at Object.renderHook (hooks/__tests__/useSettingsNavigation.test.js:98:26)
      at asyncGeneratorStep (node_modules/@babel/runtime/helpers/asyncToGenerator.js:3:17)
      at _next (node_modules/@babel/runtime/helpers/asyncToGenerator.js:17:9)
      at node_modules/@babel/runtime/helpers/asyncToGenerator.js:22:7
      at Object.<anonymous> (node_modules/@babel/runtime/helpers/asyncToGenerator.js:14:12)

    console.error
      The current testing environment is not configured to support act(...)

      84 |       }
      85 |
    > 86 |       setHasCheckedInitialFlags(true);
         |       ^
      87 |     };
      88 |     checkFlagsSync();
      89 |   }, [settingsOpacity, settingsTranslateX]);

      at isConcurrentActEnvironment (node_modules/react-test-renderer/cjs/react-test-renderer.development.js:10243:17)
      at warnIfUpdatesNotWrappedWithActDEV (node_modules/react-test-renderer/cjs/react-test-renderer.development.js:11798:7)
      at scheduleUpdateOnFiber (node_modules/react-test-renderer/cjs/react-test-renderer.development.js:10326:9)
      at dispatchSetStateInternal (node_modules/react-test-renderer/cjs/react-test-renderer.development.js:4148:13)
      at dispatchSetState (node_modules/react-test-renderer/cjs/react-test-renderer.development.js:4107:7)
      at setHasCheckedInitialFlags (hooks/useSettingsNavigation.js:86:7)
      at asyncGeneratorStep (node_modules/@babel/runtime/helpers/asyncToGenerator.js:3:17)
      at _next (node_modules/@babel/runtime/helpers/asyncToGenerator.js:17:9)

    console.error
      react-test-renderer is deprecated. See https://react.dev/warnings/react-test-renderer

      41 |   let component;
      42 |   act(() => {
    > 43 |     component = create(<TestComponent />);
         |                       ^
      44 |   });
      45 |   return {
      46 |     result,

      at process.env.NODE_ENV.exports.create (node_modules/react-test-renderer/cjs/react-test-renderer.development.js:14598:17)
      at hooks/__tests__/useSettingsNavigation.test.js:43:23
      at process.env.NODE_ENV.exports.act (node_modules/react/cjs/react.development.js:789:22)
      at renderHook (hooks/__tests__/useSettingsNavigation.test.js:42:6)
      at Object.renderHook (hooks/__tests__/useSettingsNavigation.test.js:115:26)
      at asyncGeneratorStep (node_modules/@babel/runtime/helpers/asyncToGenerator.js:3:17)
      at _next (node_modules/@babel/runtime/helpers/asyncToGenerator.js:17:9)
      at node_modules/@babel/runtime/helpers/asyncToGenerator.js:22:7
      at Object.<anonymous> (node_modules/@babel/runtime/helpers/asyncToGenerator.js:14:12)

    console.error
      The current testing environment is not configured to support act(...)

      41 |   let component;
      42 |   act(() => {
    > 43 |     component = create(<TestComponent />);
         |                       ^
      44 |   });
      45 |   return {
      46 |     result,

      at isConcurrentActEnvironment (node_modules/react-test-renderer/cjs/react-test-renderer.development.js:10243:17)
      at warnIfUpdatesNotWrappedWithActDEV (node_modules/react-test-renderer/cjs/react-test-renderer.development.js:11798:7)
      at scheduleUpdateOnFiber (node_modules/react-test-renderer/cjs/react-test-renderer.development.js:10326:9)
      at updateContainerImpl (node_modules/react-test-renderer/cjs/react-test-renderer.development.js:12382:10)
      at updateContainer (node_modules/react-test-renderer/cjs/react-test-renderer.development.js:12326:7)
      at process.env.NODE_ENV.exports.create (node_modules/react-test-renderer/cjs/react-test-renderer.development.js:14630:7)
      at hooks/__tests__/useSettingsNavigation.test.js:43:23
      at process.env.NODE_ENV.exports.act (node_modules/react/cjs/react.development.js:789:22)
      at renderHook (hooks/__tests__/useSettingsNavigation.test.js:42:6)
      at Object.renderHook (hooks/__tests__/useSettingsNavigation.test.js:115:26)
      at asyncGeneratorStep (node_modules/@babel/runtime/helpers/asyncToGenerator.js:3:17)
      at _next (node_modules/@babel/runtime/helpers/asyncToGenerator.js:17:9)
      at node_modules/@babel/runtime/helpers/asyncToGenerator.js:22:7
      at Object.<anonymous> (node_modules/@babel/runtime/helpers/asyncToGenerator.js:14:12)

    console.error
      The current testing environment is not configured to support act(...)

      115 |           // Open settings
      116 |           settingsTranslateX.setValue(0);
    > 117 |           setShowSettings(true);
          |           ^
      118 |           // Clear the flags
      119 |           await SecureStore.deleteItemAsync('returnToSettingsAfterSeedPhrase');
      120 |           await SecureStore.deleteItemAsync('returnToSettingsAfterPinChange');

      at isConcurrentActEnvironment (node_modules/react-test-renderer/cjs/react-test-renderer.development.js:10243:17)
      at warnIfUpdatesNotWrappedWithActDEV (node_modules/react-test-renderer/cjs/react-test-renderer.development.js:11798:7)
      at scheduleUpdateOnFiber (node_modules/react-test-renderer/cjs/react-test-renderer.development.js:10326:9)
      at dispatchSetStateInternal (node_modules/react-test-renderer/cjs/react-test-renderer.development.js:4148:13)
      at dispatchSetState (node_modules/react-test-renderer/cjs/react-test-renderer.development.js:4107:7)
      at setShowSettings (hooks/useSettingsNavigation.js:117:11)
      at asyncGeneratorStep (node_modules/@babel/runtime/helpers/asyncToGenerator.js:3:17)
      at _next (node_modules/@babel/runtime/helpers/asyncToGenerator.js:17:9)

    console.error
      The current testing environment is not configured to support act(...)

      81 |         settingsOpacity.setValue(1);
      82 |         settingsTranslateX.setValue(0);
    > 83 |         setShowSettings(true);
         |         ^
      84 |       }
      85 |
      86 |       setHasCheckedInitialFlags(true);

      at isConcurrentActEnvironment (node_modules/react-test-renderer/cjs/react-test-renderer.development.js:10243:17)
      at warnIfUpdatesNotWrappedWithActDEV (node_modules/react-test-renderer/cjs/react-test-renderer.development.js:11798:7)
      at scheduleUpdateOnFiber (node_modules/react-test-renderer/cjs/react-test-renderer.development.js:10326:9)
      at dispatchSetStateInternal (node_modules/react-test-renderer/cjs/react-test-renderer.development.js:4148:13)
      at dispatchSetState (node_modules/react-test-renderer/cjs/react-test-renderer.development.js:4107:7)
      at setShowSettings (hooks/useSettingsNavigation.js:83:9)
      at asyncGeneratorStep (node_modules/@babel/runtime/helpers/asyncToGenerator.js:3:17)
      at _next (node_modules/@babel/runtime/helpers/asyncToGenerator.js:17:9)

    console.error
      The current testing environment is not configured to support act(...)

      84 |       }
      85 |
    > 86 |       setHasCheckedInitialFlags(true);
         |       ^
      87 |     };
      88 |     checkFlagsSync();
      89 |   }, [settingsOpacity, settingsTranslateX]);

      at isConcurrentActEnvironment (node_modules/react-test-renderer/cjs/react-test-renderer.development.js:10243:17)
      at warnIfUpdatesNotWrappedWithActDEV (node_modules/react-test-renderer/cjs/react-test-renderer.development.js:11798:7)
      at scheduleUpdateOnFiber (node_modules/react-test-renderer/cjs/react-test-renderer.development.js:10326:9)
      at dispatchSetStateInternal (node_modules/react-test-renderer/cjs/react-test-renderer.development.js:4148:13)
      at dispatchSetState (node_modules/react-test-renderer/cjs/react-test-renderer.development.js:4107:7)
      at setHasCheckedInitialFlags (hooks/useSettingsNavigation.js:86:7)
      at asyncGeneratorStep (node_modules/@babel/runtime/helpers/asyncToGenerator.js:3:17)
      at _next (node_modules/@babel/runtime/helpers/asyncToGenerator.js:17:9)

    console.error
      The current testing environment is not configured to support act(...)

      115 |           // Open settings
      116 |           settingsTranslateX.setValue(0);
    > 117 |           setShowSettings(true);
          |           ^
      118 |           // Clear the flags
      119 |           await SecureStore.deleteItemAsync('returnToSettingsAfterSeedPhrase');
      120 |           await SecureStore.deleteItemAsync('returnToSettingsAfterPinChange');

      at isConcurrentActEnvironment (node_modules/react-test-renderer/cjs/react-test-renderer.development.js:10243:17)
      at warnIfUpdatesNotWrappedWithActDEV (node_modules/react-test-renderer/cjs/react-test-renderer.development.js:11798:7)
      at scheduleUpdateOnFiber (node_modules/react-test-renderer/cjs/react-test-renderer.development.js:10326:9)
      at dispatchSetStateInternal (node_modules/react-test-renderer/cjs/react-test-renderer.development.js:4148:13)
      at dispatchSetState (node_modules/react-test-renderer/cjs/react-test-renderer.development.js:4107:7)
      at setShowSettings (hooks/useSettingsNavigation.js:117:11)
      at asyncGeneratorStep (node_modules/@babel/runtime/helpers/asyncToGenerator.js:3:17)
      at _next (node_modules/@babel/runtime/helpers/asyncToGenerator.js:17:9)

    console.error
      react-test-renderer is deprecated. See https://react.dev/warnings/react-test-renderer

      41 |   let component;
      42 |   act(() => {
    > 43 |     component = create(<TestComponent />);
         |                       ^
      44 |   });
      45 |   return {
      46 |     result,

      at process.env.NODE_ENV.exports.create (node_modules/react-test-renderer/cjs/react-test-renderer.development.js:14598:17)
      at hooks/__tests__/useSettingsNavigation.test.js:43:23
      at process.env.NODE_ENV.exports.act (node_modules/react/cjs/react.development.js:789:22)
      at renderHook (hooks/__tests__/useSettingsNavigation.test.js:42:6)
      at Object.renderHook (hooks/__tests__/useSettingsNavigation.test.js:131:26)
      at asyncGeneratorStep (node_modules/@babel/runtime/helpers/asyncToGenerator.js:3:17)
      at _next (node_modules/@babel/runtime/helpers/asyncToGenerator.js:17:9)
      at node_modules/@babel/runtime/helpers/asyncToGenerator.js:22:7
      at Object.<anonymous> (node_modules/@babel/runtime/helpers/asyncToGenerator.js:14:12)

    console.error
      The current testing environment is not configured to support act(...)

      41 |   let component;
      42 |   act(() => {
    > 43 |     component = create(<TestComponent />);
         |                       ^
      44 |   });
      45 |   return {
      46 |     result,

      at isConcurrentActEnvironment (node_modules/react-test-renderer/cjs/react-test-renderer.development.js:10243:17)
      at warnIfUpdatesNotWrappedWithActDEV (node_modules/react-test-renderer/cjs/react-test-renderer.development.js:11798:7)
      at scheduleUpdateOnFiber (node_modules/react-test-renderer/cjs/react-test-renderer.development.js:10326:9)
      at updateContainerImpl (node_modules/react-test-renderer/cjs/react-test-renderer.development.js:12382:10)
      at updateContainer (node_modules/react-test-renderer/cjs/react-test-renderer.development.js:12326:7)
      at process.env.NODE_ENV.exports.create (node_modules/react-test-renderer/cjs/react-test-renderer.development.js:14630:7)
      at hooks/__tests__/useSettingsNavigation.test.js:43:23
      at process.env.NODE_ENV.exports.act (node_modules/react/cjs/react.development.js:789:22)
      at renderHook (hooks/__tests__/useSettingsNavigation.test.js:42:6)
      at Object.renderHook (hooks/__tests__/useSettingsNavigation.test.js:131:26)
      at asyncGeneratorStep (node_modules/@babel/runtime/helpers/asyncToGenerator.js:3:17)
      at _next (node_modules/@babel/runtime/helpers/asyncToGenerator.js:17:9)
      at node_modules/@babel/runtime/helpers/asyncToGenerator.js:22:7
      at Object.<anonymous> (node_modules/@babel/runtime/helpers/asyncToGenerator.js:14:12)

    console.error
      The current testing environment is not configured to support act(...)

      115 |           // Open settings
      116 |           settingsTranslateX.setValue(0);
    > 117 |           setShowSettings(true);
          |           ^
      118 |           // Clear the flags
      119 |           await SecureStore.deleteItemAsync('returnToSettingsAfterSeedPhrase');
      120 |           await SecureStore.deleteItemAsync('returnToSettingsAfterPinChange');

      at isConcurrentActEnvironment (node_modules/react-test-renderer/cjs/react-test-renderer.development.js:10243:17)
      at warnIfUpdatesNotWrappedWithActDEV (node_modules/react-test-renderer/cjs/react-test-renderer.development.js:11798:7)
      at scheduleUpdateOnFiber (node_modules/react-test-renderer/cjs/react-test-renderer.development.js:10326:9)
      at dispatchSetStateInternal (node_modules/react-test-renderer/cjs/react-test-renderer.development.js:4148:13)
      at dispatchSetState (node_modules/react-test-renderer/cjs/react-test-renderer.development.js:4107:7)
      at setShowSettings (hooks/useSettingsNavigation.js:117:11)
      at asyncGeneratorStep (node_modules/@babel/runtime/helpers/asyncToGenerator.js:3:17)
      at _next (node_modules/@babel/runtime/helpers/asyncToGenerator.js:17:9)

    console.error
      The current testing environment is not configured to support act(...)

      81 |         settingsOpacity.setValue(1);
      82 |         settingsTranslateX.setValue(0);
    > 83 |         setShowSettings(true);
         |         ^
      84 |       }
      85 |
      86 |       setHasCheckedInitialFlags(true);

      at isConcurrentActEnvironment (node_modules/react-test-renderer/cjs/react-test-renderer.development.js:10243:17)
      at warnIfUpdatesNotWrappedWithActDEV (node_modules/react-test-renderer/cjs/react-test-renderer.development.js:11798:7)
      at scheduleUpdateOnFiber (node_modules/react-test-renderer/cjs/react-test-renderer.development.js:10326:9)
      at dispatchSetStateInternal (node_modules/react-test-renderer/cjs/react-test-renderer.development.js:4148:13)
      at dispatchSetState (node_modules/react-test-renderer/cjs/react-test-renderer.development.js:4107:7)
      at setShowSettings (hooks/useSettingsNavigation.js:83:9)
      at asyncGeneratorStep (node_modules/@babel/runtime/helpers/asyncToGenerator.js:3:17)
      at _next (node_modules/@babel/runtime/helpers/asyncToGenerator.js:17:9)

    console.error
      The current testing environment is not configured to support act(...)

      84 |       }
      85 |
    > 86 |       setHasCheckedInitialFlags(true);
         |       ^
      87 |     };
      88 |     checkFlagsSync();
      89 |   }, [settingsOpacity, settingsTranslateX]);

      at isConcurrentActEnvironment (node_modules/react-test-renderer/cjs/react-test-renderer.development.js:10243:17)
      at warnIfUpdatesNotWrappedWithActDEV (node_modules/react-test-renderer/cjs/react-test-renderer.development.js:11798:7)
      at scheduleUpdateOnFiber (node_modules/react-test-renderer/cjs/react-test-renderer.development.js:10326:9)
      at dispatchSetStateInternal (node_modules/react-test-renderer/cjs/react-test-renderer.development.js:4148:13)
      at dispatchSetState (node_modules/react-test-renderer/cjs/react-test-renderer.development.js:4107:7)
      at setHasCheckedInitialFlags (hooks/useSettingsNavigation.js:86:7)
      at asyncGeneratorStep (node_modules/@babel/runtime/helpers/asyncToGenerator.js:3:17)
      at _next (node_modules/@babel/runtime/helpers/asyncToGenerator.js:17:9)

    console.error
      The current testing environment is not configured to support act(...)

      115 |           // Open settings
      116 |           settingsTranslateX.setValue(0);
    > 117 |           setShowSettings(true);
          |           ^
      118 |           // Clear the flags
      119 |           await SecureStore.deleteItemAsync('returnToSettingsAfterSeedPhrase');
      120 |           await SecureStore.deleteItemAsync('returnToSettingsAfterPinChange');

      at isConcurrentActEnvironment (node_modules/react-test-renderer/cjs/react-test-renderer.development.js:10243:17)
      at warnIfUpdatesNotWrappedWithActDEV (node_modules/react-test-renderer/cjs/react-test-renderer.development.js:11798:7)
      at scheduleUpdateOnFiber (node_modules/react-test-renderer/cjs/react-test-renderer.development.js:10326:9)
      at dispatchSetStateInternal (node_modules/react-test-renderer/cjs/react-test-renderer.development.js:4148:13)
      at dispatchSetState (node_modules/react-test-renderer/cjs/react-test-renderer.development.js:4107:7)
      at setShowSettings (hooks/useSettingsNavigation.js:117:11)
      at asyncGeneratorStep (node_modules/@babel/runtime/helpers/asyncToGenerator.js:3:17)
      at _next (node_modules/@babel/runtime/helpers/asyncToGenerator.js:17:9)

    console.error
      react-test-renderer is deprecated. See https://react.dev/warnings/react-test-renderer

      41 |   let component;
      42 |   act(() => {
    > 43 |     component = create(<TestComponent />);
         |                       ^
      44 |   });
      45 |   return {
      46 |     result,

      at process.env.NODE_ENV.exports.create (node_modules/react-test-renderer/cjs/react-test-renderer.development.js:14598:17)
      at hooks/__tests__/useSettingsNavigation.test.js:43:23
      at process.env.NODE_ENV.exports.act (node_modules/react/cjs/react.development.js:789:22)
      at renderHook (hooks/__tests__/useSettingsNavigation.test.js:42:6)
      at Object.renderHook (hooks/__tests__/useSettingsNavigation.test.js:147:26)
      at asyncGeneratorStep (node_modules/@babel/runtime/helpers/asyncToGenerator.js:3:17)
      at _next (node_modules/@babel/runtime/helpers/asyncToGenerator.js:17:9)
      at node_modules/@babel/runtime/helpers/asyncToGenerator.js:22:7
      at Object.<anonymous> (node_modules/@babel/runtime/helpers/asyncToGenerator.js:14:12)

    console.error
      The current testing environment is not configured to support act(...)

      41 |   let component;
      42 |   act(() => {
    > 43 |     component = create(<TestComponent />);
         |                       ^
      44 |   });
      45 |   return {
      46 |     result,

      at isConcurrentActEnvironment (node_modules/react-test-renderer/cjs/react-test-renderer.development.js:10243:17)
      at warnIfUpdatesNotWrappedWithActDEV (node_modules/react-test-renderer/cjs/react-test-renderer.development.js:11798:7)
      at scheduleUpdateOnFiber (node_modules/react-test-renderer/cjs/react-test-renderer.development.js:10326:9)
      at updateContainerImpl (node_modules/react-test-renderer/cjs/react-test-renderer.development.js:12382:10)
      at updateContainer (node_modules/react-test-renderer/cjs/react-test-renderer.development.js:12326:7)
      at process.env.NODE_ENV.exports.create (node_modules/react-test-renderer/cjs/react-test-renderer.development.js:14630:7)
      at hooks/__tests__/useSettingsNavigation.test.js:43:23
      at process.env.NODE_ENV.exports.act (node_modules/react/cjs/react.development.js:789:22)
      at renderHook (hooks/__tests__/useSettingsNavigation.test.js:42:6)
      at Object.renderHook (hooks/__tests__/useSettingsNavigation.test.js:147:26)
      at asyncGeneratorStep (node_modules/@babel/runtime/helpers/asyncToGenerator.js:3:17)
      at _next (node_modules/@babel/runtime/helpers/asyncToGenerator.js:17:9)
      at node_modules/@babel/runtime/helpers/asyncToGenerator.js:22:7
      at Object.<anonymous> (node_modules/@babel/runtime/helpers/asyncToGenerator.js:14:12)

    console.error
      The current testing environment is not configured to support act(...)

      115 |           // Open settings
      116 |           settingsTranslateX.setValue(0);
    > 117 |           setShowSettings(true);
          |           ^
      118 |           // Clear the flags
      119 |           await SecureStore.deleteItemAsync('returnToSettingsAfterSeedPhrase');
      120 |           await SecureStore.deleteItemAsync('returnToSettingsAfterPinChange');

      at isConcurrentActEnvironment (node_modules/react-test-renderer/cjs/react-test-renderer.development.js:10243:17)
      at warnIfUpdatesNotWrappedWithActDEV (node_modules/react-test-renderer/cjs/react-test-renderer.development.js:11798:7)
      at scheduleUpdateOnFiber (node_modules/react-test-renderer/cjs/react-test-renderer.development.js:10326:9)
      at dispatchSetStateInternal (node_modules/react-test-renderer/cjs/react-test-renderer.development.js:4148:13)
      at dispatchSetState (node_modules/react-test-renderer/cjs/react-test-renderer.development.js:4107:7)
      at setShowSettings (hooks/useSettingsNavigation.js:117:11)
      at asyncGeneratorStep (node_modules/@babel/runtime/helpers/asyncToGenerator.js:3:17)
      at _next (node_modules/@babel/runtime/helpers/asyncToGenerator.js:17:9)

    console.error
      The current testing environment is not configured to support act(...)

      81 |         settingsOpacity.setValue(1);
      82 |         settingsTranslateX.setValue(0);
    > 83 |         setShowSettings(true);
         |         ^
      84 |       }
      85 |
      86 |       setHasCheckedInitialFlags(true);

      at isConcurrentActEnvironment (node_modules/react-test-renderer/cjs/react-test-renderer.development.js:10243:17)
      at warnIfUpdatesNotWrappedWithActDEV (node_modules/react-test-renderer/cjs/react-test-renderer.development.js:11798:7)
      at scheduleUpdateOnFiber (node_modules/react-test-renderer/cjs/react-test-renderer.development.js:10326:9)
      at dispatchSetStateInternal (node_modules/react-test-renderer/cjs/react-test-renderer.development.js:4148:13)
      at dispatchSetState (node_modules/react-test-renderer/cjs/react-test-renderer.development.js:4107:7)
      at setShowSettings (hooks/useSettingsNavigation.js:83:9)
      at asyncGeneratorStep (node_modules/@babel/runtime/helpers/asyncToGenerator.js:3:17)
      at _next (node_modules/@babel/runtime/helpers/asyncToGenerator.js:17:9)

    console.error
      The current testing environment is not configured to support act(...)

      84 |       }
      85 |
    > 86 |       setHasCheckedInitialFlags(true);
         |       ^
      87 |     };
      88 |     checkFlagsSync();
      89 |   }, [settingsOpacity, settingsTranslateX]);

      at isConcurrentActEnvironment (node_modules/react-test-renderer/cjs/react-test-renderer.development.js:10243:17)
      at warnIfUpdatesNotWrappedWithActDEV (node_modules/react-test-renderer/cjs/react-test-renderer.development.js:11798:7)
      at scheduleUpdateOnFiber (node_modules/react-test-renderer/cjs/react-test-renderer.development.js:10326:9)
      at dispatchSetStateInternal (node_modules/react-test-renderer/cjs/react-test-renderer.development.js:4148:13)
      at dispatchSetState (node_modules/react-test-renderer/cjs/react-test-renderer.development.js:4107:7)
      at setHasCheckedInitialFlags (hooks/useSettingsNavigation.js:86:7)
      at asyncGeneratorStep (node_modules/@babel/runtime/helpers/asyncToGenerator.js:3:17)
      at _next (node_modules/@babel/runtime/helpers/asyncToGenerator.js:17:9)

    console.error
      The current testing environment is not configured to support act(...)

      115 |           // Open settings
      116 |           settingsTranslateX.setValue(0);
    > 117 |           setShowSettings(true);
          |           ^
      118 |           // Clear the flags
      119 |           await SecureStore.deleteItemAsync('returnToSettingsAfterSeedPhrase');
      120 |           await SecureStore.deleteItemAsync('returnToSettingsAfterPinChange');

      at isConcurrentActEnvironment (node_modules/react-test-renderer/cjs/react-test-renderer.development.js:10243:17)
      at warnIfUpdatesNotWrappedWithActDEV (node_modules/react-test-renderer/cjs/react-test-renderer.development.js:11798:7)
      at scheduleUpdateOnFiber (node_modules/react-test-renderer/cjs/react-test-renderer.development.js:10326:9)
      at dispatchSetStateInternal (node_modules/react-test-renderer/cjs/react-test-renderer.development.js:4148:13)
      at dispatchSetState (node_modules/react-test-renderer/cjs/react-test-renderer.development.js:4107:7)
      at setShowSettings (hooks/useSettingsNavigation.js:117:11)
      at asyncGeneratorStep (node_modules/@babel/runtime/helpers/asyncToGenerator.js:3:17)
      at _next (node_modules/@babel/runtime/helpers/asyncToGenerator.js:17:9)

    console.error
      react-test-renderer is deprecated. See https://react.dev/warnings/react-test-renderer

      41 |   let component;
      42 |   act(() => {
    > 43 |     component = create(<TestComponent />);
         |                       ^
      44 |   });
      45 |   return {
      46 |     result,

      at process.env.NODE_ENV.exports.create (node_modules/react-test-renderer/cjs/react-test-renderer.development.js:14598:17)
      at hooks/__tests__/useSettingsNavigation.test.js:43:23
      at process.env.NODE_ENV.exports.act (node_modules/react/cjs/react.development.js:789:22)
      at renderHook (hooks/__tests__/useSettingsNavigation.test.js:42:6)
      at Object.renderHook (hooks/__tests__/useSettingsNavigation.test.js:163:7)
      at asyncGeneratorStep (node_modules/@babel/runtime/helpers/asyncToGenerator.js:3:17)
      at _next (node_modules/@babel/runtime/helpers/asyncToGenerator.js:17:9)
      at node_modules/@babel/runtime/helpers/asyncToGenerator.js:22:7
      at Object.<anonymous> (node_modules/@babel/runtime/helpers/asyncToGenerator.js:14:12)

    console.error
      The current testing environment is not configured to support act(...)

      41 |   let component;
      42 |   act(() => {
    > 43 |     component = create(<TestComponent />);
         |                       ^
      44 |   });
      45 |   return {
      46 |     result,

      at isConcurrentActEnvironment (node_modules/react-test-renderer/cjs/react-test-renderer.development.js:10243:17)
      at warnIfUpdatesNotWrappedWithActDEV (node_modules/react-test-renderer/cjs/react-test-renderer.development.js:11798:7)
      at scheduleUpdateOnFiber (node_modules/react-test-renderer/cjs/react-test-renderer.development.js:10326:9)
      at updateContainerImpl (node_modules/react-test-renderer/cjs/react-test-renderer.development.js:12382:10)
      at updateContainer (node_modules/react-test-renderer/cjs/react-test-renderer.development.js:12326:7)
      at process.env.NODE_ENV.exports.create (node_modules/react-test-renderer/cjs/react-test-renderer.development.js:14630:7)
      at hooks/__tests__/useSettingsNavigation.test.js:43:23
      at process.env.NODE_ENV.exports.act (node_modules/react/cjs/react.development.js:789:22)
      at renderHook (hooks/__tests__/useSettingsNavigation.test.js:42:6)
      at Object.renderHook (hooks/__tests__/useSettingsNavigation.test.js:163:7)
      at asyncGeneratorStep (node_modules/@babel/runtime/helpers/asyncToGenerator.js:3:17)
      at _next (node_modules/@babel/runtime/helpers/asyncToGenerator.js:17:9)
      at node_modules/@babel/runtime/helpers/asyncToGenerator.js:22:7
      at Object.<anonymous> (node_modules/@babel/runtime/helpers/asyncToGenerator.js:14:12)

    console.error
      The current testing environment is not configured to support act(...)

      115 |           // Open settings
      116 |           settingsTranslateX.setValue(0);
    > 117 |           setShowSettings(true);
          |           ^
      118 |           // Clear the flags
      119 |           await SecureStore.deleteItemAsync('returnToSettingsAfterSeedPhrase');
      120 |           await SecureStore.deleteItemAsync('returnToSettingsAfterPinChange');

      at isConcurrentActEnvironment (node_modules/react-test-renderer/cjs/react-test-renderer.development.js:10243:17)
      at warnIfUpdatesNotWrappedWithActDEV (node_modules/react-test-renderer/cjs/react-test-renderer.development.js:11798:7)
      at scheduleUpdateOnFiber (node_modules/react-test-renderer/cjs/react-test-renderer.development.js:10326:9)
      at dispatchSetStateInternal (node_modules/react-test-renderer/cjs/react-test-renderer.development.js:4148:13)
      at dispatchSetState (node_modules/react-test-renderer/cjs/react-test-renderer.development.js:4107:7)
      at setShowSettings (hooks/useSettingsNavigation.js:117:11)
      at asyncGeneratorStep (node_modules/@babel/runtime/helpers/asyncToGenerator.js:3:17)
      at _next (node_modules/@babel/runtime/helpers/asyncToGenerator.js:17:9)

    console.error
      The current testing environment is not configured to support act(...)

      81 |         settingsOpacity.setValue(1);
      82 |         settingsTranslateX.setValue(0);
    > 83 |         setShowSettings(true);
         |         ^
      84 |       }
      85 |
      86 |       setHasCheckedInitialFlags(true);

      at isConcurrentActEnvironment (node_modules/react-test-renderer/cjs/react-test-renderer.development.js:10243:17)
      at warnIfUpdatesNotWrappedWithActDEV (node_modules/react-test-renderer/cjs/react-test-renderer.development.js:11798:7)
      at scheduleUpdateOnFiber (node_modules/react-test-renderer/cjs/react-test-renderer.development.js:10326:9)
      at dispatchSetStateInternal (node_modules/react-test-renderer/cjs/react-test-renderer.development.js:4148:13)
      at dispatchSetState (node_modules/react-test-renderer/cjs/react-test-renderer.development.js:4107:7)
      at setShowSettings (hooks/useSettingsNavigation.js:83:9)
      at asyncGeneratorStep (node_modules/@babel/runtime/helpers/asyncToGenerator.js:3:17)
      at _next (node_modules/@babel/runtime/helpers/asyncToGenerator.js:17:9)

    console.error
      The current testing environment is not configured to support act(...)

      84 |       }
      85 |
    > 86 |       setHasCheckedInitialFlags(true);
         |       ^
      87 |     };
      88 |     checkFlagsSync();
      89 |   }, [settingsOpacity, settingsTranslateX]);

      at isConcurrentActEnvironment (node_modules/react-test-renderer/cjs/react-test-renderer.development.js:10243:17)
      at warnIfUpdatesNotWrappedWithActDEV (node_modules/react-test-renderer/cjs/react-test-renderer.development.js:11798:7)
      at scheduleUpdateOnFiber (node_modules/react-test-renderer/cjs/react-test-renderer.development.js:10326:9)
      at dispatchSetStateInternal (node_modules/react-test-renderer/cjs/react-test-renderer.development.js:4148:13)
      at dispatchSetState (node_modules/react-test-renderer/cjs/react-test-renderer.development.js:4107:7)
      at setHasCheckedInitialFlags (hooks/useSettingsNavigation.js:86:7)
      at asyncGeneratorStep (node_modules/@babel/runtime/helpers/asyncToGenerator.js:3:17)
      at _next (node_modules/@babel/runtime/helpers/asyncToGenerator.js:17:9)

    console.error
      The current testing environment is not configured to support act(...)

      115 |           // Open settings
      116 |           settingsTranslateX.setValue(0);
    > 117 |           setShowSettings(true);
          |           ^
      118 |           // Clear the flags
      119 |           await SecureStore.deleteItemAsync('returnToSettingsAfterSeedPhrase');
      120 |           await SecureStore.deleteItemAsync('returnToSettingsAfterPinChange');

      at isConcurrentActEnvironment (node_modules/react-test-renderer/cjs/react-test-renderer.development.js:10243:17)
      at warnIfUpdatesNotWrappedWithActDEV (node_modules/react-test-renderer/cjs/react-test-renderer.development.js:11798:7)
      at scheduleUpdateOnFiber (node_modules/react-test-renderer/cjs/react-test-renderer.development.js:10326:9)
      at dispatchSetStateInternal (node_modules/react-test-renderer/cjs/react-test-renderer.development.js:4148:13)
      at dispatchSetState (node_modules/react-test-renderer/cjs/react-test-renderer.development.js:4107:7)
      at setShowSettings (hooks/useSettingsNavigation.js:117:11)
      at asyncGeneratorStep (node_modules/@babel/runtime/helpers/asyncToGenerator.js:3:17)
      at _next (node_modules/@babel/runtime/helpers/asyncToGenerator.js:17:9)

    console.error
      react-test-renderer is deprecated. See https://react.dev/warnings/react-test-renderer

      41 |   let component;
      42 |   act(() => {
    > 43 |     component = create(<TestComponent />);
         |                       ^
      44 |   });
      45 |   return {
      46 |     result,

      at process.env.NODE_ENV.exports.create (node_modules/react-test-renderer/cjs/react-test-renderer.development.js:14598:17)
      at hooks/__tests__/useSettingsNavigation.test.js:43:23
      at process.env.NODE_ENV.exports.act (node_modules/react/cjs/react.development.js:789:22)
      at renderHook (hooks/__tests__/useSettingsNavigation.test.js:42:6)
      at Object.renderHook (hooks/__tests__/useSettingsNavigation.test.js:178:7)
      at asyncGeneratorStep (node_modules/@babel/runtime/helpers/asyncToGenerator.js:3:17)
      at _next (node_modules/@babel/runtime/helpers/asyncToGenerator.js:17:9)
      at node_modules/@babel/runtime/helpers/asyncToGenerator.js:22:7
      at Object.<anonymous> (node_modules/@babel/runtime/helpers/asyncToGenerator.js:14:12)

    console.error
      The current testing environment is not configured to support act(...)

      41 |   let component;
      42 |   act(() => {
    > 43 |     component = create(<TestComponent />);
         |                       ^
      44 |   });
      45 |   return {
      46 |     result,

      at isConcurrentActEnvironment (node_modules/react-test-renderer/cjs/react-test-renderer.development.js:10243:17)
      at warnIfUpdatesNotWrappedWithActDEV (node_modules/react-test-renderer/cjs/react-test-renderer.development.js:11798:7)
      at scheduleUpdateOnFiber (node_modules/react-test-renderer/cjs/react-test-renderer.development.js:10326:9)
      at updateContainerImpl (node_modules/react-test-renderer/cjs/react-test-renderer.development.js:12382:10)
      at updateContainer (node_modules/react-test-renderer/cjs/react-test-renderer.development.js:12326:7)
      at process.env.NODE_ENV.exports.create (node_modules/react-test-renderer/cjs/react-test-renderer.development.js:14630:7)
      at hooks/__tests__/useSettingsNavigation.test.js:43:23
      at process.env.NODE_ENV.exports.act (node_modules/react/cjs/react.development.js:789:22)
      at renderHook (hooks/__tests__/useSettingsNavigation.test.js:42:6)
      at Object.renderHook (hooks/__tests__/useSettingsNavigation.test.js:178:7)
      at asyncGeneratorStep (node_modules/@babel/runtime/helpers/asyncToGenerator.js:3:17)
      at _next (node_modules/@babel/runtime/helpers/asyncToGenerator.js:17:9)
      at node_modules/@babel/runtime/helpers/asyncToGenerator.js:22:7
      at Object.<anonymous> (node_modules/@babel/runtime/helpers/asyncToGenerator.js:14:12)

    console.error
      The current testing environment is not configured to support act(...)

      115 |           // Open settings
      116 |           settingsTranslateX.setValue(0);
    > 117 |           setShowSettings(true);
          |           ^
      118 |           // Clear the flags
      119 |           await SecureStore.deleteItemAsync('returnToSettingsAfterSeedPhrase');
      120 |           await SecureStore.deleteItemAsync('returnToSettingsAfterPinChange');

      at isConcurrentActEnvironment (node_modules/react-test-renderer/cjs/react-test-renderer.development.js:10243:17)
      at warnIfUpdatesNotWrappedWithActDEV (node_modules/react-test-renderer/cjs/react-test-renderer.development.js:11798:7)
      at scheduleUpdateOnFiber (node_modules/react-test-renderer/cjs/react-test-renderer.development.js:10326:9)
      at dispatchSetStateInternal (node_modules/react-test-renderer/cjs/react-test-renderer.development.js:4148:13)
      at dispatchSetState (node_modules/react-test-renderer/cjs/react-test-renderer.development.js:4107:7)
      at setShowSettings (hooks/useSettingsNavigation.js:117:11)
      at asyncGeneratorStep (node_modules/@babel/runtime/helpers/asyncToGenerator.js:3:17)
      at _next (node_modules/@babel/runtime/helpers/asyncToGenerator.js:17:9)

    console.error
      The current testing environment is not configured to support act(...)

      81 |         settingsOpacity.setValue(1);
      82 |         settingsTranslateX.setValue(0);
    > 83 |         setShowSettings(true);
         |         ^
      84 |       }
      85 |
      86 |       setHasCheckedInitialFlags(true);

      at isConcurrentActEnvironment (node_modules/react-test-renderer/cjs/react-test-renderer.development.js:10243:17)
      at warnIfUpdatesNotWrappedWithActDEV (node_modules/react-test-renderer/cjs/react-test-renderer.development.js:11798:7)
      at scheduleUpdateOnFiber (node_modules/react-test-renderer/cjs/react-test-renderer.development.js:10326:9)
      at dispatchSetStateInternal (node_modules/react-test-renderer/cjs/react-test-renderer.development.js:4148:13)
      at dispatchSetState (node_modules/react-test-renderer/cjs/react-test-renderer.development.js:4107:7)
      at setShowSettings (hooks/useSettingsNavigation.js:83:9)
      at asyncGeneratorStep (node_modules/@babel/runtime/helpers/asyncToGenerator.js:3:17)
      at _next (node_modules/@babel/runtime/helpers/asyncToGenerator.js:17:9)

    console.error
      The current testing environment is not configured to support act(...)

      84 |       }
      85 |
    > 86 |       setHasCheckedInitialFlags(true);
         |       ^
      87 |     };
      88 |     checkFlagsSync();
      89 |   }, [settingsOpacity, settingsTranslateX]);

      at isConcurrentActEnvironment (node_modules/react-test-renderer/cjs/react-test-renderer.development.js:10243:17)
      at warnIfUpdatesNotWrappedWithActDEV (node_modules/react-test-renderer/cjs/react-test-renderer.development.js:11798:7)
      at scheduleUpdateOnFiber (node_modules/react-test-renderer/cjs/react-test-renderer.development.js:10326:9)
      at dispatchSetStateInternal (node_modules/react-test-renderer/cjs/react-test-renderer.development.js:4148:13)
      at dispatchSetState (node_modules/react-test-renderer/cjs/react-test-renderer.development.js:4107:7)
      at setHasCheckedInitialFlags (hooks/useSettingsNavigation.js:86:7)
      at asyncGeneratorStep (node_modules/@babel/runtime/helpers/asyncToGenerator.js:3:17)
      at _next (node_modules/@babel/runtime/helpers/asyncToGenerator.js:17:9)

    console.error
      The current testing environment is not configured to support act(...)

      115 |           // Open settings
      116 |           settingsTranslateX.setValue(0);
    > 117 |           setShowSettings(true);
          |           ^
      118 |           // Clear the flags
      119 |           await SecureStore.deleteItemAsync('returnToSettingsAfterSeedPhrase');
      120 |           await SecureStore.deleteItemAsync('returnToSettingsAfterPinChange');

      at isConcurrentActEnvironment (node_modules/react-test-renderer/cjs/react-test-renderer.development.js:10243:17)
      at warnIfUpdatesNotWrappedWithActDEV (node_modules/react-test-renderer/cjs/react-test-renderer.development.js:11798:7)
      at scheduleUpdateOnFiber (node_modules/react-test-renderer/cjs/react-test-renderer.development.js:10326:9)
      at dispatchSetStateInternal (node_modules/react-test-renderer/cjs/react-test-renderer.development.js:4148:13)
      at dispatchSetState (node_modules/react-test-renderer/cjs/react-test-renderer.development.js:4107:7)
      at setShowSettings (hooks/useSettingsNavigation.js:117:11)
      at asyncGeneratorStep (node_modules/@babel/runtime/helpers/asyncToGenerator.js:3:17)
      at _next (node_modules/@babel/runtime/helpers/asyncToGenerator.js:17:9)

    console.error
      react-test-renderer is deprecated. See https://react.dev/warnings/react-test-renderer

      41 |   let component;
      42 |   act(() => {
    > 43 |     component = create(<TestComponent />);
         |                       ^
      44 |   });
      45 |   return {
      46 |     result,

      at process.env.NODE_ENV.exports.create (node_modules/react-test-renderer/cjs/react-test-renderer.development.js:14598:17)
      at hooks/__tests__/useSettingsNavigation.test.js:43:23
      at process.env.NODE_ENV.exports.act (node_modules/react/cjs/react.development.js:789:22)
      at renderHook (hooks/__tests__/useSettingsNavigation.test.js:42:6)
      at Object.renderHook (hooks/__tests__/useSettingsNavigation.test.js:197:26)
      at asyncGeneratorStep (node_modules/@babel/runtime/helpers/asyncToGenerator.js:3:17)
      at _next (node_modules/@babel/runtime/helpers/asyncToGenerator.js:17:9)
      at node_modules/@babel/runtime/helpers/asyncToGenerator.js:22:7
      at Object.<anonymous> (node_modules/@babel/runtime/helpers/asyncToGenerator.js:14:12)

    console.error
      The current testing environment is not configured to support act(...)

      41 |   let component;
      42 |   act(() => {
    > 43 |     component = create(<TestComponent />);
         |                       ^
      44 |   });
      45 |   return {
      46 |     result,

      at isConcurrentActEnvironment (node_modules/react-test-renderer/cjs/react-test-renderer.development.js:10243:17)
      at warnIfUpdatesNotWrappedWithActDEV (node_modules/react-test-renderer/cjs/react-test-renderer.development.js:11798:7)
      at scheduleUpdateOnFiber (node_modules/react-test-renderer/cjs/react-test-renderer.development.js:10326:9)
      at updateContainerImpl (node_modules/react-test-renderer/cjs/react-test-renderer.development.js:12382:10)
      at updateContainer (node_modules/react-test-renderer/cjs/react-test-renderer.development.js:12326:7)
      at process.env.NODE_ENV.exports.create (node_modules/react-test-renderer/cjs/react-test-renderer.development.js:14630:7)
      at hooks/__tests__/useSettingsNavigation.test.js:43:23
      at process.env.NODE_ENV.exports.act (node_modules/react/cjs/react.development.js:789:22)
      at renderHook (hooks/__tests__/useSettingsNavigation.test.js:42:6)
      at Object.renderHook (hooks/__tests__/useSettingsNavigation.test.js:197:26)
      at asyncGeneratorStep (node_modules/@babel/runtime/helpers/asyncToGenerator.js:3:17)
      at _next (node_modules/@babel/runtime/helpers/asyncToGenerator.js:17:9)
      at node_modules/@babel/runtime/helpers/asyncToGenerator.js:22:7
      at Object.<anonymous> (node_modules/@babel/runtime/helpers/asyncToGenerator.js:14:12)

    console.error
      The current testing environment is not configured to support act(...)

      115 |           // Open settings
      116 |           settingsTranslateX.setValue(0);
    > 117 |           setShowSettings(true);
          |           ^
      118 |           // Clear the flags
      119 |           await SecureStore.deleteItemAsync('returnToSettingsAfterSeedPhrase');
      120 |           await SecureStore.deleteItemAsync('returnToSettingsAfterPinChange');

      at isConcurrentActEnvironment (node_modules/react-test-renderer/cjs/react-test-renderer.development.js:10243:17)
      at warnIfUpdatesNotWrappedWithActDEV (node_modules/react-test-renderer/cjs/react-test-renderer.development.js:11798:7)
      at scheduleUpdateOnFiber (node_modules/react-test-renderer/cjs/react-test-renderer.development.js:10326:9)
      at dispatchSetStateInternal (node_modules/react-test-renderer/cjs/react-test-renderer.development.js:4148:13)
      at dispatchSetState (node_modules/react-test-renderer/cjs/react-test-renderer.development.js:4107:7)
      at setShowSettings (hooks/useSettingsNavigation.js:117:11)
      at asyncGeneratorStep (node_modules/@babel/runtime/helpers/asyncToGenerator.js:3:17)
      at _next (node_modules/@babel/runtime/helpers/asyncToGenerator.js:17:9)

    console.error
      The current testing environment is not configured to support act(...)

      81 |         settingsOpacity.setValue(1);
      82 |         settingsTranslateX.setValue(0);
    > 83 |         setShowSettings(true);
         |         ^
      84 |       }
      85 |
      86 |       setHasCheckedInitialFlags(true);

      at isConcurrentActEnvironment (node_modules/react-test-renderer/cjs/react-test-renderer.development.js:10243:17)
      at warnIfUpdatesNotWrappedWithActDEV (node_modules/react-test-renderer/cjs/react-test-renderer.development.js:11798:7)
      at scheduleUpdateOnFiber (node_modules/react-test-renderer/cjs/react-test-renderer.development.js:10326:9)
      at dispatchSetStateInternal (node_modules/react-test-renderer/cjs/react-test-renderer.development.js:4148:13)
      at dispatchSetState (node_modules/react-test-renderer/cjs/react-test-renderer.development.js:4107:7)
      at setShowSettings (hooks/useSettingsNavigation.js:83:9)
      at asyncGeneratorStep (node_modules/@babel/runtime/helpers/asyncToGenerator.js:3:17)
      at _next (node_modules/@babel/runtime/helpers/asyncToGenerator.js:17:9)

    console.error
      The current testing environment is not configured to support act(...)

      84 |       }
      85 |
    > 86 |       setHasCheckedInitialFlags(true);
         |       ^
      87 |     };
      88 |     checkFlagsSync();
      89 |   }, [settingsOpacity, settingsTranslateX]);

      at isConcurrentActEnvironment (node_modules/react-test-renderer/cjs/react-test-renderer.development.js:10243:17)
      at warnIfUpdatesNotWrappedWithActDEV (node_modules/react-test-renderer/cjs/react-test-renderer.development.js:11798:7)
      at scheduleUpdateOnFiber (node_modules/react-test-renderer/cjs/react-test-renderer.development.js:10326:9)
      at dispatchSetStateInternal (node_modules/react-test-renderer/cjs/react-test-renderer.development.js:4148:13)
      at dispatchSetState (node_modules/react-test-renderer/cjs/react-test-renderer.development.js:4107:7)
      at setHasCheckedInitialFlags (hooks/useSettingsNavigation.js:86:7)
      at asyncGeneratorStep (node_modules/@babel/runtime/helpers/asyncToGenerator.js:3:17)
      at _next (node_modules/@babel/runtime/helpers/asyncToGenerator.js:17:9)

    console.error
      The current testing environment is not configured to support act(...)

      115 |           // Open settings
      116 |           settingsTranslateX.setValue(0);
    > 117 |           setShowSettings(true);
          |           ^
      118 |           // Clear the flags
      119 |           await SecureStore.deleteItemAsync('returnToSettingsAfterSeedPhrase');
      120 |           await SecureStore.deleteItemAsync('returnToSettingsAfterPinChange');

      at isConcurrentActEnvironment (node_modules/react-test-renderer/cjs/react-test-renderer.development.js:10243:17)
      at warnIfUpdatesNotWrappedWithActDEV (node_modules/react-test-renderer/cjs/react-test-renderer.development.js:11798:7)
      at scheduleUpdateOnFiber (node_modules/react-test-renderer/cjs/react-test-renderer.development.js:10326:9)
      at dispatchSetStateInternal (node_modules/react-test-renderer/cjs/react-test-renderer.development.js:4148:13)
      at dispatchSetState (node_modules/react-test-renderer/cjs/react-test-renderer.development.js:4107:7)
      at setShowSettings (hooks/useSettingsNavigation.js:117:11)
      at asyncGeneratorStep (node_modules/@babel/runtime/helpers/asyncToGenerator.js:3:17)
      at _next (node_modules/@babel/runtime/helpers/asyncToGenerator.js:17:9)

    console.error
      react-test-renderer is deprecated. See https://react.dev/warnings/react-test-renderer

      41 |   let component;
      42 |   act(() => {
    > 43 |     component = create(<TestComponent />);
         |                       ^
      44 |   });
      45 |   return {
      46 |     result,

      at process.env.NODE_ENV.exports.create (node_modules/react-test-renderer/cjs/react-test-renderer.development.js:14598:17)
      at hooks/__tests__/useSettingsNavigation.test.js:43:23
      at process.env.NODE_ENV.exports.act (node_modules/react/cjs/react.development.js:789:22)
      at renderHook (hooks/__tests__/useSettingsNavigation.test.js:42:6)
      at Object.renderHook (hooks/__tests__/useSettingsNavigation.test.js:212:26)
      at asyncGeneratorStep (node_modules/@babel/runtime/helpers/asyncToGenerator.js:3:17)
      at _next (node_modules/@babel/runtime/helpers/asyncToGenerator.js:17:9)
      at node_modules/@babel/runtime/helpers/asyncToGenerator.js:22:7
      at Object.<anonymous> (node_modules/@babel/runtime/helpers/asyncToGenerator.js:14:12)

    console.error
      The current testing environment is not configured to support act(...)

      41 |   let component;
      42 |   act(() => {
    > 43 |     component = create(<TestComponent />);
         |                       ^
      44 |   });
      45 |   return {
      46 |     result,

      at isConcurrentActEnvironment (node_modules/react-test-renderer/cjs/react-test-renderer.development.js:10243:17)
      at warnIfUpdatesNotWrappedWithActDEV (node_modules/react-test-renderer/cjs/react-test-renderer.development.js:11798:7)
      at scheduleUpdateOnFiber (node_modules/react-test-renderer/cjs/react-test-renderer.development.js:10326:9)
      at updateContainerImpl (node_modules/react-test-renderer/cjs/react-test-renderer.development.js:12382:10)
      at updateContainer (node_modules/react-test-renderer/cjs/react-test-renderer.development.js:12326:7)
      at process.env.NODE_ENV.exports.create (node_modules/react-test-renderer/cjs/react-test-renderer.development.js:14630:7)
      at hooks/__tests__/useSettingsNavigation.test.js:43:23
      at process.env.NODE_ENV.exports.act (node_modules/react/cjs/react.development.js:789:22)
      at renderHook (hooks/__tests__/useSettingsNavigation.test.js:42:6)
      at Object.renderHook (hooks/__tests__/useSettingsNavigation.test.js:212:26)
      at asyncGeneratorStep (node_modules/@babel/runtime/helpers/asyncToGenerator.js:3:17)
      at _next (node_modules/@babel/runtime/helpers/asyncToGenerator.js:17:9)
      at node_modules/@babel/runtime/helpers/asyncToGenerator.js:22:7
      at Object.<anonymous> (node_modules/@babel/runtime/helpers/asyncToGenerator.js:14:12)

    console.error
      The current testing environment is not configured to support act(...)

      115 |           // Open settings
      116 |           settingsTranslateX.setValue(0);
    > 117 |           setShowSettings(true);
          |           ^
      118 |           // Clear the flags
      119 |           await SecureStore.deleteItemAsync('returnToSettingsAfterSeedPhrase');
      120 |           await SecureStore.deleteItemAsync('returnToSettingsAfterPinChange');

      at isConcurrentActEnvironment (node_modules/react-test-renderer/cjs/react-test-renderer.development.js:10243:17)
      at warnIfUpdatesNotWrappedWithActDEV (node_modules/react-test-renderer/cjs/react-test-renderer.development.js:11798:7)
      at scheduleUpdateOnFiber (node_modules/react-test-renderer/cjs/react-test-renderer.development.js:10326:9)
      at dispatchSetStateInternal (node_modules/react-test-renderer/cjs/react-test-renderer.development.js:4148:13)
      at dispatchSetState (node_modules/react-test-renderer/cjs/react-test-renderer.development.js:4107:7)
      at setShowSettings (hooks/useSettingsNavigation.js:117:11)
      at asyncGeneratorStep (node_modules/@babel/runtime/helpers/asyncToGenerator.js:3:17)
      at _next (node_modules/@babel/runtime/helpers/asyncToGenerator.js:17:9)

    console.error
      The current testing environment is not configured to support act(...)

      81 |         settingsOpacity.setValue(1);
      82 |         settingsTranslateX.setValue(0);
    > 83 |         setShowSettings(true);
         |         ^
      84 |       }
      85 |
      86 |       setHasCheckedInitialFlags(true);

      at isConcurrentActEnvironment (node_modules/react-test-renderer/cjs/react-test-renderer.development.js:10243:17)
      at warnIfUpdatesNotWrappedWithActDEV (node_modules/react-test-renderer/cjs/react-test-renderer.development.js:11798:7)
      at scheduleUpdateOnFiber (node_modules/react-test-renderer/cjs/react-test-renderer.development.js:10326:9)
      at dispatchSetStateInternal (node_modules/react-test-renderer/cjs/react-test-renderer.development.js:4148:13)
      at dispatchSetState (node_modules/react-test-renderer/cjs/react-test-renderer.development.js:4107:7)
      at setShowSettings (hooks/useSettingsNavigation.js:83:9)
      at asyncGeneratorStep (node_modules/@babel/runtime/helpers/asyncToGenerator.js:3:17)
      at _next (node_modules/@babel/runtime/helpers/asyncToGenerator.js:17:9)

    console.error
      The current testing environment is not configured to support act(...)

      84 |       }
      85 |
    > 86 |       setHasCheckedInitialFlags(true);
         |       ^
      87 |     };
      88 |     checkFlagsSync();
      89 |   }, [settingsOpacity, settingsTranslateX]);

      at isConcurrentActEnvironment (node_modules/react-test-renderer/cjs/react-test-renderer.development.js:10243:17)
      at warnIfUpdatesNotWrappedWithActDEV (node_modules/react-test-renderer/cjs/react-test-renderer.development.js:11798:7)
      at scheduleUpdateOnFiber (node_modules/react-test-renderer/cjs/react-test-renderer.development.js:10326:9)
      at dispatchSetStateInternal (node_modules/react-test-renderer/cjs/react-test-renderer.development.js:4148:13)
      at dispatchSetState (node_modules/react-test-renderer/cjs/react-test-renderer.development.js:4107:7)
      at setHasCheckedInitialFlags (hooks/useSettingsNavigation.js:86:7)
      at asyncGeneratorStep (node_modules/@babel/runtime/helpers/asyncToGenerator.js:3:17)
      at _next (node_modules/@babel/runtime/helpers/asyncToGenerator.js:17:9)

    console.error
      The current testing environment is not configured to support act(...)

      115 |           // Open settings
      116 |           settingsTranslateX.setValue(0);
    > 117 |           setShowSettings(true);
          |           ^
      118 |           // Clear the flags
      119 |           await SecureStore.deleteItemAsync('returnToSettingsAfterSeedPhrase');
      120 |           await SecureStore.deleteItemAsync('returnToSettingsAfterPinChange');

      at isConcurrentActEnvironment (node_modules/react-test-renderer/cjs/react-test-renderer.development.js:10243:17)
      at warnIfUpdatesNotWrappedWithActDEV (node_modules/react-test-renderer/cjs/react-test-renderer.development.js:11798:7)
      at scheduleUpdateOnFiber (node_modules/react-test-renderer/cjs/react-test-renderer.development.js:10326:9)
      at dispatchSetStateInternal (node_modules/react-test-renderer/cjs/react-test-renderer.development.js:4148:13)
      at dispatchSetState (node_modules/react-test-renderer/cjs/react-test-renderer.development.js:4107:7)
      at setShowSettings (hooks/useSettingsNavigation.js:117:11)
      at asyncGeneratorStep (node_modules/@babel/runtime/helpers/asyncToGenerator.js:3:17)
      at _next (node_modules/@babel/runtime/helpers/asyncToGenerator.js:17:9)

    console.error
      react-test-renderer is deprecated. See https://react.dev/warnings/react-test-renderer

      41 |   let component;
      42 |   act(() => {
    > 43 |     component = create(<TestComponent />);
         |                       ^
      44 |   });
      45 |   return {
      46 |     result,

      at process.env.NODE_ENV.exports.create (node_modules/react-test-renderer/cjs/react-test-renderer.development.js:14598:17)
      at hooks/__tests__/useSettingsNavigation.test.js:43:23
      at process.env.NODE_ENV.exports.act (node_modules/react/cjs/react.development.js:789:22)
      at renderHook (hooks/__tests__/useSettingsNavigation.test.js:42:6)
      at Object.renderHook (hooks/__tests__/useSettingsNavigation.test.js:225:26)
      at asyncGeneratorStep (node_modules/@babel/runtime/helpers/asyncToGenerator.js:3:17)
      at _next (node_modules/@babel/runtime/helpers/asyncToGenerator.js:17:9)
      at node_modules/@babel/runtime/helpers/asyncToGenerator.js:22:7
      at Object.<anonymous> (node_modules/@babel/runtime/helpers/asyncToGenerator.js:14:12)

    console.error
      The current testing environment is not configured to support act(...)

      41 |   let component;
      42 |   act(() => {
    > 43 |     component = create(<TestComponent />);
         |                       ^
      44 |   });
      45 |   return {
      46 |     result,

      at isConcurrentActEnvironment (node_modules/react-test-renderer/cjs/react-test-renderer.development.js:10243:17)
      at warnIfUpdatesNotWrappedWithActDEV (node_modules/react-test-renderer/cjs/react-test-renderer.development.js:11798:7)
      at scheduleUpdateOnFiber (node_modules/react-test-renderer/cjs/react-test-renderer.development.js:10326:9)
      at updateContainerImpl (node_modules/react-test-renderer/cjs/react-test-renderer.development.js:12382:10)
      at updateContainer (node_modules/react-test-renderer/cjs/react-test-renderer.development.js:12326:7)
      at process.env.NODE_ENV.exports.create (node_modules/react-test-renderer/cjs/react-test-renderer.development.js:14630:7)
      at hooks/__tests__/useSettingsNavigation.test.js:43:23
      at process.env.NODE_ENV.exports.act (node_modules/react/cjs/react.development.js:789:22)
      at renderHook (hooks/__tests__/useSettingsNavigation.test.js:42:6)
      at Object.renderHook (hooks/__tests__/useSettingsNavigation.test.js:225:26)
      at asyncGeneratorStep (node_modules/@babel/runtime/helpers/asyncToGenerator.js:3:17)
      at _next (node_modules/@babel/runtime/helpers/asyncToGenerator.js:17:9)
      at node_modules/@babel/runtime/helpers/asyncToGenerator.js:22:7
      at Object.<anonymous> (node_modules/@babel/runtime/helpers/asyncToGenerator.js:14:12)

    console.error
      The current testing environment is not configured to support act(...)

      84 |       }
      85 |
    > 86 |       setHasCheckedInitialFlags(true);
         |       ^
      87 |     };
      88 |     checkFlagsSync();
      89 |   }, [settingsOpacity, settingsTranslateX]);

      at isConcurrentActEnvironment (node_modules/react-test-renderer/cjs/react-test-renderer.development.js:10243:17)
      at warnIfUpdatesNotWrappedWithActDEV (node_modules/react-test-renderer/cjs/react-test-renderer.development.js:11798:7)
      at scheduleUpdateOnFiber (node_modules/react-test-renderer/cjs/react-test-renderer.development.js:10326:9)
      at dispatchSetStateInternal (node_modules/react-test-renderer/cjs/react-test-renderer.development.js:4148:13)
      at dispatchSetState (node_modules/react-test-renderer/cjs/react-test-renderer.development.js:4107:7)
      at setHasCheckedInitialFlags (hooks/useSettingsNavigation.js:86:7)
      at asyncGeneratorStep (node_modules/@babel/runtime/helpers/asyncToGenerator.js:3:17)
      at _next (node_modules/@babel/runtime/helpers/asyncToGenerator.js:17:9)

    console.error
      The current testing environment is not configured to support act(...)

      153 |   const openSettings = () => {
      154 |     settingsTranslateX.setValue(0);
    > 155 |     setShowSettings(true);
          |     ^
      156 |   };
      157 |
      158 |   const closeSettings = () => {

      at isConcurrentActEnvironment (node_modules/react-test-renderer/cjs/react-test-renderer.development.js:10243:17)
      at warnIfUpdatesNotWrappedWithActDEV (node_modules/react-test-renderer/cjs/react-test-renderer.development.js:11798:7)
      at scheduleUpdateOnFiber (node_modules/react-test-renderer/cjs/react-test-renderer.development.js:10326:9)
      at dispatchSetStateInternal (node_modules/react-test-renderer/cjs/react-test-renderer.development.js:4148:13)
      at dispatchSetState (node_modules/react-test-renderer/cjs/react-test-renderer.development.js:4107:7)
      at Object.setShowSettings [as openSettings] (hooks/useSettingsNavigation.js:155:5)
      at openSettings (hooks/__tests__/useSettingsNavigation.test.js:232:24)
      at process.env.NODE_ENV.exports.act (node_modules/react/cjs/react.development.js:789:22)
      at Object.<anonymous> (hooks/__tests__/useSettingsNavigation.test.js:231:10)
      at asyncGeneratorStep (node_modules/@babel/runtime/helpers/asyncToGenerator.js:3:17)
      at _next (node_modules/@babel/runtime/helpers/asyncToGenerator.js:17:9)

    console.error
      react-test-renderer is deprecated. See https://react.dev/warnings/react-test-renderer

      41 |   let component;
      42 |   act(() => {
    > 43 |     component = create(<TestComponent />);
         |                       ^
      44 |   });
      45 |   return {
      46 |     result,

      at process.env.NODE_ENV.exports.create (node_modules/react-test-renderer/cjs/react-test-renderer.development.js:14598:17)
      at hooks/__tests__/useSettingsNavigation.test.js:43:23
      at process.env.NODE_ENV.exports.act (node_modules/react/cjs/react.development.js:789:22)
      at renderHook (hooks/__tests__/useSettingsNavigation.test.js:42:6)
      at Object.renderHook (hooks/__tests__/useSettingsNavigation.test.js:244:26)
      at asyncGeneratorStep (node_modules/@babel/runtime/helpers/asyncToGenerator.js:3:17)
      at _next (node_modules/@babel/runtime/helpers/asyncToGenerator.js:17:9)
      at node_modules/@babel/runtime/helpers/asyncToGenerator.js:22:7
      at Object.<anonymous> (node_modules/@babel/runtime/helpers/asyncToGenerator.js:14:12)

    console.error
      The current testing environment is not configured to support act(...)

      41 |   let component;
      42 |   act(() => {
    > 43 |     component = create(<TestComponent />);
         |                       ^
      44 |   });
      45 |   return {
      46 |     result,

      at isConcurrentActEnvironment (node_modules/react-test-renderer/cjs/react-test-renderer.development.js:10243:17)
      at warnIfUpdatesNotWrappedWithActDEV (node_modules/react-test-renderer/cjs/react-test-renderer.development.js:11798:7)
      at scheduleUpdateOnFiber (node_modules/react-test-renderer/cjs/react-test-renderer.development.js:10326:9)
      at updateContainerImpl (node_modules/react-test-renderer/cjs/react-test-renderer.development.js:12382:10)
      at updateContainer (node_modules/react-test-renderer/cjs/react-test-renderer.development.js:12326:7)
      at process.env.NODE_ENV.exports.create (node_modules/react-test-renderer/cjs/react-test-renderer.development.js:14630:7)
      at hooks/__tests__/useSettingsNavigation.test.js:43:23
      at process.env.NODE_ENV.exports.act (node_modules/react/cjs/react.development.js:789:22)
      at renderHook (hooks/__tests__/useSettingsNavigation.test.js:42:6)
      at Object.renderHook (hooks/__tests__/useSettingsNavigation.test.js:244:26)
      at asyncGeneratorStep (node_modules/@babel/runtime/helpers/asyncToGenerator.js:3:17)
      at _next (node_modules/@babel/runtime/helpers/asyncToGenerator.js:17:9)
      at node_modules/@babel/runtime/helpers/asyncToGenerator.js:22:7
      at Object.<anonymous> (node_modules/@babel/runtime/helpers/asyncToGenerator.js:14:12)

    console.error
      The current testing environment is not configured to support act(...)

      115 |           // Open settings
      116 |           settingsTranslateX.setValue(0);
    > 117 |           setShowSettings(true);
          |           ^
      118 |           // Clear the flags
      119 |           await SecureStore.deleteItemAsync('returnToSettingsAfterSeedPhrase');
      120 |           await SecureStore.deleteItemAsync('returnToSettingsAfterPinChange');

      at isConcurrentActEnvironment (node_modules/react-test-renderer/cjs/react-test-renderer.development.js:10243:17)
      at warnIfUpdatesNotWrappedWithActDEV (node_modules/react-test-renderer/cjs/react-test-renderer.development.js:11798:7)
      at scheduleUpdateOnFiber (node_modules/react-test-renderer/cjs/react-test-renderer.development.js:10326:9)
      at dispatchSetStateInternal (node_modules/react-test-renderer/cjs/react-test-renderer.development.js:4148:13)
      at dispatchSetState (node_modules/react-test-renderer/cjs/react-test-renderer.development.js:4107:7)
      at setShowSettings (hooks/useSettingsNavigation.js:117:11)
      at asyncGeneratorStep (node_modules/@babel/runtime/helpers/asyncToGenerator.js:3:17)
      at _next (node_modules/@babel/runtime/helpers/asyncToGenerator.js:17:9)

    console.error
      The current testing environment is not configured to support act(...)

      81 |         settingsOpacity.setValue(1);
      82 |         settingsTranslateX.setValue(0);
    > 83 |         setShowSettings(true);
         |         ^
      84 |       }
      85 |
      86 |       setHasCheckedInitialFlags(true);

      at isConcurrentActEnvironment (node_modules/react-test-renderer/cjs/react-test-renderer.development.js:10243:17)
      at warnIfUpdatesNotWrappedWithActDEV (node_modules/react-test-renderer/cjs/react-test-renderer.development.js:11798:7)
      at scheduleUpdateOnFiber (node_modules/react-test-renderer/cjs/react-test-renderer.development.js:10326:9)
      at dispatchSetStateInternal (node_modules/react-test-renderer/cjs/react-test-renderer.development.js:4148:13)
      at dispatchSetState (node_modules/react-test-renderer/cjs/react-test-renderer.development.js:4107:7)
      at setShowSettings (hooks/useSettingsNavigation.js:83:9)
      at asyncGeneratorStep (node_modules/@babel/runtime/helpers/asyncToGenerator.js:3:17)
      at _next (node_modules/@babel/runtime/helpers/asyncToGenerator.js:17:9)

    console.error
      The current testing environment is not configured to support act(...)

      84 |       }
      85 |
    > 86 |       setHasCheckedInitialFlags(true);
         |       ^
      87 |     };
      88 |     checkFlagsSync();
      89 |   }, [settingsOpacity, settingsTranslateX]);

      at isConcurrentActEnvironment (node_modules/react-test-renderer/cjs/react-test-renderer.development.js:10243:17)
      at warnIfUpdatesNotWrappedWithActDEV (node_modules/react-test-renderer/cjs/react-test-renderer.development.js:11798:7)
      at scheduleUpdateOnFiber (node_modules/react-test-renderer/cjs/react-test-renderer.development.js:10326:9)
      at dispatchSetStateInternal (node_modules/react-test-renderer/cjs/react-test-renderer.development.js:4148:13)
      at dispatchSetState (node_modules/react-test-renderer/cjs/react-test-renderer.development.js:4107:7)
      at setHasCheckedInitialFlags (hooks/useSettingsNavigation.js:86:7)
      at asyncGeneratorStep (node_modules/@babel/runtime/helpers/asyncToGenerator.js:3:17)
      at _next (node_modules/@babel/runtime/helpers/asyncToGenerator.js:17:9)

    console.error
      The current testing environment is not configured to support act(...)

      115 |           // Open settings
      116 |           settingsTranslateX.setValue(0);
    > 117 |           setShowSettings(true);
          |           ^
      118 |           // Clear the flags
      119 |           await SecureStore.deleteItemAsync('returnToSettingsAfterSeedPhrase');
      120 |           await SecureStore.deleteItemAsync('returnToSettingsAfterPinChange');

      at isConcurrentActEnvironment (node_modules/react-test-renderer/cjs/react-test-renderer.development.js:10243:17)
      at warnIfUpdatesNotWrappedWithActDEV (node_modules/react-test-renderer/cjs/react-test-renderer.development.js:11798:7)
      at scheduleUpdateOnFiber (node_modules/react-test-renderer/cjs/react-test-renderer.development.js:10326:9)
      at dispatchSetStateInternal (node_modules/react-test-renderer/cjs/react-test-renderer.development.js:4148:13)
      at dispatchSetState (node_modules/react-test-renderer/cjs/react-test-renderer.development.js:4107:7)
      at setShowSettings (hooks/useSettingsNavigation.js:117:11)
      at asyncGeneratorStep (node_modules/@babel/runtime/helpers/asyncToGenerator.js:3:17)
      at _next (node_modules/@babel/runtime/helpers/asyncToGenerator.js:17:9)

    console.error
      The current testing environment is not configured to support act(...)

      158 |   const closeSettings = () => {
      159 |     settingsTranslateX.setValue(0);
    > 160 |     setShowSettings(false);
          |     ^
      161 |   };
      162 |
      163 |   return {

      at isConcurrentActEnvironment (node_modules/react-test-renderer/cjs/react-test-renderer.development.js:10243:17)
      at warnIfUpdatesNotWrappedWithActDEV (node_modules/react-test-renderer/cjs/react-test-renderer.development.js:11798:7)
      at scheduleUpdateOnFiber (node_modules/react-test-renderer/cjs/react-test-renderer.development.js:10326:9)
      at dispatchSetStateInternal (node_modules/react-test-renderer/cjs/react-test-renderer.development.js:4148:13)
      at dispatchSetState (node_modules/react-test-renderer/cjs/react-test-renderer.development.js:4107:7)
      at Object.setShowSettings [as closeSettings] (hooks/useSettingsNavigation.js:160:5)
      at closeSettings (hooks/__tests__/useSettingsNavigation.test.js:253:24)
      at process.env.NODE_ENV.exports.act (node_modules/react/cjs/react.development.js:789:22)
      at Object.<anonymous> (hooks/__tests__/useSettingsNavigation.test.js:252:10)
      at asyncGeneratorStep (node_modules/@babel/runtime/helpers/asyncToGenerator.js:3:17)
      at _next (node_modules/@babel/runtime/helpers/asyncToGenerator.js:17:9)

    console.error
      react-test-renderer is deprecated. See https://react.dev/warnings/react-test-renderer

      41 |   let component;
      42 |   act(() => {
    > 43 |     component = create(<TestComponent />);
         |                       ^
      44 |   });
      45 |   return {
      46 |     result,

      at process.env.NODE_ENV.exports.create (node_modules/react-test-renderer/cjs/react-test-renderer.development.js:14598:17)
      at hooks/__tests__/useSettingsNavigation.test.js:43:23
      at process.env.NODE_ENV.exports.act (node_modules/react/cjs/react.development.js:789:22)
      at renderHook (hooks/__tests__/useSettingsNavigation.test.js:42:6)
      at Object.renderHook (hooks/__tests__/useSettingsNavigation.test.js:260:26)
      at asyncGeneratorStep (node_modules/@babel/runtime/helpers/asyncToGenerator.js:3:17)
      at _next (node_modules/@babel/runtime/helpers/asyncToGenerator.js:17:9)
      at node_modules/@babel/runtime/helpers/asyncToGenerator.js:22:7
      at Object.<anonymous> (node_modules/@babel/runtime/helpers/asyncToGenerator.js:14:12)

    console.error
      The current testing environment is not configured to support act(...)

      41 |   let component;
      42 |   act(() => {
    > 43 |     component = create(<TestComponent />);
         |                       ^
      44 |   });
      45 |   return {
      46 |     result,

      at isConcurrentActEnvironment (node_modules/react-test-renderer/cjs/react-test-renderer.development.js:10243:17)
      at warnIfUpdatesNotWrappedWithActDEV (node_modules/react-test-renderer/cjs/react-test-renderer.development.js:11798:7)
      at scheduleUpdateOnFiber (node_modules/react-test-renderer/cjs/react-test-renderer.development.js:10326:9)
      at updateContainerImpl (node_modules/react-test-renderer/cjs/react-test-renderer.development.js:12382:10)
      at updateContainer (node_modules/react-test-renderer/cjs/react-test-renderer.development.js:12326:7)
      at process.env.NODE_ENV.exports.create (node_modules/react-test-renderer/cjs/react-test-renderer.development.js:14630:7)
      at hooks/__tests__/useSettingsNavigation.test.js:43:23
      at process.env.NODE_ENV.exports.act (node_modules/react/cjs/react.development.js:789:22)
      at renderHook (hooks/__tests__/useSettingsNavigation.test.js:42:6)
      at Object.renderHook (hooks/__tests__/useSettingsNavigation.test.js:260:26)
      at asyncGeneratorStep (node_modules/@babel/runtime/helpers/asyncToGenerator.js:3:17)
      at _next (node_modules/@babel/runtime/helpers/asyncToGenerator.js:17:9)
      at node_modules/@babel/runtime/helpers/asyncToGenerator.js:22:7
      at Object.<anonymous> (node_modules/@babel/runtime/helpers/asyncToGenerator.js:14:12)

    console.error
      The current testing environment is not configured to support act(...)

      84 |       }
      85 |
    > 86 |       setHasCheckedInitialFlags(true);
         |       ^
      87 |     };
      88 |     checkFlagsSync();
      89 |   }, [settingsOpacity, settingsTranslateX]);

      at isConcurrentActEnvironment (node_modules/react-test-renderer/cjs/react-test-renderer.development.js:10243:17)
      at warnIfUpdatesNotWrappedWithActDEV (node_modules/react-test-renderer/cjs/react-test-renderer.development.js:11798:7)
      at scheduleUpdateOnFiber (node_modules/react-test-renderer/cjs/react-test-renderer.development.js:10326:9)
      at dispatchSetStateInternal (node_modules/react-test-renderer/cjs/react-test-renderer.development.js:4148:13)
      at dispatchSetState (node_modules/react-test-renderer/cjs/react-test-renderer.development.js:4107:7)
      at setHasCheckedInitialFlags (hooks/useSettingsNavigation.js:86:7)
      at asyncGeneratorStep (node_modules/@babel/runtime/helpers/asyncToGenerator.js:3:17)
      at _next (node_modules/@babel/runtime/helpers/asyncToGenerator.js:17:9)

    console.error
      The current testing environment is not configured to support act(...)

      153 |   const openSettings = () => {
      154 |     settingsTranslateX.setValue(0);
    > 155 |     setShowSettings(true);
          |     ^
      156 |   };
      157 |
      158 |   const closeSettings = () => {

      at isConcurrentActEnvironment (node_modules/react-test-renderer/cjs/react-test-renderer.development.js:10243:17)
      at warnIfUpdatesNotWrappedWithActDEV (node_modules/react-test-renderer/cjs/react-test-renderer.development.js:11798:7)
      at scheduleUpdateOnFiber (node_modules/react-test-renderer/cjs/react-test-renderer.development.js:10326:9)
      at dispatchSetStateInternal (node_modules/react-test-renderer/cjs/react-test-renderer.development.js:4148:13)
      at dispatchSetState (node_modules/react-test-renderer/cjs/react-test-renderer.development.js:4107:7)
      at Object.setShowSettings [as openSettings] (hooks/useSettingsNavigation.js:155:5)
      at openSettings (hooks/__tests__/useSettingsNavigation.test.js:268:26)
      at process.env.NODE_ENV.exports.act (node_modules/react/cjs/react.development.js:789:22)
      at hooks/__tests__/useSettingsNavigation.test.js:267:12
      at Object.<anonymous> (node_modules/expect/build/index.js:1824:9)
      at Object.throwingMatcher [as toThrow] (node_modules/expect/build/index.js:2235:93)
      at Object.toThrow (hooks/__tests__/useSettingsNavigation.test.js:270:14)
      at asyncGeneratorStep (node_modules/@babel/runtime/helpers/asyncToGenerator.js:3:17)
      at _next (node_modules/@babel/runtime/helpers/asyncToGenerator.js:17:9)

    console.error
      react-test-renderer is deprecated. See https://react.dev/warnings/react-test-renderer

      41 |   let component;
      42 |   act(() => {
    > 43 |     component = create(<TestComponent />);
         |                       ^
      44 |   });
      45 |   return {
      46 |     result,

      at process.env.NODE_ENV.exports.create (node_modules/react-test-renderer/cjs/react-test-renderer.development.js:14598:17)
      at hooks/__tests__/useSettingsNavigation.test.js:43:23
      at process.env.NODE_ENV.exports.act (node_modules/react/cjs/react.development.js:789:22)
      at renderHook (hooks/__tests__/useSettingsNavigation.test.js:42:6)
      at Object.renderHook (hooks/__tests__/useSettingsNavigation.test.js:276:26)
      at asyncGeneratorStep (node_modules/@babel/runtime/helpers/asyncToGenerator.js:3:17)
      at _next (node_modules/@babel/runtime/helpers/asyncToGenerator.js:17:9)
      at node_modules/@babel/runtime/helpers/asyncToGenerator.js:22:7
      at Object.<anonymous> (node_modules/@babel/runtime/helpers/asyncToGenerator.js:14:12)

    console.error
      The current testing environment is not configured to support act(...)

      41 |   let component;
      42 |   act(() => {
    > 43 |     component = create(<TestComponent />);
         |                       ^
      44 |   });
      45 |   return {
      46 |     result,

      at isConcurrentActEnvironment (node_modules/react-test-renderer/cjs/react-test-renderer.development.js:10243:17)
      at warnIfUpdatesNotWrappedWithActDEV (node_modules/react-test-renderer/cjs/react-test-renderer.development.js:11798:7)
      at scheduleUpdateOnFiber (node_modules/react-test-renderer/cjs/react-test-renderer.development.js:10326:9)
      at updateContainerImpl (node_modules/react-test-renderer/cjs/react-test-renderer.development.js:12382:10)
      at updateContainer (node_modules/react-test-renderer/cjs/react-test-renderer.development.js:12326:7)
      at process.env.NODE_ENV.exports.create (node_modules/react-test-renderer/cjs/react-test-renderer.development.js:14630:7)
      at hooks/__tests__/useSettingsNavigation.test.js:43:23
      at process.env.NODE_ENV.exports.act (node_modules/react/cjs/react.development.js:789:22)
      at renderHook (hooks/__tests__/useSettingsNavigation.test.js:42:6)
      at Object.renderHook (hooks/__tests__/useSettingsNavigation.test.js:276:26)
      at asyncGeneratorStep (node_modules/@babel/runtime/helpers/asyncToGenerator.js:3:17)
      at _next (node_modules/@babel/runtime/helpers/asyncToGenerator.js:17:9)
      at node_modules/@babel/runtime/helpers/asyncToGenerator.js:22:7
      at Object.<anonymous> (node_modules/@babel/runtime/helpers/asyncToGenerator.js:14:12)

    console.error
      The current testing environment is not configured to support act(...)

      84 |       }
      85 |
    > 86 |       setHasCheckedInitialFlags(true);
         |       ^
      87 |     };
      88 |     checkFlagsSync();
      89 |   }, [settingsOpacity, settingsTranslateX]);

      at isConcurrentActEnvironment (node_modules/react-test-renderer/cjs/react-test-renderer.development.js:10243:17)
      at warnIfUpdatesNotWrappedWithActDEV (node_modules/react-test-renderer/cjs/react-test-renderer.development.js:11798:7)
      at scheduleUpdateOnFiber (node_modules/react-test-renderer/cjs/react-test-renderer.development.js:10326:9)
      at dispatchSetStateInternal (node_modules/react-test-renderer/cjs/react-test-renderer.development.js:4148:13)
      at dispatchSetState (node_modules/react-test-renderer/cjs/react-test-renderer.development.js:4107:7)
      at setHasCheckedInitialFlags (hooks/useSettingsNavigation.js:86:7)
      at asyncGeneratorStep (node_modules/@babel/runtime/helpers/asyncToGenerator.js:3:17)
      at _next (node_modules/@babel/runtime/helpers/asyncToGenerator.js:17:9)

    console.error
      The current testing environment is not configured to support act(...)

      158 |   const closeSettings = () => {
      159 |     settingsTranslateX.setValue(0);
    > 160 |     setShowSettings(false);
          |     ^
      161 |   };
      162 |
      163 |   return {

      at isConcurrentActEnvironment (node_modules/react-test-renderer/cjs/react-test-renderer.development.js:10243:17)
      at warnIfUpdatesNotWrappedWithActDEV (node_modules/react-test-renderer/cjs/react-test-renderer.development.js:11798:7)
      at scheduleUpdateOnFiber (node_modules/react-test-renderer/cjs/react-test-renderer.development.js:10326:9)
      at dispatchSetStateInternal (node_modules/react-test-renderer/cjs/react-test-renderer.development.js:4148:13)
      at dispatchSetState (node_modules/react-test-renderer/cjs/react-test-renderer.development.js:4107:7)
      at Object.setShowSettings [as closeSettings] (hooks/useSettingsNavigation.js:160:5)
      at closeSettings (hooks/__tests__/useSettingsNavigation.test.js:284:26)
      at process.env.NODE_ENV.exports.act (node_modules/react/cjs/react.development.js:789:22)
      at hooks/__tests__/useSettingsNavigation.test.js:283:12
      at Object.<anonymous> (node_modules/expect/build/index.js:1824:9)
      at Object.throwingMatcher [as toThrow] (node_modules/expect/build/index.js:2235:93)
      at Object.toThrow (hooks/__tests__/useSettingsNavigation.test.js:286:14)
      at asyncGeneratorStep (node_modules/@babel/runtime/helpers/asyncToGenerator.js:3:17)
      at _next (node_modules/@babel/runtime/helpers/asyncToGenerator.js:17:9)

    console.error
      react-test-renderer is deprecated. See https://react.dev/warnings/react-test-renderer

      41 |   let component;
      42 |   act(() => {
    > 43 |     component = create(<TestComponent />);
         |                       ^
      44 |   });
      45 |   return {
      46 |     result,

      at process.env.NODE_ENV.exports.create (node_modules/react-test-renderer/cjs/react-test-renderer.development.js:14598:17)
      at hooks/__tests__/useSettingsNavigation.test.js:43:23
      at process.env.NODE_ENV.exports.act (node_modules/react/cjs/react.development.js:789:22)
      at renderHook (hooks/__tests__/useSettingsNavigation.test.js:42:6)
      at Object.renderHook (hooks/__tests__/useSettingsNavigation.test.js:294:26)
      at asyncGeneratorStep (node_modules/@babel/runtime/helpers/asyncToGenerator.js:3:17)
      at _next (node_modules/@babel/runtime/helpers/asyncToGenerator.js:17:9)
      at node_modules/@babel/runtime/helpers/asyncToGenerator.js:22:7
      at Object.<anonymous> (node_modules/@babel/runtime/helpers/asyncToGenerator.js:14:12)

    console.error
      The current testing environment is not configured to support act(...)

      41 |   let component;
      42 |   act(() => {
    > 43 |     component = create(<TestComponent />);
         |                       ^
      44 |   });
      45 |   return {
      46 |     result,

      at isConcurrentActEnvironment (node_modules/react-test-renderer/cjs/react-test-renderer.development.js:10243:17)
      at warnIfUpdatesNotWrappedWithActDEV (node_modules/react-test-renderer/cjs/react-test-renderer.development.js:11798:7)
      at scheduleUpdateOnFiber (node_modules/react-test-renderer/cjs/react-test-renderer.development.js:10326:9)
      at updateContainerImpl (node_modules/react-test-renderer/cjs/react-test-renderer.development.js:12382:10)
      at updateContainer (node_modules/react-test-renderer/cjs/react-test-renderer.development.js:12326:7)
      at process.env.NODE_ENV.exports.create (node_modules/react-test-renderer/cjs/react-test-renderer.development.js:14630:7)
      at hooks/__tests__/useSettingsNavigation.test.js:43:23
      at process.env.NODE_ENV.exports.act (node_modules/react/cjs/react.development.js:789:22)
      at renderHook (hooks/__tests__/useSettingsNavigation.test.js:42:6)
      at Object.renderHook (hooks/__tests__/useSettingsNavigation.test.js:294:26)
      at asyncGeneratorStep (node_modules/@babel/runtime/helpers/asyncToGenerator.js:3:17)
      at _next (node_modules/@babel/runtime/helpers/asyncToGenerator.js:17:9)
      at node_modules/@babel/runtime/helpers/asyncToGenerator.js:22:7
      at Object.<anonymous> (node_modules/@babel/runtime/helpers/asyncToGenerator.js:14:12)

    console.error
      The current testing environment is not configured to support act(...)

      84 |       }
      85 |
    > 86 |       setHasCheckedInitialFlags(true);
         |       ^
      87 |     };
      88 |     checkFlagsSync();
      89 |   }, [settingsOpacity, settingsTranslateX]);

      at isConcurrentActEnvironment (node_modules/react-test-renderer/cjs/react-test-renderer.development.js:10243:17)
      at warnIfUpdatesNotWrappedWithActDEV (node_modules/react-test-renderer/cjs/react-test-renderer.development.js:11798:7)
      at scheduleUpdateOnFiber (node_modules/react-test-renderer/cjs/react-test-renderer.development.js:10326:9)
      at dispatchSetStateInternal (node_modules/react-test-renderer/cjs/react-test-renderer.development.js:4148:13)
      at dispatchSetState (node_modules/react-test-renderer/cjs/react-test-renderer.development.js:4107:7)
      at setHasCheckedInitialFlags (hooks/useSettingsNavigation.js:86:7)
      at asyncGeneratorStep (node_modules/@babel/runtime/helpers/asyncToGenerator.js:3:17)
      at _next (node_modules/@babel/runtime/helpers/asyncToGenerator.js:17:9)

    console.error
      react-test-renderer is deprecated. See https://react.dev/warnings/react-test-renderer

      41 |   let component;
      42 |   act(() => {
    > 43 |     component = create(<TestComponent />);
         |                       ^
      44 |   });
      45 |   return {
      46 |     result,

      at process.env.NODE_ENV.exports.create (node_modules/react-test-renderer/cjs/react-test-renderer.development.js:14598:17)
      at hooks/__tests__/useSettingsNavigation.test.js:43:23
      at process.env.NODE_ENV.exports.act (node_modules/react/cjs/react.development.js:789:22)
      at renderHook (hooks/__tests__/useSettingsNavigation.test.js:42:6)
      at Object.renderHook (hooks/__tests__/useSettingsNavigation.test.js:306:26)
      at asyncGeneratorStep (node_modules/@babel/runtime/helpers/asyncToGenerator.js:3:17)
      at _next (node_modules/@babel/runtime/helpers/asyncToGenerator.js:17:9)
      at node_modules/@babel/runtime/helpers/asyncToGenerator.js:22:7
      at Object.<anonymous> (node_modules/@babel/runtime/helpers/asyncToGenerator.js:14:12)

    console.error
      The current testing environment is not configured to support act(...)

      41 |   let component;
      42 |   act(() => {
    > 43 |     component = create(<TestComponent />);
         |                       ^
      44 |   });
      45 |   return {
      46 |     result,

      at isConcurrentActEnvironment (node_modules/react-test-renderer/cjs/react-test-renderer.development.js:10243:17)
      at warnIfUpdatesNotWrappedWithActDEV (node_modules/react-test-renderer/cjs/react-test-renderer.development.js:11798:7)
      at scheduleUpdateOnFiber (node_modules/react-test-renderer/cjs/react-test-renderer.development.js:10326:9)
      at updateContainerImpl (node_modules/react-test-renderer/cjs/react-test-renderer.development.js:12382:10)
      at updateContainer (node_modules/react-test-renderer/cjs/react-test-renderer.development.js:12326:7)
      at process.env.NODE_ENV.exports.create (node_modules/react-test-renderer/cjs/react-test-renderer.development.js:14630:7)
      at hooks/__tests__/useSettingsNavigation.test.js:43:23
      at process.env.NODE_ENV.exports.act (node_modules/react/cjs/react.development.js:789:22)
      at renderHook (hooks/__tests__/useSettingsNavigation.test.js:42:6)
      at Object.renderHook (hooks/__tests__/useSettingsNavigation.test.js:306:26)
      at asyncGeneratorStep (node_modules/@babel/runtime/helpers/asyncToGenerator.js:3:17)
      at _next (node_modules/@babel/runtime/helpers/asyncToGenerator.js:17:9)
      at node_modules/@babel/runtime/helpers/asyncToGenerator.js:22:7
      at Object.<anonymous> (node_modules/@babel/runtime/helpers/asyncToGenerator.js:14:12)

    console.error
      The current testing environment is not configured to support act(...)

      84 |       }
      85 |
    > 86 |       setHasCheckedInitialFlags(true);
         |       ^
      87 |     };
      88 |     checkFlagsSync();
      89 |   }, [settingsOpacity, settingsTranslateX]);

      at isConcurrentActEnvironment (node_modules/react-test-renderer/cjs/react-test-renderer.development.js:10243:17)
      at warnIfUpdatesNotWrappedWithActDEV (node_modules/react-test-renderer/cjs/react-test-renderer.development.js:11798:7)
      at scheduleUpdateOnFiber (node_modules/react-test-renderer/cjs/react-test-renderer.development.js:10326:9)
      at dispatchSetStateInternal (node_modules/react-test-renderer/cjs/react-test-renderer.development.js:4148:13)
      at dispatchSetState (node_modules/react-test-renderer/cjs/react-test-renderer.development.js:4107:7)
      at setHasCheckedInitialFlags (hooks/useSettingsNavigation.js:86:7)
      at asyncGeneratorStep (node_modules/@babel/runtime/helpers/asyncToGenerator.js:3:17)
      at _next (node_modules/@babel/runtime/helpers/asyncToGenerator.js:17:9)

    console.error
      react-test-renderer is deprecated. See https://react.dev/warnings/react-test-renderer

      41 |   let component;
      42 |   act(() => {
    > 43 |     component = create(<TestComponent />);
         |                       ^
      44 |   });
      45 |   return {
      46 |     result,

      at process.env.NODE_ENV.exports.create (node_modules/react-test-renderer/cjs/react-test-renderer.development.js:14598:17)
      at hooks/__tests__/useSettingsNavigation.test.js:43:23
      at process.env.NODE_ENV.exports.act (node_modules/react/cjs/react.development.js:789:22)
      at renderHook (hooks/__tests__/useSettingsNavigation.test.js:42:6)
      at Object.renderHook (hooks/__tests__/useSettingsNavigation.test.js:317:26)
      at asyncGeneratorStep (node_modules/@babel/runtime/helpers/asyncToGenerator.js:3:17)
      at _next (node_modules/@babel/runtime/helpers/asyncToGenerator.js:17:9)
      at node_modules/@babel/runtime/helpers/asyncToGenerator.js:22:7
      at Object.<anonymous> (node_modules/@babel/runtime/helpers/asyncToGenerator.js:14:12)

    console.error
      The current testing environment is not configured to support act(...)

      41 |   let component;
      42 |   act(() => {
    > 43 |     component = create(<TestComponent />);
         |                       ^
      44 |   });
      45 |   return {
      46 |     result,

      at isConcurrentActEnvironment (node_modules/react-test-renderer/cjs/react-test-renderer.development.js:10243:17)
      at warnIfUpdatesNotWrappedWithActDEV (node_modules/react-test-renderer/cjs/react-test-renderer.development.js:11798:7)
      at scheduleUpdateOnFiber (node_modules/react-test-renderer/cjs/react-test-renderer.development.js:10326:9)
      at updateContainerImpl (node_modules/react-test-renderer/cjs/react-test-renderer.development.js:12382:10)
      at updateContainer (node_modules/react-test-renderer/cjs/react-test-renderer.development.js:12326:7)
      at process.env.NODE_ENV.exports.create (node_modules/react-test-renderer/cjs/react-test-renderer.development.js:14630:7)
      at hooks/__tests__/useSettingsNavigation.test.js:43:23
      at process.env.NODE_ENV.exports.act (node_modules/react/cjs/react.development.js:789:22)
      at renderHook (hooks/__tests__/useSettingsNavigation.test.js:42:6)
      at Object.renderHook (hooks/__tests__/useSettingsNavigation.test.js:317:26)
      at asyncGeneratorStep (node_modules/@babel/runtime/helpers/asyncToGenerator.js:3:17)
      at _next (node_modules/@babel/runtime/helpers/asyncToGenerator.js:17:9)
      at node_modules/@babel/runtime/helpers/asyncToGenerator.js:22:7
      at Object.<anonymous> (node_modules/@babel/runtime/helpers/asyncToGenerator.js:14:12)

    console.error
      The current testing environment is not configured to support act(...)

      84 |       }
      85 |
    > 86 |       setHasCheckedInitialFlags(true);
         |       ^
      87 |     };
      88 |     checkFlagsSync();
      89 |   }, [settingsOpacity, settingsTranslateX]);

      at isConcurrentActEnvironment (node_modules/react-test-renderer/cjs/react-test-renderer.development.js:10243:17)
      at warnIfUpdatesNotWrappedWithActDEV (node_modules/react-test-renderer/cjs/react-test-renderer.development.js:11798:7)
      at scheduleUpdateOnFiber (node_modules/react-test-renderer/cjs/react-test-renderer.development.js:10326:9)
      at dispatchSetStateInternal (node_modules/react-test-renderer/cjs/react-test-renderer.development.js:4148:13)
      at dispatchSetState (node_modules/react-test-renderer/cjs/react-test-renderer.development.js:4107:7)
      at setHasCheckedInitialFlags (hooks/useSettingsNavigation.js:86:7)
      at asyncGeneratorStep (node_modules/@babel/runtime/helpers/asyncToGenerator.js:3:17)
      at _next (node_modules/@babel/runtime/helpers/asyncToGenerator.js:17:9)

    console.error
      react-test-renderer is deprecated. See https://react.dev/warnings/react-test-renderer

      41 |   let component;
      42 |   act(() => {
    > 43 |     component = create(<TestComponent />);
         |                       ^
      44 |   });
      45 |   return {
      46 |     result,

      at process.env.NODE_ENV.exports.create (node_modules/react-test-renderer/cjs/react-test-renderer.development.js:14598:17)
      at hooks/__tests__/useSettingsNavigation.test.js:43:23
      at process.env.NODE_ENV.exports.act (node_modules/react/cjs/react.development.js:789:22)
      at renderHook (hooks/__tests__/useSettingsNavigation.test.js:42:6)
      at Object.renderHook (hooks/__tests__/useSettingsNavigation.test.js:334:26)
      at asyncGeneratorStep (node_modules/@babel/runtime/helpers/asyncToGenerator.js:3:17)
      at _next (node_modules/@babel/runtime/helpers/asyncToGenerator.js:17:9)
      at node_modules/@babel/runtime/helpers/asyncToGenerator.js:22:7
      at Object.<anonymous> (node_modules/@babel/runtime/helpers/asyncToGenerator.js:14:12)

    console.error
      The current testing environment is not configured to support act(...)

      41 |   let component;
      42 |   act(() => {
    > 43 |     component = create(<TestComponent />);
         |                       ^
      44 |   });
      45 |   return {
      46 |     result,

      at isConcurrentActEnvironment (node_modules/react-test-renderer/cjs/react-test-renderer.development.js:10243:17)
      at warnIfUpdatesNotWrappedWithActDEV (node_modules/react-test-renderer/cjs/react-test-renderer.development.js:11798:7)
      at scheduleUpdateOnFiber (node_modules/react-test-renderer/cjs/react-test-renderer.development.js:10326:9)
      at updateContainerImpl (node_modules/react-test-renderer/cjs/react-test-renderer.development.js:12382:10)
      at updateContainer (node_modules/react-test-renderer/cjs/react-test-renderer.development.js:12326:7)
      at process.env.NODE_ENV.exports.create (node_modules/react-test-renderer/cjs/react-test-renderer.development.js:14630:7)
      at hooks/__tests__/useSettingsNavigation.test.js:43:23
      at process.env.NODE_ENV.exports.act (node_modules/react/cjs/react.development.js:789:22)
      at renderHook (hooks/__tests__/useSettingsNavigation.test.js:42:6)
      at Object.renderHook (hooks/__tests__/useSettingsNavigation.test.js:334:26)
      at asyncGeneratorStep (node_modules/@babel/runtime/helpers/asyncToGenerator.js:3:17)
      at _next (node_modules/@babel/runtime/helpers/asyncToGenerator.js:17:9)
      at node_modules/@babel/runtime/helpers/asyncToGenerator.js:22:7
      at Object.<anonymous> (node_modules/@babel/runtime/helpers/asyncToGenerator.js:14:12)

    console.error
      The current testing environment is not configured to support act(...)

      84 |       }
      85 |
    > 86 |       setHasCheckedInitialFlags(true);
         |       ^
      87 |     };
      88 |     checkFlagsSync();
      89 |   }, [settingsOpacity, settingsTranslateX]);

      at isConcurrentActEnvironment (node_modules/react-test-renderer/cjs/react-test-renderer.development.js:10243:17)
      at warnIfUpdatesNotWrappedWithActDEV (node_modules/react-test-renderer/cjs/react-test-renderer.development.js:11798:7)
      at scheduleUpdateOnFiber (node_modules/react-test-renderer/cjs/react-test-renderer.development.js:10326:9)
      at dispatchSetStateInternal (node_modules/react-test-renderer/cjs/react-test-renderer.development.js:4148:13)
      at dispatchSetState (node_modules/react-test-renderer/cjs/react-test-renderer.development.js:4107:7)
      at setHasCheckedInitialFlags (hooks/useSettingsNavigation.js:86:7)
      at asyncGeneratorStep (node_modules/@babel/runtime/helpers/asyncToGenerator.js:3:17)
      at _next (node_modules/@babel/runtime/helpers/asyncToGenerator.js:17:9)

    console.error
      react-test-renderer is deprecated. See https://react.dev/warnings/react-test-renderer

      41 |   let component;
      42 |   act(() => {
    > 43 |     component = create(<TestComponent />);
         |                       ^
      44 |   });
      45 |   return {
      46 |     result,

      at process.env.NODE_ENV.exports.create (node_modules/react-test-renderer/cjs/react-test-renderer.development.js:14598:17)
      at hooks/__tests__/useSettingsNavigation.test.js:43:23
      at process.env.NODE_ENV.exports.act (node_modules/react/cjs/react.development.js:789:22)
      at renderHook (hooks/__tests__/useSettingsNavigation.test.js:42:6)
      at Object.renderHook (hooks/__tests__/useSettingsNavigation.test.js:349:26)
      at asyncGeneratorStep (node_modules/@babel/runtime/helpers/asyncToGenerator.js:3:17)
      at _next (node_modules/@babel/runtime/helpers/asyncToGenerator.js:17:9)
      at node_modules/@babel/runtime/helpers/asyncToGenerator.js:22:7
      at Object.<anonymous> (node_modules/@babel/runtime/helpers/asyncToGenerator.js:14:12)

    console.error
      The current testing environment is not configured to support act(...)

      41 |   let component;
      42 |   act(() => {
    > 43 |     component = create(<TestComponent />);
         |                       ^
      44 |   });
      45 |   return {
      46 |     result,

      at isConcurrentActEnvironment (node_modules/react-test-renderer/cjs/react-test-renderer.development.js:10243:17)
      at warnIfUpdatesNotWrappedWithActDEV (node_modules/react-test-renderer/cjs/react-test-renderer.development.js:11798:7)
      at scheduleUpdateOnFiber (node_modules/react-test-renderer/cjs/react-test-renderer.development.js:10326:9)
      at updateContainerImpl (node_modules/react-test-renderer/cjs/react-test-renderer.development.js:12382:10)
      at updateContainer (node_modules/react-test-renderer/cjs/react-test-renderer.development.js:12326:7)
      at process.env.NODE_ENV.exports.create (node_modules/react-test-renderer/cjs/react-test-renderer.development.js:14630:7)
      at hooks/__tests__/useSettingsNavigation.test.js:43:23
      at process.env.NODE_ENV.exports.act (node_modules/react/cjs/react.development.js:789:22)
      at renderHook (hooks/__tests__/useSettingsNavigation.test.js:42:6)
      at Object.renderHook (hooks/__tests__/useSettingsNavigation.test.js:349:26)
      at asyncGeneratorStep (node_modules/@babel/runtime/helpers/asyncToGenerator.js:3:17)
      at _next (node_modules/@babel/runtime/helpers/asyncToGenerator.js:17:9)
      at node_modules/@babel/runtime/helpers/asyncToGenerator.js:22:7
      at Object.<anonymous> (node_modules/@babel/runtime/helpers/asyncToGenerator.js:14:12)

    console.error
      The current testing environment is not configured to support act(...)

      84 |       }
      85 |
    > 86 |       setHasCheckedInitialFlags(true);
         |       ^
      87 |     };
      88 |     checkFlagsSync();
      89 |   }, [settingsOpacity, settingsTranslateX]);

      at isConcurrentActEnvironment (node_modules/react-test-renderer/cjs/react-test-renderer.development.js:10243:17)
      at warnIfUpdatesNotWrappedWithActDEV (node_modules/react-test-renderer/cjs/react-test-renderer.development.js:11798:7)
      at scheduleUpdateOnFiber (node_modules/react-test-renderer/cjs/react-test-renderer.development.js:10326:9)
      at dispatchSetStateInternal (node_modules/react-test-renderer/cjs/react-test-renderer.development.js:4148:13)
      at dispatchSetState (node_modules/react-test-renderer/cjs/react-test-renderer.development.js:4107:7)
      at setHasCheckedInitialFlags (hooks/useSettingsNavigation.js:86:7)
      at asyncGeneratorStep (node_modules/@babel/runtime/helpers/asyncToGenerator.js:3:17)
      at _next (node_modules/@babel/runtime/helpers/asyncToGenerator.js:17:9)

    console.error
      react-test-renderer is deprecated. See https://react.dev/warnings/react-test-renderer

      41 |   let component;
      42 |   act(() => {
    > 43 |     component = create(<TestComponent />);
         |                       ^
      44 |   });
      45 |   return {
      46 |     result,

      at process.env.NODE_ENV.exports.create (node_modules/react-test-renderer/cjs/react-test-renderer.development.js:14598:17)
      at hooks/__tests__/useSettingsNavigation.test.js:43:23
      at process.env.NODE_ENV.exports.act (node_modules/react/cjs/react.development.js:789:22)
      at renderHook (hooks/__tests__/useSettingsNavigation.test.js:42:6)
      at Object.renderHook (hooks/__tests__/useSettingsNavigation.test.js:368:26)
      at asyncGeneratorStep (node_modules/@babel/runtime/helpers/asyncToGenerator.js:3:17)
      at _next (node_modules/@babel/runtime/helpers/asyncToGenerator.js:17:9)
      at node_modules/@babel/runtime/helpers/asyncToGenerator.js:22:7
      at Object.<anonymous> (node_modules/@babel/runtime/helpers/asyncToGenerator.js:14:12)

    console.error
      The current testing environment is not configured to support act(...)

      41 |   let component;
      42 |   act(() => {
    > 43 |     component = create(<TestComponent />);
         |                       ^
      44 |   });
      45 |   return {
      46 |     result,

      at isConcurrentActEnvironment (node_modules/react-test-renderer/cjs/react-test-renderer.development.js:10243:17)
      at warnIfUpdatesNotWrappedWithActDEV (node_modules/react-test-renderer/cjs/react-test-renderer.development.js:11798:7)
      at scheduleUpdateOnFiber (node_modules/react-test-renderer/cjs/react-test-renderer.development.js:10326:9)
      at updateContainerImpl (node_modules/react-test-renderer/cjs/react-test-renderer.development.js:12382:10)
      at updateContainer (node_modules/react-test-renderer/cjs/react-test-renderer.development.js:12326:7)
      at process.env.NODE_ENV.exports.create (node_modules/react-test-renderer/cjs/react-test-renderer.development.js:14630:7)
      at hooks/__tests__/useSettingsNavigation.test.js:43:23
      at process.env.NODE_ENV.exports.act (node_modules/react/cjs/react.development.js:789:22)
      at renderHook (hooks/__tests__/useSettingsNavigation.test.js:42:6)
      at Object.renderHook (hooks/__tests__/useSettingsNavigation.test.js:368:26)
      at asyncGeneratorStep (node_modules/@babel/runtime/helpers/asyncToGenerator.js:3:17)
      at _next (node_modules/@babel/runtime/helpers/asyncToGenerator.js:17:9)
      at node_modules/@babel/runtime/helpers/asyncToGenerator.js:22:7
      at Object.<anonymous> (node_modules/@babel/runtime/helpers/asyncToGenerator.js:14:12)

    console.error
      The current testing environment is not configured to support act(...)

      84 |       }
      85 |
    > 86 |       setHasCheckedInitialFlags(true);
         |       ^
      87 |     };
      88 |     checkFlagsSync();
      89 |   }, [settingsOpacity, settingsTranslateX]);

      at isConcurrentActEnvironment (node_modules/react-test-renderer/cjs/react-test-renderer.development.js:10243:17)
      at warnIfUpdatesNotWrappedWithActDEV (node_modules/react-test-renderer/cjs/react-test-renderer.development.js:11798:7)
      at scheduleUpdateOnFiber (node_modules/react-test-renderer/cjs/react-test-renderer.development.js:10326:9)
      at dispatchSetStateInternal (node_modules/react-test-renderer/cjs/react-test-renderer.development.js:4148:13)
      at dispatchSetState (node_modules/react-test-renderer/cjs/react-test-renderer.development.js:4107:7)
      at setHasCheckedInitialFlags (hooks/useSettingsNavigation.js:86:7)
      at asyncGeneratorStep (node_modules/@babel/runtime/helpers/asyncToGenerator.js:3:17)
      at _next (node_modules/@babel/runtime/helpers/asyncToGenerator.js:17:9)

    console.error
      react-test-renderer is deprecated. See https://react.dev/warnings/react-test-renderer

      41 |   let component;
      42 |   act(() => {
    > 43 |     component = create(<TestComponent />);
         |                       ^
      44 |   });
      45 |   return {
      46 |     result,

      at process.env.NODE_ENV.exports.create (node_modules/react-test-renderer/cjs/react-test-renderer.development.js:14598:17)
      at hooks/__tests__/useSettingsNavigation.test.js:43:23
      at process.env.NODE_ENV.exports.act (node_modules/react/cjs/react.development.js:789:22)
      at renderHook (hooks/__tests__/useSettingsNavigation.test.js:42:6)
      at Object.renderHook (hooks/__tests__/useSettingsNavigation.test.js:386:26)
      at asyncGeneratorStep (node_modules/@babel/runtime/helpers/asyncToGenerator.js:3:17)
      at _next (node_modules/@babel/runtime/helpers/asyncToGenerator.js:17:9)
      at node_modules/@babel/runtime/helpers/asyncToGenerator.js:22:7
      at Object.<anonymous> (node_modules/@babel/runtime/helpers/asyncToGenerator.js:14:12)

    console.error
      The current testing environment is not configured to support act(...)

      41 |   let component;
      42 |   act(() => {
    > 43 |     component = create(<TestComponent />);
         |                       ^
      44 |   });
      45 |   return {
      46 |     result,

      at isConcurrentActEnvironment (node_modules/react-test-renderer/cjs/react-test-renderer.development.js:10243:17)
      at warnIfUpdatesNotWrappedWithActDEV (node_modules/react-test-renderer/cjs/react-test-renderer.development.js:11798:7)
      at scheduleUpdateOnFiber (node_modules/react-test-renderer/cjs/react-test-renderer.development.js:10326:9)
      at updateContainerImpl (node_modules/react-test-renderer/cjs/react-test-renderer.development.js:12382:10)
      at updateContainer (node_modules/react-test-renderer/cjs/react-test-renderer.development.js:12326:7)
      at process.env.NODE_ENV.exports.create (node_modules/react-test-renderer/cjs/react-test-renderer.development.js:14630:7)
      at hooks/__tests__/useSettingsNavigation.test.js:43:23
      at process.env.NODE_ENV.exports.act (node_modules/react/cjs/react.development.js:789:22)
      at renderHook (hooks/__tests__/useSettingsNavigation.test.js:42:6)
      at Object.renderHook (hooks/__tests__/useSettingsNavigation.test.js:386:26)
      at asyncGeneratorStep (node_modules/@babel/runtime/helpers/asyncToGenerator.js:3:17)
      at _next (node_modules/@babel/runtime/helpers/asyncToGenerator.js:17:9)
      at node_modules/@babel/runtime/helpers/asyncToGenerator.js:22:7
      at Object.<anonymous> (node_modules/@babel/runtime/helpers/asyncToGenerator.js:14:12)

    console.error
      The current testing environment is not configured to support act(...)

      84 |       }
      85 |
    > 86 |       setHasCheckedInitialFlags(true);
         |       ^
      87 |     };
      88 |     checkFlagsSync();
      89 |   }, [settingsOpacity, settingsTranslateX]);

      at isConcurrentActEnvironment (node_modules/react-test-renderer/cjs/react-test-renderer.development.js:10243:17)
      at warnIfUpdatesNotWrappedWithActDEV (node_modules/react-test-renderer/cjs/react-test-renderer.development.js:11798:7)
      at scheduleUpdateOnFiber (node_modules/react-test-renderer/cjs/react-test-renderer.development.js:10326:9)
      at dispatchSetStateInternal (node_modules/react-test-renderer/cjs/react-test-renderer.development.js:4148:13)
      at dispatchSetState (node_modules/react-test-renderer/cjs/react-test-renderer.development.js:4107:7)
      at setHasCheckedInitialFlags (hooks/useSettingsNavigation.js:86:7)
      at asyncGeneratorStep (node_modules/@babel/runtime/helpers/asyncToGenerator.js:3:17)
      at _next (node_modules/@babel/runtime/helpers/asyncToGenerator.js:17:9)

    console.error
      The current testing environment is not configured to support act(...)

      153 |   const openSettings = () => {
      154 |     settingsTranslateX.setValue(0);
    > 155 |     setShowSettings(true);
          |     ^
      156 |   };
      157 |
      158 |   const closeSettings = () => {

      at isConcurrentActEnvironment (node_modules/react-test-renderer/cjs/react-test-renderer.development.js:10243:17)
      at warnIfUpdatesNotWrappedWithActDEV (node_modules/react-test-renderer/cjs/react-test-renderer.development.js:11798:7)
      at scheduleUpdateOnFiber (node_modules/react-test-renderer/cjs/react-test-renderer.development.js:10326:9)
      at dispatchSetStateInternal (node_modules/react-test-renderer/cjs/react-test-renderer.development.js:4148:13)
      at dispatchSetState (node_modules/react-test-renderer/cjs/react-test-renderer.development.js:4107:7)
      at Object.setShowSettings [as openSettings] (hooks/useSettingsNavigation.js:155:5)
      at openSettings (hooks/__tests__/useSettingsNavigation.test.js:394:24)
      at process.env.NODE_ENV.exports.act (node_modules/react/cjs/react.development.js:789:22)
      at Object.<anonymous> (hooks/__tests__/useSettingsNavigation.test.js:393:10)
      at asyncGeneratorStep (node_modules/@babel/runtime/helpers/asyncToGenerator.js:3:17)
      at _next (node_modules/@babel/runtime/helpers/asyncToGenerator.js:17:9)

    console.error
      The current testing environment is not configured to support act(...)

      49 |             useNativeDriver: true,
      50 |           }).start(() => {
    > 51 |             setShowSettings(false);
         |             ^
      52 |             settingsTranslateX.setValue(0);
      53 |           });
      54 |         } else {

      at isConcurrentActEnvironment (node_modules/react-test-renderer/cjs/react-test-renderer.development.js:10243:17)
      at warnIfUpdatesNotWrappedWithActDEV (node_modules/react-test-renderer/cjs/react-test-renderer.development.js:11798:7)
      at scheduleUpdateOnFiber (node_modules/react-test-renderer/cjs/react-test-renderer.development.js:10326:9)
      at dispatchSetStateInternal (node_modules/react-test-renderer/cjs/react-test-renderer.development.js:4148:13)
      at dispatchSetState (node_modules/react-test-renderer/cjs/react-test-renderer.development.js:4107:7)
      at setShowSettings (hooks/useSettingsNavigation.js:51:13)
      at Object.callback (jest.setup.js:188:50)
      at Object.start [as onPanResponderRelease] (hooks/useSettingsNavigation.js:50:14)
      at onResponderRelease (hooks/__tests__/useSettingsNavigation.test.js:404:16)
      at asyncGeneratorStep (node_modules/@babel/runtime/helpers/asyncToGenerator.js:3:17)
      at _next (node_modules/@babel/runtime/helpers/asyncToGenerator.js:17:9)
      at node_modules/@babel/runtime/helpers/asyncToGenerator.js:22:7
      at node_modules/@babel/runtime/helpers/asyncToGenerator.js:14:12
      at process.env.NODE_ENV.exports.act (node_modules/react/cjs/react.development.js:789:22)
      at Object.<anonymous> (hooks/__tests__/useSettingsNavigation.test.js:403:16)
      at asyncGeneratorStep (node_modules/@babel/runtime/helpers/asyncToGenerator.js:3:17)
      at _next (node_modules/@babel/runtime/helpers/asyncToGenerator.js:17:9)

    console.error
      react-test-renderer is deprecated. See https://react.dev/warnings/react-test-renderer

      41 |   let component;
      42 |   act(() => {
    > 43 |     component = create(<TestComponent />);
         |                       ^
      44 |   });
      45 |   return {
      46 |     result,

      at process.env.NODE_ENV.exports.create (node_modules/react-test-renderer/cjs/react-test-renderer.development.js:14598:17)
      at hooks/__tests__/useSettingsNavigation.test.js:43:23
      at process.env.NODE_ENV.exports.act (node_modules/react/cjs/react.development.js:789:22)
      at renderHook (hooks/__tests__/useSettingsNavigation.test.js:42:6)
      at Object.renderHook (hooks/__tests__/useSettingsNavigation.test.js:413:26)
      at asyncGeneratorStep (node_modules/@babel/runtime/helpers/asyncToGenerator.js:3:17)
      at _next (node_modules/@babel/runtime/helpers/asyncToGenerator.js:17:9)
      at node_modules/@babel/runtime/helpers/asyncToGenerator.js:22:7
      at Object.<anonymous> (node_modules/@babel/runtime/helpers/asyncToGenerator.js:14:12)

    console.error
      The current testing environment is not configured to support act(...)

      41 |   let component;
      42 |   act(() => {
    > 43 |     component = create(<TestComponent />);
         |                       ^
      44 |   });
      45 |   return {
      46 |     result,

      at isConcurrentActEnvironment (node_modules/react-test-renderer/cjs/react-test-renderer.development.js:10243:17)
      at warnIfUpdatesNotWrappedWithActDEV (node_modules/react-test-renderer/cjs/react-test-renderer.development.js:11798:7)
      at scheduleUpdateOnFiber (node_modules/react-test-renderer/cjs/react-test-renderer.development.js:10326:9)
      at updateContainerImpl (node_modules/react-test-renderer/cjs/react-test-renderer.development.js:12382:10)
      at updateContainer (node_modules/react-test-renderer/cjs/react-test-renderer.development.js:12326:7)
      at process.env.NODE_ENV.exports.create (node_modules/react-test-renderer/cjs/react-test-renderer.development.js:14630:7)
      at hooks/__tests__/useSettingsNavigation.test.js:43:23
      at process.env.NODE_ENV.exports.act (node_modules/react/cjs/react.development.js:789:22)
      at renderHook (hooks/__tests__/useSettingsNavigation.test.js:42:6)
      at Object.renderHook (hooks/__tests__/useSettingsNavigation.test.js:413:26)
      at asyncGeneratorStep (node_modules/@babel/runtime/helpers/asyncToGenerator.js:3:17)
      at _next (node_modules/@babel/runtime/helpers/asyncToGenerator.js:17:9)
      at node_modules/@babel/runtime/helpers/asyncToGenerator.js:22:7
      at Object.<anonymous> (node_modules/@babel/runtime/helpers/asyncToGenerator.js:14:12)

    console.error
      The current testing environment is not configured to support act(...)

      84 |       }
      85 |
    > 86 |       setHasCheckedInitialFlags(true);
         |       ^
      87 |     };
      88 |     checkFlagsSync();
      89 |   }, [settingsOpacity, settingsTranslateX]);

      at isConcurrentActEnvironment (node_modules/react-test-renderer/cjs/react-test-renderer.development.js:10243:17)
      at warnIfUpdatesNotWrappedWithActDEV (node_modules/react-test-renderer/cjs/react-test-renderer.development.js:11798:7)
      at scheduleUpdateOnFiber (node_modules/react-test-renderer/cjs/react-test-renderer.development.js:10326:9)
      at dispatchSetStateInternal (node_modules/react-test-renderer/cjs/react-test-renderer.development.js:4148:13)
      at dispatchSetState (node_modules/react-test-renderer/cjs/react-test-renderer.development.js:4107:7)
      at setHasCheckedInitialFlags (hooks/useSettingsNavigation.js:86:7)
      at asyncGeneratorStep (node_modules/@babel/runtime/helpers/asyncToGenerator.js:3:17)
      at _next (node_modules/@babel/runtime/helpers/asyncToGenerator.js:17:9)

    console.error
      The current testing environment is not configured to support act(...)

      153 |   const openSettings = () => {
      154 |     settingsTranslateX.setValue(0);
    > 155 |     setShowSettings(true);
          |     ^
      156 |   };
      157 |
      158 |   const closeSettings = () => {

      at isConcurrentActEnvironment (node_modules/react-test-renderer/cjs/react-test-renderer.development.js:10243:17)
      at warnIfUpdatesNotWrappedWithActDEV (node_modules/react-test-renderer/cjs/react-test-renderer.development.js:11798:7)
      at scheduleUpdateOnFiber (node_modules/react-test-renderer/cjs/react-test-renderer.development.js:10326:9)
      at dispatchSetStateInternal (node_modules/react-test-renderer/cjs/react-test-renderer.development.js:4148:13)
      at dispatchSetState (node_modules/react-test-renderer/cjs/react-test-renderer.development.js:4107:7)
      at Object.setShowSettings [as openSettings] (hooks/useSettingsNavigation.js:155:5)
      at openSettings (hooks/__tests__/useSettingsNavigation.test.js:421:24)
      at process.env.NODE_ENV.exports.act (node_modules/react/cjs/react.development.js:789:22)
      at Object.<anonymous> (hooks/__tests__/useSettingsNavigation.test.js:420:10)
      at asyncGeneratorStep (node_modules/@babel/runtime/helpers/asyncToGenerator.js:3:17)
      at _next (node_modules/@babel/runtime/helpers/asyncToGenerator.js:17:9)

    console.error
      react-test-renderer is deprecated. See https://react.dev/warnings/react-test-renderer

      41 |   let component;
      42 |   act(() => {
    > 43 |     component = create(<TestComponent />);
         |                       ^
      44 |   });
      45 |   return {
      46 |     result,

      at process.env.NODE_ENV.exports.create (node_modules/react-test-renderer/cjs/react-test-renderer.development.js:14598:17)
      at hooks/__tests__/useSettingsNavigation.test.js:43:23
      at process.env.NODE_ENV.exports.act (node_modules/react/cjs/react.development.js:789:22)
      at renderHook (hooks/__tests__/useSettingsNavigation.test.js:42:6)
      at Object.renderHook (hooks/__tests__/useSettingsNavigation.test.js:441:26)
      at asyncGeneratorStep (node_modules/@babel/runtime/helpers/asyncToGenerator.js:3:17)
      at _next (node_modules/@babel/runtime/helpers/asyncToGenerator.js:17:9)
      at node_modules/@babel/runtime/helpers/asyncToGenerator.js:22:7
      at Object.<anonymous> (node_modules/@babel/runtime/helpers/asyncToGenerator.js:14:12)

    console.error
      The current testing environment is not configured to support act(...)

      41 |   let component;
      42 |   act(() => {
    > 43 |     component = create(<TestComponent />);
         |                       ^
      44 |   });
      45 |   return {
      46 |     result,

      at isConcurrentActEnvironment (node_modules/react-test-renderer/cjs/react-test-renderer.development.js:10243:17)
      at warnIfUpdatesNotWrappedWithActDEV (node_modules/react-test-renderer/cjs/react-test-renderer.development.js:11798:7)
      at scheduleUpdateOnFiber (node_modules/react-test-renderer/cjs/react-test-renderer.development.js:10326:9)
      at updateContainerImpl (node_modules/react-test-renderer/cjs/react-test-renderer.development.js:12382:10)
      at updateContainer (node_modules/react-test-renderer/cjs/react-test-renderer.development.js:12326:7)
      at process.env.NODE_ENV.exports.create (node_modules/react-test-renderer/cjs/react-test-renderer.development.js:14630:7)
      at hooks/__tests__/useSettingsNavigation.test.js:43:23
      at process.env.NODE_ENV.exports.act (node_modules/react/cjs/react.development.js:789:22)
      at renderHook (hooks/__tests__/useSettingsNavigation.test.js:42:6)
      at Object.renderHook (hooks/__tests__/useSettingsNavigation.test.js:441:26)
      at asyncGeneratorStep (node_modules/@babel/runtime/helpers/asyncToGenerator.js:3:17)
      at _next (node_modules/@babel/runtime/helpers/asyncToGenerator.js:17:9)
      at node_modules/@babel/runtime/helpers/asyncToGenerator.js:22:7
      at Object.<anonymous> (node_modules/@babel/runtime/helpers/asyncToGenerator.js:14:12)

    console.error
      The current testing environment is not configured to support act(...)

      84 |       }
      85 |
    > 86 |       setHasCheckedInitialFlags(true);
         |       ^
      87 |     };
      88 |     checkFlagsSync();
      89 |   }, [settingsOpacity, settingsTranslateX]);

      at isConcurrentActEnvironment (node_modules/react-test-renderer/cjs/react-test-renderer.development.js:10243:17)
      at warnIfUpdatesNotWrappedWithActDEV (node_modules/react-test-renderer/cjs/react-test-renderer.development.js:11798:7)
      at scheduleUpdateOnFiber (node_modules/react-test-renderer/cjs/react-test-renderer.development.js:10326:9)
      at dispatchSetStateInternal (node_modules/react-test-renderer/cjs/react-test-renderer.development.js:4148:13)
      at dispatchSetState (node_modules/react-test-renderer/cjs/react-test-renderer.development.js:4107:7)
      at setHasCheckedInitialFlags (hooks/useSettingsNavigation.js:86:7)
      at asyncGeneratorStep (node_modules/@babel/runtime/helpers/asyncToGenerator.js:3:17)
      at _next (node_modules/@babel/runtime/helpers/asyncToGenerator.js:17:9)

    console.error
      react-test-renderer is deprecated. See https://react.dev/warnings/react-test-renderer

      41 |   let component;
      42 |   act(() => {
    > 43 |     component = create(<TestComponent />);
         |                       ^
      44 |   });
      45 |   return {
      46 |     result,

      at process.env.NODE_ENV.exports.create (node_modules/react-test-renderer/cjs/react-test-renderer.development.js:14598:17)
      at hooks/__tests__/useSettingsNavigation.test.js:43:23
      at process.env.NODE_ENV.exports.act (node_modules/react/cjs/react.development.js:789:22)
      at renderHook (hooks/__tests__/useSettingsNavigation.test.js:42:6)
      at Object.renderHook (hooks/__tests__/useSettingsNavigation.test.js:460:35)
      at asyncGeneratorStep (node_modules/@babel/runtime/helpers/asyncToGenerator.js:3:17)
      at _next (node_modules/@babel/runtime/helpers/asyncToGenerator.js:17:9)
      at node_modules/@babel/runtime/helpers/asyncToGenerator.js:22:7
      at Object.<anonymous> (node_modules/@babel/runtime/helpers/asyncToGenerator.js:14:12)

    console.error
      The current testing environment is not configured to support act(...)

      41 |   let component;
      42 |   act(() => {
    > 43 |     component = create(<TestComponent />);
         |                       ^
      44 |   });
      45 |   return {
      46 |     result,

      at isConcurrentActEnvironment (node_modules/react-test-renderer/cjs/react-test-renderer.development.js:10243:17)
      at warnIfUpdatesNotWrappedWithActDEV (node_modules/react-test-renderer/cjs/react-test-renderer.development.js:11798:7)
      at scheduleUpdateOnFiber (node_modules/react-test-renderer/cjs/react-test-renderer.development.js:10326:9)
      at updateContainerImpl (node_modules/react-test-renderer/cjs/react-test-renderer.development.js:12382:10)
      at updateContainer (node_modules/react-test-renderer/cjs/react-test-renderer.development.js:12326:7)
      at process.env.NODE_ENV.exports.create (node_modules/react-test-renderer/cjs/react-test-renderer.development.js:14630:7)
      at hooks/__tests__/useSettingsNavigation.test.js:43:23
      at process.env.NODE_ENV.exports.act (node_modules/react/cjs/react.development.js:789:22)
      at renderHook (hooks/__tests__/useSettingsNavigation.test.js:42:6)
      at Object.renderHook (hooks/__tests__/useSettingsNavigation.test.js:460:35)
      at asyncGeneratorStep (node_modules/@babel/runtime/helpers/asyncToGenerator.js:3:17)
      at _next (node_modules/@babel/runtime/helpers/asyncToGenerator.js:17:9)
      at node_modules/@babel/runtime/helpers/asyncToGenerator.js:22:7
      at Object.<anonymous> (node_modules/@babel/runtime/helpers/asyncToGenerator.js:14:12)

    console.error
      The current testing environment is not configured to support act(...)

      84 |       }
      85 |
    > 86 |       setHasCheckedInitialFlags(true);
         |       ^
      87 |     };
      88 |     checkFlagsSync();
      89 |   }, [settingsOpacity, settingsTranslateX]);

      at isConcurrentActEnvironment (node_modules/react-test-renderer/cjs/react-test-renderer.development.js:10243:17)
      at warnIfUpdatesNotWrappedWithActDEV (node_modules/react-test-renderer/cjs/react-test-renderer.development.js:11798:7)
      at scheduleUpdateOnFiber (node_modules/react-test-renderer/cjs/react-test-renderer.development.js:10326:9)
      at dispatchSetStateInternal (node_modules/react-test-renderer/cjs/react-test-renderer.development.js:4148:13)
      at dispatchSetState (node_modules/react-test-renderer/cjs/react-test-renderer.development.js:4107:7)
      at setHasCheckedInitialFlags (hooks/useSettingsNavigation.js:86:7)
      at asyncGeneratorStep (node_modules/@babel/runtime/helpers/asyncToGenerator.js:3:17)
      at _next (node_modules/@babel/runtime/helpers/asyncToGenerator.js:17:9)

    console.error
      react-test-renderer is deprecated. See https://react.dev/warnings/react-test-renderer

      41 |   let component;
      42 |   act(() => {
    > 43 |     component = create(<TestComponent />);
         |                       ^
      44 |   });
      45 |   return {
      46 |     result,

      at process.env.NODE_ENV.exports.create (node_modules/react-test-renderer/cjs/react-test-renderer.development.js:14598:17)
      at hooks/__tests__/useSettingsNavigation.test.js:43:23
      at process.env.NODE_ENV.exports.act (node_modules/react/cjs/react.development.js:789:22)
      at renderHook (hooks/__tests__/useSettingsNavigation.test.js:42:6)
      at Object.renderHook (hooks/__tests__/useSettingsNavigation.test.js:476:35)
      at asyncGeneratorStep (node_modules/@babel/runtime/helpers/asyncToGenerator.js:3:17)
      at _next (node_modules/@babel/runtime/helpers/asyncToGenerator.js:17:9)

    console.error
      The current testing environment is not configured to support act(...)

      41 |   let component;
      42 |   act(() => {
    > 43 |     component = create(<TestComponent />);
         |                       ^
      44 |   });
      45 |   return {
      46 |     result,

      at isConcurrentActEnvironment (node_modules/react-test-renderer/cjs/react-test-renderer.development.js:10243:17)
      at warnIfUpdatesNotWrappedWithActDEV (node_modules/react-test-renderer/cjs/react-test-renderer.development.js:11798:7)
      at scheduleUpdateOnFiber (node_modules/react-test-renderer/cjs/react-test-renderer.development.js:10326:9)
      at updateContainerImpl (node_modules/react-test-renderer/cjs/react-test-renderer.development.js:12382:10)
      at updateContainer (node_modules/react-test-renderer/cjs/react-test-renderer.development.js:12326:7)
      at process.env.NODE_ENV.exports.create (node_modules/react-test-renderer/cjs/react-test-renderer.development.js:14630:7)
      at hooks/__tests__/useSettingsNavigation.test.js:43:23
      at process.env.NODE_ENV.exports.act (node_modules/react/cjs/react.development.js:789:22)
      at renderHook (hooks/__tests__/useSettingsNavigation.test.js:42:6)
      at Object.renderHook (hooks/__tests__/useSettingsNavigation.test.js:476:35)
      at asyncGeneratorStep (node_modules/@babel/runtime/helpers/asyncToGenerator.js:3:17)
      at _next (node_modules/@babel/runtime/helpers/asyncToGenerator.js:17:9)

    console.error
      The current testing environment is not configured to support act(...)

      133 |     if (!viewingSeedPhrase && returnToSettings) {
      134 |       // Seed phrase just closed and we should return to settings
    > 135 |       setShowSettings(true);
          |       ^
      136 |       settingsTranslateX.setValue(0);
      137 |       setReturnToSettings(false);
      138 |     }

      at isConcurrentActEnvironment (node_modules/react-test-renderer/cjs/react-test-renderer.development.js:10243:17)
      at warnIfUpdatesNotWrappedWithActDEV (node_modules/react-test-renderer/cjs/react-test-renderer.development.js:11798:7)
      at scheduleUpdateOnFiber (node_modules/react-test-renderer/cjs/react-test-renderer.development.js:10326:9)
      at dispatchSetStateInternal (node_modules/react-test-renderer/cjs/react-test-renderer.development.js:4148:13)
      at dispatchSetState (node_modules/react-test-renderer/cjs/react-test-renderer.development.js:4107:7)
      at setShowSettings (hooks/useSettingsNavigation.js:135:7)
      at Object.react-stack-bottom-frame (node_modules/react-test-renderer/cjs/react-test-renderer.development.js:14062:20)
      at runWithFiberInDEV (node_modules/react-test-renderer/cjs/react-test-renderer.development.js:1574:13)
      at commitHookEffectListMount (node_modules/react-test-renderer/cjs/react-test-renderer.development.js:8376:29)
      at commitHookPassiveMountEffects (node_modules/react-test-renderer/cjs/react-test-renderer.development.js:8465:11)
      at commitPassiveMountOnFiber (node_modules/react-test-renderer/cjs/react-test-renderer.development.js:9782:13)
      at recursivelyTraversePassiveMountEffects (node_modules/react-test-renderer/cjs/react-test-renderer.development.js:9756:11)
      at commitPassiveMountOnFiber (node_modules/react-test-renderer/cjs/react-test-renderer.development.js:9794:11)
      at flushPendingEffects (node_modules/react-test-renderer/cjs/react-test-renderer.development.js:11528:11)
      at performWorkOnRootViaSchedulerTask (node_modules/react-test-renderer/cjs/react-test-renderer.development.js:2082:11)
      at flushActQueue (node_modules/react/cjs/react.development.js:566:34)
      at process.env.NODE_ENV.exports.act (node_modules/react/cjs/react.development.js:859:10)
      at renderHook (hooks/__tests__/useSettingsNavigation.test.js:42:6)
      at Object.renderHook (hooks/__tests__/useSettingsNavigation.test.js:476:35)
      at asyncGeneratorStep (node_modules/@babel/runtime/helpers/asyncToGenerator.js:3:17)
      at _next (node_modules/@babel/runtime/helpers/asyncToGenerator.js:17:9)

    console.error
      The current testing environment is not configured to support act(...)

      84 |       }
      85 |
    > 86 |       setHasCheckedInitialFlags(true);
         |       ^
      87 |     };
      88 |     checkFlagsSync();
      89 |   }, [settingsOpacity, settingsTranslateX]);

      at isConcurrentActEnvironment (node_modules/react-test-renderer/cjs/react-test-renderer.development.js:10243:17)
      at warnIfUpdatesNotWrappedWithActDEV (node_modules/react-test-renderer/cjs/react-test-renderer.development.js:11798:7)
      at scheduleUpdateOnFiber (node_modules/react-test-renderer/cjs/react-test-renderer.development.js:10326:9)
      at dispatchSetStateInternal (node_modules/react-test-renderer/cjs/react-test-renderer.development.js:4148:13)
      at dispatchSetState (node_modules/react-test-renderer/cjs/react-test-renderer.development.js:4107:7)
      at setHasCheckedInitialFlags (hooks/useSettingsNavigation.js:86:7)
      at asyncGeneratorStep (node_modules/@babel/runtime/helpers/asyncToGenerator.js:3:17)
      at _next (node_modules/@babel/runtime/helpers/asyncToGenerator.js:17:9)

    console.error
      react-test-renderer is deprecated. See https://react.dev/warnings/react-test-renderer

      41 |   let component;
      42 |   act(() => {
    > 43 |     component = create(<TestComponent />);
         |                       ^
      44 |   });
      45 |   return {
      46 |     result,

      at process.env.NODE_ENV.exports.create (node_modules/react-test-renderer/cjs/react-test-renderer.development.js:14598:17)
      at hooks/__tests__/useSettingsNavigation.test.js:43:23
      at process.env.NODE_ENV.exports.act (node_modules/react/cjs/react.development.js:789:22)
      at renderHook (hooks/__tests__/useSettingsNavigation.test.js:42:6)
      at Object.renderHook (hooks/__tests__/useSettingsNavigation.test.js:493:26)
      at asyncGeneratorStep (node_modules/@babel/runtime/helpers/asyncToGenerator.js:3:17)
      at _next (node_modules/@babel/runtime/helpers/asyncToGenerator.js:17:9)
      at node_modules/@babel/runtime/helpers/asyncToGenerator.js:22:7
      at Object.<anonymous> (node_modules/@babel/runtime/helpers/asyncToGenerator.js:14:12)

    console.error
      The current testing environment is not configured to support act(...)

      41 |   let component;
      42 |   act(() => {
    > 43 |     component = create(<TestComponent />);
         |                       ^
      44 |   });
      45 |   return {
      46 |     result,

      at isConcurrentActEnvironment (node_modules/react-test-renderer/cjs/react-test-renderer.development.js:10243:17)
      at warnIfUpdatesNotWrappedWithActDEV (node_modules/react-test-renderer/cjs/react-test-renderer.development.js:11798:7)
      at scheduleUpdateOnFiber (node_modules/react-test-renderer/cjs/react-test-renderer.development.js:10326:9)
      at updateContainerImpl (node_modules/react-test-renderer/cjs/react-test-renderer.development.js:12382:10)
      at updateContainer (node_modules/react-test-renderer/cjs/react-test-renderer.development.js:12326:7)
      at process.env.NODE_ENV.exports.create (node_modules/react-test-renderer/cjs/react-test-renderer.development.js:14630:7)
      at hooks/__tests__/useSettingsNavigation.test.js:43:23
      at process.env.NODE_ENV.exports.act (node_modules/react/cjs/react.development.js:789:22)
      at renderHook (hooks/__tests__/useSettingsNavigation.test.js:42:6)
      at Object.renderHook (hooks/__tests__/useSettingsNavigation.test.js:493:26)
      at asyncGeneratorStep (node_modules/@babel/runtime/helpers/asyncToGenerator.js:3:17)
      at _next (node_modules/@babel/runtime/helpers/asyncToGenerator.js:17:9)
      at node_modules/@babel/runtime/helpers/asyncToGenerator.js:22:7
      at Object.<anonymous> (node_modules/@babel/runtime/helpers/asyncToGenerator.js:14:12)

    console.error
      The current testing environment is not configured to support act(...)

      84 |       }
      85 |
    > 86 |       setHasCheckedInitialFlags(true);
         |       ^
      87 |     };
      88 |     checkFlagsSync();
      89 |   }, [settingsOpacity, settingsTranslateX]);

      at isConcurrentActEnvironment (node_modules/react-test-renderer/cjs/react-test-renderer.development.js:10243:17)
      at warnIfUpdatesNotWrappedWithActDEV (node_modules/react-test-renderer/cjs/react-test-renderer.development.js:11798:7)
      at scheduleUpdateOnFiber (node_modules/react-test-renderer/cjs/react-test-renderer.development.js:10326:9)
      at dispatchSetStateInternal (node_modules/react-test-renderer/cjs/react-test-renderer.development.js:4148:13)
      at dispatchSetState (node_modules/react-test-renderer/cjs/react-test-renderer.development.js:4107:7)
      at setHasCheckedInitialFlags (hooks/useSettingsNavigation.js:86:7)
      at asyncGeneratorStep (node_modules/@babel/runtime/helpers/asyncToGenerator.js:3:17)
      at _next (node_modules/@babel/runtime/helpers/asyncToGenerator.js:17:9)

    console.error
      react-test-renderer is deprecated. See https://react.dev/warnings/react-test-renderer

      41 |   let component;
      42 |   act(() => {
    > 43 |     component = create(<TestComponent />);
         |                       ^
      44 |   });
      45 |   return {
      46 |     result,

      at process.env.NODE_ENV.exports.create (node_modules/react-test-renderer/cjs/react-test-renderer.development.js:14598:17)
      at hooks/__tests__/useSettingsNavigation.test.js:43:23
      at process.env.NODE_ENV.exports.act (node_modules/react/cjs/react.development.js:789:22)
      at renderHook (hooks/__tests__/useSettingsNavigation.test.js:42:6)
      at Object.renderHook (hooks/__tests__/useSettingsNavigation.test.js:510:26)
      at asyncGeneratorStep (node_modules/@babel/runtime/helpers/asyncToGenerator.js:3:17)
      at _next (node_modules/@babel/runtime/helpers/asyncToGenerator.js:17:9)
      at node_modules/@babel/runtime/helpers/asyncToGenerator.js:22:7
      at Object.<anonymous> (node_modules/@babel/runtime/helpers/asyncToGenerator.js:14:12)

    console.error
      The current testing environment is not configured to support act(...)

      41 |   let component;
      42 |   act(() => {
    > 43 |     component = create(<TestComponent />);
         |                       ^
      44 |   });
      45 |   return {
      46 |     result,

      at isConcurrentActEnvironment (node_modules/react-test-renderer/cjs/react-test-renderer.development.js:10243:17)
      at warnIfUpdatesNotWrappedWithActDEV (node_modules/react-test-renderer/cjs/react-test-renderer.development.js:11798:7)
      at scheduleUpdateOnFiber (node_modules/react-test-renderer/cjs/react-test-renderer.development.js:10326:9)
      at updateContainerImpl (node_modules/react-test-renderer/cjs/react-test-renderer.development.js:12382:10)
      at updateContainer (node_modules/react-test-renderer/cjs/react-test-renderer.development.js:12326:7)
      at process.env.NODE_ENV.exports.create (node_modules/react-test-renderer/cjs/react-test-renderer.development.js:14630:7)
      at hooks/__tests__/useSettingsNavigation.test.js:43:23
      at process.env.NODE_ENV.exports.act (node_modules/react/cjs/react.development.js:789:22)
      at renderHook (hooks/__tests__/useSettingsNavigation.test.js:42:6)
      at Object.renderHook (hooks/__tests__/useSettingsNavigation.test.js:510:26)
      at asyncGeneratorStep (node_modules/@babel/runtime/helpers/asyncToGenerator.js:3:17)
      at _next (node_modules/@babel/runtime/helpers/asyncToGenerator.js:17:9)
      at node_modules/@babel/runtime/helpers/asyncToGenerator.js:22:7
      at Object.<anonymous> (node_modules/@babel/runtime/helpers/asyncToGenerator.js:14:12)

    console.error
      The current testing environment is not configured to support act(...)

      84 |       }
      85 |
    > 86 |       setHasCheckedInitialFlags(true);
         |       ^
      87 |     };
      88 |     checkFlagsSync();
      89 |   }, [settingsOpacity, settingsTranslateX]);

      at isConcurrentActEnvironment (node_modules/react-test-renderer/cjs/react-test-renderer.development.js:10243:17)
      at warnIfUpdatesNotWrappedWithActDEV (node_modules/react-test-renderer/cjs/react-test-renderer.development.js:11798:7)
      at scheduleUpdateOnFiber (node_modules/react-test-renderer/cjs/react-test-renderer.development.js:10326:9)
      at dispatchSetStateInternal (node_modules/react-test-renderer/cjs/react-test-renderer.development.js:4148:13)
      at dispatchSetState (node_modules/react-test-renderer/cjs/react-test-renderer.development.js:4107:7)
      at setHasCheckedInitialFlags (hooks/useSettingsNavigation.js:86:7)
      at asyncGeneratorStep (node_modules/@babel/runtime/helpers/asyncToGenerator.js:3:17)
      at _next (node_modules/@babel/runtime/helpers/asyncToGenerator.js:17:9)

    console.error
      react-test-renderer is deprecated. See https://react.dev/warnings/react-test-renderer

      41 |   let component;
      42 |   act(() => {
    > 43 |     component = create(<TestComponent />);
         |                       ^
      44 |   });
      45 |   return {
      46 |     result,

      at process.env.NODE_ENV.exports.create (node_modules/react-test-renderer/cjs/react-test-renderer.development.js:14598:17)
      at hooks/__tests__/useSettingsNavigation.test.js:43:23
      at process.env.NODE_ENV.exports.act (node_modules/react/cjs/react.development.js:789:22)
      at renderHook (hooks/__tests__/useSettingsNavigation.test.js:42:6)
      at Object.renderHook (hooks/__tests__/useSettingsNavigation.test.js:525:26)
      at asyncGeneratorStep (node_modules/@babel/runtime/helpers/asyncToGenerator.js:3:17)
      at _next (node_modules/@babel/runtime/helpers/asyncToGenerator.js:17:9)
      at node_modules/@babel/runtime/helpers/asyncToGenerator.js:22:7
      at Object.<anonymous> (node_modules/@babel/runtime/helpers/asyncToGenerator.js:14:12)

    console.error
      The current testing environment is not configured to support act(...)

      41 |   let component;
      42 |   act(() => {
    > 43 |     component = create(<TestComponent />);
         |                       ^
      44 |   });
      45 |   return {
      46 |     result,

      at isConcurrentActEnvironment (node_modules/react-test-renderer/cjs/react-test-renderer.development.js:10243:17)
      at warnIfUpdatesNotWrappedWithActDEV (node_modules/react-test-renderer/cjs/react-test-renderer.development.js:11798:7)
      at scheduleUpdateOnFiber (node_modules/react-test-renderer/cjs/react-test-renderer.development.js:10326:9)
      at updateContainerImpl (node_modules/react-test-renderer/cjs/react-test-renderer.development.js:12382:10)
      at updateContainer (node_modules/react-test-renderer/cjs/react-test-renderer.development.js:12326:7)
      at process.env.NODE_ENV.exports.create (node_modules/react-test-renderer/cjs/react-test-renderer.development.js:14630:7)
      at hooks/__tests__/useSettingsNavigation.test.js:43:23
      at process.env.NODE_ENV.exports.act (node_modules/react/cjs/react.development.js:789:22)
      at renderHook (hooks/__tests__/useSettingsNavigation.test.js:42:6)
      at Object.renderHook (hooks/__tests__/useSettingsNavigation.test.js:525:26)
      at asyncGeneratorStep (node_modules/@babel/runtime/helpers/asyncToGenerator.js:3:17)
      at _next (node_modules/@babel/runtime/helpers/asyncToGenerator.js:17:9)
      at node_modules/@babel/runtime/helpers/asyncToGenerator.js:22:7
      at Object.<anonymous> (node_modules/@babel/runtime/helpers/asyncToGenerator.js:14:12)

    console.error
      The current testing environment is not configured to support act(...)

      84 |       }
      85 |
    > 86 |       setHasCheckedInitialFlags(true);
         |       ^
      87 |     };
      88 |     checkFlagsSync();
      89 |   }, [settingsOpacity, settingsTranslateX]);

      at isConcurrentActEnvironment (node_modules/react-test-renderer/cjs/react-test-renderer.development.js:10243:17)
      at warnIfUpdatesNotWrappedWithActDEV (node_modules/react-test-renderer/cjs/react-test-renderer.development.js:11798:7)
      at scheduleUpdateOnFiber (node_modules/react-test-renderer/cjs/react-test-renderer.development.js:10326:9)
      at dispatchSetStateInternal (node_modules/react-test-renderer/cjs/react-test-renderer.development.js:4148:13)
      at dispatchSetState (node_modules/react-test-renderer/cjs/react-test-renderer.development.js:4107:7)
      at setHasCheckedInitialFlags (hooks/useSettingsNavigation.js:86:7)
      at asyncGeneratorStep (node_modules/@babel/runtime/helpers/asyncToGenerator.js:3:17)
      at _next (node_modules/@babel/runtime/helpers/asyncToGenerator.js:17:9)

    console.error
      react-test-renderer is deprecated. See https://react.dev/warnings/react-test-renderer

      41 |   let component;
      42 |   act(() => {
    > 43 |     component = create(<TestComponent />);
         |                       ^
      44 |   });
      45 |   return {
      46 |     result,

      at process.env.NODE_ENV.exports.create (node_modules/react-test-renderer/cjs/react-test-renderer.development.js:14598:17)
      at hooks/__tests__/useSettingsNavigation.test.js:43:23
      at process.env.NODE_ENV.exports.act (node_modules/react/cjs/react.development.js:789:22)
      at renderHook (hooks/__tests__/useSettingsNavigation.test.js:42:6)
      at Object.renderHook (hooks/__tests__/useSettingsNavigation.test.js:540:26)
      at asyncGeneratorStep (node_modules/@babel/runtime/helpers/asyncToGenerator.js:3:17)
      at _next (node_modules/@babel/runtime/helpers/asyncToGenerator.js:17:9)
      at node_modules/@babel/runtime/helpers/asyncToGenerator.js:22:7
      at Object.<anonymous> (node_modules/@babel/runtime/helpers/asyncToGenerator.js:14:12)

    console.error
      The current testing environment is not configured to support act(...)

      41 |   let component;
      42 |   act(() => {
    > 43 |     component = create(<TestComponent />);
         |                       ^
      44 |   });
      45 |   return {
      46 |     result,

      at isConcurrentActEnvironment (node_modules/react-test-renderer/cjs/react-test-renderer.development.js:10243:17)
      at warnIfUpdatesNotWrappedWithActDEV (node_modules/react-test-renderer/cjs/react-test-renderer.development.js:11798:7)
      at scheduleUpdateOnFiber (node_modules/react-test-renderer/cjs/react-test-renderer.development.js:10326:9)
      at updateContainerImpl (node_modules/react-test-renderer/cjs/react-test-renderer.development.js:12382:10)
      at updateContainer (node_modules/react-test-renderer/cjs/react-test-renderer.development.js:12326:7)
      at process.env.NODE_ENV.exports.create (node_modules/react-test-renderer/cjs/react-test-renderer.development.js:14630:7)
      at hooks/__tests__/useSettingsNavigation.test.js:43:23
      at process.env.NODE_ENV.exports.act (node_modules/react/cjs/react.development.js:789:22)
      at renderHook (hooks/__tests__/useSettingsNavigation.test.js:42:6)
      at Object.renderHook (hooks/__tests__/useSettingsNavigation.test.js:540:26)
      at asyncGeneratorStep (node_modules/@babel/runtime/helpers/asyncToGenerator.js:3:17)
      at _next (node_modules/@babel/runtime/helpers/asyncToGenerator.js:17:9)
      at node_modules/@babel/runtime/helpers/asyncToGenerator.js:22:7
      at Object.<anonymous> (node_modules/@babel/runtime/helpers/asyncToGenerator.js:14:12)

    console.error
      The current testing environment is not configured to support act(...)

      84 |       }
      85 |
    > 86 |       setHasCheckedInitialFlags(true);
         |       ^
      87 |     };
      88 |     checkFlagsSync();
      89 |   }, [settingsOpacity, settingsTranslateX]);

      at isConcurrentActEnvironment (node_modules/react-test-renderer/cjs/react-test-renderer.development.js:10243:17)
      at warnIfUpdatesNotWrappedWithActDEV (node_modules/react-test-renderer/cjs/react-test-renderer.development.js:11798:7)
      at scheduleUpdateOnFiber (node_modules/react-test-renderer/cjs/react-test-renderer.development.js:10326:9)
      at dispatchSetStateInternal (node_modules/react-test-renderer/cjs/react-test-renderer.development.js:4148:13)
      at dispatchSetState (node_modules/react-test-renderer/cjs/react-test-renderer.development.js:4107:7)
      at setHasCheckedInitialFlags (hooks/useSettingsNavigation.js:86:7)
      at asyncGeneratorStep (node_modules/@babel/runtime/helpers/asyncToGenerator.js:3:17)
      at _next (node_modules/@babel/runtime/helpers/asyncToGenerator.js:17:9)

    console.error
      react-test-renderer is deprecated. See https://react.dev/warnings/react-test-renderer

      41 |   let component;
      42 |   act(() => {
    > 43 |     component = create(<TestComponent />);
         |                       ^
      44 |   });
      45 |   return {
      46 |     result,

      at process.env.NODE_ENV.exports.create (node_modules/react-test-renderer/cjs/react-test-renderer.development.js:14598:17)
      at hooks/__tests__/useSettingsNavigation.test.js:43:23
      at process.env.NODE_ENV.exports.act (node_modules/react/cjs/react.development.js:789:22)
      at renderHook (hooks/__tests__/useSettingsNavigation.test.js:42:6)
      at Object.renderHook (hooks/__tests__/useSettingsNavigation.test.js:573:26)
      at asyncGeneratorStep (node_modules/@babel/runtime/helpers/asyncToGenerator.js:3:17)
      at _next (node_modules/@babel/runtime/helpers/asyncToGenerator.js:17:9)
      at node_modules/@babel/runtime/helpers/asyncToGenerator.js:22:7
      at Object.<anonymous> (node_modules/@babel/runtime/helpers/asyncToGenerator.js:14:12)

    console.error
      The current testing environment is not configured to support act(...)

      41 |   let component;
      42 |   act(() => {
    > 43 |     component = create(<TestComponent />);
         |                       ^
      44 |   });
      45 |   return {
      46 |     result,

      at isConcurrentActEnvironment (node_modules/react-test-renderer/cjs/react-test-renderer.development.js:10243:17)
      at warnIfUpdatesNotWrappedWithActDEV (node_modules/react-test-renderer/cjs/react-test-renderer.development.js:11798:7)
      at scheduleUpdateOnFiber (node_modules/react-test-renderer/cjs/react-test-renderer.development.js:10326:9)
      at updateContainerImpl (node_modules/react-test-renderer/cjs/react-test-renderer.development.js:12382:10)
      at updateContainer (node_modules/react-test-renderer/cjs/react-test-renderer.development.js:12326:7)
      at process.env.NODE_ENV.exports.create (node_modules/react-test-renderer/cjs/react-test-renderer.development.js:14630:7)
      at hooks/__tests__/useSettingsNavigation.test.js:43:23
      at process.env.NODE_ENV.exports.act (node_modules/react/cjs/react.development.js:789:22)
      at renderHook (hooks/__tests__/useSettingsNavigation.test.js:42:6)
      at Object.renderHook (hooks/__tests__/useSettingsNavigation.test.js:573:26)
      at asyncGeneratorStep (node_modules/@babel/runtime/helpers/asyncToGenerator.js:3:17)
      at _next (node_modules/@babel/runtime/helpers/asyncToGenerator.js:17:9)
      at node_modules/@babel/runtime/helpers/asyncToGenerator.js:22:7
      at Object.<anonymous> (node_modules/@babel/runtime/helpers/asyncToGenerator.js:14:12)

    console.error
      The current testing environment is not configured to support act(...)

      84 |       }
      85 |
    > 86 |       setHasCheckedInitialFlags(true);
         |       ^
      87 |     };
      88 |     checkFlagsSync();
      89 |   }, [settingsOpacity, settingsTranslateX]);

      at isConcurrentActEnvironment (node_modules/react-test-renderer/cjs/react-test-renderer.development.js:10243:17)
      at warnIfUpdatesNotWrappedWithActDEV (node_modules/react-test-renderer/cjs/react-test-renderer.development.js:11798:7)
      at scheduleUpdateOnFiber (node_modules/react-test-renderer/cjs/react-test-renderer.development.js:10326:9)
      at dispatchSetStateInternal (node_modules/react-test-renderer/cjs/react-test-renderer.development.js:4148:13)
      at dispatchSetState (node_modules/react-test-renderer/cjs/react-test-renderer.development.js:4107:7)
      at setHasCheckedInitialFlags (hooks/useSettingsNavigation.js:86:7)
      at asyncGeneratorStep (node_modules/@babel/runtime/helpers/asyncToGenerator.js:3:17)
      at _next (node_modules/@babel/runtime/helpers/asyncToGenerator.js:17:9)

    console.error
      react-test-renderer is deprecated. See https://react.dev/warnings/react-test-renderer

      41 |   let component;
      42 |   act(() => {
    > 43 |     component = create(<TestComponent />);
         |                       ^
      44 |   });
      45 |   return {
      46 |     result,

      at process.env.NODE_ENV.exports.create (node_modules/react-test-renderer/cjs/react-test-renderer.development.js:14598:17)
      at hooks/__tests__/useSettingsNavigation.test.js:43:23
      at process.env.NODE_ENV.exports.act (node_modules/react/cjs/react.development.js:789:22)
      at renderHook (hooks/__tests__/useSettingsNavigation.test.js:42:6)
      at Object.renderHook (hooks/__tests__/useSettingsNavigation.test.js:596:26)
      at asyncGeneratorStep (node_modules/@babel/runtime/helpers/asyncToGenerator.js:3:17)
      at _next (node_modules/@babel/runtime/helpers/asyncToGenerator.js:17:9)
      at node_modules/@babel/runtime/helpers/asyncToGenerator.js:22:7
      at Object.<anonymous> (node_modules/@babel/runtime/helpers/asyncToGenerator.js:14:12)

    console.error
      The current testing environment is not configured to support act(...)

      41 |   let component;
      42 |   act(() => {
    > 43 |     component = create(<TestComponent />);
         |                       ^
      44 |   });
      45 |   return {
      46 |     result,

      at isConcurrentActEnvironment (node_modules/react-test-renderer/cjs/react-test-renderer.development.js:10243:17)
      at warnIfUpdatesNotWrappedWithActDEV (node_modules/react-test-renderer/cjs/react-test-renderer.development.js:11798:7)
      at scheduleUpdateOnFiber (node_modules/react-test-renderer/cjs/react-test-renderer.development.js:10326:9)
      at updateContainerImpl (node_modules/react-test-renderer/cjs/react-test-renderer.development.js:12382:10)
      at updateContainer (node_modules/react-test-renderer/cjs/react-test-renderer.development.js:12326:7)
      at process.env.NODE_ENV.exports.create (node_modules/react-test-renderer/cjs/react-test-renderer.development.js:14630:7)
      at hooks/__tests__/useSettingsNavigation.test.js:43:23
      at process.env.NODE_ENV.exports.act (node_modules/react/cjs/react.development.js:789:22)
      at renderHook (hooks/__tests__/useSettingsNavigation.test.js:42:6)
      at Object.renderHook (hooks/__tests__/useSettingsNavigation.test.js:596:26)
      at asyncGeneratorStep (node_modules/@babel/runtime/helpers/asyncToGenerator.js:3:17)
      at _next (node_modules/@babel/runtime/helpers/asyncToGenerator.js:17:9)
      at node_modules/@babel/runtime/helpers/asyncToGenerator.js:22:7
      at Object.<anonymous> (node_modules/@babel/runtime/helpers/asyncToGenerator.js:14:12)

    console.error
      The current testing environment is not configured to support act(...)

      84 |       }
      85 |
    > 86 |       setHasCheckedInitialFlags(true);
         |       ^
      87 |     };
      88 |     checkFlagsSync();
      89 |   }, [settingsOpacity, settingsTranslateX]);

      at isConcurrentActEnvironment (node_modules/react-test-renderer/cjs/react-test-renderer.development.js:10243:17)
      at warnIfUpdatesNotWrappedWithActDEV (node_modules/react-test-renderer/cjs/react-test-renderer.development.js:11798:7)
      at scheduleUpdateOnFiber (node_modules/react-test-renderer/cjs/react-test-renderer.development.js:10326:9)
      at dispatchSetStateInternal (node_modules/react-test-renderer/cjs/react-test-renderer.development.js:4148:13)
      at dispatchSetState (node_modules/react-test-renderer/cjs/react-test-renderer.development.js:4107:7)
      at setHasCheckedInitialFlags (hooks/useSettingsNavigation.js:86:7)
      at asyncGeneratorStep (node_modules/@babel/runtime/helpers/asyncToGenerator.js:3:17)
      at _next (node_modules/@babel/runtime/helpers/asyncToGenerator.js:17:9)

    console.error
      The current testing environment is not configured to support act(...)

      153 |   const openSettings = () => {
      154 |     settingsTranslateX.setValue(0);
    > 155 |     setShowSettings(true);
          |     ^
      156 |   };
      157 |
      158 |   const closeSettings = () => {

      at isConcurrentActEnvironment (node_modules/react-test-renderer/cjs/react-test-renderer.development.js:10243:17)
      at warnIfUpdatesNotWrappedWithActDEV (node_modules/react-test-renderer/cjs/react-test-renderer.development.js:11798:7)
      at scheduleUpdateOnFiber (node_modules/react-test-renderer/cjs/react-test-renderer.development.js:10326:9)
      at dispatchSetStateInternal (node_modules/react-test-renderer/cjs/react-test-renderer.development.js:4148:13)
      at dispatchSetState (node_modules/react-test-renderer/cjs/react-test-renderer.development.js:4107:7)
      at Object.setShowSettings [as openSettings] (hooks/useSettingsNavigation.js:155:5)
      at openSettings (hooks/__tests__/useSettingsNavigation.test.js:603:24)
      at process.env.NODE_ENV.exports.act (node_modules/react/cjs/react.development.js:789:22)
      at Object.<anonymous> (hooks/__tests__/useSettingsNavigation.test.js:602:10)
      at asyncGeneratorStep (node_modules/@babel/runtime/helpers/asyncToGenerator.js:3:17)
      at _next (node_modules/@babel/runtime/helpers/asyncToGenerator.js:17:9)

    console.error
      react-test-renderer is deprecated. See https://react.dev/warnings/react-test-renderer

      41 |   let component;
      42 |   act(() => {
    > 43 |     component = create(<TestComponent />);
         |                       ^
      44 |   });
      45 |   return {
      46 |     result,

      at process.env.NODE_ENV.exports.create (node_modules/react-test-renderer/cjs/react-test-renderer.development.js:14598:17)
      at hooks/__tests__/useSettingsNavigation.test.js:43:23
      at process.env.NODE_ENV.exports.act (node_modules/react/cjs/react.development.js:789:22)
      at renderHook (hooks/__tests__/useSettingsNavigation.test.js:42:6)
      at Object.renderHook (hooks/__tests__/useSettingsNavigation.test.js:616:26)
      at asyncGeneratorStep (node_modules/@babel/runtime/helpers/asyncToGenerator.js:3:17)
      at _next (node_modules/@babel/runtime/helpers/asyncToGenerator.js:17:9)
      at node_modules/@babel/runtime/helpers/asyncToGenerator.js:22:7
      at Object.<anonymous> (node_modules/@babel/runtime/helpers/asyncToGenerator.js:14:12)

    console.error
      The current testing environment is not configured to support act(...)

      41 |   let component;
      42 |   act(() => {
    > 43 |     component = create(<TestComponent />);
         |                       ^
      44 |   });
      45 |   return {
      46 |     result,

      at isConcurrentActEnvironment (node_modules/react-test-renderer/cjs/react-test-renderer.development.js:10243:17)
      at warnIfUpdatesNotWrappedWithActDEV (node_modules/react-test-renderer/cjs/react-test-renderer.development.js:11798:7)
      at scheduleUpdateOnFiber (node_modules/react-test-renderer/cjs/react-test-renderer.development.js:10326:9)
      at updateContainerImpl (node_modules/react-test-renderer/cjs/react-test-renderer.development.js:12382:10)
      at updateContainer (node_modules/react-test-renderer/cjs/react-test-renderer.development.js:12326:7)
      at process.env.NODE_ENV.exports.create (node_modules/react-test-renderer/cjs/react-test-renderer.development.js:14630:7)
      at hooks/__tests__/useSettingsNavigation.test.js:43:23
      at process.env.NODE_ENV.exports.act (node_modules/react/cjs/react.development.js:789:22)
      at renderHook (hooks/__tests__/useSettingsNavigation.test.js:42:6)
      at Object.renderHook (hooks/__tests__/useSettingsNavigation.test.js:616:26)
      at asyncGeneratorStep (node_modules/@babel/runtime/helpers/asyncToGenerator.js:3:17)
      at _next (node_modules/@babel/runtime/helpers/asyncToGenerator.js:17:9)
      at node_modules/@babel/runtime/helpers/asyncToGenerator.js:22:7
      at Object.<anonymous> (node_modules/@babel/runtime/helpers/asyncToGenerator.js:14:12)

    console.error
      The current testing environment is not configured to support act(...)

      115 |           // Open settings
      116 |           settingsTranslateX.setValue(0);
    > 117 |           setShowSettings(true);
          |           ^
      118 |           // Clear the flags
      119 |           await SecureStore.deleteItemAsync('returnToSettingsAfterSeedPhrase');
      120 |           await SecureStore.deleteItemAsync('returnToSettingsAfterPinChange');

      at isConcurrentActEnvironment (node_modules/react-test-renderer/cjs/react-test-renderer.development.js:10243:17)
      at warnIfUpdatesNotWrappedWithActDEV (node_modules/react-test-renderer/cjs/react-test-renderer.development.js:11798:7)
      at scheduleUpdateOnFiber (node_modules/react-test-renderer/cjs/react-test-renderer.development.js:10326:9)
      at dispatchSetStateInternal (node_modules/react-test-renderer/cjs/react-test-renderer.development.js:4148:13)
      at dispatchSetState (node_modules/react-test-renderer/cjs/react-test-renderer.development.js:4107:7)
      at setShowSettings (hooks/useSettingsNavigation.js:117:11)
      at asyncGeneratorStep (node_modules/@babel/runtime/helpers/asyncToGenerator.js:3:17)
      at _next (node_modules/@babel/runtime/helpers/asyncToGenerator.js:17:9)

    console.error
      The current testing environment is not configured to support act(...)

      81 |         settingsOpacity.setValue(1);
      82 |         settingsTranslateX.setValue(0);
    > 83 |         setShowSettings(true);
         |         ^
      84 |       }
      85 |
      86 |       setHasCheckedInitialFlags(true);

      at isConcurrentActEnvironment (node_modules/react-test-renderer/cjs/react-test-renderer.development.js:10243:17)
      at warnIfUpdatesNotWrappedWithActDEV (node_modules/react-test-renderer/cjs/react-test-renderer.development.js:11798:7)
      at scheduleUpdateOnFiber (node_modules/react-test-renderer/cjs/react-test-renderer.development.js:10326:9)
      at dispatchSetStateInternal (node_modules/react-test-renderer/cjs/react-test-renderer.development.js:4148:13)
      at dispatchSetState (node_modules/react-test-renderer/cjs/react-test-renderer.development.js:4107:7)
      at setShowSettings (hooks/useSettingsNavigation.js:83:9)
      at asyncGeneratorStep (node_modules/@babel/runtime/helpers/asyncToGenerator.js:3:17)
      at _next (node_modules/@babel/runtime/helpers/asyncToGenerator.js:17:9)

    console.error
      The current testing environment is not configured to support act(...)

      84 |       }
      85 |
    > 86 |       setHasCheckedInitialFlags(true);
         |       ^
      87 |     };
      88 |     checkFlagsSync();
      89 |   }, [settingsOpacity, settingsTranslateX]);

      at isConcurrentActEnvironment (node_modules/react-test-renderer/cjs/react-test-renderer.development.js:10243:17)
      at warnIfUpdatesNotWrappedWithActDEV (node_modules/react-test-renderer/cjs/react-test-renderer.development.js:11798:7)
      at scheduleUpdateOnFiber (node_modules/react-test-renderer/cjs/react-test-renderer.development.js:10326:9)
      at dispatchSetStateInternal (node_modules/react-test-renderer/cjs/react-test-renderer.development.js:4148:13)
      at dispatchSetState (node_modules/react-test-renderer/cjs/react-test-renderer.development.js:4107:7)
      at setHasCheckedInitialFlags (hooks/useSettingsNavigation.js:86:7)
      at asyncGeneratorStep (node_modules/@babel/runtime/helpers/asyncToGenerator.js:3:17)
      at _next (node_modules/@babel/runtime/helpers/asyncToGenerator.js:17:9)

    console.error
      The current testing environment is not configured to support act(...)

      115 |           // Open settings
      116 |           settingsTranslateX.setValue(0);
    > 117 |           setShowSettings(true);
          |           ^
      118 |           // Clear the flags
      119 |           await SecureStore.deleteItemAsync('returnToSettingsAfterSeedPhrase');
      120 |           await SecureStore.deleteItemAsync('returnToSettingsAfterPinChange');

      at isConcurrentActEnvironment (node_modules/react-test-renderer/cjs/react-test-renderer.development.js:10243:17)
      at warnIfUpdatesNotWrappedWithActDEV (node_modules/react-test-renderer/cjs/react-test-renderer.development.js:11798:7)
      at scheduleUpdateOnFiber (node_modules/react-test-renderer/cjs/react-test-renderer.development.js:10326:9)
      at dispatchSetStateInternal (node_modules/react-test-renderer/cjs/react-test-renderer.development.js:4148:13)
      at dispatchSetState (node_modules/react-test-renderer/cjs/react-test-renderer.development.js:4107:7)
      at setShowSettings (hooks/useSettingsNavigation.js:117:11)
      at asyncGeneratorStep (node_modules/@babel/runtime/helpers/asyncToGenerator.js:3:17)
      at _next (node_modules/@babel/runtime/helpers/asyncToGenerator.js:17:9)

    console.error
      The current testing environment is not configured to support act(...)

      158 |   const closeSettings = () => {
      159 |     settingsTranslateX.setValue(0);
    > 160 |     setShowSettings(false);
          |     ^
      161 |   };
      162 |
      163 |   return {

      at isConcurrentActEnvironment (node_modules/react-test-renderer/cjs/react-test-renderer.development.js:10243:17)
      at warnIfUpdatesNotWrappedWithActDEV (node_modules/react-test-renderer/cjs/react-test-renderer.development.js:11798:7)
      at scheduleUpdateOnFiber (node_modules/react-test-renderer/cjs/react-test-renderer.development.js:10326:9)
      at dispatchSetStateInternal (node_modules/react-test-renderer/cjs/react-test-renderer.development.js:4148:13)
      at dispatchSetState (node_modules/react-test-renderer/cjs/react-test-renderer.development.js:4107:7)
      at Object.setShowSettings [as closeSettings] (hooks/useSettingsNavigation.js:160:5)
      at closeSettings (hooks/__tests__/useSettingsNavigation.test.js:623:24)
      at process.env.NODE_ENV.exports.act (node_modules/react/cjs/react.development.js:789:22)
      at Object.<anonymous> (hooks/__tests__/useSettingsNavigation.test.js:622:10)
      at asyncGeneratorStep (node_modules/@babel/runtime/helpers/asyncToGenerator.js:3:17)
      at _next (node_modules/@babel/runtime/helpers/asyncToGenerator.js:17:9)

PASS contexts/__tests__/AirdropContext.test.js
  ● Console

    console.error
      react-test-renderer is deprecated. See https://react.dev/warnings/react-test-renderer

      24 |   act(() => {
      25 |     component = Wrapper
    > 26 |       ? create(<Wrapper><TestComponent /></Wrapper>)
         |               ^
      27 |       : create(<TestComponent />);
      28 |   });
      29 |

      at process.env.NODE_ENV.exports.create (node_modules/react-test-renderer/cjs/react-test-renderer.development.js:14598:17)
      at contexts/__tests__/AirdropContext.test.js:26:15
      at process.env.NODE_ENV.exports.act (node_modules/react/cjs/react.development.js:789:22)
      at renderHook (contexts/__tests__/AirdropContext.test.js:24:6)
      at Object.renderHook (contexts/__tests__/AirdropContext.test.js:80:24)

    console.error
      The current testing environment is not configured to support act(...)

      24 |   act(() => {
      25 |     component = Wrapper
    > 26 |       ? create(<Wrapper><TestComponent /></Wrapper>)
         |               ^
      27 |       : create(<TestComponent />);
      28 |   });
      29 |

      at isConcurrentActEnvironment (node_modules/react-test-renderer/cjs/react-test-renderer.development.js:10243:17)
      at warnIfUpdatesNotWrappedWithActDEV (node_modules/react-test-renderer/cjs/react-test-renderer.development.js:11798:7)
      at scheduleUpdateOnFiber (node_modules/react-test-renderer/cjs/react-test-renderer.development.js:10326:9)
      at updateContainerImpl (node_modules/react-test-renderer/cjs/react-test-renderer.development.js:12382:10)
      at updateContainer (node_modules/react-test-renderer/cjs/react-test-renderer.development.js:12326:7)
      at process.env.NODE_ENV.exports.create (node_modules/react-test-renderer/cjs/react-test-renderer.development.js:14630:7)
      at contexts/__tests__/AirdropContext.test.js:26:15
      at process.env.NODE_ENV.exports.act (node_modules/react/cjs/react.development.js:789:22)
      at renderHook (contexts/__tests__/AirdropContext.test.js:24:6)
      at Object.renderHook (contexts/__tests__/AirdropContext.test.js:80:24)

    console.log
      [DEBUG] Could not preload confetti audio { error: 'Invalid or unexpected token' }

      at Object.log [as debug] (utils/logger.js:24:15)

    console.error
      react-test-renderer is deprecated. See https://react.dev/warnings/react-test-renderer

      24 |   act(() => {
      25 |     component = Wrapper
    > 26 |       ? create(<Wrapper><TestComponent /></Wrapper>)
         |               ^
      27 |       : create(<TestComponent />);
      28 |   });
      29 |

      at process.env.NODE_ENV.exports.create (node_modules/react-test-renderer/cjs/react-test-renderer.development.js:14598:17)
      at contexts/__tests__/AirdropContext.test.js:26:15
      at process.env.NODE_ENV.exports.act (node_modules/react/cjs/react.development.js:789:22)
      at renderHook (contexts/__tests__/AirdropContext.test.js:24:6)
      at renderHook (contexts/__tests__/AirdropContext.test.js:106:7)
      at asyncGeneratorStep (node_modules/@babel/runtime/helpers/asyncToGenerator.js:3:17)
      at _next (node_modules/@babel/runtime/helpers/asyncToGenerator.js:17:9)
      at node_modules/@babel/runtime/helpers/asyncToGenerator.js:22:7
      at node_modules/@babel/runtime/helpers/asyncToGenerator.js:14:12
      at process.env.NODE_ENV.exports.act (node_modules/react/cjs/react.development.js:789:22)
      at Object.<anonymous> (contexts/__tests__/AirdropContext.test.js:105:14)
      at asyncGeneratorStep (node_modules/@babel/runtime/helpers/asyncToGenerator.js:3:17)
      at _next (node_modules/@babel/runtime/helpers/asyncToGenerator.js:17:9)
      at node_modules/@babel/runtime/helpers/asyncToGenerator.js:22:7
      at Object.<anonymous> (node_modules/@babel/runtime/helpers/asyncToGenerator.js:14:12)

    console.error
      The current testing environment is not configured to support act(...)

      24 |   act(() => {
      25 |     component = Wrapper
    > 26 |       ? create(<Wrapper><TestComponent /></Wrapper>)
         |               ^
      27 |       : create(<TestComponent />);
      28 |   });
      29 |

      at isConcurrentActEnvironment (node_modules/react-test-renderer/cjs/react-test-renderer.development.js:10243:17)
      at warnIfUpdatesNotWrappedWithActDEV (node_modules/react-test-renderer/cjs/react-test-renderer.development.js:11798:7)
      at scheduleUpdateOnFiber (node_modules/react-test-renderer/cjs/react-test-renderer.development.js:10326:9)
      at updateContainerImpl (node_modules/react-test-renderer/cjs/react-test-renderer.development.js:12382:10)
      at updateContainer (node_modules/react-test-renderer/cjs/react-test-renderer.development.js:12326:7)
      at process.env.NODE_ENV.exports.create (node_modules/react-test-renderer/cjs/react-test-renderer.development.js:14630:7)
      at contexts/__tests__/AirdropContext.test.js:26:15
      at process.env.NODE_ENV.exports.act (node_modules/react/cjs/react.development.js:789:22)
      at renderHook (contexts/__tests__/AirdropContext.test.js:24:6)
      at renderHook (contexts/__tests__/AirdropContext.test.js:106:7)
      at asyncGeneratorStep (node_modules/@babel/runtime/helpers/asyncToGenerator.js:3:17)
      at _next (node_modules/@babel/runtime/helpers/asyncToGenerator.js:17:9)
      at node_modules/@babel/runtime/helpers/asyncToGenerator.js:22:7
      at node_modules/@babel/runtime/helpers/asyncToGenerator.js:14:12
      at process.env.NODE_ENV.exports.act (node_modules/react/cjs/react.development.js:789:22)
      at Object.<anonymous> (contexts/__tests__/AirdropContext.test.js:105:14)
      at asyncGeneratorStep (node_modules/@babel/runtime/helpers/asyncToGenerator.js:3:17)
      at _next (node_modules/@babel/runtime/helpers/asyncToGenerator.js:17:9)
      at node_modules/@babel/runtime/helpers/asyncToGenerator.js:22:7
      at Object.<anonymous> (node_modules/@babel/runtime/helpers/asyncToGenerator.js:14:12)

    console.log
      [DEBUG] Could not preload confetti audio { error: 'Invalid or unexpected token' }

      at Object.log [as debug] (utils/logger.js:24:15)

    console.error
      react-test-renderer is deprecated. See https://react.dev/warnings/react-test-renderer

      24 |   act(() => {
      25 |     component = Wrapper
    > 26 |       ? create(<Wrapper><TestComponent /></Wrapper>)
         |               ^
      27 |       : create(<TestComponent />);
      28 |   });
      29 |

      at process.env.NODE_ENV.exports.create (node_modules/react-test-renderer/cjs/react-test-renderer.development.js:14598:17)
      at contexts/__tests__/AirdropContext.test.js:26:15
      at process.env.NODE_ENV.exports.act (node_modules/react/cjs/react.development.js:789:22)
      at renderHook (contexts/__tests__/AirdropContext.test.js:24:6)
      at renderHook (contexts/__tests__/AirdropContext.test.js:132:7)
      at asyncGeneratorStep (node_modules/@babel/runtime/helpers/asyncToGenerator.js:3:17)
      at _next (node_modules/@babel/runtime/helpers/asyncToGenerator.js:17:9)
      at node_modules/@babel/runtime/helpers/asyncToGenerator.js:22:7
      at node_modules/@babel/runtime/helpers/asyncToGenerator.js:14:12
      at process.env.NODE_ENV.exports.act (node_modules/react/cjs/react.development.js:789:22)
      at Object.<anonymous> (contexts/__tests__/AirdropContext.test.js:131:14)
      at asyncGeneratorStep (node_modules/@babel/runtime/helpers/asyncToGenerator.js:3:17)
      at _next (node_modules/@babel/runtime/helpers/asyncToGenerator.js:17:9)
      at node_modules/@babel/runtime/helpers/asyncToGenerator.js:22:7
      at Object.<anonymous> (node_modules/@babel/runtime/helpers/asyncToGenerator.js:14:12)

    console.error
      The current testing environment is not configured to support act(...)

      24 |   act(() => {
      25 |     component = Wrapper
    > 26 |       ? create(<Wrapper><TestComponent /></Wrapper>)
         |               ^
      27 |       : create(<TestComponent />);
      28 |   });
      29 |

      at isConcurrentActEnvironment (node_modules/react-test-renderer/cjs/react-test-renderer.development.js:10243:17)
      at warnIfUpdatesNotWrappedWithActDEV (node_modules/react-test-renderer/cjs/react-test-renderer.development.js:11798:7)
      at scheduleUpdateOnFiber (node_modules/react-test-renderer/cjs/react-test-renderer.development.js:10326:9)
      at updateContainerImpl (node_modules/react-test-renderer/cjs/react-test-renderer.development.js:12382:10)
      at updateContainer (node_modules/react-test-renderer/cjs/react-test-renderer.development.js:12326:7)
      at process.env.NODE_ENV.exports.create (node_modules/react-test-renderer/cjs/react-test-renderer.development.js:14630:7)
      at contexts/__tests__/AirdropContext.test.js:26:15
      at process.env.NODE_ENV.exports.act (node_modules/react/cjs/react.development.js:789:22)
      at renderHook (contexts/__tests__/AirdropContext.test.js:24:6)
      at renderHook (contexts/__tests__/AirdropContext.test.js:132:7)
      at asyncGeneratorStep (node_modules/@babel/runtime/helpers/asyncToGenerator.js:3:17)
      at _next (node_modules/@babel/runtime/helpers/asyncToGenerator.js:17:9)
      at node_modules/@babel/runtime/helpers/asyncToGenerator.js:22:7
      at node_modules/@babel/runtime/helpers/asyncToGenerator.js:14:12
      at process.env.NODE_ENV.exports.act (node_modules/react/cjs/react.development.js:789:22)
      at Object.<anonymous> (contexts/__tests__/AirdropContext.test.js:131:14)
      at asyncGeneratorStep (node_modules/@babel/runtime/helpers/asyncToGenerator.js:3:17)
      at _next (node_modules/@babel/runtime/helpers/asyncToGenerator.js:17:9)
      at node_modules/@babel/runtime/helpers/asyncToGenerator.js:22:7
      at Object.<anonymous> (node_modules/@babel/runtime/helpers/asyncToGenerator.js:14:12)

    console.log
      [DEBUG] Could not preload confetti audio { error: 'Invalid or unexpected token' }

      at Object.log [as debug] (utils/logger.js:24:15)

    console.error
      react-test-renderer is deprecated. See https://react.dev/warnings/react-test-renderer

      24 |   act(() => {
      25 |     component = Wrapper
    > 26 |       ? create(<Wrapper><TestComponent /></Wrapper>)
         |               ^
      27 |       : create(<TestComponent />);
      28 |   });
      29 |

      at process.env.NODE_ENV.exports.create (node_modules/react-test-renderer/cjs/react-test-renderer.development.js:14598:17)
      at contexts/__tests__/AirdropContext.test.js:26:15
      at process.env.NODE_ENV.exports.act (node_modules/react/cjs/react.development.js:789:22)
      at renderHook (contexts/__tests__/AirdropContext.test.js:24:6)
      at renderHook (contexts/__tests__/AirdropContext.test.js:159:20)
      at asyncGeneratorStep (node_modules/@babel/runtime/helpers/asyncToGenerator.js:3:17)
      at _next (node_modules/@babel/runtime/helpers/asyncToGenerator.js:17:9)
      at node_modules/@babel/runtime/helpers/asyncToGenerator.js:22:7
      at node_modules/@babel/runtime/helpers/asyncToGenerator.js:14:12
      at process.env.NODE_ENV.exports.act (node_modules/react/cjs/react.development.js:789:22)
      at Object.<anonymous> (contexts/__tests__/AirdropContext.test.js:158:14)
      at asyncGeneratorStep (node_modules/@babel/runtime/helpers/asyncToGenerator.js:3:17)
      at _next (node_modules/@babel/runtime/helpers/asyncToGenerator.js:17:9)
      at node_modules/@babel/runtime/helpers/asyncToGenerator.js:22:7
      at Object.<anonymous> (node_modules/@babel/runtime/helpers/asyncToGenerator.js:14:12)

    console.error
      The current testing environment is not configured to support act(...)

      24 |   act(() => {
      25 |     component = Wrapper
    > 26 |       ? create(<Wrapper><TestComponent /></Wrapper>)
         |               ^
      27 |       : create(<TestComponent />);
      28 |   });
      29 |

      at isConcurrentActEnvironment (node_modules/react-test-renderer/cjs/react-test-renderer.development.js:10243:17)
      at warnIfUpdatesNotWrappedWithActDEV (node_modules/react-test-renderer/cjs/react-test-renderer.development.js:11798:7)
      at scheduleUpdateOnFiber (node_modules/react-test-renderer/cjs/react-test-renderer.development.js:10326:9)
      at updateContainerImpl (node_modules/react-test-renderer/cjs/react-test-renderer.development.js:12382:10)
      at updateContainer (node_modules/react-test-renderer/cjs/react-test-renderer.development.js:12326:7)
      at process.env.NODE_ENV.exports.create (node_modules/react-test-renderer/cjs/react-test-renderer.development.js:14630:7)
      at contexts/__tests__/AirdropContext.test.js:26:15
      at process.env.NODE_ENV.exports.act (node_modules/react/cjs/react.development.js:789:22)
      at renderHook (contexts/__tests__/AirdropContext.test.js:24:6)
      at renderHook (contexts/__tests__/AirdropContext.test.js:159:20)
      at asyncGeneratorStep (node_modules/@babel/runtime/helpers/asyncToGenerator.js:3:17)
      at _next (node_modules/@babel/runtime/helpers/asyncToGenerator.js:17:9)
      at node_modules/@babel/runtime/helpers/asyncToGenerator.js:22:7
      at node_modules/@babel/runtime/helpers/asyncToGenerator.js:14:12
      at process.env.NODE_ENV.exports.act (node_modules/react/cjs/react.development.js:789:22)
      at Object.<anonymous> (contexts/__tests__/AirdropContext.test.js:158:14)
      at asyncGeneratorStep (node_modules/@babel/runtime/helpers/asyncToGenerator.js:3:17)
      at _next (node_modules/@babel/runtime/helpers/asyncToGenerator.js:17:9)
      at node_modules/@babel/runtime/helpers/asyncToGenerator.js:22:7
      at Object.<anonymous> (node_modules/@babel/runtime/helpers/asyncToGenerator.js:14:12)

    console.log
      [DEBUG] Could not preload confetti audio { error: 'Invalid or unexpected token' }

      at Object.log [as debug] (utils/logger.js:24:15)

    console.error
      The current testing environment is not configured to support act(...)

      215 |       // If there's a pending airdrop and balance is now > 0, show the modal
      216 |       if (pendingTxId && (segwitBalance > 0 || taprootBalance > 0)) {
    > 217 |         setAirdropTxId(pendingTxId);
          |         ^
      218 |         setShowAirdropModal(true);
      219 |         // Don't trigger effects here - wait for user to click "Get Started"
      220 |         // Clear the pending airdrop

      at isConcurrentActEnvironment (node_modules/react-test-renderer/cjs/react-test-renderer.development.js:10243:17)
      at warnIfUpdatesNotWrappedWithActDEV (node_modules/react-test-renderer/cjs/react-test-renderer.development.js:11798:7)
      at scheduleUpdateOnFiber (node_modules/react-test-renderer/cjs/react-test-renderer.development.js:10326:9)
      at dispatchSetStateInternal (node_modules/react-test-renderer/cjs/react-test-renderer.development.js:4148:13)
      at dispatchSetState (node_modules/react-test-renderer/cjs/react-test-renderer.development.js:4107:7)
      at setAirdropTxId (contexts/AirdropContext.js:217:9)
      at asyncGeneratorStep (node_modules/@babel/runtime/helpers/asyncToGenerator.js:3:17)
      at _next (node_modules/@babel/runtime/helpers/asyncToGenerator.js:17:9)

    console.error
      The current testing environment is not configured to support act(...)

      216 |       if (pendingTxId && (segwitBalance > 0 || taprootBalance > 0)) {
      217 |         setAirdropTxId(pendingTxId);
    > 218 |         setShowAirdropModal(true);
          |         ^
      219 |         // Don't trigger effects here - wait for user to click "Get Started"
      220 |         // Clear the pending airdrop
      221 |         await SecureStore.deleteItemAsync(pendingKey);

      at isConcurrentActEnvironment (node_modules/react-test-renderer/cjs/react-test-renderer.development.js:10243:17)
      at warnIfUpdatesNotWrappedWithActDEV (node_modules/react-test-renderer/cjs/react-test-renderer.development.js:11798:7)
      at scheduleUpdateOnFiber (node_modules/react-test-renderer/cjs/react-test-renderer.development.js:10326:9)
      at dispatchSetStateInternal (node_modules/react-test-renderer/cjs/react-test-renderer.development.js:4148:13)
      at dispatchSetState (node_modules/react-test-renderer/cjs/react-test-renderer.development.js:4107:7)
      at setShowAirdropModal (contexts/AirdropContext.js:218:9)
      at asyncGeneratorStep (node_modules/@babel/runtime/helpers/asyncToGenerator.js:3:17)
      at _next (node_modules/@babel/runtime/helpers/asyncToGenerator.js:17:9)

    console.error
      react-test-renderer is deprecated. See https://react.dev/warnings/react-test-renderer

      24 |   act(() => {
      25 |     component = Wrapper
    > 26 |       ? create(<Wrapper><TestComponent /></Wrapper>)
         |               ^
      27 |       : create(<TestComponent />);
      28 |   });
      29 |

      at process.env.NODE_ENV.exports.create (node_modules/react-test-renderer/cjs/react-test-renderer.development.js:14598:17)
      at contexts/__tests__/AirdropContext.test.js:26:15
      at process.env.NODE_ENV.exports.act (node_modules/react/cjs/react.development.js:789:22)
      at renderHook (contexts/__tests__/AirdropContext.test.js:24:6)
      at renderHook (contexts/__tests__/AirdropContext.test.js:182:7)
      at asyncGeneratorStep (node_modules/@babel/runtime/helpers/asyncToGenerator.js:3:17)
      at _next (node_modules/@babel/runtime/helpers/asyncToGenerator.js:17:9)
      at node_modules/@babel/runtime/helpers/asyncToGenerator.js:22:7
      at node_modules/@babel/runtime/helpers/asyncToGenerator.js:14:12
      at process.env.NODE_ENV.exports.act (node_modules/react/cjs/react.development.js:789:22)
      at Object.<anonymous> (contexts/__tests__/AirdropContext.test.js:181:14)
      at asyncGeneratorStep (node_modules/@babel/runtime/helpers/asyncToGenerator.js:3:17)
      at _next (node_modules/@babel/runtime/helpers/asyncToGenerator.js:17:9)
      at node_modules/@babel/runtime/helpers/asyncToGenerator.js:22:7
      at Object.<anonymous> (node_modules/@babel/runtime/helpers/asyncToGenerator.js:14:12)

    console.error
      The current testing environment is not configured to support act(...)

      24 |   act(() => {
      25 |     component = Wrapper
    > 26 |       ? create(<Wrapper><TestComponent /></Wrapper>)
         |               ^
      27 |       : create(<TestComponent />);
      28 |   });
      29 |

      at isConcurrentActEnvironment (node_modules/react-test-renderer/cjs/react-test-renderer.development.js:10243:17)
      at warnIfUpdatesNotWrappedWithActDEV (node_modules/react-test-renderer/cjs/react-test-renderer.development.js:11798:7)
      at scheduleUpdateOnFiber (node_modules/react-test-renderer/cjs/react-test-renderer.development.js:10326:9)
      at updateContainerImpl (node_modules/react-test-renderer/cjs/react-test-renderer.development.js:12382:10)
      at updateContainer (node_modules/react-test-renderer/cjs/react-test-renderer.development.js:12326:7)
      at process.env.NODE_ENV.exports.create (node_modules/react-test-renderer/cjs/react-test-renderer.development.js:14630:7)
      at contexts/__tests__/AirdropContext.test.js:26:15
      at process.env.NODE_ENV.exports.act (node_modules/react/cjs/react.development.js:789:22)
      at renderHook (contexts/__tests__/AirdropContext.test.js:24:6)
      at renderHook (contexts/__tests__/AirdropContext.test.js:182:7)
      at asyncGeneratorStep (node_modules/@babel/runtime/helpers/asyncToGenerator.js:3:17)
      at _next (node_modules/@babel/runtime/helpers/asyncToGenerator.js:17:9)
      at node_modules/@babel/runtime/helpers/asyncToGenerator.js:22:7
      at node_modules/@babel/runtime/helpers/asyncToGenerator.js:14:12
      at process.env.NODE_ENV.exports.act (node_modules/react/cjs/react.development.js:789:22)
      at Object.<anonymous> (contexts/__tests__/AirdropContext.test.js:181:14)
      at asyncGeneratorStep (node_modules/@babel/runtime/helpers/asyncToGenerator.js:3:17)
      at _next (node_modules/@babel/runtime/helpers/asyncToGenerator.js:17:9)
      at node_modules/@babel/runtime/helpers/asyncToGenerator.js:22:7
      at Object.<anonymous> (node_modules/@babel/runtime/helpers/asyncToGenerator.js:14:12)

    console.log
      [DEBUG] Could not preload confetti audio { error: 'Invalid or unexpected token' }

      at Object.log [as debug] (utils/logger.js:24:15)

    console.error
      react-test-renderer is deprecated. See https://react.dev/warnings/react-test-renderer

      24 |   act(() => {
      25 |     component = Wrapper
    > 26 |       ? create(<Wrapper><TestComponent /></Wrapper>)
         |               ^
      27 |       : create(<TestComponent />);
      28 |   });
      29 |

      at process.env.NODE_ENV.exports.create (node_modules/react-test-renderer/cjs/react-test-renderer.development.js:14598:17)
      at contexts/__tests__/AirdropContext.test.js:26:15
      at process.env.NODE_ENV.exports.act (node_modules/react/cjs/react.development.js:789:22)
      at renderHook (contexts/__tests__/AirdropContext.test.js:24:6)
      at renderHook (contexts/__tests__/AirdropContext.test.js:202:7)
      at asyncGeneratorStep (node_modules/@babel/runtime/helpers/asyncToGenerator.js:3:17)
      at _next (node_modules/@babel/runtime/helpers/asyncToGenerator.js:17:9)
      at node_modules/@babel/runtime/helpers/asyncToGenerator.js:22:7
      at node_modules/@babel/runtime/helpers/asyncToGenerator.js:14:12
      at process.env.NODE_ENV.exports.act (node_modules/react/cjs/react.development.js:789:22)
      at Object.<anonymous> (contexts/__tests__/AirdropContext.test.js:201:14)
      at asyncGeneratorStep (node_modules/@babel/runtime/helpers/asyncToGenerator.js:3:17)
      at _next (node_modules/@babel/runtime/helpers/asyncToGenerator.js:17:9)
      at node_modules/@babel/runtime/helpers/asyncToGenerator.js:22:7
      at Object.<anonymous> (node_modules/@babel/runtime/helpers/asyncToGenerator.js:14:12)

    console.error
      The current testing environment is not configured to support act(...)

      24 |   act(() => {
      25 |     component = Wrapper
    > 26 |       ? create(<Wrapper><TestComponent /></Wrapper>)
         |               ^
      27 |       : create(<TestComponent />);
      28 |   });
      29 |

      at isConcurrentActEnvironment (node_modules/react-test-renderer/cjs/react-test-renderer.development.js:10243:17)
      at warnIfUpdatesNotWrappedWithActDEV (node_modules/react-test-renderer/cjs/react-test-renderer.development.js:11798:7)
      at scheduleUpdateOnFiber (node_modules/react-test-renderer/cjs/react-test-renderer.development.js:10326:9)
      at updateContainerImpl (node_modules/react-test-renderer/cjs/react-test-renderer.development.js:12382:10)
      at updateContainer (node_modules/react-test-renderer/cjs/react-test-renderer.development.js:12326:7)
      at process.env.NODE_ENV.exports.create (node_modules/react-test-renderer/cjs/react-test-renderer.development.js:14630:7)
      at contexts/__tests__/AirdropContext.test.js:26:15
      at process.env.NODE_ENV.exports.act (node_modules/react/cjs/react.development.js:789:22)
      at renderHook (contexts/__tests__/AirdropContext.test.js:24:6)
      at renderHook (contexts/__tests__/AirdropContext.test.js:202:7)
      at asyncGeneratorStep (node_modules/@babel/runtime/helpers/asyncToGenerator.js:3:17)
      at _next (node_modules/@babel/runtime/helpers/asyncToGenerator.js:17:9)
      at node_modules/@babel/runtime/helpers/asyncToGenerator.js:22:7
      at node_modules/@babel/runtime/helpers/asyncToGenerator.js:14:12
      at process.env.NODE_ENV.exports.act (node_modules/react/cjs/react.development.js:789:22)
      at Object.<anonymous> (contexts/__tests__/AirdropContext.test.js:201:14)
      at asyncGeneratorStep (node_modules/@babel/runtime/helpers/asyncToGenerator.js:3:17)
      at _next (node_modules/@babel/runtime/helpers/asyncToGenerator.js:17:9)
      at node_modules/@babel/runtime/helpers/asyncToGenerator.js:22:7
      at Object.<anonymous> (node_modules/@babel/runtime/helpers/asyncToGenerator.js:14:12)

    console.log
      [DEBUG] Could not preload confetti audio { error: 'Invalid or unexpected token' }

      at Object.log [as debug] (utils/logger.js:24:15)

    console.error
      react-test-renderer is deprecated. See https://react.dev/warnings/react-test-renderer

      24 |   act(() => {
      25 |     component = Wrapper
    > 26 |       ? create(<Wrapper><TestComponent /></Wrapper>)
         |               ^
      27 |       : create(<TestComponent />);
      28 |   });
      29 |

      at process.env.NODE_ENV.exports.create (node_modules/react-test-renderer/cjs/react-test-renderer.development.js:14598:17)
      at contexts/__tests__/AirdropContext.test.js:26:15
      at process.env.NODE_ENV.exports.act (node_modules/react/cjs/react.development.js:789:22)
      at renderHook (contexts/__tests__/AirdropContext.test.js:24:6)
      at renderHook (contexts/__tests__/AirdropContext.test.js:222:7)
      at asyncGeneratorStep (node_modules/@babel/runtime/helpers/asyncToGenerator.js:3:17)
      at _next (node_modules/@babel/runtime/helpers/asyncToGenerator.js:17:9)
      at node_modules/@babel/runtime/helpers/asyncToGenerator.js:22:7
      at node_modules/@babel/runtime/helpers/asyncToGenerator.js:14:12
      at process.env.NODE_ENV.exports.act (node_modules/react/cjs/react.development.js:789:22)
      at Object.<anonymous> (contexts/__tests__/AirdropContext.test.js:221:14)
      at asyncGeneratorStep (node_modules/@babel/runtime/helpers/asyncToGenerator.js:3:17)
      at _next (node_modules/@babel/runtime/helpers/asyncToGenerator.js:17:9)
      at node_modules/@babel/runtime/helpers/asyncToGenerator.js:22:7
      at Object.<anonymous> (node_modules/@babel/runtime/helpers/asyncToGenerator.js:14:12)

    console.error
      The current testing environment is not configured to support act(...)

      24 |   act(() => {
      25 |     component = Wrapper
    > 26 |       ? create(<Wrapper><TestComponent /></Wrapper>)
         |               ^
      27 |       : create(<TestComponent />);
      28 |   });
      29 |

      at isConcurrentActEnvironment (node_modules/react-test-renderer/cjs/react-test-renderer.development.js:10243:17)
      at warnIfUpdatesNotWrappedWithActDEV (node_modules/react-test-renderer/cjs/react-test-renderer.development.js:11798:7)
      at scheduleUpdateOnFiber (node_modules/react-test-renderer/cjs/react-test-renderer.development.js:10326:9)
      at updateContainerImpl (node_modules/react-test-renderer/cjs/react-test-renderer.development.js:12382:10)
      at updateContainer (node_modules/react-test-renderer/cjs/react-test-renderer.development.js:12326:7)
      at process.env.NODE_ENV.exports.create (node_modules/react-test-renderer/cjs/react-test-renderer.development.js:14630:7)
      at contexts/__tests__/AirdropContext.test.js:26:15
      at process.env.NODE_ENV.exports.act (node_modules/react/cjs/react.development.js:789:22)
      at renderHook (contexts/__tests__/AirdropContext.test.js:24:6)
      at renderHook (contexts/__tests__/AirdropContext.test.js:222:7)
      at asyncGeneratorStep (node_modules/@babel/runtime/helpers/asyncToGenerator.js:3:17)
      at _next (node_modules/@babel/runtime/helpers/asyncToGenerator.js:17:9)
      at node_modules/@babel/runtime/helpers/asyncToGenerator.js:22:7
      at node_modules/@babel/runtime/helpers/asyncToGenerator.js:14:12
      at process.env.NODE_ENV.exports.act (node_modules/react/cjs/react.development.js:789:22)
      at Object.<anonymous> (contexts/__tests__/AirdropContext.test.js:221:14)
      at asyncGeneratorStep (node_modules/@babel/runtime/helpers/asyncToGenerator.js:3:17)
      at _next (node_modules/@babel/runtime/helpers/asyncToGenerator.js:17:9)
      at node_modules/@babel/runtime/helpers/asyncToGenerator.js:22:7
      at Object.<anonymous> (node_modules/@babel/runtime/helpers/asyncToGenerator.js:14:12)

    console.log
      [DEBUG] Could not preload confetti audio { error: 'Invalid or unexpected token' }

      at Object.log [as debug] (utils/logger.js:24:15)

    console.error
      react-test-renderer is deprecated. See https://react.dev/warnings/react-test-renderer

      24 |   act(() => {
      25 |     component = Wrapper
    > 26 |       ? create(<Wrapper><TestComponent /></Wrapper>)
         |               ^
      27 |       : create(<TestComponent />);
      28 |   });
      29 |

      at process.env.NODE_ENV.exports.create (node_modules/react-test-renderer/cjs/react-test-renderer.development.js:14598:17)
      at contexts/__tests__/AirdropContext.test.js:26:15
      at process.env.NODE_ENV.exports.act (node_modules/react/cjs/react.development.js:789:22)
      at renderHook (contexts/__tests__/AirdropContext.test.js:24:6)
      at renderHook (contexts/__tests__/AirdropContext.test.js:250:7)
      at asyncGeneratorStep (node_modules/@babel/runtime/helpers/asyncToGenerator.js:3:17)
      at _next (node_modules/@babel/runtime/helpers/asyncToGenerator.js:17:9)
      at node_modules/@babel/runtime/helpers/asyncToGenerator.js:22:7
      at node_modules/@babel/runtime/helpers/asyncToGenerator.js:14:12
      at process.env.NODE_ENV.exports.act (node_modules/react/cjs/react.development.js:789:22)
      at Object.<anonymous> (contexts/__tests__/AirdropContext.test.js:249:14)
      at asyncGeneratorStep (node_modules/@babel/runtime/helpers/asyncToGenerator.js:3:17)
      at _next (node_modules/@babel/runtime/helpers/asyncToGenerator.js:17:9)
      at node_modules/@babel/runtime/helpers/asyncToGenerator.js:22:7
      at Object.<anonymous> (node_modules/@babel/runtime/helpers/asyncToGenerator.js:14:12)

    console.error
      The current testing environment is not configured to support act(...)

      24 |   act(() => {
      25 |     component = Wrapper
    > 26 |       ? create(<Wrapper><TestComponent /></Wrapper>)
         |               ^
      27 |       : create(<TestComponent />);
      28 |   });
      29 |

      at isConcurrentActEnvironment (node_modules/react-test-renderer/cjs/react-test-renderer.development.js:10243:17)
      at warnIfUpdatesNotWrappedWithActDEV (node_modules/react-test-renderer/cjs/react-test-renderer.development.js:11798:7)
      at scheduleUpdateOnFiber (node_modules/react-test-renderer/cjs/react-test-renderer.development.js:10326:9)
      at updateContainerImpl (node_modules/react-test-renderer/cjs/react-test-renderer.development.js:12382:10)
      at updateContainer (node_modules/react-test-renderer/cjs/react-test-renderer.development.js:12326:7)
      at process.env.NODE_ENV.exports.create (node_modules/react-test-renderer/cjs/react-test-renderer.development.js:14630:7)
      at contexts/__tests__/AirdropContext.test.js:26:15
      at process.env.NODE_ENV.exports.act (node_modules/react/cjs/react.development.js:789:22)
      at renderHook (contexts/__tests__/AirdropContext.test.js:24:6)
      at renderHook (contexts/__tests__/AirdropContext.test.js:250:7)
      at asyncGeneratorStep (node_modules/@babel/runtime/helpers/asyncToGenerator.js:3:17)
      at _next (node_modules/@babel/runtime/helpers/asyncToGenerator.js:17:9)
      at node_modules/@babel/runtime/helpers/asyncToGenerator.js:22:7
      at node_modules/@babel/runtime/helpers/asyncToGenerator.js:14:12
      at process.env.NODE_ENV.exports.act (node_modules/react/cjs/react.development.js:789:22)
      at Object.<anonymous> (contexts/__tests__/AirdropContext.test.js:249:14)
      at asyncGeneratorStep (node_modules/@babel/runtime/helpers/asyncToGenerator.js:3:17)
      at _next (node_modules/@babel/runtime/helpers/asyncToGenerator.js:17:9)
      at node_modules/@babel/runtime/helpers/asyncToGenerator.js:22:7
      at Object.<anonymous> (node_modules/@babel/runtime/helpers/asyncToGenerator.js:14:12)

    console.log
      [DEBUG] Could not preload confetti audio { error: 'Invalid or unexpected token' }

      at Object.log [as debug] (utils/logger.js:24:15)

    console.error
      react-test-renderer is deprecated. See https://react.dev/warnings/react-test-renderer

      24 |   act(() => {
      25 |     component = Wrapper
    > 26 |       ? create(<Wrapper><TestComponent /></Wrapper>)
         |               ^
      27 |       : create(<TestComponent />);
      28 |   });
      29 |

      at process.env.NODE_ENV.exports.create (node_modules/react-test-renderer/cjs/react-test-renderer.development.js:14598:17)
      at contexts/__tests__/AirdropContext.test.js:26:15
      at process.env.NODE_ENV.exports.act (node_modules/react/cjs/react.development.js:789:22)
      at renderHook (contexts/__tests__/AirdropContext.test.js:24:6)
      at renderHook (contexts/__tests__/AirdropContext.test.js:277:7)
      at asyncGeneratorStep (node_modules/@babel/runtime/helpers/asyncToGenerator.js:3:17)
      at _next (node_modules/@babel/runtime/helpers/asyncToGenerator.js:17:9)
      at node_modules/@babel/runtime/helpers/asyncToGenerator.js:22:7
      at node_modules/@babel/runtime/helpers/asyncToGenerator.js:14:12
      at process.env.NODE_ENV.exports.act (node_modules/react/cjs/react.development.js:789:22)
      at Object.<anonymous> (contexts/__tests__/AirdropContext.test.js:276:14)
      at asyncGeneratorStep (node_modules/@babel/runtime/helpers/asyncToGenerator.js:3:17)
      at _next (node_modules/@babel/runtime/helpers/asyncToGenerator.js:17:9)
      at node_modules/@babel/runtime/helpers/asyncToGenerator.js:22:7
      at Object.<anonymous> (node_modules/@babel/runtime/helpers/asyncToGenerator.js:14:12)

    console.error
      The current testing environment is not configured to support act(...)

      24 |   act(() => {
      25 |     component = Wrapper
    > 26 |       ? create(<Wrapper><TestComponent /></Wrapper>)
         |               ^
      27 |       : create(<TestComponent />);
      28 |   });
      29 |

      at isConcurrentActEnvironment (node_modules/react-test-renderer/cjs/react-test-renderer.development.js:10243:17)
      at warnIfUpdatesNotWrappedWithActDEV (node_modules/react-test-renderer/cjs/react-test-renderer.development.js:11798:7)
      at scheduleUpdateOnFiber (node_modules/react-test-renderer/cjs/react-test-renderer.development.js:10326:9)
      at updateContainerImpl (node_modules/react-test-renderer/cjs/react-test-renderer.development.js:12382:10)
      at updateContainer (node_modules/react-test-renderer/cjs/react-test-renderer.development.js:12326:7)
      at process.env.NODE_ENV.exports.create (node_modules/react-test-renderer/cjs/react-test-renderer.development.js:14630:7)
      at contexts/__tests__/AirdropContext.test.js:26:15
      at process.env.NODE_ENV.exports.act (node_modules/react/cjs/react.development.js:789:22)
      at renderHook (contexts/__tests__/AirdropContext.test.js:24:6)
      at renderHook (contexts/__tests__/AirdropContext.test.js:277:7)
      at asyncGeneratorStep (node_modules/@babel/runtime/helpers/asyncToGenerator.js:3:17)
      at _next (node_modules/@babel/runtime/helpers/asyncToGenerator.js:17:9)
      at node_modules/@babel/runtime/helpers/asyncToGenerator.js:22:7
      at node_modules/@babel/runtime/helpers/asyncToGenerator.js:14:12
      at process.env.NODE_ENV.exports.act (node_modules/react/cjs/react.development.js:789:22)
      at Object.<anonymous> (contexts/__tests__/AirdropContext.test.js:276:14)
      at asyncGeneratorStep (node_modules/@babel/runtime/helpers/asyncToGenerator.js:3:17)
      at _next (node_modules/@babel/runtime/helpers/asyncToGenerator.js:17:9)
      at node_modules/@babel/runtime/helpers/asyncToGenerator.js:22:7
      at Object.<anonymous> (node_modules/@babel/runtime/helpers/asyncToGenerator.js:14:12)

    console.log
      [DEBUG] Could not preload confetti audio { error: 'Invalid or unexpected token' }

      at Object.log [as debug] (utils/logger.js:24:15)

    console.error
      react-test-renderer is deprecated. See https://react.dev/warnings/react-test-renderer

      24 |   act(() => {
      25 |     component = Wrapper
    > 26 |       ? create(<Wrapper><TestComponent /></Wrapper>)
         |               ^
      27 |       : create(<TestComponent />);
      28 |   });
      29 |

      at process.env.NODE_ENV.exports.create (node_modules/react-test-renderer/cjs/react-test-renderer.development.js:14598:17)
      at contexts/__tests__/AirdropContext.test.js:26:15
      at process.env.NODE_ENV.exports.act (node_modules/react/cjs/react.development.js:789:22)
      at renderHook (contexts/__tests__/AirdropContext.test.js:24:6)
      at Object.renderHook (contexts/__tests__/AirdropContext.test.js:296:25)
      at asyncGeneratorStep (node_modules/@babel/runtime/helpers/asyncToGenerator.js:3:17)
      at _next (node_modules/@babel/runtime/helpers/asyncToGenerator.js:17:9)
      at node_modules/@babel/runtime/helpers/asyncToGenerator.js:22:7
      at Object.<anonymous> (node_modules/@babel/runtime/helpers/asyncToGenerator.js:14:12)

    console.error
      The current testing environment is not configured to support act(...)

      24 |   act(() => {
      25 |     component = Wrapper
    > 26 |       ? create(<Wrapper><TestComponent /></Wrapper>)
         |               ^
      27 |       : create(<TestComponent />);
      28 |   });
      29 |

      at isConcurrentActEnvironment (node_modules/react-test-renderer/cjs/react-test-renderer.development.js:10243:17)
      at warnIfUpdatesNotWrappedWithActDEV (node_modules/react-test-renderer/cjs/react-test-renderer.development.js:11798:7)
      at scheduleUpdateOnFiber (node_modules/react-test-renderer/cjs/react-test-renderer.development.js:10326:9)
      at updateContainerImpl (node_modules/react-test-renderer/cjs/react-test-renderer.development.js:12382:10)
      at updateContainer (node_modules/react-test-renderer/cjs/react-test-renderer.development.js:12326:7)
      at process.env.NODE_ENV.exports.create (node_modules/react-test-renderer/cjs/react-test-renderer.development.js:14630:7)
      at contexts/__tests__/AirdropContext.test.js:26:15
      at process.env.NODE_ENV.exports.act (node_modules/react/cjs/react.development.js:789:22)
      at renderHook (contexts/__tests__/AirdropContext.test.js:24:6)
      at Object.renderHook (contexts/__tests__/AirdropContext.test.js:296:25)
      at asyncGeneratorStep (node_modules/@babel/runtime/helpers/asyncToGenerator.js:3:17)
      at _next (node_modules/@babel/runtime/helpers/asyncToGenerator.js:17:9)
      at node_modules/@babel/runtime/helpers/asyncToGenerator.js:22:7
      at Object.<anonymous> (node_modules/@babel/runtime/helpers/asyncToGenerator.js:14:12)

    console.log
      [DEBUG] Could not preload confetti audio { error: 'Invalid or unexpected token' }

      at Object.log [as debug] (utils/logger.js:24:15)

    console.error
      The current testing environment is not configured to support act(...)

      297 |
      298 |     act(() => {
    > 299 |       unmount();
          |       ^
      300 |     });
      301 |
      302 |     // No assertions needed - test passes if no errors during cleanup

      at isConcurrentActEnvironment (node_modules/react-test-renderer/cjs/react-test-renderer.development.js:10243:17)
      at warnIfUpdatesNotWrappedWithActDEV (node_modules/react-test-renderer/cjs/react-test-renderer.development.js:11798:7)
      at scheduleUpdateOnFiber (node_modules/react-test-renderer/cjs/react-test-renderer.development.js:10326:9)
      at updateContainerImpl (node_modules/react-test-renderer/cjs/react-test-renderer.development.js:12382:10)
      at updateContainer (node_modules/react-test-renderer/cjs/react-test-renderer.development.js:12326:7)
      at unmount (node_modules/react-test-renderer/cjs/react-test-renderer.development.js:14674:14)
      at unmount (contexts/__tests__/AirdropContext.test.js:299:7)
      at process.env.NODE_ENV.exports.act (node_modules/react/cjs/react.development.js:789:22)
      at Object.<anonymous> (contexts/__tests__/AirdropContext.test.js:298:8)
      at asyncGeneratorStep (node_modules/@babel/runtime/helpers/asyncToGenerator.js:3:17)
      at _next (node_modules/@babel/runtime/helpers/asyncToGenerator.js:17:9)
      at node_modules/@babel/runtime/helpers/asyncToGenerator.js:22:7
      at Object.<anonymous> (node_modules/@babel/runtime/helpers/asyncToGenerator.js:14:12)

    console.error
      react-test-renderer is deprecated. See https://react.dev/warnings/react-test-renderer

      24 |   act(() => {
      25 |     component = Wrapper
    > 26 |       ? create(<Wrapper><TestComponent /></Wrapper>)
         |               ^
      27 |       : create(<TestComponent />);
      28 |   });
      29 |

      at process.env.NODE_ENV.exports.create (node_modules/react-test-renderer/cjs/react-test-renderer.development.js:14598:17)
      at contexts/__tests__/AirdropContext.test.js:26:15
      at process.env.NODE_ENV.exports.act (node_modules/react/cjs/react.development.js:789:22)
      at renderHook (contexts/__tests__/AirdropContext.test.js:24:6)
      at renderHook (contexts/__tests__/AirdropContext.test.js:322:20)
      at asyncGeneratorStep (node_modules/@babel/runtime/helpers/asyncToGenerator.js:3:17)
      at _next (node_modules/@babel/runtime/helpers/asyncToGenerator.js:17:9)
      at node_modules/@babel/runtime/helpers/asyncToGenerator.js:22:7
      at node_modules/@babel/runtime/helpers/asyncToGenerator.js:14:12
      at process.env.NODE_ENV.exports.act (node_modules/react/cjs/react.development.js:789:22)
      at Object.<anonymous> (contexts/__tests__/AirdropContext.test.js:321:14)
      at asyncGeneratorStep (node_modules/@babel/runtime/helpers/asyncToGenerator.js:3:17)
      at _next (node_modules/@babel/runtime/helpers/asyncToGenerator.js:17:9)
      at node_modules/@babel/runtime/helpers/asyncToGenerator.js:22:7
      at Object.<anonymous> (node_modules/@babel/runtime/helpers/asyncToGenerator.js:14:12)

    console.error
      The current testing environment is not configured to support act(...)

      24 |   act(() => {
      25 |     component = Wrapper
    > 26 |       ? create(<Wrapper><TestComponent /></Wrapper>)
         |               ^
      27 |       : create(<TestComponent />);
      28 |   });
      29 |

      at isConcurrentActEnvironment (node_modules/react-test-renderer/cjs/react-test-renderer.development.js:10243:17)
      at warnIfUpdatesNotWrappedWithActDEV (node_modules/react-test-renderer/cjs/react-test-renderer.development.js:11798:7)
      at scheduleUpdateOnFiber (node_modules/react-test-renderer/cjs/react-test-renderer.development.js:10326:9)
      at updateContainerImpl (node_modules/react-test-renderer/cjs/react-test-renderer.development.js:12382:10)
      at updateContainer (node_modules/react-test-renderer/cjs/react-test-renderer.development.js:12326:7)
      at process.env.NODE_ENV.exports.create (node_modules/react-test-renderer/cjs/react-test-renderer.development.js:14630:7)
      at contexts/__tests__/AirdropContext.test.js:26:15
      at process.env.NODE_ENV.exports.act (node_modules/react/cjs/react.development.js:789:22)
      at renderHook (contexts/__tests__/AirdropContext.test.js:24:6)
      at renderHook (contexts/__tests__/AirdropContext.test.js:322:20)
      at asyncGeneratorStep (node_modules/@babel/runtime/helpers/asyncToGenerator.js:3:17)
      at _next (node_modules/@babel/runtime/helpers/asyncToGenerator.js:17:9)
      at node_modules/@babel/runtime/helpers/asyncToGenerator.js:22:7
      at node_modules/@babel/runtime/helpers/asyncToGenerator.js:14:12
      at process.env.NODE_ENV.exports.act (node_modules/react/cjs/react.development.js:789:22)
      at Object.<anonymous> (contexts/__tests__/AirdropContext.test.js:321:14)
      at asyncGeneratorStep (node_modules/@babel/runtime/helpers/asyncToGenerator.js:3:17)
      at _next (node_modules/@babel/runtime/helpers/asyncToGenerator.js:17:9)
      at node_modules/@babel/runtime/helpers/asyncToGenerator.js:22:7
      at Object.<anonymous> (node_modules/@babel/runtime/helpers/asyncToGenerator.js:14:12)

    console.log
      [DEBUG] Could not preload confetti audio { error: 'Invalid or unexpected token' }

      at Object.log [as debug] (utils/logger.js:24:15)

    console.error
      The current testing environment is not configured to support act(...)

      286 |             // Show modal immediately - don't wait for balance update
      287 |             setTimeout(() => {
    > 288 |               setAirdropTxId(result.txId);
          |               ^
      289 |               setShowAirdropModal(true);
      290 |               // Don't trigger effects here - wait for user to click "Get Started"
      291 |               // Clean up pending state

      at isConcurrentActEnvironment (node_modules/react-test-renderer/cjs/react-test-renderer.development.js:10243:17)
      at warnIfUpdatesNotWrappedWithActDEV (node_modules/react-test-renderer/cjs/react-test-renderer.development.js:11798:7)
      at scheduleUpdateOnFiber (node_modules/react-test-renderer/cjs/react-test-renderer.development.js:10326:9)
      at dispatchSetStateInternal (node_modules/react-test-renderer/cjs/react-test-renderer.development.js:4148:13)
      at dispatchSetState (node_modules/react-test-renderer/cjs/react-test-renderer.development.js:4107:7)
      at setAirdropTxId (contexts/AirdropContext.js:288:15)
      at callTimer (node_modules/@sinonjs/fake-timers/src/fake-timers-src.js:806:24)
      at doTickInner (node_modules/@sinonjs/fake-timers/src/fake-timers-src.js:1413:29)
      at doTick (node_modules/@sinonjs/fake-timers/src/fake-timers-src.js:1494:20)
      at Object.tick (node_modules/@sinonjs/fake-timers/src/fake-timers-src.js:1502:20)
      at FakeTimers.advanceTimersByTime (node_modules/@jest/fake-timers/build/index.js:576:19)
      at advanceTimersByTime (contexts/__tests__/AirdropContext.test.js:334:12)
      at asyncGeneratorStep (node_modules/@babel/runtime/helpers/asyncToGenerator.js:3:17)
      at _next (node_modules/@babel/runtime/helpers/asyncToGenerator.js:17:9)
      at node_modules/@babel/runtime/helpers/asyncToGenerator.js:22:7
      at node_modules/@babel/runtime/helpers/asyncToGenerator.js:14:12
      at process.env.NODE_ENV.exports.act (node_modules/react/cjs/react.development.js:789:22)
      at Object.<anonymous> (contexts/__tests__/AirdropContext.test.js:333:14)
      at asyncGeneratorStep (node_modules/@babel/runtime/helpers/asyncToGenerator.js:3:17)
      at _next (node_modules/@babel/runtime/helpers/asyncToGenerator.js:17:9)

    console.error
      The current testing environment is not configured to support act(...)

      287 |             setTimeout(() => {
      288 |               setAirdropTxId(result.txId);
    > 289 |               setShowAirdropModal(true);
          |               ^
      290 |               // Don't trigger effects here - wait for user to click "Get Started"
      291 |               // Clean up pending state
      292 |               SecureStore.deleteItemAsync(pendingKey);

      at isConcurrentActEnvironment (node_modules/react-test-renderer/cjs/react-test-renderer.development.js:10243:17)
      at warnIfUpdatesNotWrappedWithActDEV (node_modules/react-test-renderer/cjs/react-test-renderer.development.js:11798:7)
      at scheduleUpdateOnFiber (node_modules/react-test-renderer/cjs/react-test-renderer.development.js:10326:9)
      at dispatchSetStateInternal (node_modules/react-test-renderer/cjs/react-test-renderer.development.js:4148:13)
      at dispatchSetState (node_modules/react-test-renderer/cjs/react-test-renderer.development.js:4107:7)
      at setShowAirdropModal (contexts/AirdropContext.js:289:15)
      at callTimer (node_modules/@sinonjs/fake-timers/src/fake-timers-src.js:806:24)
      at doTickInner (node_modules/@sinonjs/fake-timers/src/fake-timers-src.js:1413:29)
      at doTick (node_modules/@sinonjs/fake-timers/src/fake-timers-src.js:1494:20)
      at Object.tick (node_modules/@sinonjs/fake-timers/src/fake-timers-src.js:1502:20)
      at FakeTimers.advanceTimersByTime (node_modules/@jest/fake-timers/build/index.js:576:19)
      at advanceTimersByTime (contexts/__tests__/AirdropContext.test.js:334:12)
      at asyncGeneratorStep (node_modules/@babel/runtime/helpers/asyncToGenerator.js:3:17)
      at _next (node_modules/@babel/runtime/helpers/asyncToGenerator.js:17:9)
      at node_modules/@babel/runtime/helpers/asyncToGenerator.js:22:7
      at node_modules/@babel/runtime/helpers/asyncToGenerator.js:14:12
      at process.env.NODE_ENV.exports.act (node_modules/react/cjs/react.development.js:789:22)
      at Object.<anonymous> (contexts/__tests__/AirdropContext.test.js:333:14)
      at asyncGeneratorStep (node_modules/@babel/runtime/helpers/asyncToGenerator.js:3:17)
      at _next (node_modules/@babel/runtime/helpers/asyncToGenerator.js:17:9)

    console.error
      react-test-renderer is deprecated. See https://react.dev/warnings/react-test-renderer

      24 |   act(() => {
      25 |     component = Wrapper
    > 26 |       ? create(<Wrapper><TestComponent /></Wrapper>)
         |               ^
      27 |       : create(<TestComponent />);
      28 |   });
      29 |

      at process.env.NODE_ENV.exports.create (node_modules/react-test-renderer/cjs/react-test-renderer.development.js:14598:17)
      at contexts/__tests__/AirdropContext.test.js:26:15
      at process.env.NODE_ENV.exports.act (node_modules/react/cjs/react.development.js:789:22)
      at renderHook (contexts/__tests__/AirdropContext.test.js:24:6)
      at renderHook (contexts/__tests__/AirdropContext.test.js:358:7)
      at asyncGeneratorStep (node_modules/@babel/runtime/helpers/asyncToGenerator.js:3:17)
      at _next (node_modules/@babel/runtime/helpers/asyncToGenerator.js:17:9)
      at node_modules/@babel/runtime/helpers/asyncToGenerator.js:22:7
      at node_modules/@babel/runtime/helpers/asyncToGenerator.js:14:12
      at process.env.NODE_ENV.exports.act (node_modules/react/cjs/react.development.js:789:22)
      at Object.<anonymous> (contexts/__tests__/AirdropContext.test.js:357:14)
      at asyncGeneratorStep (node_modules/@babel/runtime/helpers/asyncToGenerator.js:3:17)
      at _next (node_modules/@babel/runtime/helpers/asyncToGenerator.js:17:9)
      at node_modules/@babel/runtime/helpers/asyncToGenerator.js:22:7
      at Object.<anonymous> (node_modules/@babel/runtime/helpers/asyncToGenerator.js:14:12)

    console.error
      The current testing environment is not configured to support act(...)

      24 |   act(() => {
      25 |     component = Wrapper
    > 26 |       ? create(<Wrapper><TestComponent /></Wrapper>)
         |               ^
      27 |       : create(<TestComponent />);
      28 |   });
      29 |

      at isConcurrentActEnvironment (node_modules/react-test-renderer/cjs/react-test-renderer.development.js:10243:17)
      at warnIfUpdatesNotWrappedWithActDEV (node_modules/react-test-renderer/cjs/react-test-renderer.development.js:11798:7)
      at scheduleUpdateOnFiber (node_modules/react-test-renderer/cjs/react-test-renderer.development.js:10326:9)
      at updateContainerImpl (node_modules/react-test-renderer/cjs/react-test-renderer.development.js:12382:10)
      at updateContainer (node_modules/react-test-renderer/cjs/react-test-renderer.development.js:12326:7)
      at process.env.NODE_ENV.exports.create (node_modules/react-test-renderer/cjs/react-test-renderer.development.js:14630:7)
      at contexts/__tests__/AirdropContext.test.js:26:15
      at process.env.NODE_ENV.exports.act (node_modules/react/cjs/react.development.js:789:22)
      at renderHook (contexts/__tests__/AirdropContext.test.js:24:6)
      at renderHook (contexts/__tests__/AirdropContext.test.js:358:7)
      at asyncGeneratorStep (node_modules/@babel/runtime/helpers/asyncToGenerator.js:3:17)
      at _next (node_modules/@babel/runtime/helpers/asyncToGenerator.js:17:9)
      at node_modules/@babel/runtime/helpers/asyncToGenerator.js:22:7
      at node_modules/@babel/runtime/helpers/asyncToGenerator.js:14:12
      at process.env.NODE_ENV.exports.act (node_modules/react/cjs/react.development.js:789:22)
      at Object.<anonymous> (contexts/__tests__/AirdropContext.test.js:357:14)
      at asyncGeneratorStep (node_modules/@babel/runtime/helpers/asyncToGenerator.js:3:17)
      at _next (node_modules/@babel/runtime/helpers/asyncToGenerator.js:17:9)
      at node_modules/@babel/runtime/helpers/asyncToGenerator.js:22:7
      at Object.<anonymous> (node_modules/@babel/runtime/helpers/asyncToGenerator.js:14:12)

    console.log
      [DEBUG] Could not preload confetti audio { error: 'Invalid or unexpected token' }

      at Object.log [as debug] (utils/logger.js:24:15)

    console.error
      The current testing environment is not configured to support act(...)

      286 |             // Show modal immediately - don't wait for balance update
      287 |             setTimeout(() => {
    > 288 |               setAirdropTxId(result.txId);
          |               ^
      289 |               setShowAirdropModal(true);
      290 |               // Don't trigger effects here - wait for user to click "Get Started"
      291 |               // Clean up pending state

      at isConcurrentActEnvironment (node_modules/react-test-renderer/cjs/react-test-renderer.development.js:10243:17)
      at warnIfUpdatesNotWrappedWithActDEV (node_modules/react-test-renderer/cjs/react-test-renderer.development.js:11798:7)
      at scheduleUpdateOnFiber (node_modules/react-test-renderer/cjs/react-test-renderer.development.js:10326:9)
      at dispatchSetStateInternal (node_modules/react-test-renderer/cjs/react-test-renderer.development.js:4148:13)
      at dispatchSetState (node_modules/react-test-renderer/cjs/react-test-renderer.development.js:4107:7)
      at setAirdropTxId (contexts/AirdropContext.js:288:15)
      at callTimer (node_modules/@sinonjs/fake-timers/src/fake-timers-src.js:806:24)
      at doTickInner (node_modules/@sinonjs/fake-timers/src/fake-timers-src.js:1413:29)
      at doTick (node_modules/@sinonjs/fake-timers/src/fake-timers-src.js:1494:20)
      at Object.tick (node_modules/@sinonjs/fake-timers/src/fake-timers-src.js:1502:20)
      at FakeTimers.advanceTimersByTime (node_modules/@jest/fake-timers/build/index.js:576:19)
      at advanceTimersByTime (contexts/__tests__/AirdropContext.test.js:372:12)
      at asyncGeneratorStep (node_modules/@babel/runtime/helpers/asyncToGenerator.js:3:17)
      at _next (node_modules/@babel/runtime/helpers/asyncToGenerator.js:17:9)
      at node_modules/@babel/runtime/helpers/asyncToGenerator.js:22:7
      at node_modules/@babel/runtime/helpers/asyncToGenerator.js:14:12
      at process.env.NODE_ENV.exports.act (node_modules/react/cjs/react.development.js:789:22)
      at Object.<anonymous> (contexts/__tests__/AirdropContext.test.js:371:14)
      at asyncGeneratorStep (node_modules/@babel/runtime/helpers/asyncToGenerator.js:3:17)
      at _next (node_modules/@babel/runtime/helpers/asyncToGenerator.js:17:9)

    console.error
      The current testing environment is not configured to support act(...)

      287 |             setTimeout(() => {
      288 |               setAirdropTxId(result.txId);
    > 289 |               setShowAirdropModal(true);
          |               ^
      290 |               // Don't trigger effects here - wait for user to click "Get Started"
      291 |               // Clean up pending state
      292 |               SecureStore.deleteItemAsync(pendingKey);

      at isConcurrentActEnvironment (node_modules/react-test-renderer/cjs/react-test-renderer.development.js:10243:17)
      at warnIfUpdatesNotWrappedWithActDEV (node_modules/react-test-renderer/cjs/react-test-renderer.development.js:11798:7)
      at scheduleUpdateOnFiber (node_modules/react-test-renderer/cjs/react-test-renderer.development.js:10326:9)
      at dispatchSetStateInternal (node_modules/react-test-renderer/cjs/react-test-renderer.development.js:4148:13)
      at dispatchSetState (node_modules/react-test-renderer/cjs/react-test-renderer.development.js:4107:7)
      at setShowAirdropModal (contexts/AirdropContext.js:289:15)
      at callTimer (node_modules/@sinonjs/fake-timers/src/fake-timers-src.js:806:24)
      at doTickInner (node_modules/@sinonjs/fake-timers/src/fake-timers-src.js:1413:29)
      at doTick (node_modules/@sinonjs/fake-timers/src/fake-timers-src.js:1494:20)
      at Object.tick (node_modules/@sinonjs/fake-timers/src/fake-timers-src.js:1502:20)
      at FakeTimers.advanceTimersByTime (node_modules/@jest/fake-timers/build/index.js:576:19)
      at advanceTimersByTime (contexts/__tests__/AirdropContext.test.js:372:12)
      at asyncGeneratorStep (node_modules/@babel/runtime/helpers/asyncToGenerator.js:3:17)
      at _next (node_modules/@babel/runtime/helpers/asyncToGenerator.js:17:9)
      at node_modules/@babel/runtime/helpers/asyncToGenerator.js:22:7
      at node_modules/@babel/runtime/helpers/asyncToGenerator.js:14:12
      at process.env.NODE_ENV.exports.act (node_modules/react/cjs/react.development.js:789:22)
      at Object.<anonymous> (contexts/__tests__/AirdropContext.test.js:371:14)
      at asyncGeneratorStep (node_modules/@babel/runtime/helpers/asyncToGenerator.js:3:17)
      at _next (node_modules/@babel/runtime/helpers/asyncToGenerator.js:17:9)

    console.error
      react-test-renderer is deprecated. See https://react.dev/warnings/react-test-renderer

      24 |   act(() => {
      25 |     component = Wrapper
    > 26 |       ? create(<Wrapper><TestComponent /></Wrapper>)
         |               ^
      27 |       : create(<TestComponent />);
      28 |   });
      29 |

      at process.env.NODE_ENV.exports.create (node_modules/react-test-renderer/cjs/react-test-renderer.development.js:14598:17)
      at contexts/__tests__/AirdropContext.test.js:26:15
      at process.env.NODE_ENV.exports.act (node_modules/react/cjs/react.development.js:789:22)
      at renderHook (contexts/__tests__/AirdropContext.test.js:24:6)
      at renderHook (contexts/__tests__/AirdropContext.test.js:394:20)
      at asyncGeneratorStep (node_modules/@babel/runtime/helpers/asyncToGenerator.js:3:17)
      at _next (node_modules/@babel/runtime/helpers/asyncToGenerator.js:17:9)
      at node_modules/@babel/runtime/helpers/asyncToGenerator.js:22:7
      at node_modules/@babel/runtime/helpers/asyncToGenerator.js:14:12
      at process.env.NODE_ENV.exports.act (node_modules/react/cjs/react.development.js:789:22)
      at Object.<anonymous> (contexts/__tests__/AirdropContext.test.js:393:14)
      at asyncGeneratorStep (node_modules/@babel/runtime/helpers/asyncToGenerator.js:3:17)
      at _next (node_modules/@babel/runtime/helpers/asyncToGenerator.js:17:9)
      at node_modules/@babel/runtime/helpers/asyncToGenerator.js:22:7
      at Object.<anonymous> (node_modules/@babel/runtime/helpers/asyncToGenerator.js:14:12)

    console.error
      The current testing environment is not configured to support act(...)

      24 |   act(() => {
      25 |     component = Wrapper
    > 26 |       ? create(<Wrapper><TestComponent /></Wrapper>)
         |               ^
      27 |       : create(<TestComponent />);
      28 |   });
      29 |

      at isConcurrentActEnvironment (node_modules/react-test-renderer/cjs/react-test-renderer.development.js:10243:17)
      at warnIfUpdatesNotWrappedWithActDEV (node_modules/react-test-renderer/cjs/react-test-renderer.development.js:11798:7)
      at scheduleUpdateOnFiber (node_modules/react-test-renderer/cjs/react-test-renderer.development.js:10326:9)
      at updateContainerImpl (node_modules/react-test-renderer/cjs/react-test-renderer.development.js:12382:10)
      at updateContainer (node_modules/react-test-renderer/cjs/react-test-renderer.development.js:12326:7)
      at process.env.NODE_ENV.exports.create (node_modules/react-test-renderer/cjs/react-test-renderer.development.js:14630:7)
      at contexts/__tests__/AirdropContext.test.js:26:15
      at process.env.NODE_ENV.exports.act (node_modules/react/cjs/react.development.js:789:22)
      at renderHook (contexts/__tests__/AirdropContext.test.js:24:6)
      at renderHook (contexts/__tests__/AirdropContext.test.js:394:20)
      at asyncGeneratorStep (node_modules/@babel/runtime/helpers/asyncToGenerator.js:3:17)
      at _next (node_modules/@babel/runtime/helpers/asyncToGenerator.js:17:9)
      at node_modules/@babel/runtime/helpers/asyncToGenerator.js:22:7
      at node_modules/@babel/runtime/helpers/asyncToGenerator.js:14:12
      at process.env.NODE_ENV.exports.act (node_modules/react/cjs/react.development.js:789:22)
      at Object.<anonymous> (contexts/__tests__/AirdropContext.test.js:393:14)
      at asyncGeneratorStep (node_modules/@babel/runtime/helpers/asyncToGenerator.js:3:17)
      at _next (node_modules/@babel/runtime/helpers/asyncToGenerator.js:17:9)
      at node_modules/@babel/runtime/helpers/asyncToGenerator.js:22:7
      at Object.<anonymous> (node_modules/@babel/runtime/helpers/asyncToGenerator.js:14:12)

    console.log
      [DEBUG] Could not preload confetti audio { error: 'Invalid or unexpected token' }

      at Object.log [as debug] (utils/logger.js:24:15)

    console.error
      react-test-renderer is deprecated. See https://react.dev/warnings/react-test-renderer

      24 |   act(() => {
      25 |     component = Wrapper
    > 26 |       ? create(<Wrapper><TestComponent /></Wrapper>)
         |               ^
      27 |       : create(<TestComponent />);
      28 |   });
      29 |

      at process.env.NODE_ENV.exports.create (node_modules/react-test-renderer/cjs/react-test-renderer.development.js:14598:17)
      at contexts/__tests__/AirdropContext.test.js:26:15
      at process.env.NODE_ENV.exports.act (node_modules/react/cjs/react.development.js:789:22)
      at renderHook (contexts/__tests__/AirdropContext.test.js:24:6)
      at renderHook (contexts/__tests__/AirdropContext.test.js:428:7)
      at asyncGeneratorStep (node_modules/@babel/runtime/helpers/asyncToGenerator.js:3:17)
      at _next (node_modules/@babel/runtime/helpers/asyncToGenerator.js:17:9)
      at node_modules/@babel/runtime/helpers/asyncToGenerator.js:22:7
      at node_modules/@babel/runtime/helpers/asyncToGenerator.js:14:12
      at process.env.NODE_ENV.exports.act (node_modules/react/cjs/react.development.js:789:22)
      at Object.<anonymous> (contexts/__tests__/AirdropContext.test.js:427:14)
      at asyncGeneratorStep (node_modules/@babel/runtime/helpers/asyncToGenerator.js:3:17)
      at _next (node_modules/@babel/runtime/helpers/asyncToGenerator.js:17:9)
      at node_modules/@babel/runtime/helpers/asyncToGenerator.js:22:7
      at Object.<anonymous> (node_modules/@babel/runtime/helpers/asyncToGenerator.js:14:12)

    console.error
      The current testing environment is not configured to support act(...)

      24 |   act(() => {
      25 |     component = Wrapper
    > 26 |       ? create(<Wrapper><TestComponent /></Wrapper>)
         |               ^
      27 |       : create(<TestComponent />);
      28 |   });
      29 |

      at isConcurrentActEnvironment (node_modules/react-test-renderer/cjs/react-test-renderer.development.js:10243:17)
      at warnIfUpdatesNotWrappedWithActDEV (node_modules/react-test-renderer/cjs/react-test-renderer.development.js:11798:7)
      at scheduleUpdateOnFiber (node_modules/react-test-renderer/cjs/react-test-renderer.development.js:10326:9)
      at updateContainerImpl (node_modules/react-test-renderer/cjs/react-test-renderer.development.js:12382:10)
      at updateContainer (node_modules/react-test-renderer/cjs/react-test-renderer.development.js:12326:7)
      at process.env.NODE_ENV.exports.create (node_modules/react-test-renderer/cjs/react-test-renderer.development.js:14630:7)
      at contexts/__tests__/AirdropContext.test.js:26:15
      at process.env.NODE_ENV.exports.act (node_modules/react/cjs/react.development.js:789:22)
      at renderHook (contexts/__tests__/AirdropContext.test.js:24:6)
      at renderHook (contexts/__tests__/AirdropContext.test.js:428:7)
      at asyncGeneratorStep (node_modules/@babel/runtime/helpers/asyncToGenerator.js:3:17)
      at _next (node_modules/@babel/runtime/helpers/asyncToGenerator.js:17:9)
      at node_modules/@babel/runtime/helpers/asyncToGenerator.js:22:7
      at node_modules/@babel/runtime/helpers/asyncToGenerator.js:14:12
      at process.env.NODE_ENV.exports.act (node_modules/react/cjs/react.development.js:789:22)
      at Object.<anonymous> (contexts/__tests__/AirdropContext.test.js:427:14)
      at asyncGeneratorStep (node_modules/@babel/runtime/helpers/asyncToGenerator.js:3:17)
      at _next (node_modules/@babel/runtime/helpers/asyncToGenerator.js:17:9)
      at node_modules/@babel/runtime/helpers/asyncToGenerator.js:22:7
      at Object.<anonymous> (node_modules/@babel/runtime/helpers/asyncToGenerator.js:14:12)

    console.log
      [DEBUG] Could not preload confetti audio { error: 'Invalid or unexpected token' }

      at Object.log [as debug] (utils/logger.js:24:15)

    console.error
      react-test-renderer is deprecated. See https://react.dev/warnings/react-test-renderer

      24 |   act(() => {
      25 |     component = Wrapper
    > 26 |       ? create(<Wrapper><TestComponent /></Wrapper>)
         |               ^
      27 |       : create(<TestComponent />);
      28 |   });
      29 |

      at process.env.NODE_ENV.exports.create (node_modules/react-test-renderer/cjs/react-test-renderer.development.js:14598:17)
      at contexts/__tests__/AirdropContext.test.js:26:15
      at process.env.NODE_ENV.exports.act (node_modules/react/cjs/react.development.js:789:22)
      at renderHook (contexts/__tests__/AirdropContext.test.js:24:6)
      at renderHook (contexts/__tests__/AirdropContext.test.js:478:7)
      at asyncGeneratorStep (node_modules/@babel/runtime/helpers/asyncToGenerator.js:3:17)
      at _next (node_modules/@babel/runtime/helpers/asyncToGenerator.js:17:9)
      at node_modules/@babel/runtime/helpers/asyncToGenerator.js:22:7
      at node_modules/@babel/runtime/helpers/asyncToGenerator.js:14:12
      at process.env.NODE_ENV.exports.act (node_modules/react/cjs/react.development.js:789:22)
      at Object.<anonymous> (contexts/__tests__/AirdropContext.test.js:477:14)
      at asyncGeneratorStep (node_modules/@babel/runtime/helpers/asyncToGenerator.js:3:17)
      at _next (node_modules/@babel/runtime/helpers/asyncToGenerator.js:17:9)
      at node_modules/@babel/runtime/helpers/asyncToGenerator.js:22:7
      at Object.<anonymous> (node_modules/@babel/runtime/helpers/asyncToGenerator.js:14:12)

    console.error
      The current testing environment is not configured to support act(...)

      24 |   act(() => {
      25 |     component = Wrapper
    > 26 |       ? create(<Wrapper><TestComponent /></Wrapper>)
         |               ^
      27 |       : create(<TestComponent />);
      28 |   });
      29 |

      at isConcurrentActEnvironment (node_modules/react-test-renderer/cjs/react-test-renderer.development.js:10243:17)
      at warnIfUpdatesNotWrappedWithActDEV (node_modules/react-test-renderer/cjs/react-test-renderer.development.js:11798:7)
      at scheduleUpdateOnFiber (node_modules/react-test-renderer/cjs/react-test-renderer.development.js:10326:9)
      at updateContainerImpl (node_modules/react-test-renderer/cjs/react-test-renderer.development.js:12382:10)
      at updateContainer (node_modules/react-test-renderer/cjs/react-test-renderer.development.js:12326:7)
      at process.env.NODE_ENV.exports.create (node_modules/react-test-renderer/cjs/react-test-renderer.development.js:14630:7)
      at contexts/__tests__/AirdropContext.test.js:26:15
      at process.env.NODE_ENV.exports.act (node_modules/react/cjs/react.development.js:789:22)
      at renderHook (contexts/__tests__/AirdropContext.test.js:24:6)
      at renderHook (contexts/__tests__/AirdropContext.test.js:478:7)
      at asyncGeneratorStep (node_modules/@babel/runtime/helpers/asyncToGenerator.js:3:17)
      at _next (node_modules/@babel/runtime/helpers/asyncToGenerator.js:17:9)
      at node_modules/@babel/runtime/helpers/asyncToGenerator.js:22:7
      at node_modules/@babel/runtime/helpers/asyncToGenerator.js:14:12
      at process.env.NODE_ENV.exports.act (node_modules/react/cjs/react.development.js:789:22)
      at Object.<anonymous> (contexts/__tests__/AirdropContext.test.js:477:14)
      at asyncGeneratorStep (node_modules/@babel/runtime/helpers/asyncToGenerator.js:3:17)
      at _next (node_modules/@babel/runtime/helpers/asyncToGenerator.js:17:9)
      at node_modules/@babel/runtime/helpers/asyncToGenerator.js:22:7
      at Object.<anonymous> (node_modules/@babel/runtime/helpers/asyncToGenerator.js:14:12)

    console.log
      [DEBUG] Could not preload confetti audio { error: 'Invalid or unexpected token' }

      at Object.log [as debug] (utils/logger.js:24:15)

    console.error
      react-test-renderer is deprecated. See https://react.dev/warnings/react-test-renderer

      24 |   act(() => {
      25 |     component = Wrapper
    > 26 |       ? create(<Wrapper><TestComponent /></Wrapper>)
         |               ^
      27 |       : create(<TestComponent />);
      28 |   });
      29 |

      at process.env.NODE_ENV.exports.create (node_modules/react-test-renderer/cjs/react-test-renderer.development.js:14598:17)
      at contexts/__tests__/AirdropContext.test.js:26:15
      at process.env.NODE_ENV.exports.act (node_modules/react/cjs/react.development.js:789:22)
      at renderHook (contexts/__tests__/AirdropContext.test.js:24:6)
      at renderHook (contexts/__tests__/AirdropContext.test.js:506:20)
      at asyncGeneratorStep (node_modules/@babel/runtime/helpers/asyncToGenerator.js:3:17)
      at _next (node_modules/@babel/runtime/helpers/asyncToGenerator.js:17:9)
      at node_modules/@babel/runtime/helpers/asyncToGenerator.js:22:7
      at node_modules/@babel/runtime/helpers/asyncToGenerator.js:14:12
      at process.env.NODE_ENV.exports.act (node_modules/react/cjs/react.development.js:789:22)
      at Object.<anonymous> (contexts/__tests__/AirdropContext.test.js:505:14)
      at asyncGeneratorStep (node_modules/@babel/runtime/helpers/asyncToGenerator.js:3:17)
      at _next (node_modules/@babel/runtime/helpers/asyncToGenerator.js:17:9)
      at node_modules/@babel/runtime/helpers/asyncToGenerator.js:22:7
      at Object.<anonymous> (node_modules/@babel/runtime/helpers/asyncToGenerator.js:14:12)

    console.error
      The current testing environment is not configured to support act(...)

      24 |   act(() => {
      25 |     component = Wrapper
    > 26 |       ? create(<Wrapper><TestComponent /></Wrapper>)
         |               ^
      27 |       : create(<TestComponent />);
      28 |   });
      29 |

      at isConcurrentActEnvironment (node_modules/react-test-renderer/cjs/react-test-renderer.development.js:10243:17)
      at warnIfUpdatesNotWrappedWithActDEV (node_modules/react-test-renderer/cjs/react-test-renderer.development.js:11798:7)
      at scheduleUpdateOnFiber (node_modules/react-test-renderer/cjs/react-test-renderer.development.js:10326:9)
      at updateContainerImpl (node_modules/react-test-renderer/cjs/react-test-renderer.development.js:12382:10)
      at updateContainer (node_modules/react-test-renderer/cjs/react-test-renderer.development.js:12326:7)
      at process.env.NODE_ENV.exports.create (node_modules/react-test-renderer/cjs/react-test-renderer.development.js:14630:7)
      at contexts/__tests__/AirdropContext.test.js:26:15
      at process.env.NODE_ENV.exports.act (node_modules/react/cjs/react.development.js:789:22)
      at renderHook (contexts/__tests__/AirdropContext.test.js:24:6)
      at renderHook (contexts/__tests__/AirdropContext.test.js:506:20)
      at asyncGeneratorStep (node_modules/@babel/runtime/helpers/asyncToGenerator.js:3:17)
      at _next (node_modules/@babel/runtime/helpers/asyncToGenerator.js:17:9)
      at node_modules/@babel/runtime/helpers/asyncToGenerator.js:22:7
      at node_modules/@babel/runtime/helpers/asyncToGenerator.js:14:12
      at process.env.NODE_ENV.exports.act (node_modules/react/cjs/react.development.js:789:22)
      at Object.<anonymous> (contexts/__tests__/AirdropContext.test.js:505:14)
      at asyncGeneratorStep (node_modules/@babel/runtime/helpers/asyncToGenerator.js:3:17)
      at _next (node_modules/@babel/runtime/helpers/asyncToGenerator.js:17:9)
      at node_modules/@babel/runtime/helpers/asyncToGenerator.js:22:7
      at Object.<anonymous> (node_modules/@babel/runtime/helpers/asyncToGenerator.js:14:12)

    console.log
      [DEBUG] Could not preload confetti audio { error: 'Invalid or unexpected token' }

      at Object.log [as debug] (utils/logger.js:24:15)

    console.error
      react-test-renderer is deprecated. See https://react.dev/warnings/react-test-renderer

      24 |   act(() => {
      25 |     component = Wrapper
    > 26 |       ? create(<Wrapper><TestComponent /></Wrapper>)
         |               ^
      27 |       : create(<TestComponent />);
      28 |   });
      29 |

      at process.env.NODE_ENV.exports.create (node_modules/react-test-renderer/cjs/react-test-renderer.development.js:14598:17)
      at contexts/__tests__/AirdropContext.test.js:26:15
      at process.env.NODE_ENV.exports.act (node_modules/react/cjs/react.development.js:789:22)
      at renderHook (contexts/__tests__/AirdropContext.test.js:24:6)
      at renderHook (contexts/__tests__/AirdropContext.test.js:532:7)
      at asyncGeneratorStep (node_modules/@babel/runtime/helpers/asyncToGenerator.js:3:17)
      at _next (node_modules/@babel/runtime/helpers/asyncToGenerator.js:17:9)
      at node_modules/@babel/runtime/helpers/asyncToGenerator.js:22:7
      at node_modules/@babel/runtime/helpers/asyncToGenerator.js:14:12
      at process.env.NODE_ENV.exports.act (node_modules/react/cjs/react.development.js:789:22)
      at Object.<anonymous> (contexts/__tests__/AirdropContext.test.js:531:14)
      at asyncGeneratorStep (node_modules/@babel/runtime/helpers/asyncToGenerator.js:3:17)
      at _next (node_modules/@babel/runtime/helpers/asyncToGenerator.js:17:9)
      at node_modules/@babel/runtime/helpers/asyncToGenerator.js:22:7
      at Object.<anonymous> (node_modules/@babel/runtime/helpers/asyncToGenerator.js:14:12)

    console.error
      The current testing environment is not configured to support act(...)

      24 |   act(() => {
      25 |     component = Wrapper
    > 26 |       ? create(<Wrapper><TestComponent /></Wrapper>)
         |               ^
      27 |       : create(<TestComponent />);
      28 |   });
      29 |

      at isConcurrentActEnvironment (node_modules/react-test-renderer/cjs/react-test-renderer.development.js:10243:17)
      at warnIfUpdatesNotWrappedWithActDEV (node_modules/react-test-renderer/cjs/react-test-renderer.development.js:11798:7)
      at scheduleUpdateOnFiber (node_modules/react-test-renderer/cjs/react-test-renderer.development.js:10326:9)
      at updateContainerImpl (node_modules/react-test-renderer/cjs/react-test-renderer.development.js:12382:10)
      at updateContainer (node_modules/react-test-renderer/cjs/react-test-renderer.development.js:12326:7)
      at process.env.NODE_ENV.exports.create (node_modules/react-test-renderer/cjs/react-test-renderer.development.js:14630:7)
      at contexts/__tests__/AirdropContext.test.js:26:15
      at process.env.NODE_ENV.exports.act (node_modules/react/cjs/react.development.js:789:22)
      at renderHook (contexts/__tests__/AirdropContext.test.js:24:6)
      at renderHook (contexts/__tests__/AirdropContext.test.js:532:7)
      at asyncGeneratorStep (node_modules/@babel/runtime/helpers/asyncToGenerator.js:3:17)
      at _next (node_modules/@babel/runtime/helpers/asyncToGenerator.js:17:9)
      at node_modules/@babel/runtime/helpers/asyncToGenerator.js:22:7
      at node_modules/@babel/runtime/helpers/asyncToGenerator.js:14:12
      at process.env.NODE_ENV.exports.act (node_modules/react/cjs/react.development.js:789:22)
      at Object.<anonymous> (contexts/__tests__/AirdropContext.test.js:531:14)
      at asyncGeneratorStep (node_modules/@babel/runtime/helpers/asyncToGenerator.js:3:17)
      at _next (node_modules/@babel/runtime/helpers/asyncToGenerator.js:17:9)
      at node_modules/@babel/runtime/helpers/asyncToGenerator.js:22:7
      at Object.<anonymous> (node_modules/@babel/runtime/helpers/asyncToGenerator.js:14:12)

    console.log
      [DEBUG] Could not preload confetti audio { error: 'Invalid or unexpected token' }

      at Object.log [as debug] (utils/logger.js:24:15)

    console.error
      react-test-renderer is deprecated. See https://react.dev/warnings/react-test-renderer

      24 |   act(() => {
      25 |     component = Wrapper
    > 26 |       ? create(<Wrapper><TestComponent /></Wrapper>)
         |               ^
      27 |       : create(<TestComponent />);
      28 |   });
      29 |

      at process.env.NODE_ENV.exports.create (node_modules/react-test-renderer/cjs/react-test-renderer.development.js:14598:17)
      at contexts/__tests__/AirdropContext.test.js:26:15
      at process.env.NODE_ENV.exports.act (node_modules/react/cjs/react.development.js:789:22)
      at renderHook (contexts/__tests__/AirdropContext.test.js:24:6)
      at renderHook (contexts/__tests__/AirdropContext.test.js:559:7)
      at asyncGeneratorStep (node_modules/@babel/runtime/helpers/asyncToGenerator.js:3:17)
      at _next (node_modules/@babel/runtime/helpers/asyncToGenerator.js:17:9)
      at node_modules/@babel/runtime/helpers/asyncToGenerator.js:22:7
      at node_modules/@babel/runtime/helpers/asyncToGenerator.js:14:12
      at process.env.NODE_ENV.exports.act (node_modules/react/cjs/react.development.js:789:22)
      at Object.<anonymous> (contexts/__tests__/AirdropContext.test.js:558:14)
      at asyncGeneratorStep (node_modules/@babel/runtime/helpers/asyncToGenerator.js:3:17)
      at _next (node_modules/@babel/runtime/helpers/asyncToGenerator.js:17:9)
      at node_modules/@babel/runtime/helpers/asyncToGenerator.js:22:7
      at Object.<anonymous> (node_modules/@babel/runtime/helpers/asyncToGenerator.js:14:12)

    console.error
      The current testing environment is not configured to support act(...)

      24 |   act(() => {
      25 |     component = Wrapper
    > 26 |       ? create(<Wrapper><TestComponent /></Wrapper>)
         |               ^
      27 |       : create(<TestComponent />);
      28 |   });
      29 |

      at isConcurrentActEnvironment (node_modules/react-test-renderer/cjs/react-test-renderer.development.js:10243:17)
      at warnIfUpdatesNotWrappedWithActDEV (node_modules/react-test-renderer/cjs/react-test-renderer.development.js:11798:7)
      at scheduleUpdateOnFiber (node_modules/react-test-renderer/cjs/react-test-renderer.development.js:10326:9)
      at updateContainerImpl (node_modules/react-test-renderer/cjs/react-test-renderer.development.js:12382:10)
      at updateContainer (node_modules/react-test-renderer/cjs/react-test-renderer.development.js:12326:7)
      at process.env.NODE_ENV.exports.create (node_modules/react-test-renderer/cjs/react-test-renderer.development.js:14630:7)
      at contexts/__tests__/AirdropContext.test.js:26:15
      at process.env.NODE_ENV.exports.act (node_modules/react/cjs/react.development.js:789:22)
      at renderHook (contexts/__tests__/AirdropContext.test.js:24:6)
      at renderHook (contexts/__tests__/AirdropContext.test.js:559:7)
      at asyncGeneratorStep (node_modules/@babel/runtime/helpers/asyncToGenerator.js:3:17)
      at _next (node_modules/@babel/runtime/helpers/asyncToGenerator.js:17:9)
      at node_modules/@babel/runtime/helpers/asyncToGenerator.js:22:7
      at node_modules/@babel/runtime/helpers/asyncToGenerator.js:14:12
      at process.env.NODE_ENV.exports.act (node_modules/react/cjs/react.development.js:789:22)
      at Object.<anonymous> (contexts/__tests__/AirdropContext.test.js:558:14)
      at asyncGeneratorStep (node_modules/@babel/runtime/helpers/asyncToGenerator.js:3:17)
      at _next (node_modules/@babel/runtime/helpers/asyncToGenerator.js:17:9)
      at node_modules/@babel/runtime/helpers/asyncToGenerator.js:22:7
      at Object.<anonymous> (node_modules/@babel/runtime/helpers/asyncToGenerator.js:14:12)

    console.log
      [DEBUG] Could not preload confetti audio { error: 'Invalid or unexpected token' }

      at Object.log [as debug] (utils/logger.js:24:15)

    console.error
      react-test-renderer is deprecated. See https://react.dev/warnings/react-test-renderer

      24 |   act(() => {
      25 |     component = Wrapper
    > 26 |       ? create(<Wrapper><TestComponent /></Wrapper>)
         |               ^
      27 |       : create(<TestComponent />);
      28 |   });
      29 |

      at process.env.NODE_ENV.exports.create (node_modules/react-test-renderer/cjs/react-test-renderer.development.js:14598:17)
      at contexts/__tests__/AirdropContext.test.js:26:15
      at process.env.NODE_ENV.exports.act (node_modules/react/cjs/react.development.js:789:22)
      at renderHook (contexts/__tests__/AirdropContext.test.js:24:6)
      at renderHook (contexts/__tests__/AirdropContext.test.js:592:7)
      at asyncGeneratorStep (node_modules/@babel/runtime/helpers/asyncToGenerator.js:3:17)
      at _next (node_modules/@babel/runtime/helpers/asyncToGenerator.js:17:9)
      at node_modules/@babel/runtime/helpers/asyncToGenerator.js:22:7
      at node_modules/@babel/runtime/helpers/asyncToGenerator.js:14:12
      at process.env.NODE_ENV.exports.act (node_modules/react/cjs/react.development.js:789:22)
      at Object.<anonymous> (contexts/__tests__/AirdropContext.test.js:591:14)
      at asyncGeneratorStep (node_modules/@babel/runtime/helpers/asyncToGenerator.js:3:17)
      at _next (node_modules/@babel/runtime/helpers/asyncToGenerator.js:17:9)
      at node_modules/@babel/runtime/helpers/asyncToGenerator.js:22:7
      at Object.<anonymous> (node_modules/@babel/runtime/helpers/asyncToGenerator.js:14:12)

    console.error
      The current testing environment is not configured to support act(...)

      24 |   act(() => {
      25 |     component = Wrapper
    > 26 |       ? create(<Wrapper><TestComponent /></Wrapper>)
         |               ^
      27 |       : create(<TestComponent />);
      28 |   });
      29 |

      at isConcurrentActEnvironment (node_modules/react-test-renderer/cjs/react-test-renderer.development.js:10243:17)
      at warnIfUpdatesNotWrappedWithActDEV (node_modules/react-test-renderer/cjs/react-test-renderer.development.js:11798:7)
      at scheduleUpdateOnFiber (node_modules/react-test-renderer/cjs/react-test-renderer.development.js:10326:9)
      at updateContainerImpl (node_modules/react-test-renderer/cjs/react-test-renderer.development.js:12382:10)
      at updateContainer (node_modules/react-test-renderer/cjs/react-test-renderer.development.js:12326:7)
      at process.env.NODE_ENV.exports.create (node_modules/react-test-renderer/cjs/react-test-renderer.development.js:14630:7)
      at contexts/__tests__/AirdropContext.test.js:26:15
      at process.env.NODE_ENV.exports.act (node_modules/react/cjs/react.development.js:789:22)
      at renderHook (contexts/__tests__/AirdropContext.test.js:24:6)
      at renderHook (contexts/__tests__/AirdropContext.test.js:592:7)
      at asyncGeneratorStep (node_modules/@babel/runtime/helpers/asyncToGenerator.js:3:17)
      at _next (node_modules/@babel/runtime/helpers/asyncToGenerator.js:17:9)
      at node_modules/@babel/runtime/helpers/asyncToGenerator.js:22:7
      at node_modules/@babel/runtime/helpers/asyncToGenerator.js:14:12
      at process.env.NODE_ENV.exports.act (node_modules/react/cjs/react.development.js:789:22)
      at Object.<anonymous> (contexts/__tests__/AirdropContext.test.js:591:14)
      at asyncGeneratorStep (node_modules/@babel/runtime/helpers/asyncToGenerator.js:3:17)
      at _next (node_modules/@babel/runtime/helpers/asyncToGenerator.js:17:9)
      at node_modules/@babel/runtime/helpers/asyncToGenerator.js:22:7
      at Object.<anonymous> (node_modules/@babel/runtime/helpers/asyncToGenerator.js:14:12)

    console.log
      [DEBUG] Could not preload confetti audio { error: 'Invalid or unexpected token' }

      at Object.log [as debug] (utils/logger.js:24:15)

    console.error
      react-test-renderer is deprecated. See https://react.dev/warnings/react-test-renderer

      24 |   act(() => {
      25 |     component = Wrapper
    > 26 |       ? create(<Wrapper><TestComponent /></Wrapper>)
         |               ^
      27 |       : create(<TestComponent />);
      28 |   });
      29 |

      at process.env.NODE_ENV.exports.create (node_modules/react-test-renderer/cjs/react-test-renderer.development.js:14598:17)
      at contexts/__tests__/AirdropContext.test.js:26:15
      at process.env.NODE_ENV.exports.act (node_modules/react/cjs/react.development.js:789:22)
      at renderHook (contexts/__tests__/AirdropContext.test.js:24:6)
      at renderHook (contexts/__tests__/AirdropContext.test.js:629:7)
      at asyncGeneratorStep (node_modules/@babel/runtime/helpers/asyncToGenerator.js:3:17)
      at _next (node_modules/@babel/runtime/helpers/asyncToGenerator.js:17:9)
      at node_modules/@babel/runtime/helpers/asyncToGenerator.js:22:7
      at node_modules/@babel/runtime/helpers/asyncToGenerator.js:14:12
      at process.env.NODE_ENV.exports.act (node_modules/react/cjs/react.development.js:789:22)
      at Object.<anonymous> (contexts/__tests__/AirdropContext.test.js:628:14)
      at asyncGeneratorStep (node_modules/@babel/runtime/helpers/asyncToGenerator.js:3:17)
      at _next (node_modules/@babel/runtime/helpers/asyncToGenerator.js:17:9)
      at node_modules/@babel/runtime/helpers/asyncToGenerator.js:22:7
      at Object.<anonymous> (node_modules/@babel/runtime/helpers/asyncToGenerator.js:14:12)

    console.error
      The current testing environment is not configured to support act(...)

      24 |   act(() => {
      25 |     component = Wrapper
    > 26 |       ? create(<Wrapper><TestComponent /></Wrapper>)
         |               ^
      27 |       : create(<TestComponent />);
      28 |   });
      29 |

      at isConcurrentActEnvironment (node_modules/react-test-renderer/cjs/react-test-renderer.development.js:10243:17)
      at warnIfUpdatesNotWrappedWithActDEV (node_modules/react-test-renderer/cjs/react-test-renderer.development.js:11798:7)
      at scheduleUpdateOnFiber (node_modules/react-test-renderer/cjs/react-test-renderer.development.js:10326:9)
      at updateContainerImpl (node_modules/react-test-renderer/cjs/react-test-renderer.development.js:12382:10)
      at updateContainer (node_modules/react-test-renderer/cjs/react-test-renderer.development.js:12326:7)
      at process.env.NODE_ENV.exports.create (node_modules/react-test-renderer/cjs/react-test-renderer.development.js:14630:7)
      at contexts/__tests__/AirdropContext.test.js:26:15
      at process.env.NODE_ENV.exports.act (node_modules/react/cjs/react.development.js:789:22)
      at renderHook (contexts/__tests__/AirdropContext.test.js:24:6)
      at renderHook (contexts/__tests__/AirdropContext.test.js:629:7)
      at asyncGeneratorStep (node_modules/@babel/runtime/helpers/asyncToGenerator.js:3:17)
      at _next (node_modules/@babel/runtime/helpers/asyncToGenerator.js:17:9)
      at node_modules/@babel/runtime/helpers/asyncToGenerator.js:22:7
      at node_modules/@babel/runtime/helpers/asyncToGenerator.js:14:12
      at process.env.NODE_ENV.exports.act (node_modules/react/cjs/react.development.js:789:22)
      at Object.<anonymous> (contexts/__tests__/AirdropContext.test.js:628:14)
      at asyncGeneratorStep (node_modules/@babel/runtime/helpers/asyncToGenerator.js:3:17)
      at _next (node_modules/@babel/runtime/helpers/asyncToGenerator.js:17:9)
      at node_modules/@babel/runtime/helpers/asyncToGenerator.js:22:7
      at Object.<anonymous> (node_modules/@babel/runtime/helpers/asyncToGenerator.js:14:12)

    console.log
      [DEBUG] Could not preload confetti audio { error: 'Invalid or unexpected token' }

      at Object.log [as debug] (utils/logger.js:24:15)

    console.error
      react-test-renderer is deprecated. See https://react.dev/warnings/react-test-renderer

      24 |   act(() => {
      25 |     component = Wrapper
    > 26 |       ? create(<Wrapper><TestComponent /></Wrapper>)
         |               ^
      27 |       : create(<TestComponent />);
      28 |   });
      29 |

      at process.env.NODE_ENV.exports.create (node_modules/react-test-renderer/cjs/react-test-renderer.development.js:14598:17)
      at contexts/__tests__/AirdropContext.test.js:26:15
      at process.env.NODE_ENV.exports.act (node_modules/react/cjs/react.development.js:789:22)
      at renderHook (contexts/__tests__/AirdropContext.test.js:24:6)
      at renderHook (contexts/__tests__/AirdropContext.test.js:661:7)
      at asyncGeneratorStep (node_modules/@babel/runtime/helpers/asyncToGenerator.js:3:17)
      at _next (node_modules/@babel/runtime/helpers/asyncToGenerator.js:17:9)
      at node_modules/@babel/runtime/helpers/asyncToGenerator.js:22:7
      at node_modules/@babel/runtime/helpers/asyncToGenerator.js:14:12
      at process.env.NODE_ENV.exports.act (node_modules/react/cjs/react.development.js:789:22)
      at Object.<anonymous> (contexts/__tests__/AirdropContext.test.js:660:14)
      at asyncGeneratorStep (node_modules/@babel/runtime/helpers/asyncToGenerator.js:3:17)
      at _next (node_modules/@babel/runtime/helpers/asyncToGenerator.js:17:9)
      at node_modules/@babel/runtime/helpers/asyncToGenerator.js:22:7
      at Object.<anonymous> (node_modules/@babel/runtime/helpers/asyncToGenerator.js:14:12)

    console.error
      The current testing environment is not configured to support act(...)

      24 |   act(() => {
      25 |     component = Wrapper
    > 26 |       ? create(<Wrapper><TestComponent /></Wrapper>)
         |               ^
      27 |       : create(<TestComponent />);
      28 |   });
      29 |

      at isConcurrentActEnvironment (node_modules/react-test-renderer/cjs/react-test-renderer.development.js:10243:17)
      at warnIfUpdatesNotWrappedWithActDEV (node_modules/react-test-renderer/cjs/react-test-renderer.development.js:11798:7)
      at scheduleUpdateOnFiber (node_modules/react-test-renderer/cjs/react-test-renderer.development.js:10326:9)
      at updateContainerImpl (node_modules/react-test-renderer/cjs/react-test-renderer.development.js:12382:10)
      at updateContainer (node_modules/react-test-renderer/cjs/react-test-renderer.development.js:12326:7)
      at process.env.NODE_ENV.exports.create (node_modules/react-test-renderer/cjs/react-test-renderer.development.js:14630:7)
      at contexts/__tests__/AirdropContext.test.js:26:15
      at process.env.NODE_ENV.exports.act (node_modules/react/cjs/react.development.js:789:22)
      at renderHook (contexts/__tests__/AirdropContext.test.js:24:6)
      at renderHook (contexts/__tests__/AirdropContext.test.js:661:7)
      at asyncGeneratorStep (node_modules/@babel/runtime/helpers/asyncToGenerator.js:3:17)
      at _next (node_modules/@babel/runtime/helpers/asyncToGenerator.js:17:9)
      at node_modules/@babel/runtime/helpers/asyncToGenerator.js:22:7
      at node_modules/@babel/runtime/helpers/asyncToGenerator.js:14:12
      at process.env.NODE_ENV.exports.act (node_modules/react/cjs/react.development.js:789:22)
      at Object.<anonymous> (contexts/__tests__/AirdropContext.test.js:660:14)
      at asyncGeneratorStep (node_modules/@babel/runtime/helpers/asyncToGenerator.js:3:17)
      at _next (node_modules/@babel/runtime/helpers/asyncToGenerator.js:17:9)
      at node_modules/@babel/runtime/helpers/asyncToGenerator.js:22:7
      at Object.<anonymous> (node_modules/@babel/runtime/helpers/asyncToGenerator.js:14:12)

    console.log
      [DEBUG] Could not preload confetti audio { error: 'Invalid or unexpected token' }

      at Object.log [as debug] (utils/logger.js:24:15)

PASS utils/__tests__/wallet.test.js
PASS contexts/__tests__/TransactionExecutionContext.test.js
  ● Console

    console.error
      react-test-renderer is deprecated. See https://react.dev/warnings/react-test-renderer

      32 |   act(() => {
      33 |     component = Wrapper
    > 34 |       ? create(<Wrapper><TestComponent /></Wrapper>)
         |               ^
      35 |       : create(<TestComponent />);
      36 |   });
      37 |

      at process.env.NODE_ENV.exports.create (node_modules/react-test-renderer/cjs/react-test-renderer.development.js:14598:17)
      at contexts/__tests__/TransactionExecutionContext.test.js:34:15
      at process.env.NODE_ENV.exports.act (node_modules/react/cjs/react.development.js:789:22)
      at renderHook (contexts/__tests__/TransactionExecutionContext.test.js:32:6)
      at Object.renderHook (contexts/__tests__/TransactionExecutionContext.test.js:132:24)

    console.error
      The current testing environment is not configured to support act(...)

      32 |   act(() => {
      33 |     component = Wrapper
    > 34 |       ? create(<Wrapper><TestComponent /></Wrapper>)
         |               ^
      35 |       : create(<TestComponent />);
      36 |   });
      37 |

      at isConcurrentActEnvironment (node_modules/react-test-renderer/cjs/react-test-renderer.development.js:10243:17)
      at warnIfUpdatesNotWrappedWithActDEV (node_modules/react-test-renderer/cjs/react-test-renderer.development.js:11798:7)
      at scheduleUpdateOnFiber (node_modules/react-test-renderer/cjs/react-test-renderer.development.js:10326:9)
      at updateContainerImpl (node_modules/react-test-renderer/cjs/react-test-renderer.development.js:12382:10)
      at updateContainer (node_modules/react-test-renderer/cjs/react-test-renderer.development.js:12326:7)
      at process.env.NODE_ENV.exports.create (node_modules/react-test-renderer/cjs/react-test-renderer.development.js:14630:7)
      at contexts/__tests__/TransactionExecutionContext.test.js:34:15
      at process.env.NODE_ENV.exports.act (node_modules/react/cjs/react.development.js:789:22)
      at renderHook (contexts/__tests__/TransactionExecutionContext.test.js:32:6)
      at Object.renderHook (contexts/__tests__/TransactionExecutionContext.test.js:132:24)

    console.error
      react-test-renderer is deprecated. See https://react.dev/warnings/react-test-renderer

      32 |   act(() => {
      33 |     component = Wrapper
    > 34 |       ? create(<Wrapper><TestComponent /></Wrapper>)
         |               ^
      35 |       : create(<TestComponent />);
      36 |   });
      37 |

      at process.env.NODE_ENV.exports.create (node_modules/react-test-renderer/cjs/react-test-renderer.development.js:14598:17)
      at contexts/__tests__/TransactionExecutionContext.test.js:34:15
      at process.env.NODE_ENV.exports.act (node_modules/react/cjs/react.development.js:789:22)
      at renderHook (contexts/__tests__/TransactionExecutionContext.test.js:32:6)
      at Object.renderHook (contexts/__tests__/TransactionExecutionContext.test.js:162:24)
      at asyncGeneratorStep (node_modules/@babel/runtime/helpers/asyncToGenerator.js:3:17)
      at _next (node_modules/@babel/runtime/helpers/asyncToGenerator.js:17:9)
      at node_modules/@babel/runtime/helpers/asyncToGenerator.js:22:7
      at Object.<anonymous> (node_modules/@babel/runtime/helpers/asyncToGenerator.js:14:12)

    console.error
      The current testing environment is not configured to support act(...)

      32 |   act(() => {
      33 |     component = Wrapper
    > 34 |       ? create(<Wrapper><TestComponent /></Wrapper>)
         |               ^
      35 |       : create(<TestComponent />);
      36 |   });
      37 |

      at isConcurrentActEnvironment (node_modules/react-test-renderer/cjs/react-test-renderer.development.js:10243:17)
      at warnIfUpdatesNotWrappedWithActDEV (node_modules/react-test-renderer/cjs/react-test-renderer.development.js:11798:7)
      at scheduleUpdateOnFiber (node_modules/react-test-renderer/cjs/react-test-renderer.development.js:10326:9)
      at updateContainerImpl (node_modules/react-test-renderer/cjs/react-test-renderer.development.js:12382:10)
      at updateContainer (node_modules/react-test-renderer/cjs/react-test-renderer.development.js:12326:7)
      at process.env.NODE_ENV.exports.create (node_modules/react-test-renderer/cjs/react-test-renderer.development.js:14630:7)
      at contexts/__tests__/TransactionExecutionContext.test.js:34:15
      at process.env.NODE_ENV.exports.act (node_modules/react/cjs/react.development.js:789:22)
      at renderHook (contexts/__tests__/TransactionExecutionContext.test.js:32:6)
      at Object.renderHook (contexts/__tests__/TransactionExecutionContext.test.js:162:24)
      at asyncGeneratorStep (node_modules/@babel/runtime/helpers/asyncToGenerator.js:3:17)
      at _next (node_modules/@babel/runtime/helpers/asyncToGenerator.js:17:9)
      at node_modules/@babel/runtime/helpers/asyncToGenerator.js:22:7
      at Object.<anonymous> (node_modules/@babel/runtime/helpers/asyncToGenerator.js:14:12)

    console.log
      [DEBUG] 📡 Broadcasting transaction... {}

      at Object.log [as debug] (utils/logger.js:24:15)

    console.log
      [DEBUG] Intent inputs: none

      at Object.log [as debug] (utils/logger.js:24:15)

    console.log
      [DEBUG] ✅ Broadcast successful, txid: mock_txid

      at Object.log [as debug] (utils/logger.js:24:15)

    console.error
      [ERROR] ❌ Error extracting change outputs: Error: Offset is outside the bounds of Uint8Array
          at Object.readUInt32 (/Users/lucasrodriguez/Desktop/Ducat/app/app/node_modules/bitcoinjs-lib/node_modules/uint8array-tools/src/cjs/index.cjs:121:15)
          at BufferReader.readUInt32 (/Users/lucasrodriguez/Desktop/Ducat/app/app/node_modules/bitcoinjs-lib/src/cjs/bufferutils.cjs:173:26)
          at Function.fromBuffer (/Users/lucasrodriguez/Desktop/Ducat/app/app/node_modules/bitcoinjs-lib/src/cjs/transaction.cjs:102:31)
          at Function.fromHex (/Users/lucasrodriguez/Desktop/Ducat/app/app/node_modules/bitcoinjs-lib/src/cjs/transaction.cjs:146:24)
          at fromHex (/Users/lucasrodriguez/Desktop/Ducat/app/app/contexts/TransactionExecutionContext.js:75:40)
          at Generator.next (<anonymous>)
          at asyncGeneratorStep (/Users/lucasrodriguez/Desktop/Ducat/app/app/node_modules/@babel/runtime/helpers/asyncToGenerator.js:3:17)
          at _next (/Users/lucasrodriguez/Desktop/Ducat/app/app/node_modules/@babel/runtime/helpers/asyncToGenerator.js:17:9)
          at processTicksAndRejections (node:internal/process/task_queues:95:5)

      74 |   error: (error, context = {}) => {
      75 |     if (isDev) {
    > 76 |       console.error('[ERROR]', error, context);
         |               ^
      77 |     } else {
      78 |       if (error instanceof Error) {
      79 |         Sentry.captureException(error, {

      at Object.error (utils/logger.js:76:15)
      at error (contexts/TransactionExecutionContext.js:168:16)
      at asyncGeneratorStep (node_modules/@babel/runtime/helpers/asyncToGenerator.js:3:17)
      at _next (node_modules/@babel/runtime/helpers/asyncToGenerator.js:17:9)

    console.error
      [ERROR] Error details: Offset is outside the bounds of Uint8Array

      74 |   error: (error, context = {}) => {
      75 |     if (isDev) {
    > 76 |       console.error('[ERROR]', error, context);
         |               ^
      77 |     } else {
      78 |       if (error instanceof Error) {
      79 |         Sentry.captureException(error, {

      at Object.error (utils/logger.js:76:15)
      at error (contexts/TransactionExecutionContext.js:169:16)
      at asyncGeneratorStep (node_modules/@babel/runtime/helpers/asyncToGenerator.js:3:17)
      at _next (node_modules/@babel/runtime/helpers/asyncToGenerator.js:17:9)

    console.error
      The current testing environment is not configured to support act(...)

      173 |       // NOW move to pending state after outputs are extracted and saved
      174 |       // This ensures the outputs are available for the next transaction
    > 175 |       setBroadcastedTxid(txid);
          |       ^
      176 |       setIntentStep('pending');
      177 |       setToastDismissed(false);
      178 |

      at isConcurrentActEnvironment (node_modules/react-test-renderer/cjs/react-test-renderer.development.js:10243:17)
      at warnIfUpdatesNotWrappedWithActDEV (node_modules/react-test-renderer/cjs/react-test-renderer.development.js:11798:7)
      at scheduleUpdateOnFiber (node_modules/react-test-renderer/cjs/react-test-renderer.development.js:10326:9)
      at dispatchSetStateInternal (node_modules/react-test-renderer/cjs/react-test-renderer.development.js:4148:13)
      at dispatchSetState (node_modules/react-test-renderer/cjs/react-test-renderer.development.js:4107:7)
      at setBroadcastedTxid (contexts/TransactionExecutionContext.js:175:7)
      at asyncGeneratorStep (node_modules/@babel/runtime/helpers/asyncToGenerator.js:3:17)
      at _next (node_modules/@babel/runtime/helpers/asyncToGenerator.js:17:9)

    console.error
      The current testing environment is not configured to support act(...)

      175 |       setBroadcastedTxid(txid);
      176 |       setIntentStep('pending');
    > 177 |       setToastDismissed(false);
          |       ^
      178 |
      179 |       // Add to background monitoring
      180 |       const assetType = sendAssetType === 'unit' ? 'UNIT' : 'BTC';

      at isConcurrentActEnvironment (node_modules/react-test-renderer/cjs/react-test-renderer.development.js:10243:17)
      at warnIfUpdatesNotWrappedWithActDEV (node_modules/react-test-renderer/cjs/react-test-renderer.development.js:11798:7)
      at scheduleUpdateOnFiber (node_modules/react-test-renderer/cjs/react-test-renderer.development.js:10326:9)
      at dispatchSetStateInternal (node_modules/react-test-renderer/cjs/react-test-renderer.development.js:4148:13)
      at dispatchSetState (node_modules/react-test-renderer/cjs/react-test-renderer.development.js:4107:7)
      at setToastDismissed (contexts/TransactionExecutionContext.js:177:7)
      at asyncGeneratorStep (node_modules/@babel/runtime/helpers/asyncToGenerator.js:3:17)
      at _next (node_modules/@babel/runtime/helpers/asyncToGenerator.js:17:9)

    console.error
      The current testing environment is not configured to support act(...)

      49 |   useEffect(() => {
      50 |     if (broadcastedTxid) {
    > 51 |       setToastDismissed(false);
         |       ^
      52 |     }
      53 |   }, [broadcastedTxid]);
      54 |

      at isConcurrentActEnvironment (node_modules/react-test-renderer/cjs/react-test-renderer.development.js:10243:17)
      at warnIfUpdatesNotWrappedWithActDEV (node_modules/react-test-renderer/cjs/react-test-renderer.development.js:11798:7)
      at scheduleUpdateOnFiber (node_modules/react-test-renderer/cjs/react-test-renderer.development.js:10326:9)
      at dispatchSetStateInternal (node_modules/react-test-renderer/cjs/react-test-renderer.development.js:4148:13)
      at dispatchSetState (node_modules/react-test-renderer/cjs/react-test-renderer.development.js:4107:7)
      at setToastDismissed (contexts/TransactionExecutionContext.js:51:7)
      at Object.react-stack-bottom-frame (node_modules/react-test-renderer/cjs/react-test-renderer.development.js:14062:20)
      at runWithFiberInDEV (node_modules/react-test-renderer/cjs/react-test-renderer.development.js:1574:13)
      at commitHookEffectListMount (node_modules/react-test-renderer/cjs/react-test-renderer.development.js:8376:29)
      at commitHookPassiveMountEffects (node_modules/react-test-renderer/cjs/react-test-renderer.development.js:8465:11)
      at commitPassiveMountOnFiber (node_modules/react-test-renderer/cjs/react-test-renderer.development.js:9782:13)
      at recursivelyTraversePassiveMountEffects (node_modules/react-test-renderer/cjs/react-test-renderer.development.js:9756:11)
      at commitPassiveMountOnFiber (node_modules/react-test-renderer/cjs/react-test-renderer.development.js:9775:11)
      at recursivelyTraversePassiveMountEffects (node_modules/react-test-renderer/cjs/react-test-renderer.development.js:9756:11)
      at commitPassiveMountOnFiber (node_modules/react-test-renderer/cjs/react-test-renderer.development.js:9794:11)
      at flushPendingEffects (node_modules/react-test-renderer/cjs/react-test-renderer.development.js:11528:11)
      at performWorkOnRootViaSchedulerTask (node_modules/react-test-renderer/cjs/react-test-renderer.development.js:2082:11)
      at flushActQueue (node_modules/react/cjs/react.development.js:566:34)
      at node_modules/react/cjs/react.development.js:822:21

    console.error
      react-test-renderer is deprecated. See https://react.dev/warnings/react-test-renderer

      32 |   act(() => {
      33 |     component = Wrapper
    > 34 |       ? create(<Wrapper><TestComponent /></Wrapper>)
         |               ^
      35 |       : create(<TestComponent />);
      36 |   });
      37 |

      at process.env.NODE_ENV.exports.create (node_modules/react-test-renderer/cjs/react-test-renderer.development.js:14598:17)
      at contexts/__tests__/TransactionExecutionContext.test.js:34:15
      at process.env.NODE_ENV.exports.act (node_modules/react/cjs/react.development.js:789:22)
      at renderHook (contexts/__tests__/TransactionExecutionContext.test.js:32:6)
      at Object.renderHook (contexts/__tests__/TransactionExecutionContext.test.js:192:24)
      at asyncGeneratorStep (node_modules/@babel/runtime/helpers/asyncToGenerator.js:3:17)
      at _next (node_modules/@babel/runtime/helpers/asyncToGenerator.js:17:9)
      at node_modules/@babel/runtime/helpers/asyncToGenerator.js:22:7
      at Object.<anonymous> (node_modules/@babel/runtime/helpers/asyncToGenerator.js:14:12)

    console.error
      The current testing environment is not configured to support act(...)

      32 |   act(() => {
      33 |     component = Wrapper
    > 34 |       ? create(<Wrapper><TestComponent /></Wrapper>)
         |               ^
      35 |       : create(<TestComponent />);
      36 |   });
      37 |

      at isConcurrentActEnvironment (node_modules/react-test-renderer/cjs/react-test-renderer.development.js:10243:17)
      at warnIfUpdatesNotWrappedWithActDEV (node_modules/react-test-renderer/cjs/react-test-renderer.development.js:11798:7)
      at scheduleUpdateOnFiber (node_modules/react-test-renderer/cjs/react-test-renderer.development.js:10326:9)
      at updateContainerImpl (node_modules/react-test-renderer/cjs/react-test-renderer.development.js:12382:10)
      at updateContainer (node_modules/react-test-renderer/cjs/react-test-renderer.development.js:12326:7)
      at process.env.NODE_ENV.exports.create (node_modules/react-test-renderer/cjs/react-test-renderer.development.js:14630:7)
      at contexts/__tests__/TransactionExecutionContext.test.js:34:15
      at process.env.NODE_ENV.exports.act (node_modules/react/cjs/react.development.js:789:22)
      at renderHook (contexts/__tests__/TransactionExecutionContext.test.js:32:6)
      at Object.renderHook (contexts/__tests__/TransactionExecutionContext.test.js:192:24)
      at asyncGeneratorStep (node_modules/@babel/runtime/helpers/asyncToGenerator.js:3:17)
      at _next (node_modules/@babel/runtime/helpers/asyncToGenerator.js:17:9)
      at node_modules/@babel/runtime/helpers/asyncToGenerator.js:22:7
      at Object.<anonymous> (node_modules/@babel/runtime/helpers/asyncToGenerator.js:14:12)

    console.error
      react-test-renderer is deprecated. See https://react.dev/warnings/react-test-renderer

      32 |   act(() => {
      33 |     component = Wrapper
    > 34 |       ? create(<Wrapper><TestComponent /></Wrapper>)
         |               ^
      35 |       : create(<TestComponent />);
      36 |   });
      37 |

      at process.env.NODE_ENV.exports.create (node_modules/react-test-renderer/cjs/react-test-renderer.development.js:14598:17)
      at contexts/__tests__/TransactionExecutionContext.test.js:34:15
      at process.env.NODE_ENV.exports.act (node_modules/react/cjs/react.development.js:789:22)
      at renderHook (contexts/__tests__/TransactionExecutionContext.test.js:32:6)
      at Object.renderHook (contexts/__tests__/TransactionExecutionContext.test.js:218:24)
      at asyncGeneratorStep (node_modules/@babel/runtime/helpers/asyncToGenerator.js:3:17)
      at _next (node_modules/@babel/runtime/helpers/asyncToGenerator.js:17:9)
      at node_modules/@babel/runtime/helpers/asyncToGenerator.js:22:7
      at Object.<anonymous> (node_modules/@babel/runtime/helpers/asyncToGenerator.js:14:12)

    console.error
      The current testing environment is not configured to support act(...)

      32 |   act(() => {
      33 |     component = Wrapper
    > 34 |       ? create(<Wrapper><TestComponent /></Wrapper>)
         |               ^
      35 |       : create(<TestComponent />);
      36 |   });
      37 |

      at isConcurrentActEnvironment (node_modules/react-test-renderer/cjs/react-test-renderer.development.js:10243:17)
      at warnIfUpdatesNotWrappedWithActDEV (node_modules/react-test-renderer/cjs/react-test-renderer.development.js:11798:7)
      at scheduleUpdateOnFiber (node_modules/react-test-renderer/cjs/react-test-renderer.development.js:10326:9)
      at updateContainerImpl (node_modules/react-test-renderer/cjs/react-test-renderer.development.js:12382:10)
      at updateContainer (node_modules/react-test-renderer/cjs/react-test-renderer.development.js:12326:7)
      at process.env.NODE_ENV.exports.create (node_modules/react-test-renderer/cjs/react-test-renderer.development.js:14630:7)
      at contexts/__tests__/TransactionExecutionContext.test.js:34:15
      at process.env.NODE_ENV.exports.act (node_modules/react/cjs/react.development.js:789:22)
      at renderHook (contexts/__tests__/TransactionExecutionContext.test.js:32:6)
      at Object.renderHook (contexts/__tests__/TransactionExecutionContext.test.js:218:24)
      at asyncGeneratorStep (node_modules/@babel/runtime/helpers/asyncToGenerator.js:3:17)
      at _next (node_modules/@babel/runtime/helpers/asyncToGenerator.js:17:9)
      at node_modules/@babel/runtime/helpers/asyncToGenerator.js:22:7
      at Object.<anonymous> (node_modules/@babel/runtime/helpers/asyncToGenerator.js:14:12)

    console.error
      [ERROR] Error signing transaction: Error: Signing failed
          at Object.<anonymous> (/Users/lucasrodriguez/Desktop/Ducat/app/app/contexts/__tests__/TransactionExecutionContext.test.js:204:53)
          at Generator.next (<anonymous>)
          at asyncGeneratorStep (/Users/lucasrodriguez/Desktop/Ducat/app/app/node_modules/@babel/runtime/helpers/asyncToGenerator.js:3:17)
          at _next (/Users/lucasrodriguez/Desktop/Ducat/app/app/node_modules/@babel/runtime/helpers/asyncToGenerator.js:17:9)
          at /Users/lucasrodriguez/Desktop/Ducat/app/app/node_modules/@babel/runtime/helpers/asyncToGenerator.js:22:7
          at new Promise (<anonymous>)
          at Object.<anonymous> (/Users/lucasrodriguez/Desktop/Ducat/app/app/node_modules/@babel/runtime/helpers/asyncToGenerator.js:14:12)
          at Promise.finally.completed (/Users/lucasrodriguez/Desktop/Ducat/app/app/node_modules/jest-circus/build/jestAdapterInit.js:1557:28)
          at new Promise (<anonymous>)
          at callAsyncCircusFn (/Users/lucasrodriguez/Desktop/Ducat/app/app/node_modules/jest-circus/build/jestAdapterInit.js:1497:10)
          at _callCircusTest (/Users/lucasrodriguez/Desktop/Ducat/app/app/node_modules/jest-circus/build/jestAdapterInit.js:1007:40)
          at _runTest (/Users/lucasrodriguez/Desktop/Ducat/app/app/node_modules/jest-circus/build/jestAdapterInit.js:947:3)
          at /Users/lucasrodriguez/Desktop/Ducat/app/app/node_modules/jest-circus/build/jestAdapterInit.js:849:7
          at _runTestsForDescribeBlock (/Users/lucasrodriguez/Desktop/Ducat/app/app/node_modules/jest-circus/build/jestAdapterInit.js:862:11)
          at _runTestsForDescribeBlock (/Users/lucasrodriguez/Desktop/Ducat/app/app/node_modules/jest-circus/build/jestAdapterInit.js:857:11)
          at run (/Users/lucasrodriguez/Desktop/Ducat/app/app/node_modules/jest-circus/build/jestAdapterInit.js:761:3)
          at runAndTransformResultsToJestFormat (/Users/lucasrodriguez/Desktop/Ducat/app/app/node_modules/jest-circus/build/jestAdapterInit.js:1918:21)
          at jestAdapter (/Users/lucasrodriguez/Desktop/Ducat/app/app/node_modules/jest-circus/build/runner.js:101:19)
          at runTestInternal (/Users/lucasrodriguez/Desktop/Ducat/app/app/node_modules/jest-runner/build/testWorker.js:275:16)
          at runTest (/Users/lucasrodriguez/Desktop/Ducat/app/app/node_modules/jest-runner/build/testWorker.js:343:7)
          at Object.worker (/Users/lucasrodriguez/Desktop/Ducat/app/app/node_modules/jest-runner/build/testWorker.js:497:12)

      74 |   error: (error, context = {}) => {
      75 |     if (isDev) {
    > 76 |       console.error('[ERROR]', error, context);
         |               ^
      77 |     } else {
      78 |       if (error instanceof Error) {
      79 |         Sentry.captureException(error, {

      at Object.error (utils/logger.js:76:15)
      at Object.error (contexts/TransactionExecutionContext.js:244:14)
          at Generator.throw (<anonymous>)
      at asyncGeneratorStep (node_modules/@babel/runtime/helpers/asyncToGenerator.js:3:17)
      at _throw (node_modules/@babel/runtime/helpers/asyncToGenerator.js:20:9)

    console.error
      react-test-renderer is deprecated. See https://react.dev/warnings/react-test-renderer

      32 |   act(() => {
      33 |     component = Wrapper
    > 34 |       ? create(<Wrapper><TestComponent /></Wrapper>)
         |               ^
      35 |       : create(<TestComponent />);
      36 |   });
      37 |

      at process.env.NODE_ENV.exports.create (node_modules/react-test-renderer/cjs/react-test-renderer.development.js:14598:17)
      at contexts/__tests__/TransactionExecutionContext.test.js:34:15
      at process.env.NODE_ENV.exports.act (node_modules/react/cjs/react.development.js:789:22)
      at renderHook (contexts/__tests__/TransactionExecutionContext.test.js:32:6)
      at Object.renderHook (contexts/__tests__/TransactionExecutionContext.test.js:249:24)
      at asyncGeneratorStep (node_modules/@babel/runtime/helpers/asyncToGenerator.js:3:17)
      at _next (node_modules/@babel/runtime/helpers/asyncToGenerator.js:17:9)
      at node_modules/@babel/runtime/helpers/asyncToGenerator.js:22:7
      at Object.<anonymous> (node_modules/@babel/runtime/helpers/asyncToGenerator.js:14:12)

    console.error
      The current testing environment is not configured to support act(...)

      32 |   act(() => {
      33 |     component = Wrapper
    > 34 |       ? create(<Wrapper><TestComponent /></Wrapper>)
         |               ^
      35 |       : create(<TestComponent />);
      36 |   });
      37 |

      at isConcurrentActEnvironment (node_modules/react-test-renderer/cjs/react-test-renderer.development.js:10243:17)
      at warnIfUpdatesNotWrappedWithActDEV (node_modules/react-test-renderer/cjs/react-test-renderer.development.js:11798:7)
      at scheduleUpdateOnFiber (node_modules/react-test-renderer/cjs/react-test-renderer.development.js:10326:9)
      at updateContainerImpl (node_modules/react-test-renderer/cjs/react-test-renderer.development.js:12382:10)
      at updateContainer (node_modules/react-test-renderer/cjs/react-test-renderer.development.js:12326:7)
      at process.env.NODE_ENV.exports.create (node_modules/react-test-renderer/cjs/react-test-renderer.development.js:14630:7)
      at contexts/__tests__/TransactionExecutionContext.test.js:34:15
      at process.env.NODE_ENV.exports.act (node_modules/react/cjs/react.development.js:789:22)
      at renderHook (contexts/__tests__/TransactionExecutionContext.test.js:32:6)
      at Object.renderHook (contexts/__tests__/TransactionExecutionContext.test.js:249:24)
      at asyncGeneratorStep (node_modules/@babel/runtime/helpers/asyncToGenerator.js:3:17)
      at _next (node_modules/@babel/runtime/helpers/asyncToGenerator.js:17:9)
      at node_modules/@babel/runtime/helpers/asyncToGenerator.js:22:7
      at Object.<anonymous> (node_modules/@babel/runtime/helpers/asyncToGenerator.js:14:12)

    console.log
      [DEBUG] 📡 Broadcasting transaction... {}

      at Object.log [as debug] (utils/logger.js:24:15)

    console.log
      [DEBUG] Intent inputs: none

      at Object.log [as debug] (utils/logger.js:24:15)

    console.log
      [DEBUG] ✅ Broadcast successful, txid: mock_txid

      at Object.log [as debug] (utils/logger.js:24:15)

    console.error
      [ERROR] ❌ Error extracting change outputs: Error: Offset is outside the bounds of Uint8Array
          at Object.readUInt32 (/Users/lucasrodriguez/Desktop/Ducat/app/app/node_modules/bitcoinjs-lib/node_modules/uint8array-tools/src/cjs/index.cjs:121:15)
          at BufferReader.readUInt32 (/Users/lucasrodriguez/Desktop/Ducat/app/app/node_modules/bitcoinjs-lib/src/cjs/bufferutils.cjs:173:26)
          at Function.fromBuffer (/Users/lucasrodriguez/Desktop/Ducat/app/app/node_modules/bitcoinjs-lib/src/cjs/transaction.cjs:102:31)
          at Function.fromHex (/Users/lucasrodriguez/Desktop/Ducat/app/app/node_modules/bitcoinjs-lib/src/cjs/transaction.cjs:146:24)
          at Object.fromHex (/Users/lucasrodriguez/Desktop/Ducat/app/app/contexts/TransactionExecutionContext.js:75:40)
          at Generator.next (<anonymous>)
          at asyncGeneratorStep (/Users/lucasrodriguez/Desktop/Ducat/app/app/node_modules/@babel/runtime/helpers/asyncToGenerator.js:3:17)
          at _next (/Users/lucasrodriguez/Desktop/Ducat/app/app/node_modules/@babel/runtime/helpers/asyncToGenerator.js:17:9)

      74 |   error: (error, context = {}) => {
      75 |     if (isDev) {
    > 76 |       console.error('[ERROR]', error, context);
         |               ^
      77 |     } else {
      78 |       if (error instanceof Error) {
      79 |         Sentry.captureException(error, {

      at Object.error (utils/logger.js:76:15)
      at Object.error (contexts/TransactionExecutionContext.js:168:16)
      at asyncGeneratorStep (node_modules/@babel/runtime/helpers/asyncToGenerator.js:3:17)
      at _next (node_modules/@babel/runtime/helpers/asyncToGenerator.js:17:9)

    console.error
      [ERROR] Error details: Offset is outside the bounds of Uint8Array

      74 |   error: (error, context = {}) => {
      75 |     if (isDev) {
    > 76 |       console.error('[ERROR]', error, context);
         |               ^
      77 |     } else {
      78 |       if (error instanceof Error) {
      79 |         Sentry.captureException(error, {

      at Object.error (utils/logger.js:76:15)
      at Object.error (contexts/TransactionExecutionContext.js:169:16)
      at asyncGeneratorStep (node_modules/@babel/runtime/helpers/asyncToGenerator.js:3:17)
      at _next (node_modules/@babel/runtime/helpers/asyncToGenerator.js:17:9)

    console.error
      The current testing environment is not configured to support act(...)

      173 |       // NOW move to pending state after outputs are extracted and saved
      174 |       // This ensures the outputs are available for the next transaction
    > 175 |       setBroadcastedTxid(txid);
          |       ^
      176 |       setIntentStep('pending');
      177 |       setToastDismissed(false);
      178 |

      at isConcurrentActEnvironment (node_modules/react-test-renderer/cjs/react-test-renderer.development.js:10243:17)
      at warnIfUpdatesNotWrappedWithActDEV (node_modules/react-test-renderer/cjs/react-test-renderer.development.js:11798:7)
      at scheduleUpdateOnFiber (node_modules/react-test-renderer/cjs/react-test-renderer.development.js:10326:9)
      at dispatchSetStateInternal (node_modules/react-test-renderer/cjs/react-test-renderer.development.js:4148:13)
      at dispatchSetState (node_modules/react-test-renderer/cjs/react-test-renderer.development.js:4107:7)
      at Object.setBroadcastedTxid (contexts/TransactionExecutionContext.js:175:7)
      at asyncGeneratorStep (node_modules/@babel/runtime/helpers/asyncToGenerator.js:3:17)
      at _next (node_modules/@babel/runtime/helpers/asyncToGenerator.js:17:9)

    console.error
      The current testing environment is not configured to support act(...)

      175 |       setBroadcastedTxid(txid);
      176 |       setIntentStep('pending');
    > 177 |       setToastDismissed(false);
          |       ^
      178 |
      179 |       // Add to background monitoring
      180 |       const assetType = sendAssetType === 'unit' ? 'UNIT' : 'BTC';

      at isConcurrentActEnvironment (node_modules/react-test-renderer/cjs/react-test-renderer.development.js:10243:17)
      at warnIfUpdatesNotWrappedWithActDEV (node_modules/react-test-renderer/cjs/react-test-renderer.development.js:11798:7)
      at scheduleUpdateOnFiber (node_modules/react-test-renderer/cjs/react-test-renderer.development.js:10326:9)
      at dispatchSetStateInternal (node_modules/react-test-renderer/cjs/react-test-renderer.development.js:4148:13)
      at dispatchSetState (node_modules/react-test-renderer/cjs/react-test-renderer.development.js:4107:7)
      at Object.setToastDismissed (contexts/TransactionExecutionContext.js:177:7)
      at asyncGeneratorStep (node_modules/@babel/runtime/helpers/asyncToGenerator.js:3:17)
      at _next (node_modules/@babel/runtime/helpers/asyncToGenerator.js:17:9)

    console.error
      The current testing environment is not configured to support act(...)

      49 |   useEffect(() => {
      50 |     if (broadcastedTxid) {
    > 51 |       setToastDismissed(false);
         |       ^
      52 |     }
      53 |   }, [broadcastedTxid]);
      54 |

      at isConcurrentActEnvironment (node_modules/react-test-renderer/cjs/react-test-renderer.development.js:10243:17)
      at warnIfUpdatesNotWrappedWithActDEV (node_modules/react-test-renderer/cjs/react-test-renderer.development.js:11798:7)
      at scheduleUpdateOnFiber (node_modules/react-test-renderer/cjs/react-test-renderer.development.js:10326:9)
      at dispatchSetStateInternal (node_modules/react-test-renderer/cjs/react-test-renderer.development.js:4148:13)
      at dispatchSetState (node_modules/react-test-renderer/cjs/react-test-renderer.development.js:4107:7)
      at setToastDismissed (contexts/TransactionExecutionContext.js:51:7)
      at Object.react-stack-bottom-frame (node_modules/react-test-renderer/cjs/react-test-renderer.development.js:14062:20)
      at runWithFiberInDEV (node_modules/react-test-renderer/cjs/react-test-renderer.development.js:1574:13)
      at commitHookEffectListMount (node_modules/react-test-renderer/cjs/react-test-renderer.development.js:8376:29)
      at commitHookPassiveMountEffects (node_modules/react-test-renderer/cjs/react-test-renderer.development.js:8465:11)
      at commitPassiveMountOnFiber (node_modules/react-test-renderer/cjs/react-test-renderer.development.js:9782:13)
      at recursivelyTraversePassiveMountEffects (node_modules/react-test-renderer/cjs/react-test-renderer.development.js:9756:11)
      at commitPassiveMountOnFiber (node_modules/react-test-renderer/cjs/react-test-renderer.development.js:9775:11)
      at recursivelyTraversePassiveMountEffects (node_modules/react-test-renderer/cjs/react-test-renderer.development.js:9756:11)
      at commitPassiveMountOnFiber (node_modules/react-test-renderer/cjs/react-test-renderer.development.js:9794:11)
      at flushPendingEffects (node_modules/react-test-renderer/cjs/react-test-renderer.development.js:11528:11)
      at performWorkOnRootViaSchedulerTask (node_modules/react-test-renderer/cjs/react-test-renderer.development.js:2082:11)
      at flushActQueue (node_modules/react/cjs/react.development.js:566:34)
      at node_modules/react/cjs/react.development.js:822:21

    console.error
      react-test-renderer is deprecated. See https://react.dev/warnings/react-test-renderer

      32 |   act(() => {
      33 |     component = Wrapper
    > 34 |       ? create(<Wrapper><TestComponent /></Wrapper>)
         |               ^
      35 |       : create(<TestComponent />);
      36 |   });
      37 |

      at process.env.NODE_ENV.exports.create (node_modules/react-test-renderer/cjs/react-test-renderer.development.js:14598:17)
      at contexts/__tests__/TransactionExecutionContext.test.js:34:15
      at process.env.NODE_ENV.exports.act (node_modules/react/cjs/react.development.js:789:22)
      at renderHook (contexts/__tests__/TransactionExecutionContext.test.js:32:6)
      at Object.renderHook (contexts/__tests__/TransactionExecutionContext.test.js:293:24)
      at asyncGeneratorStep (node_modules/@babel/runtime/helpers/asyncToGenerator.js:3:17)
      at _next (node_modules/@babel/runtime/helpers/asyncToGenerator.js:17:9)
      at node_modules/@babel/runtime/helpers/asyncToGenerator.js:22:7
      at Object.<anonymous> (node_modules/@babel/runtime/helpers/asyncToGenerator.js:14:12)

    console.error
      The current testing environment is not configured to support act(...)

      32 |   act(() => {
      33 |     component = Wrapper
    > 34 |       ? create(<Wrapper><TestComponent /></Wrapper>)
         |               ^
      35 |       : create(<TestComponent />);
      36 |   });
      37 |

      at isConcurrentActEnvironment (node_modules/react-test-renderer/cjs/react-test-renderer.development.js:10243:17)
      at warnIfUpdatesNotWrappedWithActDEV (node_modules/react-test-renderer/cjs/react-test-renderer.development.js:11798:7)
      at scheduleUpdateOnFiber (node_modules/react-test-renderer/cjs/react-test-renderer.development.js:10326:9)
      at updateContainerImpl (node_modules/react-test-renderer/cjs/react-test-renderer.development.js:12382:10)
      at updateContainer (node_modules/react-test-renderer/cjs/react-test-renderer.development.js:12326:7)
      at process.env.NODE_ENV.exports.create (node_modules/react-test-renderer/cjs/react-test-renderer.development.js:14630:7)
      at contexts/__tests__/TransactionExecutionContext.test.js:34:15
      at process.env.NODE_ENV.exports.act (node_modules/react/cjs/react.development.js:789:22)
      at renderHook (contexts/__tests__/TransactionExecutionContext.test.js:32:6)
      at Object.renderHook (contexts/__tests__/TransactionExecutionContext.test.js:293:24)
      at asyncGeneratorStep (node_modules/@babel/runtime/helpers/asyncToGenerator.js:3:17)
      at _next (node_modules/@babel/runtime/helpers/asyncToGenerator.js:17:9)
      at node_modules/@babel/runtime/helpers/asyncToGenerator.js:22:7
      at Object.<anonymous> (node_modules/@babel/runtime/helpers/asyncToGenerator.js:14:12)

    console.log
      [DEBUG] 📡 Broadcasting transaction... {}

      at Object.log [as debug] (utils/logger.js:24:15)

    console.log
      [DEBUG] Intent inputs: none

      at Object.log [as debug] (utils/logger.js:24:15)

    console.log
      [DEBUG] ✅ Broadcast successful, txid: mock_txid_unit

      at Object.log [as debug] (utils/logger.js:24:15)

    console.error
      [ERROR] ❌ Error extracting change outputs: Error: Offset is outside the bounds of Uint8Array
          at Object.readUInt32 (/Users/lucasrodriguez/Desktop/Ducat/app/app/node_modules/bitcoinjs-lib/node_modules/uint8array-tools/src/cjs/index.cjs:121:15)
          at BufferReader.readUInt32 (/Users/lucasrodriguez/Desktop/Ducat/app/app/node_modules/bitcoinjs-lib/src/cjs/bufferutils.cjs:173:26)
          at Function.fromBuffer (/Users/lucasrodriguez/Desktop/Ducat/app/app/node_modules/bitcoinjs-lib/src/cjs/transaction.cjs:102:31)
          at Function.fromHex (/Users/lucasrodriguez/Desktop/Ducat/app/app/node_modules/bitcoinjs-lib/src/cjs/transaction.cjs:146:24)
          at Object.fromHex (/Users/lucasrodriguez/Desktop/Ducat/app/app/contexts/TransactionExecutionContext.js:75:40)
          at Generator.next (<anonymous>)
          at asyncGeneratorStep (/Users/lucasrodriguez/Desktop/Ducat/app/app/node_modules/@babel/runtime/helpers/asyncToGenerator.js:3:17)
          at _next (/Users/lucasrodriguez/Desktop/Ducat/app/app/node_modules/@babel/runtime/helpers/asyncToGenerator.js:17:9)

      74 |   error: (error, context = {}) => {
      75 |     if (isDev) {
    > 76 |       console.error('[ERROR]', error, context);
         |               ^
      77 |     } else {
      78 |       if (error instanceof Error) {
      79 |         Sentry.captureException(error, {

      at Object.error (utils/logger.js:76:15)
      at Object.error (contexts/TransactionExecutionContext.js:168:16)
      at asyncGeneratorStep (node_modules/@babel/runtime/helpers/asyncToGenerator.js:3:17)
      at _next (node_modules/@babel/runtime/helpers/asyncToGenerator.js:17:9)

    console.error
      [ERROR] Error details: Offset is outside the bounds of Uint8Array

      74 |   error: (error, context = {}) => {
      75 |     if (isDev) {
    > 76 |       console.error('[ERROR]', error, context);
         |               ^
      77 |     } else {
      78 |       if (error instanceof Error) {
      79 |         Sentry.captureException(error, {

      at Object.error (utils/logger.js:76:15)
      at Object.error (contexts/TransactionExecutionContext.js:169:16)
      at asyncGeneratorStep (node_modules/@babel/runtime/helpers/asyncToGenerator.js:3:17)
      at _next (node_modules/@babel/runtime/helpers/asyncToGenerator.js:17:9)

    console.error
      The current testing environment is not configured to support act(...)

      173 |       // NOW move to pending state after outputs are extracted and saved
      174 |       // This ensures the outputs are available for the next transaction
    > 175 |       setBroadcastedTxid(txid);
          |       ^
      176 |       setIntentStep('pending');
      177 |       setToastDismissed(false);
      178 |

      at isConcurrentActEnvironment (node_modules/react-test-renderer/cjs/react-test-renderer.development.js:10243:17)
      at warnIfUpdatesNotWrappedWithActDEV (node_modules/react-test-renderer/cjs/react-test-renderer.development.js:11798:7)
      at scheduleUpdateOnFiber (node_modules/react-test-renderer/cjs/react-test-renderer.development.js:10326:9)
      at dispatchSetStateInternal (node_modules/react-test-renderer/cjs/react-test-renderer.development.js:4148:13)
      at dispatchSetState (node_modules/react-test-renderer/cjs/react-test-renderer.development.js:4107:7)
      at Object.setBroadcastedTxid (contexts/TransactionExecutionContext.js:175:7)
      at asyncGeneratorStep (node_modules/@babel/runtime/helpers/asyncToGenerator.js:3:17)
      at _next (node_modules/@babel/runtime/helpers/asyncToGenerator.js:17:9)

    console.error
      The current testing environment is not configured to support act(...)

      175 |       setBroadcastedTxid(txid);
      176 |       setIntentStep('pending');
    > 177 |       setToastDismissed(false);
          |       ^
      178 |
      179 |       // Add to background monitoring
      180 |       const assetType = sendAssetType === 'unit' ? 'UNIT' : 'BTC';

      at isConcurrentActEnvironment (node_modules/react-test-renderer/cjs/react-test-renderer.development.js:10243:17)
      at warnIfUpdatesNotWrappedWithActDEV (node_modules/react-test-renderer/cjs/react-test-renderer.development.js:11798:7)
      at scheduleUpdateOnFiber (node_modules/react-test-renderer/cjs/react-test-renderer.development.js:10326:9)
      at dispatchSetStateInternal (node_modules/react-test-renderer/cjs/react-test-renderer.development.js:4148:13)
      at dispatchSetState (node_modules/react-test-renderer/cjs/react-test-renderer.development.js:4107:7)
      at Object.setToastDismissed (contexts/TransactionExecutionContext.js:177:7)
      at asyncGeneratorStep (node_modules/@babel/runtime/helpers/asyncToGenerator.js:3:17)
      at _next (node_modules/@babel/runtime/helpers/asyncToGenerator.js:17:9)

    console.error
      The current testing environment is not configured to support act(...)

      49 |   useEffect(() => {
      50 |     if (broadcastedTxid) {
    > 51 |       setToastDismissed(false);
         |       ^
      52 |     }
      53 |   }, [broadcastedTxid]);
      54 |

      at isConcurrentActEnvironment (node_modules/react-test-renderer/cjs/react-test-renderer.development.js:10243:17)
      at warnIfUpdatesNotWrappedWithActDEV (node_modules/react-test-renderer/cjs/react-test-renderer.development.js:11798:7)
      at scheduleUpdateOnFiber (node_modules/react-test-renderer/cjs/react-test-renderer.development.js:10326:9)
      at dispatchSetStateInternal (node_modules/react-test-renderer/cjs/react-test-renderer.development.js:4148:13)
      at dispatchSetState (node_modules/react-test-renderer/cjs/react-test-renderer.development.js:4107:7)
      at setToastDismissed (contexts/TransactionExecutionContext.js:51:7)
      at Object.react-stack-bottom-frame (node_modules/react-test-renderer/cjs/react-test-renderer.development.js:14062:20)
      at runWithFiberInDEV (node_modules/react-test-renderer/cjs/react-test-renderer.development.js:1574:13)
      at commitHookEffectListMount (node_modules/react-test-renderer/cjs/react-test-renderer.development.js:8376:29)
      at commitHookPassiveMountEffects (node_modules/react-test-renderer/cjs/react-test-renderer.development.js:8465:11)
      at commitPassiveMountOnFiber (node_modules/react-test-renderer/cjs/react-test-renderer.development.js:9782:13)
      at recursivelyTraversePassiveMountEffects (node_modules/react-test-renderer/cjs/react-test-renderer.development.js:9756:11)
      at commitPassiveMountOnFiber (node_modules/react-test-renderer/cjs/react-test-renderer.development.js:9775:11)
      at recursivelyTraversePassiveMountEffects (node_modules/react-test-renderer/cjs/react-test-renderer.development.js:9756:11)
      at commitPassiveMountOnFiber (node_modules/react-test-renderer/cjs/react-test-renderer.development.js:9794:11)
      at flushPendingEffects (node_modules/react-test-renderer/cjs/react-test-renderer.development.js:11528:11)
      at performWorkOnRootViaSchedulerTask (node_modules/react-test-renderer/cjs/react-test-renderer.development.js:2082:11)
      at flushActQueue (node_modules/react/cjs/react.development.js:566:34)
      at node_modules/react/cjs/react.development.js:822:21

    console.error
      react-test-renderer is deprecated. See https://react.dev/warnings/react-test-renderer

      32 |   act(() => {
      33 |     component = Wrapper
    > 34 |       ? create(<Wrapper><TestComponent /></Wrapper>)
         |               ^
      35 |       : create(<TestComponent />);
      36 |   });
      37 |

      at process.env.NODE_ENV.exports.create (node_modules/react-test-renderer/cjs/react-test-renderer.development.js:14598:17)
      at contexts/__tests__/TransactionExecutionContext.test.js:34:15
      at process.env.NODE_ENV.exports.act (node_modules/react/cjs/react.development.js:789:22)
      at renderHook (contexts/__tests__/TransactionExecutionContext.test.js:32:6)
      at Object.renderHook (contexts/__tests__/TransactionExecutionContext.test.js:325:24)
      at asyncGeneratorStep (node_modules/@babel/runtime/helpers/asyncToGenerator.js:3:17)
      at _next (node_modules/@babel/runtime/helpers/asyncToGenerator.js:17:9)
      at node_modules/@babel/runtime/helpers/asyncToGenerator.js:22:7
      at Object.<anonymous> (node_modules/@babel/runtime/helpers/asyncToGenerator.js:14:12)

    console.error
      The current testing environment is not configured to support act(...)

      32 |   act(() => {
      33 |     component = Wrapper
    > 34 |       ? create(<Wrapper><TestComponent /></Wrapper>)
         |               ^
      35 |       : create(<TestComponent />);
      36 |   });
      37 |

      at isConcurrentActEnvironment (node_modules/react-test-renderer/cjs/react-test-renderer.development.js:10243:17)
      at warnIfUpdatesNotWrappedWithActDEV (node_modules/react-test-renderer/cjs/react-test-renderer.development.js:11798:7)
      at scheduleUpdateOnFiber (node_modules/react-test-renderer/cjs/react-test-renderer.development.js:10326:9)
      at updateContainerImpl (node_modules/react-test-renderer/cjs/react-test-renderer.development.js:12382:10)
      at updateContainer (node_modules/react-test-renderer/cjs/react-test-renderer.development.js:12326:7)
      at process.env.NODE_ENV.exports.create (node_modules/react-test-renderer/cjs/react-test-renderer.development.js:14630:7)
      at contexts/__tests__/TransactionExecutionContext.test.js:34:15
      at process.env.NODE_ENV.exports.act (node_modules/react/cjs/react.development.js:789:22)
      at renderHook (contexts/__tests__/TransactionExecutionContext.test.js:32:6)
      at Object.renderHook (contexts/__tests__/TransactionExecutionContext.test.js:325:24)
      at asyncGeneratorStep (node_modules/@babel/runtime/helpers/asyncToGenerator.js:3:17)
      at _next (node_modules/@babel/runtime/helpers/asyncToGenerator.js:17:9)
      at node_modules/@babel/runtime/helpers/asyncToGenerator.js:22:7
      at Object.<anonymous> (node_modules/@babel/runtime/helpers/asyncToGenerator.js:14:12)

    console.error
      react-test-renderer is deprecated. See https://react.dev/warnings/react-test-renderer

      32 |   act(() => {
      33 |     component = Wrapper
    > 34 |       ? create(<Wrapper><TestComponent /></Wrapper>)
         |               ^
      35 |       : create(<TestComponent />);
      36 |   });
      37 |

      at process.env.NODE_ENV.exports.create (node_modules/react-test-renderer/cjs/react-test-renderer.development.js:14598:17)
      at contexts/__tests__/TransactionExecutionContext.test.js:34:15
      at process.env.NODE_ENV.exports.act (node_modules/react/cjs/react.development.js:789:22)
      at renderHook (contexts/__tests__/TransactionExecutionContext.test.js:32:6)
      at Object.renderHook (contexts/__tests__/TransactionExecutionContext.test.js:355:24)
      at asyncGeneratorStep (node_modules/@babel/runtime/helpers/asyncToGenerator.js:3:17)
      at _next (node_modules/@babel/runtime/helpers/asyncToGenerator.js:17:9)
      at node_modules/@babel/runtime/helpers/asyncToGenerator.js:22:7
      at Object.<anonymous> (node_modules/@babel/runtime/helpers/asyncToGenerator.js:14:12)

    console.error
      The current testing environment is not configured to support act(...)

      32 |   act(() => {
      33 |     component = Wrapper
    > 34 |       ? create(<Wrapper><TestComponent /></Wrapper>)
         |               ^
      35 |       : create(<TestComponent />);
      36 |   });
      37 |

      at isConcurrentActEnvironment (node_modules/react-test-renderer/cjs/react-test-renderer.development.js:10243:17)
      at warnIfUpdatesNotWrappedWithActDEV (node_modules/react-test-renderer/cjs/react-test-renderer.development.js:11798:7)
      at scheduleUpdateOnFiber (node_modules/react-test-renderer/cjs/react-test-renderer.development.js:10326:9)
      at updateContainerImpl (node_modules/react-test-renderer/cjs/react-test-renderer.development.js:12382:10)
      at updateContainer (node_modules/react-test-renderer/cjs/react-test-renderer.development.js:12326:7)
      at process.env.NODE_ENV.exports.create (node_modules/react-test-renderer/cjs/react-test-renderer.development.js:14630:7)
      at contexts/__tests__/TransactionExecutionContext.test.js:34:15
      at process.env.NODE_ENV.exports.act (node_modules/react/cjs/react.development.js:789:22)
      at renderHook (contexts/__tests__/TransactionExecutionContext.test.js:32:6)
      at Object.renderHook (contexts/__tests__/TransactionExecutionContext.test.js:355:24)
      at asyncGeneratorStep (node_modules/@babel/runtime/helpers/asyncToGenerator.js:3:17)
      at _next (node_modules/@babel/runtime/helpers/asyncToGenerator.js:17:9)
      at node_modules/@babel/runtime/helpers/asyncToGenerator.js:22:7
      at Object.<anonymous> (node_modules/@babel/runtime/helpers/asyncToGenerator.js:14:12)

    console.log
      [DEBUG] 📡 Broadcasting transaction... {}

      at Object.log [as debug] (utils/logger.js:24:15)

    console.log
      [DEBUG] Intent inputs: none

      at Object.log [as debug] (utils/logger.js:24:15)

    console.error
      [ERROR] ❌ Broadcast failed: Error: Network error
          at Object.<anonymous> (/Users/lucasrodriguez/Desktop/Ducat/app/app/contexts/__tests__/TransactionExecutionContext.test.js:341:63)
          at Generator.next (<anonymous>)
          at asyncGeneratorStep (/Users/lucasrodriguez/Desktop/Ducat/app/app/node_modules/@babel/runtime/helpers/asyncToGenerator.js:3:17)
          at _next (/Users/lucasrodriguez/Desktop/Ducat/app/app/node_modules/@babel/runtime/helpers/asyncToGenerator.js:17:9)
          at /Users/lucasrodriguez/Desktop/Ducat/app/app/node_modules/@babel/runtime/helpers/asyncToGenerator.js:22:7
          at new Promise (<anonymous>)
          at Object.<anonymous> (/Users/lucasrodriguez/Desktop/Ducat/app/app/node_modules/@babel/runtime/helpers/asyncToGenerator.js:14:12)
          at Promise.finally.completed (/Users/lucasrodriguez/Desktop/Ducat/app/app/node_modules/jest-circus/build/jestAdapterInit.js:1557:28)
          at new Promise (<anonymous>)
          at callAsyncCircusFn (/Users/lucasrodriguez/Desktop/Ducat/app/app/node_modules/jest-circus/build/jestAdapterInit.js:1497:10)
          at _callCircusTest (/Users/lucasrodriguez/Desktop/Ducat/app/app/node_modules/jest-circus/build/jestAdapterInit.js:1007:40)
          at _runTest (/Users/lucasrodriguez/Desktop/Ducat/app/app/node_modules/jest-circus/build/jestAdapterInit.js:947:3)
          at /Users/lucasrodriguez/Desktop/Ducat/app/app/node_modules/jest-circus/build/jestAdapterInit.js:849:7
          at _runTestsForDescribeBlock (/Users/lucasrodriguez/Desktop/Ducat/app/app/node_modules/jest-circus/build/jestAdapterInit.js:862:11)
          at _runTestsForDescribeBlock (/Users/lucasrodriguez/Desktop/Ducat/app/app/node_modules/jest-circus/build/jestAdapterInit.js:857:11)
          at run (/Users/lucasrodriguez/Desktop/Ducat/app/app/node_modules/jest-circus/build/jestAdapterInit.js:761:3)
          at runAndTransformResultsToJestFormat (/Users/lucasrodriguez/Desktop/Ducat/app/app/node_modules/jest-circus/build/jestAdapterInit.js:1918:21)
          at jestAdapter (/Users/lucasrodriguez/Desktop/Ducat/app/app/node_modules/jest-circus/build/runner.js:101:19)
          at runTestInternal (/Users/lucasrodriguez/Desktop/Ducat/app/app/node_modules/jest-runner/build/testWorker.js:275:16)
          at runTest (/Users/lucasrodriguez/Desktop/Ducat/app/app/node_modules/jest-runner/build/testWorker.js:343:7)
          at Object.worker (/Users/lucasrodriguez/Desktop/Ducat/app/app/node_modules/jest-runner/build/testWorker.js:497:12)

      74 |   error: (error, context = {}) => {
      75 |     if (isDev) {
    > 76 |       console.error('[ERROR]', error, context);
         |               ^
      77 |     } else {
      78 |       if (error instanceof Error) {
      79 |         Sentry.captureException(error, {

      at Object.error (utils/logger.js:76:15)
      at Object.error (contexts/TransactionExecutionContext.js:205:14)
          at Generator.throw (<anonymous>)
      at asyncGeneratorStep (node_modules/@babel/runtime/helpers/asyncToGenerator.js:3:17)
      at _throw (node_modules/@babel/runtime/helpers/asyncToGenerator.js:20:9)

    console.error
      [ERROR] Error message: Network error

      74 |   error: (error, context = {}) => {
      75 |     if (isDev) {
    > 76 |       console.error('[ERROR]', error, context);
         |               ^
      77 |     } else {
      78 |       if (error instanceof Error) {
      79 |         Sentry.captureException(error, {

      at Object.error (utils/logger.js:76:15)
      at Object.error (contexts/TransactionExecutionContext.js:206:14)
          at Generator.throw (<anonymous>)
      at asyncGeneratorStep (node_modules/@babel/runtime/helpers/asyncToGenerator.js:3:17)
      at _throw (node_modules/@babel/runtime/helpers/asyncToGenerator.js:20:9)

    console.error
      react-test-renderer is deprecated. See https://react.dev/warnings/react-test-renderer

      32 |   act(() => {
      33 |     component = Wrapper
    > 34 |       ? create(<Wrapper><TestComponent /></Wrapper>)
         |               ^
      35 |       : create(<TestComponent />);
      36 |   });
      37 |

      at process.env.NODE_ENV.exports.create (node_modules/react-test-renderer/cjs/react-test-renderer.development.js:14598:17)
      at contexts/__tests__/TransactionExecutionContext.test.js:34:15
      at process.env.NODE_ENV.exports.act (node_modules/react/cjs/react.development.js:789:22)
      at renderHook (contexts/__tests__/TransactionExecutionContext.test.js:32:6)
      at Object.renderHook (contexts/__tests__/TransactionExecutionContext.test.js:391:24)
      at asyncGeneratorStep (node_modules/@babel/runtime/helpers/asyncToGenerator.js:3:17)
      at _next (node_modules/@babel/runtime/helpers/asyncToGenerator.js:17:9)
      at node_modules/@babel/runtime/helpers/asyncToGenerator.js:22:7
      at Object.<anonymous> (node_modules/@babel/runtime/helpers/asyncToGenerator.js:14:12)

    console.error
      The current testing environment is not configured to support act(...)

      32 |   act(() => {
      33 |     component = Wrapper
    > 34 |       ? create(<Wrapper><TestComponent /></Wrapper>)
         |               ^
      35 |       : create(<TestComponent />);
      36 |   });
      37 |

      at isConcurrentActEnvironment (node_modules/react-test-renderer/cjs/react-test-renderer.development.js:10243:17)
      at warnIfUpdatesNotWrappedWithActDEV (node_modules/react-test-renderer/cjs/react-test-renderer.development.js:11798:7)
      at scheduleUpdateOnFiber (node_modules/react-test-renderer/cjs/react-test-renderer.development.js:10326:9)
      at updateContainerImpl (node_modules/react-test-renderer/cjs/react-test-renderer.development.js:12382:10)
      at updateContainer (node_modules/react-test-renderer/cjs/react-test-renderer.development.js:12326:7)
      at process.env.NODE_ENV.exports.create (node_modules/react-test-renderer/cjs/react-test-renderer.development.js:14630:7)
      at contexts/__tests__/TransactionExecutionContext.test.js:34:15
      at process.env.NODE_ENV.exports.act (node_modules/react/cjs/react.development.js:789:22)
      at renderHook (contexts/__tests__/TransactionExecutionContext.test.js:32:6)
      at Object.renderHook (contexts/__tests__/TransactionExecutionContext.test.js:391:24)
      at asyncGeneratorStep (node_modules/@babel/runtime/helpers/asyncToGenerator.js:3:17)
      at _next (node_modules/@babel/runtime/helpers/asyncToGenerator.js:17:9)
      at node_modules/@babel/runtime/helpers/asyncToGenerator.js:22:7
      at Object.<anonymous> (node_modules/@babel/runtime/helpers/asyncToGenerator.js:14:12)

    console.log
      [DEBUG] 📡 Broadcasting transaction... {}

      at Object.log [as debug] (utils/logger.js:24:15)

    console.log
      [DEBUG] Intent inputs: none

      at Object.log [as debug] (utils/logger.js:24:15)

    console.log
      [DEBUG] ✅ Broadcast successful, txid: mock_txid

      at Object.log [as debug] (utils/logger.js:24:15)

    console.error
      [ERROR] ❌ Error extracting change outputs: Error: Offset is outside the bounds of Uint8Array
          at Object.readUInt32 (/Users/lucasrodriguez/Desktop/Ducat/app/app/node_modules/bitcoinjs-lib/node_modules/uint8array-tools/src/cjs/index.cjs:121:15)
          at BufferReader.readUInt32 (/Users/lucasrodriguez/Desktop/Ducat/app/app/node_modules/bitcoinjs-lib/src/cjs/bufferutils.cjs:173:26)
          at Function.fromBuffer (/Users/lucasrodriguez/Desktop/Ducat/app/app/node_modules/bitcoinjs-lib/src/cjs/transaction.cjs:102:31)
          at Function.fromHex (/Users/lucasrodriguez/Desktop/Ducat/app/app/node_modules/bitcoinjs-lib/src/cjs/transaction.cjs:146:24)
          at Object.fromHex (/Users/lucasrodriguez/Desktop/Ducat/app/app/contexts/TransactionExecutionContext.js:75:40)
          at Generator.next (<anonymous>)
          at asyncGeneratorStep (/Users/lucasrodriguez/Desktop/Ducat/app/app/node_modules/@babel/runtime/helpers/asyncToGenerator.js:3:17)
          at _next (/Users/lucasrodriguez/Desktop/Ducat/app/app/node_modules/@babel/runtime/helpers/asyncToGenerator.js:17:9)

      74 |   error: (error, context = {}) => {
      75 |     if (isDev) {
    > 76 |       console.error('[ERROR]', error, context);
         |               ^
      77 |     } else {
      78 |       if (error instanceof Error) {
      79 |         Sentry.captureException(error, {

      at Object.error (utils/logger.js:76:15)
      at Object.error (contexts/TransactionExecutionContext.js:168:16)
      at asyncGeneratorStep (node_modules/@babel/runtime/helpers/asyncToGenerator.js:3:17)
      at _next (node_modules/@babel/runtime/helpers/asyncToGenerator.js:17:9)

    console.error
      [ERROR] Error details: Offset is outside the bounds of Uint8Array

      74 |   error: (error, context = {}) => {
      75 |     if (isDev) {
    > 76 |       console.error('[ERROR]', error, context);
         |               ^
      77 |     } else {
      78 |       if (error instanceof Error) {
      79 |         Sentry.captureException(error, {

      at Object.error (utils/logger.js:76:15)
      at Object.error (contexts/TransactionExecutionContext.js:169:16)
      at asyncGeneratorStep (node_modules/@babel/runtime/helpers/asyncToGenerator.js:3:17)
      at _next (node_modules/@babel/runtime/helpers/asyncToGenerator.js:17:9)

    console.error
      The current testing environment is not configured to support act(...)

      173 |       // NOW move to pending state after outputs are extracted and saved
      174 |       // This ensures the outputs are available for the next transaction
    > 175 |       setBroadcastedTxid(txid);
          |       ^
      176 |       setIntentStep('pending');
      177 |       setToastDismissed(false);
      178 |

      at isConcurrentActEnvironment (node_modules/react-test-renderer/cjs/react-test-renderer.development.js:10243:17)
      at warnIfUpdatesNotWrappedWithActDEV (node_modules/react-test-renderer/cjs/react-test-renderer.development.js:11798:7)
      at scheduleUpdateOnFiber (node_modules/react-test-renderer/cjs/react-test-renderer.development.js:10326:9)
      at dispatchSetStateInternal (node_modules/react-test-renderer/cjs/react-test-renderer.development.js:4148:13)
      at dispatchSetState (node_modules/react-test-renderer/cjs/react-test-renderer.development.js:4107:7)
      at Object.setBroadcastedTxid (contexts/TransactionExecutionContext.js:175:7)
      at asyncGeneratorStep (node_modules/@babel/runtime/helpers/asyncToGenerator.js:3:17)
      at _next (node_modules/@babel/runtime/helpers/asyncToGenerator.js:17:9)

    console.error
      The current testing environment is not configured to support act(...)

      175 |       setBroadcastedTxid(txid);
      176 |       setIntentStep('pending');
    > 177 |       setToastDismissed(false);
          |       ^
      178 |
      179 |       // Add to background monitoring
      180 |       const assetType = sendAssetType === 'unit' ? 'UNIT' : 'BTC';

      at isConcurrentActEnvironment (node_modules/react-test-renderer/cjs/react-test-renderer.development.js:10243:17)
      at warnIfUpdatesNotWrappedWithActDEV (node_modules/react-test-renderer/cjs/react-test-renderer.development.js:11798:7)
      at scheduleUpdateOnFiber (node_modules/react-test-renderer/cjs/react-test-renderer.development.js:10326:9)
      at dispatchSetStateInternal (node_modules/react-test-renderer/cjs/react-test-renderer.development.js:4148:13)
      at dispatchSetState (node_modules/react-test-renderer/cjs/react-test-renderer.development.js:4107:7)
      at Object.setToastDismissed (contexts/TransactionExecutionContext.js:177:7)
      at asyncGeneratorStep (node_modules/@babel/runtime/helpers/asyncToGenerator.js:3:17)
      at _next (node_modules/@babel/runtime/helpers/asyncToGenerator.js:17:9)

    console.error
      The current testing environment is not configured to support act(...)

      49 |   useEffect(() => {
      50 |     if (broadcastedTxid) {
    > 51 |       setToastDismissed(false);
         |       ^
      52 |     }
      53 |   }, [broadcastedTxid]);
      54 |

      at isConcurrentActEnvironment (node_modules/react-test-renderer/cjs/react-test-renderer.development.js:10243:17)
      at warnIfUpdatesNotWrappedWithActDEV (node_modules/react-test-renderer/cjs/react-test-renderer.development.js:11798:7)
      at scheduleUpdateOnFiber (node_modules/react-test-renderer/cjs/react-test-renderer.development.js:10326:9)
      at dispatchSetStateInternal (node_modules/react-test-renderer/cjs/react-test-renderer.development.js:4148:13)
      at dispatchSetState (node_modules/react-test-renderer/cjs/react-test-renderer.development.js:4107:7)
      at setToastDismissed (contexts/TransactionExecutionContext.js:51:7)
      at Object.react-stack-bottom-frame (node_modules/react-test-renderer/cjs/react-test-renderer.development.js:14062:20)
      at runWithFiberInDEV (node_modules/react-test-renderer/cjs/react-test-renderer.development.js:1574:13)
      at commitHookEffectListMount (node_modules/react-test-renderer/cjs/react-test-renderer.development.js:8376:29)
      at commitHookPassiveMountEffects (node_modules/react-test-renderer/cjs/react-test-renderer.development.js:8465:11)
      at commitPassiveMountOnFiber (node_modules/react-test-renderer/cjs/react-test-renderer.development.js:9782:13)
      at recursivelyTraversePassiveMountEffects (node_modules/react-test-renderer/cjs/react-test-renderer.development.js:9756:11)
      at commitPassiveMountOnFiber (node_modules/react-test-renderer/cjs/react-test-renderer.development.js:9775:11)
      at recursivelyTraversePassiveMountEffects (node_modules/react-test-renderer/cjs/react-test-renderer.development.js:9756:11)
      at commitPassiveMountOnFiber (node_modules/react-test-renderer/cjs/react-test-renderer.development.js:9794:11)
      at flushPendingEffects (node_modules/react-test-renderer/cjs/react-test-renderer.development.js:11528:11)
      at performWorkOnRootViaSchedulerTask (node_modules/react-test-renderer/cjs/react-test-renderer.development.js:2082:11)
      at flushActQueue (node_modules/react/cjs/react.development.js:566:34)
      at node_modules/react/cjs/react.development.js:822:21

    console.error
      react-test-renderer is deprecated. See https://react.dev/warnings/react-test-renderer

      32 |   act(() => {
      33 |     component = Wrapper
    > 34 |       ? create(<Wrapper><TestComponent /></Wrapper>)
         |               ^
      35 |       : create(<TestComponent />);
      36 |   });
      37 |

      at process.env.NODE_ENV.exports.create (node_modules/react-test-renderer/cjs/react-test-renderer.development.js:14598:17)
      at contexts/__tests__/TransactionExecutionContext.test.js:34:15
      at process.env.NODE_ENV.exports.act (node_modules/react/cjs/react.development.js:789:22)
      at renderHook (contexts/__tests__/TransactionExecutionContext.test.js:32:6)
      at Object.renderHook (contexts/__tests__/TransactionExecutionContext.test.js:438:24)
      at asyncGeneratorStep (node_modules/@babel/runtime/helpers/asyncToGenerator.js:3:17)
      at _next (node_modules/@babel/runtime/helpers/asyncToGenerator.js:17:9)
      at node_modules/@babel/runtime/helpers/asyncToGenerator.js:22:7
      at Object.<anonymous> (node_modules/@babel/runtime/helpers/asyncToGenerator.js:14:12)

    console.error
      The current testing environment is not configured to support act(...)

      32 |   act(() => {
      33 |     component = Wrapper
    > 34 |       ? create(<Wrapper><TestComponent /></Wrapper>)
         |               ^
      35 |       : create(<TestComponent />);
      36 |   });
      37 |

      at isConcurrentActEnvironment (node_modules/react-test-renderer/cjs/react-test-renderer.development.js:10243:17)
      at warnIfUpdatesNotWrappedWithActDEV (node_modules/react-test-renderer/cjs/react-test-renderer.development.js:11798:7)
      at scheduleUpdateOnFiber (node_modules/react-test-renderer/cjs/react-test-renderer.development.js:10326:9)
      at updateContainerImpl (node_modules/react-test-renderer/cjs/react-test-renderer.development.js:12382:10)
      at updateContainer (node_modules/react-test-renderer/cjs/react-test-renderer.development.js:12326:7)
      at process.env.NODE_ENV.exports.create (node_modules/react-test-renderer/cjs/react-test-renderer.development.js:14630:7)
      at contexts/__tests__/TransactionExecutionContext.test.js:34:15
      at process.env.NODE_ENV.exports.act (node_modules/react/cjs/react.development.js:789:22)
      at renderHook (contexts/__tests__/TransactionExecutionContext.test.js:32:6)
      at Object.renderHook (contexts/__tests__/TransactionExecutionContext.test.js:438:24)
      at asyncGeneratorStep (node_modules/@babel/runtime/helpers/asyncToGenerator.js:3:17)
      at _next (node_modules/@babel/runtime/helpers/asyncToGenerator.js:17:9)
      at node_modules/@babel/runtime/helpers/asyncToGenerator.js:22:7
      at Object.<anonymous> (node_modules/@babel/runtime/helpers/asyncToGenerator.js:14:12)

    console.log
      [DEBUG] 📡 Broadcasting transaction... {}

      at Object.log [as debug] (utils/logger.js:24:15)

    console.log
      [DEBUG] Intent inputs: none

      at Object.log [as debug] (utils/logger.js:24:15)

    console.log
      [DEBUG] ✅ Broadcast successful, txid: mock_txid

      at Object.log [as debug] (utils/logger.js:24:15)

    console.error
      [ERROR] ❌ Error extracting change outputs: Error: Offset is outside the bounds of Uint8Array
          at Object.readUInt32 (/Users/lucasrodriguez/Desktop/Ducat/app/app/node_modules/bitcoinjs-lib/node_modules/uint8array-tools/src/cjs/index.cjs:121:15)
          at BufferReader.readUInt32 (/Users/lucasrodriguez/Desktop/Ducat/app/app/node_modules/bitcoinjs-lib/src/cjs/bufferutils.cjs:173:26)
          at Function.fromBuffer (/Users/lucasrodriguez/Desktop/Ducat/app/app/node_modules/bitcoinjs-lib/src/cjs/transaction.cjs:102:31)
          at Function.fromHex (/Users/lucasrodriguez/Desktop/Ducat/app/app/node_modules/bitcoinjs-lib/src/cjs/transaction.cjs:146:24)
          at Object.fromHex (/Users/lucasrodriguez/Desktop/Ducat/app/app/contexts/TransactionExecutionContext.js:75:40)
          at Generator.next (<anonymous>)
          at asyncGeneratorStep (/Users/lucasrodriguez/Desktop/Ducat/app/app/node_modules/@babel/runtime/helpers/asyncToGenerator.js:3:17)
          at _next (/Users/lucasrodriguez/Desktop/Ducat/app/app/node_modules/@babel/runtime/helpers/asyncToGenerator.js:17:9)

      74 |   error: (error, context = {}) => {
      75 |     if (isDev) {
    > 76 |       console.error('[ERROR]', error, context);
         |               ^
      77 |     } else {
      78 |       if (error instanceof Error) {
      79 |         Sentry.captureException(error, {

      at Object.error (utils/logger.js:76:15)
      at Object.error (contexts/TransactionExecutionContext.js:168:16)
      at asyncGeneratorStep (node_modules/@babel/runtime/helpers/asyncToGenerator.js:3:17)
      at _next (node_modules/@babel/runtime/helpers/asyncToGenerator.js:17:9)

    console.error
      [ERROR] Error details: Offset is outside the bounds of Uint8Array

      74 |   error: (error, context = {}) => {
      75 |     if (isDev) {
    > 76 |       console.error('[ERROR]', error, context);
         |               ^
      77 |     } else {
      78 |       if (error instanceof Error) {
      79 |         Sentry.captureException(error, {

      at Object.error (utils/logger.js:76:15)
      at Object.error (contexts/TransactionExecutionContext.js:169:16)
      at asyncGeneratorStep (node_modules/@babel/runtime/helpers/asyncToGenerator.js:3:17)
      at _next (node_modules/@babel/runtime/helpers/asyncToGenerator.js:17:9)

    console.error
      The current testing environment is not configured to support act(...)

      173 |       // NOW move to pending state after outputs are extracted and saved
      174 |       // This ensures the outputs are available for the next transaction
    > 175 |       setBroadcastedTxid(txid);
          |       ^
      176 |       setIntentStep('pending');
      177 |       setToastDismissed(false);
      178 |

      at isConcurrentActEnvironment (node_modules/react-test-renderer/cjs/react-test-renderer.development.js:10243:17)
      at warnIfUpdatesNotWrappedWithActDEV (node_modules/react-test-renderer/cjs/react-test-renderer.development.js:11798:7)
      at scheduleUpdateOnFiber (node_modules/react-test-renderer/cjs/react-test-renderer.development.js:10326:9)
      at dispatchSetStateInternal (node_modules/react-test-renderer/cjs/react-test-renderer.development.js:4148:13)
      at dispatchSetState (node_modules/react-test-renderer/cjs/react-test-renderer.development.js:4107:7)
      at Object.setBroadcastedTxid (contexts/TransactionExecutionContext.js:175:7)
      at asyncGeneratorStep (node_modules/@babel/runtime/helpers/asyncToGenerator.js:3:17)
      at _next (node_modules/@babel/runtime/helpers/asyncToGenerator.js:17:9)

    console.error
      The current testing environment is not configured to support act(...)

      175 |       setBroadcastedTxid(txid);
      176 |       setIntentStep('pending');
    > 177 |       setToastDismissed(false);
          |       ^
      178 |
      179 |       // Add to background monitoring
      180 |       const assetType = sendAssetType === 'unit' ? 'UNIT' : 'BTC';

      at isConcurrentActEnvironment (node_modules/react-test-renderer/cjs/react-test-renderer.development.js:10243:17)
      at warnIfUpdatesNotWrappedWithActDEV (node_modules/react-test-renderer/cjs/react-test-renderer.development.js:11798:7)
      at scheduleUpdateOnFiber (node_modules/react-test-renderer/cjs/react-test-renderer.development.js:10326:9)
      at dispatchSetStateInternal (node_modules/react-test-renderer/cjs/react-test-renderer.development.js:4148:13)
      at dispatchSetState (node_modules/react-test-renderer/cjs/react-test-renderer.development.js:4107:7)
      at Object.setToastDismissed (contexts/TransactionExecutionContext.js:177:7)
      at asyncGeneratorStep (node_modules/@babel/runtime/helpers/asyncToGenerator.js:3:17)
      at _next (node_modules/@babel/runtime/helpers/asyncToGenerator.js:17:9)

    console.error
      The current testing environment is not configured to support act(...)

      49 |   useEffect(() => {
      50 |     if (broadcastedTxid) {
    > 51 |       setToastDismissed(false);
         |       ^
      52 |     }
      53 |   }, [broadcastedTxid]);
      54 |

      at isConcurrentActEnvironment (node_modules/react-test-renderer/cjs/react-test-renderer.development.js:10243:17)
      at warnIfUpdatesNotWrappedWithActDEV (node_modules/react-test-renderer/cjs/react-test-renderer.development.js:11798:7)
      at scheduleUpdateOnFiber (node_modules/react-test-renderer/cjs/react-test-renderer.development.js:10326:9)
      at dispatchSetStateInternal (node_modules/react-test-renderer/cjs/react-test-renderer.development.js:4148:13)
      at dispatchSetState (node_modules/react-test-renderer/cjs/react-test-renderer.development.js:4107:7)
      at setToastDismissed (contexts/TransactionExecutionContext.js:51:7)
      at Object.react-stack-bottom-frame (node_modules/react-test-renderer/cjs/react-test-renderer.development.js:14062:20)
      at runWithFiberInDEV (node_modules/react-test-renderer/cjs/react-test-renderer.development.js:1574:13)
      at commitHookEffectListMount (node_modules/react-test-renderer/cjs/react-test-renderer.development.js:8376:29)
      at commitHookPassiveMountEffects (node_modules/react-test-renderer/cjs/react-test-renderer.development.js:8465:11)
      at commitPassiveMountOnFiber (node_modules/react-test-renderer/cjs/react-test-renderer.development.js:9782:13)
      at recursivelyTraversePassiveMountEffects (node_modules/react-test-renderer/cjs/react-test-renderer.development.js:9756:11)
      at commitPassiveMountOnFiber (node_modules/react-test-renderer/cjs/react-test-renderer.development.js:9775:11)
      at recursivelyTraversePassiveMountEffects (node_modules/react-test-renderer/cjs/react-test-renderer.development.js:9756:11)
      at commitPassiveMountOnFiber (node_modules/react-test-renderer/cjs/react-test-renderer.development.js:9794:11)
      at flushPendingEffects (node_modules/react-test-renderer/cjs/react-test-renderer.development.js:11528:11)
      at performWorkOnRootViaSchedulerTask (node_modules/react-test-renderer/cjs/react-test-renderer.development.js:2082:11)
      at flushActQueue (node_modules/react/cjs/react.development.js:566:34)
      at node_modules/react/cjs/react.development.js:822:21

    console.error
      react-test-renderer is deprecated. See https://react.dev/warnings/react-test-renderer

      32 |   act(() => {
      33 |     component = Wrapper
    > 34 |       ? create(<Wrapper><TestComponent /></Wrapper>)
         |               ^
      35 |       : create(<TestComponent />);
      36 |   });
      37 |

      at process.env.NODE_ENV.exports.create (node_modules/react-test-renderer/cjs/react-test-renderer.development.js:14598:17)
      at contexts/__tests__/TransactionExecutionContext.test.js:34:15
      at process.env.NODE_ENV.exports.act (node_modules/react/cjs/react.development.js:789:22)
      at renderHook (contexts/__tests__/TransactionExecutionContext.test.js:32:6)
      at Object.renderHook (contexts/__tests__/TransactionExecutionContext.test.js:477:24)
      at asyncGeneratorStep (node_modules/@babel/runtime/helpers/asyncToGenerator.js:3:17)
      at _next (node_modules/@babel/runtime/helpers/asyncToGenerator.js:17:9)
      at node_modules/@babel/runtime/helpers/asyncToGenerator.js:22:7
      at Object.<anonymous> (node_modules/@babel/runtime/helpers/asyncToGenerator.js:14:12)

    console.error
      The current testing environment is not configured to support act(...)

      32 |   act(() => {
      33 |     component = Wrapper
    > 34 |       ? create(<Wrapper><TestComponent /></Wrapper>)
         |               ^
      35 |       : create(<TestComponent />);
      36 |   });
      37 |

      at isConcurrentActEnvironment (node_modules/react-test-renderer/cjs/react-test-renderer.development.js:10243:17)
      at warnIfUpdatesNotWrappedWithActDEV (node_modules/react-test-renderer/cjs/react-test-renderer.development.js:11798:7)
      at scheduleUpdateOnFiber (node_modules/react-test-renderer/cjs/react-test-renderer.development.js:10326:9)
      at updateContainerImpl (node_modules/react-test-renderer/cjs/react-test-renderer.development.js:12382:10)
      at updateContainer (node_modules/react-test-renderer/cjs/react-test-renderer.development.js:12326:7)
      at process.env.NODE_ENV.exports.create (node_modules/react-test-renderer/cjs/react-test-renderer.development.js:14630:7)
      at contexts/__tests__/TransactionExecutionContext.test.js:34:15
      at process.env.NODE_ENV.exports.act (node_modules/react/cjs/react.development.js:789:22)
      at renderHook (contexts/__tests__/TransactionExecutionContext.test.js:32:6)
      at Object.renderHook (contexts/__tests__/TransactionExecutionContext.test.js:477:24)
      at asyncGeneratorStep (node_modules/@babel/runtime/helpers/asyncToGenerator.js:3:17)
      at _next (node_modules/@babel/runtime/helpers/asyncToGenerator.js:17:9)
      at node_modules/@babel/runtime/helpers/asyncToGenerator.js:22:7
      at Object.<anonymous> (node_modules/@babel/runtime/helpers/asyncToGenerator.js:14:12)

    console.log
      [DEBUG] 📡 Broadcasting transaction... {}

      at Object.log [as debug] (utils/logger.js:24:15)

    console.log
      [DEBUG] Intent inputs: none

      at Object.log [as debug] (utils/logger.js:24:15)

    console.log
      [DEBUG] ✅ Broadcast successful, txid: mock_txid

      at Object.log [as debug] (utils/logger.js:24:15)

    console.error
      [ERROR] ❌ Error extracting change outputs: Error: Offset is outside the bounds of Uint8Array
          at Object.readUInt32 (/Users/lucasrodriguez/Desktop/Ducat/app/app/node_modules/bitcoinjs-lib/node_modules/uint8array-tools/src/cjs/index.cjs:121:15)
          at BufferReader.readUInt32 (/Users/lucasrodriguez/Desktop/Ducat/app/app/node_modules/bitcoinjs-lib/src/cjs/bufferutils.cjs:173:26)
          at Function.fromBuffer (/Users/lucasrodriguez/Desktop/Ducat/app/app/node_modules/bitcoinjs-lib/src/cjs/transaction.cjs:102:31)
          at Function.fromHex (/Users/lucasrodriguez/Desktop/Ducat/app/app/node_modules/bitcoinjs-lib/src/cjs/transaction.cjs:146:24)
          at Object.fromHex (/Users/lucasrodriguez/Desktop/Ducat/app/app/contexts/TransactionExecutionContext.js:75:40)
          at Generator.next (<anonymous>)
          at asyncGeneratorStep (/Users/lucasrodriguez/Desktop/Ducat/app/app/node_modules/@babel/runtime/helpers/asyncToGenerator.js:3:17)
          at _next (/Users/lucasrodriguez/Desktop/Ducat/app/app/node_modules/@babel/runtime/helpers/asyncToGenerator.js:17:9)

      74 |   error: (error, context = {}) => {
      75 |     if (isDev) {
    > 76 |       console.error('[ERROR]', error, context);
         |               ^
      77 |     } else {
      78 |       if (error instanceof Error) {
      79 |         Sentry.captureException(error, {

      at Object.error (utils/logger.js:76:15)
      at Object.error (contexts/TransactionExecutionContext.js:168:16)
      at asyncGeneratorStep (node_modules/@babel/runtime/helpers/asyncToGenerator.js:3:17)
      at _next (node_modules/@babel/runtime/helpers/asyncToGenerator.js:17:9)

    console.error
      [ERROR] Error details: Offset is outside the bounds of Uint8Array

      74 |   error: (error, context = {}) => {
      75 |     if (isDev) {
    > 76 |       console.error('[ERROR]', error, context);
         |               ^
      77 |     } else {
      78 |       if (error instanceof Error) {
      79 |         Sentry.captureException(error, {

      at Object.error (utils/logger.js:76:15)
      at Object.error (contexts/TransactionExecutionContext.js:169:16)
      at asyncGeneratorStep (node_modules/@babel/runtime/helpers/asyncToGenerator.js:3:17)
      at _next (node_modules/@babel/runtime/helpers/asyncToGenerator.js:17:9)

    console.error
      The current testing environment is not configured to support act(...)

      173 |       // NOW move to pending state after outputs are extracted and saved
      174 |       // This ensures the outputs are available for the next transaction
    > 175 |       setBroadcastedTxid(txid);
          |       ^
      176 |       setIntentStep('pending');
      177 |       setToastDismissed(false);
      178 |

      at isConcurrentActEnvironment (node_modules/react-test-renderer/cjs/react-test-renderer.development.js:10243:17)
      at warnIfUpdatesNotWrappedWithActDEV (node_modules/react-test-renderer/cjs/react-test-renderer.development.js:11798:7)
      at scheduleUpdateOnFiber (node_modules/react-test-renderer/cjs/react-test-renderer.development.js:10326:9)
      at dispatchSetStateInternal (node_modules/react-test-renderer/cjs/react-test-renderer.development.js:4148:13)
      at dispatchSetState (node_modules/react-test-renderer/cjs/react-test-renderer.development.js:4107:7)
      at Object.setBroadcastedTxid (contexts/TransactionExecutionContext.js:175:7)
      at asyncGeneratorStep (node_modules/@babel/runtime/helpers/asyncToGenerator.js:3:17)
      at _next (node_modules/@babel/runtime/helpers/asyncToGenerator.js:17:9)

    console.error
      The current testing environment is not configured to support act(...)

      175 |       setBroadcastedTxid(txid);
      176 |       setIntentStep('pending');
    > 177 |       setToastDismissed(false);
          |       ^
      178 |
      179 |       // Add to background monitoring
      180 |       const assetType = sendAssetType === 'unit' ? 'UNIT' : 'BTC';

      at isConcurrentActEnvironment (node_modules/react-test-renderer/cjs/react-test-renderer.development.js:10243:17)
      at warnIfUpdatesNotWrappedWithActDEV (node_modules/react-test-renderer/cjs/react-test-renderer.development.js:11798:7)
      at scheduleUpdateOnFiber (node_modules/react-test-renderer/cjs/react-test-renderer.development.js:10326:9)
      at dispatchSetStateInternal (node_modules/react-test-renderer/cjs/react-test-renderer.development.js:4148:13)
      at dispatchSetState (node_modules/react-test-renderer/cjs/react-test-renderer.development.js:4107:7)
      at Object.setToastDismissed (contexts/TransactionExecutionContext.js:177:7)
      at asyncGeneratorStep (node_modules/@babel/runtime/helpers/asyncToGenerator.js:3:17)
      at _next (node_modules/@babel/runtime/helpers/asyncToGenerator.js:17:9)

    console.error
      The current testing environment is not configured to support act(...)

      49 |   useEffect(() => {
      50 |     if (broadcastedTxid) {
    > 51 |       setToastDismissed(false);
         |       ^
      52 |     }
      53 |   }, [broadcastedTxid]);
      54 |

      at isConcurrentActEnvironment (node_modules/react-test-renderer/cjs/react-test-renderer.development.js:10243:17)
      at warnIfUpdatesNotWrappedWithActDEV (node_modules/react-test-renderer/cjs/react-test-renderer.development.js:11798:7)
      at scheduleUpdateOnFiber (node_modules/react-test-renderer/cjs/react-test-renderer.development.js:10326:9)
      at dispatchSetStateInternal (node_modules/react-test-renderer/cjs/react-test-renderer.development.js:4148:13)
      at dispatchSetState (node_modules/react-test-renderer/cjs/react-test-renderer.development.js:4107:7)
      at setToastDismissed (contexts/TransactionExecutionContext.js:51:7)
      at Object.react-stack-bottom-frame (node_modules/react-test-renderer/cjs/react-test-renderer.development.js:14062:20)
      at runWithFiberInDEV (node_modules/react-test-renderer/cjs/react-test-renderer.development.js:1574:13)
      at commitHookEffectListMount (node_modules/react-test-renderer/cjs/react-test-renderer.development.js:8376:29)
      at commitHookPassiveMountEffects (node_modules/react-test-renderer/cjs/react-test-renderer.development.js:8465:11)
      at commitPassiveMountOnFiber (node_modules/react-test-renderer/cjs/react-test-renderer.development.js:9782:13)
      at recursivelyTraversePassiveMountEffects (node_modules/react-test-renderer/cjs/react-test-renderer.development.js:9756:11)
      at commitPassiveMountOnFiber (node_modules/react-test-renderer/cjs/react-test-renderer.development.js:9775:11)
      at recursivelyTraversePassiveMountEffects (node_modules/react-test-renderer/cjs/react-test-renderer.development.js:9756:11)
      at commitPassiveMountOnFiber (node_modules/react-test-renderer/cjs/react-test-renderer.development.js:9794:11)
      at flushPendingEffects (node_modules/react-test-renderer/cjs/react-test-renderer.development.js:11528:11)
      at performWorkOnRootViaSchedulerTask (node_modules/react-test-renderer/cjs/react-test-renderer.development.js:2082:11)
      at flushActQueue (node_modules/react/cjs/react.development.js:566:34)
      at node_modules/react/cjs/react.development.js:822:21

    console.error
      react-test-renderer is deprecated. See https://react.dev/warnings/react-test-renderer

      32 |   act(() => {
      33 |     component = Wrapper
    > 34 |       ? create(<Wrapper><TestComponent /></Wrapper>)
         |               ^
      35 |       : create(<TestComponent />);
      36 |   });
      37 |

      at process.env.NODE_ENV.exports.create (node_modules/react-test-renderer/cjs/react-test-renderer.development.js:14598:17)
      at contexts/__tests__/TransactionExecutionContext.test.js:34:15
      at process.env.NODE_ENV.exports.act (node_modules/react/cjs/react.development.js:789:22)
      at renderHook (contexts/__tests__/TransactionExecutionContext.test.js:32:6)
      at Object.renderHook (contexts/__tests__/TransactionExecutionContext.test.js:505:24)

    console.error
      The current testing environment is not configured to support act(...)

      32 |   act(() => {
      33 |     component = Wrapper
    > 34 |       ? create(<Wrapper><TestComponent /></Wrapper>)
         |               ^
      35 |       : create(<TestComponent />);
      36 |   });
      37 |

      at isConcurrentActEnvironment (node_modules/react-test-renderer/cjs/react-test-renderer.development.js:10243:17)
      at warnIfUpdatesNotWrappedWithActDEV (node_modules/react-test-renderer/cjs/react-test-renderer.development.js:11798:7)
      at scheduleUpdateOnFiber (node_modules/react-test-renderer/cjs/react-test-renderer.development.js:10326:9)
      at updateContainerImpl (node_modules/react-test-renderer/cjs/react-test-renderer.development.js:12382:10)
      at updateContainer (node_modules/react-test-renderer/cjs/react-test-renderer.development.js:12326:7)
      at process.env.NODE_ENV.exports.create (node_modules/react-test-renderer/cjs/react-test-renderer.development.js:14630:7)
      at contexts/__tests__/TransactionExecutionContext.test.js:34:15
      at process.env.NODE_ENV.exports.act (node_modules/react/cjs/react.development.js:789:22)
      at renderHook (contexts/__tests__/TransactionExecutionContext.test.js:32:6)
      at Object.renderHook (contexts/__tests__/TransactionExecutionContext.test.js:505:24)

    console.error
      The current testing environment is not configured to support act(...)

      507 |     // Set toastDismissed to true
      508 |     act(() => {
    > 509 |       result.current.setToastDismissed(true);
          |                      ^
      510 |     });
      511 |
      512 |     expect(result.current.toastDismissed).toBe(true);

      at isConcurrentActEnvironment (node_modules/react-test-renderer/cjs/react-test-renderer.development.js:10243:17)
      at warnIfUpdatesNotWrappedWithActDEV (node_modules/react-test-renderer/cjs/react-test-renderer.development.js:11798:7)
      at scheduleUpdateOnFiber (node_modules/react-test-renderer/cjs/react-test-renderer.development.js:10326:9)
      at dispatchSetStateInternal (node_modules/react-test-renderer/cjs/react-test-renderer.development.js:4148:13)
      at dispatchSetState (node_modules/react-test-renderer/cjs/react-test-renderer.development.js:4107:7)
      at setToastDismissed (contexts/__tests__/TransactionExecutionContext.test.js:509:22)
      at process.env.NODE_ENV.exports.act (node_modules/react/cjs/react.development.js:789:22)
      at Object.<anonymous> (contexts/__tests__/TransactionExecutionContext.test.js:508:8)

    console.error
      The current testing environment is not configured to support act(...)

      514 |     // Set broadcastedTxid (should reset toastDismissed via useEffect)
      515 |     act(() => {
    > 516 |       result.current.setBroadcastedTxid('new_txid');
          |                      ^
      517 |     });
      518 |
      519 |     expect(result.current.toastDismissed).toBe(false);

      at isConcurrentActEnvironment (node_modules/react-test-renderer/cjs/react-test-renderer.development.js:10243:17)
      at warnIfUpdatesNotWrappedWithActDEV (node_modules/react-test-renderer/cjs/react-test-renderer.development.js:11798:7)
      at scheduleUpdateOnFiber (node_modules/react-test-renderer/cjs/react-test-renderer.development.js:10326:9)
      at dispatchSetStateInternal (node_modules/react-test-renderer/cjs/react-test-renderer.development.js:4148:13)
      at dispatchSetState (node_modules/react-test-renderer/cjs/react-test-renderer.development.js:4107:7)
      at setBroadcastedTxid (contexts/__tests__/TransactionExecutionContext.test.js:516:22)
      at process.env.NODE_ENV.exports.act (node_modules/react/cjs/react.development.js:789:22)
      at Object.<anonymous> (contexts/__tests__/TransactionExecutionContext.test.js:515:8)

    console.error
      The current testing environment is not configured to support act(...)

      49 |   useEffect(() => {
      50 |     if (broadcastedTxid) {
    > 51 |       setToastDismissed(false);
         |       ^
      52 |     }
      53 |   }, [broadcastedTxid]);
      54 |

      at isConcurrentActEnvironment (node_modules/react-test-renderer/cjs/react-test-renderer.development.js:10243:17)
      at warnIfUpdatesNotWrappedWithActDEV (node_modules/react-test-renderer/cjs/react-test-renderer.development.js:11798:7)
      at scheduleUpdateOnFiber (node_modules/react-test-renderer/cjs/react-test-renderer.development.js:10326:9)
      at dispatchSetStateInternal (node_modules/react-test-renderer/cjs/react-test-renderer.development.js:4148:13)
      at dispatchSetState (node_modules/react-test-renderer/cjs/react-test-renderer.development.js:4107:7)
      at setToastDismissed (contexts/TransactionExecutionContext.js:51:7)
      at Object.react-stack-bottom-frame (node_modules/react-test-renderer/cjs/react-test-renderer.development.js:14062:20)
      at runWithFiberInDEV (node_modules/react-test-renderer/cjs/react-test-renderer.development.js:1574:13)
      at commitHookEffectListMount (node_modules/react-test-renderer/cjs/react-test-renderer.development.js:8376:29)
      at commitHookPassiveMountEffects (node_modules/react-test-renderer/cjs/react-test-renderer.development.js:8465:11)
      at commitPassiveMountOnFiber (node_modules/react-test-renderer/cjs/react-test-renderer.development.js:9782:13)
      at recursivelyTraversePassiveMountEffects (node_modules/react-test-renderer/cjs/react-test-renderer.development.js:9756:11)
      at commitPassiveMountOnFiber (node_modules/react-test-renderer/cjs/react-test-renderer.development.js:9775:11)
      at recursivelyTraversePassiveMountEffects (node_modules/react-test-renderer/cjs/react-test-renderer.development.js:9756:11)
      at commitPassiveMountOnFiber (node_modules/react-test-renderer/cjs/react-test-renderer.development.js:9794:11)
      at flushPendingEffects (node_modules/react-test-renderer/cjs/react-test-renderer.development.js:11528:11)
      at performWorkOnRootViaSchedulerTask (node_modules/react-test-renderer/cjs/react-test-renderer.development.js:2082:11)
      at flushActQueue (node_modules/react/cjs/react.development.js:566:34)
      at process.env.NODE_ENV.exports.act (node_modules/react/cjs/react.development.js:859:10)
      at Object.<anonymous> (contexts/__tests__/TransactionExecutionContext.test.js:515:8)

    console.error
      react-test-renderer is deprecated. See https://react.dev/warnings/react-test-renderer

      32 |   act(() => {
      33 |     component = Wrapper
    > 34 |       ? create(<Wrapper><TestComponent /></Wrapper>)
         |               ^
      35 |       : create(<TestComponent />);
      36 |   });
      37 |

      at process.env.NODE_ENV.exports.create (node_modules/react-test-renderer/cjs/react-test-renderer.development.js:14598:17)
      at contexts/__tests__/TransactionExecutionContext.test.js:34:15
      at process.env.NODE_ENV.exports.act (node_modules/react/cjs/react.development.js:789:22)
      at renderHook (contexts/__tests__/TransactionExecutionContext.test.js:32:6)
      at Object.renderHook (contexts/__tests__/TransactionExecutionContext.test.js:583:26)
      at asyncGeneratorStep (node_modules/@babel/runtime/helpers/asyncToGenerator.js:3:17)
      at _next (node_modules/@babel/runtime/helpers/asyncToGenerator.js:17:9)
      at node_modules/@babel/runtime/helpers/asyncToGenerator.js:22:7
      at Object.<anonymous> (node_modules/@babel/runtime/helpers/asyncToGenerator.js:14:12)

    console.error
      The current testing environment is not configured to support act(...)

      32 |   act(() => {
      33 |     component = Wrapper
    > 34 |       ? create(<Wrapper><TestComponent /></Wrapper>)
         |               ^
      35 |       : create(<TestComponent />);
      36 |   });
      37 |

      at isConcurrentActEnvironment (node_modules/react-test-renderer/cjs/react-test-renderer.development.js:10243:17)
      at warnIfUpdatesNotWrappedWithActDEV (node_modules/react-test-renderer/cjs/react-test-renderer.development.js:11798:7)
      at scheduleUpdateOnFiber (node_modules/react-test-renderer/cjs/react-test-renderer.development.js:10326:9)
      at updateContainerImpl (node_modules/react-test-renderer/cjs/react-test-renderer.development.js:12382:10)
      at updateContainer (node_modules/react-test-renderer/cjs/react-test-renderer.development.js:12326:7)
      at process.env.NODE_ENV.exports.create (node_modules/react-test-renderer/cjs/react-test-renderer.development.js:14630:7)
      at contexts/__tests__/TransactionExecutionContext.test.js:34:15
      at process.env.NODE_ENV.exports.act (node_modules/react/cjs/react.development.js:789:22)
      at renderHook (contexts/__tests__/TransactionExecutionContext.test.js:32:6)
      at Object.renderHook (contexts/__tests__/TransactionExecutionContext.test.js:583:26)
      at asyncGeneratorStep (node_modules/@babel/runtime/helpers/asyncToGenerator.js:3:17)
      at _next (node_modules/@babel/runtime/helpers/asyncToGenerator.js:17:9)
      at node_modules/@babel/runtime/helpers/asyncToGenerator.js:22:7
      at Object.<anonymous> (node_modules/@babel/runtime/helpers/asyncToGenerator.js:14:12)

    console.log
      [DEBUG] 📡 Broadcasting transaction... {}

      at Object.log [as debug] (utils/logger.js:24:15)

    console.log
      [DEBUG] Intent inputs: none

      at Object.log [as debug] (utils/logger.js:24:15)

    console.log
      [DEBUG] ✅ Broadcast successful, txid: mock_txid

      at Object.log [as debug] (utils/logger.js:24:15)

    console.log
      [DEBUG] 🔍 Extracting outputs from broadcasted tx: mock_txid

      at Object.log [as debug] (utils/logger.js:24:15)

    console.log
      [DEBUG] Total outputs in tx: 2

      at Object.log [as debug] (utils/logger.js:24:15)

    console.log
      [DEBUG] Input: aaaaaaaaaaaaaaaaaaaaaaaaaaaaaaaaaaaaaaaaaaaaaaaaaaaaaaaaaaaaaaaa

      at Object.log [as debug] (utils/logger.js:24:15)

    console.log
      [DEBUG] 📝 Re-confirming 1

      at Object.log [as debug] (utils/logger.js:24:15)

    console.log
      [DEBUG] Output 0: bc1qrecipient = 50000 sats {}

      at Object.log [as debug] (utils/logger.js:24:15)
          at Array.forEach (<anonymous>)

    console.log
      [DEBUG] Is change? false (segwit: tb1qtest, taproot: tb1ptest) {}

      at Object.log [as debug] (utils/logger.js:24:15)
          at Array.forEach (<anonymous>)

    console.log
      [DEBUG] Output 1: tb1qtest = 10000 sats {}

      at Object.log [as debug] (utils/logger.js:24:15)
          at Array.forEach (<anonymous>)

    console.log
      [DEBUG] Is change? true (segwit: tb1qtest, taproot: tb1ptest) {}

      at Object.log [as debug] (utils/logger.js:24:15)
          at Array.forEach (<anonymous>)

    console.log
      [DEBUG] ✅ Adding change output: { address: 'tb1qtest', value: 10000, vout: 1 }

      at Object.log [as debug] (utils/logger.js:24:15)
          at Array.forEach (<anonymous>)

    console.log
      [DEBUG] Total change outputs found: 1

      at Object.log [as debug] (utils/logger.js:24:15)

    console.log
      [DEBUG] 💾 Adding pending transaction: mock_txid

      at Object.log [as debug] (utils/logger.js:24:15)

    console.error
      The current testing environment is not configured to support act(...)

      173 |       // NOW move to pending state after outputs are extracted and saved
      174 |       // This ensures the outputs are available for the next transaction
    > 175 |       setBroadcastedTxid(txid);
          |       ^
      176 |       setIntentStep('pending');
      177 |       setToastDismissed(false);
      178 |

      at isConcurrentActEnvironment (node_modules/react-test-renderer/cjs/react-test-renderer.development.js:10243:17)
      at warnIfUpdatesNotWrappedWithActDEV (node_modules/react-test-renderer/cjs/react-test-renderer.development.js:11798:7)
      at scheduleUpdateOnFiber (node_modules/react-test-renderer/cjs/react-test-renderer.development.js:10326:9)
      at dispatchSetStateInternal (node_modules/react-test-renderer/cjs/react-test-renderer.development.js:4148:13)
      at dispatchSetState (node_modules/react-test-renderer/cjs/react-test-renderer.development.js:4107:7)
      at Object.setBroadcastedTxid (contexts/TransactionExecutionContext.js:175:7)
      at asyncGeneratorStep (node_modules/@babel/runtime/helpers/asyncToGenerator.js:3:17)
      at _next (node_modules/@babel/runtime/helpers/asyncToGenerator.js:17:9)

    console.error
      The current testing environment is not configured to support act(...)

      175 |       setBroadcastedTxid(txid);
      176 |       setIntentStep('pending');
    > 177 |       setToastDismissed(false);
          |       ^
      178 |
      179 |       // Add to background monitoring
      180 |       const assetType = sendAssetType === 'unit' ? 'UNIT' : 'BTC';

      at isConcurrentActEnvironment (node_modules/react-test-renderer/cjs/react-test-renderer.development.js:10243:17)
      at warnIfUpdatesNotWrappedWithActDEV (node_modules/react-test-renderer/cjs/react-test-renderer.development.js:11798:7)
      at scheduleUpdateOnFiber (node_modules/react-test-renderer/cjs/react-test-renderer.development.js:10326:9)
      at dispatchSetStateInternal (node_modules/react-test-renderer/cjs/react-test-renderer.development.js:4148:13)
      at dispatchSetState (node_modules/react-test-renderer/cjs/react-test-renderer.development.js:4107:7)
      at Object.setToastDismissed (contexts/TransactionExecutionContext.js:177:7)
      at asyncGeneratorStep (node_modules/@babel/runtime/helpers/asyncToGenerator.js:3:17)
      at _next (node_modules/@babel/runtime/helpers/asyncToGenerator.js:17:9)

    console.error
      The current testing environment is not configured to support act(...)

      49 |   useEffect(() => {
      50 |     if (broadcastedTxid) {
    > 51 |       setToastDismissed(false);
         |       ^
      52 |     }
      53 |   }, [broadcastedTxid]);
      54 |

      at isConcurrentActEnvironment (node_modules/react-test-renderer/cjs/react-test-renderer.development.js:10243:17)
      at warnIfUpdatesNotWrappedWithActDEV (node_modules/react-test-renderer/cjs/react-test-renderer.development.js:11798:7)
      at scheduleUpdateOnFiber (node_modules/react-test-renderer/cjs/react-test-renderer.development.js:10326:9)
      at dispatchSetStateInternal (node_modules/react-test-renderer/cjs/react-test-renderer.development.js:4148:13)
      at dispatchSetState (node_modules/react-test-renderer/cjs/react-test-renderer.development.js:4107:7)
      at setToastDismissed (contexts/TransactionExecutionContext.js:51:7)
      at Object.react-stack-bottom-frame (node_modules/react-test-renderer/cjs/react-test-renderer.development.js:14062:20)
      at runWithFiberInDEV (node_modules/react-test-renderer/cjs/react-test-renderer.development.js:1574:13)
      at commitHookEffectListMount (node_modules/react-test-renderer/cjs/react-test-renderer.development.js:8376:29)
      at commitHookPassiveMountEffects (node_modules/react-test-renderer/cjs/react-test-renderer.development.js:8465:11)
      at commitPassiveMountOnFiber (node_modules/react-test-renderer/cjs/react-test-renderer.development.js:9782:13)
      at recursivelyTraversePassiveMountEffects (node_modules/react-test-renderer/cjs/react-test-renderer.development.js:9756:11)
      at commitPassiveMountOnFiber (node_modules/react-test-renderer/cjs/react-test-renderer.development.js:9775:11)
      at recursivelyTraversePassiveMountEffects (node_modules/react-test-renderer/cjs/react-test-renderer.development.js:9756:11)
      at commitPassiveMountOnFiber (node_modules/react-test-renderer/cjs/react-test-renderer.development.js:9794:11)
      at flushPendingEffects (node_modules/react-test-renderer/cjs/react-test-renderer.development.js:11528:11)
      at performWorkOnRootViaSchedulerTask (node_modules/react-test-renderer/cjs/react-test-renderer.development.js:2082:11)
      at flushActQueue (node_modules/react/cjs/react.development.js:566:34)
      at node_modules/react/cjs/react.development.js:822:21

    console.error
      react-test-renderer is deprecated. See https://react.dev/warnings/react-test-renderer

      32 |   act(() => {
      33 |     component = Wrapper
    > 34 |       ? create(<Wrapper><TestComponent /></Wrapper>)
         |               ^
      35 |       : create(<TestComponent />);
      36 |   });
      37 |

      at process.env.NODE_ENV.exports.create (node_modules/react-test-renderer/cjs/react-test-renderer.development.js:14598:17)
      at contexts/__tests__/TransactionExecutionContext.test.js:34:15
      at process.env.NODE_ENV.exports.act (node_modules/react/cjs/react.development.js:789:22)
      at renderHook (contexts/__tests__/TransactionExecutionContext.test.js:32:6)
      at Object.renderHook (contexts/__tests__/TransactionExecutionContext.test.js:671:26)
      at asyncGeneratorStep (node_modules/@babel/runtime/helpers/asyncToGenerator.js:3:17)
      at _next (node_modules/@babel/runtime/helpers/asyncToGenerator.js:17:9)
      at node_modules/@babel/runtime/helpers/asyncToGenerator.js:22:7
      at Object.<anonymous> (node_modules/@babel/runtime/helpers/asyncToGenerator.js:14:12)

    console.error
      The current testing environment is not configured to support act(...)

      32 |   act(() => {
      33 |     component = Wrapper
    > 34 |       ? create(<Wrapper><TestComponent /></Wrapper>)
         |               ^
      35 |       : create(<TestComponent />);
      36 |   });
      37 |

      at isConcurrentActEnvironment (node_modules/react-test-renderer/cjs/react-test-renderer.development.js:10243:17)
      at warnIfUpdatesNotWrappedWithActDEV (node_modules/react-test-renderer/cjs/react-test-renderer.development.js:11798:7)
      at scheduleUpdateOnFiber (node_modules/react-test-renderer/cjs/react-test-renderer.development.js:10326:9)
      at updateContainerImpl (node_modules/react-test-renderer/cjs/react-test-renderer.development.js:12382:10)
      at updateContainer (node_modules/react-test-renderer/cjs/react-test-renderer.development.js:12326:7)
      at process.env.NODE_ENV.exports.create (node_modules/react-test-renderer/cjs/react-test-renderer.development.js:14630:7)
      at contexts/__tests__/TransactionExecutionContext.test.js:34:15
      at process.env.NODE_ENV.exports.act (node_modules/react/cjs/react.development.js:789:22)
      at renderHook (contexts/__tests__/TransactionExecutionContext.test.js:32:6)
      at Object.renderHook (contexts/__tests__/TransactionExecutionContext.test.js:671:26)
      at asyncGeneratorStep (node_modules/@babel/runtime/helpers/asyncToGenerator.js:3:17)
      at _next (node_modules/@babel/runtime/helpers/asyncToGenerator.js:17:9)
      at node_modules/@babel/runtime/helpers/asyncToGenerator.js:22:7
      at Object.<anonymous> (node_modules/@babel/runtime/helpers/asyncToGenerator.js:14:12)

    console.log
      [DEBUG] 📡 Broadcasting transaction... {}

      at Object.log [as debug] (utils/logger.js:24:15)

    console.log
      [DEBUG] Intent inputs: none

      at Object.log [as debug] (utils/logger.js:24:15)

    console.log
      [DEBUG] Rune UTXO: undefined:undefined

      at Object.log [as debug] (utils/logger.js:24:15)

    console.log
      [DEBUG] ✅ Broadcast successful, txid: mock_txid_unit

      at Object.log [as debug] (utils/logger.js:24:15)

    console.log
      [DEBUG] 🔍 Extracting outputs from broadcasted tx: mock_txid_unit

      at Object.log [as debug] (utils/logger.js:24:15)

    console.log
      [DEBUG] Total outputs in tx: 3

      at Object.log [as debug] (utils/logger.js:24:15)

    console.log
      [DEBUG] Input: aaaaaaaaaaaaaaaaaaaaaaaaaaaaaaaaaaaaaaaaaaaaaaaaaaaaaaaaaaaaaaaa

      at Object.log [as debug] (utils/logger.js:24:15)

    console.log
      [DEBUG] 📝 Re-confirming 1

      at Object.log [as debug] (utils/logger.js:24:15)

    console.log
      [DEBUG] Rune change amount: 400

      at Object.log [as debug] (utils/logger.js:24:15)

    console.log
      [DEBUG] Output 0: tb1ptest = 10000 sats {}

      at Object.log [as debug] (utils/logger.js:24:15)
          at Array.forEach (<anonymous>)

    console.log
      [DEBUG] Is change? true (segwit: tb1qtest, taproot: tb1ptest) {}

      at Object.log [as debug] (utils/logger.js:24:15)
          at Array.forEach (<anonymous>)

    console.log
      [DEBUG] ✅ Adding change output: { address: 'tb1ptest', value: 10000, vout: 0, runeAmount: 400 }

      at Object.log [as debug] (utils/logger.js:24:15)
          at Array.forEach (<anonymous>)

    console.log
      [DEBUG] Output 1: bc1precipient = 10000 sats {}

      at Object.log [as debug] (utils/logger.js:24:15)
          at Array.forEach (<anonymous>)

    console.log
      [DEBUG] Is change? false (segwit: tb1qtest, taproot: tb1ptest) {}

      at Object.log [as debug] (utils/logger.js:24:15)
          at Array.forEach (<anonymous>)

    console.log
      [DEBUG] Output 2: tb1qtest = 5000 sats {}

      at Object.log [as debug] (utils/logger.js:24:15)
          at Array.forEach (<anonymous>)

    console.log
      [DEBUG] Is change? true (segwit: tb1qtest, taproot: tb1ptest) {}

      at Object.log [as debug] (utils/logger.js:24:15)
          at Array.forEach (<anonymous>)

    console.log
      [DEBUG] ✅ Adding change output: { address: 'tb1qtest', value: 5000, vout: 2 }

      at Object.log [as debug] (utils/logger.js:24:15)
          at Array.forEach (<anonymous>)

    console.log
      [DEBUG] Total change outputs found: 2

      at Object.log [as debug] (utils/logger.js:24:15)

    console.log
      [DEBUG] 💾 Adding pending transaction: mock_txid_unit

      at Object.log [as debug] (utils/logger.js:24:15)

    console.error
      The current testing environment is not configured to support act(...)

      173 |       // NOW move to pending state after outputs are extracted and saved
      174 |       // This ensures the outputs are available for the next transaction
    > 175 |       setBroadcastedTxid(txid);
          |       ^
      176 |       setIntentStep('pending');
      177 |       setToastDismissed(false);
      178 |

      at isConcurrentActEnvironment (node_modules/react-test-renderer/cjs/react-test-renderer.development.js:10243:17)
      at warnIfUpdatesNotWrappedWithActDEV (node_modules/react-test-renderer/cjs/react-test-renderer.development.js:11798:7)
      at scheduleUpdateOnFiber (node_modules/react-test-renderer/cjs/react-test-renderer.development.js:10326:9)
      at dispatchSetStateInternal (node_modules/react-test-renderer/cjs/react-test-renderer.development.js:4148:13)
      at dispatchSetState (node_modules/react-test-renderer/cjs/react-test-renderer.development.js:4107:7)
      at Object.setBroadcastedTxid (contexts/TransactionExecutionContext.js:175:7)
      at asyncGeneratorStep (node_modules/@babel/runtime/helpers/asyncToGenerator.js:3:17)
      at _next (node_modules/@babel/runtime/helpers/asyncToGenerator.js:17:9)

    console.error
      The current testing environment is not configured to support act(...)

      175 |       setBroadcastedTxid(txid);
      176 |       setIntentStep('pending');
    > 177 |       setToastDismissed(false);
          |       ^
      178 |
      179 |       // Add to background monitoring
      180 |       const assetType = sendAssetType === 'unit' ? 'UNIT' : 'BTC';

      at isConcurrentActEnvironment (node_modules/react-test-renderer/cjs/react-test-renderer.development.js:10243:17)
      at warnIfUpdatesNotWrappedWithActDEV (node_modules/react-test-renderer/cjs/react-test-renderer.development.js:11798:7)
      at scheduleUpdateOnFiber (node_modules/react-test-renderer/cjs/react-test-renderer.development.js:10326:9)
      at dispatchSetStateInternal (node_modules/react-test-renderer/cjs/react-test-renderer.development.js:4148:13)
      at dispatchSetState (node_modules/react-test-renderer/cjs/react-test-renderer.development.js:4107:7)
      at Object.setToastDismissed (contexts/TransactionExecutionContext.js:177:7)
      at asyncGeneratorStep (node_modules/@babel/runtime/helpers/asyncToGenerator.js:3:17)
      at _next (node_modules/@babel/runtime/helpers/asyncToGenerator.js:17:9)

    console.error
      The current testing environment is not configured to support act(...)

      49 |   useEffect(() => {
      50 |     if (broadcastedTxid) {
    > 51 |       setToastDismissed(false);
         |       ^
      52 |     }
      53 |   }, [broadcastedTxid]);
      54 |

      at isConcurrentActEnvironment (node_modules/react-test-renderer/cjs/react-test-renderer.development.js:10243:17)
      at warnIfUpdatesNotWrappedWithActDEV (node_modules/react-test-renderer/cjs/react-test-renderer.development.js:11798:7)
      at scheduleUpdateOnFiber (node_modules/react-test-renderer/cjs/react-test-renderer.development.js:10326:9)
      at dispatchSetStateInternal (node_modules/react-test-renderer/cjs/react-test-renderer.development.js:4148:13)
      at dispatchSetState (node_modules/react-test-renderer/cjs/react-test-renderer.development.js:4107:7)
      at setToastDismissed (contexts/TransactionExecutionContext.js:51:7)
      at Object.react-stack-bottom-frame (node_modules/react-test-renderer/cjs/react-test-renderer.development.js:14062:20)
      at runWithFiberInDEV (node_modules/react-test-renderer/cjs/react-test-renderer.development.js:1574:13)
      at commitHookEffectListMount (node_modules/react-test-renderer/cjs/react-test-renderer.development.js:8376:29)
      at commitHookPassiveMountEffects (node_modules/react-test-renderer/cjs/react-test-renderer.development.js:8465:11)
      at commitPassiveMountOnFiber (node_modules/react-test-renderer/cjs/react-test-renderer.development.js:9782:13)
      at recursivelyTraversePassiveMountEffects (node_modules/react-test-renderer/cjs/react-test-renderer.development.js:9756:11)
      at commitPassiveMountOnFiber (node_modules/react-test-renderer/cjs/react-test-renderer.development.js:9775:11)
      at recursivelyTraversePassiveMountEffects (node_modules/react-test-renderer/cjs/react-test-renderer.development.js:9756:11)
      at commitPassiveMountOnFiber (node_modules/react-test-renderer/cjs/react-test-renderer.development.js:9794:11)
      at flushPendingEffects (node_modules/react-test-renderer/cjs/react-test-renderer.development.js:11528:11)
      at performWorkOnRootViaSchedulerTask (node_modules/react-test-renderer/cjs/react-test-renderer.development.js:2082:11)
      at flushActQueue (node_modules/react/cjs/react.development.js:566:34)
      at node_modules/react/cjs/react.development.js:822:21

    console.error
      react-test-renderer is deprecated. See https://react.dev/warnings/react-test-renderer

      32 |   act(() => {
      33 |     component = Wrapper
    > 34 |       ? create(<Wrapper><TestComponent /></Wrapper>)
         |               ^
      35 |       : create(<TestComponent />);
      36 |   });
      37 |

      at process.env.NODE_ENV.exports.create (node_modules/react-test-renderer/cjs/react-test-renderer.development.js:14598:17)
      at contexts/__tests__/TransactionExecutionContext.test.js:34:15
      at process.env.NODE_ENV.exports.act (node_modules/react/cjs/react.development.js:789:22)
      at renderHook (contexts/__tests__/TransactionExecutionContext.test.js:32:6)
      at Object.renderHook (contexts/__tests__/TransactionExecutionContext.test.js:752:26)
      at asyncGeneratorStep (node_modules/@babel/runtime/helpers/asyncToGenerator.js:3:17)
      at _next (node_modules/@babel/runtime/helpers/asyncToGenerator.js:17:9)
      at node_modules/@babel/runtime/helpers/asyncToGenerator.js:22:7
      at Object.<anonymous> (node_modules/@babel/runtime/helpers/asyncToGenerator.js:14:12)

    console.error
      The current testing environment is not configured to support act(...)

      32 |   act(() => {
      33 |     component = Wrapper
    > 34 |       ? create(<Wrapper><TestComponent /></Wrapper>)
         |               ^
      35 |       : create(<TestComponent />);
      36 |   });
      37 |

      at isConcurrentActEnvironment (node_modules/react-test-renderer/cjs/react-test-renderer.development.js:10243:17)
      at warnIfUpdatesNotWrappedWithActDEV (node_modules/react-test-renderer/cjs/react-test-renderer.development.js:11798:7)
      at scheduleUpdateOnFiber (node_modules/react-test-renderer/cjs/react-test-renderer.development.js:10326:9)
      at updateContainerImpl (node_modules/react-test-renderer/cjs/react-test-renderer.development.js:12382:10)
      at updateContainer (node_modules/react-test-renderer/cjs/react-test-renderer.development.js:12326:7)
      at process.env.NODE_ENV.exports.create (node_modules/react-test-renderer/cjs/react-test-renderer.development.js:14630:7)
      at contexts/__tests__/TransactionExecutionContext.test.js:34:15
      at process.env.NODE_ENV.exports.act (node_modules/react/cjs/react.development.js:789:22)
      at renderHook (contexts/__tests__/TransactionExecutionContext.test.js:32:6)
      at Object.renderHook (contexts/__tests__/TransactionExecutionContext.test.js:752:26)
      at asyncGeneratorStep (node_modules/@babel/runtime/helpers/asyncToGenerator.js:3:17)
      at _next (node_modules/@babel/runtime/helpers/asyncToGenerator.js:17:9)
      at node_modules/@babel/runtime/helpers/asyncToGenerator.js:22:7
      at Object.<anonymous> (node_modules/@babel/runtime/helpers/asyncToGenerator.js:14:12)

    console.log
      [DEBUG] 📡 Broadcasting transaction... {}

      at Object.log [as debug] (utils/logger.js:24:15)

    console.log
      [DEBUG] Intent inputs: none

      at Object.log [as debug] (utils/logger.js:24:15)

    console.log
      [DEBUG] ✅ Broadcast successful, txid: child_txid

      at Object.log [as debug] (utils/logger.js:24:15)

    console.log
      [DEBUG] 🔍 Extracting outputs from broadcasted tx: child_txid

      at Object.log [as debug] (utils/logger.js:24:15)

    console.log
      [DEBUG] Total outputs in tx: 1

      at Object.log [as debug] (utils/logger.js:24:15)

    console.log
      [DEBUG] Input: aaaaaaaaaaaaaaaaaaaaaaaaaaaaaaaaaaaaaaaaaaaaaaaaaaaaaaaaaaaaaaaa

      at Object.log [as debug] (utils/logger.js:24:15)

    console.log
      [DEBUG] Removing pending output: aaaaaaaaaaaaaaaaaaaaaaaaaaaaaaaaaaaaaaaaaaaaaaaaaaaaaaaaaaaaaaaa

      at Object.log [as debug] (utils/logger.js:24:15)

    console.log
      [DEBUG] 📝 Re-confirming 1

      at Object.log [as debug] (utils/logger.js:24:15)

    console.log
      [DEBUG] Output 0: tb1qtest = 40000 sats {}

      at Object.log [as debug] (utils/logger.js:24:15)
          at Array.forEach (<anonymous>)

    console.log
      [DEBUG] Is change? true (segwit: tb1qtest, taproot: tb1ptest) {}

      at Object.log [as debug] (utils/logger.js:24:15)
          at Array.forEach (<anonymous>)

    console.log
      [DEBUG] ✅ Adding change output: { address: 'tb1qtest', value: 40000, vout: 0 }

      at Object.log [as debug] (utils/logger.js:24:15)
          at Array.forEach (<anonymous>)

    console.log
      [DEBUG] Total change outputs found: 1

      at Object.log [as debug] (utils/logger.js:24:15)

    console.log
      [DEBUG] 💾 Adding pending transaction: child_txid

      at Object.log [as debug] (utils/logger.js:24:15)

    console.error
      The current testing environment is not configured to support act(...)

      173 |       // NOW move to pending state after outputs are extracted and saved
      174 |       // This ensures the outputs are available for the next transaction
    > 175 |       setBroadcastedTxid(txid);
          |       ^
      176 |       setIntentStep('pending');
      177 |       setToastDismissed(false);
      178 |

      at isConcurrentActEnvironment (node_modules/react-test-renderer/cjs/react-test-renderer.development.js:10243:17)
      at warnIfUpdatesNotWrappedWithActDEV (node_modules/react-test-renderer/cjs/react-test-renderer.development.js:11798:7)
      at scheduleUpdateOnFiber (node_modules/react-test-renderer/cjs/react-test-renderer.development.js:10326:9)
      at dispatchSetStateInternal (node_modules/react-test-renderer/cjs/react-test-renderer.development.js:4148:13)
      at dispatchSetState (node_modules/react-test-renderer/cjs/react-test-renderer.development.js:4107:7)
      at Object.setBroadcastedTxid (contexts/TransactionExecutionContext.js:175:7)
      at asyncGeneratorStep (node_modules/@babel/runtime/helpers/asyncToGenerator.js:3:17)
      at _next (node_modules/@babel/runtime/helpers/asyncToGenerator.js:17:9)

    console.error
      The current testing environment is not configured to support act(...)

      175 |       setBroadcastedTxid(txid);
      176 |       setIntentStep('pending');
    > 177 |       setToastDismissed(false);
          |       ^
      178 |
      179 |       // Add to background monitoring
      180 |       const assetType = sendAssetType === 'unit' ? 'UNIT' : 'BTC';

      at isConcurrentActEnvironment (node_modules/react-test-renderer/cjs/react-test-renderer.development.js:10243:17)
      at warnIfUpdatesNotWrappedWithActDEV (node_modules/react-test-renderer/cjs/react-test-renderer.development.js:11798:7)
      at scheduleUpdateOnFiber (node_modules/react-test-renderer/cjs/react-test-renderer.development.js:10326:9)
      at dispatchSetStateInternal (node_modules/react-test-renderer/cjs/react-test-renderer.development.js:4148:13)
      at dispatchSetState (node_modules/react-test-renderer/cjs/react-test-renderer.development.js:4107:7)
      at Object.setToastDismissed (contexts/TransactionExecutionContext.js:177:7)
      at asyncGeneratorStep (node_modules/@babel/runtime/helpers/asyncToGenerator.js:3:17)
      at _next (node_modules/@babel/runtime/helpers/asyncToGenerator.js:17:9)

    console.error
      The current testing environment is not configured to support act(...)

      49 |   useEffect(() => {
      50 |     if (broadcastedTxid) {
    > 51 |       setToastDismissed(false);
         |       ^
      52 |     }
      53 |   }, [broadcastedTxid]);
      54 |

      at isConcurrentActEnvironment (node_modules/react-test-renderer/cjs/react-test-renderer.development.js:10243:17)
      at warnIfUpdatesNotWrappedWithActDEV (node_modules/react-test-renderer/cjs/react-test-renderer.development.js:11798:7)
      at scheduleUpdateOnFiber (node_modules/react-test-renderer/cjs/react-test-renderer.development.js:10326:9)
      at dispatchSetStateInternal (node_modules/react-test-renderer/cjs/react-test-renderer.development.js:4148:13)
      at dispatchSetState (node_modules/react-test-renderer/cjs/react-test-renderer.development.js:4107:7)
      at setToastDismissed (contexts/TransactionExecutionContext.js:51:7)
      at Object.react-stack-bottom-frame (node_modules/react-test-renderer/cjs/react-test-renderer.development.js:14062:20)
      at runWithFiberInDEV (node_modules/react-test-renderer/cjs/react-test-renderer.development.js:1574:13)
      at commitHookEffectListMount (node_modules/react-test-renderer/cjs/react-test-renderer.development.js:8376:29)
      at commitHookPassiveMountEffects (node_modules/react-test-renderer/cjs/react-test-renderer.development.js:8465:11)
      at commitPassiveMountOnFiber (node_modules/react-test-renderer/cjs/react-test-renderer.development.js:9782:13)
      at recursivelyTraversePassiveMountEffects (node_modules/react-test-renderer/cjs/react-test-renderer.development.js:9756:11)
      at commitPassiveMountOnFiber (node_modules/react-test-renderer/cjs/react-test-renderer.development.js:9775:11)
      at recursivelyTraversePassiveMountEffects (node_modules/react-test-renderer/cjs/react-test-renderer.development.js:9756:11)
      at commitPassiveMountOnFiber (node_modules/react-test-renderer/cjs/react-test-renderer.development.js:9794:11)
      at flushPendingEffects (node_modules/react-test-renderer/cjs/react-test-renderer.development.js:11528:11)
      at performWorkOnRootViaSchedulerTask (node_modules/react-test-renderer/cjs/react-test-renderer.development.js:2082:11)
      at flushActQueue (node_modules/react/cjs/react.development.js:566:34)
      at node_modules/react/cjs/react.development.js:822:21

    console.error
      react-test-renderer is deprecated. See https://react.dev/warnings/react-test-renderer

      32 |   act(() => {
      33 |     component = Wrapper
    > 34 |       ? create(<Wrapper><TestComponent /></Wrapper>)
         |               ^
      35 |       : create(<TestComponent />);
      36 |   });
      37 |

      at process.env.NODE_ENV.exports.create (node_modules/react-test-renderer/cjs/react-test-renderer.development.js:14598:17)
      at contexts/__tests__/TransactionExecutionContext.test.js:34:15
      at process.env.NODE_ENV.exports.act (node_modules/react/cjs/react.development.js:789:22)
      at renderHook (contexts/__tests__/TransactionExecutionContext.test.js:32:6)
      at Object.renderHook (contexts/__tests__/TransactionExecutionContext.test.js:822:26)
      at asyncGeneratorStep (node_modules/@babel/runtime/helpers/asyncToGenerator.js:3:17)
      at _next (node_modules/@babel/runtime/helpers/asyncToGenerator.js:17:9)
      at node_modules/@babel/runtime/helpers/asyncToGenerator.js:22:7
      at Object.<anonymous> (node_modules/@babel/runtime/helpers/asyncToGenerator.js:14:12)

    console.error
      The current testing environment is not configured to support act(...)

      32 |   act(() => {
      33 |     component = Wrapper
    > 34 |       ? create(<Wrapper><TestComponent /></Wrapper>)
         |               ^
      35 |       : create(<TestComponent />);
      36 |   });
      37 |

      at isConcurrentActEnvironment (node_modules/react-test-renderer/cjs/react-test-renderer.development.js:10243:17)
      at warnIfUpdatesNotWrappedWithActDEV (node_modules/react-test-renderer/cjs/react-test-renderer.development.js:11798:7)
      at scheduleUpdateOnFiber (node_modules/react-test-renderer/cjs/react-test-renderer.development.js:10326:9)
      at updateContainerImpl (node_modules/react-test-renderer/cjs/react-test-renderer.development.js:12382:10)
      at updateContainer (node_modules/react-test-renderer/cjs/react-test-renderer.development.js:12326:7)
      at process.env.NODE_ENV.exports.create (node_modules/react-test-renderer/cjs/react-test-renderer.development.js:14630:7)
      at contexts/__tests__/TransactionExecutionContext.test.js:34:15
      at process.env.NODE_ENV.exports.act (node_modules/react/cjs/react.development.js:789:22)
      at renderHook (contexts/__tests__/TransactionExecutionContext.test.js:32:6)
      at Object.renderHook (contexts/__tests__/TransactionExecutionContext.test.js:822:26)
      at asyncGeneratorStep (node_modules/@babel/runtime/helpers/asyncToGenerator.js:3:17)
      at _next (node_modules/@babel/runtime/helpers/asyncToGenerator.js:17:9)
      at node_modules/@babel/runtime/helpers/asyncToGenerator.js:22:7
      at Object.<anonymous> (node_modules/@babel/runtime/helpers/asyncToGenerator.js:14:12)

    console.log
      [DEBUG] 📡 Broadcasting transaction... {}

      at Object.log [as debug] (utils/logger.js:24:15)

    console.log
      [DEBUG] Intent inputs: none

      at Object.log [as debug] (utils/logger.js:24:15)

    console.log
      [DEBUG] ✅ Broadcast successful, txid: mock_txid

      at Object.log [as debug] (utils/logger.js:24:15)

    console.log
      [DEBUG] 🔍 Extracting outputs from broadcasted tx: mock_txid

      at Object.log [as debug] (utils/logger.js:24:15)

    console.log
      [DEBUG] Total outputs in tx: 1

      at Object.log [as debug] (utils/logger.js:24:15)

    console.log
      [DEBUG] Input: aaaaaaaaaaaaaaaaaaaaaaaaaaaaaaaaaaaaaaaaaaaaaaaaaaaaaaaaaaaaaaaa

      at Object.log [as debug] (utils/logger.js:24:15)

    console.log
      [DEBUG] 📝 Re-confirming 1

      at Object.log [as debug] (utils/logger.js:24:15)

    console.log
      [DEBUG] Output 0: bc1qrecipient = 50000 sats {}

      at Object.log [as debug] (utils/logger.js:24:15)
          at Array.forEach (<anonymous>)

    console.log
      [DEBUG] Is change? false (segwit: tb1qtest, taproot: tb1ptest) {}

      at Object.log [as debug] (utils/logger.js:24:15)
          at Array.forEach (<anonymous>)

    console.log
      [DEBUG] Total change outputs found: 0

      at Object.log [as debug] (utils/logger.js:24:15)

    console.log
      [DEBUG] ⚠️ No change outputs found to save {}

      at Object.log [as debug] (utils/logger.js:24:15)

    console.error
      The current testing environment is not configured to support act(...)

      173 |       // NOW move to pending state after outputs are extracted and saved
      174 |       // This ensures the outputs are available for the next transaction
    > 175 |       setBroadcastedTxid(txid);
          |       ^
      176 |       setIntentStep('pending');
      177 |       setToastDismissed(false);
      178 |

      at isConcurrentActEnvironment (node_modules/react-test-renderer/cjs/react-test-renderer.development.js:10243:17)
      at warnIfUpdatesNotWrappedWithActDEV (node_modules/react-test-renderer/cjs/react-test-renderer.development.js:11798:7)
      at scheduleUpdateOnFiber (node_modules/react-test-renderer/cjs/react-test-renderer.development.js:10326:9)
      at dispatchSetStateInternal (node_modules/react-test-renderer/cjs/react-test-renderer.development.js:4148:13)
      at dispatchSetState (node_modules/react-test-renderer/cjs/react-test-renderer.development.js:4107:7)
      at Object.setBroadcastedTxid (contexts/TransactionExecutionContext.js:175:7)
      at asyncGeneratorStep (node_modules/@babel/runtime/helpers/asyncToGenerator.js:3:17)
      at _next (node_modules/@babel/runtime/helpers/asyncToGenerator.js:17:9)

    console.error
      The current testing environment is not configured to support act(...)

      175 |       setBroadcastedTxid(txid);
      176 |       setIntentStep('pending');
    > 177 |       setToastDismissed(false);
          |       ^
      178 |
      179 |       // Add to background monitoring
      180 |       const assetType = sendAssetType === 'unit' ? 'UNIT' : 'BTC';

      at isConcurrentActEnvironment (node_modules/react-test-renderer/cjs/react-test-renderer.development.js:10243:17)
      at warnIfUpdatesNotWrappedWithActDEV (node_modules/react-test-renderer/cjs/react-test-renderer.development.js:11798:7)
      at scheduleUpdateOnFiber (node_modules/react-test-renderer/cjs/react-test-renderer.development.js:10326:9)
      at dispatchSetStateInternal (node_modules/react-test-renderer/cjs/react-test-renderer.development.js:4148:13)
      at dispatchSetState (node_modules/react-test-renderer/cjs/react-test-renderer.development.js:4107:7)
      at Object.setToastDismissed (contexts/TransactionExecutionContext.js:177:7)
      at asyncGeneratorStep (node_modules/@babel/runtime/helpers/asyncToGenerator.js:3:17)
      at _next (node_modules/@babel/runtime/helpers/asyncToGenerator.js:17:9)

    console.error
      The current testing environment is not configured to support act(...)

      49 |   useEffect(() => {
      50 |     if (broadcastedTxid) {
    > 51 |       setToastDismissed(false);
         |       ^
      52 |     }
      53 |   }, [broadcastedTxid]);
      54 |

      at isConcurrentActEnvironment (node_modules/react-test-renderer/cjs/react-test-renderer.development.js:10243:17)
      at warnIfUpdatesNotWrappedWithActDEV (node_modules/react-test-renderer/cjs/react-test-renderer.development.js:11798:7)
      at scheduleUpdateOnFiber (node_modules/react-test-renderer/cjs/react-test-renderer.development.js:10326:9)
      at dispatchSetStateInternal (node_modules/react-test-renderer/cjs/react-test-renderer.development.js:4148:13)
      at dispatchSetState (node_modules/react-test-renderer/cjs/react-test-renderer.development.js:4107:7)
      at setToastDismissed (contexts/TransactionExecutionContext.js:51:7)
      at Object.react-stack-bottom-frame (node_modules/react-test-renderer/cjs/react-test-renderer.development.js:14062:20)
      at runWithFiberInDEV (node_modules/react-test-renderer/cjs/react-test-renderer.development.js:1574:13)
      at commitHookEffectListMount (node_modules/react-test-renderer/cjs/react-test-renderer.development.js:8376:29)
      at commitHookPassiveMountEffects (node_modules/react-test-renderer/cjs/react-test-renderer.development.js:8465:11)
      at commitPassiveMountOnFiber (node_modules/react-test-renderer/cjs/react-test-renderer.development.js:9782:13)
      at recursivelyTraversePassiveMountEffects (node_modules/react-test-renderer/cjs/react-test-renderer.development.js:9756:11)
      at commitPassiveMountOnFiber (node_modules/react-test-renderer/cjs/react-test-renderer.development.js:9775:11)
      at recursivelyTraversePassiveMountEffects (node_modules/react-test-renderer/cjs/react-test-renderer.development.js:9756:11)
      at commitPassiveMountOnFiber (node_modules/react-test-renderer/cjs/react-test-renderer.development.js:9794:11)
      at flushPendingEffects (node_modules/react-test-renderer/cjs/react-test-renderer.development.js:11528:11)
      at performWorkOnRootViaSchedulerTask (node_modules/react-test-renderer/cjs/react-test-renderer.development.js:2082:11)
      at flushActQueue (node_modules/react/cjs/react.development.js:566:34)
      at node_modules/react/cjs/react.development.js:822:21

    console.error
      react-test-renderer is deprecated. See https://react.dev/warnings/react-test-renderer

      32 |   act(() => {
      33 |     component = Wrapper
    > 34 |       ? create(<Wrapper><TestComponent /></Wrapper>)
         |               ^
      35 |       : create(<TestComponent />);
      36 |   });
      37 |

      at process.env.NODE_ENV.exports.create (node_modules/react-test-renderer/cjs/react-test-renderer.development.js:14598:17)
      at contexts/__tests__/TransactionExecutionContext.test.js:34:15
      at process.env.NODE_ENV.exports.act (node_modules/react/cjs/react.development.js:789:22)
      at renderHook (contexts/__tests__/TransactionExecutionContext.test.js:32:6)
      at Object.renderHook (contexts/__tests__/TransactionExecutionContext.test.js:892:26)
      at asyncGeneratorStep (node_modules/@babel/runtime/helpers/asyncToGenerator.js:3:17)
      at _next (node_modules/@babel/runtime/helpers/asyncToGenerator.js:17:9)
      at node_modules/@babel/runtime/helpers/asyncToGenerator.js:22:7
      at Object.<anonymous> (node_modules/@babel/runtime/helpers/asyncToGenerator.js:14:12)

    console.error
      The current testing environment is not configured to support act(...)

      32 |   act(() => {
      33 |     component = Wrapper
    > 34 |       ? create(<Wrapper><TestComponent /></Wrapper>)
         |               ^
      35 |       : create(<TestComponent />);
      36 |   });
      37 |

      at isConcurrentActEnvironment (node_modules/react-test-renderer/cjs/react-test-renderer.development.js:10243:17)
      at warnIfUpdatesNotWrappedWithActDEV (node_modules/react-test-renderer/cjs/react-test-renderer.development.js:11798:7)
      at scheduleUpdateOnFiber (node_modules/react-test-renderer/cjs/react-test-renderer.development.js:10326:9)
      at updateContainerImpl (node_modules/react-test-renderer/cjs/react-test-renderer.development.js:12382:10)
      at updateContainer (node_modules/react-test-renderer/cjs/react-test-renderer.development.js:12326:7)
      at process.env.NODE_ENV.exports.create (node_modules/react-test-renderer/cjs/react-test-renderer.development.js:14630:7)
      at contexts/__tests__/TransactionExecutionContext.test.js:34:15
      at process.env.NODE_ENV.exports.act (node_modules/react/cjs/react.development.js:789:22)
      at renderHook (contexts/__tests__/TransactionExecutionContext.test.js:32:6)
      at Object.renderHook (contexts/__tests__/TransactionExecutionContext.test.js:892:26)
      at asyncGeneratorStep (node_modules/@babel/runtime/helpers/asyncToGenerator.js:3:17)
      at _next (node_modules/@babel/runtime/helpers/asyncToGenerator.js:17:9)
      at node_modules/@babel/runtime/helpers/asyncToGenerator.js:22:7
      at Object.<anonymous> (node_modules/@babel/runtime/helpers/asyncToGenerator.js:14:12)

    console.log
      [DEBUG] 📡 Broadcasting transaction... {}

      at Object.log [as debug] (utils/logger.js:24:15)

    console.log
      [DEBUG] Intent inputs: none

      at Object.log [as debug] (utils/logger.js:24:15)

    console.log
      [DEBUG] ✅ Broadcast successful, txid: mock_txid

      at Object.log [as debug] (utils/logger.js:24:15)

    console.log
      [DEBUG] 🔍 Extracting outputs from broadcasted tx: mock_txid

      at Object.log [as debug] (utils/logger.js:24:15)

    console.log
      [DEBUG] Total outputs in tx: 2

      at Object.log [as debug] (utils/logger.js:24:15)

    console.log
      [DEBUG] Input: aaaaaaaaaaaaaaaaaaaaaaaaaaaaaaaaaaaaaaaaaaaaaaaaaaaaaaaaaaaaaaaa

      at Object.log [as debug] (utils/logger.js:24:15)

    console.log
      [DEBUG] 📝 Re-confirming 1

      at Object.log [as debug] (utils/logger.js:24:15)

    console.log
      [DEBUG] Output 0: OP_RETURN or non-standard {}

      at Object.log [as debug] (utils/logger.js:24:15)
          at Array.forEach (<anonymous>)

    console.log
      [DEBUG] Output 1: tb1qtest = 10000 sats {}

      at Object.log [as debug] (utils/logger.js:24:15)
          at Array.forEach (<anonymous>)

    console.log
      [DEBUG] Is change? true (segwit: tb1qtest, taproot: tb1ptest) {}

      at Object.log [as debug] (utils/logger.js:24:15)
          at Array.forEach (<anonymous>)

    console.log
      [DEBUG] ✅ Adding change output: { address: 'tb1qtest', value: 10000, vout: 1 }

      at Object.log [as debug] (utils/logger.js:24:15)
          at Array.forEach (<anonymous>)

    console.log
      [DEBUG] Total change outputs found: 1

      at Object.log [as debug] (utils/logger.js:24:15)

    console.log
      [DEBUG] 💾 Adding pending transaction: mock_txid

      at Object.log [as debug] (utils/logger.js:24:15)

    console.error
      The current testing environment is not configured to support act(...)

      173 |       // NOW move to pending state after outputs are extracted and saved
      174 |       // This ensures the outputs are available for the next transaction
    > 175 |       setBroadcastedTxid(txid);
          |       ^
      176 |       setIntentStep('pending');
      177 |       setToastDismissed(false);
      178 |

      at isConcurrentActEnvironment (node_modules/react-test-renderer/cjs/react-test-renderer.development.js:10243:17)
      at warnIfUpdatesNotWrappedWithActDEV (node_modules/react-test-renderer/cjs/react-test-renderer.development.js:11798:7)
      at scheduleUpdateOnFiber (node_modules/react-test-renderer/cjs/react-test-renderer.development.js:10326:9)
      at dispatchSetStateInternal (node_modules/react-test-renderer/cjs/react-test-renderer.development.js:4148:13)
      at dispatchSetState (node_modules/react-test-renderer/cjs/react-test-renderer.development.js:4107:7)
      at Object.setBroadcastedTxid (contexts/TransactionExecutionContext.js:175:7)
      at asyncGeneratorStep (node_modules/@babel/runtime/helpers/asyncToGenerator.js:3:17)
      at _next (node_modules/@babel/runtime/helpers/asyncToGenerator.js:17:9)

    console.error
      The current testing environment is not configured to support act(...)

      175 |       setBroadcastedTxid(txid);
      176 |       setIntentStep('pending');
    > 177 |       setToastDismissed(false);
          |       ^
      178 |
      179 |       // Add to background monitoring
      180 |       const assetType = sendAssetType === 'unit' ? 'UNIT' : 'BTC';

      at isConcurrentActEnvironment (node_modules/react-test-renderer/cjs/react-test-renderer.development.js:10243:17)
      at warnIfUpdatesNotWrappedWithActDEV (node_modules/react-test-renderer/cjs/react-test-renderer.development.js:11798:7)
      at scheduleUpdateOnFiber (node_modules/react-test-renderer/cjs/react-test-renderer.development.js:10326:9)
      at dispatchSetStateInternal (node_modules/react-test-renderer/cjs/react-test-renderer.development.js:4148:13)
      at dispatchSetState (node_modules/react-test-renderer/cjs/react-test-renderer.development.js:4107:7)
      at Object.setToastDismissed (contexts/TransactionExecutionContext.js:177:7)
      at asyncGeneratorStep (node_modules/@babel/runtime/helpers/asyncToGenerator.js:3:17)
      at _next (node_modules/@babel/runtime/helpers/asyncToGenerator.js:17:9)

    console.error
      The current testing environment is not configured to support act(...)

      49 |   useEffect(() => {
      50 |     if (broadcastedTxid) {
    > 51 |       setToastDismissed(false);
         |       ^
      52 |     }
      53 |   }, [broadcastedTxid]);
      54 |

      at isConcurrentActEnvironment (node_modules/react-test-renderer/cjs/react-test-renderer.development.js:10243:17)
      at warnIfUpdatesNotWrappedWithActDEV (node_modules/react-test-renderer/cjs/react-test-renderer.development.js:11798:7)
      at scheduleUpdateOnFiber (node_modules/react-test-renderer/cjs/react-test-renderer.development.js:10326:9)
      at dispatchSetStateInternal (node_modules/react-test-renderer/cjs/react-test-renderer.development.js:4148:13)
      at dispatchSetState (node_modules/react-test-renderer/cjs/react-test-renderer.development.js:4107:7)
      at setToastDismissed (contexts/TransactionExecutionContext.js:51:7)
      at Object.react-stack-bottom-frame (node_modules/react-test-renderer/cjs/react-test-renderer.development.js:14062:20)
      at runWithFiberInDEV (node_modules/react-test-renderer/cjs/react-test-renderer.development.js:1574:13)
      at commitHookEffectListMount (node_modules/react-test-renderer/cjs/react-test-renderer.development.js:8376:29)
      at commitHookPassiveMountEffects (node_modules/react-test-renderer/cjs/react-test-renderer.development.js:8465:11)
      at commitPassiveMountOnFiber (node_modules/react-test-renderer/cjs/react-test-renderer.development.js:9782:13)
      at recursivelyTraversePassiveMountEffects (node_modules/react-test-renderer/cjs/react-test-renderer.development.js:9756:11)
      at commitPassiveMountOnFiber (node_modules/react-test-renderer/cjs/react-test-renderer.development.js:9775:11)
      at recursivelyTraversePassiveMountEffects (node_modules/react-test-renderer/cjs/react-test-renderer.development.js:9756:11)
      at commitPassiveMountOnFiber (node_modules/react-test-renderer/cjs/react-test-renderer.development.js:9794:11)
      at flushPendingEffects (node_modules/react-test-renderer/cjs/react-test-renderer.development.js:11528:11)
      at performWorkOnRootViaSchedulerTask (node_modules/react-test-renderer/cjs/react-test-renderer.development.js:2082:11)
      at flushActQueue (node_modules/react/cjs/react.development.js:566:34)
      at node_modules/react/cjs/react.development.js:822:21

    console.error
      react-test-renderer is deprecated. See https://react.dev/warnings/react-test-renderer

      32 |   act(() => {
      33 |     component = Wrapper
    > 34 |       ? create(<Wrapper><TestComponent /></Wrapper>)
         |               ^
      35 |       : create(<TestComponent />);
      36 |   });
      37 |

      at process.env.NODE_ENV.exports.create (node_modules/react-test-renderer/cjs/react-test-renderer.development.js:14598:17)
      at contexts/__tests__/TransactionExecutionContext.test.js:34:15
      at process.env.NODE_ENV.exports.act (node_modules/react/cjs/react.development.js:789:22)
      at renderHook (contexts/__tests__/TransactionExecutionContext.test.js:32:6)
      at Object.renderHook (contexts/__tests__/TransactionExecutionContext.test.js:948:26)
      at asyncGeneratorStep (node_modules/@babel/runtime/helpers/asyncToGenerator.js:3:17)
      at _next (node_modules/@babel/runtime/helpers/asyncToGenerator.js:17:9)
      at node_modules/@babel/runtime/helpers/asyncToGenerator.js:22:7
      at Object.<anonymous> (node_modules/@babel/runtime/helpers/asyncToGenerator.js:14:12)

    console.error
      The current testing environment is not configured to support act(...)

      32 |   act(() => {
      33 |     component = Wrapper
    > 34 |       ? create(<Wrapper><TestComponent /></Wrapper>)
         |               ^
      35 |       : create(<TestComponent />);
      36 |   });
      37 |

      at isConcurrentActEnvironment (node_modules/react-test-renderer/cjs/react-test-renderer.development.js:10243:17)
      at warnIfUpdatesNotWrappedWithActDEV (node_modules/react-test-renderer/cjs/react-test-renderer.development.js:11798:7)
      at scheduleUpdateOnFiber (node_modules/react-test-renderer/cjs/react-test-renderer.development.js:10326:9)
      at updateContainerImpl (node_modules/react-test-renderer/cjs/react-test-renderer.development.js:12382:10)
      at updateContainer (node_modules/react-test-renderer/cjs/react-test-renderer.development.js:12326:7)
      at process.env.NODE_ENV.exports.create (node_modules/react-test-renderer/cjs/react-test-renderer.development.js:14630:7)
      at contexts/__tests__/TransactionExecutionContext.test.js:34:15
      at process.env.NODE_ENV.exports.act (node_modules/react/cjs/react.development.js:789:22)
      at renderHook (contexts/__tests__/TransactionExecutionContext.test.js:32:6)
      at Object.renderHook (contexts/__tests__/TransactionExecutionContext.test.js:948:26)
      at asyncGeneratorStep (node_modules/@babel/runtime/helpers/asyncToGenerator.js:3:17)
      at _next (node_modules/@babel/runtime/helpers/asyncToGenerator.js:17:9)
      at node_modules/@babel/runtime/helpers/asyncToGenerator.js:22:7
      at Object.<anonymous> (node_modules/@babel/runtime/helpers/asyncToGenerator.js:14:12)

    console.log
      [DEBUG] 📡 Broadcasting transaction... {}

      at Object.log [as debug] (utils/logger.js:24:15)

    console.log
      [DEBUG] Intent inputs: none

      at Object.log [as debug] (utils/logger.js:24:15)

    console.log
      [DEBUG] ✅ Broadcast successful, txid: mock_txid

      at Object.log [as debug] (utils/logger.js:24:15)

    console.error
      [ERROR] ❌ Error extracting change outputs: Error: Invalid transaction hex
          at Function.<anonymous> (/Users/lucasrodriguez/Desktop/Ducat/app/app/contexts/__tests__/TransactionExecutionContext.test.js:921:15)
          at /Users/lucasrodriguez/Desktop/Ducat/app/app/node_modules/jest-mock/build/index.js:305:39
          at Function.<anonymous> (/Users/lucasrodriguez/Desktop/Ducat/app/app/node_modules/jest-mock/build/index.js:312:13)
          at Function.mockConstructor (/Users/lucasrodriguez/Desktop/Ducat/app/app/node_modules/jest-mock/build/index.js:102:19)
          at Object.fromHex (/Users/lucasrodriguez/Desktop/Ducat/app/app/contexts/TransactionExecutionContext.js:75:40)
          at Generator.next (<anonymous>)
          at asyncGeneratorStep (/Users/lucasrodriguez/Desktop/Ducat/app/app/node_modules/@babel/runtime/helpers/asyncToGenerator.js:3:17)
          at _next (/Users/lucasrodriguez/Desktop/Ducat/app/app/node_modules/@babel/runtime/helpers/asyncToGenerator.js:17:9)

      74 |   error: (error, context = {}) => {
      75 |     if (isDev) {
    > 76 |       console.error('[ERROR]', error, context);
         |               ^
      77 |     } else {
      78 |       if (error instanceof Error) {
      79 |         Sentry.captureException(error, {

      at Object.error (utils/logger.js:76:15)
      at Object.error (contexts/TransactionExecutionContext.js:168:16)
      at asyncGeneratorStep (node_modules/@babel/runtime/helpers/asyncToGenerator.js:3:17)
      at _next (node_modules/@babel/runtime/helpers/asyncToGenerator.js:17:9)

    console.error
      [ERROR] Error details: Invalid transaction hex

      74 |   error: (error, context = {}) => {
      75 |     if (isDev) {
    > 76 |       console.error('[ERROR]', error, context);
         |               ^
      77 |     } else {
      78 |       if (error instanceof Error) {
      79 |         Sentry.captureException(error, {

      at Object.error (utils/logger.js:76:15)
      at Object.error (contexts/TransactionExecutionContext.js:169:16)
      at asyncGeneratorStep (node_modules/@babel/runtime/helpers/asyncToGenerator.js:3:17)
      at _next (node_modules/@babel/runtime/helpers/asyncToGenerator.js:17:9)

    console.error
      The current testing environment is not configured to support act(...)

      173 |       // NOW move to pending state after outputs are extracted and saved
      174 |       // This ensures the outputs are available for the next transaction
    > 175 |       setBroadcastedTxid(txid);
          |       ^
      176 |       setIntentStep('pending');
      177 |       setToastDismissed(false);
      178 |

      at isConcurrentActEnvironment (node_modules/react-test-renderer/cjs/react-test-renderer.development.js:10243:17)
      at warnIfUpdatesNotWrappedWithActDEV (node_modules/react-test-renderer/cjs/react-test-renderer.development.js:11798:7)
      at scheduleUpdateOnFiber (node_modules/react-test-renderer/cjs/react-test-renderer.development.js:10326:9)
      at dispatchSetStateInternal (node_modules/react-test-renderer/cjs/react-test-renderer.development.js:4148:13)
      at dispatchSetState (node_modules/react-test-renderer/cjs/react-test-renderer.development.js:4107:7)
      at Object.setBroadcastedTxid (contexts/TransactionExecutionContext.js:175:7)
      at asyncGeneratorStep (node_modules/@babel/runtime/helpers/asyncToGenerator.js:3:17)
      at _next (node_modules/@babel/runtime/helpers/asyncToGenerator.js:17:9)

    console.error
      The current testing environment is not configured to support act(...)

      175 |       setBroadcastedTxid(txid);
      176 |       setIntentStep('pending');
    > 177 |       setToastDismissed(false);
          |       ^
      178 |
      179 |       // Add to background monitoring
      180 |       const assetType = sendAssetType === 'unit' ? 'UNIT' : 'BTC';

      at isConcurrentActEnvironment (node_modules/react-test-renderer/cjs/react-test-renderer.development.js:10243:17)
      at warnIfUpdatesNotWrappedWithActDEV (node_modules/react-test-renderer/cjs/react-test-renderer.development.js:11798:7)
      at scheduleUpdateOnFiber (node_modules/react-test-renderer/cjs/react-test-renderer.development.js:10326:9)
      at dispatchSetStateInternal (node_modules/react-test-renderer/cjs/react-test-renderer.development.js:4148:13)
      at dispatchSetState (node_modules/react-test-renderer/cjs/react-test-renderer.development.js:4107:7)
      at Object.setToastDismissed (contexts/TransactionExecutionContext.js:177:7)
      at asyncGeneratorStep (node_modules/@babel/runtime/helpers/asyncToGenerator.js:3:17)
      at _next (node_modules/@babel/runtime/helpers/asyncToGenerator.js:17:9)

    console.error
      The current testing environment is not configured to support act(...)

      49 |   useEffect(() => {
      50 |     if (broadcastedTxid) {
    > 51 |       setToastDismissed(false);
         |       ^
      52 |     }
      53 |   }, [broadcastedTxid]);
      54 |

      at isConcurrentActEnvironment (node_modules/react-test-renderer/cjs/react-test-renderer.development.js:10243:17)
      at warnIfUpdatesNotWrappedWithActDEV (node_modules/react-test-renderer/cjs/react-test-renderer.development.js:11798:7)
      at scheduleUpdateOnFiber (node_modules/react-test-renderer/cjs/react-test-renderer.development.js:10326:9)
      at dispatchSetStateInternal (node_modules/react-test-renderer/cjs/react-test-renderer.development.js:4148:13)
      at dispatchSetState (node_modules/react-test-renderer/cjs/react-test-renderer.development.js:4107:7)
      at setToastDismissed (contexts/TransactionExecutionContext.js:51:7)
      at Object.react-stack-bottom-frame (node_modules/react-test-renderer/cjs/react-test-renderer.development.js:14062:20)
      at runWithFiberInDEV (node_modules/react-test-renderer/cjs/react-test-renderer.development.js:1574:13)
      at commitHookEffectListMount (node_modules/react-test-renderer/cjs/react-test-renderer.development.js:8376:29)
      at commitHookPassiveMountEffects (node_modules/react-test-renderer/cjs/react-test-renderer.development.js:8465:11)
      at commitPassiveMountOnFiber (node_modules/react-test-renderer/cjs/react-test-renderer.development.js:9782:13)
      at recursivelyTraversePassiveMountEffects (node_modules/react-test-renderer/cjs/react-test-renderer.development.js:9756:11)
      at commitPassiveMountOnFiber (node_modules/react-test-renderer/cjs/react-test-renderer.development.js:9775:11)
      at recursivelyTraversePassiveMountEffects (node_modules/react-test-renderer/cjs/react-test-renderer.development.js:9756:11)
      at commitPassiveMountOnFiber (node_modules/react-test-renderer/cjs/react-test-renderer.development.js:9794:11)
      at flushPendingEffects (node_modules/react-test-renderer/cjs/react-test-renderer.development.js:11528:11)
      at performWorkOnRootViaSchedulerTask (node_modules/react-test-renderer/cjs/react-test-renderer.development.js:2082:11)
      at flushActQueue (node_modules/react/cjs/react.development.js:566:34)
      at node_modules/react/cjs/react.development.js:822:21

    console.error
      react-test-renderer is deprecated. See https://react.dev/warnings/react-test-renderer

      32 |   act(() => {
      33 |     component = Wrapper
    > 34 |       ? create(<Wrapper><TestComponent /></Wrapper>)
         |               ^
      35 |       : create(<TestComponent />);
      36 |   });
      37 |

      at process.env.NODE_ENV.exports.create (node_modules/react-test-renderer/cjs/react-test-renderer.development.js:14598:17)
      at contexts/__tests__/TransactionExecutionContext.test.js:34:15
      at process.env.NODE_ENV.exports.act (node_modules/react/cjs/react.development.js:789:22)
      at renderHook (contexts/__tests__/TransactionExecutionContext.test.js:32:6)
      at Object.renderHook (contexts/__tests__/TransactionExecutionContext.test.js:1025:26)
      at asyncGeneratorStep (node_modules/@babel/runtime/helpers/asyncToGenerator.js:3:17)
      at _next (node_modules/@babel/runtime/helpers/asyncToGenerator.js:17:9)
      at node_modules/@babel/runtime/helpers/asyncToGenerator.js:22:7
      at Object.<anonymous> (node_modules/@babel/runtime/helpers/asyncToGenerator.js:14:12)

    console.error
      The current testing environment is not configured to support act(...)

      32 |   act(() => {
      33 |     component = Wrapper
    > 34 |       ? create(<Wrapper><TestComponent /></Wrapper>)
         |               ^
      35 |       : create(<TestComponent />);
      36 |   });
      37 |

      at isConcurrentActEnvironment (node_modules/react-test-renderer/cjs/react-test-renderer.development.js:10243:17)
      at warnIfUpdatesNotWrappedWithActDEV (node_modules/react-test-renderer/cjs/react-test-renderer.development.js:11798:7)
      at scheduleUpdateOnFiber (node_modules/react-test-renderer/cjs/react-test-renderer.development.js:10326:9)
      at updateContainerImpl (node_modules/react-test-renderer/cjs/react-test-renderer.development.js:12382:10)
      at updateContainer (node_modules/react-test-renderer/cjs/react-test-renderer.development.js:12326:7)
      at process.env.NODE_ENV.exports.create (node_modules/react-test-renderer/cjs/react-test-renderer.development.js:14630:7)
      at contexts/__tests__/TransactionExecutionContext.test.js:34:15
      at process.env.NODE_ENV.exports.act (node_modules/react/cjs/react.development.js:789:22)
      at renderHook (contexts/__tests__/TransactionExecutionContext.test.js:32:6)
      at Object.renderHook (contexts/__tests__/TransactionExecutionContext.test.js:1025:26)
      at asyncGeneratorStep (node_modules/@babel/runtime/helpers/asyncToGenerator.js:3:17)
      at _next (node_modules/@babel/runtime/helpers/asyncToGenerator.js:17:9)
      at node_modules/@babel/runtime/helpers/asyncToGenerator.js:22:7
      at Object.<anonymous> (node_modules/@babel/runtime/helpers/asyncToGenerator.js:14:12)

    console.log
      [DEBUG] 📡 Broadcasting transaction... {}

      at Object.log [as debug] (utils/logger.js:24:15)

    console.log
      [DEBUG] Intent inputs: none

      at Object.log [as debug] (utils/logger.js:24:15)

    console.log
      [DEBUG] Rune UTXO: undefined:undefined

      at Object.log [as debug] (utils/logger.js:24:15)

    console.log
      [DEBUG] ✅ Broadcast successful, txid: mock_txid_unit

      at Object.log [as debug] (utils/logger.js:24:15)

    console.log
      [DEBUG] 🔍 Extracting outputs from broadcasted tx: mock_txid_unit

      at Object.log [as debug] (utils/logger.js:24:15)

    console.log
      [DEBUG] Total outputs in tx: 2

      at Object.log [as debug] (utils/logger.js:24:15)

    console.log
      [DEBUG] Input: aaaaaaaaaaaaaaaaaaaaaaaaaaaaaaaaaaaaaaaaaaaaaaaaaaaaaaaaaaaaaaaa

      at Object.log [as debug] (utils/logger.js:24:15)

    console.log
      [DEBUG] 📝 Re-confirming 1

      at Object.log [as debug] (utils/logger.js:24:15)

    console.log
      [DEBUG] Rune change amount: 0

      at Object.log [as debug] (utils/logger.js:24:15)

    console.log
      [DEBUG] Output 0: tb1ptest = 10000 sats {}

      at Object.log [as debug] (utils/logger.js:24:15)
          at Array.forEach (<anonymous>)

    console.log
      [DEBUG] Is change? true (segwit: tb1qtest, taproot: tb1ptest) {}

      at Object.log [as debug] (utils/logger.js:24:15)
          at Array.forEach (<anonymous>)

    console.log
      [DEBUG] ✅ Adding change output: { address: 'tb1ptest', value: 10000, vout: 0 }

      at Object.log [as debug] (utils/logger.js:24:15)
          at Array.forEach (<anonymous>)

    console.log
      [DEBUG] Output 1: tb1qtest = 5000 sats {}

      at Object.log [as debug] (utils/logger.js:24:15)
          at Array.forEach (<anonymous>)

    console.log
      [DEBUG] Is change? true (segwit: tb1qtest, taproot: tb1ptest) {}

      at Object.log [as debug] (utils/logger.js:24:15)
          at Array.forEach (<anonymous>)

    console.log
      [DEBUG] ✅ Adding change output: { address: 'tb1qtest', value: 5000, vout: 1 }

      at Object.log [as debug] (utils/logger.js:24:15)
          at Array.forEach (<anonymous>)

    console.log
      [DEBUG] Total change outputs found: 2

      at Object.log [as debug] (utils/logger.js:24:15)

    console.log
      [DEBUG] 💾 Adding pending transaction: mock_txid_unit

      at Object.log [as debug] (utils/logger.js:24:15)

    console.error
      The current testing environment is not configured to support act(...)

      173 |       // NOW move to pending state after outputs are extracted and saved
      174 |       // This ensures the outputs are available for the next transaction
    > 175 |       setBroadcastedTxid(txid);
          |       ^
      176 |       setIntentStep('pending');
      177 |       setToastDismissed(false);
      178 |

      at isConcurrentActEnvironment (node_modules/react-test-renderer/cjs/react-test-renderer.development.js:10243:17)
      at warnIfUpdatesNotWrappedWithActDEV (node_modules/react-test-renderer/cjs/react-test-renderer.development.js:11798:7)
      at scheduleUpdateOnFiber (node_modules/react-test-renderer/cjs/react-test-renderer.development.js:10326:9)
      at dispatchSetStateInternal (node_modules/react-test-renderer/cjs/react-test-renderer.development.js:4148:13)
      at dispatchSetState (node_modules/react-test-renderer/cjs/react-test-renderer.development.js:4107:7)
      at Object.setBroadcastedTxid (contexts/TransactionExecutionContext.js:175:7)
      at asyncGeneratorStep (node_modules/@babel/runtime/helpers/asyncToGenerator.js:3:17)
      at _next (node_modules/@babel/runtime/helpers/asyncToGenerator.js:17:9)

    console.error
      The current testing environment is not configured to support act(...)

      175 |       setBroadcastedTxid(txid);
      176 |       setIntentStep('pending');
    > 177 |       setToastDismissed(false);
          |       ^
      178 |
      179 |       // Add to background monitoring
      180 |       const assetType = sendAssetType === 'unit' ? 'UNIT' : 'BTC';

      at isConcurrentActEnvironment (node_modules/react-test-renderer/cjs/react-test-renderer.development.js:10243:17)
      at warnIfUpdatesNotWrappedWithActDEV (node_modules/react-test-renderer/cjs/react-test-renderer.development.js:11798:7)
      at scheduleUpdateOnFiber (node_modules/react-test-renderer/cjs/react-test-renderer.development.js:10326:9)
      at dispatchSetStateInternal (node_modules/react-test-renderer/cjs/react-test-renderer.development.js:4148:13)
      at dispatchSetState (node_modules/react-test-renderer/cjs/react-test-renderer.development.js:4107:7)
      at Object.setToastDismissed (contexts/TransactionExecutionContext.js:177:7)
      at asyncGeneratorStep (node_modules/@babel/runtime/helpers/asyncToGenerator.js:3:17)
      at _next (node_modules/@babel/runtime/helpers/asyncToGenerator.js:17:9)

    console.error
      The current testing environment is not configured to support act(...)

      49 |   useEffect(() => {
      50 |     if (broadcastedTxid) {
    > 51 |       setToastDismissed(false);
         |       ^
      52 |     }
      53 |   }, [broadcastedTxid]);
      54 |

      at isConcurrentActEnvironment (node_modules/react-test-renderer/cjs/react-test-renderer.development.js:10243:17)
      at warnIfUpdatesNotWrappedWithActDEV (node_modules/react-test-renderer/cjs/react-test-renderer.development.js:11798:7)
      at scheduleUpdateOnFiber (node_modules/react-test-renderer/cjs/react-test-renderer.development.js:10326:9)
      at dispatchSetStateInternal (node_modules/react-test-renderer/cjs/react-test-renderer.development.js:4148:13)
      at dispatchSetState (node_modules/react-test-renderer/cjs/react-test-renderer.development.js:4107:7)
      at setToastDismissed (contexts/TransactionExecutionContext.js:51:7)
      at Object.react-stack-bottom-frame (node_modules/react-test-renderer/cjs/react-test-renderer.development.js:14062:20)
      at runWithFiberInDEV (node_modules/react-test-renderer/cjs/react-test-renderer.development.js:1574:13)
      at commitHookEffectListMount (node_modules/react-test-renderer/cjs/react-test-renderer.development.js:8376:29)
      at commitHookPassiveMountEffects (node_modules/react-test-renderer/cjs/react-test-renderer.development.js:8465:11)
      at commitPassiveMountOnFiber (node_modules/react-test-renderer/cjs/react-test-renderer.development.js:9782:13)
      at recursivelyTraversePassiveMountEffects (node_modules/react-test-renderer/cjs/react-test-renderer.development.js:9756:11)
      at commitPassiveMountOnFiber (node_modules/react-test-renderer/cjs/react-test-renderer.development.js:9775:11)
      at recursivelyTraversePassiveMountEffects (node_modules/react-test-renderer/cjs/react-test-renderer.development.js:9756:11)
      at commitPassiveMountOnFiber (node_modules/react-test-renderer/cjs/react-test-renderer.development.js:9794:11)
      at flushPendingEffects (node_modules/react-test-renderer/cjs/react-test-renderer.development.js:11528:11)
      at performWorkOnRootViaSchedulerTask (node_modules/react-test-renderer/cjs/react-test-renderer.development.js:2082:11)
      at flushActQueue (node_modules/react/cjs/react.development.js:566:34)
      at node_modules/react/cjs/react.development.js:822:21

PASS contexts/__tests__/TransactionBuildContext.test.js
  ● Console

    console.error
      react-test-renderer is deprecated. See https://react.dev/warnings/react-test-renderer

      23 |   act(() => {
      24 |     component = Wrapper
    > 25 |       ? create(<Wrapper><TestComponent /></Wrapper>)
         |               ^
      26 |       : create(<TestComponent />);
      27 |   });
      28 |

      at process.env.NODE_ENV.exports.create (node_modules/react-test-renderer/cjs/react-test-renderer.development.js:14598:17)
      at contexts/__tests__/TransactionBuildContext.test.js:25:15
      at process.env.NODE_ENV.exports.act (node_modules/react/cjs/react.development.js:789:22)
      at renderHook (contexts/__tests__/TransactionBuildContext.test.js:23:6)
      at Object.renderHook (contexts/__tests__/TransactionBuildContext.test.js:85:24)

    console.error
      The current testing environment is not configured to support act(...)

      23 |   act(() => {
      24 |     component = Wrapper
    > 25 |       ? create(<Wrapper><TestComponent /></Wrapper>)
         |               ^
      26 |       : create(<TestComponent />);
      27 |   });
      28 |

      at isConcurrentActEnvironment (node_modules/react-test-renderer/cjs/react-test-renderer.development.js:10243:17)
      at warnIfUpdatesNotWrappedWithActDEV (node_modules/react-test-renderer/cjs/react-test-renderer.development.js:11798:7)
      at scheduleUpdateOnFiber (node_modules/react-test-renderer/cjs/react-test-renderer.development.js:10326:9)
      at updateContainerImpl (node_modules/react-test-renderer/cjs/react-test-renderer.development.js:12382:10)
      at updateContainer (node_modules/react-test-renderer/cjs/react-test-renderer.development.js:12326:7)
      at process.env.NODE_ENV.exports.create (node_modules/react-test-renderer/cjs/react-test-renderer.development.js:14630:7)
      at contexts/__tests__/TransactionBuildContext.test.js:25:15
      at process.env.NODE_ENV.exports.act (node_modules/react/cjs/react.development.js:789:22)
      at renderHook (contexts/__tests__/TransactionBuildContext.test.js:23:6)
      at Object.renderHook (contexts/__tests__/TransactionBuildContext.test.js:85:24)

    console.error
      react-test-renderer is deprecated. See https://react.dev/warnings/react-test-renderer

      23 |   act(() => {
      24 |     component = Wrapper
    > 25 |       ? create(<Wrapper><TestComponent /></Wrapper>)
         |               ^
      26 |       : create(<TestComponent />);
      27 |   });
      28 |

      at process.env.NODE_ENV.exports.create (node_modules/react-test-renderer/cjs/react-test-renderer.development.js:14598:17)
      at contexts/__tests__/TransactionBuildContext.test.js:25:15
      at process.env.NODE_ENV.exports.act (node_modules/react/cjs/react.development.js:789:22)
      at renderHook (contexts/__tests__/TransactionBuildContext.test.js:23:6)
      at Object.renderHook (contexts/__tests__/TransactionBuildContext.test.js:101:24)
      at asyncGeneratorStep (node_modules/@babel/runtime/helpers/asyncToGenerator.js:3:17)
      at _next (node_modules/@babel/runtime/helpers/asyncToGenerator.js:17:9)
      at node_modules/@babel/runtime/helpers/asyncToGenerator.js:22:7
      at Object.<anonymous> (node_modules/@babel/runtime/helpers/asyncToGenerator.js:14:12)

    console.error
      The current testing environment is not configured to support act(...)

      23 |   act(() => {
      24 |     component = Wrapper
    > 25 |       ? create(<Wrapper><TestComponent /></Wrapper>)
         |               ^
      26 |       : create(<TestComponent />);
      27 |   });
      28 |

      at isConcurrentActEnvironment (node_modules/react-test-renderer/cjs/react-test-renderer.development.js:10243:17)
      at warnIfUpdatesNotWrappedWithActDEV (node_modules/react-test-renderer/cjs/react-test-renderer.development.js:11798:7)
      at scheduleUpdateOnFiber (node_modules/react-test-renderer/cjs/react-test-renderer.development.js:10326:9)
      at updateContainerImpl (node_modules/react-test-renderer/cjs/react-test-renderer.development.js:12382:10)
      at updateContainer (node_modules/react-test-renderer/cjs/react-test-renderer.development.js:12326:7)
      at process.env.NODE_ENV.exports.create (node_modules/react-test-renderer/cjs/react-test-renderer.development.js:14630:7)
      at contexts/__tests__/TransactionBuildContext.test.js:25:15
      at process.env.NODE_ENV.exports.act (node_modules/react/cjs/react.development.js:789:22)
      at renderHook (contexts/__tests__/TransactionBuildContext.test.js:23:6)
      at Object.renderHook (contexts/__tests__/TransactionBuildContext.test.js:101:24)
      at asyncGeneratorStep (node_modules/@babel/runtime/helpers/asyncToGenerator.js:3:17)
      at _next (node_modules/@babel/runtime/helpers/asyncToGenerator.js:17:9)
      at node_modules/@babel/runtime/helpers/asyncToGenerator.js:22:7
      at Object.<anonymous> (node_modules/@babel/runtime/helpers/asyncToGenerator.js:14:12)

    console.log
      [DEBUG] 🔍 Available unconfirmed segwit UTXOs for BTC tx: 0

      at Object.log [as debug] (utils/logger.js:24:15)

    console.error
      The current testing environment is not configured to support act(...)

      60 |       }
      61 |
    > 62 |       setSendIntent(intent);
         |       ^
      63 |       setIntentStep('reviewing');
      64 |     } catch (error) {
      65 |       // Log the full error for debugging

      at isConcurrentActEnvironment (node_modules/react-test-renderer/cjs/react-test-renderer.development.js:10243:17)
      at warnIfUpdatesNotWrappedWithActDEV (node_modules/react-test-renderer/cjs/react-test-renderer.development.js:11798:7)
      at scheduleUpdateOnFiber (node_modules/react-test-renderer/cjs/react-test-renderer.development.js:10326:9)
      at dispatchSetStateInternal (node_modules/react-test-renderer/cjs/react-test-renderer.development.js:4148:13)
      at dispatchSetState (node_modules/react-test-renderer/cjs/react-test-renderer.development.js:4107:7)
      at setSendIntent (contexts/TransactionBuildContext.js:62:7)
      at asyncGeneratorStep (node_modules/@babel/runtime/helpers/asyncToGenerator.js:3:17)
      at _next (node_modules/@babel/runtime/helpers/asyncToGenerator.js:17:9)

    console.error
      react-test-renderer is deprecated. See https://react.dev/warnings/react-test-renderer

      23 |   act(() => {
      24 |     component = Wrapper
    > 25 |       ? create(<Wrapper><TestComponent /></Wrapper>)
         |               ^
      26 |       : create(<TestComponent />);
      27 |   });
      28 |

      at process.env.NODE_ENV.exports.create (node_modules/react-test-renderer/cjs/react-test-renderer.development.js:14598:17)
      at contexts/__tests__/TransactionBuildContext.test.js:25:15
      at process.env.NODE_ENV.exports.act (node_modules/react/cjs/react.development.js:789:22)
      at renderHook (contexts/__tests__/TransactionBuildContext.test.js:23:6)
      at Object.renderHook (contexts/__tests__/TransactionBuildContext.test.js:137:24)
      at asyncGeneratorStep (node_modules/@babel/runtime/helpers/asyncToGenerator.js:3:17)
      at _next (node_modules/@babel/runtime/helpers/asyncToGenerator.js:17:9)
      at node_modules/@babel/runtime/helpers/asyncToGenerator.js:22:7
      at Object.<anonymous> (node_modules/@babel/runtime/helpers/asyncToGenerator.js:14:12)

    console.error
      The current testing environment is not configured to support act(...)

      23 |   act(() => {
      24 |     component = Wrapper
    > 25 |       ? create(<Wrapper><TestComponent /></Wrapper>)
         |               ^
      26 |       : create(<TestComponent />);
      27 |   });
      28 |

      at isConcurrentActEnvironment (node_modules/react-test-renderer/cjs/react-test-renderer.development.js:10243:17)
      at warnIfUpdatesNotWrappedWithActDEV (node_modules/react-test-renderer/cjs/react-test-renderer.development.js:11798:7)
      at scheduleUpdateOnFiber (node_modules/react-test-renderer/cjs/react-test-renderer.development.js:10326:9)
      at updateContainerImpl (node_modules/react-test-renderer/cjs/react-test-renderer.development.js:12382:10)
      at updateContainer (node_modules/react-test-renderer/cjs/react-test-renderer.development.js:12326:7)
      at process.env.NODE_ENV.exports.create (node_modules/react-test-renderer/cjs/react-test-renderer.development.js:14630:7)
      at contexts/__tests__/TransactionBuildContext.test.js:25:15
      at process.env.NODE_ENV.exports.act (node_modules/react/cjs/react.development.js:789:22)
      at renderHook (contexts/__tests__/TransactionBuildContext.test.js:23:6)
      at Object.renderHook (contexts/__tests__/TransactionBuildContext.test.js:137:24)
      at asyncGeneratorStep (node_modules/@babel/runtime/helpers/asyncToGenerator.js:3:17)
      at _next (node_modules/@babel/runtime/helpers/asyncToGenerator.js:17:9)
      at node_modules/@babel/runtime/helpers/asyncToGenerator.js:22:7
      at Object.<anonymous> (node_modules/@babel/runtime/helpers/asyncToGenerator.js:14:12)

    console.log
      [DEBUG] 🔍 Available unconfirmed taproot UTXOs for UNIT tx: 0

      at Object.log [as debug] (utils/logger.js:24:15)

    console.log
      [DEBUG] 🔍 Available unconfirmed segwit UTXOs for UNIT tx: 0

      at Object.log [as debug] (utils/logger.js:24:15)

    console.error
      The current testing environment is not configured to support act(...)

      133 |       }
      134 |
    > 135 |       setSendIntent(intent);
          |       ^
      136 |       setIntentStep('reviewing');
      137 |     } catch (error) {
      138 |       // Log the full error for debugging

      at isConcurrentActEnvironment (node_modules/react-test-renderer/cjs/react-test-renderer.development.js:10243:17)
      at warnIfUpdatesNotWrappedWithActDEV (node_modules/react-test-renderer/cjs/react-test-renderer.development.js:11798:7)
      at scheduleUpdateOnFiber (node_modules/react-test-renderer/cjs/react-test-renderer.development.js:10326:9)
      at dispatchSetStateInternal (node_modules/react-test-renderer/cjs/react-test-renderer.development.js:4148:13)
      at dispatchSetState (node_modules/react-test-renderer/cjs/react-test-renderer.development.js:4107:7)
      at setSendIntent (contexts/TransactionBuildContext.js:135:7)
      at asyncGeneratorStep (node_modules/@babel/runtime/helpers/asyncToGenerator.js:3:17)
      at _next (node_modules/@babel/runtime/helpers/asyncToGenerator.js:17:9)

    console.error
      react-test-renderer is deprecated. See https://react.dev/warnings/react-test-renderer

      23 |   act(() => {
      24 |     component = Wrapper
    > 25 |       ? create(<Wrapper><TestComponent /></Wrapper>)
         |               ^
      26 |       : create(<TestComponent />);
      27 |   });
      28 |

      at process.env.NODE_ENV.exports.create (node_modules/react-test-renderer/cjs/react-test-renderer.development.js:14598:17)
      at contexts/__tests__/TransactionBuildContext.test.js:25:15
      at process.env.NODE_ENV.exports.act (node_modules/react/cjs/react.development.js:789:22)
      at renderHook (contexts/__tests__/TransactionBuildContext.test.js:23:6)
      at Object.renderHook (contexts/__tests__/TransactionBuildContext.test.js:166:24)
      at asyncGeneratorStep (node_modules/@babel/runtime/helpers/asyncToGenerator.js:3:17)
      at _next (node_modules/@babel/runtime/helpers/asyncToGenerator.js:17:9)
      at node_modules/@babel/runtime/helpers/asyncToGenerator.js:22:7
      at Object.<anonymous> (node_modules/@babel/runtime/helpers/asyncToGenerator.js:14:12)

    console.error
      The current testing environment is not configured to support act(...)

      23 |   act(() => {
      24 |     component = Wrapper
    > 25 |       ? create(<Wrapper><TestComponent /></Wrapper>)
         |               ^
      26 |       : create(<TestComponent />);
      27 |   });
      28 |

      at isConcurrentActEnvironment (node_modules/react-test-renderer/cjs/react-test-renderer.development.js:10243:17)
      at warnIfUpdatesNotWrappedWithActDEV (node_modules/react-test-renderer/cjs/react-test-renderer.development.js:11798:7)
      at scheduleUpdateOnFiber (node_modules/react-test-renderer/cjs/react-test-renderer.development.js:10326:9)
      at updateContainerImpl (node_modules/react-test-renderer/cjs/react-test-renderer.development.js:12382:10)
      at updateContainer (node_modules/react-test-renderer/cjs/react-test-renderer.development.js:12326:7)
      at process.env.NODE_ENV.exports.create (node_modules/react-test-renderer/cjs/react-test-renderer.development.js:14630:7)
      at contexts/__tests__/TransactionBuildContext.test.js:25:15
      at process.env.NODE_ENV.exports.act (node_modules/react/cjs/react.development.js:789:22)
      at renderHook (contexts/__tests__/TransactionBuildContext.test.js:23:6)
      at Object.renderHook (contexts/__tests__/TransactionBuildContext.test.js:166:24)
      at asyncGeneratorStep (node_modules/@babel/runtime/helpers/asyncToGenerator.js:3:17)
      at _next (node_modules/@babel/runtime/helpers/asyncToGenerator.js:17:9)
      at node_modules/@babel/runtime/helpers/asyncToGenerator.js:22:7
      at Object.<anonymous> (node_modules/@babel/runtime/helpers/asyncToGenerator.js:14:12)

    console.log
      [DEBUG] 🔍 Available unconfirmed segwit UTXOs for BTC tx: 0

      at Object.log [as debug] (utils/logger.js:24:15)

    console.error
      [ERROR] Error creating BTC intent: Error: Insufficient funds
          at Object.<anonymous> (/Users/lucasrodriguez/Desktop/Ducat/app/app/contexts/__tests__/TransactionBuildContext.test.js:159:58)
          at Generator.next (<anonymous>)
          at asyncGeneratorStep (/Users/lucasrodriguez/Desktop/Ducat/app/app/node_modules/@babel/runtime/helpers/asyncToGenerator.js:3:17)
          at _next (/Users/lucasrodriguez/Desktop/Ducat/app/app/node_modules/@babel/runtime/helpers/asyncToGenerator.js:17:9)
          at /Users/lucasrodriguez/Desktop/Ducat/app/app/node_modules/@babel/runtime/helpers/asyncToGenerator.js:22:7
          at new Promise (<anonymous>)
          at Object.<anonymous> (/Users/lucasrodriguez/Desktop/Ducat/app/app/node_modules/@babel/runtime/helpers/asyncToGenerator.js:14:12)
          at Promise.finally.completed (/Users/lucasrodriguez/Desktop/Ducat/app/app/node_modules/jest-circus/build/jestAdapterInit.js:1557:28)
          at new Promise (<anonymous>)
          at callAsyncCircusFn (/Users/lucasrodriguez/Desktop/Ducat/app/app/node_modules/jest-circus/build/jestAdapterInit.js:1497:10)
          at _callCircusTest (/Users/lucasrodriguez/Desktop/Ducat/app/app/node_modules/jest-circus/build/jestAdapterInit.js:1007:40)
          at _runTest (/Users/lucasrodriguez/Desktop/Ducat/app/app/node_modules/jest-circus/build/jestAdapterInit.js:947:3)
          at /Users/lucasrodriguez/Desktop/Ducat/app/app/node_modules/jest-circus/build/jestAdapterInit.js:849:7
          at _runTestsForDescribeBlock (/Users/lucasrodriguez/Desktop/Ducat/app/app/node_modules/jest-circus/build/jestAdapterInit.js:862:11)
          at _runTestsForDescribeBlock (/Users/lucasrodriguez/Desktop/Ducat/app/app/node_modules/jest-circus/build/jestAdapterInit.js:857:11)
          at run (/Users/lucasrodriguez/Desktop/Ducat/app/app/node_modules/jest-circus/build/jestAdapterInit.js:761:3)
          at runAndTransformResultsToJestFormat (/Users/lucasrodriguez/Desktop/Ducat/app/app/node_modules/jest-circus/build/jestAdapterInit.js:1918:21)
          at jestAdapter (/Users/lucasrodriguez/Desktop/Ducat/app/app/node_modules/jest-circus/build/runner.js:101:19)
          at runTestInternal (/Users/lucasrodriguez/Desktop/Ducat/app/app/node_modules/jest-runner/build/testWorker.js:275:16)
          at runTest (/Users/lucasrodriguez/Desktop/Ducat/app/app/node_modules/jest-runner/build/testWorker.js:343:7)
          at Object.worker (/Users/lucasrodriguez/Desktop/Ducat/app/app/node_modules/jest-runner/build/testWorker.js:497:12)

      74 |   error: (error, context = {}) => {
      75 |     if (isDev) {
    > 76 |       console.error('[ERROR]', error, context);
         |               ^
      77 |     } else {
      78 |       if (error instanceof Error) {
      79 |         Sentry.captureException(error, {

      at Object.error (utils/logger.js:76:15)
      at error (contexts/TransactionBuildContext.js:66:14)
          at Generator.throw (<anonymous>)
      at asyncGeneratorStep (node_modules/@babel/runtime/helpers/asyncToGenerator.js:3:17)
      at _throw (node_modules/@babel/runtime/helpers/asyncToGenerator.js:20:9)

    console.error
      react-test-renderer is deprecated. See https://react.dev/warnings/react-test-renderer

      23 |   act(() => {
      24 |     component = Wrapper
    > 25 |       ? create(<Wrapper><TestComponent /></Wrapper>)
         |               ^
      26 |       : create(<TestComponent />);
      27 |   });
      28 |

      at process.env.NODE_ENV.exports.create (node_modules/react-test-renderer/cjs/react-test-renderer.development.js:14598:17)
      at contexts/__tests__/TransactionBuildContext.test.js:25:15
      at process.env.NODE_ENV.exports.act (node_modules/react/cjs/react.development.js:789:22)
      at renderHook (contexts/__tests__/TransactionBuildContext.test.js:23:6)
      at Object.renderHook (contexts/__tests__/TransactionBuildContext.test.js:199:24)
      at asyncGeneratorStep (node_modules/@babel/runtime/helpers/asyncToGenerator.js:3:17)
      at _next (node_modules/@babel/runtime/helpers/asyncToGenerator.js:17:9)
      at node_modules/@babel/runtime/helpers/asyncToGenerator.js:22:7
      at Object.<anonymous> (node_modules/@babel/runtime/helpers/asyncToGenerator.js:14:12)

    console.error
      The current testing environment is not configured to support act(...)

      23 |   act(() => {
      24 |     component = Wrapper
    > 25 |       ? create(<Wrapper><TestComponent /></Wrapper>)
         |               ^
      26 |       : create(<TestComponent />);
      27 |   });
      28 |

      at isConcurrentActEnvironment (node_modules/react-test-renderer/cjs/react-test-renderer.development.js:10243:17)
      at warnIfUpdatesNotWrappedWithActDEV (node_modules/react-test-renderer/cjs/react-test-renderer.development.js:11798:7)
      at scheduleUpdateOnFiber (node_modules/react-test-renderer/cjs/react-test-renderer.development.js:10326:9)
      at updateContainerImpl (node_modules/react-test-renderer/cjs/react-test-renderer.development.js:12382:10)
      at updateContainer (node_modules/react-test-renderer/cjs/react-test-renderer.development.js:12326:7)
      at process.env.NODE_ENV.exports.create (node_modules/react-test-renderer/cjs/react-test-renderer.development.js:14630:7)
      at contexts/__tests__/TransactionBuildContext.test.js:25:15
      at process.env.NODE_ENV.exports.act (node_modules/react/cjs/react.development.js:789:22)
      at renderHook (contexts/__tests__/TransactionBuildContext.test.js:23:6)
      at Object.renderHook (contexts/__tests__/TransactionBuildContext.test.js:199:24)
      at asyncGeneratorStep (node_modules/@babel/runtime/helpers/asyncToGenerator.js:3:17)
      at _next (node_modules/@babel/runtime/helpers/asyncToGenerator.js:17:9)
      at node_modules/@babel/runtime/helpers/asyncToGenerator.js:22:7
      at Object.<anonymous> (node_modules/@babel/runtime/helpers/asyncToGenerator.js:14:12)

    console.log
      [DEBUG] 🔍 Available unconfirmed taproot UTXOs for UNIT tx: 0

      at Object.log [as debug] (utils/logger.js:24:15)

    console.log
      [DEBUG] 🔍 Available unconfirmed segwit UTXOs for UNIT tx: 0

      at Object.log [as debug] (utils/logger.js:24:15)

    console.error
      [ERROR] Error creating UNIT intent: Error: Invalid recipient
          at Object.<anonymous> (/Users/lucasrodriguez/Desktop/Ducat/app/app/contexts/__tests__/TransactionBuildContext.test.js:192:59)
          at Generator.next (<anonymous>)
          at asyncGeneratorStep (/Users/lucasrodriguez/Desktop/Ducat/app/app/node_modules/@babel/runtime/helpers/asyncToGenerator.js:3:17)
          at _next (/Users/lucasrodriguez/Desktop/Ducat/app/app/node_modules/@babel/runtime/helpers/asyncToGenerator.js:17:9)
          at /Users/lucasrodriguez/Desktop/Ducat/app/app/node_modules/@babel/runtime/helpers/asyncToGenerator.js:22:7
          at new Promise (<anonymous>)
          at Object.<anonymous> (/Users/lucasrodriguez/Desktop/Ducat/app/app/node_modules/@babel/runtime/helpers/asyncToGenerator.js:14:12)
          at Promise.finally.completed (/Users/lucasrodriguez/Desktop/Ducat/app/app/node_modules/jest-circus/build/jestAdapterInit.js:1557:28)
          at new Promise (<anonymous>)
          at callAsyncCircusFn (/Users/lucasrodriguez/Desktop/Ducat/app/app/node_modules/jest-circus/build/jestAdapterInit.js:1497:10)
          at _callCircusTest (/Users/lucasrodriguez/Desktop/Ducat/app/app/node_modules/jest-circus/build/jestAdapterInit.js:1007:40)
          at _runTest (/Users/lucasrodriguez/Desktop/Ducat/app/app/node_modules/jest-circus/build/jestAdapterInit.js:947:3)
          at /Users/lucasrodriguez/Desktop/Ducat/app/app/node_modules/jest-circus/build/jestAdapterInit.js:849:7
          at _runTestsForDescribeBlock (/Users/lucasrodriguez/Desktop/Ducat/app/app/node_modules/jest-circus/build/jestAdapterInit.js:862:11)
          at _runTestsForDescribeBlock (/Users/lucasrodriguez/Desktop/Ducat/app/app/node_modules/jest-circus/build/jestAdapterInit.js:857:11)
          at run (/Users/lucasrodriguez/Desktop/Ducat/app/app/node_modules/jest-circus/build/jestAdapterInit.js:761:3)
          at runAndTransformResultsToJestFormat (/Users/lucasrodriguez/Desktop/Ducat/app/app/node_modules/jest-circus/build/jestAdapterInit.js:1918:21)
          at jestAdapter (/Users/lucasrodriguez/Desktop/Ducat/app/app/node_modules/jest-circus/build/runner.js:101:19)
          at runTestInternal (/Users/lucasrodriguez/Desktop/Ducat/app/app/node_modules/jest-runner/build/testWorker.js:275:16)
          at runTest (/Users/lucasrodriguez/Desktop/Ducat/app/app/node_modules/jest-runner/build/testWorker.js:343:7)
          at Object.worker (/Users/lucasrodriguez/Desktop/Ducat/app/app/node_modules/jest-runner/build/testWorker.js:497:12)

      74 |   error: (error, context = {}) => {
      75 |     if (isDev) {
    > 76 |       console.error('[ERROR]', error, context);
         |               ^
      77 |     } else {
      78 |       if (error instanceof Error) {
      79 |         Sentry.captureException(error, {

      at Object.error (utils/logger.js:76:15)
      at error (contexts/TransactionBuildContext.js:139:14)
          at Generator.throw (<anonymous>)
      at asyncGeneratorStep (node_modules/@babel/runtime/helpers/asyncToGenerator.js:3:17)
      at _throw (node_modules/@babel/runtime/helpers/asyncToGenerator.js:20:9)

    console.error
      react-test-renderer is deprecated. See https://react.dev/warnings/react-test-renderer

      23 |   act(() => {
      24 |     component = Wrapper
    > 25 |       ? create(<Wrapper><TestComponent /></Wrapper>)
         |               ^
      26 |       : create(<TestComponent />);
      27 |   });
      28 |

      at process.env.NODE_ENV.exports.create (node_modules/react-test-renderer/cjs/react-test-renderer.development.js:14598:17)
      at contexts/__tests__/TransactionBuildContext.test.js:25:15
      at process.env.NODE_ENV.exports.act (node_modules/react/cjs/react.development.js:789:22)
      at renderHook (contexts/__tests__/TransactionBuildContext.test.js:23:6)
      at Object.renderHook (contexts/__tests__/TransactionBuildContext.test.js:229:24)
      at asyncGeneratorStep (node_modules/@babel/runtime/helpers/asyncToGenerator.js:3:17)
      at _next (node_modules/@babel/runtime/helpers/asyncToGenerator.js:17:9)
      at node_modules/@babel/runtime/helpers/asyncToGenerator.js:22:7
      at Object.<anonymous> (node_modules/@babel/runtime/helpers/asyncToGenerator.js:14:12)

    console.error
      The current testing environment is not configured to support act(...)

      23 |   act(() => {
      24 |     component = Wrapper
    > 25 |       ? create(<Wrapper><TestComponent /></Wrapper>)
         |               ^
      26 |       : create(<TestComponent />);
      27 |   });
      28 |

      at isConcurrentActEnvironment (node_modules/react-test-renderer/cjs/react-test-renderer.development.js:10243:17)
      at warnIfUpdatesNotWrappedWithActDEV (node_modules/react-test-renderer/cjs/react-test-renderer.development.js:11798:7)
      at scheduleUpdateOnFiber (node_modules/react-test-renderer/cjs/react-test-renderer.development.js:10326:9)
      at updateContainerImpl (node_modules/react-test-renderer/cjs/react-test-renderer.development.js:12382:10)
      at updateContainer (node_modules/react-test-renderer/cjs/react-test-renderer.development.js:12326:7)
      at process.env.NODE_ENV.exports.create (node_modules/react-test-renderer/cjs/react-test-renderer.development.js:14630:7)
      at contexts/__tests__/TransactionBuildContext.test.js:25:15
      at process.env.NODE_ENV.exports.act (node_modules/react/cjs/react.development.js:789:22)
      at renderHook (contexts/__tests__/TransactionBuildContext.test.js:23:6)
      at Object.renderHook (contexts/__tests__/TransactionBuildContext.test.js:229:24)
      at asyncGeneratorStep (node_modules/@babel/runtime/helpers/asyncToGenerator.js:3:17)
      at _next (node_modules/@babel/runtime/helpers/asyncToGenerator.js:17:9)
      at node_modules/@babel/runtime/helpers/asyncToGenerator.js:22:7
      at Object.<anonymous> (node_modules/@babel/runtime/helpers/asyncToGenerator.js:14:12)

    console.error
      react-test-renderer is deprecated. See https://react.dev/warnings/react-test-renderer

      23 |   act(() => {
      24 |     component = Wrapper
    > 25 |       ? create(<Wrapper><TestComponent /></Wrapper>)
         |               ^
      26 |       : create(<TestComponent />);
      27 |   });
      28 |

      at process.env.NODE_ENV.exports.create (node_modules/react-test-renderer/cjs/react-test-renderer.development.js:14598:17)
      at contexts/__tests__/TransactionBuildContext.test.js:25:15
      at process.env.NODE_ENV.exports.act (node_modules/react/cjs/react.development.js:789:22)
      at renderHook (contexts/__tests__/TransactionBuildContext.test.js:23:6)
      at Object.renderHook (contexts/__tests__/TransactionBuildContext.test.js:259:24)
      at asyncGeneratorStep (node_modules/@babel/runtime/helpers/asyncToGenerator.js:3:17)
      at _next (node_modules/@babel/runtime/helpers/asyncToGenerator.js:17:9)
      at node_modules/@babel/runtime/helpers/asyncToGenerator.js:22:7
      at Object.<anonymous> (node_modules/@babel/runtime/helpers/asyncToGenerator.js:14:12)

    console.error
      The current testing environment is not configured to support act(...)

      23 |   act(() => {
      24 |     component = Wrapper
    > 25 |       ? create(<Wrapper><TestComponent /></Wrapper>)
         |               ^
      26 |       : create(<TestComponent />);
      27 |   });
      28 |

      at isConcurrentActEnvironment (node_modules/react-test-renderer/cjs/react-test-renderer.development.js:10243:17)
      at warnIfUpdatesNotWrappedWithActDEV (node_modules/react-test-renderer/cjs/react-test-renderer.development.js:11798:7)
      at scheduleUpdateOnFiber (node_modules/react-test-renderer/cjs/react-test-renderer.development.js:10326:9)
      at updateContainerImpl (node_modules/react-test-renderer/cjs/react-test-renderer.development.js:12382:10)
      at updateContainer (node_modules/react-test-renderer/cjs/react-test-renderer.development.js:12326:7)
      at process.env.NODE_ENV.exports.create (node_modules/react-test-renderer/cjs/react-test-renderer.development.js:14630:7)
      at contexts/__tests__/TransactionBuildContext.test.js:25:15
      at process.env.NODE_ENV.exports.act (node_modules/react/cjs/react.development.js:789:22)
      at renderHook (contexts/__tests__/TransactionBuildContext.test.js:23:6)
      at Object.renderHook (contexts/__tests__/TransactionBuildContext.test.js:259:24)
      at asyncGeneratorStep (node_modules/@babel/runtime/helpers/asyncToGenerator.js:3:17)
      at _next (node_modules/@babel/runtime/helpers/asyncToGenerator.js:17:9)
      at node_modules/@babel/runtime/helpers/asyncToGenerator.js:22:7
      at Object.<anonymous> (node_modules/@babel/runtime/helpers/asyncToGenerator.js:14:12)

    console.error
      react-test-renderer is deprecated. See https://react.dev/warnings/react-test-renderer

      23 |   act(() => {
      24 |     component = Wrapper
    > 25 |       ? create(<Wrapper><TestComponent /></Wrapper>)
         |               ^
      26 |       : create(<TestComponent />);
      27 |   });
      28 |

      at process.env.NODE_ENV.exports.create (node_modules/react-test-renderer/cjs/react-test-renderer.development.js:14598:17)
      at contexts/__tests__/TransactionBuildContext.test.js:25:15
      at process.env.NODE_ENV.exports.act (node_modules/react/cjs/react.development.js:789:22)
      at renderHook (contexts/__tests__/TransactionBuildContext.test.js:23:6)
      at Object.renderHook (contexts/__tests__/TransactionBuildContext.test.js:291:24)
      at asyncGeneratorStep (node_modules/@babel/runtime/helpers/asyncToGenerator.js:3:17)
      at _next (node_modules/@babel/runtime/helpers/asyncToGenerator.js:17:9)
      at node_modules/@babel/runtime/helpers/asyncToGenerator.js:22:7
      at Object.<anonymous> (node_modules/@babel/runtime/helpers/asyncToGenerator.js:14:12)

    console.error
      The current testing environment is not configured to support act(...)

      23 |   act(() => {
      24 |     component = Wrapper
    > 25 |       ? create(<Wrapper><TestComponent /></Wrapper>)
         |               ^
      26 |       : create(<TestComponent />);
      27 |   });
      28 |

      at isConcurrentActEnvironment (node_modules/react-test-renderer/cjs/react-test-renderer.development.js:10243:17)
      at warnIfUpdatesNotWrappedWithActDEV (node_modules/react-test-renderer/cjs/react-test-renderer.development.js:11798:7)
      at scheduleUpdateOnFiber (node_modules/react-test-renderer/cjs/react-test-renderer.development.js:10326:9)
      at updateContainerImpl (node_modules/react-test-renderer/cjs/react-test-renderer.development.js:12382:10)
      at updateContainer (node_modules/react-test-renderer/cjs/react-test-renderer.development.js:12326:7)
      at process.env.NODE_ENV.exports.create (node_modules/react-test-renderer/cjs/react-test-renderer.development.js:14630:7)
      at contexts/__tests__/TransactionBuildContext.test.js:25:15
      at process.env.NODE_ENV.exports.act (node_modules/react/cjs/react.development.js:789:22)
      at renderHook (contexts/__tests__/TransactionBuildContext.test.js:23:6)
      at Object.renderHook (contexts/__tests__/TransactionBuildContext.test.js:291:24)
      at asyncGeneratorStep (node_modules/@babel/runtime/helpers/asyncToGenerator.js:3:17)
      at _next (node_modules/@babel/runtime/helpers/asyncToGenerator.js:17:9)
      at node_modules/@babel/runtime/helpers/asyncToGenerator.js:22:7
      at Object.<anonymous> (node_modules/@babel/runtime/helpers/asyncToGenerator.js:14:12)

    console.log
      [DEBUG] 🔍 Available unconfirmed segwit UTXOs for BTC tx: 0

      at Object.log [as debug] (utils/logger.js:24:15)

    console.error
      The current testing environment is not configured to support act(...)

      60 |       }
      61 |
    > 62 |       setSendIntent(intent);
         |       ^
      63 |       setIntentStep('reviewing');
      64 |     } catch (error) {
      65 |       // Log the full error for debugging

      at isConcurrentActEnvironment (node_modules/react-test-renderer/cjs/react-test-renderer.development.js:10243:17)
      at warnIfUpdatesNotWrappedWithActDEV (node_modules/react-test-renderer/cjs/react-test-renderer.development.js:11798:7)
      at scheduleUpdateOnFiber (node_modules/react-test-renderer/cjs/react-test-renderer.development.js:10326:9)
      at dispatchSetStateInternal (node_modules/react-test-renderer/cjs/react-test-renderer.development.js:4148:13)
      at dispatchSetState (node_modules/react-test-renderer/cjs/react-test-renderer.development.js:4107:7)
      at setSendIntent (contexts/TransactionBuildContext.js:62:7)
      at asyncGeneratorStep (node_modules/@babel/runtime/helpers/asyncToGenerator.js:3:17)
      at _next (node_modules/@babel/runtime/helpers/asyncToGenerator.js:17:9)

    console.error
      react-test-renderer is deprecated. See https://react.dev/warnings/react-test-renderer

      23 |   act(() => {
      24 |     component = Wrapper
    > 25 |       ? create(<Wrapper><TestComponent /></Wrapper>)
         |               ^
      26 |       : create(<TestComponent />);
      27 |   });
      28 |

      at process.env.NODE_ENV.exports.create (node_modules/react-test-renderer/cjs/react-test-renderer.development.js:14598:17)
      at contexts/__tests__/TransactionBuildContext.test.js:25:15
      at process.env.NODE_ENV.exports.act (node_modules/react/cjs/react.development.js:789:22)
      at renderHook (contexts/__tests__/TransactionBuildContext.test.js:23:6)
      at Object.renderHook (contexts/__tests__/TransactionBuildContext.test.js:316:24)

    console.error
      The current testing environment is not configured to support act(...)

      23 |   act(() => {
      24 |     component = Wrapper
    > 25 |       ? create(<Wrapper><TestComponent /></Wrapper>)
         |               ^
      26 |       : create(<TestComponent />);
      27 |   });
      28 |

      at isConcurrentActEnvironment (node_modules/react-test-renderer/cjs/react-test-renderer.development.js:10243:17)
      at warnIfUpdatesNotWrappedWithActDEV (node_modules/react-test-renderer/cjs/react-test-renderer.development.js:11798:7)
      at scheduleUpdateOnFiber (node_modules/react-test-renderer/cjs/react-test-renderer.development.js:10326:9)
      at updateContainerImpl (node_modules/react-test-renderer/cjs/react-test-renderer.development.js:12382:10)
      at updateContainer (node_modules/react-test-renderer/cjs/react-test-renderer.development.js:12326:7)
      at process.env.NODE_ENV.exports.create (node_modules/react-test-renderer/cjs/react-test-renderer.development.js:14630:7)
      at contexts/__tests__/TransactionBuildContext.test.js:25:15
      at process.env.NODE_ENV.exports.act (node_modules/react/cjs/react.development.js:789:22)
      at renderHook (contexts/__tests__/TransactionBuildContext.test.js:23:6)
      at Object.renderHook (contexts/__tests__/TransactionBuildContext.test.js:316:24)

    console.error
      The current testing environment is not configured to support act(...)

      319 |
      320 |     act(() => {
    > 321 |       result.current.setSendIntent(mockIntent);
          |                      ^
      322 |     });
      323 |
      324 |     expect(result.current.sendIntent).toEqual(mockIntent);

      at isConcurrentActEnvironment (node_modules/react-test-renderer/cjs/react-test-renderer.development.js:10243:17)
      at warnIfUpdatesNotWrappedWithActDEV (node_modules/react-test-renderer/cjs/react-test-renderer.development.js:11798:7)
      at scheduleUpdateOnFiber (node_modules/react-test-renderer/cjs/react-test-renderer.development.js:10326:9)
      at dispatchSetStateInternal (node_modules/react-test-renderer/cjs/react-test-renderer.development.js:4148:13)
      at dispatchSetState (node_modules/react-test-renderer/cjs/react-test-renderer.development.js:4107:7)
      at setSendIntent (contexts/__tests__/TransactionBuildContext.test.js:321:22)
      at process.env.NODE_ENV.exports.act (node_modules/react/cjs/react.development.js:789:22)
      at Object.<anonymous> (contexts/__tests__/TransactionBuildContext.test.js:320:8)

    console.error
      react-test-renderer is deprecated. See https://react.dev/warnings/react-test-renderer

      23 |   act(() => {
      24 |     component = Wrapper
    > 25 |       ? create(<Wrapper><TestComponent /></Wrapper>)
         |               ^
      26 |       : create(<TestComponent />);
      27 |   });
      28 |

      at process.env.NODE_ENV.exports.create (node_modules/react-test-renderer/cjs/react-test-renderer.development.js:14598:17)
      at contexts/__tests__/TransactionBuildContext.test.js:25:15
      at process.env.NODE_ENV.exports.act (node_modules/react/cjs/react.development.js:789:22)
      at renderHook (contexts/__tests__/TransactionBuildContext.test.js:23:6)
      at Object.renderHook (contexts/__tests__/TransactionBuildContext.test.js:343:24)
      at asyncGeneratorStep (node_modules/@babel/runtime/helpers/asyncToGenerator.js:3:17)
      at _next (node_modules/@babel/runtime/helpers/asyncToGenerator.js:17:9)
      at node_modules/@babel/runtime/helpers/asyncToGenerator.js:22:7
      at Object.<anonymous> (node_modules/@babel/runtime/helpers/asyncToGenerator.js:14:12)

    console.error
      The current testing environment is not configured to support act(...)

      23 |   act(() => {
      24 |     component = Wrapper
    > 25 |       ? create(<Wrapper><TestComponent /></Wrapper>)
         |               ^
      26 |       : create(<TestComponent />);
      27 |   });
      28 |

      at isConcurrentActEnvironment (node_modules/react-test-renderer/cjs/react-test-renderer.development.js:10243:17)
      at warnIfUpdatesNotWrappedWithActDEV (node_modules/react-test-renderer/cjs/react-test-renderer.development.js:11798:7)
      at scheduleUpdateOnFiber (node_modules/react-test-renderer/cjs/react-test-renderer.development.js:10326:9)
      at updateContainerImpl (node_modules/react-test-renderer/cjs/react-test-renderer.development.js:12382:10)
      at updateContainer (node_modules/react-test-renderer/cjs/react-test-renderer.development.js:12326:7)
      at process.env.NODE_ENV.exports.create (node_modules/react-test-renderer/cjs/react-test-renderer.development.js:14630:7)
      at contexts/__tests__/TransactionBuildContext.test.js:25:15
      at process.env.NODE_ENV.exports.act (node_modules/react/cjs/react.development.js:789:22)
      at renderHook (contexts/__tests__/TransactionBuildContext.test.js:23:6)
      at Object.renderHook (contexts/__tests__/TransactionBuildContext.test.js:343:24)
      at asyncGeneratorStep (node_modules/@babel/runtime/helpers/asyncToGenerator.js:3:17)
      at _next (node_modules/@babel/runtime/helpers/asyncToGenerator.js:17:9)
      at node_modules/@babel/runtime/helpers/asyncToGenerator.js:22:7
      at Object.<anonymous> (node_modules/@babel/runtime/helpers/asyncToGenerator.js:14:12)

    console.error
      [ERROR] Error creating UNIT intent: Error: Wallet not initialized
          at /Users/lucasrodriguez/Desktop/Ducat/app/app/contexts/TransactionBuildContext.js:80:15
          at Generator.next (<anonymous>)
          at asyncGeneratorStep (/Users/lucasrodriguez/Desktop/Ducat/app/app/node_modules/@babel/runtime/helpers/asyncToGenerator.js:3:17)
          at _next (/Users/lucasrodriguez/Desktop/Ducat/app/app/node_modules/@babel/runtime/helpers/asyncToGenerator.js:17:9)
          at /Users/lucasrodriguez/Desktop/Ducat/app/app/node_modules/@babel/runtime/helpers/asyncToGenerator.js:22:7
          at new Promise (<anonymous>)
          at /Users/lucasrodriguez/Desktop/Ducat/app/app/node_modules/@babel/runtime/helpers/asyncToGenerator.js:14:12
          at Object.createUnitIntent (/Users/lucasrodriguez/Desktop/Ducat/app/app/contexts/TransactionBuildContext.js:171:13)
          at Generator.next (<anonymous>)
          at asyncGeneratorStep (/Users/lucasrodriguez/Desktop/Ducat/app/app/node_modules/@babel/runtime/helpers/asyncToGenerator.js:3:17)
          at _next (/Users/lucasrodriguez/Desktop/Ducat/app/app/node_modules/@babel/runtime/helpers/asyncToGenerator.js:17:9)
          at /Users/lucasrodriguez/Desktop/Ducat/app/app/node_modules/@babel/runtime/helpers/asyncToGenerator.js:22:7
          at new Promise (<anonymous>)
          at Object.createSendIntent (/Users/lucasrodriguez/Desktop/Ducat/app/app/node_modules/@babel/runtime/helpers/asyncToGenerator.js:14:12)
          at createSendIntent (/Users/lucasrodriguez/Desktop/Ducat/app/app/contexts/__tests__/TransactionBuildContext.test.js:346:28)
          at Generator.next (<anonymous>)
          at asyncGeneratorStep (/Users/lucasrodriguez/Desktop/Ducat/app/app/node_modules/@babel/runtime/helpers/asyncToGenerator.js:3:17)
          at _next (/Users/lucasrodriguez/Desktop/Ducat/app/app/node_modules/@babel/runtime/helpers/asyncToGenerator.js:17:9)
          at /Users/lucasrodriguez/Desktop/Ducat/app/app/node_modules/@babel/runtime/helpers/asyncToGenerator.js:22:7
          at new Promise (<anonymous>)
          at /Users/lucasrodriguez/Desktop/Ducat/app/app/node_modules/@babel/runtime/helpers/asyncToGenerator.js:14:12
          at process.env.NODE_ENV.exports.act (/Users/lucasrodriguez/Desktop/Ducat/app/app/node_modules/react/cjs/react.development.js:789:22)
          at Object.<anonymous> (/Users/lucasrodriguez/Desktop/Ducat/app/app/contexts/__tests__/TransactionBuildContext.test.js:345:14)
          at Generator.next (<anonymous>)
          at asyncGeneratorStep (/Users/lucasrodriguez/Desktop/Ducat/app/app/node_modules/@babel/runtime/helpers/asyncToGenerator.js:3:17)
          at _next (/Users/lucasrodriguez/Desktop/Ducat/app/app/node_modules/@babel/runtime/helpers/asyncToGenerator.js:17:9)
          at /Users/lucasrodriguez/Desktop/Ducat/app/app/node_modules/@babel/runtime/helpers/asyncToGenerator.js:22:7
          at new Promise (<anonymous>)
          at Object.<anonymous> (/Users/lucasrodriguez/Desktop/Ducat/app/app/node_modules/@babel/runtime/helpers/asyncToGenerator.js:14:12)
          at Promise.finally.completed (/Users/lucasrodriguez/Desktop/Ducat/app/app/node_modules/jest-circus/build/jestAdapterInit.js:1557:28)
          at new Promise (<anonymous>)
          at callAsyncCircusFn (/Users/lucasrodriguez/Desktop/Ducat/app/app/node_modules/jest-circus/build/jestAdapterInit.js:1497:10)
          at _callCircusTest (/Users/lucasrodriguez/Desktop/Ducat/app/app/node_modules/jest-circus/build/jestAdapterInit.js:1007:40)
          at _runTest (/Users/lucasrodriguez/Desktop/Ducat/app/app/node_modules/jest-circus/build/jestAdapterInit.js:947:3)
          at /Users/lucasrodriguez/Desktop/Ducat/app/app/node_modules/jest-circus/build/jestAdapterInit.js:849:7
          at _runTestsForDescribeBlock (/Users/lucasrodriguez/Desktop/Ducat/app/app/node_modules/jest-circus/build/jestAdapterInit.js:862:11)
          at _runTestsForDescribeBlock (/Users/lucasrodriguez/Desktop/Ducat/app/app/node_modules/jest-circus/build/jestAdapterInit.js:857:11)
          at run (/Users/lucasrodriguez/Desktop/Ducat/app/app/node_modules/jest-circus/build/jestAdapterInit.js:761:3)
          at runAndTransformResultsToJestFormat (/Users/lucasrodriguez/Desktop/Ducat/app/app/node_modules/jest-circus/build/jestAdapterInit.js:1918:21)
          at jestAdapter (/Users/lucasrodriguez/Desktop/Ducat/app/app/node_modules/jest-circus/build/runner.js:101:19)
          at runTestInternal (/Users/lucasrodriguez/Desktop/Ducat/app/app/node_modules/jest-runner/build/testWorker.js:275:16)
          at runTest (/Users/lucasrodriguez/Desktop/Ducat/app/app/node_modules/jest-runner/build/testWorker.js:343:7)
          at Object.worker (/Users/lucasrodriguez/Desktop/Ducat/app/app/node_modules/jest-runner/build/testWorker.js:497:12)

      74 |   error: (error, context = {}) => {
      75 |     if (isDev) {
    > 76 |       console.error('[ERROR]', error, context);
         |               ^
      77 |     } else {
      78 |       if (error instanceof Error) {
      79 |         Sentry.captureException(error, {

      at Object.error (utils/logger.js:76:15)
      at error (contexts/TransactionBuildContext.js:139:14)
      at asyncGeneratorStep (node_modules/@babel/runtime/helpers/asyncToGenerator.js:3:17)
      at _next (node_modules/@babel/runtime/helpers/asyncToGenerator.js:17:9)
      at node_modules/@babel/runtime/helpers/asyncToGenerator.js:22:7
      at node_modules/@babel/runtime/helpers/asyncToGenerator.js:14:12
      at Object.createUnitIntent (contexts/TransactionBuildContext.js:171:13)
      at asyncGeneratorStep (node_modules/@babel/runtime/helpers/asyncToGenerator.js:3:17)
      at _next (node_modules/@babel/runtime/helpers/asyncToGenerator.js:17:9)
      at node_modules/@babel/runtime/helpers/asyncToGenerator.js:22:7
      at Object.createSendIntent (node_modules/@babel/runtime/helpers/asyncToGenerator.js:14:12)
      at createSendIntent (contexts/__tests__/TransactionBuildContext.test.js:346:28)
      at asyncGeneratorStep (node_modules/@babel/runtime/helpers/asyncToGenerator.js:3:17)
      at _next (node_modules/@babel/runtime/helpers/asyncToGenerator.js:17:9)
      at node_modules/@babel/runtime/helpers/asyncToGenerator.js:22:7
      at node_modules/@babel/runtime/helpers/asyncToGenerator.js:14:12
      at process.env.NODE_ENV.exports.act (node_modules/react/cjs/react.development.js:789:22)
      at Object.<anonymous> (contexts/__tests__/TransactionBuildContext.test.js:345:14)
      at asyncGeneratorStep (node_modules/@babel/runtime/helpers/asyncToGenerator.js:3:17)
      at _next (node_modules/@babel/runtime/helpers/asyncToGenerator.js:17:9)
      at node_modules/@babel/runtime/helpers/asyncToGenerator.js:22:7
      at Object.<anonymous> (node_modules/@babel/runtime/helpers/asyncToGenerator.js:14:12)

PASS hooks/__tests__/useAuth.test.js
  ● Console

    console.error
      react-test-renderer is deprecated. See https://react.dev/warnings/react-test-renderer

      35 |   let component;
      36 |   act(() => {
    > 37 |     component = create(<TestComponent hookProps={initialProps} />);
         |                       ^
      38 |   });
      39 |   return {
      40 |     result,

      at process.env.NODE_ENV.exports.create (node_modules/react-test-renderer/cjs/react-test-renderer.development.js:14598:17)
      at hooks/__tests__/useAuth.test.js:37:23
      at process.env.NODE_ENV.exports.act (node_modules/react/cjs/react.development.js:789:22)
      at renderHook (hooks/__tests__/useAuth.test.js:36:6)
      at Object.renderHook (hooks/__tests__/useAuth.test.js:67:26)
      at asyncGeneratorStep (node_modules/@babel/runtime/helpers/asyncToGenerator.js:3:17)
      at _next (node_modules/@babel/runtime/helpers/asyncToGenerator.js:17:9)
      at node_modules/@babel/runtime/helpers/asyncToGenerator.js:22:7
      at Object.<anonymous> (node_modules/@babel/runtime/helpers/asyncToGenerator.js:14:12)

    console.error
      The current testing environment is not configured to support act(...)

      35 |   let component;
      36 |   act(() => {
    > 37 |     component = create(<TestComponent hookProps={initialProps} />);
         |                       ^
      38 |   });
      39 |   return {
      40 |     result,

      at isConcurrentActEnvironment (node_modules/react-test-renderer/cjs/react-test-renderer.development.js:10243:17)
      at warnIfUpdatesNotWrappedWithActDEV (node_modules/react-test-renderer/cjs/react-test-renderer.development.js:11798:7)
      at scheduleUpdateOnFiber (node_modules/react-test-renderer/cjs/react-test-renderer.development.js:10326:9)
      at updateContainerImpl (node_modules/react-test-renderer/cjs/react-test-renderer.development.js:12382:10)
      at updateContainer (node_modules/react-test-renderer/cjs/react-test-renderer.development.js:12326:7)
      at process.env.NODE_ENV.exports.create (node_modules/react-test-renderer/cjs/react-test-renderer.development.js:14630:7)
      at hooks/__tests__/useAuth.test.js:37:23
      at process.env.NODE_ENV.exports.act (node_modules/react/cjs/react.development.js:789:22)
      at renderHook (hooks/__tests__/useAuth.test.js:36:6)
      at Object.renderHook (hooks/__tests__/useAuth.test.js:67:26)
      at asyncGeneratorStep (node_modules/@babel/runtime/helpers/asyncToGenerator.js:3:17)
      at _next (node_modules/@babel/runtime/helpers/asyncToGenerator.js:17:9)
      at node_modules/@babel/runtime/helpers/asyncToGenerator.js:22:7
      at Object.<anonymous> (node_modules/@babel/runtime/helpers/asyncToGenerator.js:14:12)

    console.error
      The current testing environment is not configured to support act(...)

      40 |     const checkAuthSupport = async () => {
      41 |       const compatible = await LocalAuthentication.hasHardwareAsync();
    > 42 |       setIsBiometricSupported(compatible);
         |       ^
      43 |
      44 |       const passkeySupported = await PasskeyService.isPasskeySupported();
      45 |       setIsPasskeySupported(passkeySupported);

      at isConcurrentActEnvironment (node_modules/react-test-renderer/cjs/react-test-renderer.development.js:10243:17)
      at warnIfUpdatesNotWrappedWithActDEV (node_modules/react-test-renderer/cjs/react-test-renderer.development.js:11798:7)
      at scheduleUpdateOnFiber (node_modules/react-test-renderer/cjs/react-test-renderer.development.js:10326:9)
      at dispatchSetStateInternal (node_modules/react-test-renderer/cjs/react-test-renderer.development.js:4148:13)
      at dispatchSetState (node_modules/react-test-renderer/cjs/react-test-renderer.development.js:4107:7)
      at setIsBiometricSupported (hooks/useAuth.js:42:7)
      at asyncGeneratorStep (node_modules/@babel/runtime/helpers/asyncToGenerator.js:3:17)
      at _next (node_modules/@babel/runtime/helpers/asyncToGenerator.js:17:9)

    console.log
      [DEBUG] Passkey support check {
        supported: Promise {
          true,
          [Symbol(async_id_symbol)]: 14696,
          [Symbol(trigger_async_id_symbol)]: 14684,
          [Symbol(kResourceStore)]: undefined,
          [Symbol(kResourceStore)]: undefined,
          [Symbol(kResourceStore)]: 'useAuth Initialization should start with isAuthenticated false'
        }
      }

      at Object.log [as debug] (utils/logger.js:24:15)

    console.error
      The current testing environment is not configured to support act(...)

      43 |
      44 |       const passkeySupported = await PasskeyService.isPasskeySupported();
    > 45 |       setIsPasskeySupported(passkeySupported);
         |       ^
      46 |     };
      47 |
      48 |     checkAuthSupport();

      at isConcurrentActEnvironment (node_modules/react-test-renderer/cjs/react-test-renderer.development.js:10243:17)
      at warnIfUpdatesNotWrappedWithActDEV (node_modules/react-test-renderer/cjs/react-test-renderer.development.js:11798:7)
      at scheduleUpdateOnFiber (node_modules/react-test-renderer/cjs/react-test-renderer.development.js:10326:9)
      at dispatchSetStateInternal (node_modules/react-test-renderer/cjs/react-test-renderer.development.js:4148:13)
      at dispatchSetState (node_modules/react-test-renderer/cjs/react-test-renderer.development.js:4107:7)
      at setIsPasskeySupported (hooks/useAuth.js:45:7)
      at asyncGeneratorStep (node_modules/@babel/runtime/helpers/asyncToGenerator.js:3:17)
      at _next (node_modules/@babel/runtime/helpers/asyncToGenerator.js:17:9)

    console.error
      react-test-renderer is deprecated. See https://react.dev/warnings/react-test-renderer

      35 |   let component;
      36 |   act(() => {
    > 37 |     component = create(<TestComponent hookProps={initialProps} />);
         |                       ^
      38 |   });
      39 |   return {
      40 |     result,

      at process.env.NODE_ENV.exports.create (node_modules/react-test-renderer/cjs/react-test-renderer.development.js:14598:17)
      at hooks/__tests__/useAuth.test.js:37:23
      at process.env.NODE_ENV.exports.act (node_modules/react/cjs/react.development.js:789:22)
      at renderHook (hooks/__tests__/useAuth.test.js:36:6)
      at Object.renderHook (hooks/__tests__/useAuth.test.js:79:7)
      at asyncGeneratorStep (node_modules/@babel/runtime/helpers/asyncToGenerator.js:3:17)
      at _next (node_modules/@babel/runtime/helpers/asyncToGenerator.js:17:9)
      at node_modules/@babel/runtime/helpers/asyncToGenerator.js:22:7
      at Object.<anonymous> (node_modules/@babel/runtime/helpers/asyncToGenerator.js:14:12)

    console.error
      The current testing environment is not configured to support act(...)

      35 |   let component;
      36 |   act(() => {
    > 37 |     component = create(<TestComponent hookProps={initialProps} />);
         |                       ^
      38 |   });
      39 |   return {
      40 |     result,

      at isConcurrentActEnvironment (node_modules/react-test-renderer/cjs/react-test-renderer.development.js:10243:17)
      at warnIfUpdatesNotWrappedWithActDEV (node_modules/react-test-renderer/cjs/react-test-renderer.development.js:11798:7)
      at scheduleUpdateOnFiber (node_modules/react-test-renderer/cjs/react-test-renderer.development.js:10326:9)
      at updateContainerImpl (node_modules/react-test-renderer/cjs/react-test-renderer.development.js:12382:10)
      at updateContainer (node_modules/react-test-renderer/cjs/react-test-renderer.development.js:12326:7)
      at process.env.NODE_ENV.exports.create (node_modules/react-test-renderer/cjs/react-test-renderer.development.js:14630:7)
      at hooks/__tests__/useAuth.test.js:37:23
      at process.env.NODE_ENV.exports.act (node_modules/react/cjs/react.development.js:789:22)
      at renderHook (hooks/__tests__/useAuth.test.js:36:6)
      at Object.renderHook (hooks/__tests__/useAuth.test.js:79:7)
      at asyncGeneratorStep (node_modules/@babel/runtime/helpers/asyncToGenerator.js:3:17)
      at _next (node_modules/@babel/runtime/helpers/asyncToGenerator.js:17:9)
      at node_modules/@babel/runtime/helpers/asyncToGenerator.js:22:7
      at Object.<anonymous> (node_modules/@babel/runtime/helpers/asyncToGenerator.js:14:12)

    console.error
      The current testing environment is not configured to support act(...)

      40 |     const checkAuthSupport = async () => {
      41 |       const compatible = await LocalAuthentication.hasHardwareAsync();
    > 42 |       setIsBiometricSupported(compatible);
         |       ^
      43 |
      44 |       const passkeySupported = await PasskeyService.isPasskeySupported();
      45 |       setIsPasskeySupported(passkeySupported);

      at isConcurrentActEnvironment (node_modules/react-test-renderer/cjs/react-test-renderer.development.js:10243:17)
      at warnIfUpdatesNotWrappedWithActDEV (node_modules/react-test-renderer/cjs/react-test-renderer.development.js:11798:7)
      at scheduleUpdateOnFiber (node_modules/react-test-renderer/cjs/react-test-renderer.development.js:10326:9)
      at dispatchSetStateInternal (node_modules/react-test-renderer/cjs/react-test-renderer.development.js:4148:13)
      at dispatchSetState (node_modules/react-test-renderer/cjs/react-test-renderer.development.js:4107:7)
      at setIsBiometricSupported (hooks/useAuth.js:42:7)
      at asyncGeneratorStep (node_modules/@babel/runtime/helpers/asyncToGenerator.js:3:17)
      at _next (node_modules/@babel/runtime/helpers/asyncToGenerator.js:17:9)

    console.log
      [DEBUG] Passkey support check {
        supported: Promise {
          true,
          [Symbol(async_id_symbol)]: 14884,
          [Symbol(trigger_async_id_symbol)]: 14872,
          [Symbol(kResourceStore)]: undefined,
          [Symbol(kResourceStore)]: undefined,
          [Symbol(kResourceStore)]: 'useAuth Initialization should check biometric support on mount'
        }
      }

      at Object.log [as debug] (utils/logger.js:24:15)

    console.error
      The current testing environment is not configured to support act(...)

      43 |
      44 |       const passkeySupported = await PasskeyService.isPasskeySupported();
    > 45 |       setIsPasskeySupported(passkeySupported);
         |       ^
      46 |     };
      47 |
      48 |     checkAuthSupport();

      at isConcurrentActEnvironment (node_modules/react-test-renderer/cjs/react-test-renderer.development.js:10243:17)
      at warnIfUpdatesNotWrappedWithActDEV (node_modules/react-test-renderer/cjs/react-test-renderer.development.js:11798:7)
      at scheduleUpdateOnFiber (node_modules/react-test-renderer/cjs/react-test-renderer.development.js:10326:9)
      at dispatchSetStateInternal (node_modules/react-test-renderer/cjs/react-test-renderer.development.js:4148:13)
      at dispatchSetState (node_modules/react-test-renderer/cjs/react-test-renderer.development.js:4107:7)
      at setIsPasskeySupported (hooks/useAuth.js:45:7)
      at asyncGeneratorStep (node_modules/@babel/runtime/helpers/asyncToGenerator.js:3:17)
      at _next (node_modules/@babel/runtime/helpers/asyncToGenerator.js:17:9)

    console.error
      react-test-renderer is deprecated. See https://react.dev/warnings/react-test-renderer

      35 |   let component;
      36 |   act(() => {
    > 37 |     component = create(<TestComponent hookProps={initialProps} />);
         |                       ^
      38 |   });
      39 |   return {
      40 |     result,

      at process.env.NODE_ENV.exports.create (node_modules/react-test-renderer/cjs/react-test-renderer.development.js:14598:17)
      at hooks/__tests__/useAuth.test.js:37:23
      at process.env.NODE_ENV.exports.act (node_modules/react/cjs/react.development.js:789:22)
      at renderHook (hooks/__tests__/useAuth.test.js:36:6)
      at Object.renderHook (hooks/__tests__/useAuth.test.js:93:26)
      at asyncGeneratorStep (node_modules/@babel/runtime/helpers/asyncToGenerator.js:3:17)
      at _next (node_modules/@babel/runtime/helpers/asyncToGenerator.js:17:9)
      at node_modules/@babel/runtime/helpers/asyncToGenerator.js:22:7
      at Object.<anonymous> (node_modules/@babel/runtime/helpers/asyncToGenerator.js:14:12)

    console.error
      The current testing environment is not configured to support act(...)

      35 |   let component;
      36 |   act(() => {
    > 37 |     component = create(<TestComponent hookProps={initialProps} />);
         |                       ^
      38 |   });
      39 |   return {
      40 |     result,

      at isConcurrentActEnvironment (node_modules/react-test-renderer/cjs/react-test-renderer.development.js:10243:17)
      at warnIfUpdatesNotWrappedWithActDEV (node_modules/react-test-renderer/cjs/react-test-renderer.development.js:11798:7)
      at scheduleUpdateOnFiber (node_modules/react-test-renderer/cjs/react-test-renderer.development.js:10326:9)
      at updateContainerImpl (node_modules/react-test-renderer/cjs/react-test-renderer.development.js:12382:10)
      at updateContainer (node_modules/react-test-renderer/cjs/react-test-renderer.development.js:12326:7)
      at process.env.NODE_ENV.exports.create (node_modules/react-test-renderer/cjs/react-test-renderer.development.js:14630:7)
      at hooks/__tests__/useAuth.test.js:37:23
      at process.env.NODE_ENV.exports.act (node_modules/react/cjs/react.development.js:789:22)
      at renderHook (hooks/__tests__/useAuth.test.js:36:6)
      at Object.renderHook (hooks/__tests__/useAuth.test.js:93:26)
      at asyncGeneratorStep (node_modules/@babel/runtime/helpers/asyncToGenerator.js:3:17)
      at _next (node_modules/@babel/runtime/helpers/asyncToGenerator.js:17:9)
      at node_modules/@babel/runtime/helpers/asyncToGenerator.js:22:7
      at Object.<anonymous> (node_modules/@babel/runtime/helpers/asyncToGenerator.js:14:12)

    console.error
      The current testing environment is not configured to support act(...)

      40 |     const checkAuthSupport = async () => {
      41 |       const compatible = await LocalAuthentication.hasHardwareAsync();
    > 42 |       setIsBiometricSupported(compatible);
         |       ^
      43 |
      44 |       const passkeySupported = await PasskeyService.isPasskeySupported();
      45 |       setIsPasskeySupported(passkeySupported);

      at isConcurrentActEnvironment (node_modules/react-test-renderer/cjs/react-test-renderer.development.js:10243:17)
      at warnIfUpdatesNotWrappedWithActDEV (node_modules/react-test-renderer/cjs/react-test-renderer.development.js:11798:7)
      at scheduleUpdateOnFiber (node_modules/react-test-renderer/cjs/react-test-renderer.development.js:10326:9)
      at dispatchSetStateInternal (node_modules/react-test-renderer/cjs/react-test-renderer.development.js:4148:13)
      at dispatchSetState (node_modules/react-test-renderer/cjs/react-test-renderer.development.js:4107:7)
      at setIsBiometricSupported (hooks/useAuth.js:42:7)
      at asyncGeneratorStep (node_modules/@babel/runtime/helpers/asyncToGenerator.js:3:17)
      at _next (node_modules/@babel/runtime/helpers/asyncToGenerator.js:17:9)

    console.log
      [DEBUG] Passkey support check {
        supported: Promise {
          true,
          [Symbol(async_id_symbol)]: 15072,
          [Symbol(trigger_async_id_symbol)]: 15060,
          [Symbol(kResourceStore)]: undefined,
          [Symbol(kResourceStore)]: undefined,
          [Symbol(kResourceStore)]: 'useAuth Initialization should set isBiometricSupported based on hardware availability'
        }
      }

      at Object.log [as debug] (utils/logger.js:24:15)

    console.error
      The current testing environment is not configured to support act(...)

      43 |
      44 |       const passkeySupported = await PasskeyService.isPasskeySupported();
    > 45 |       setIsPasskeySupported(passkeySupported);
         |       ^
      46 |     };
      47 |
      48 |     checkAuthSupport();

      at isConcurrentActEnvironment (node_modules/react-test-renderer/cjs/react-test-renderer.development.js:10243:17)
      at warnIfUpdatesNotWrappedWithActDEV (node_modules/react-test-renderer/cjs/react-test-renderer.development.js:11798:7)
      at scheduleUpdateOnFiber (node_modules/react-test-renderer/cjs/react-test-renderer.development.js:10326:9)
      at dispatchSetStateInternal (node_modules/react-test-renderer/cjs/react-test-renderer.development.js:4148:13)
      at dispatchSetState (node_modules/react-test-renderer/cjs/react-test-renderer.development.js:4107:7)
      at setIsPasskeySupported (hooks/useAuth.js:45:7)
      at asyncGeneratorStep (node_modules/@babel/runtime/helpers/asyncToGenerator.js:3:17)
      at _next (node_modules/@babel/runtime/helpers/asyncToGenerator.js:17:9)

    console.error
      react-test-renderer is deprecated. See https://react.dev/warnings/react-test-renderer

      35 |   let component;
      36 |   act(() => {
    > 37 |     component = create(<TestComponent hookProps={initialProps} />);
         |                       ^
      38 |   });
      39 |   return {
      40 |     result,

      at process.env.NODE_ENV.exports.create (node_modules/react-test-renderer/cjs/react-test-renderer.development.js:14598:17)
      at hooks/__tests__/useAuth.test.js:37:23
      at process.env.NODE_ENV.exports.act (node_modules/react/cjs/react.development.js:789:22)
      at renderHook (hooks/__tests__/useAuth.test.js:36:6)
      at Object.renderHook (hooks/__tests__/useAuth.test.js:109:26)
      at asyncGeneratorStep (node_modules/@babel/runtime/helpers/asyncToGenerator.js:3:17)
      at _next (node_modules/@babel/runtime/helpers/asyncToGenerator.js:17:9)
      at node_modules/@babel/runtime/helpers/asyncToGenerator.js:22:7
      at Object.<anonymous> (node_modules/@babel/runtime/helpers/asyncToGenerator.js:14:12)

    console.error
      The current testing environment is not configured to support act(...)

      35 |   let component;
      36 |   act(() => {
    > 37 |     component = create(<TestComponent hookProps={initialProps} />);
         |                       ^
      38 |   });
      39 |   return {
      40 |     result,

      at isConcurrentActEnvironment (node_modules/react-test-renderer/cjs/react-test-renderer.development.js:10243:17)
      at warnIfUpdatesNotWrappedWithActDEV (node_modules/react-test-renderer/cjs/react-test-renderer.development.js:11798:7)
      at scheduleUpdateOnFiber (node_modules/react-test-renderer/cjs/react-test-renderer.development.js:10326:9)
      at updateContainerImpl (node_modules/react-test-renderer/cjs/react-test-renderer.development.js:12382:10)
      at updateContainer (node_modules/react-test-renderer/cjs/react-test-renderer.development.js:12326:7)
      at process.env.NODE_ENV.exports.create (node_modules/react-test-renderer/cjs/react-test-renderer.development.js:14630:7)
      at hooks/__tests__/useAuth.test.js:37:23
      at process.env.NODE_ENV.exports.act (node_modules/react/cjs/react.development.js:789:22)
      at renderHook (hooks/__tests__/useAuth.test.js:36:6)
      at Object.renderHook (hooks/__tests__/useAuth.test.js:109:26)
      at asyncGeneratorStep (node_modules/@babel/runtime/helpers/asyncToGenerator.js:3:17)
      at _next (node_modules/@babel/runtime/helpers/asyncToGenerator.js:17:9)
      at node_modules/@babel/runtime/helpers/asyncToGenerator.js:22:7
      at Object.<anonymous> (node_modules/@babel/runtime/helpers/asyncToGenerator.js:14:12)

    console.error
      The current testing environment is not configured to support act(...)

      40 |     const checkAuthSupport = async () => {
      41 |       const compatible = await LocalAuthentication.hasHardwareAsync();
    > 42 |       setIsBiometricSupported(compatible);
         |       ^
      43 |
      44 |       const passkeySupported = await PasskeyService.isPasskeySupported();
      45 |       setIsPasskeySupported(passkeySupported);

      at isConcurrentActEnvironment (node_modules/react-test-renderer/cjs/react-test-renderer.development.js:10243:17)
      at warnIfUpdatesNotWrappedWithActDEV (node_modules/react-test-renderer/cjs/react-test-renderer.development.js:11798:7)
      at scheduleUpdateOnFiber (node_modules/react-test-renderer/cjs/react-test-renderer.development.js:10326:9)
      at dispatchSetStateInternal (node_modules/react-test-renderer/cjs/react-test-renderer.development.js:4148:13)
      at dispatchSetState (node_modules/react-test-renderer/cjs/react-test-renderer.development.js:4107:7)
      at setIsBiometricSupported (hooks/useAuth.js:42:7)
      at asyncGeneratorStep (node_modules/@babel/runtime/helpers/asyncToGenerator.js:3:17)
      at _next (node_modules/@babel/runtime/helpers/asyncToGenerator.js:17:9)

    console.log
      [DEBUG] Passkey support check {
        supported: Promise {
          true,
          [Symbol(async_id_symbol)]: 15292,
          [Symbol(trigger_async_id_symbol)]: 15278,
          [Symbol(kResourceStore)]: undefined,
          [Symbol(kResourceStore)]: undefined,
          [Symbol(kResourceStore)]: 'useAuth Load Biometric Preference should load biometric preference from storage'
        }
      }

      at Object.log [as debug] (utils/logger.js:24:15)

    console.error
      The current testing environment is not configured to support act(...)

      53 |     try {
      54 |       const biometricPref = await SecureStore.getItemAsync(SECURE_KEYS.BIOMETRIC_ENABLED);
    > 55 |       setBiometricEnabled(biometricPref === 'true');
         |       ^
      56 |     } catch (error) {}
      57 |   }, []);
      58 |

      at isConcurrentActEnvironment (node_modules/react-test-renderer/cjs/react-test-renderer.development.js:10243:17)
      at warnIfUpdatesNotWrappedWithActDEV (node_modules/react-test-renderer/cjs/react-test-renderer.development.js:11798:7)
      at scheduleUpdateOnFiber (node_modules/react-test-renderer/cjs/react-test-renderer.development.js:10326:9)
      at dispatchSetStateInternal (node_modules/react-test-renderer/cjs/react-test-renderer.development.js:4148:13)
      at dispatchSetState (node_modules/react-test-renderer/cjs/react-test-renderer.development.js:4107:7)
      at Object.setBiometricEnabled (hooks/useAuth.js:55:7)
      at asyncGeneratorStep (node_modules/@babel/runtime/helpers/asyncToGenerator.js:3:17)
      at _next (node_modules/@babel/runtime/helpers/asyncToGenerator.js:17:9)

    console.error
      The current testing environment is not configured to support act(...)

      43 |
      44 |       const passkeySupported = await PasskeyService.isPasskeySupported();
    > 45 |       setIsPasskeySupported(passkeySupported);
         |       ^
      46 |     };
      47 |
      48 |     checkAuthSupport();

      at isConcurrentActEnvironment (node_modules/react-test-renderer/cjs/react-test-renderer.development.js:10243:17)
      at warnIfUpdatesNotWrappedWithActDEV (node_modules/react-test-renderer/cjs/react-test-renderer.development.js:11798:7)
      at scheduleUpdateOnFiber (node_modules/react-test-renderer/cjs/react-test-renderer.development.js:10326:9)
      at dispatchSetStateInternal (node_modules/react-test-renderer/cjs/react-test-renderer.development.js:4148:13)
      at dispatchSetState (node_modules/react-test-renderer/cjs/react-test-renderer.development.js:4107:7)
      at setIsPasskeySupported (hooks/useAuth.js:45:7)
      at asyncGeneratorStep (node_modules/@babel/runtime/helpers/asyncToGenerator.js:3:17)
      at _next (node_modules/@babel/runtime/helpers/asyncToGenerator.js:17:9)

    console.error
      react-test-renderer is deprecated. See https://react.dev/warnings/react-test-renderer

      35 |   let component;
      36 |   act(() => {
    > 37 |     component = create(<TestComponent hookProps={initialProps} />);
         |                       ^
      38 |   });
      39 |   return {
      40 |     result,

      at process.env.NODE_ENV.exports.create (node_modules/react-test-renderer/cjs/react-test-renderer.development.js:14598:17)
      at hooks/__tests__/useAuth.test.js:37:23
      at process.env.NODE_ENV.exports.act (node_modules/react/cjs/react.development.js:789:22)
      at renderHook (hooks/__tests__/useAuth.test.js:36:6)
      at Object.renderHook (hooks/__tests__/useAuth.test.js:123:26)
      at asyncGeneratorStep (node_modules/@babel/runtime/helpers/asyncToGenerator.js:3:17)
      at _next (node_modules/@babel/runtime/helpers/asyncToGenerator.js:17:9)
      at node_modules/@babel/runtime/helpers/asyncToGenerator.js:22:7
      at Object.<anonymous> (node_modules/@babel/runtime/helpers/asyncToGenerator.js:14:12)

    console.error
      The current testing environment is not configured to support act(...)

      35 |   let component;
      36 |   act(() => {
    > 37 |     component = create(<TestComponent hookProps={initialProps} />);
         |                       ^
      38 |   });
      39 |   return {
      40 |     result,

      at isConcurrentActEnvironment (node_modules/react-test-renderer/cjs/react-test-renderer.development.js:10243:17)
      at warnIfUpdatesNotWrappedWithActDEV (node_modules/react-test-renderer/cjs/react-test-renderer.development.js:11798:7)
      at scheduleUpdateOnFiber (node_modules/react-test-renderer/cjs/react-test-renderer.development.js:10326:9)
      at updateContainerImpl (node_modules/react-test-renderer/cjs/react-test-renderer.development.js:12382:10)
      at updateContainer (node_modules/react-test-renderer/cjs/react-test-renderer.development.js:12326:7)
      at process.env.NODE_ENV.exports.create (node_modules/react-test-renderer/cjs/react-test-renderer.development.js:14630:7)
      at hooks/__tests__/useAuth.test.js:37:23
      at process.env.NODE_ENV.exports.act (node_modules/react/cjs/react.development.js:789:22)
      at renderHook (hooks/__tests__/useAuth.test.js:36:6)
      at Object.renderHook (hooks/__tests__/useAuth.test.js:123:26)
      at asyncGeneratorStep (node_modules/@babel/runtime/helpers/asyncToGenerator.js:3:17)
      at _next (node_modules/@babel/runtime/helpers/asyncToGenerator.js:17:9)
      at node_modules/@babel/runtime/helpers/asyncToGenerator.js:22:7
      at Object.<anonymous> (node_modules/@babel/runtime/helpers/asyncToGenerator.js:14:12)

    console.error
      The current testing environment is not configured to support act(...)

      40 |     const checkAuthSupport = async () => {
      41 |       const compatible = await LocalAuthentication.hasHardwareAsync();
    > 42 |       setIsBiometricSupported(compatible);
         |       ^
      43 |
      44 |       const passkeySupported = await PasskeyService.isPasskeySupported();
      45 |       setIsPasskeySupported(passkeySupported);

      at isConcurrentActEnvironment (node_modules/react-test-renderer/cjs/react-test-renderer.development.js:10243:17)
      at warnIfUpdatesNotWrappedWithActDEV (node_modules/react-test-renderer/cjs/react-test-renderer.development.js:11798:7)
      at scheduleUpdateOnFiber (node_modules/react-test-renderer/cjs/react-test-renderer.development.js:10326:9)
      at dispatchSetStateInternal (node_modules/react-test-renderer/cjs/react-test-renderer.development.js:4148:13)
      at dispatchSetState (node_modules/react-test-renderer/cjs/react-test-renderer.development.js:4107:7)
      at setIsBiometricSupported (hooks/useAuth.js:42:7)
      at asyncGeneratorStep (node_modules/@babel/runtime/helpers/asyncToGenerator.js:3:17)
      at _next (node_modules/@babel/runtime/helpers/asyncToGenerator.js:17:9)

    console.log
      [DEBUG] Passkey support check {
        supported: Promise {
          true,
          [Symbol(async_id_symbol)]: 15482,
          [Symbol(trigger_async_id_symbol)]: 15468,
          [Symbol(kResourceStore)]: undefined,
          [Symbol(kResourceStore)]: undefined,
          [Symbol(kResourceStore)]: 'useAuth Load Biometric Preference should default to false if no preference stored'
        }
      }

      at Object.log [as debug] (utils/logger.js:24:15)

    console.error
      The current testing environment is not configured to support act(...)

      53 |     try {
      54 |       const biometricPref = await SecureStore.getItemAsync(SECURE_KEYS.BIOMETRIC_ENABLED);
    > 55 |       setBiometricEnabled(biometricPref === 'true');
         |       ^
      56 |     } catch (error) {}
      57 |   }, []);
      58 |

      at isConcurrentActEnvironment (node_modules/react-test-renderer/cjs/react-test-renderer.development.js:10243:17)
      at warnIfUpdatesNotWrappedWithActDEV (node_modules/react-test-renderer/cjs/react-test-renderer.development.js:11798:7)
      at scheduleUpdateOnFiber (node_modules/react-test-renderer/cjs/react-test-renderer.development.js:10326:9)
      at dispatchSetStateInternal (node_modules/react-test-renderer/cjs/react-test-renderer.development.js:4148:13)
      at dispatchSetState (node_modules/react-test-renderer/cjs/react-test-renderer.development.js:4107:7)
      at Object.setBiometricEnabled (hooks/useAuth.js:55:7)
      at asyncGeneratorStep (node_modules/@babel/runtime/helpers/asyncToGenerator.js:3:17)
      at _next (node_modules/@babel/runtime/helpers/asyncToGenerator.js:17:9)

    console.error
      The current testing environment is not configured to support act(...)

      43 |
      44 |       const passkeySupported = await PasskeyService.isPasskeySupported();
    > 45 |       setIsPasskeySupported(passkeySupported);
         |       ^
      46 |     };
      47 |
      48 |     checkAuthSupport();

      at isConcurrentActEnvironment (node_modules/react-test-renderer/cjs/react-test-renderer.development.js:10243:17)
      at warnIfUpdatesNotWrappedWithActDEV (node_modules/react-test-renderer/cjs/react-test-renderer.development.js:11798:7)
      at scheduleUpdateOnFiber (node_modules/react-test-renderer/cjs/react-test-renderer.development.js:10326:9)
      at dispatchSetStateInternal (node_modules/react-test-renderer/cjs/react-test-renderer.development.js:4148:13)
      at dispatchSetState (node_modules/react-test-renderer/cjs/react-test-renderer.development.js:4107:7)
      at setIsPasskeySupported (hooks/useAuth.js:45:7)
      at asyncGeneratorStep (node_modules/@babel/runtime/helpers/asyncToGenerator.js:3:17)
      at _next (node_modules/@babel/runtime/helpers/asyncToGenerator.js:17:9)

    console.error
      react-test-renderer is deprecated. See https://react.dev/warnings/react-test-renderer

      35 |   let component;
      36 |   act(() => {
    > 37 |     component = create(<TestComponent hookProps={initialProps} />);
         |                       ^
      38 |   });
      39 |   return {
      40 |     result,

      at process.env.NODE_ENV.exports.create (node_modules/react-test-renderer/cjs/react-test-renderer.development.js:14598:17)
      at hooks/__tests__/useAuth.test.js:37:23
      at process.env.NODE_ENV.exports.act (node_modules/react/cjs/react.development.js:789:22)
      at renderHook (hooks/__tests__/useAuth.test.js:36:6)
      at Object.renderHook (hooks/__tests__/useAuth.test.js:137:26)
      at asyncGeneratorStep (node_modules/@babel/runtime/helpers/asyncToGenerator.js:3:17)
      at _next (node_modules/@babel/runtime/helpers/asyncToGenerator.js:17:9)
      at node_modules/@babel/runtime/helpers/asyncToGenerator.js:22:7
      at Object.<anonymous> (node_modules/@babel/runtime/helpers/asyncToGenerator.js:14:12)

    console.error
      The current testing environment is not configured to support act(...)

      35 |   let component;
      36 |   act(() => {
    > 37 |     component = create(<TestComponent hookProps={initialProps} />);
         |                       ^
      38 |   });
      39 |   return {
      40 |     result,

      at isConcurrentActEnvironment (node_modules/react-test-renderer/cjs/react-test-renderer.development.js:10243:17)
      at warnIfUpdatesNotWrappedWithActDEV (node_modules/react-test-renderer/cjs/react-test-renderer.development.js:11798:7)
      at scheduleUpdateOnFiber (node_modules/react-test-renderer/cjs/react-test-renderer.development.js:10326:9)
      at updateContainerImpl (node_modules/react-test-renderer/cjs/react-test-renderer.development.js:12382:10)
      at updateContainer (node_modules/react-test-renderer/cjs/react-test-renderer.development.js:12326:7)
      at process.env.NODE_ENV.exports.create (node_modules/react-test-renderer/cjs/react-test-renderer.development.js:14630:7)
      at hooks/__tests__/useAuth.test.js:37:23
      at process.env.NODE_ENV.exports.act (node_modules/react/cjs/react.development.js:789:22)
      at renderHook (hooks/__tests__/useAuth.test.js:36:6)
      at Object.renderHook (hooks/__tests__/useAuth.test.js:137:26)
      at asyncGeneratorStep (node_modules/@babel/runtime/helpers/asyncToGenerator.js:3:17)
      at _next (node_modules/@babel/runtime/helpers/asyncToGenerator.js:17:9)
      at node_modules/@babel/runtime/helpers/asyncToGenerator.js:22:7
      at Object.<anonymous> (node_modules/@babel/runtime/helpers/asyncToGenerator.js:14:12)

    console.error
      The current testing environment is not configured to support act(...)

      40 |     const checkAuthSupport = async () => {
      41 |       const compatible = await LocalAuthentication.hasHardwareAsync();
    > 42 |       setIsBiometricSupported(compatible);
         |       ^
      43 |
      44 |       const passkeySupported = await PasskeyService.isPasskeySupported();
      45 |       setIsPasskeySupported(passkeySupported);

      at isConcurrentActEnvironment (node_modules/react-test-renderer/cjs/react-test-renderer.development.js:10243:17)
      at warnIfUpdatesNotWrappedWithActDEV (node_modules/react-test-renderer/cjs/react-test-renderer.development.js:11798:7)
      at scheduleUpdateOnFiber (node_modules/react-test-renderer/cjs/react-test-renderer.development.js:10326:9)
      at dispatchSetStateInternal (node_modules/react-test-renderer/cjs/react-test-renderer.development.js:4148:13)
      at dispatchSetState (node_modules/react-test-renderer/cjs/react-test-renderer.development.js:4107:7)
      at setIsBiometricSupported (hooks/useAuth.js:42:7)
      at asyncGeneratorStep (node_modules/@babel/runtime/helpers/asyncToGenerator.js:3:17)
      at _next (node_modules/@babel/runtime/helpers/asyncToGenerator.js:17:9)

    console.log
      [DEBUG] Passkey support check {
        supported: Promise {
          true,
          [Symbol(async_id_symbol)]: 15672,
          [Symbol(trigger_async_id_symbol)]: 15658,
          [Symbol(kResourceStore)]: undefined,
          [Symbol(kResourceStore)]: undefined,
          [Symbol(kResourceStore)]: 'useAuth Load Biometric Preference should handle storage errors gracefully'
        }
      }

      at Object.log [as debug] (utils/logger.js:24:15)

    console.error
      The current testing environment is not configured to support act(...)

      43 |
      44 |       const passkeySupported = await PasskeyService.isPasskeySupported();
    > 45 |       setIsPasskeySupported(passkeySupported);
         |       ^
      46 |     };
      47 |
      48 |     checkAuthSupport();

      at isConcurrentActEnvironment (node_modules/react-test-renderer/cjs/react-test-renderer.development.js:10243:17)
      at warnIfUpdatesNotWrappedWithActDEV (node_modules/react-test-renderer/cjs/react-test-renderer.development.js:11798:7)
      at scheduleUpdateOnFiber (node_modules/react-test-renderer/cjs/react-test-renderer.development.js:10326:9)
      at dispatchSetStateInternal (node_modules/react-test-renderer/cjs/react-test-renderer.development.js:4148:13)
      at dispatchSetState (node_modules/react-test-renderer/cjs/react-test-renderer.development.js:4107:7)
      at setIsPasskeySupported (hooks/useAuth.js:45:7)
      at asyncGeneratorStep (node_modules/@babel/runtime/helpers/asyncToGenerator.js:3:17)
      at _next (node_modules/@babel/runtime/helpers/asyncToGenerator.js:17:9)

    console.error
      react-test-renderer is deprecated. See https://react.dev/warnings/react-test-renderer

      35 |   let component;
      36 |   act(() => {
    > 37 |     component = create(<TestComponent hookProps={initialProps} />);
         |                       ^
      38 |   });
      39 |   return {
      40 |     result,

      at process.env.NODE_ENV.exports.create (node_modules/react-test-renderer/cjs/react-test-renderer.development.js:14598:17)
      at hooks/__tests__/useAuth.test.js:37:23
      at process.env.NODE_ENV.exports.act (node_modules/react/cjs/react.development.js:789:22)
      at renderHook (hooks/__tests__/useAuth.test.js:36:6)
      at Object.renderHook (hooks/__tests__/useAuth.test.js:151:26)
      at asyncGeneratorStep (node_modules/@babel/runtime/helpers/asyncToGenerator.js:3:17)
      at _next (node_modules/@babel/runtime/helpers/asyncToGenerator.js:17:9)
      at node_modules/@babel/runtime/helpers/asyncToGenerator.js:22:7
      at Object.<anonymous> (node_modules/@babel/runtime/helpers/asyncToGenerator.js:14:12)

    console.error
      The current testing environment is not configured to support act(...)

      35 |   let component;
      36 |   act(() => {
    > 37 |     component = create(<TestComponent hookProps={initialProps} />);
         |                       ^
      38 |   });
      39 |   return {
      40 |     result,

      at isConcurrentActEnvironment (node_modules/react-test-renderer/cjs/react-test-renderer.development.js:10243:17)
      at warnIfUpdatesNotWrappedWithActDEV (node_modules/react-test-renderer/cjs/react-test-renderer.development.js:11798:7)
      at scheduleUpdateOnFiber (node_modules/react-test-renderer/cjs/react-test-renderer.development.js:10326:9)
      at updateContainerImpl (node_modules/react-test-renderer/cjs/react-test-renderer.development.js:12382:10)
      at updateContainer (node_modules/react-test-renderer/cjs/react-test-renderer.development.js:12326:7)
      at process.env.NODE_ENV.exports.create (node_modules/react-test-renderer/cjs/react-test-renderer.development.js:14630:7)
      at hooks/__tests__/useAuth.test.js:37:23
      at process.env.NODE_ENV.exports.act (node_modules/react/cjs/react.development.js:789:22)
      at renderHook (hooks/__tests__/useAuth.test.js:36:6)
      at Object.renderHook (hooks/__tests__/useAuth.test.js:151:26)
      at asyncGeneratorStep (node_modules/@babel/runtime/helpers/asyncToGenerator.js:3:17)
      at _next (node_modules/@babel/runtime/helpers/asyncToGenerator.js:17:9)
      at node_modules/@babel/runtime/helpers/asyncToGenerator.js:22:7
      at Object.<anonymous> (node_modules/@babel/runtime/helpers/asyncToGenerator.js:14:12)

    console.error
      The current testing environment is not configured to support act(...)

      154 |
      155 |       act(() => {
    > 156 |         result.current.setBiometricEnabled(true);
          |                        ^
      157 |       });
      158 |
      159 |       await act(async () => {

      at isConcurrentActEnvironment (node_modules/react-test-renderer/cjs/react-test-renderer.development.js:10243:17)
      at warnIfUpdatesNotWrappedWithActDEV (node_modules/react-test-renderer/cjs/react-test-renderer.development.js:11798:7)
      at scheduleUpdateOnFiber (node_modules/react-test-renderer/cjs/react-test-renderer.development.js:10326:9)
      at dispatchSetStateInternal (node_modules/react-test-renderer/cjs/react-test-renderer.development.js:4148:13)
      at dispatchSetState (node_modules/react-test-renderer/cjs/react-test-renderer.development.js:4107:7)
      at setBiometricEnabled (hooks/__tests__/useAuth.test.js:156:24)
      at process.env.NODE_ENV.exports.act (node_modules/react/cjs/react.development.js:789:22)
      at Object.<anonymous> (hooks/__tests__/useAuth.test.js:155:10)
      at asyncGeneratorStep (node_modules/@babel/runtime/helpers/asyncToGenerator.js:3:17)
      at _next (node_modules/@babel/runtime/helpers/asyncToGenerator.js:17:9)
      at node_modules/@babel/runtime/helpers/asyncToGenerator.js:22:7
      at Object.<anonymous> (node_modules/@babel/runtime/helpers/asyncToGenerator.js:14:12)

    console.error
      The current testing environment is not configured to support act(...)

      40 |     const checkAuthSupport = async () => {
      41 |       const compatible = await LocalAuthentication.hasHardwareAsync();
    > 42 |       setIsBiometricSupported(compatible);
         |       ^
      43 |
      44 |       const passkeySupported = await PasskeyService.isPasskeySupported();
      45 |       setIsPasskeySupported(passkeySupported);

      at isConcurrentActEnvironment (node_modules/react-test-renderer/cjs/react-test-renderer.development.js:10243:17)
      at warnIfUpdatesNotWrappedWithActDEV (node_modules/react-test-renderer/cjs/react-test-renderer.development.js:11798:7)
      at scheduleUpdateOnFiber (node_modules/react-test-renderer/cjs/react-test-renderer.development.js:10326:9)
      at dispatchSetStateInternal (node_modules/react-test-renderer/cjs/react-test-renderer.development.js:4148:13)
      at dispatchSetState (node_modules/react-test-renderer/cjs/react-test-renderer.development.js:4107:7)
      at setIsBiometricSupported (hooks/useAuth.js:42:7)
      at asyncGeneratorStep (node_modules/@babel/runtime/helpers/asyncToGenerator.js:3:17)
      at _next (node_modules/@babel/runtime/helpers/asyncToGenerator.js:17:9)

    console.log
      [DEBUG] Passkey support check {
        supported: Promise {
          true,
          [Symbol(async_id_symbol)]: 15892,
          [Symbol(trigger_async_id_symbol)]: 15878,
          [Symbol(kResourceStore)]: undefined,
          [Symbol(kResourceStore)]: undefined,
          [Symbol(kResourceStore)]: 'useAuth Authenticate User should authenticate with biometrics if enabled'
        }
      }

      at Object.log [as debug] (utils/logger.js:24:15)

    console.error
      The current testing environment is not configured to support act(...)

      103 |           } else {
      104 |             // Normal unlock
    > 105 |             setIsAuthenticated(true);
          |             ^
      106 |           }
      107 |         }
      108 |       } else {

      at isConcurrentActEnvironment (node_modules/react-test-renderer/cjs/react-test-renderer.development.js:10243:17)
      at warnIfUpdatesNotWrappedWithActDEV (node_modules/react-test-renderer/cjs/react-test-renderer.development.js:11798:7)
      at scheduleUpdateOnFiber (node_modules/react-test-renderer/cjs/react-test-renderer.development.js:10326:9)
      at dispatchSetStateInternal (node_modules/react-test-renderer/cjs/react-test-renderer.development.js:4148:13)
      at dispatchSetState (node_modules/react-test-renderer/cjs/react-test-renderer.development.js:4107:7)
      at Object.setIsAuthenticated (hooks/useAuth.js:105:13)
      at asyncGeneratorStep (node_modules/@babel/runtime/helpers/asyncToGenerator.js:3:17)
      at _next (node_modules/@babel/runtime/helpers/asyncToGenerator.js:17:9)

    console.error
      The current testing environment is not configured to support act(...)

      43 |
      44 |       const passkeySupported = await PasskeyService.isPasskeySupported();
    > 45 |       setIsPasskeySupported(passkeySupported);
         |       ^
      46 |     };
      47 |
      48 |     checkAuthSupport();

      at isConcurrentActEnvironment (node_modules/react-test-renderer/cjs/react-test-renderer.development.js:10243:17)
      at warnIfUpdatesNotWrappedWithActDEV (node_modules/react-test-renderer/cjs/react-test-renderer.development.js:11798:7)
      at scheduleUpdateOnFiber (node_modules/react-test-renderer/cjs/react-test-renderer.development.js:10326:9)
      at dispatchSetStateInternal (node_modules/react-test-renderer/cjs/react-test-renderer.development.js:4148:13)
      at dispatchSetState (node_modules/react-test-renderer/cjs/react-test-renderer.development.js:4107:7)
      at setIsPasskeySupported (hooks/useAuth.js:45:7)
      at asyncGeneratorStep (node_modules/@babel/runtime/helpers/asyncToGenerator.js:3:17)
      at _next (node_modules/@babel/runtime/helpers/asyncToGenerator.js:17:9)

    console.error
      react-test-renderer is deprecated. See https://react.dev/warnings/react-test-renderer

      35 |   let component;
      36 |   act(() => {
    > 37 |     component = create(<TestComponent hookProps={initialProps} />);
         |                       ^
      38 |   });
      39 |   return {
      40 |     result,

      at process.env.NODE_ENV.exports.create (node_modules/react-test-renderer/cjs/react-test-renderer.development.js:14598:17)
      at hooks/__tests__/useAuth.test.js:37:23
      at process.env.NODE_ENV.exports.act (node_modules/react/cjs/react.development.js:789:22)
      at renderHook (hooks/__tests__/useAuth.test.js:36:6)
      at Object.renderHook (hooks/__tests__/useAuth.test.js:172:26)
      at asyncGeneratorStep (node_modules/@babel/runtime/helpers/asyncToGenerator.js:3:17)
      at _next (node_modules/@babel/runtime/helpers/asyncToGenerator.js:17:9)
      at node_modules/@babel/runtime/helpers/asyncToGenerator.js:22:7
      at Object.<anonymous> (node_modules/@babel/runtime/helpers/asyncToGenerator.js:14:12)

    console.error
      The current testing environment is not configured to support act(...)

      35 |   let component;
      36 |   act(() => {
    > 37 |     component = create(<TestComponent hookProps={initialProps} />);
         |                       ^
      38 |   });
      39 |   return {
      40 |     result,

      at isConcurrentActEnvironment (node_modules/react-test-renderer/cjs/react-test-renderer.development.js:10243:17)
      at warnIfUpdatesNotWrappedWithActDEV (node_modules/react-test-renderer/cjs/react-test-renderer.development.js:11798:7)
      at scheduleUpdateOnFiber (node_modules/react-test-renderer/cjs/react-test-renderer.development.js:10326:9)
      at updateContainerImpl (node_modules/react-test-renderer/cjs/react-test-renderer.development.js:12382:10)
      at updateContainer (node_modules/react-test-renderer/cjs/react-test-renderer.development.js:12326:7)
      at process.env.NODE_ENV.exports.create (node_modules/react-test-renderer/cjs/react-test-renderer.development.js:14630:7)
      at hooks/__tests__/useAuth.test.js:37:23
      at process.env.NODE_ENV.exports.act (node_modules/react/cjs/react.development.js:789:22)
      at renderHook (hooks/__tests__/useAuth.test.js:36:6)
      at Object.renderHook (hooks/__tests__/useAuth.test.js:172:26)
      at asyncGeneratorStep (node_modules/@babel/runtime/helpers/asyncToGenerator.js:3:17)
      at _next (node_modules/@babel/runtime/helpers/asyncToGenerator.js:17:9)
      at node_modules/@babel/runtime/helpers/asyncToGenerator.js:22:7
      at Object.<anonymous> (node_modules/@babel/runtime/helpers/asyncToGenerator.js:14:12)

    console.error
      The current testing environment is not configured to support act(...)

      108 |       } else {
      109 |         // When biometric is not enabled, show the biometric prompt
    > 110 |         setShowBiometricPrompt(true);
          |         ^
      111 |       }
      112 |     } catch (error) {
      113 |       // On error, show biometric prompt so user can enable it

      at isConcurrentActEnvironment (node_modules/react-test-renderer/cjs/react-test-renderer.development.js:10243:17)
      at warnIfUpdatesNotWrappedWithActDEV (node_modules/react-test-renderer/cjs/react-test-renderer.development.js:11798:7)
      at scheduleUpdateOnFiber (node_modules/react-test-renderer/cjs/react-test-renderer.development.js:10326:9)
      at dispatchSetStateInternal (node_modules/react-test-renderer/cjs/react-test-renderer.development.js:4148:13)
      at dispatchSetState (node_modules/react-test-renderer/cjs/react-test-renderer.development.js:4107:7)
      at Object.setShowBiometricPrompt (hooks/useAuth.js:110:9)
      at asyncGeneratorStep (node_modules/@babel/runtime/helpers/asyncToGenerator.js:3:17)
      at _next (node_modules/@babel/runtime/helpers/asyncToGenerator.js:17:9)
      at node_modules/@babel/runtime/helpers/asyncToGenerator.js:22:7
      at Object.authenticateUser (node_modules/@babel/runtime/helpers/asyncToGenerator.js:14:12)
      at authenticateUser (hooks/__tests__/useAuth.test.js:177:30)
      at asyncGeneratorStep (node_modules/@babel/runtime/helpers/asyncToGenerator.js:3:17)
      at _next (node_modules/@babel/runtime/helpers/asyncToGenerator.js:17:9)
      at node_modules/@babel/runtime/helpers/asyncToGenerator.js:22:7
      at node_modules/@babel/runtime/helpers/asyncToGenerator.js:14:12
      at process.env.NODE_ENV.exports.act (node_modules/react/cjs/react.development.js:789:22)
      at Object.<anonymous> (hooks/__tests__/useAuth.test.js:176:16)
      at asyncGeneratorStep (node_modules/@babel/runtime/helpers/asyncToGenerator.js:3:17)
      at _next (node_modules/@babel/runtime/helpers/asyncToGenerator.js:17:9)
      at node_modules/@babel/runtime/helpers/asyncToGenerator.js:22:7
      at Object.<anonymous> (node_modules/@babel/runtime/helpers/asyncToGenerator.js:14:12)

    console.error
      The current testing environment is not configured to support act(...)

      40 |     const checkAuthSupport = async () => {
      41 |       const compatible = await LocalAuthentication.hasHardwareAsync();
    > 42 |       setIsBiometricSupported(compatible);
         |       ^
      43 |
      44 |       const passkeySupported = await PasskeyService.isPasskeySupported();
      45 |       setIsPasskeySupported(passkeySupported);

      at isConcurrentActEnvironment (node_modules/react-test-renderer/cjs/react-test-renderer.development.js:10243:17)
      at warnIfUpdatesNotWrappedWithActDEV (node_modules/react-test-renderer/cjs/react-test-renderer.development.js:11798:7)
      at scheduleUpdateOnFiber (node_modules/react-test-renderer/cjs/react-test-renderer.development.js:10326:9)
      at dispatchSetStateInternal (node_modules/react-test-renderer/cjs/react-test-renderer.development.js:4148:13)
      at dispatchSetState (node_modules/react-test-renderer/cjs/react-test-renderer.development.js:4107:7)
      at setIsBiometricSupported (hooks/useAuth.js:42:7)
      at asyncGeneratorStep (node_modules/@babel/runtime/helpers/asyncToGenerator.js:3:17)
      at _next (node_modules/@babel/runtime/helpers/asyncToGenerator.js:17:9)

    console.log
      [DEBUG] Passkey support check {
        supported: Promise {
          true,
          [Symbol(async_id_symbol)]: 16080,
          [Symbol(trigger_async_id_symbol)]: 16068,
          [Symbol(kResourceStore)]: undefined,
          [Symbol(kResourceStore)]: undefined,
          [Symbol(kResourceStore)]: 'useAuth Authenticate User should show biometric prompt if not enabled'
        }
      }

      at Object.log [as debug] (utils/logger.js:24:15)

    console.error
      The current testing environment is not configured to support act(...)

      43 |
      44 |       const passkeySupported = await PasskeyService.isPasskeySupported();
    > 45 |       setIsPasskeySupported(passkeySupported);
         |       ^
      46 |     };
      47 |
      48 |     checkAuthSupport();

      at isConcurrentActEnvironment (node_modules/react-test-renderer/cjs/react-test-renderer.development.js:10243:17)
      at warnIfUpdatesNotWrappedWithActDEV (node_modules/react-test-renderer/cjs/react-test-renderer.development.js:11798:7)
      at scheduleUpdateOnFiber (node_modules/react-test-renderer/cjs/react-test-renderer.development.js:10326:9)
      at dispatchSetStateInternal (node_modules/react-test-renderer/cjs/react-test-renderer.development.js:4148:13)
      at dispatchSetState (node_modules/react-test-renderer/cjs/react-test-renderer.development.js:4107:7)
      at setIsPasskeySupported (hooks/useAuth.js:45:7)
      at asyncGeneratorStep (node_modules/@babel/runtime/helpers/asyncToGenerator.js:3:17)
      at _next (node_modules/@babel/runtime/helpers/asyncToGenerator.js:17:9)

    console.error
      react-test-renderer is deprecated. See https://react.dev/warnings/react-test-renderer

      35 |   let component;
      36 |   act(() => {
    > 37 |     component = create(<TestComponent hookProps={initialProps} />);
         |                       ^
      38 |   });
      39 |   return {
      40 |     result,

      at process.env.NODE_ENV.exports.create (node_modules/react-test-renderer/cjs/react-test-renderer.development.js:14598:17)
      at hooks/__tests__/useAuth.test.js:37:23
      at process.env.NODE_ENV.exports.act (node_modules/react/cjs/react.development.js:789:22)
      at renderHook (hooks/__tests__/useAuth.test.js:36:6)
      at Object.renderHook (hooks/__tests__/useAuth.test.js:186:26)
      at asyncGeneratorStep (node_modules/@babel/runtime/helpers/asyncToGenerator.js:3:17)
      at _next (node_modules/@babel/runtime/helpers/asyncToGenerator.js:17:9)
      at node_modules/@babel/runtime/helpers/asyncToGenerator.js:22:7
      at Object.<anonymous> (node_modules/@babel/runtime/helpers/asyncToGenerator.js:14:12)

    console.error
      The current testing environment is not configured to support act(...)

      35 |   let component;
      36 |   act(() => {
    > 37 |     component = create(<TestComponent hookProps={initialProps} />);
         |                       ^
      38 |   });
      39 |   return {
      40 |     result,

      at isConcurrentActEnvironment (node_modules/react-test-renderer/cjs/react-test-renderer.development.js:10243:17)
      at warnIfUpdatesNotWrappedWithActDEV (node_modules/react-test-renderer/cjs/react-test-renderer.development.js:11798:7)
      at scheduleUpdateOnFiber (node_modules/react-test-renderer/cjs/react-test-renderer.development.js:10326:9)
      at updateContainerImpl (node_modules/react-test-renderer/cjs/react-test-renderer.development.js:12382:10)
      at updateContainer (node_modules/react-test-renderer/cjs/react-test-renderer.development.js:12326:7)
      at process.env.NODE_ENV.exports.create (node_modules/react-test-renderer/cjs/react-test-renderer.development.js:14630:7)
      at hooks/__tests__/useAuth.test.js:37:23
      at process.env.NODE_ENV.exports.act (node_modules/react/cjs/react.development.js:789:22)
      at renderHook (hooks/__tests__/useAuth.test.js:36:6)
      at Object.renderHook (hooks/__tests__/useAuth.test.js:186:26)
      at asyncGeneratorStep (node_modules/@babel/runtime/helpers/asyncToGenerator.js:3:17)
      at _next (node_modules/@babel/runtime/helpers/asyncToGenerator.js:17:9)
      at node_modules/@babel/runtime/helpers/asyncToGenerator.js:22:7
      at Object.<anonymous> (node_modules/@babel/runtime/helpers/asyncToGenerator.js:14:12)

    console.error
      The current testing environment is not configured to support act(...)

      189 |
      190 |       act(() => {
    > 191 |         result.current.setBiometricEnabled(true);
          |                        ^
      192 |       });
      193 |
      194 |       await act(async () => {

      at isConcurrentActEnvironment (node_modules/react-test-renderer/cjs/react-test-renderer.development.js:10243:17)
      at warnIfUpdatesNotWrappedWithActDEV (node_modules/react-test-renderer/cjs/react-test-renderer.development.js:11798:7)
      at scheduleUpdateOnFiber (node_modules/react-test-renderer/cjs/react-test-renderer.development.js:10326:9)
      at dispatchSetStateInternal (node_modules/react-test-renderer/cjs/react-test-renderer.development.js:4148:13)
      at dispatchSetState (node_modules/react-test-renderer/cjs/react-test-renderer.development.js:4107:7)
      at setBiometricEnabled (hooks/__tests__/useAuth.test.js:191:24)
      at process.env.NODE_ENV.exports.act (node_modules/react/cjs/react.development.js:789:22)
      at Object.<anonymous> (hooks/__tests__/useAuth.test.js:190:10)
      at asyncGeneratorStep (node_modules/@babel/runtime/helpers/asyncToGenerator.js:3:17)
      at _next (node_modules/@babel/runtime/helpers/asyncToGenerator.js:17:9)
      at node_modules/@babel/runtime/helpers/asyncToGenerator.js:22:7
      at Object.<anonymous> (node_modules/@babel/runtime/helpers/asyncToGenerator.js:14:12)

    console.error
      The current testing environment is not configured to support act(...)

      40 |     const checkAuthSupport = async () => {
      41 |       const compatible = await LocalAuthentication.hasHardwareAsync();
    > 42 |       setIsBiometricSupported(compatible);
         |       ^
      43 |
      44 |       const passkeySupported = await PasskeyService.isPasskeySupported();
      45 |       setIsPasskeySupported(passkeySupported);

      at isConcurrentActEnvironment (node_modules/react-test-renderer/cjs/react-test-renderer.development.js:10243:17)
      at warnIfUpdatesNotWrappedWithActDEV (node_modules/react-test-renderer/cjs/react-test-renderer.development.js:11798:7)
      at scheduleUpdateOnFiber (node_modules/react-test-renderer/cjs/react-test-renderer.development.js:10326:9)
      at dispatchSetStateInternal (node_modules/react-test-renderer/cjs/react-test-renderer.development.js:4148:13)
      at dispatchSetState (node_modules/react-test-renderer/cjs/react-test-renderer.development.js:4107:7)
      at setIsBiometricSupported (hooks/useAuth.js:42:7)
      at asyncGeneratorStep (node_modules/@babel/runtime/helpers/asyncToGenerator.js:3:17)
      at _next (node_modules/@babel/runtime/helpers/asyncToGenerator.js:17:9)

    console.log
      [DEBUG] Passkey support check {
        supported: Promise {
          true,
          [Symbol(async_id_symbol)]: 16270,
          [Symbol(trigger_async_id_symbol)]: 16256,
          [Symbol(kResourceStore)]: undefined,
          [Symbol(kResourceStore)]: undefined,
          [Symbol(kResourceStore)]: 'useAuth Authenticate User should handle biometric authentication failure'
        }
      }

      at Object.log [as debug] (utils/logger.js:24:15)

    console.error
      The current testing environment is not configured to support act(...)

      43 |
      44 |       const passkeySupported = await PasskeyService.isPasskeySupported();
    > 45 |       setIsPasskeySupported(passkeySupported);
         |       ^
      46 |     };
      47 |
      48 |     checkAuthSupport();

      at isConcurrentActEnvironment (node_modules/react-test-renderer/cjs/react-test-renderer.development.js:10243:17)
      at warnIfUpdatesNotWrappedWithActDEV (node_modules/react-test-renderer/cjs/react-test-renderer.development.js:11798:7)
      at scheduleUpdateOnFiber (node_modules/react-test-renderer/cjs/react-test-renderer.development.js:10326:9)
      at dispatchSetStateInternal (node_modules/react-test-renderer/cjs/react-test-renderer.development.js:4148:13)
      at dispatchSetState (node_modules/react-test-renderer/cjs/react-test-renderer.development.js:4107:7)
      at setIsPasskeySupported (hooks/useAuth.js:45:7)
      at asyncGeneratorStep (node_modules/@babel/runtime/helpers/asyncToGenerator.js:3:17)
      at _next (node_modules/@babel/runtime/helpers/asyncToGenerator.js:17:9)

    console.error
      react-test-renderer is deprecated. See https://react.dev/warnings/react-test-renderer

      35 |   let component;
      36 |   act(() => {
    > 37 |     component = create(<TestComponent hookProps={initialProps} />);
         |                       ^
      38 |   });
      39 |   return {
      40 |     result,

      at process.env.NODE_ENV.exports.create (node_modules/react-test-renderer/cjs/react-test-renderer.development.js:14598:17)
      at hooks/__tests__/useAuth.test.js:37:23
      at process.env.NODE_ENV.exports.act (node_modules/react/cjs/react.development.js:789:22)
      at renderHook (hooks/__tests__/useAuth.test.js:36:6)
      at Object.renderHook (hooks/__tests__/useAuth.test.js:204:26)
      at asyncGeneratorStep (node_modules/@babel/runtime/helpers/asyncToGenerator.js:3:17)
      at _next (node_modules/@babel/runtime/helpers/asyncToGenerator.js:17:9)
      at node_modules/@babel/runtime/helpers/asyncToGenerator.js:22:7
      at Object.<anonymous> (node_modules/@babel/runtime/helpers/asyncToGenerator.js:14:12)

    console.error
      The current testing environment is not configured to support act(...)

      35 |   let component;
      36 |   act(() => {
    > 37 |     component = create(<TestComponent hookProps={initialProps} />);
         |                       ^
      38 |   });
      39 |   return {
      40 |     result,

      at isConcurrentActEnvironment (node_modules/react-test-renderer/cjs/react-test-renderer.development.js:10243:17)
      at warnIfUpdatesNotWrappedWithActDEV (node_modules/react-test-renderer/cjs/react-test-renderer.development.js:11798:7)
      at scheduleUpdateOnFiber (node_modules/react-test-renderer/cjs/react-test-renderer.development.js:10326:9)
      at updateContainerImpl (node_modules/react-test-renderer/cjs/react-test-renderer.development.js:12382:10)
      at updateContainer (node_modules/react-test-renderer/cjs/react-test-renderer.development.js:12326:7)
      at process.env.NODE_ENV.exports.create (node_modules/react-test-renderer/cjs/react-test-renderer.development.js:14630:7)
      at hooks/__tests__/useAuth.test.js:37:23
      at process.env.NODE_ENV.exports.act (node_modules/react/cjs/react.development.js:789:22)
      at renderHook (hooks/__tests__/useAuth.test.js:36:6)
      at Object.renderHook (hooks/__tests__/useAuth.test.js:204:26)
      at asyncGeneratorStep (node_modules/@babel/runtime/helpers/asyncToGenerator.js:3:17)
      at _next (node_modules/@babel/runtime/helpers/asyncToGenerator.js:17:9)
      at node_modules/@babel/runtime/helpers/asyncToGenerator.js:22:7
      at Object.<anonymous> (node_modules/@babel/runtime/helpers/asyncToGenerator.js:14:12)

    console.error
      The current testing environment is not configured to support act(...)

      207 |
      208 |       act(() => {
    > 209 |         result.current.setBiometricEnabled(true);
          |                        ^
      210 |       });
      211 |
      212 |       await act(async () => {

      at isConcurrentActEnvironment (node_modules/react-test-renderer/cjs/react-test-renderer.development.js:10243:17)
      at warnIfUpdatesNotWrappedWithActDEV (node_modules/react-test-renderer/cjs/react-test-renderer.development.js:11798:7)
      at scheduleUpdateOnFiber (node_modules/react-test-renderer/cjs/react-test-renderer.development.js:10326:9)
      at dispatchSetStateInternal (node_modules/react-test-renderer/cjs/react-test-renderer.development.js:4148:13)
      at dispatchSetState (node_modules/react-test-renderer/cjs/react-test-renderer.development.js:4107:7)
      at setBiometricEnabled (hooks/__tests__/useAuth.test.js:209:24)
      at process.env.NODE_ENV.exports.act (node_modules/react/cjs/react.development.js:789:22)
      at Object.<anonymous> (hooks/__tests__/useAuth.test.js:208:10)
      at asyncGeneratorStep (node_modules/@babel/runtime/helpers/asyncToGenerator.js:3:17)
      at _next (node_modules/@babel/runtime/helpers/asyncToGenerator.js:17:9)
      at node_modules/@babel/runtime/helpers/asyncToGenerator.js:22:7
      at Object.<anonymous> (node_modules/@babel/runtime/helpers/asyncToGenerator.js:14:12)

    console.error
      The current testing environment is not configured to support act(...)

      40 |     const checkAuthSupport = async () => {
      41 |       const compatible = await LocalAuthentication.hasHardwareAsync();
    > 42 |       setIsBiometricSupported(compatible);
         |       ^
      43 |
      44 |       const passkeySupported = await PasskeyService.isPasskeySupported();
      45 |       setIsPasskeySupported(passkeySupported);

      at isConcurrentActEnvironment (node_modules/react-test-renderer/cjs/react-test-renderer.development.js:10243:17)
      at warnIfUpdatesNotWrappedWithActDEV (node_modules/react-test-renderer/cjs/react-test-renderer.development.js:11798:7)
      at scheduleUpdateOnFiber (node_modules/react-test-renderer/cjs/react-test-renderer.development.js:10326:9)
      at dispatchSetStateInternal (node_modules/react-test-renderer/cjs/react-test-renderer.development.js:4148:13)
      at dispatchSetState (node_modules/react-test-renderer/cjs/react-test-renderer.development.js:4107:7)
      at setIsBiometricSupported (hooks/useAuth.js:42:7)
      at asyncGeneratorStep (node_modules/@babel/runtime/helpers/asyncToGenerator.js:3:17)
      at _next (node_modules/@babel/runtime/helpers/asyncToGenerator.js:17:9)

    console.log
      [DEBUG] Passkey support check {
        supported: Promise {
          true,
          [Symbol(async_id_symbol)]: 16460,
          [Symbol(trigger_async_id_symbol)]: 16446,
          [Symbol(kResourceStore)]: undefined,
          [Symbol(kResourceStore)]: undefined,
          [Symbol(kResourceStore)]: 'useAuth Authenticate User should handle authentication errors'
        }
      }

      at Object.log [as debug] (utils/logger.js:24:15)

    console.error
      The current testing environment is not configured to support act(...)

      112 |     } catch (error) {
      113 |       // On error, show biometric prompt so user can enable it
    > 114 |       setShowBiometricPrompt(true);
          |       ^
      115 |     }
      116 |   }, [biometricEnabled, changingPin]);
      117 |

      at isConcurrentActEnvironment (node_modules/react-test-renderer/cjs/react-test-renderer.development.js:10243:17)
      at warnIfUpdatesNotWrappedWithActDEV (node_modules/react-test-renderer/cjs/react-test-renderer.development.js:11798:7)
      at scheduleUpdateOnFiber (node_modules/react-test-renderer/cjs/react-test-renderer.development.js:10326:9)
      at dispatchSetStateInternal (node_modules/react-test-renderer/cjs/react-test-renderer.development.js:4148:13)
      at dispatchSetState (node_modules/react-test-renderer/cjs/react-test-renderer.development.js:4107:7)
      at Object.setShowBiometricPrompt (hooks/useAuth.js:114:7)
          at Generator.throw (<anonymous>)
      at asyncGeneratorStep (node_modules/@babel/runtime/helpers/asyncToGenerator.js:3:17)
      at _throw (node_modules/@babel/runtime/helpers/asyncToGenerator.js:20:9)

    console.error
      The current testing environment is not configured to support act(...)

      43 |
      44 |       const passkeySupported = await PasskeyService.isPasskeySupported();
    > 45 |       setIsPasskeySupported(passkeySupported);
         |       ^
      46 |     };
      47 |
      48 |     checkAuthSupport();

      at isConcurrentActEnvironment (node_modules/react-test-renderer/cjs/react-test-renderer.development.js:10243:17)
      at warnIfUpdatesNotWrappedWithActDEV (node_modules/react-test-renderer/cjs/react-test-renderer.development.js:11798:7)
      at scheduleUpdateOnFiber (node_modules/react-test-renderer/cjs/react-test-renderer.development.js:10326:9)
      at dispatchSetStateInternal (node_modules/react-test-renderer/cjs/react-test-renderer.development.js:4148:13)
      at dispatchSetState (node_modules/react-test-renderer/cjs/react-test-renderer.development.js:4107:7)
      at setIsPasskeySupported (hooks/useAuth.js:45:7)
      at asyncGeneratorStep (node_modules/@babel/runtime/helpers/asyncToGenerator.js:3:17)
      at _next (node_modules/@babel/runtime/helpers/asyncToGenerator.js:17:9)

    console.error
      react-test-renderer is deprecated. See https://react.dev/warnings/react-test-renderer

      35 |   let component;
      36 |   act(() => {
    > 37 |     component = create(<TestComponent hookProps={initialProps} />);
         |                       ^
      38 |   });
      39 |   return {
      40 |     result,

      at process.env.NODE_ENV.exports.create (node_modules/react-test-renderer/cjs/react-test-renderer.development.js:14598:17)
      at hooks/__tests__/useAuth.test.js:37:23
      at process.env.NODE_ENV.exports.act (node_modules/react/cjs/react.development.js:789:22)
      at renderHook (hooks/__tests__/useAuth.test.js:36:6)
      at Object.renderHook (hooks/__tests__/useAuth.test.js:222:26)
      at asyncGeneratorStep (node_modules/@babel/runtime/helpers/asyncToGenerator.js:3:17)
      at _next (node_modules/@babel/runtime/helpers/asyncToGenerator.js:17:9)
      at node_modules/@babel/runtime/helpers/asyncToGenerator.js:22:7
      at Object.<anonymous> (node_modules/@babel/runtime/helpers/asyncToGenerator.js:14:12)

    console.error
      The current testing environment is not configured to support act(...)

      35 |   let component;
      36 |   act(() => {
    > 37 |     component = create(<TestComponent hookProps={initialProps} />);
         |                       ^
      38 |   });
      39 |   return {
      40 |     result,

      at isConcurrentActEnvironment (node_modules/react-test-renderer/cjs/react-test-renderer.development.js:10243:17)
      at warnIfUpdatesNotWrappedWithActDEV (node_modules/react-test-renderer/cjs/react-test-renderer.development.js:11798:7)
      at scheduleUpdateOnFiber (node_modules/react-test-renderer/cjs/react-test-renderer.development.js:10326:9)
      at updateContainerImpl (node_modules/react-test-renderer/cjs/react-test-renderer.development.js:12382:10)
      at updateContainer (node_modules/react-test-renderer/cjs/react-test-renderer.development.js:12326:7)
      at process.env.NODE_ENV.exports.create (node_modules/react-test-renderer/cjs/react-test-renderer.development.js:14630:7)
      at hooks/__tests__/useAuth.test.js:37:23
      at process.env.NODE_ENV.exports.act (node_modules/react/cjs/react.development.js:789:22)
      at renderHook (hooks/__tests__/useAuth.test.js:36:6)
      at Object.renderHook (hooks/__tests__/useAuth.test.js:222:26)
      at asyncGeneratorStep (node_modules/@babel/runtime/helpers/asyncToGenerator.js:3:17)
      at _next (node_modules/@babel/runtime/helpers/asyncToGenerator.js:17:9)
      at node_modules/@babel/runtime/helpers/asyncToGenerator.js:22:7
      at Object.<anonymous> (node_modules/@babel/runtime/helpers/asyncToGenerator.js:14:12)

    console.error
      The current testing environment is not configured to support act(...)

      225 |
      226 |       act(() => {
    > 227 |         result.current.setBiometricEnabled(true);
          |                        ^
      228 |         result.current.setChangingPin(true);
      229 |       });
      230 |

      at isConcurrentActEnvironment (node_modules/react-test-renderer/cjs/react-test-renderer.development.js:10243:17)
      at warnIfUpdatesNotWrappedWithActDEV (node_modules/react-test-renderer/cjs/react-test-renderer.development.js:11798:7)
      at scheduleUpdateOnFiber (node_modules/react-test-renderer/cjs/react-test-renderer.development.js:10326:9)
      at dispatchSetStateInternal (node_modules/react-test-renderer/cjs/react-test-renderer.development.js:4148:13)
      at dispatchSetState (node_modules/react-test-renderer/cjs/react-test-renderer.development.js:4107:7)
      at setBiometricEnabled (hooks/__tests__/useAuth.test.js:227:24)
      at process.env.NODE_ENV.exports.act (node_modules/react/cjs/react.development.js:789:22)
      at Object.<anonymous> (hooks/__tests__/useAuth.test.js:226:10)
      at asyncGeneratorStep (node_modules/@babel/runtime/helpers/asyncToGenerator.js:3:17)
      at _next (node_modules/@babel/runtime/helpers/asyncToGenerator.js:17:9)
      at node_modules/@babel/runtime/helpers/asyncToGenerator.js:22:7
      at Object.<anonymous> (node_modules/@babel/runtime/helpers/asyncToGenerator.js:14:12)

    console.error
      The current testing environment is not configured to support act(...)

      226 |       act(() => {
      227 |         result.current.setBiometricEnabled(true);
    > 228 |         result.current.setChangingPin(true);
          |                        ^
      229 |       });
      230 |
      231 |       await act(async () => {

      at isConcurrentActEnvironment (node_modules/react-test-renderer/cjs/react-test-renderer.development.js:10243:17)
      at warnIfUpdatesNotWrappedWithActDEV (node_modules/react-test-renderer/cjs/react-test-renderer.development.js:11798:7)
      at scheduleUpdateOnFiber (node_modules/react-test-renderer/cjs/react-test-renderer.development.js:10326:9)
      at dispatchSetStateInternal (node_modules/react-test-renderer/cjs/react-test-renderer.development.js:4148:13)
      at dispatchSetState (node_modules/react-test-renderer/cjs/react-test-renderer.development.js:4107:7)
      at setChangingPin (hooks/__tests__/useAuth.test.js:228:24)
      at process.env.NODE_ENV.exports.act (node_modules/react/cjs/react.development.js:789:22)
      at Object.<anonymous> (hooks/__tests__/useAuth.test.js:226:10)
      at asyncGeneratorStep (node_modules/@babel/runtime/helpers/asyncToGenerator.js:3:17)
      at _next (node_modules/@babel/runtime/helpers/asyncToGenerator.js:17:9)
      at node_modules/@babel/runtime/helpers/asyncToGenerator.js:22:7
      at Object.<anonymous> (node_modules/@babel/runtime/helpers/asyncToGenerator.js:14:12)

    console.error
      The current testing environment is not configured to support act(...)

      40 |     const checkAuthSupport = async () => {
      41 |       const compatible = await LocalAuthentication.hasHardwareAsync();
    > 42 |       setIsBiometricSupported(compatible);
         |       ^
      43 |
      44 |       const passkeySupported = await PasskeyService.isPasskeySupported();
      45 |       setIsPasskeySupported(passkeySupported);

      at isConcurrentActEnvironment (node_modules/react-test-renderer/cjs/react-test-renderer.development.js:10243:17)
      at warnIfUpdatesNotWrappedWithActDEV (node_modules/react-test-renderer/cjs/react-test-renderer.development.js:11798:7)
      at scheduleUpdateOnFiber (node_modules/react-test-renderer/cjs/react-test-renderer.development.js:10326:9)
      at dispatchSetStateInternal (node_modules/react-test-renderer/cjs/react-test-renderer.development.js:4148:13)
      at dispatchSetState (node_modules/react-test-renderer/cjs/react-test-renderer.development.js:4107:7)
      at setIsBiometricSupported (hooks/useAuth.js:42:7)
      at asyncGeneratorStep (node_modules/@babel/runtime/helpers/asyncToGenerator.js:3:17)
      at _next (node_modules/@babel/runtime/helpers/asyncToGenerator.js:17:9)

    console.log
      [DEBUG] Passkey support check {
        supported: Promise {
          true,
          [Symbol(async_id_symbol)]: 16680,
          [Symbol(trigger_async_id_symbol)]: 16666,
          [Symbol(kResourceStore)]: undefined,
          [Symbol(kResourceStore)]: undefined,
          [Symbol(kResourceStore)]: 'useAuth PIN Change Flow should enter PIN setup after biometric auth when changing PIN'
        }
      }

      at Object.log [as debug] (utils/logger.js:24:15)

    console.error
      The current testing environment is not configured to support act(...)

      94 |           if (changingPin) {
      95 |             // User authenticated to change PIN, proceed to PIN setup
    > 96 |             setSettingUpPin(true);
         |             ^
      97 |             setPinStep('enter');
      98 |             setPin('');
      99 |             setConfirmPin('');

      at isConcurrentActEnvironment (node_modules/react-test-renderer/cjs/react-test-renderer.development.js:10243:17)
      at warnIfUpdatesNotWrappedWithActDEV (node_modules/react-test-renderer/cjs/react-test-renderer.development.js:11798:7)
      at scheduleUpdateOnFiber (node_modules/react-test-renderer/cjs/react-test-renderer.development.js:10326:9)
      at dispatchSetStateInternal (node_modules/react-test-renderer/cjs/react-test-renderer.development.js:4148:13)
      at dispatchSetState (node_modules/react-test-renderer/cjs/react-test-renderer.development.js:4107:7)
      at Object.setSettingUpPin (hooks/useAuth.js:96:13)
      at asyncGeneratorStep (node_modules/@babel/runtime/helpers/asyncToGenerator.js:3:17)
      at _next (node_modules/@babel/runtime/helpers/asyncToGenerator.js:17:9)

    console.error
      The current testing environment is not configured to support act(...)

       95 |             // User authenticated to change PIN, proceed to PIN setup
       96 |             setSettingUpPin(true);
    >  97 |             setPinStep('enter');
          |             ^
       98 |             setPin('');
       99 |             setConfirmPin('');
      100 |             setPinError('');

      at isConcurrentActEnvironment (node_modules/react-test-renderer/cjs/react-test-renderer.development.js:10243:17)
      at warnIfUpdatesNotWrappedWithActDEV (node_modules/react-test-renderer/cjs/react-test-renderer.development.js:11798:7)
      at scheduleUpdateOnFiber (node_modules/react-test-renderer/cjs/react-test-renderer.development.js:10326:9)
      at dispatchSetStateInternal (node_modules/react-test-renderer/cjs/react-test-renderer.development.js:4148:13)
      at dispatchSetState (node_modules/react-test-renderer/cjs/react-test-renderer.development.js:4107:7)
      at Object.setPinStep (hooks/useAuth.js:97:13)
      at asyncGeneratorStep (node_modules/@babel/runtime/helpers/asyncToGenerator.js:3:17)
      at _next (node_modules/@babel/runtime/helpers/asyncToGenerator.js:17:9)

    console.error
      The current testing environment is not configured to support act(...)

       96 |             setSettingUpPin(true);
       97 |             setPinStep('enter');
    >  98 |             setPin('');
          |             ^
       99 |             setConfirmPin('');
      100 |             setPinError('');
      101 |             // Stay authenticated but in PIN setup mode

      at isConcurrentActEnvironment (node_modules/react-test-renderer/cjs/react-test-renderer.development.js:10243:17)
      at warnIfUpdatesNotWrappedWithActDEV (node_modules/react-test-renderer/cjs/react-test-renderer.development.js:11798:7)
      at scheduleUpdateOnFiber (node_modules/react-test-renderer/cjs/react-test-renderer.development.js:10326:9)
      at dispatchSetStateInternal (node_modules/react-test-renderer/cjs/react-test-renderer.development.js:4148:13)
      at dispatchSetState (node_modules/react-test-renderer/cjs/react-test-renderer.development.js:4107:7)
      at Object.setPin (hooks/useAuth.js:98:13)
      at asyncGeneratorStep (node_modules/@babel/runtime/helpers/asyncToGenerator.js:3:17)
      at _next (node_modules/@babel/runtime/helpers/asyncToGenerator.js:17:9)

    console.error
      The current testing environment is not configured to support act(...)

       97 |             setPinStep('enter');
       98 |             setPin('');
    >  99 |             setConfirmPin('');
          |             ^
      100 |             setPinError('');
      101 |             // Stay authenticated but in PIN setup mode
      102 |             setIsAuthenticated(true);

      at isConcurrentActEnvironment (node_modules/react-test-renderer/cjs/react-test-renderer.development.js:10243:17)
      at warnIfUpdatesNotWrappedWithActDEV (node_modules/react-test-renderer/cjs/react-test-renderer.development.js:11798:7)
      at scheduleUpdateOnFiber (node_modules/react-test-renderer/cjs/react-test-renderer.development.js:10326:9)
      at dispatchSetStateInternal (node_modules/react-test-renderer/cjs/react-test-renderer.development.js:4148:13)
      at dispatchSetState (node_modules/react-test-renderer/cjs/react-test-renderer.development.js:4107:7)
      at Object.setConfirmPin (hooks/useAuth.js:99:13)
      at asyncGeneratorStep (node_modules/@babel/runtime/helpers/asyncToGenerator.js:3:17)
      at _next (node_modules/@babel/runtime/helpers/asyncToGenerator.js:17:9)

    console.error
      The current testing environment is not configured to support act(...)

       98 |             setPin('');
       99 |             setConfirmPin('');
    > 100 |             setPinError('');
          |             ^
      101 |             // Stay authenticated but in PIN setup mode
      102 |             setIsAuthenticated(true);
      103 |           } else {

      at isConcurrentActEnvironment (node_modules/react-test-renderer/cjs/react-test-renderer.development.js:10243:17)
      at warnIfUpdatesNotWrappedWithActDEV (node_modules/react-test-renderer/cjs/react-test-renderer.development.js:11798:7)
      at scheduleUpdateOnFiber (node_modules/react-test-renderer/cjs/react-test-renderer.development.js:10326:9)
      at dispatchSetStateInternal (node_modules/react-test-renderer/cjs/react-test-renderer.development.js:4148:13)
      at dispatchSetState (node_modules/react-test-renderer/cjs/react-test-renderer.development.js:4107:7)
      at Object.setPinError (hooks/useAuth.js:100:13)
      at asyncGeneratorStep (node_modules/@babel/runtime/helpers/asyncToGenerator.js:3:17)
      at _next (node_modules/@babel/runtime/helpers/asyncToGenerator.js:17:9)

    console.error
      The current testing environment is not configured to support act(...)

      100 |             setPinError('');
      101 |             // Stay authenticated but in PIN setup mode
    > 102 |             setIsAuthenticated(true);
          |             ^
      103 |           } else {
      104 |             // Normal unlock
      105 |             setIsAuthenticated(true);

      at isConcurrentActEnvironment (node_modules/react-test-renderer/cjs/react-test-renderer.development.js:10243:17)
      at warnIfUpdatesNotWrappedWithActDEV (node_modules/react-test-renderer/cjs/react-test-renderer.development.js:11798:7)
      at scheduleUpdateOnFiber (node_modules/react-test-renderer/cjs/react-test-renderer.development.js:10326:9)
      at dispatchSetStateInternal (node_modules/react-test-renderer/cjs/react-test-renderer.development.js:4148:13)
      at dispatchSetState (node_modules/react-test-renderer/cjs/react-test-renderer.development.js:4107:7)
      at Object.setIsAuthenticated (hooks/useAuth.js:102:13)
      at asyncGeneratorStep (node_modules/@babel/runtime/helpers/asyncToGenerator.js:3:17)
      at _next (node_modules/@babel/runtime/helpers/asyncToGenerator.js:17:9)

    console.error
      The current testing environment is not configured to support act(...)

      43 |
      44 |       const passkeySupported = await PasskeyService.isPasskeySupported();
    > 45 |       setIsPasskeySupported(passkeySupported);
         |       ^
      46 |     };
      47 |
      48 |     checkAuthSupport();

      at isConcurrentActEnvironment (node_modules/react-test-renderer/cjs/react-test-renderer.development.js:10243:17)
      at warnIfUpdatesNotWrappedWithActDEV (node_modules/react-test-renderer/cjs/react-test-renderer.development.js:11798:7)
      at scheduleUpdateOnFiber (node_modules/react-test-renderer/cjs/react-test-renderer.development.js:10326:9)
      at dispatchSetStateInternal (node_modules/react-test-renderer/cjs/react-test-renderer.development.js:4148:13)
      at dispatchSetState (node_modules/react-test-renderer/cjs/react-test-renderer.development.js:4107:7)
      at setIsPasskeySupported (hooks/useAuth.js:45:7)
      at asyncGeneratorStep (node_modules/@babel/runtime/helpers/asyncToGenerator.js:3:17)
      at _next (node_modules/@babel/runtime/helpers/asyncToGenerator.js:17:9)

    console.error
      react-test-renderer is deprecated. See https://react.dev/warnings/react-test-renderer

      35 |   let component;
      36 |   act(() => {
    > 37 |     component = create(<TestComponent hookProps={initialProps} />);
         |                       ^
      38 |   });
      39 |   return {
      40 |     result,

      at process.env.NODE_ENV.exports.create (node_modules/react-test-renderer/cjs/react-test-renderer.development.js:14598:17)
      at hooks/__tests__/useAuth.test.js:37:23
      at process.env.NODE_ENV.exports.act (node_modules/react/cjs/react.development.js:789:22)
      at renderHook (hooks/__tests__/useAuth.test.js:36:6)
      at Object.renderHook (hooks/__tests__/useAuth.test.js:241:26)
      at asyncGeneratorStep (node_modules/@babel/runtime/helpers/asyncToGenerator.js:3:17)
      at _next (node_modules/@babel/runtime/helpers/asyncToGenerator.js:17:9)
      at node_modules/@babel/runtime/helpers/asyncToGenerator.js:22:7
      at Object.<anonymous> (node_modules/@babel/runtime/helpers/asyncToGenerator.js:14:12)

    console.error
      The current testing environment is not configured to support act(...)

      35 |   let component;
      36 |   act(() => {
    > 37 |     component = create(<TestComponent hookProps={initialProps} />);
         |                       ^
      38 |   });
      39 |   return {
      40 |     result,

      at isConcurrentActEnvironment (node_modules/react-test-renderer/cjs/react-test-renderer.development.js:10243:17)
      at warnIfUpdatesNotWrappedWithActDEV (node_modules/react-test-renderer/cjs/react-test-renderer.development.js:11798:7)
      at scheduleUpdateOnFiber (node_modules/react-test-renderer/cjs/react-test-renderer.development.js:10326:9)
      at updateContainerImpl (node_modules/react-test-renderer/cjs/react-test-renderer.development.js:12382:10)
      at updateContainer (node_modules/react-test-renderer/cjs/react-test-renderer.development.js:12326:7)
      at process.env.NODE_ENV.exports.create (node_modules/react-test-renderer/cjs/react-test-renderer.development.js:14630:7)
      at hooks/__tests__/useAuth.test.js:37:23
      at process.env.NODE_ENV.exports.act (node_modules/react/cjs/react.development.js:789:22)
      at renderHook (hooks/__tests__/useAuth.test.js:36:6)
      at Object.renderHook (hooks/__tests__/useAuth.test.js:241:26)
      at asyncGeneratorStep (node_modules/@babel/runtime/helpers/asyncToGenerator.js:3:17)
      at _next (node_modules/@babel/runtime/helpers/asyncToGenerator.js:17:9)
      at node_modules/@babel/runtime/helpers/asyncToGenerator.js:22:7
      at Object.<anonymous> (node_modules/@babel/runtime/helpers/asyncToGenerator.js:14:12)

    console.error
      The current testing environment is not configured to support act(...)

      244 |
      245 |       act(() => {
    > 246 |         result.current.setPin('1234');
          |                        ^
      247 |         result.current.setConfirmPin('1234');
      248 |         result.current.setPinError('error');
      249 |         result.current.setBiometricEnabled(true);

      at isConcurrentActEnvironment (node_modules/react-test-renderer/cjs/react-test-renderer.development.js:10243:17)
      at warnIfUpdatesNotWrappedWithActDEV (node_modules/react-test-renderer/cjs/react-test-renderer.development.js:11798:7)
      at scheduleUpdateOnFiber (node_modules/react-test-renderer/cjs/react-test-renderer.development.js:10326:9)
      at dispatchSetStateInternal (node_modules/react-test-renderer/cjs/react-test-renderer.development.js:4148:13)
      at dispatchSetState (node_modules/react-test-renderer/cjs/react-test-renderer.development.js:4107:7)
      at setPin (hooks/__tests__/useAuth.test.js:246:24)
      at process.env.NODE_ENV.exports.act (node_modules/react/cjs/react.development.js:789:22)
      at Object.<anonymous> (hooks/__tests__/useAuth.test.js:245:10)
      at asyncGeneratorStep (node_modules/@babel/runtime/helpers/asyncToGenerator.js:3:17)
      at _next (node_modules/@babel/runtime/helpers/asyncToGenerator.js:17:9)
      at node_modules/@babel/runtime/helpers/asyncToGenerator.js:22:7
      at Object.<anonymous> (node_modules/@babel/runtime/helpers/asyncToGenerator.js:14:12)

    console.error
      The current testing environment is not configured to support act(...)

      245 |       act(() => {
      246 |         result.current.setPin('1234');
    > 247 |         result.current.setConfirmPin('1234');
          |                        ^
      248 |         result.current.setPinError('error');
      249 |         result.current.setBiometricEnabled(true);
      250 |         result.current.setChangingPin(true);

      at isConcurrentActEnvironment (node_modules/react-test-renderer/cjs/react-test-renderer.development.js:10243:17)
      at warnIfUpdatesNotWrappedWithActDEV (node_modules/react-test-renderer/cjs/react-test-renderer.development.js:11798:7)
      at scheduleUpdateOnFiber (node_modules/react-test-renderer/cjs/react-test-renderer.development.js:10326:9)
      at dispatchSetStateInternal (node_modules/react-test-renderer/cjs/react-test-renderer.development.js:4148:13)
      at dispatchSetState (node_modules/react-test-renderer/cjs/react-test-renderer.development.js:4107:7)
      at setConfirmPin (hooks/__tests__/useAuth.test.js:247:24)
      at process.env.NODE_ENV.exports.act (node_modules/react/cjs/react.development.js:789:22)
      at Object.<anonymous> (hooks/__tests__/useAuth.test.js:245:10)
      at asyncGeneratorStep (node_modules/@babel/runtime/helpers/asyncToGenerator.js:3:17)
      at _next (node_modules/@babel/runtime/helpers/asyncToGenerator.js:17:9)
      at node_modules/@babel/runtime/helpers/asyncToGenerator.js:22:7
      at Object.<anonymous> (node_modules/@babel/runtime/helpers/asyncToGenerator.js:14:12)

    console.error
      The current testing environment is not configured to support act(...)

      246 |         result.current.setPin('1234');
      247 |         result.current.setConfirmPin('1234');
    > 248 |         result.current.setPinError('error');
          |                        ^
      249 |         result.current.setBiometricEnabled(true);
      250 |         result.current.setChangingPin(true);
      251 |       });

      at isConcurrentActEnvironment (node_modules/react-test-renderer/cjs/react-test-renderer.development.js:10243:17)
      at warnIfUpdatesNotWrappedWithActDEV (node_modules/react-test-renderer/cjs/react-test-renderer.development.js:11798:7)
      at scheduleUpdateOnFiber (node_modules/react-test-renderer/cjs/react-test-renderer.development.js:10326:9)
      at dispatchSetStateInternal (node_modules/react-test-renderer/cjs/react-test-renderer.development.js:4148:13)
      at dispatchSetState (node_modules/react-test-renderer/cjs/react-test-renderer.development.js:4107:7)
      at setPinError (hooks/__tests__/useAuth.test.js:248:24)
      at process.env.NODE_ENV.exports.act (node_modules/react/cjs/react.development.js:789:22)
      at Object.<anonymous> (hooks/__tests__/useAuth.test.js:245:10)
      at asyncGeneratorStep (node_modules/@babel/runtime/helpers/asyncToGenerator.js:3:17)
      at _next (node_modules/@babel/runtime/helpers/asyncToGenerator.js:17:9)
      at node_modules/@babel/runtime/helpers/asyncToGenerator.js:22:7
      at Object.<anonymous> (node_modules/@babel/runtime/helpers/asyncToGenerator.js:14:12)

    console.error
      The current testing environment is not configured to support act(...)

      247 |         result.current.setConfirmPin('1234');
      248 |         result.current.setPinError('error');
    > 249 |         result.current.setBiometricEnabled(true);
          |                        ^
      250 |         result.current.setChangingPin(true);
      251 |       });
      252 |

      at isConcurrentActEnvironment (node_modules/react-test-renderer/cjs/react-test-renderer.development.js:10243:17)
      at warnIfUpdatesNotWrappedWithActDEV (node_modules/react-test-renderer/cjs/react-test-renderer.development.js:11798:7)
      at scheduleUpdateOnFiber (node_modules/react-test-renderer/cjs/react-test-renderer.development.js:10326:9)
      at dispatchSetStateInternal (node_modules/react-test-renderer/cjs/react-test-renderer.development.js:4148:13)
      at dispatchSetState (node_modules/react-test-renderer/cjs/react-test-renderer.development.js:4107:7)
      at setBiometricEnabled (hooks/__tests__/useAuth.test.js:249:24)
      at process.env.NODE_ENV.exports.act (node_modules/react/cjs/react.development.js:789:22)
      at Object.<anonymous> (hooks/__tests__/useAuth.test.js:245:10)
      at asyncGeneratorStep (node_modules/@babel/runtime/helpers/asyncToGenerator.js:3:17)
      at _next (node_modules/@babel/runtime/helpers/asyncToGenerator.js:17:9)
      at node_modules/@babel/runtime/helpers/asyncToGenerator.js:22:7
      at Object.<anonymous> (node_modules/@babel/runtime/helpers/asyncToGenerator.js:14:12)

    console.error
      The current testing environment is not configured to support act(...)

      248 |         result.current.setPinError('error');
      249 |         result.current.setBiometricEnabled(true);
    > 250 |         result.current.setChangingPin(true);
          |                        ^
      251 |       });
      252 |
      253 |       await act(async () => {

      at isConcurrentActEnvironment (node_modules/react-test-renderer/cjs/react-test-renderer.development.js:10243:17)
      at warnIfUpdatesNotWrappedWithActDEV (node_modules/react-test-renderer/cjs/react-test-renderer.development.js:11798:7)
      at scheduleUpdateOnFiber (node_modules/react-test-renderer/cjs/react-test-renderer.development.js:10326:9)
      at dispatchSetStateInternal (node_modules/react-test-renderer/cjs/react-test-renderer.development.js:4148:13)
      at dispatchSetState (node_modules/react-test-renderer/cjs/react-test-renderer.development.js:4107:7)
      at setChangingPin (hooks/__tests__/useAuth.test.js:250:24)
      at process.env.NODE_ENV.exports.act (node_modules/react/cjs/react.development.js:789:22)
      at Object.<anonymous> (hooks/__tests__/useAuth.test.js:245:10)
      at asyncGeneratorStep (node_modules/@babel/runtime/helpers/asyncToGenerator.js:3:17)
      at _next (node_modules/@babel/runtime/helpers/asyncToGenerator.js:17:9)
      at node_modules/@babel/runtime/helpers/asyncToGenerator.js:22:7
      at Object.<anonymous> (node_modules/@babel/runtime/helpers/asyncToGenerator.js:14:12)

    console.error
      The current testing environment is not configured to support act(...)

      40 |     const checkAuthSupport = async () => {
      41 |       const compatible = await LocalAuthentication.hasHardwareAsync();
    > 42 |       setIsBiometricSupported(compatible);
         |       ^
      43 |
      44 |       const passkeySupported = await PasskeyService.isPasskeySupported();
      45 |       setIsPasskeySupported(passkeySupported);

      at isConcurrentActEnvironment (node_modules/react-test-renderer/cjs/react-test-renderer.development.js:10243:17)
      at warnIfUpdatesNotWrappedWithActDEV (node_modules/react-test-renderer/cjs/react-test-renderer.development.js:11798:7)
      at scheduleUpdateOnFiber (node_modules/react-test-renderer/cjs/react-test-renderer.development.js:10326:9)
      at dispatchSetStateInternal (node_modules/react-test-renderer/cjs/react-test-renderer.development.js:4148:13)
      at dispatchSetState (node_modules/react-test-renderer/cjs/react-test-renderer.development.js:4107:7)
      at setIsBiometricSupported (hooks/useAuth.js:42:7)
      at asyncGeneratorStep (node_modules/@babel/runtime/helpers/asyncToGenerator.js:3:17)
      at _next (node_modules/@babel/runtime/helpers/asyncToGenerator.js:17:9)

    console.log
      [DEBUG] Passkey support check {
        supported: Promise {
          true,
          [Symbol(async_id_symbol)]: 16872,
          [Symbol(trigger_async_id_symbol)]: 16858,
          [Symbol(kResourceStore)]: undefined,
          [Symbol(kResourceStore)]: undefined,
          [Symbol(kResourceStore)]: 'useAuth PIN Change Flow should reset PIN state when changing PIN'
        }
      }

      at Object.log [as debug] (utils/logger.js:24:15)

    console.error
      The current testing environment is not configured to support act(...)

      94 |           if (changingPin) {
      95 |             // User authenticated to change PIN, proceed to PIN setup
    > 96 |             setSettingUpPin(true);
         |             ^
      97 |             setPinStep('enter');
      98 |             setPin('');
      99 |             setConfirmPin('');

      at isConcurrentActEnvironment (node_modules/react-test-renderer/cjs/react-test-renderer.development.js:10243:17)
      at warnIfUpdatesNotWrappedWithActDEV (node_modules/react-test-renderer/cjs/react-test-renderer.development.js:11798:7)
      at scheduleUpdateOnFiber (node_modules/react-test-renderer/cjs/react-test-renderer.development.js:10326:9)
      at dispatchSetStateInternal (node_modules/react-test-renderer/cjs/react-test-renderer.development.js:4148:13)
      at dispatchSetState (node_modules/react-test-renderer/cjs/react-test-renderer.development.js:4107:7)
      at Object.setSettingUpPin (hooks/useAuth.js:96:13)
      at asyncGeneratorStep (node_modules/@babel/runtime/helpers/asyncToGenerator.js:3:17)
      at _next (node_modules/@babel/runtime/helpers/asyncToGenerator.js:17:9)

    console.error
      The current testing environment is not configured to support act(...)

       95 |             // User authenticated to change PIN, proceed to PIN setup
       96 |             setSettingUpPin(true);
    >  97 |             setPinStep('enter');
          |             ^
       98 |             setPin('');
       99 |             setConfirmPin('');
      100 |             setPinError('');

      at isConcurrentActEnvironment (node_modules/react-test-renderer/cjs/react-test-renderer.development.js:10243:17)
      at warnIfUpdatesNotWrappedWithActDEV (node_modules/react-test-renderer/cjs/react-test-renderer.development.js:11798:7)
      at scheduleUpdateOnFiber (node_modules/react-test-renderer/cjs/react-test-renderer.development.js:10326:9)
      at dispatchSetStateInternal (node_modules/react-test-renderer/cjs/react-test-renderer.development.js:4148:13)
      at dispatchSetState (node_modules/react-test-renderer/cjs/react-test-renderer.development.js:4107:7)
      at Object.setPinStep (hooks/useAuth.js:97:13)
      at asyncGeneratorStep (node_modules/@babel/runtime/helpers/asyncToGenerator.js:3:17)
      at _next (node_modules/@babel/runtime/helpers/asyncToGenerator.js:17:9)

    console.error
      The current testing environment is not configured to support act(...)

       96 |             setSettingUpPin(true);
       97 |             setPinStep('enter');
    >  98 |             setPin('');
          |             ^
       99 |             setConfirmPin('');
      100 |             setPinError('');
      101 |             // Stay authenticated but in PIN setup mode

      at isConcurrentActEnvironment (node_modules/react-test-renderer/cjs/react-test-renderer.development.js:10243:17)
      at warnIfUpdatesNotWrappedWithActDEV (node_modules/react-test-renderer/cjs/react-test-renderer.development.js:11798:7)
      at scheduleUpdateOnFiber (node_modules/react-test-renderer/cjs/react-test-renderer.development.js:10326:9)
      at dispatchSetStateInternal (node_modules/react-test-renderer/cjs/react-test-renderer.development.js:4148:13)
      at dispatchSetState (node_modules/react-test-renderer/cjs/react-test-renderer.development.js:4107:7)
      at Object.setPin (hooks/useAuth.js:98:13)
      at asyncGeneratorStep (node_modules/@babel/runtime/helpers/asyncToGenerator.js:3:17)
      at _next (node_modules/@babel/runtime/helpers/asyncToGenerator.js:17:9)

    console.error
      The current testing environment is not configured to support act(...)

       97 |             setPinStep('enter');
       98 |             setPin('');
    >  99 |             setConfirmPin('');
          |             ^
      100 |             setPinError('');
      101 |             // Stay authenticated but in PIN setup mode
      102 |             setIsAuthenticated(true);

      at isConcurrentActEnvironment (node_modules/react-test-renderer/cjs/react-test-renderer.development.js:10243:17)
      at warnIfUpdatesNotWrappedWithActDEV (node_modules/react-test-renderer/cjs/react-test-renderer.development.js:11798:7)
      at scheduleUpdateOnFiber (node_modules/react-test-renderer/cjs/react-test-renderer.development.js:10326:9)
      at dispatchSetStateInternal (node_modules/react-test-renderer/cjs/react-test-renderer.development.js:4148:13)
      at dispatchSetState (node_modules/react-test-renderer/cjs/react-test-renderer.development.js:4107:7)
      at Object.setConfirmPin (hooks/useAuth.js:99:13)
      at asyncGeneratorStep (node_modules/@babel/runtime/helpers/asyncToGenerator.js:3:17)
      at _next (node_modules/@babel/runtime/helpers/asyncToGenerator.js:17:9)

    console.error
      The current testing environment is not configured to support act(...)

       98 |             setPin('');
       99 |             setConfirmPin('');
    > 100 |             setPinError('');
          |             ^
      101 |             // Stay authenticated but in PIN setup mode
      102 |             setIsAuthenticated(true);
      103 |           } else {

      at isConcurrentActEnvironment (node_modules/react-test-renderer/cjs/react-test-renderer.development.js:10243:17)
      at warnIfUpdatesNotWrappedWithActDEV (node_modules/react-test-renderer/cjs/react-test-renderer.development.js:11798:7)
      at scheduleUpdateOnFiber (node_modules/react-test-renderer/cjs/react-test-renderer.development.js:10326:9)
      at dispatchSetStateInternal (node_modules/react-test-renderer/cjs/react-test-renderer.development.js:4148:13)
      at dispatchSetState (node_modules/react-test-renderer/cjs/react-test-renderer.development.js:4107:7)
      at Object.setPinError (hooks/useAuth.js:100:13)
      at asyncGeneratorStep (node_modules/@babel/runtime/helpers/asyncToGenerator.js:3:17)
      at _next (node_modules/@babel/runtime/helpers/asyncToGenerator.js:17:9)

    console.error
      The current testing environment is not configured to support act(...)

      100 |             setPinError('');
      101 |             // Stay authenticated but in PIN setup mode
    > 102 |             setIsAuthenticated(true);
          |             ^
      103 |           } else {
      104 |             // Normal unlock
      105 |             setIsAuthenticated(true);

      at isConcurrentActEnvironment (node_modules/react-test-renderer/cjs/react-test-renderer.development.js:10243:17)
      at warnIfUpdatesNotWrappedWithActDEV (node_modules/react-test-renderer/cjs/react-test-renderer.development.js:11798:7)
      at scheduleUpdateOnFiber (node_modules/react-test-renderer/cjs/react-test-renderer.development.js:10326:9)
      at dispatchSetStateInternal (node_modules/react-test-renderer/cjs/react-test-renderer.development.js:4148:13)
      at dispatchSetState (node_modules/react-test-renderer/cjs/react-test-renderer.development.js:4107:7)
      at Object.setIsAuthenticated (hooks/useAuth.js:102:13)
      at asyncGeneratorStep (node_modules/@babel/runtime/helpers/asyncToGenerator.js:3:17)
      at _next (node_modules/@babel/runtime/helpers/asyncToGenerator.js:17:9)

    console.error
      The current testing environment is not configured to support act(...)

      43 |
      44 |       const passkeySupported = await PasskeyService.isPasskeySupported();
    > 45 |       setIsPasskeySupported(passkeySupported);
         |       ^
      46 |     };
      47 |
      48 |     checkAuthSupport();

      at isConcurrentActEnvironment (node_modules/react-test-renderer/cjs/react-test-renderer.development.js:10243:17)
      at warnIfUpdatesNotWrappedWithActDEV (node_modules/react-test-renderer/cjs/react-test-renderer.development.js:11798:7)
      at scheduleUpdateOnFiber (node_modules/react-test-renderer/cjs/react-test-renderer.development.js:10326:9)
      at dispatchSetStateInternal (node_modules/react-test-renderer/cjs/react-test-renderer.development.js:4148:13)
      at dispatchSetState (node_modules/react-test-renderer/cjs/react-test-renderer.development.js:4107:7)
      at setIsPasskeySupported (hooks/useAuth.js:45:7)
      at asyncGeneratorStep (node_modules/@babel/runtime/helpers/asyncToGenerator.js:3:17)
      at _next (node_modules/@babel/runtime/helpers/asyncToGenerator.js:17:9)

    console.error
      react-test-renderer is deprecated. See https://react.dev/warnings/react-test-renderer

      35 |   let component;
      36 |   act(() => {
    > 37 |     component = create(<TestComponent hookProps={initialProps} />);
         |                       ^
      38 |   });
      39 |   return {
      40 |     result,

      at process.env.NODE_ENV.exports.create (node_modules/react-test-renderer/cjs/react-test-renderer.development.js:14598:17)
      at hooks/__tests__/useAuth.test.js:37:23
      at process.env.NODE_ENV.exports.act (node_modules/react/cjs/react.development.js:789:22)
      at renderHook (hooks/__tests__/useAuth.test.js:36:6)
      at Object.renderHook (hooks/__tests__/useAuth.test.js:263:26)
      at asyncGeneratorStep (node_modules/@babel/runtime/helpers/asyncToGenerator.js:3:17)
      at _next (node_modules/@babel/runtime/helpers/asyncToGenerator.js:17:9)
      at node_modules/@babel/runtime/helpers/asyncToGenerator.js:22:7
      at Object.<anonymous> (node_modules/@babel/runtime/helpers/asyncToGenerator.js:14:12)

    console.error
      The current testing environment is not configured to support act(...)

      35 |   let component;
      36 |   act(() => {
    > 37 |     component = create(<TestComponent hookProps={initialProps} />);
         |                       ^
      38 |   });
      39 |   return {
      40 |     result,

      at isConcurrentActEnvironment (node_modules/react-test-renderer/cjs/react-test-renderer.development.js:10243:17)
      at warnIfUpdatesNotWrappedWithActDEV (node_modules/react-test-renderer/cjs/react-test-renderer.development.js:11798:7)
      at scheduleUpdateOnFiber (node_modules/react-test-renderer/cjs/react-test-renderer.development.js:10326:9)
      at updateContainerImpl (node_modules/react-test-renderer/cjs/react-test-renderer.development.js:12382:10)
      at updateContainer (node_modules/react-test-renderer/cjs/react-test-renderer.development.js:12326:7)
      at process.env.NODE_ENV.exports.create (node_modules/react-test-renderer/cjs/react-test-renderer.development.js:14630:7)
      at hooks/__tests__/useAuth.test.js:37:23
      at process.env.NODE_ENV.exports.act (node_modules/react/cjs/react.development.js:789:22)
      at renderHook (hooks/__tests__/useAuth.test.js:36:6)
      at Object.renderHook (hooks/__tests__/useAuth.test.js:263:26)
      at asyncGeneratorStep (node_modules/@babel/runtime/helpers/asyncToGenerator.js:3:17)
      at _next (node_modules/@babel/runtime/helpers/asyncToGenerator.js:17:9)
      at node_modules/@babel/runtime/helpers/asyncToGenerator.js:22:7
      at Object.<anonymous> (node_modules/@babel/runtime/helpers/asyncToGenerator.js:14:12)

    console.error
      The current testing environment is not configured to support act(...)

      266 |
      267 |       act(() => {
    > 268 |         result.current.setIsAuthenticated(true);
          |                        ^
      269 |       });
      270 |
      271 |       await act(async () => {

      at isConcurrentActEnvironment (node_modules/react-test-renderer/cjs/react-test-renderer.development.js:10243:17)
      at warnIfUpdatesNotWrappedWithActDEV (node_modules/react-test-renderer/cjs/react-test-renderer.development.js:11798:7)
      at scheduleUpdateOnFiber (node_modules/react-test-renderer/cjs/react-test-renderer.development.js:10326:9)
      at dispatchSetStateInternal (node_modules/react-test-renderer/cjs/react-test-renderer.development.js:4148:13)
      at dispatchSetState (node_modules/react-test-renderer/cjs/react-test-renderer.development.js:4107:7)
      at setIsAuthenticated (hooks/__tests__/useAuth.test.js:268:24)
      at process.env.NODE_ENV.exports.act (node_modules/react/cjs/react.development.js:789:22)
      at Object.<anonymous> (hooks/__tests__/useAuth.test.js:267:10)
      at asyncGeneratorStep (node_modules/@babel/runtime/helpers/asyncToGenerator.js:3:17)
      at _next (node_modules/@babel/runtime/helpers/asyncToGenerator.js:17:9)
      at node_modules/@babel/runtime/helpers/asyncToGenerator.js:22:7
      at Object.<anonymous> (node_modules/@babel/runtime/helpers/asyncToGenerator.js:14:12)

    console.error
      The current testing environment is not configured to support act(...)

      174 |   // Start PIN change flow
      175 |   const startPinChange = useCallback(async () => {
    > 176 |     setChangingPin(true);
          |     ^
      177 |     // Save flag to return to settings after PIN change
      178 |     await SecureStore.setItemAsync('returnToSettingsAfterPinChange', 'true');
      179 |     // Don't set settingUpPin yet - wait until after authentication

      at isConcurrentActEnvironment (node_modules/react-test-renderer/cjs/react-test-renderer.development.js:10243:17)
      at warnIfUpdatesNotWrappedWithActDEV (node_modules/react-test-renderer/cjs/react-test-renderer.development.js:11798:7)
      at scheduleUpdateOnFiber (node_modules/react-test-renderer/cjs/react-test-renderer.development.js:10326:9)
      at dispatchSetStateInternal (node_modules/react-test-renderer/cjs/react-test-renderer.development.js:4148:13)
      at dispatchSetState (node_modules/react-test-renderer/cjs/react-test-renderer.development.js:4107:7)
      at Object.setChangingPin (hooks/useAuth.js:176:5)
      at asyncGeneratorStep (node_modules/@babel/runtime/helpers/asyncToGenerator.js:3:17)
      at _next (node_modules/@babel/runtime/helpers/asyncToGenerator.js:17:9)
      at node_modules/@babel/runtime/helpers/asyncToGenerator.js:22:7
      at Object.startPinChange (node_modules/@babel/runtime/helpers/asyncToGenerator.js:14:12)
      at startPinChange (hooks/__tests__/useAuth.test.js:272:30)
      at asyncGeneratorStep (node_modules/@babel/runtime/helpers/asyncToGenerator.js:3:17)
      at _next (node_modules/@babel/runtime/helpers/asyncToGenerator.js:17:9)
      at node_modules/@babel/runtime/helpers/asyncToGenerator.js:22:7
      at node_modules/@babel/runtime/helpers/asyncToGenerator.js:14:12
      at process.env.NODE_ENV.exports.act (node_modules/react/cjs/react.development.js:789:22)
      at Object.<anonymous> (hooks/__tests__/useAuth.test.js:271:16)
      at asyncGeneratorStep (node_modules/@babel/runtime/helpers/asyncToGenerator.js:3:17)
      at _next (node_modules/@babel/runtime/helpers/asyncToGenerator.js:17:9)
      at node_modules/@babel/runtime/helpers/asyncToGenerator.js:22:7
      at Object.<anonymous> (node_modules/@babel/runtime/helpers/asyncToGenerator.js:14:12)

    console.error
      The current testing environment is not configured to support act(...)

      40 |     const checkAuthSupport = async () => {
      41 |       const compatible = await LocalAuthentication.hasHardwareAsync();
    > 42 |       setIsBiometricSupported(compatible);
         |       ^
      43 |
      44 |       const passkeySupported = await PasskeyService.isPasskeySupported();
      45 |       setIsPasskeySupported(passkeySupported);

      at isConcurrentActEnvironment (node_modules/react-test-renderer/cjs/react-test-renderer.development.js:10243:17)
      at warnIfUpdatesNotWrappedWithActDEV (node_modules/react-test-renderer/cjs/react-test-renderer.development.js:11798:7)
      at scheduleUpdateOnFiber (node_modules/react-test-renderer/cjs/react-test-renderer.development.js:10326:9)
      at dispatchSetStateInternal (node_modules/react-test-renderer/cjs/react-test-renderer.development.js:4148:13)
      at dispatchSetState (node_modules/react-test-renderer/cjs/react-test-renderer.development.js:4107:7)
      at setIsBiometricSupported (hooks/useAuth.js:42:7)
      at asyncGeneratorStep (node_modules/@babel/runtime/helpers/asyncToGenerator.js:3:17)
      at _next (node_modules/@babel/runtime/helpers/asyncToGenerator.js:17:9)

    console.log
      [DEBUG] Passkey support check {
        supported: Promise {
          true,
          [Symbol(async_id_symbol)]: 17064,
          [Symbol(trigger_async_id_symbol)]: 17050,
          [Symbol(kResourceStore)]: undefined,
          [Symbol(kResourceStore)]: undefined,
          [Symbol(kResourceStore)]: 'useAuth PIN Change Flow should start PIN change flow'
        }
      }

      at Object.log [as debug] (utils/logger.js:24:15)

    console.error
      The current testing environment is not configured to support act(...)

      178 |     await SecureStore.setItemAsync('returnToSettingsAfterPinChange', 'true');
      179 |     // Don't set settingUpPin yet - wait until after authentication
    > 180 |     setIsAuthenticated(false); // Lock wallet to trigger authentication
          |     ^
      181 |   }, []);
      182 |
      183 |   // Memoize return object to prevent recreation on every render

      at isConcurrentActEnvironment (node_modules/react-test-renderer/cjs/react-test-renderer.development.js:10243:17)
      at warnIfUpdatesNotWrappedWithActDEV (node_modules/react-test-renderer/cjs/react-test-renderer.development.js:11798:7)
      at scheduleUpdateOnFiber (node_modules/react-test-renderer/cjs/react-test-renderer.development.js:10326:9)
      at dispatchSetStateInternal (node_modules/react-test-renderer/cjs/react-test-renderer.development.js:4148:13)
      at dispatchSetState (node_modules/react-test-renderer/cjs/react-test-renderer.development.js:4107:7)
      at Object.setIsAuthenticated (hooks/useAuth.js:180:5)
      at asyncGeneratorStep (node_modules/@babel/runtime/helpers/asyncToGenerator.js:3:17)
      at _next (node_modules/@babel/runtime/helpers/asyncToGenerator.js:17:9)

    console.error
      The current testing environment is not configured to support act(...)

      43 |
      44 |       const passkeySupported = await PasskeyService.isPasskeySupported();
    > 45 |       setIsPasskeySupported(passkeySupported);
         |       ^
      46 |     };
      47 |
      48 |     checkAuthSupport();

      at isConcurrentActEnvironment (node_modules/react-test-renderer/cjs/react-test-renderer.development.js:10243:17)
      at warnIfUpdatesNotWrappedWithActDEV (node_modules/react-test-renderer/cjs/react-test-renderer.development.js:11798:7)
      at scheduleUpdateOnFiber (node_modules/react-test-renderer/cjs/react-test-renderer.development.js:10326:9)
      at dispatchSetStateInternal (node_modules/react-test-renderer/cjs/react-test-renderer.development.js:4148:13)
      at dispatchSetState (node_modules/react-test-renderer/cjs/react-test-renderer.development.js:4107:7)
      at setIsPasskeySupported (hooks/useAuth.js:45:7)
      at asyncGeneratorStep (node_modules/@babel/runtime/helpers/asyncToGenerator.js:3:17)
      at _next (node_modules/@babel/runtime/helpers/asyncToGenerator.js:17:9)

    console.error
      react-test-renderer is deprecated. See https://react.dev/warnings/react-test-renderer

      35 |   let component;
      36 |   act(() => {
    > 37 |     component = create(<TestComponent hookProps={initialProps} />);
         |                       ^
      38 |   });
      39 |   return {
      40 |     result,

      at process.env.NODE_ENV.exports.create (node_modules/react-test-renderer/cjs/react-test-renderer.development.js:14598:17)
      at hooks/__tests__/useAuth.test.js:37:23
      at process.env.NODE_ENV.exports.act (node_modules/react/cjs/react.development.js:789:22)
      at renderHook (hooks/__tests__/useAuth.test.js:36:6)
      at Object.renderHook (hooks/__tests__/useAuth.test.js:281:26)

    console.error
      The current testing environment is not configured to support act(...)

      35 |   let component;
      36 |   act(() => {
    > 37 |     component = create(<TestComponent hookProps={initialProps} />);
         |                       ^
      38 |   });
      39 |   return {
      40 |     result,

      at isConcurrentActEnvironment (node_modules/react-test-renderer/cjs/react-test-renderer.development.js:10243:17)
      at warnIfUpdatesNotWrappedWithActDEV (node_modules/react-test-renderer/cjs/react-test-renderer.development.js:11798:7)
      at scheduleUpdateOnFiber (node_modules/react-test-renderer/cjs/react-test-renderer.development.js:10326:9)
      at updateContainerImpl (node_modules/react-test-renderer/cjs/react-test-renderer.development.js:12382:10)
      at updateContainer (node_modules/react-test-renderer/cjs/react-test-renderer.development.js:12326:7)
      at process.env.NODE_ENV.exports.create (node_modules/react-test-renderer/cjs/react-test-renderer.development.js:14630:7)
      at hooks/__tests__/useAuth.test.js:37:23
      at process.env.NODE_ENV.exports.act (node_modules/react/cjs/react.development.js:789:22)
      at renderHook (hooks/__tests__/useAuth.test.js:36:6)
      at Object.renderHook (hooks/__tests__/useAuth.test.js:281:26)

    console.error
      The current testing environment is not configured to support act(...)

      284 |
      285 |       act(() => {
    > 286 |         result.current.setSettingUpPin(true);
          |                        ^
      287 |         result.current.setChangingPin(true);
      288 |       });
      289 |

      at isConcurrentActEnvironment (node_modules/react-test-renderer/cjs/react-test-renderer.development.js:10243:17)
      at warnIfUpdatesNotWrappedWithActDEV (node_modules/react-test-renderer/cjs/react-test-renderer.development.js:11798:7)
      at scheduleUpdateOnFiber (node_modules/react-test-renderer/cjs/react-test-renderer.development.js:10326:9)
      at dispatchSetStateInternal (node_modules/react-test-renderer/cjs/react-test-renderer.development.js:4148:13)
      at dispatchSetState (node_modules/react-test-renderer/cjs/react-test-renderer.development.js:4107:7)
      at setSettingUpPin (hooks/__tests__/useAuth.test.js:286:24)
      at process.env.NODE_ENV.exports.act (node_modules/react/cjs/react.development.js:789:22)
      at Object.<anonymous> (hooks/__tests__/useAuth.test.js:285:10)

    console.error
      The current testing environment is not configured to support act(...)

      285 |       act(() => {
      286 |         result.current.setSettingUpPin(true);
    > 287 |         result.current.setChangingPin(true);
          |                        ^
      288 |       });
      289 |
      290 |       act(() => {

      at isConcurrentActEnvironment (node_modules/react-test-renderer/cjs/react-test-renderer.development.js:10243:17)
      at warnIfUpdatesNotWrappedWithActDEV (node_modules/react-test-renderer/cjs/react-test-renderer.development.js:11798:7)
      at scheduleUpdateOnFiber (node_modules/react-test-renderer/cjs/react-test-renderer.development.js:10326:9)
      at dispatchSetStateInternal (node_modules/react-test-renderer/cjs/react-test-renderer.development.js:4148:13)
      at dispatchSetState (node_modules/react-test-renderer/cjs/react-test-renderer.development.js:4107:7)
      at setChangingPin (hooks/__tests__/useAuth.test.js:287:24)
      at process.env.NODE_ENV.exports.act (node_modules/react/cjs/react.development.js:789:22)
      at Object.<anonymous> (hooks/__tests__/useAuth.test.js:285:10)

    console.error
      The current testing environment is not configured to support act(...)

      127 |   // PIN change completion
      128 |   const handlePinChangeComplete = useCallback(() => {
    > 129 |     setSettingUpPin(false);
          |     ^
      130 |     setChangingPin(false);
      131 |   }, []);
      132 |

      at isConcurrentActEnvironment (node_modules/react-test-renderer/cjs/react-test-renderer.development.js:10243:17)
      at warnIfUpdatesNotWrappedWithActDEV (node_modules/react-test-renderer/cjs/react-test-renderer.development.js:11798:7)
      at scheduleUpdateOnFiber (node_modules/react-test-renderer/cjs/react-test-renderer.development.js:10326:9)
      at dispatchSetStateInternal (node_modules/react-test-renderer/cjs/react-test-renderer.development.js:4148:13)
      at dispatchSetState (node_modules/react-test-renderer/cjs/react-test-renderer.development.js:4107:7)
      at Object.setSettingUpPin [as handlePinChangeComplete] (hooks/useAuth.js:129:5)
      at handlePinChangeComplete (hooks/__tests__/useAuth.test.js:291:24)
      at process.env.NODE_ENV.exports.act (node_modules/react/cjs/react.development.js:789:22)
      at Object.<anonymous> (hooks/__tests__/useAuth.test.js:290:10)

    console.error
      The current testing environment is not configured to support act(...)

      128 |   const handlePinChangeComplete = useCallback(() => {
      129 |     setSettingUpPin(false);
    > 130 |     setChangingPin(false);
          |     ^
      131 |   }, []);
      132 |
      133 |   // Lock screen authentication success

      at isConcurrentActEnvironment (node_modules/react-test-renderer/cjs/react-test-renderer.development.js:10243:17)
      at warnIfUpdatesNotWrappedWithActDEV (node_modules/react-test-renderer/cjs/react-test-renderer.development.js:11798:7)
      at scheduleUpdateOnFiber (node_modules/react-test-renderer/cjs/react-test-renderer.development.js:10326:9)
      at dispatchSetStateInternal (node_modules/react-test-renderer/cjs/react-test-renderer.development.js:4148:13)
      at dispatchSetState (node_modules/react-test-renderer/cjs/react-test-renderer.development.js:4107:7)
      at Object.setChangingPin [as handlePinChangeComplete] (hooks/useAuth.js:130:5)
      at handlePinChangeComplete (hooks/__tests__/useAuth.test.js:291:24)
      at process.env.NODE_ENV.exports.act (node_modules/react/cjs/react.development.js:789:22)
      at Object.<anonymous> (hooks/__tests__/useAuth.test.js:290:10)

    console.log
      [DEBUG] Passkey support check {
        supported: Promise {
          true,
          [Symbol(async_id_symbol)]: 17246,
          [Symbol(trigger_async_id_symbol)]: 17241,
          [Symbol(kResourceStore)]: undefined,
          [Symbol(kResourceStore)]: undefined,
          [Symbol(kResourceStore)]: 'useAuth PIN Change Flow should complete PIN change'
        }
      }

      at Object.log [as debug] (utils/logger.js:24:15)

    console.error
      react-test-renderer is deprecated. See https://react.dev/warnings/react-test-renderer

      35 |   let component;
      36 |   act(() => {
    > 37 |     component = create(<TestComponent hookProps={initialProps} />);
         |                       ^
      38 |   });
      39 |   return {
      40 |     result,

      at process.env.NODE_ENV.exports.create (node_modules/react-test-renderer/cjs/react-test-renderer.development.js:14598:17)
      at hooks/__tests__/useAuth.test.js:37:23
      at process.env.NODE_ENV.exports.act (node_modules/react/cjs/react.development.js:789:22)
      at renderHook (hooks/__tests__/useAuth.test.js:36:6)
      at Object.renderHook (hooks/__tests__/useAuth.test.js:301:26)

    console.error
      The current testing environment is not configured to support act(...)

      35 |   let component;
      36 |   act(() => {
    > 37 |     component = create(<TestComponent hookProps={initialProps} />);
         |                       ^
      38 |   });
      39 |   return {
      40 |     result,

      at isConcurrentActEnvironment (node_modules/react-test-renderer/cjs/react-test-renderer.development.js:10243:17)
      at warnIfUpdatesNotWrappedWithActDEV (node_modules/react-test-renderer/cjs/react-test-renderer.development.js:11798:7)
      at scheduleUpdateOnFiber (node_modules/react-test-renderer/cjs/react-test-renderer.development.js:10326:9)
      at updateContainerImpl (node_modules/react-test-renderer/cjs/react-test-renderer.development.js:12382:10)
      at updateContainer (node_modules/react-test-renderer/cjs/react-test-renderer.development.js:12326:7)
      at process.env.NODE_ENV.exports.create (node_modules/react-test-renderer/cjs/react-test-renderer.development.js:14630:7)
      at hooks/__tests__/useAuth.test.js:37:23
      at process.env.NODE_ENV.exports.act (node_modules/react/cjs/react.development.js:789:22)
      at renderHook (hooks/__tests__/useAuth.test.js:36:6)
      at Object.renderHook (hooks/__tests__/useAuth.test.js:301:26)

    console.error
      The current testing environment is not configured to support act(...)

      304 |
      305 |       act(() => {
    > 306 |         result.current.setSettingUpPin(true);
          |                        ^
      307 |       });
      308 |
      309 |       act(() => {

      at isConcurrentActEnvironment (node_modules/react-test-renderer/cjs/react-test-renderer.development.js:10243:17)
      at warnIfUpdatesNotWrappedWithActDEV (node_modules/react-test-renderer/cjs/react-test-renderer.development.js:11798:7)
      at scheduleUpdateOnFiber (node_modules/react-test-renderer/cjs/react-test-renderer.development.js:10326:9)
      at dispatchSetStateInternal (node_modules/react-test-renderer/cjs/react-test-renderer.development.js:4148:13)
      at dispatchSetState (node_modules/react-test-renderer/cjs/react-test-renderer.development.js:4107:7)
      at setSettingUpPin (hooks/__tests__/useAuth.test.js:306:24)
      at process.env.NODE_ENV.exports.act (node_modules/react/cjs/react.development.js:789:22)
      at Object.<anonymous> (hooks/__tests__/useAuth.test.js:305:10)

    console.error
      The current testing environment is not configured to support act(...)

      118 |   // PIN setup completion for initial wallet creation
      119 |   const handlePinSetupComplete = useCallback(() => {
    > 120 |     setIsAuthenticated(true);
          |     ^
      121 |     setSettingUpPin(false);
      122 |     if (onSeedConfirmed) {
      123 |       onSeedConfirmed(true);

      at isConcurrentActEnvironment (node_modules/react-test-renderer/cjs/react-test-renderer.development.js:10243:17)
      at warnIfUpdatesNotWrappedWithActDEV (node_modules/react-test-renderer/cjs/react-test-renderer.development.js:11798:7)
      at scheduleUpdateOnFiber (node_modules/react-test-renderer/cjs/react-test-renderer.development.js:10326:9)
      at dispatchSetStateInternal (node_modules/react-test-renderer/cjs/react-test-renderer.development.js:4148:13)
      at dispatchSetState (node_modules/react-test-renderer/cjs/react-test-renderer.development.js:4107:7)
      at Object.setIsAuthenticated [as handlePinSetupComplete] (hooks/useAuth.js:120:5)
      at handlePinSetupComplete (hooks/__tests__/useAuth.test.js:310:24)
      at process.env.NODE_ENV.exports.act (node_modules/react/cjs/react.development.js:789:22)
      at Object.<anonymous> (hooks/__tests__/useAuth.test.js:309:10)

    console.error
      The current testing environment is not configured to support act(...)

      119 |   const handlePinSetupComplete = useCallback(() => {
      120 |     setIsAuthenticated(true);
    > 121 |     setSettingUpPin(false);
          |     ^
      122 |     if (onSeedConfirmed) {
      123 |       onSeedConfirmed(true);
      124 |     }

      at isConcurrentActEnvironment (node_modules/react-test-renderer/cjs/react-test-renderer.development.js:10243:17)
      at warnIfUpdatesNotWrappedWithActDEV (node_modules/react-test-renderer/cjs/react-test-renderer.development.js:11798:7)
      at scheduleUpdateOnFiber (node_modules/react-test-renderer/cjs/react-test-renderer.development.js:10326:9)
      at dispatchSetStateInternal (node_modules/react-test-renderer/cjs/react-test-renderer.development.js:4148:13)
      at dispatchSetState (node_modules/react-test-renderer/cjs/react-test-renderer.development.js:4107:7)
      at Object.setSettingUpPin [as handlePinSetupComplete] (hooks/useAuth.js:121:5)
      at handlePinSetupComplete (hooks/__tests__/useAuth.test.js:310:24)
      at process.env.NODE_ENV.exports.act (node_modules/react/cjs/react.development.js:789:22)
      at Object.<anonymous> (hooks/__tests__/useAuth.test.js:309:10)

    console.log
      [DEBUG] Passkey support check {
        supported: Promise {
          true,
          [Symbol(async_id_symbol)]: 17452,
          [Symbol(trigger_async_id_symbol)]: 17447,
          [Symbol(kResourceStore)]: undefined,
          [Symbol(kResourceStore)]: undefined,
          [Symbol(kResourceStore)]: 'useAuth PIN Setup should complete PIN setup and authenticate'
        }
      }

      at Object.log [as debug] (utils/logger.js:24:15)

    console.error
      react-test-renderer is deprecated. See https://react.dev/warnings/react-test-renderer

      35 |   let component;
      36 |   act(() => {
    > 37 |     component = create(<TestComponent hookProps={initialProps} />);
         |                       ^
      38 |   });
      39 |   return {
      40 |     result,

      at process.env.NODE_ENV.exports.create (node_modules/react-test-renderer/cjs/react-test-renderer.development.js:14598:17)
      at hooks/__tests__/useAuth.test.js:37:23
      at process.env.NODE_ENV.exports.act (node_modules/react/cjs/react.development.js:789:22)
      at renderHook (hooks/__tests__/useAuth.test.js:36:6)
      at Object.renderHook (hooks/__tests__/useAuth.test.js:321:26)

    console.error
      The current testing environment is not configured to support act(...)

      35 |   let component;
      36 |   act(() => {
    > 37 |     component = create(<TestComponent hookProps={initialProps} />);
         |                       ^
      38 |   });
      39 |   return {
      40 |     result,

      at isConcurrentActEnvironment (node_modules/react-test-renderer/cjs/react-test-renderer.development.js:10243:17)
      at warnIfUpdatesNotWrappedWithActDEV (node_modules/react-test-renderer/cjs/react-test-renderer.development.js:11798:7)
      at scheduleUpdateOnFiber (node_modules/react-test-renderer/cjs/react-test-renderer.development.js:10326:9)
      at updateContainerImpl (node_modules/react-test-renderer/cjs/react-test-renderer.development.js:12382:10)
      at updateContainer (node_modules/react-test-renderer/cjs/react-test-renderer.development.js:12326:7)
      at process.env.NODE_ENV.exports.create (node_modules/react-test-renderer/cjs/react-test-renderer.development.js:14630:7)
      at hooks/__tests__/useAuth.test.js:37:23
      at process.env.NODE_ENV.exports.act (node_modules/react/cjs/react.development.js:789:22)
      at renderHook (hooks/__tests__/useAuth.test.js:36:6)
      at Object.renderHook (hooks/__tests__/useAuth.test.js:321:26)

    console.error
      The current testing environment is not configured to support act(...)

      324 |
      325 |       act(() => {
    > 326 |         result.current.setSettingUpPin(true);
          |                        ^
      327 |       });
      328 |
      329 |       expect(() => {

      at isConcurrentActEnvironment (node_modules/react-test-renderer/cjs/react-test-renderer.development.js:10243:17)
      at warnIfUpdatesNotWrappedWithActDEV (node_modules/react-test-renderer/cjs/react-test-renderer.development.js:11798:7)
      at scheduleUpdateOnFiber (node_modules/react-test-renderer/cjs/react-test-renderer.development.js:10326:9)
      at dispatchSetStateInternal (node_modules/react-test-renderer/cjs/react-test-renderer.development.js:4148:13)
      at dispatchSetState (node_modules/react-test-renderer/cjs/react-test-renderer.development.js:4107:7)
      at setSettingUpPin (hooks/__tests__/useAuth.test.js:326:24)
      at process.env.NODE_ENV.exports.act (node_modules/react/cjs/react.development.js:789:22)
      at Object.<anonymous> (hooks/__tests__/useAuth.test.js:325:10)

    console.error
      The current testing environment is not configured to support act(...)

      118 |   // PIN setup completion for initial wallet creation
      119 |   const handlePinSetupComplete = useCallback(() => {
    > 120 |     setIsAuthenticated(true);
          |     ^
      121 |     setSettingUpPin(false);
      122 |     if (onSeedConfirmed) {
      123 |       onSeedConfirmed(true);

      at isConcurrentActEnvironment (node_modules/react-test-renderer/cjs/react-test-renderer.development.js:10243:17)
      at warnIfUpdatesNotWrappedWithActDEV (node_modules/react-test-renderer/cjs/react-test-renderer.development.js:11798:7)
      at scheduleUpdateOnFiber (node_modules/react-test-renderer/cjs/react-test-renderer.development.js:10326:9)
      at dispatchSetStateInternal (node_modules/react-test-renderer/cjs/react-test-renderer.development.js:4148:13)
      at dispatchSetState (node_modules/react-test-renderer/cjs/react-test-renderer.development.js:4107:7)
      at Object.setIsAuthenticated [as handlePinSetupComplete] (hooks/useAuth.js:120:5)
      at handlePinSetupComplete (hooks/__tests__/useAuth.test.js:331:26)
      at process.env.NODE_ENV.exports.act (node_modules/react/cjs/react.development.js:789:22)
      at hooks/__tests__/useAuth.test.js:330:12
      at Object.<anonymous> (node_modules/expect/build/index.js:1824:9)
      at Object.throwingMatcher [as toThrow] (node_modules/expect/build/index.js:2235:93)
      at Object.toThrow (hooks/__tests__/useAuth.test.js:333:14)

    console.error
      The current testing environment is not configured to support act(...)

      119 |   const handlePinSetupComplete = useCallback(() => {
      120 |     setIsAuthenticated(true);
    > 121 |     setSettingUpPin(false);
          |     ^
      122 |     if (onSeedConfirmed) {
      123 |       onSeedConfirmed(true);
      124 |     }

      at isConcurrentActEnvironment (node_modules/react-test-renderer/cjs/react-test-renderer.development.js:10243:17)
      at warnIfUpdatesNotWrappedWithActDEV (node_modules/react-test-renderer/cjs/react-test-renderer.development.js:11798:7)
      at scheduleUpdateOnFiber (node_modules/react-test-renderer/cjs/react-test-renderer.development.js:10326:9)
      at dispatchSetStateInternal (node_modules/react-test-renderer/cjs/react-test-renderer.development.js:4148:13)
      at dispatchSetState (node_modules/react-test-renderer/cjs/react-test-renderer.development.js:4107:7)
      at Object.setSettingUpPin [as handlePinSetupComplete] (hooks/useAuth.js:121:5)
      at handlePinSetupComplete (hooks/__tests__/useAuth.test.js:331:26)
      at process.env.NODE_ENV.exports.act (node_modules/react/cjs/react.development.js:789:22)
      at hooks/__tests__/useAuth.test.js:330:12
      at Object.<anonymous> (node_modules/expect/build/index.js:1824:9)
      at Object.throwingMatcher [as toThrow] (node_modules/expect/build/index.js:2235:93)
      at Object.toThrow (hooks/__tests__/useAuth.test.js:333:14)

    console.log
      [DEBUG] Passkey support check {
        supported: Promise {
          true,
          [Symbol(async_id_symbol)]: 17628,
          [Symbol(trigger_async_id_symbol)]: 17623,
          [Symbol(kResourceStore)]: undefined,
          [Symbol(kResourceStore)]: undefined,
          [Symbol(kResourceStore)]: 'useAuth PIN Setup should handle PIN setup without onSeedConfirmed callback'
        }
      }

      at Object.log [as debug] (utils/logger.js:24:15)

    console.error
      react-test-renderer is deprecated. See https://react.dev/warnings/react-test-renderer

      35 |   let component;
      36 |   act(() => {
    > 37 |     component = create(<TestComponent hookProps={initialProps} />);
         |                       ^
      38 |   });
      39 |   return {
      40 |     result,

      at process.env.NODE_ENV.exports.create (node_modules/react-test-renderer/cjs/react-test-renderer.development.js:14598:17)
      at hooks/__tests__/useAuth.test.js:37:23
      at process.env.NODE_ENV.exports.act (node_modules/react/cjs/react.development.js:789:22)
      at renderHook (hooks/__tests__/useAuth.test.js:36:6)
      at Object.renderHook (hooks/__tests__/useAuth.test.js:341:26)

    console.error
      The current testing environment is not configured to support act(...)

      35 |   let component;
      36 |   act(() => {
    > 37 |     component = create(<TestComponent hookProps={initialProps} />);
         |                       ^
      38 |   });
      39 |   return {
      40 |     result,

      at isConcurrentActEnvironment (node_modules/react-test-renderer/cjs/react-test-renderer.development.js:10243:17)
      at warnIfUpdatesNotWrappedWithActDEV (node_modules/react-test-renderer/cjs/react-test-renderer.development.js:11798:7)
      at scheduleUpdateOnFiber (node_modules/react-test-renderer/cjs/react-test-renderer.development.js:10326:9)
      at updateContainerImpl (node_modules/react-test-renderer/cjs/react-test-renderer.development.js:12382:10)
      at updateContainer (node_modules/react-test-renderer/cjs/react-test-renderer.development.js:12326:7)
      at process.env.NODE_ENV.exports.create (node_modules/react-test-renderer/cjs/react-test-renderer.development.js:14630:7)
      at hooks/__tests__/useAuth.test.js:37:23
      at process.env.NODE_ENV.exports.act (node_modules/react/cjs/react.development.js:789:22)
      at renderHook (hooks/__tests__/useAuth.test.js:36:6)
      at Object.renderHook (hooks/__tests__/useAuth.test.js:341:26)

    console.error
      The current testing environment is not configured to support act(...)

      344 |
      345 |       act(() => {
    > 346 |         result.current.setShowPinEntry(true);
          |                        ^
      347 |       });
      348 |
      349 |       act(() => {

      at isConcurrentActEnvironment (node_modules/react-test-renderer/cjs/react-test-renderer.development.js:10243:17)
      at warnIfUpdatesNotWrappedWithActDEV (node_modules/react-test-renderer/cjs/react-test-renderer.development.js:11798:7)
      at scheduleUpdateOnFiber (node_modules/react-test-renderer/cjs/react-test-renderer.development.js:10326:9)
      at dispatchSetStateInternal (node_modules/react-test-renderer/cjs/react-test-renderer.development.js:4148:13)
      at dispatchSetState (node_modules/react-test-renderer/cjs/react-test-renderer.development.js:4107:7)
      at setShowPinEntry (hooks/__tests__/useAuth.test.js:346:24)
      at process.env.NODE_ENV.exports.act (node_modules/react/cjs/react.development.js:789:22)
      at Object.<anonymous> (hooks/__tests__/useAuth.test.js:345:10)

    console.error
      The current testing environment is not configured to support act(...)

      145 |     } else {
      146 |       // Normal unlock
    > 147 |       setIsAuthenticated(true);
          |       ^
      148 |       setShowPinEntry(false);
      149 |       // Restore FaceID button for next time
      150 |       setShowFaceIdButton(true);

      at isConcurrentActEnvironment (node_modules/react-test-renderer/cjs/react-test-renderer.development.js:10243:17)
      at warnIfUpdatesNotWrappedWithActDEV (node_modules/react-test-renderer/cjs/react-test-renderer.development.js:11798:7)
      at scheduleUpdateOnFiber (node_modules/react-test-renderer/cjs/react-test-renderer.development.js:10326:9)
      at dispatchSetStateInternal (node_modules/react-test-renderer/cjs/react-test-renderer.development.js:4148:13)
      at dispatchSetState (node_modules/react-test-renderer/cjs/react-test-renderer.development.js:4107:7)
      at Object.setIsAuthenticated [as handleLockScreenAuthenticated] (hooks/useAuth.js:147:7)
      at handleLockScreenAuthenticated (hooks/__tests__/useAuth.test.js:350:24)
      at process.env.NODE_ENV.exports.act (node_modules/react/cjs/react.development.js:789:22)
      at Object.<anonymous> (hooks/__tests__/useAuth.test.js:349:10)

    console.error
      The current testing environment is not configured to support act(...)

      146 |       // Normal unlock
      147 |       setIsAuthenticated(true);
    > 148 |       setShowPinEntry(false);
          |       ^
      149 |       // Restore FaceID button for next time
      150 |       setShowFaceIdButton(true);
      151 |     }

      at isConcurrentActEnvironment (node_modules/react-test-renderer/cjs/react-test-renderer.development.js:10243:17)
      at warnIfUpdatesNotWrappedWithActDEV (node_modules/react-test-renderer/cjs/react-test-renderer.development.js:11798:7)
      at scheduleUpdateOnFiber (node_modules/react-test-renderer/cjs/react-test-renderer.development.js:10326:9)
      at dispatchSetStateInternal (node_modules/react-test-renderer/cjs/react-test-renderer.development.js:4148:13)
      at dispatchSetState (node_modules/react-test-renderer/cjs/react-test-renderer.development.js:4107:7)
      at Object.setShowPinEntry [as handleLockScreenAuthenticated] (hooks/useAuth.js:148:7)
      at handleLockScreenAuthenticated (hooks/__tests__/useAuth.test.js:350:24)
      at process.env.NODE_ENV.exports.act (node_modules/react/cjs/react.development.js:789:22)
      at Object.<anonymous> (hooks/__tests__/useAuth.test.js:349:10)

    console.error
      The current testing environment is not configured to support act(...)

      148 |       setShowPinEntry(false);
      149 |       // Restore FaceID button for next time
    > 150 |       setShowFaceIdButton(true);
          |       ^
      151 |     }
      152 |   }, [changingPin]);
      153 |

      at isConcurrentActEnvironment (node_modules/react-test-renderer/cjs/react-test-renderer.development.js:10243:17)
      at warnIfUpdatesNotWrappedWithActDEV (node_modules/react-test-renderer/cjs/react-test-renderer.development.js:11798:7)
      at scheduleUpdateOnFiber (node_modules/react-test-renderer/cjs/react-test-renderer.development.js:10326:9)
      at dispatchSetStateInternal (node_modules/react-test-renderer/cjs/react-test-renderer.development.js:4148:13)
      at dispatchSetState (node_modules/react-test-renderer/cjs/react-test-renderer.development.js:4107:7)
      at Object.setShowFaceIdButton [as handleLockScreenAuthenticated] (hooks/useAuth.js:150:7)
      at handleLockScreenAuthenticated (hooks/__tests__/useAuth.test.js:350:24)
      at process.env.NODE_ENV.exports.act (node_modules/react/cjs/react.development.js:789:22)
      at Object.<anonymous> (hooks/__tests__/useAuth.test.js:349:10)

    console.log
      [DEBUG] Passkey support check {
        supported: Promise {
          true,
          [Symbol(async_id_symbol)]: 17834,
          [Symbol(trigger_async_id_symbol)]: 17829,
          [Symbol(kResourceStore)]: undefined,
          [Symbol(kResourceStore)]: undefined,
          [Symbol(kResourceStore)]: 'useAuth Lock Screen Authentication should authenticate on lock screen'
        }
      }

      at Object.log [as debug] (utils/logger.js:24:15)

    console.error
      react-test-renderer is deprecated. See https://react.dev/warnings/react-test-renderer

      35 |   let component;
      36 |   act(() => {
    > 37 |     component = create(<TestComponent hookProps={initialProps} />);
         |                       ^
      38 |   });
      39 |   return {
      40 |     result,

      at process.env.NODE_ENV.exports.create (node_modules/react-test-renderer/cjs/react-test-renderer.development.js:14598:17)
      at hooks/__tests__/useAuth.test.js:37:23
      at process.env.NODE_ENV.exports.act (node_modules/react/cjs/react.development.js:789:22)
      at renderHook (hooks/__tests__/useAuth.test.js:36:6)
      at Object.renderHook (hooks/__tests__/useAuth.test.js:359:26)

    console.error
      The current testing environment is not configured to support act(...)

      35 |   let component;
      36 |   act(() => {
    > 37 |     component = create(<TestComponent hookProps={initialProps} />);
         |                       ^
      38 |   });
      39 |   return {
      40 |     result,

      at isConcurrentActEnvironment (node_modules/react-test-renderer/cjs/react-test-renderer.development.js:10243:17)
      at warnIfUpdatesNotWrappedWithActDEV (node_modules/react-test-renderer/cjs/react-test-renderer.development.js:11798:7)
      at scheduleUpdateOnFiber (node_modules/react-test-renderer/cjs/react-test-renderer.development.js:10326:9)
      at updateContainerImpl (node_modules/react-test-renderer/cjs/react-test-renderer.development.js:12382:10)
      at updateContainer (node_modules/react-test-renderer/cjs/react-test-renderer.development.js:12326:7)
      at process.env.NODE_ENV.exports.create (node_modules/react-test-renderer/cjs/react-test-renderer.development.js:14630:7)
      at hooks/__tests__/useAuth.test.js:37:23
      at process.env.NODE_ENV.exports.act (node_modules/react/cjs/react.development.js:789:22)
      at renderHook (hooks/__tests__/useAuth.test.js:36:6)
      at Object.renderHook (hooks/__tests__/useAuth.test.js:359:26)

    console.error
      The current testing environment is not configured to support act(...)

      362 |
      363 |       act(() => {
    > 364 |         result.current.setShowPinEntry(true);
          |                        ^
      365 |         result.current.setChangingPin(true);
      366 |         result.current.setPin('1234');
      367 |         result.current.setConfirmPin('1234');

      at isConcurrentActEnvironment (node_modules/react-test-renderer/cjs/react-test-renderer.development.js:10243:17)
      at warnIfUpdatesNotWrappedWithActDEV (node_modules/react-test-renderer/cjs/react-test-renderer.development.js:11798:7)
      at scheduleUpdateOnFiber (node_modules/react-test-renderer/cjs/react-test-renderer.development.js:10326:9)
      at dispatchSetStateInternal (node_modules/react-test-renderer/cjs/react-test-renderer.development.js:4148:13)
      at dispatchSetState (node_modules/react-test-renderer/cjs/react-test-renderer.development.js:4107:7)
      at setShowPinEntry (hooks/__tests__/useAuth.test.js:364:24)
      at process.env.NODE_ENV.exports.act (node_modules/react/cjs/react.development.js:789:22)
      at Object.<anonymous> (hooks/__tests__/useAuth.test.js:363:10)

    console.error
      The current testing environment is not configured to support act(...)

      363 |       act(() => {
      364 |         result.current.setShowPinEntry(true);
    > 365 |         result.current.setChangingPin(true);
          |                        ^
      366 |         result.current.setPin('1234');
      367 |         result.current.setConfirmPin('1234');
      368 |       });

      at isConcurrentActEnvironment (node_modules/react-test-renderer/cjs/react-test-renderer.development.js:10243:17)
      at warnIfUpdatesNotWrappedWithActDEV (node_modules/react-test-renderer/cjs/react-test-renderer.development.js:11798:7)
      at scheduleUpdateOnFiber (node_modules/react-test-renderer/cjs/react-test-renderer.development.js:10326:9)
      at dispatchSetStateInternal (node_modules/react-test-renderer/cjs/react-test-renderer.development.js:4148:13)
      at dispatchSetState (node_modules/react-test-renderer/cjs/react-test-renderer.development.js:4107:7)
      at setChangingPin (hooks/__tests__/useAuth.test.js:365:24)
      at process.env.NODE_ENV.exports.act (node_modules/react/cjs/react.development.js:789:22)
      at Object.<anonymous> (hooks/__tests__/useAuth.test.js:363:10)

    console.error
      The current testing environment is not configured to support act(...)

      364 |         result.current.setShowPinEntry(true);
      365 |         result.current.setChangingPin(true);
    > 366 |         result.current.setPin('1234');
          |                        ^
      367 |         result.current.setConfirmPin('1234');
      368 |       });
      369 |

      at isConcurrentActEnvironment (node_modules/react-test-renderer/cjs/react-test-renderer.development.js:10243:17)
      at warnIfUpdatesNotWrappedWithActDEV (node_modules/react-test-renderer/cjs/react-test-renderer.development.js:11798:7)
      at scheduleUpdateOnFiber (node_modules/react-test-renderer/cjs/react-test-renderer.development.js:10326:9)
      at dispatchSetStateInternal (node_modules/react-test-renderer/cjs/react-test-renderer.development.js:4148:13)
      at dispatchSetState (node_modules/react-test-renderer/cjs/react-test-renderer.development.js:4107:7)
      at setPin (hooks/__tests__/useAuth.test.js:366:24)
      at process.env.NODE_ENV.exports.act (node_modules/react/cjs/react.development.js:789:22)
      at Object.<anonymous> (hooks/__tests__/useAuth.test.js:363:10)

    console.error
      The current testing environment is not configured to support act(...)

      365 |         result.current.setChangingPin(true);
      366 |         result.current.setPin('1234');
    > 367 |         result.current.setConfirmPin('1234');
          |                        ^
      368 |       });
      369 |
      370 |       act(() => {

      at isConcurrentActEnvironment (node_modules/react-test-renderer/cjs/react-test-renderer.development.js:10243:17)
      at warnIfUpdatesNotWrappedWithActDEV (node_modules/react-test-renderer/cjs/react-test-renderer.development.js:11798:7)
      at scheduleUpdateOnFiber (node_modules/react-test-renderer/cjs/react-test-renderer.development.js:10326:9)
      at dispatchSetStateInternal (node_modules/react-test-renderer/cjs/react-test-renderer.development.js:4148:13)
      at dispatchSetState (node_modules/react-test-renderer/cjs/react-test-renderer.development.js:4107:7)
      at setConfirmPin (hooks/__tests__/useAuth.test.js:367:24)
      at process.env.NODE_ENV.exports.act (node_modules/react/cjs/react.development.js:789:22)
      at Object.<anonymous> (hooks/__tests__/useAuth.test.js:363:10)

    console.error
      The current testing environment is not configured to support act(...)

      135 |     if (changingPin) {
      136 |       // User authenticated to change PIN, proceed to PIN setup
    > 137 |       setShowPinEntry(false); // Hide lock screen
          |       ^
      138 |       setSettingUpPin(true); // Show PIN setup screen
      139 |       setPinStep('enter');
      140 |       setPin('');

      at isConcurrentActEnvironment (node_modules/react-test-renderer/cjs/react-test-renderer.development.js:10243:17)
      at warnIfUpdatesNotWrappedWithActDEV (node_modules/react-test-renderer/cjs/react-test-renderer.development.js:11798:7)
      at scheduleUpdateOnFiber (node_modules/react-test-renderer/cjs/react-test-renderer.development.js:10326:9)
      at dispatchSetStateInternal (node_modules/react-test-renderer/cjs/react-test-renderer.development.js:4148:13)
      at dispatchSetState (node_modules/react-test-renderer/cjs/react-test-renderer.development.js:4107:7)
      at Object.setShowPinEntry [as handleLockScreenAuthenticated] (hooks/useAuth.js:137:7)
      at handleLockScreenAuthenticated (hooks/__tests__/useAuth.test.js:371:24)
      at process.env.NODE_ENV.exports.act (node_modules/react/cjs/react.development.js:789:22)
      at Object.<anonymous> (hooks/__tests__/useAuth.test.js:370:10)

    console.error
      The current testing environment is not configured to support act(...)

      136 |       // User authenticated to change PIN, proceed to PIN setup
      137 |       setShowPinEntry(false); // Hide lock screen
    > 138 |       setSettingUpPin(true); // Show PIN setup screen
          |       ^
      139 |       setPinStep('enter');
      140 |       setPin('');
      141 |       setConfirmPin('');

      at isConcurrentActEnvironment (node_modules/react-test-renderer/cjs/react-test-renderer.development.js:10243:17)
      at warnIfUpdatesNotWrappedWithActDEV (node_modules/react-test-renderer/cjs/react-test-renderer.development.js:11798:7)
      at scheduleUpdateOnFiber (node_modules/react-test-renderer/cjs/react-test-renderer.development.js:10326:9)
      at dispatchSetStateInternal (node_modules/react-test-renderer/cjs/react-test-renderer.development.js:4148:13)
      at dispatchSetState (node_modules/react-test-renderer/cjs/react-test-renderer.development.js:4107:7)
      at Object.setSettingUpPin [as handleLockScreenAuthenticated] (hooks/useAuth.js:138:7)
      at handleLockScreenAuthenticated (hooks/__tests__/useAuth.test.js:371:24)
      at process.env.NODE_ENV.exports.act (node_modules/react/cjs/react.development.js:789:22)
      at Object.<anonymous> (hooks/__tests__/useAuth.test.js:370:10)

    console.error
      The current testing environment is not configured to support act(...)

      137 |       setShowPinEntry(false); // Hide lock screen
      138 |       setSettingUpPin(true); // Show PIN setup screen
    > 139 |       setPinStep('enter');
          |       ^
      140 |       setPin('');
      141 |       setConfirmPin('');
      142 |       setPinError('');

      at isConcurrentActEnvironment (node_modules/react-test-renderer/cjs/react-test-renderer.development.js:10243:17)
      at warnIfUpdatesNotWrappedWithActDEV (node_modules/react-test-renderer/cjs/react-test-renderer.development.js:11798:7)
      at scheduleUpdateOnFiber (node_modules/react-test-renderer/cjs/react-test-renderer.development.js:10326:9)
      at dispatchSetStateInternal (node_modules/react-test-renderer/cjs/react-test-renderer.development.js:4148:13)
      at dispatchSetState (node_modules/react-test-renderer/cjs/react-test-renderer.development.js:4107:7)
      at Object.setPinStep [as handleLockScreenAuthenticated] (hooks/useAuth.js:139:7)
      at handleLockScreenAuthenticated (hooks/__tests__/useAuth.test.js:371:24)
      at process.env.NODE_ENV.exports.act (node_modules/react/cjs/react.development.js:789:22)
      at Object.<anonymous> (hooks/__tests__/useAuth.test.js:370:10)

    console.error
      The current testing environment is not configured to support act(...)

      138 |       setSettingUpPin(true); // Show PIN setup screen
      139 |       setPinStep('enter');
    > 140 |       setPin('');
          |       ^
      141 |       setConfirmPin('');
      142 |       setPinError('');
      143 |       // Set authenticated to true so they can proceed, but settingUpPin keeps them in auth flow

      at isConcurrentActEnvironment (node_modules/react-test-renderer/cjs/react-test-renderer.development.js:10243:17)
      at warnIfUpdatesNotWrappedWithActDEV (node_modules/react-test-renderer/cjs/react-test-renderer.development.js:11798:7)
      at scheduleUpdateOnFiber (node_modules/react-test-renderer/cjs/react-test-renderer.development.js:10326:9)
      at dispatchSetStateInternal (node_modules/react-test-renderer/cjs/react-test-renderer.development.js:4148:13)
      at dispatchSetState (node_modules/react-test-renderer/cjs/react-test-renderer.development.js:4107:7)
      at Object.setPin [as handleLockScreenAuthenticated] (hooks/useAuth.js:140:7)
      at handleLockScreenAuthenticated (hooks/__tests__/useAuth.test.js:371:24)
      at process.env.NODE_ENV.exports.act (node_modules/react/cjs/react.development.js:789:22)
      at Object.<anonymous> (hooks/__tests__/useAuth.test.js:370:10)

    console.error
      The current testing environment is not configured to support act(...)

      139 |       setPinStep('enter');
      140 |       setPin('');
    > 141 |       setConfirmPin('');
          |       ^
      142 |       setPinError('');
      143 |       // Set authenticated to true so they can proceed, but settingUpPin keeps them in auth flow
      144 |       setIsAuthenticated(true);

      at isConcurrentActEnvironment (node_modules/react-test-renderer/cjs/react-test-renderer.development.js:10243:17)
      at warnIfUpdatesNotWrappedWithActDEV (node_modules/react-test-renderer/cjs/react-test-renderer.development.js:11798:7)
      at scheduleUpdateOnFiber (node_modules/react-test-renderer/cjs/react-test-renderer.development.js:10326:9)
      at dispatchSetStateInternal (node_modules/react-test-renderer/cjs/react-test-renderer.development.js:4148:13)
      at dispatchSetState (node_modules/react-test-renderer/cjs/react-test-renderer.development.js:4107:7)
      at Object.setConfirmPin [as handleLockScreenAuthenticated] (hooks/useAuth.js:141:7)
      at handleLockScreenAuthenticated (hooks/__tests__/useAuth.test.js:371:24)
      at process.env.NODE_ENV.exports.act (node_modules/react/cjs/react.development.js:789:22)
      at Object.<anonymous> (hooks/__tests__/useAuth.test.js:370:10)

    console.error
      The current testing environment is not configured to support act(...)

      140 |       setPin('');
      141 |       setConfirmPin('');
    > 142 |       setPinError('');
          |       ^
      143 |       // Set authenticated to true so they can proceed, but settingUpPin keeps them in auth flow
      144 |       setIsAuthenticated(true);
      145 |     } else {

      at isConcurrentActEnvironment (node_modules/react-test-renderer/cjs/react-test-renderer.development.js:10243:17)
      at warnIfUpdatesNotWrappedWithActDEV (node_modules/react-test-renderer/cjs/react-test-renderer.development.js:11798:7)
      at scheduleUpdateOnFiber (node_modules/react-test-renderer/cjs/react-test-renderer.development.js:10326:9)
      at dispatchSetStateInternal (node_modules/react-test-renderer/cjs/react-test-renderer.development.js:4148:13)
      at dispatchSetState (node_modules/react-test-renderer/cjs/react-test-renderer.development.js:4107:7)
      at Object.setPinError [as handleLockScreenAuthenticated] (hooks/useAuth.js:142:7)
      at handleLockScreenAuthenticated (hooks/__tests__/useAuth.test.js:371:24)
      at process.env.NODE_ENV.exports.act (node_modules/react/cjs/react.development.js:789:22)
      at Object.<anonymous> (hooks/__tests__/useAuth.test.js:370:10)

    console.error
      The current testing environment is not configured to support act(...)

      142 |       setPinError('');
      143 |       // Set authenticated to true so they can proceed, but settingUpPin keeps them in auth flow
    > 144 |       setIsAuthenticated(true);
          |       ^
      145 |     } else {
      146 |       // Normal unlock
      147 |       setIsAuthenticated(true);

      at isConcurrentActEnvironment (node_modules/react-test-renderer/cjs/react-test-renderer.development.js:10243:17)
      at warnIfUpdatesNotWrappedWithActDEV (node_modules/react-test-renderer/cjs/react-test-renderer.development.js:11798:7)
      at scheduleUpdateOnFiber (node_modules/react-test-renderer/cjs/react-test-renderer.development.js:10326:9)
      at dispatchSetStateInternal (node_modules/react-test-renderer/cjs/react-test-renderer.development.js:4148:13)
      at dispatchSetState (node_modules/react-test-renderer/cjs/react-test-renderer.development.js:4107:7)
      at Object.setIsAuthenticated [as handleLockScreenAuthenticated] (hooks/useAuth.js:144:7)
      at handleLockScreenAuthenticated (hooks/__tests__/useAuth.test.js:371:24)
      at process.env.NODE_ENV.exports.act (node_modules/react/cjs/react.development.js:789:22)
      at Object.<anonymous> (hooks/__tests__/useAuth.test.js:370:10)

    console.log
      [DEBUG] Passkey support check {
        supported: Promise {
          true,
          [Symbol(async_id_symbol)]: 18010,
          [Symbol(trigger_async_id_symbol)]: 18005,
          [Symbol(kResourceStore)]: undefined,
          [Symbol(kResourceStore)]: undefined,
          [Symbol(kResourceStore)]: 'useAuth Lock Screen Authentication should proceed to PIN setup after lock screen auth when changing PIN'
        }
      }

      at Object.log [as debug] (utils/logger.js:24:15)

    console.error
      react-test-renderer is deprecated. See https://react.dev/warnings/react-test-renderer

      35 |   let component;
      36 |   act(() => {
    > 37 |     component = create(<TestComponent hookProps={initialProps} />);
         |                       ^
      38 |   });
      39 |   return {
      40 |     result,

      at process.env.NODE_ENV.exports.create (node_modules/react-test-renderer/cjs/react-test-renderer.development.js:14598:17)
      at hooks/__tests__/useAuth.test.js:37:23
      at process.env.NODE_ENV.exports.act (node_modules/react/cjs/react.development.js:789:22)
      at renderHook (hooks/__tests__/useAuth.test.js:36:6)
      at Object.renderHook (hooks/__tests__/useAuth.test.js:385:26)

    console.error
      The current testing environment is not configured to support act(...)

      35 |   let component;
      36 |   act(() => {
    > 37 |     component = create(<TestComponent hookProps={initialProps} />);
         |                       ^
      38 |   });
      39 |   return {
      40 |     result,

      at isConcurrentActEnvironment (node_modules/react-test-renderer/cjs/react-test-renderer.development.js:10243:17)
      at warnIfUpdatesNotWrappedWithActDEV (node_modules/react-test-renderer/cjs/react-test-renderer.development.js:11798:7)
      at scheduleUpdateOnFiber (node_modules/react-test-renderer/cjs/react-test-renderer.development.js:10326:9)
      at updateContainerImpl (node_modules/react-test-renderer/cjs/react-test-renderer.development.js:12382:10)
      at updateContainer (node_modules/react-test-renderer/cjs/react-test-renderer.development.js:12326:7)
      at process.env.NODE_ENV.exports.create (node_modules/react-test-renderer/cjs/react-test-renderer.development.js:14630:7)
      at hooks/__tests__/useAuth.test.js:37:23
      at process.env.NODE_ENV.exports.act (node_modules/react/cjs/react.development.js:789:22)
      at renderHook (hooks/__tests__/useAuth.test.js:36:6)
      at Object.renderHook (hooks/__tests__/useAuth.test.js:385:26)

    console.error
      The current testing environment is not configured to support act(...)

      388 |
      389 |       act(() => {
    > 390 |         result.current.setIsAuthenticated(true);
          |                        ^
      391 |       });
      392 |
      393 |       act(() => {

      at isConcurrentActEnvironment (node_modules/react-test-renderer/cjs/react-test-renderer.development.js:10243:17)
      at warnIfUpdatesNotWrappedWithActDEV (node_modules/react-test-renderer/cjs/react-test-renderer.development.js:11798:7)
      at scheduleUpdateOnFiber (node_modules/react-test-renderer/cjs/react-test-renderer.development.js:10326:9)
      at dispatchSetStateInternal (node_modules/react-test-renderer/cjs/react-test-renderer.development.js:4148:13)
      at dispatchSetState (node_modules/react-test-renderer/cjs/react-test-renderer.development.js:4107:7)
      at setIsAuthenticated (hooks/__tests__/useAuth.test.js:390:24)
      at process.env.NODE_ENV.exports.act (node_modules/react/cjs/react.development.js:789:22)
      at Object.<anonymous> (hooks/__tests__/useAuth.test.js:389:10)

    console.error
      The current testing environment is not configured to support act(...)

      154 |   // Lock the wallet
      155 |   const lock = useCallback(() => {
    > 156 |     setIsAuthenticated(false);
          |     ^
      157 |   }, []);
      158 |
      159 |   // Reset auth state (for wallet deletion)

      at isConcurrentActEnvironment (node_modules/react-test-renderer/cjs/react-test-renderer.development.js:10243:17)
      at warnIfUpdatesNotWrappedWithActDEV (node_modules/react-test-renderer/cjs/react-test-renderer.development.js:11798:7)
      at scheduleUpdateOnFiber (node_modules/react-test-renderer/cjs/react-test-renderer.development.js:10326:9)
      at dispatchSetStateInternal (node_modules/react-test-renderer/cjs/react-test-renderer.development.js:4148:13)
      at dispatchSetState (node_modules/react-test-renderer/cjs/react-test-renderer.development.js:4107:7)
      at Object.setIsAuthenticated [as lock] (hooks/useAuth.js:156:5)
      at lock (hooks/__tests__/useAuth.test.js:394:24)
      at process.env.NODE_ENV.exports.act (node_modules/react/cjs/react.development.js:789:22)
      at Object.<anonymous> (hooks/__tests__/useAuth.test.js:393:10)

    console.log
      [DEBUG] Passkey support check {
        supported: Promise {
          true,
          [Symbol(async_id_symbol)]: 18216,
          [Symbol(trigger_async_id_symbol)]: 18211,
          [Symbol(kResourceStore)]: undefined,
          [Symbol(kResourceStore)]: undefined,
          [Symbol(kResourceStore)]: 'useAuth Lock/Unlock should lock the wallet'
        }
      }

      at Object.log [as debug] (utils/logger.js:24:15)

    console.error
      react-test-renderer is deprecated. See https://react.dev/warnings/react-test-renderer

      35 |   let component;
      36 |   act(() => {
    > 37 |     component = create(<TestComponent hookProps={initialProps} />);
         |                       ^
      38 |   });
      39 |   return {
      40 |     result,

      at process.env.NODE_ENV.exports.create (node_modules/react-test-renderer/cjs/react-test-renderer.development.js:14598:17)
      at hooks/__tests__/useAuth.test.js:37:23
      at process.env.NODE_ENV.exports.act (node_modules/react/cjs/react.development.js:789:22)
      at renderHook (hooks/__tests__/useAuth.test.js:36:6)
      at Object.renderHook (hooks/__tests__/useAuth.test.js:403:26)

    console.error
      The current testing environment is not configured to support act(...)

      35 |   let component;
      36 |   act(() => {
    > 37 |     component = create(<TestComponent hookProps={initialProps} />);
         |                       ^
      38 |   });
      39 |   return {
      40 |     result,

      at isConcurrentActEnvironment (node_modules/react-test-renderer/cjs/react-test-renderer.development.js:10243:17)
      at warnIfUpdatesNotWrappedWithActDEV (node_modules/react-test-renderer/cjs/react-test-renderer.development.js:11798:7)
      at scheduleUpdateOnFiber (node_modules/react-test-renderer/cjs/react-test-renderer.development.js:10326:9)
      at updateContainerImpl (node_modules/react-test-renderer/cjs/react-test-renderer.development.js:12382:10)
      at updateContainer (node_modules/react-test-renderer/cjs/react-test-renderer.development.js:12326:7)
      at process.env.NODE_ENV.exports.create (node_modules/react-test-renderer/cjs/react-test-renderer.development.js:14630:7)
      at hooks/__tests__/useAuth.test.js:37:23
      at process.env.NODE_ENV.exports.act (node_modules/react/cjs/react.development.js:789:22)
      at renderHook (hooks/__tests__/useAuth.test.js:36:6)
      at Object.renderHook (hooks/__tests__/useAuth.test.js:403:26)

    console.error
      The current testing environment is not configured to support act(...)

      406 |
      407 |       act(() => {
    > 408 |         result.current.setIsAuthenticated(true);
          |                        ^
      409 |         result.current.setBiometricEnabled(true);
      410 |         result.current.setShowFaceIdButton(false);
      411 |         result.current.setShowBiometricPrompt(true);

      at isConcurrentActEnvironment (node_modules/react-test-renderer/cjs/react-test-renderer.development.js:10243:17)
      at warnIfUpdatesNotWrappedWithActDEV (node_modules/react-test-renderer/cjs/react-test-renderer.development.js:11798:7)
      at scheduleUpdateOnFiber (node_modules/react-test-renderer/cjs/react-test-renderer.development.js:10326:9)
      at dispatchSetStateInternal (node_modules/react-test-renderer/cjs/react-test-renderer.development.js:4148:13)
      at dispatchSetState (node_modules/react-test-renderer/cjs/react-test-renderer.development.js:4107:7)
      at setIsAuthenticated (hooks/__tests__/useAuth.test.js:408:24)
      at process.env.NODE_ENV.exports.act (node_modules/react/cjs/react.development.js:789:22)
      at Object.<anonymous> (hooks/__tests__/useAuth.test.js:407:10)

    console.error
      The current testing environment is not configured to support act(...)

      407 |       act(() => {
      408 |         result.current.setIsAuthenticated(true);
    > 409 |         result.current.setBiometricEnabled(true);
          |                        ^
      410 |         result.current.setShowFaceIdButton(false);
      411 |         result.current.setShowBiometricPrompt(true);
      412 |         result.current.setSettingUpPin(true);

      at isConcurrentActEnvironment (node_modules/react-test-renderer/cjs/react-test-renderer.development.js:10243:17)
      at warnIfUpdatesNotWrappedWithActDEV (node_modules/react-test-renderer/cjs/react-test-renderer.development.js:11798:7)
      at scheduleUpdateOnFiber (node_modules/react-test-renderer/cjs/react-test-renderer.development.js:10326:9)
      at dispatchSetStateInternal (node_modules/react-test-renderer/cjs/react-test-renderer.development.js:4148:13)
      at dispatchSetState (node_modules/react-test-renderer/cjs/react-test-renderer.development.js:4107:7)
      at setBiometricEnabled (hooks/__tests__/useAuth.test.js:409:24)
      at process.env.NODE_ENV.exports.act (node_modules/react/cjs/react.development.js:789:22)
      at Object.<anonymous> (hooks/__tests__/useAuth.test.js:407:10)

    console.error
      The current testing environment is not configured to support act(...)

      408 |         result.current.setIsAuthenticated(true);
      409 |         result.current.setBiometricEnabled(true);
    > 410 |         result.current.setShowFaceIdButton(false);
          |                        ^
      411 |         result.current.setShowBiometricPrompt(true);
      412 |         result.current.setSettingUpPin(true);
      413 |         result.current.setChangingPin(true);

      at isConcurrentActEnvironment (node_modules/react-test-renderer/cjs/react-test-renderer.development.js:10243:17)
      at warnIfUpdatesNotWrappedWithActDEV (node_modules/react-test-renderer/cjs/react-test-renderer.development.js:11798:7)
      at scheduleUpdateOnFiber (node_modules/react-test-renderer/cjs/react-test-renderer.development.js:10326:9)
      at dispatchSetStateInternal (node_modules/react-test-renderer/cjs/react-test-renderer.development.js:4148:13)
      at dispatchSetState (node_modules/react-test-renderer/cjs/react-test-renderer.development.js:4107:7)
      at setShowFaceIdButton (hooks/__tests__/useAuth.test.js:410:24)
      at process.env.NODE_ENV.exports.act (node_modules/react/cjs/react.development.js:789:22)
      at Object.<anonymous> (hooks/__tests__/useAuth.test.js:407:10)

    console.error
      The current testing environment is not configured to support act(...)

      409 |         result.current.setBiometricEnabled(true);
      410 |         result.current.setShowFaceIdButton(false);
    > 411 |         result.current.setShowBiometricPrompt(true);
          |                        ^
      412 |         result.current.setSettingUpPin(true);
      413 |         result.current.setChangingPin(true);
      414 |         result.current.setShowPinEntry(true);

      at isConcurrentActEnvironment (node_modules/react-test-renderer/cjs/react-test-renderer.development.js:10243:17)
      at warnIfUpdatesNotWrappedWithActDEV (node_modules/react-test-renderer/cjs/react-test-renderer.development.js:11798:7)
      at scheduleUpdateOnFiber (node_modules/react-test-renderer/cjs/react-test-renderer.development.js:10326:9)
      at dispatchSetStateInternal (node_modules/react-test-renderer/cjs/react-test-renderer.development.js:4148:13)
      at dispatchSetState (node_modules/react-test-renderer/cjs/react-test-renderer.development.js:4107:7)
      at setShowBiometricPrompt (hooks/__tests__/useAuth.test.js:411:24)
      at process.env.NODE_ENV.exports.act (node_modules/react/cjs/react.development.js:789:22)
      at Object.<anonymous> (hooks/__tests__/useAuth.test.js:407:10)

    console.error
      The current testing environment is not configured to support act(...)

      410 |         result.current.setShowFaceIdButton(false);
      411 |         result.current.setShowBiometricPrompt(true);
    > 412 |         result.current.setSettingUpPin(true);
          |                        ^
      413 |         result.current.setChangingPin(true);
      414 |         result.current.setShowPinEntry(true);
      415 |         result.current.setPin('1234');

      at isConcurrentActEnvironment (node_modules/react-test-renderer/cjs/react-test-renderer.development.js:10243:17)
      at warnIfUpdatesNotWrappedWithActDEV (node_modules/react-test-renderer/cjs/react-test-renderer.development.js:11798:7)
      at scheduleUpdateOnFiber (node_modules/react-test-renderer/cjs/react-test-renderer.development.js:10326:9)
      at dispatchSetStateInternal (node_modules/react-test-renderer/cjs/react-test-renderer.development.js:4148:13)
      at dispatchSetState (node_modules/react-test-renderer/cjs/react-test-renderer.development.js:4107:7)
      at setSettingUpPin (hooks/__tests__/useAuth.test.js:412:24)
      at process.env.NODE_ENV.exports.act (node_modules/react/cjs/react.development.js:789:22)
      at Object.<anonymous> (hooks/__tests__/useAuth.test.js:407:10)

    console.error
      The current testing environment is not configured to support act(...)

      411 |         result.current.setShowBiometricPrompt(true);
      412 |         result.current.setSettingUpPin(true);
    > 413 |         result.current.setChangingPin(true);
          |                        ^
      414 |         result.current.setShowPinEntry(true);
      415 |         result.current.setPin('1234');
      416 |         result.current.setConfirmPin('1234');

      at isConcurrentActEnvironment (node_modules/react-test-renderer/cjs/react-test-renderer.development.js:10243:17)
      at warnIfUpdatesNotWrappedWithActDEV (node_modules/react-test-renderer/cjs/react-test-renderer.development.js:11798:7)
      at scheduleUpdateOnFiber (node_modules/react-test-renderer/cjs/react-test-renderer.development.js:10326:9)
      at dispatchSetStateInternal (node_modules/react-test-renderer/cjs/react-test-renderer.development.js:4148:13)
      at dispatchSetState (node_modules/react-test-renderer/cjs/react-test-renderer.development.js:4107:7)
      at setChangingPin (hooks/__tests__/useAuth.test.js:413:24)
      at process.env.NODE_ENV.exports.act (node_modules/react/cjs/react.development.js:789:22)
      at Object.<anonymous> (hooks/__tests__/useAuth.test.js:407:10)

    console.error
      The current testing environment is not configured to support act(...)

      412 |         result.current.setSettingUpPin(true);
      413 |         result.current.setChangingPin(true);
    > 414 |         result.current.setShowPinEntry(true);
          |                        ^
      415 |         result.current.setPin('1234');
      416 |         result.current.setConfirmPin('1234');
      417 |         result.current.setPinError('error');

      at isConcurrentActEnvironment (node_modules/react-test-renderer/cjs/react-test-renderer.development.js:10243:17)
      at warnIfUpdatesNotWrappedWithActDEV (node_modules/react-test-renderer/cjs/react-test-renderer.development.js:11798:7)
      at scheduleUpdateOnFiber (node_modules/react-test-renderer/cjs/react-test-renderer.development.js:10326:9)
      at dispatchSetStateInternal (node_modules/react-test-renderer/cjs/react-test-renderer.development.js:4148:13)
      at dispatchSetState (node_modules/react-test-renderer/cjs/react-test-renderer.development.js:4107:7)
      at setShowPinEntry (hooks/__tests__/useAuth.test.js:414:24)
      at process.env.NODE_ENV.exports.act (node_modules/react/cjs/react.development.js:789:22)
      at Object.<anonymous> (hooks/__tests__/useAuth.test.js:407:10)

    console.error
      The current testing environment is not configured to support act(...)

      413 |         result.current.setChangingPin(true);
      414 |         result.current.setShowPinEntry(true);
    > 415 |         result.current.setPin('1234');
          |                        ^
      416 |         result.current.setConfirmPin('1234');
      417 |         result.current.setPinError('error');
      418 |         result.current.setPinStep('confirm');

      at isConcurrentActEnvironment (node_modules/react-test-renderer/cjs/react-test-renderer.development.js:10243:17)
      at warnIfUpdatesNotWrappedWithActDEV (node_modules/react-test-renderer/cjs/react-test-renderer.development.js:11798:7)
      at scheduleUpdateOnFiber (node_modules/react-test-renderer/cjs/react-test-renderer.development.js:10326:9)
      at dispatchSetStateInternal (node_modules/react-test-renderer/cjs/react-test-renderer.development.js:4148:13)
      at dispatchSetState (node_modules/react-test-renderer/cjs/react-test-renderer.development.js:4107:7)
      at setPin (hooks/__tests__/useAuth.test.js:415:24)
      at process.env.NODE_ENV.exports.act (node_modules/react/cjs/react.development.js:789:22)
      at Object.<anonymous> (hooks/__tests__/useAuth.test.js:407:10)

    console.error
      The current testing environment is not configured to support act(...)

      414 |         result.current.setShowPinEntry(true);
      415 |         result.current.setPin('1234');
    > 416 |         result.current.setConfirmPin('1234');
          |                        ^
      417 |         result.current.setPinError('error');
      418 |         result.current.setPinStep('confirm');
      419 |       });

      at isConcurrentActEnvironment (node_modules/react-test-renderer/cjs/react-test-renderer.development.js:10243:17)
      at warnIfUpdatesNotWrappedWithActDEV (node_modules/react-test-renderer/cjs/react-test-renderer.development.js:11798:7)
      at scheduleUpdateOnFiber (node_modules/react-test-renderer/cjs/react-test-renderer.development.js:10326:9)
      at dispatchSetStateInternal (node_modules/react-test-renderer/cjs/react-test-renderer.development.js:4148:13)
      at dispatchSetState (node_modules/react-test-renderer/cjs/react-test-renderer.development.js:4107:7)
      at setConfirmPin (hooks/__tests__/useAuth.test.js:416:24)
      at process.env.NODE_ENV.exports.act (node_modules/react/cjs/react.development.js:789:22)
      at Object.<anonymous> (hooks/__tests__/useAuth.test.js:407:10)

    console.error
      The current testing environment is not configured to support act(...)

      415 |         result.current.setPin('1234');
      416 |         result.current.setConfirmPin('1234');
    > 417 |         result.current.setPinError('error');
          |                        ^
      418 |         result.current.setPinStep('confirm');
      419 |       });
      420 |

      at isConcurrentActEnvironment (node_modules/react-test-renderer/cjs/react-test-renderer.development.js:10243:17)
      at warnIfUpdatesNotWrappedWithActDEV (node_modules/react-test-renderer/cjs/react-test-renderer.development.js:11798:7)
      at scheduleUpdateOnFiber (node_modules/react-test-renderer/cjs/react-test-renderer.development.js:10326:9)
      at dispatchSetStateInternal (node_modules/react-test-renderer/cjs/react-test-renderer.development.js:4148:13)
      at dispatchSetState (node_modules/react-test-renderer/cjs/react-test-renderer.development.js:4107:7)
      at setPinError (hooks/__tests__/useAuth.test.js:417:24)
      at process.env.NODE_ENV.exports.act (node_modules/react/cjs/react.development.js:789:22)
      at Object.<anonymous> (hooks/__tests__/useAuth.test.js:407:10)

    console.error
      The current testing environment is not configured to support act(...)

      416 |         result.current.setConfirmPin('1234');
      417 |         result.current.setPinError('error');
    > 418 |         result.current.setPinStep('confirm');
          |                        ^
      419 |       });
      420 |
      421 |       act(() => {

      at isConcurrentActEnvironment (node_modules/react-test-renderer/cjs/react-test-renderer.development.js:10243:17)
      at warnIfUpdatesNotWrappedWithActDEV (node_modules/react-test-renderer/cjs/react-test-renderer.development.js:11798:7)
      at scheduleUpdateOnFiber (node_modules/react-test-renderer/cjs/react-test-renderer.development.js:10326:9)
      at dispatchSetStateInternal (node_modules/react-test-renderer/cjs/react-test-renderer.development.js:4148:13)
      at dispatchSetState (node_modules/react-test-renderer/cjs/react-test-renderer.development.js:4107:7)
      at setPinStep (hooks/__tests__/useAuth.test.js:418:24)
      at process.env.NODE_ENV.exports.act (node_modules/react/cjs/react.development.js:789:22)
      at Object.<anonymous> (hooks/__tests__/useAuth.test.js:407:10)

    console.error
      The current testing environment is not configured to support act(...)

      159 |   // Reset auth state (for wallet deletion)
      160 |   const resetAuth = useCallback(() => {
    > 161 |     setIsAuthenticated(false);
          |     ^
      162 |     setBiometricEnabled(false);
      163 |     setShowFaceIdButton(true);
      164 |     setShowBiometricPrompt(false);

      at isConcurrentActEnvironment (node_modules/react-test-renderer/cjs/react-test-renderer.development.js:10243:17)
      at warnIfUpdatesNotWrappedWithActDEV (node_modules/react-test-renderer/cjs/react-test-renderer.development.js:11798:7)
      at scheduleUpdateOnFiber (node_modules/react-test-renderer/cjs/react-test-renderer.development.js:10326:9)
      at dispatchSetStateInternal (node_modules/react-test-renderer/cjs/react-test-renderer.development.js:4148:13)
      at dispatchSetState (node_modules/react-test-renderer/cjs/react-test-renderer.development.js:4107:7)
      at Object.setIsAuthenticated [as resetAuth] (hooks/useAuth.js:161:5)
      at resetAuth (hooks/__tests__/useAuth.test.js:422:24)
      at process.env.NODE_ENV.exports.act (node_modules/react/cjs/react.development.js:789:22)
      at Object.<anonymous> (hooks/__tests__/useAuth.test.js:421:10)

    console.error
      The current testing environment is not configured to support act(...)

      160 |   const resetAuth = useCallback(() => {
      161 |     setIsAuthenticated(false);
    > 162 |     setBiometricEnabled(false);
          |     ^
      163 |     setShowFaceIdButton(true);
      164 |     setShowBiometricPrompt(false);
      165 |     setSettingUpPin(false);

      at isConcurrentActEnvironment (node_modules/react-test-renderer/cjs/react-test-renderer.development.js:10243:17)
      at warnIfUpdatesNotWrappedWithActDEV (node_modules/react-test-renderer/cjs/react-test-renderer.development.js:11798:7)
      at scheduleUpdateOnFiber (node_modules/react-test-renderer/cjs/react-test-renderer.development.js:10326:9)
      at dispatchSetStateInternal (node_modules/react-test-renderer/cjs/react-test-renderer.development.js:4148:13)
      at dispatchSetState (node_modules/react-test-renderer/cjs/react-test-renderer.development.js:4107:7)
      at Object.setBiometricEnabled [as resetAuth] (hooks/useAuth.js:162:5)
      at resetAuth (hooks/__tests__/useAuth.test.js:422:24)
      at process.env.NODE_ENV.exports.act (node_modules/react/cjs/react.development.js:789:22)
      at Object.<anonymous> (hooks/__tests__/useAuth.test.js:421:10)

    console.error
      The current testing environment is not configured to support act(...)

      161 |     setIsAuthenticated(false);
      162 |     setBiometricEnabled(false);
    > 163 |     setShowFaceIdButton(true);
          |     ^
      164 |     setShowBiometricPrompt(false);
      165 |     setSettingUpPin(false);
      166 |     setChangingPin(false);

      at isConcurrentActEnvironment (node_modules/react-test-renderer/cjs/react-test-renderer.development.js:10243:17)
      at warnIfUpdatesNotWrappedWithActDEV (node_modules/react-test-renderer/cjs/react-test-renderer.development.js:11798:7)
      at scheduleUpdateOnFiber (node_modules/react-test-renderer/cjs/react-test-renderer.development.js:10326:9)
      at dispatchSetStateInternal (node_modules/react-test-renderer/cjs/react-test-renderer.development.js:4148:13)
      at dispatchSetState (node_modules/react-test-renderer/cjs/react-test-renderer.development.js:4107:7)
      at Object.setShowFaceIdButton [as resetAuth] (hooks/useAuth.js:163:5)
      at resetAuth (hooks/__tests__/useAuth.test.js:422:24)
      at process.env.NODE_ENV.exports.act (node_modules/react/cjs/react.development.js:789:22)
      at Object.<anonymous> (hooks/__tests__/useAuth.test.js:421:10)

    console.error
      The current testing environment is not configured to support act(...)

      162 |     setBiometricEnabled(false);
      163 |     setShowFaceIdButton(true);
    > 164 |     setShowBiometricPrompt(false);
          |     ^
      165 |     setSettingUpPin(false);
      166 |     setChangingPin(false);
      167 |     setShowPinEntry(false);

      at isConcurrentActEnvironment (node_modules/react-test-renderer/cjs/react-test-renderer.development.js:10243:17)
      at warnIfUpdatesNotWrappedWithActDEV (node_modules/react-test-renderer/cjs/react-test-renderer.development.js:11798:7)
      at scheduleUpdateOnFiber (node_modules/react-test-renderer/cjs/react-test-renderer.development.js:10326:9)
      at dispatchSetStateInternal (node_modules/react-test-renderer/cjs/react-test-renderer.development.js:4148:13)
      at dispatchSetState (node_modules/react-test-renderer/cjs/react-test-renderer.development.js:4107:7)
      at Object.setShowBiometricPrompt [as resetAuth] (hooks/useAuth.js:164:5)
      at resetAuth (hooks/__tests__/useAuth.test.js:422:24)
      at process.env.NODE_ENV.exports.act (node_modules/react/cjs/react.development.js:789:22)
      at Object.<anonymous> (hooks/__tests__/useAuth.test.js:421:10)

    console.error
      The current testing environment is not configured to support act(...)

      163 |     setShowFaceIdButton(true);
      164 |     setShowBiometricPrompt(false);
    > 165 |     setSettingUpPin(false);
          |     ^
      166 |     setChangingPin(false);
      167 |     setShowPinEntry(false);
      168 |     setPin('');

      at isConcurrentActEnvironment (node_modules/react-test-renderer/cjs/react-test-renderer.development.js:10243:17)
      at warnIfUpdatesNotWrappedWithActDEV (node_modules/react-test-renderer/cjs/react-test-renderer.development.js:11798:7)
      at scheduleUpdateOnFiber (node_modules/react-test-renderer/cjs/react-test-renderer.development.js:10326:9)
      at dispatchSetStateInternal (node_modules/react-test-renderer/cjs/react-test-renderer.development.js:4148:13)
      at dispatchSetState (node_modules/react-test-renderer/cjs/react-test-renderer.development.js:4107:7)
      at Object.setSettingUpPin [as resetAuth] (hooks/useAuth.js:165:5)
      at resetAuth (hooks/__tests__/useAuth.test.js:422:24)
      at process.env.NODE_ENV.exports.act (node_modules/react/cjs/react.development.js:789:22)
      at Object.<anonymous> (hooks/__tests__/useAuth.test.js:421:10)

    console.error
      The current testing environment is not configured to support act(...)

      164 |     setShowBiometricPrompt(false);
      165 |     setSettingUpPin(false);
    > 166 |     setChangingPin(false);
          |     ^
      167 |     setShowPinEntry(false);
      168 |     setPin('');
      169 |     setConfirmPin('');

      at isConcurrentActEnvironment (node_modules/react-test-renderer/cjs/react-test-renderer.development.js:10243:17)
      at warnIfUpdatesNotWrappedWithActDEV (node_modules/react-test-renderer/cjs/react-test-renderer.development.js:11798:7)
      at scheduleUpdateOnFiber (node_modules/react-test-renderer/cjs/react-test-renderer.development.js:10326:9)
      at dispatchSetStateInternal (node_modules/react-test-renderer/cjs/react-test-renderer.development.js:4148:13)
      at dispatchSetState (node_modules/react-test-renderer/cjs/react-test-renderer.development.js:4107:7)
      at Object.setChangingPin [as resetAuth] (hooks/useAuth.js:166:5)
      at resetAuth (hooks/__tests__/useAuth.test.js:422:24)
      at process.env.NODE_ENV.exports.act (node_modules/react/cjs/react.development.js:789:22)
      at Object.<anonymous> (hooks/__tests__/useAuth.test.js:421:10)

    console.error
      The current testing environment is not configured to support act(...)

      165 |     setSettingUpPin(false);
      166 |     setChangingPin(false);
    > 167 |     setShowPinEntry(false);
          |     ^
      168 |     setPin('');
      169 |     setConfirmPin('');
      170 |     setPinError('');

      at isConcurrentActEnvironment (node_modules/react-test-renderer/cjs/react-test-renderer.development.js:10243:17)
      at warnIfUpdatesNotWrappedWithActDEV (node_modules/react-test-renderer/cjs/react-test-renderer.development.js:11798:7)
      at scheduleUpdateOnFiber (node_modules/react-test-renderer/cjs/react-test-renderer.development.js:10326:9)
      at dispatchSetStateInternal (node_modules/react-test-renderer/cjs/react-test-renderer.development.js:4148:13)
      at dispatchSetState (node_modules/react-test-renderer/cjs/react-test-renderer.development.js:4107:7)
      at Object.setShowPinEntry [as resetAuth] (hooks/useAuth.js:167:5)
      at resetAuth (hooks/__tests__/useAuth.test.js:422:24)
      at process.env.NODE_ENV.exports.act (node_modules/react/cjs/react.development.js:789:22)
      at Object.<anonymous> (hooks/__tests__/useAuth.test.js:421:10)

    console.error
      The current testing environment is not configured to support act(...)

      166 |     setChangingPin(false);
      167 |     setShowPinEntry(false);
    > 168 |     setPin('');
          |     ^
      169 |     setConfirmPin('');
      170 |     setPinError('');
      171 |     setPinStep('enter');

      at isConcurrentActEnvironment (node_modules/react-test-renderer/cjs/react-test-renderer.development.js:10243:17)
      at warnIfUpdatesNotWrappedWithActDEV (node_modules/react-test-renderer/cjs/react-test-renderer.development.js:11798:7)
      at scheduleUpdateOnFiber (node_modules/react-test-renderer/cjs/react-test-renderer.development.js:10326:9)
      at dispatchSetStateInternal (node_modules/react-test-renderer/cjs/react-test-renderer.development.js:4148:13)
      at dispatchSetState (node_modules/react-test-renderer/cjs/react-test-renderer.development.js:4107:7)
      at Object.setPin [as resetAuth] (hooks/useAuth.js:168:5)
      at resetAuth (hooks/__tests__/useAuth.test.js:422:24)
      at process.env.NODE_ENV.exports.act (node_modules/react/cjs/react.development.js:789:22)
      at Object.<anonymous> (hooks/__tests__/useAuth.test.js:421:10)

    console.error
      The current testing environment is not configured to support act(...)

      167 |     setShowPinEntry(false);
      168 |     setPin('');
    > 169 |     setConfirmPin('');
          |     ^
      170 |     setPinError('');
      171 |     setPinStep('enter');
      172 |   }, []);

      at isConcurrentActEnvironment (node_modules/react-test-renderer/cjs/react-test-renderer.development.js:10243:17)
      at warnIfUpdatesNotWrappedWithActDEV (node_modules/react-test-renderer/cjs/react-test-renderer.development.js:11798:7)
      at scheduleUpdateOnFiber (node_modules/react-test-renderer/cjs/react-test-renderer.development.js:10326:9)
      at dispatchSetStateInternal (node_modules/react-test-renderer/cjs/react-test-renderer.development.js:4148:13)
      at dispatchSetState (node_modules/react-test-renderer/cjs/react-test-renderer.development.js:4107:7)
      at Object.setConfirmPin [as resetAuth] (hooks/useAuth.js:169:5)
      at resetAuth (hooks/__tests__/useAuth.test.js:422:24)
      at process.env.NODE_ENV.exports.act (node_modules/react/cjs/react.development.js:789:22)
      at Object.<anonymous> (hooks/__tests__/useAuth.test.js:421:10)

    console.error
      The current testing environment is not configured to support act(...)

      168 |     setPin('');
      169 |     setConfirmPin('');
    > 170 |     setPinError('');
          |     ^
      171 |     setPinStep('enter');
      172 |   }, []);
      173 |

      at isConcurrentActEnvironment (node_modules/react-test-renderer/cjs/react-test-renderer.development.js:10243:17)
      at warnIfUpdatesNotWrappedWithActDEV (node_modules/react-test-renderer/cjs/react-test-renderer.development.js:11798:7)
      at scheduleUpdateOnFiber (node_modules/react-test-renderer/cjs/react-test-renderer.development.js:10326:9)
      at dispatchSetStateInternal (node_modules/react-test-renderer/cjs/react-test-renderer.development.js:4148:13)
      at dispatchSetState (node_modules/react-test-renderer/cjs/react-test-renderer.development.js:4107:7)
      at Object.setPinError [as resetAuth] (hooks/useAuth.js:170:5)
      at resetAuth (hooks/__tests__/useAuth.test.js:422:24)
      at process.env.NODE_ENV.exports.act (node_modules/react/cjs/react.development.js:789:22)
      at Object.<anonymous> (hooks/__tests__/useAuth.test.js:421:10)

    console.error
      The current testing environment is not configured to support act(...)

      169 |     setConfirmPin('');
      170 |     setPinError('');
    > 171 |     setPinStep('enter');
          |     ^
      172 |   }, []);
      173 |
      174 |   // Start PIN change flow

      at isConcurrentActEnvironment (node_modules/react-test-renderer/cjs/react-test-renderer.development.js:10243:17)
      at warnIfUpdatesNotWrappedWithActDEV (node_modules/react-test-renderer/cjs/react-test-renderer.development.js:11798:7)
      at scheduleUpdateOnFiber (node_modules/react-test-renderer/cjs/react-test-renderer.development.js:10326:9)
      at dispatchSetStateInternal (node_modules/react-test-renderer/cjs/react-test-renderer.development.js:4148:13)
      at dispatchSetState (node_modules/react-test-renderer/cjs/react-test-renderer.development.js:4107:7)
      at Object.setPinStep [as resetAuth] (hooks/useAuth.js:171:5)
      at resetAuth (hooks/__tests__/useAuth.test.js:422:24)
      at process.env.NODE_ENV.exports.act (node_modules/react/cjs/react.development.js:789:22)
      at Object.<anonymous> (hooks/__tests__/useAuth.test.js:421:10)

    console.log
      [DEBUG] Passkey support check {
        supported: Promise {
          true,
          [Symbol(async_id_symbol)]: 18422,
          [Symbol(trigger_async_id_symbol)]: 18417,
          [Symbol(kResourceStore)]: undefined,
          [Symbol(kResourceStore)]: undefined,
          [Symbol(kResourceStore)]: 'useAuth Reset Auth should reset all auth state'
        }
      }

      at Object.log [as debug] (utils/logger.js:24:15)

    console.error
      react-test-renderer is deprecated. See https://react.dev/warnings/react-test-renderer

      35 |   let component;
      36 |   act(() => {
    > 37 |     component = create(<TestComponent hookProps={initialProps} />);
         |                       ^
      38 |   });
      39 |   return {
      40 |     result,

      at process.env.NODE_ENV.exports.create (node_modules/react-test-renderer/cjs/react-test-renderer.development.js:14598:17)
      at hooks/__tests__/useAuth.test.js:37:23
      at process.env.NODE_ENV.exports.act (node_modules/react/cjs/react.development.js:789:22)
      at renderHook (hooks/__tests__/useAuth.test.js:36:6)
      at Object.renderHook (hooks/__tests__/useAuth.test.js:441:26)

    console.error
      The current testing environment is not configured to support act(...)

      35 |   let component;
      36 |   act(() => {
    > 37 |     component = create(<TestComponent hookProps={initialProps} />);
         |                       ^
      38 |   });
      39 |   return {
      40 |     result,

      at isConcurrentActEnvironment (node_modules/react-test-renderer/cjs/react-test-renderer.development.js:10243:17)
      at warnIfUpdatesNotWrappedWithActDEV (node_modules/react-test-renderer/cjs/react-test-renderer.development.js:11798:7)
      at scheduleUpdateOnFiber (node_modules/react-test-renderer/cjs/react-test-renderer.development.js:10326:9)
      at updateContainerImpl (node_modules/react-test-renderer/cjs/react-test-renderer.development.js:12382:10)
      at updateContainer (node_modules/react-test-renderer/cjs/react-test-renderer.development.js:12326:7)
      at process.env.NODE_ENV.exports.create (node_modules/react-test-renderer/cjs/react-test-renderer.development.js:14630:7)
      at hooks/__tests__/useAuth.test.js:37:23
      at process.env.NODE_ENV.exports.act (node_modules/react/cjs/react.development.js:789:22)
      at renderHook (hooks/__tests__/useAuth.test.js:36:6)
      at Object.renderHook (hooks/__tests__/useAuth.test.js:441:26)

    console.error
      The current testing environment is not configured to support act(...)

      444 |
      445 |       act(() => {
    > 446 |         result.current.setPin('1234');
          |                        ^
      447 |       });
      448 |
      449 |       expect(result.current.pin).toBe('1234');

      at isConcurrentActEnvironment (node_modules/react-test-renderer/cjs/react-test-renderer.development.js:10243:17)
      at warnIfUpdatesNotWrappedWithActDEV (node_modules/react-test-renderer/cjs/react-test-renderer.development.js:11798:7)
      at scheduleUpdateOnFiber (node_modules/react-test-renderer/cjs/react-test-renderer.development.js:10326:9)
      at dispatchSetStateInternal (node_modules/react-test-renderer/cjs/react-test-renderer.development.js:4148:13)
      at dispatchSetState (node_modules/react-test-renderer/cjs/react-test-renderer.development.js:4107:7)
      at setPin (hooks/__tests__/useAuth.test.js:446:24)
      at process.env.NODE_ENV.exports.act (node_modules/react/cjs/react.development.js:789:22)
      at Object.<anonymous> (hooks/__tests__/useAuth.test.js:445:10)

    console.log
      [DEBUG] Passkey support check {
        supported: Promise {
          true,
          [Symbol(async_id_symbol)]: 18628,
          [Symbol(trigger_async_id_symbol)]: 18623,
          [Symbol(kResourceStore)]: undefined,
          [Symbol(kResourceStore)]: undefined,
          [Symbol(kResourceStore)]: 'useAuth PIN State Management should allow setting PIN'
        }
      }

      at Object.log [as debug] (utils/logger.js:24:15)

    console.error
      react-test-renderer is deprecated. See https://react.dev/warnings/react-test-renderer

      35 |   let component;
      36 |   act(() => {
    > 37 |     component = create(<TestComponent hookProps={initialProps} />);
         |                       ^
      38 |   });
      39 |   return {
      40 |     result,

      at process.env.NODE_ENV.exports.create (node_modules/react-test-renderer/cjs/react-test-renderer.development.js:14598:17)
      at hooks/__tests__/useAuth.test.js:37:23
      at process.env.NODE_ENV.exports.act (node_modules/react/cjs/react.development.js:789:22)
      at renderHook (hooks/__tests__/useAuth.test.js:36:6)
      at Object.renderHook (hooks/__tests__/useAuth.test.js:453:26)

    console.error
      The current testing environment is not configured to support act(...)

      35 |   let component;
      36 |   act(() => {
    > 37 |     component = create(<TestComponent hookProps={initialProps} />);
         |                       ^
      38 |   });
      39 |   return {
      40 |     result,

      at isConcurrentActEnvironment (node_modules/react-test-renderer/cjs/react-test-renderer.development.js:10243:17)
      at warnIfUpdatesNotWrappedWithActDEV (node_modules/react-test-renderer/cjs/react-test-renderer.development.js:11798:7)
      at scheduleUpdateOnFiber (node_modules/react-test-renderer/cjs/react-test-renderer.development.js:10326:9)
      at updateContainerImpl (node_modules/react-test-renderer/cjs/react-test-renderer.development.js:12382:10)
      at updateContainer (node_modules/react-test-renderer/cjs/react-test-renderer.development.js:12326:7)
      at process.env.NODE_ENV.exports.create (node_modules/react-test-renderer/cjs/react-test-renderer.development.js:14630:7)
      at hooks/__tests__/useAuth.test.js:37:23
      at process.env.NODE_ENV.exports.act (node_modules/react/cjs/react.development.js:789:22)
      at renderHook (hooks/__tests__/useAuth.test.js:36:6)
      at Object.renderHook (hooks/__tests__/useAuth.test.js:453:26)

    console.error
      The current testing environment is not configured to support act(...)

      456 |
      457 |       act(() => {
    > 458 |         result.current.setConfirmPin('1234');
          |                        ^
      459 |       });
      460 |
      461 |       expect(result.current.confirmPin).toBe('1234');

      at isConcurrentActEnvironment (node_modules/react-test-renderer/cjs/react-test-renderer.development.js:10243:17)
      at warnIfUpdatesNotWrappedWithActDEV (node_modules/react-test-renderer/cjs/react-test-renderer.development.js:11798:7)
      at scheduleUpdateOnFiber (node_modules/react-test-renderer/cjs/react-test-renderer.development.js:10326:9)
      at dispatchSetStateInternal (node_modules/react-test-renderer/cjs/react-test-renderer.development.js:4148:13)
      at dispatchSetState (node_modules/react-test-renderer/cjs/react-test-renderer.development.js:4107:7)
      at setConfirmPin (hooks/__tests__/useAuth.test.js:458:24)
      at process.env.NODE_ENV.exports.act (node_modules/react/cjs/react.development.js:789:22)
      at Object.<anonymous> (hooks/__tests__/useAuth.test.js:457:10)

    console.log
      [DEBUG] Passkey support check {
        supported: Promise {
          true,
          [Symbol(async_id_symbol)]: 18804,
          [Symbol(trigger_async_id_symbol)]: 18799,
          [Symbol(kResourceStore)]: undefined,
          [Symbol(kResourceStore)]: undefined,
          [Symbol(kResourceStore)]: 'useAuth PIN State Management should allow setting confirm PIN'
        }
      }

      at Object.log [as debug] (utils/logger.js:24:15)

    console.error
      react-test-renderer is deprecated. See https://react.dev/warnings/react-test-renderer

      35 |   let component;
      36 |   act(() => {
    > 37 |     component = create(<TestComponent hookProps={initialProps} />);
         |                       ^
      38 |   });
      39 |   return {
      40 |     result,

      at process.env.NODE_ENV.exports.create (node_modules/react-test-renderer/cjs/react-test-renderer.development.js:14598:17)
      at hooks/__tests__/useAuth.test.js:37:23
      at process.env.NODE_ENV.exports.act (node_modules/react/cjs/react.development.js:789:22)
      at renderHook (hooks/__tests__/useAuth.test.js:36:6)
      at Object.renderHook (hooks/__tests__/useAuth.test.js:465:26)

    console.error
      The current testing environment is not configured to support act(...)

      35 |   let component;
      36 |   act(() => {
    > 37 |     component = create(<TestComponent hookProps={initialProps} />);
         |                       ^
      38 |   });
      39 |   return {
      40 |     result,

      at isConcurrentActEnvironment (node_modules/react-test-renderer/cjs/react-test-renderer.development.js:10243:17)
      at warnIfUpdatesNotWrappedWithActDEV (node_modules/react-test-renderer/cjs/react-test-renderer.development.js:11798:7)
      at scheduleUpdateOnFiber (node_modules/react-test-renderer/cjs/react-test-renderer.development.js:10326:9)
      at updateContainerImpl (node_modules/react-test-renderer/cjs/react-test-renderer.development.js:12382:10)
      at updateContainer (node_modules/react-test-renderer/cjs/react-test-renderer.development.js:12326:7)
      at process.env.NODE_ENV.exports.create (node_modules/react-test-renderer/cjs/react-test-renderer.development.js:14630:7)
      at hooks/__tests__/useAuth.test.js:37:23
      at process.env.NODE_ENV.exports.act (node_modules/react/cjs/react.development.js:789:22)
      at renderHook (hooks/__tests__/useAuth.test.js:36:6)
      at Object.renderHook (hooks/__tests__/useAuth.test.js:465:26)

    console.error
      The current testing environment is not configured to support act(...)

      468 |
      469 |       act(() => {
    > 470 |         result.current.setPinError('PINs do not match');
          |                        ^
      471 |       });
      472 |
      473 |       expect(result.current.pinError).toBe('PINs do not match');

      at isConcurrentActEnvironment (node_modules/react-test-renderer/cjs/react-test-renderer.development.js:10243:17)
      at warnIfUpdatesNotWrappedWithActDEV (node_modules/react-test-renderer/cjs/react-test-renderer.development.js:11798:7)
      at scheduleUpdateOnFiber (node_modules/react-test-renderer/cjs/react-test-renderer.development.js:10326:9)
      at dispatchSetStateInternal (node_modules/react-test-renderer/cjs/react-test-renderer.development.js:4148:13)
      at dispatchSetState (node_modules/react-test-renderer/cjs/react-test-renderer.development.js:4107:7)
      at setPinError (hooks/__tests__/useAuth.test.js:470:24)
      at process.env.NODE_ENV.exports.act (node_modules/react/cjs/react.development.js:789:22)
      at Object.<anonymous> (hooks/__tests__/useAuth.test.js:469:10)

    console.log
      [DEBUG] Passkey support check {
        supported: Promise {
          true,
          [Symbol(async_id_symbol)]: 18980,
          [Symbol(trigger_async_id_symbol)]: 18975,
          [Symbol(kResourceStore)]: undefined,
          [Symbol(kResourceStore)]: undefined,
          [Symbol(kResourceStore)]: 'useAuth PIN State Management should allow setting PIN error'
        }
      }

      at Object.log [as debug] (utils/logger.js:24:15)

    console.error
      react-test-renderer is deprecated. See https://react.dev/warnings/react-test-renderer

      35 |   let component;
      36 |   act(() => {
    > 37 |     component = create(<TestComponent hookProps={initialProps} />);
         |                       ^
      38 |   });
      39 |   return {
      40 |     result,

      at process.env.NODE_ENV.exports.create (node_modules/react-test-renderer/cjs/react-test-renderer.development.js:14598:17)
      at hooks/__tests__/useAuth.test.js:37:23
      at process.env.NODE_ENV.exports.act (node_modules/react/cjs/react.development.js:789:22)
      at renderHook (hooks/__tests__/useAuth.test.js:36:6)
      at Object.renderHook (hooks/__tests__/useAuth.test.js:477:26)

    console.error
      The current testing environment is not configured to support act(...)

      35 |   let component;
      36 |   act(() => {
    > 37 |     component = create(<TestComponent hookProps={initialProps} />);
         |                       ^
      38 |   });
      39 |   return {
      40 |     result,

      at isConcurrentActEnvironment (node_modules/react-test-renderer/cjs/react-test-renderer.development.js:10243:17)
      at warnIfUpdatesNotWrappedWithActDEV (node_modules/react-test-renderer/cjs/react-test-renderer.development.js:11798:7)
      at scheduleUpdateOnFiber (node_modules/react-test-renderer/cjs/react-test-renderer.development.js:10326:9)
      at updateContainerImpl (node_modules/react-test-renderer/cjs/react-test-renderer.development.js:12382:10)
      at updateContainer (node_modules/react-test-renderer/cjs/react-test-renderer.development.js:12326:7)
      at process.env.NODE_ENV.exports.create (node_modules/react-test-renderer/cjs/react-test-renderer.development.js:14630:7)
      at hooks/__tests__/useAuth.test.js:37:23
      at process.env.NODE_ENV.exports.act (node_modules/react/cjs/react.development.js:789:22)
      at renderHook (hooks/__tests__/useAuth.test.js:36:6)
      at Object.renderHook (hooks/__tests__/useAuth.test.js:477:26)

    console.error
      The current testing environment is not configured to support act(...)

      480 |
      481 |       act(() => {
    > 482 |         result.current.setPinStep('confirm');
          |                        ^
      483 |       });
      484 |
      485 |       expect(result.current.pinStep).toBe('confirm');

      at isConcurrentActEnvironment (node_modules/react-test-renderer/cjs/react-test-renderer.development.js:10243:17)
      at warnIfUpdatesNotWrappedWithActDEV (node_modules/react-test-renderer/cjs/react-test-renderer.development.js:11798:7)
      at scheduleUpdateOnFiber (node_modules/react-test-renderer/cjs/react-test-renderer.development.js:10326:9)
      at dispatchSetStateInternal (node_modules/react-test-renderer/cjs/react-test-renderer.development.js:4148:13)
      at dispatchSetState (node_modules/react-test-renderer/cjs/react-test-renderer.development.js:4107:7)
      at setPinStep (hooks/__tests__/useAuth.test.js:482:24)
      at process.env.NODE_ENV.exports.act (node_modules/react/cjs/react.development.js:789:22)
      at Object.<anonymous> (hooks/__tests__/useAuth.test.js:481:10)

    console.log
      [DEBUG] Passkey support check {
        supported: Promise {
          true,
          [Symbol(async_id_symbol)]: 19156,
          [Symbol(trigger_async_id_symbol)]: 19151,
          [Symbol(kResourceStore)]: undefined,
          [Symbol(kResourceStore)]: undefined,
          [Symbol(kResourceStore)]: 'useAuth PIN State Management should allow setting PIN step'
        }
      }

      at Object.log [as debug] (utils/logger.js:24:15)

    console.error
      react-test-renderer is deprecated. See https://react.dev/warnings/react-test-renderer

      35 |   let component;
      36 |   act(() => {
    > 37 |     component = create(<TestComponent hookProps={initialProps} />);
         |                       ^
      38 |   });
      39 |   return {
      40 |     result,

      at process.env.NODE_ENV.exports.create (node_modules/react-test-renderer/cjs/react-test-renderer.development.js:14598:17)
      at hooks/__tests__/useAuth.test.js:37:23
      at process.env.NODE_ENV.exports.act (node_modules/react/cjs/react.development.js:789:22)
      at renderHook (hooks/__tests__/useAuth.test.js:36:6)
      at Object.renderHook (hooks/__tests__/useAuth.test.js:491:26)

    console.error
      The current testing environment is not configured to support act(...)

      35 |   let component;
      36 |   act(() => {
    > 37 |     component = create(<TestComponent hookProps={initialProps} />);
         |                       ^
      38 |   });
      39 |   return {
      40 |     result,

      at isConcurrentActEnvironment (node_modules/react-test-renderer/cjs/react-test-renderer.development.js:10243:17)
      at warnIfUpdatesNotWrappedWithActDEV (node_modules/react-test-renderer/cjs/react-test-renderer.development.js:11798:7)
      at scheduleUpdateOnFiber (node_modules/react-test-renderer/cjs/react-test-renderer.development.js:10326:9)
      at updateContainerImpl (node_modules/react-test-renderer/cjs/react-test-renderer.development.js:12382:10)
      at updateContainer (node_modules/react-test-renderer/cjs/react-test-renderer.development.js:12326:7)
      at process.env.NODE_ENV.exports.create (node_modules/react-test-renderer/cjs/react-test-renderer.development.js:14630:7)
      at hooks/__tests__/useAuth.test.js:37:23
      at process.env.NODE_ENV.exports.act (node_modules/react/cjs/react.development.js:789:22)
      at renderHook (hooks/__tests__/useAuth.test.js:36:6)
      at Object.renderHook (hooks/__tests__/useAuth.test.js:491:26)

    console.error
      The current testing environment is not configured to support act(...)

      494 |
      495 |       act(() => {
    > 496 |         result.current.setBiometricEnabled(true);
          |                        ^
      497 |       });
      498 |
      499 |       expect(result.current.biometricEnabled).toBe(true);

      at isConcurrentActEnvironment (node_modules/react-test-renderer/cjs/react-test-renderer.development.js:10243:17)
      at warnIfUpdatesNotWrappedWithActDEV (node_modules/react-test-renderer/cjs/react-test-renderer.development.js:11798:7)
      at scheduleUpdateOnFiber (node_modules/react-test-renderer/cjs/react-test-renderer.development.js:10326:9)
      at dispatchSetStateInternal (node_modules/react-test-renderer/cjs/react-test-renderer.development.js:4148:13)
      at dispatchSetState (node_modules/react-test-renderer/cjs/react-test-renderer.development.js:4107:7)
      at setBiometricEnabled (hooks/__tests__/useAuth.test.js:496:24)
      at process.env.NODE_ENV.exports.act (node_modules/react/cjs/react.development.js:789:22)
      at Object.<anonymous> (hooks/__tests__/useAuth.test.js:495:10)

    console.log
      [DEBUG] Passkey support check {
        supported: Promise {
          true,
          [Symbol(async_id_symbol)]: 19362,
          [Symbol(trigger_async_id_symbol)]: 19357,
          [Symbol(kResourceStore)]: undefined,
          [Symbol(kResourceStore)]: undefined,
          [Symbol(kResourceStore)]: 'useAuth Biometric State Management should allow enabling biometrics'
        }
      }

      at Object.log [as debug] (utils/logger.js:24:15)

    console.error
      react-test-renderer is deprecated. See https://react.dev/warnings/react-test-renderer

      35 |   let component;
      36 |   act(() => {
    > 37 |     component = create(<TestComponent hookProps={initialProps} />);
         |                       ^
      38 |   });
      39 |   return {
      40 |     result,

      at process.env.NODE_ENV.exports.create (node_modules/react-test-renderer/cjs/react-test-renderer.development.js:14598:17)
      at hooks/__tests__/useAuth.test.js:37:23
      at process.env.NODE_ENV.exports.act (node_modules/react/cjs/react.development.js:789:22)
      at renderHook (hooks/__tests__/useAuth.test.js:36:6)
      at Object.renderHook (hooks/__tests__/useAuth.test.js:503:26)

    console.error
      The current testing environment is not configured to support act(...)

      35 |   let component;
      36 |   act(() => {
    > 37 |     component = create(<TestComponent hookProps={initialProps} />);
         |                       ^
      38 |   });
      39 |   return {
      40 |     result,

      at isConcurrentActEnvironment (node_modules/react-test-renderer/cjs/react-test-renderer.development.js:10243:17)
      at warnIfUpdatesNotWrappedWithActDEV (node_modules/react-test-renderer/cjs/react-test-renderer.development.js:11798:7)
      at scheduleUpdateOnFiber (node_modules/react-test-renderer/cjs/react-test-renderer.development.js:10326:9)
      at updateContainerImpl (node_modules/react-test-renderer/cjs/react-test-renderer.development.js:12382:10)
      at updateContainer (node_modules/react-test-renderer/cjs/react-test-renderer.development.js:12326:7)
      at process.env.NODE_ENV.exports.create (node_modules/react-test-renderer/cjs/react-test-renderer.development.js:14630:7)
      at hooks/__tests__/useAuth.test.js:37:23
      at process.env.NODE_ENV.exports.act (node_modules/react/cjs/react.development.js:789:22)
      at renderHook (hooks/__tests__/useAuth.test.js:36:6)
      at Object.renderHook (hooks/__tests__/useAuth.test.js:503:26)

    console.error
      The current testing environment is not configured to support act(...)

      506 |
      507 |       act(() => {
    > 508 |         result.current.setShowBiometricPrompt(true);
          |                        ^
      509 |       });
      510 |
      511 |       expect(result.current.showBiometricPrompt).toBe(true);

      at isConcurrentActEnvironment (node_modules/react-test-renderer/cjs/react-test-renderer.development.js:10243:17)
      at warnIfUpdatesNotWrappedWithActDEV (node_modules/react-test-renderer/cjs/react-test-renderer.development.js:11798:7)
      at scheduleUpdateOnFiber (node_modules/react-test-renderer/cjs/react-test-renderer.development.js:10326:9)
      at dispatchSetStateInternal (node_modules/react-test-renderer/cjs/react-test-renderer.development.js:4148:13)
      at dispatchSetState (node_modules/react-test-renderer/cjs/react-test-renderer.development.js:4107:7)
      at setShowBiometricPrompt (hooks/__tests__/useAuth.test.js:508:24)
      at process.env.NODE_ENV.exports.act (node_modules/react/cjs/react.development.js:789:22)
      at Object.<anonymous> (hooks/__tests__/useAuth.test.js:507:10)

    console.log
      [DEBUG] Passkey support check {
        supported: Promise {
          true,
          [Symbol(async_id_symbol)]: 19538,
          [Symbol(trigger_async_id_symbol)]: 19533,
          [Symbol(kResourceStore)]: undefined,
          [Symbol(kResourceStore)]: undefined,
          [Symbol(kResourceStore)]: 'useAuth Biometric State Management should allow showing biometric prompt'
        }
      }

      at Object.log [as debug] (utils/logger.js:24:15)

    console.error
      react-test-renderer is deprecated. See https://react.dev/warnings/react-test-renderer

      35 |   let component;
      36 |   act(() => {
    > 37 |     component = create(<TestComponent hookProps={initialProps} />);
         |                       ^
      38 |   });
      39 |   return {
      40 |     result,

      at process.env.NODE_ENV.exports.create (node_modules/react-test-renderer/cjs/react-test-renderer.development.js:14598:17)
      at hooks/__tests__/useAuth.test.js:37:23
      at process.env.NODE_ENV.exports.act (node_modules/react/cjs/react.development.js:789:22)
      at renderHook (hooks/__tests__/useAuth.test.js:36:6)
      at Object.renderHook (hooks/__tests__/useAuth.test.js:515:26)

    console.error
      The current testing environment is not configured to support act(...)

      35 |   let component;
      36 |   act(() => {
    > 37 |     component = create(<TestComponent hookProps={initialProps} />);
         |                       ^
      38 |   });
      39 |   return {
      40 |     result,

      at isConcurrentActEnvironment (node_modules/react-test-renderer/cjs/react-test-renderer.development.js:10243:17)
      at warnIfUpdatesNotWrappedWithActDEV (node_modules/react-test-renderer/cjs/react-test-renderer.development.js:11798:7)
      at scheduleUpdateOnFiber (node_modules/react-test-renderer/cjs/react-test-renderer.development.js:10326:9)
      at updateContainerImpl (node_modules/react-test-renderer/cjs/react-test-renderer.development.js:12382:10)
      at updateContainer (node_modules/react-test-renderer/cjs/react-test-renderer.development.js:12326:7)
      at process.env.NODE_ENV.exports.create (node_modules/react-test-renderer/cjs/react-test-renderer.development.js:14630:7)
      at hooks/__tests__/useAuth.test.js:37:23
      at process.env.NODE_ENV.exports.act (node_modules/react/cjs/react.development.js:789:22)
      at renderHook (hooks/__tests__/useAuth.test.js:36:6)
      at Object.renderHook (hooks/__tests__/useAuth.test.js:515:26)

    console.error
      The current testing environment is not configured to support act(...)

      518 |
      519 |       act(() => {
    > 520 |         result.current.setShowFaceIdButton(false);
          |                        ^
      521 |       });
      522 |
      523 |       expect(result.current.showFaceIdButton).toBe(false);

      at isConcurrentActEnvironment (node_modules/react-test-renderer/cjs/react-test-renderer.development.js:10243:17)
      at warnIfUpdatesNotWrappedWithActDEV (node_modules/react-test-renderer/cjs/react-test-renderer.development.js:11798:7)
      at scheduleUpdateOnFiber (node_modules/react-test-renderer/cjs/react-test-renderer.development.js:10326:9)
      at dispatchSetStateInternal (node_modules/react-test-renderer/cjs/react-test-renderer.development.js:4148:13)
      at dispatchSetState (node_modules/react-test-renderer/cjs/react-test-renderer.development.js:4107:7)
      at setShowFaceIdButton (hooks/__tests__/useAuth.test.js:520:24)
      at process.env.NODE_ENV.exports.act (node_modules/react/cjs/react.development.js:789:22)
      at Object.<anonymous> (hooks/__tests__/useAuth.test.js:519:10)

    console.log
      [DEBUG] Passkey support check {
        supported: Promise {
          true,
          [Symbol(async_id_symbol)]: 19714,
          [Symbol(trigger_async_id_symbol)]: 19709,
          [Symbol(kResourceStore)]: undefined,
          [Symbol(kResourceStore)]: undefined,
          [Symbol(kResourceStore)]: 'useAuth Biometric State Management should allow hiding Face ID button'
        }
      }

      at Object.log [as debug] (utils/logger.js:24:15)

    console.error
      react-test-renderer is deprecated. See https://react.dev/warnings/react-test-renderer

      35 |   let component;
      36 |   act(() => {
    > 37 |     component = create(<TestComponent hookProps={initialProps} />);
         |                       ^
      38 |   });
      39 |   return {
      40 |     result,

      at process.env.NODE_ENV.exports.create (node_modules/react-test-renderer/cjs/react-test-renderer.development.js:14598:17)
      at hooks/__tests__/useAuth.test.js:37:23
      at process.env.NODE_ENV.exports.act (node_modules/react/cjs/react.development.js:789:22)
      at renderHook (hooks/__tests__/useAuth.test.js:36:6)
      at Object.renderHook (hooks/__tests__/useAuth.test.js:531:26)
      at asyncGeneratorStep (node_modules/@babel/runtime/helpers/asyncToGenerator.js:3:17)
      at _next (node_modules/@babel/runtime/helpers/asyncToGenerator.js:17:9)
      at node_modules/@babel/runtime/helpers/asyncToGenerator.js:22:7
      at Object.<anonymous> (node_modules/@babel/runtime/helpers/asyncToGenerator.js:14:12)

    console.error
      The current testing environment is not configured to support act(...)

      35 |   let component;
      36 |   act(() => {
    > 37 |     component = create(<TestComponent hookProps={initialProps} />);
         |                       ^
      38 |   });
      39 |   return {
      40 |     result,

      at isConcurrentActEnvironment (node_modules/react-test-renderer/cjs/react-test-renderer.development.js:10243:17)
      at warnIfUpdatesNotWrappedWithActDEV (node_modules/react-test-renderer/cjs/react-test-renderer.development.js:11798:7)
      at scheduleUpdateOnFiber (node_modules/react-test-renderer/cjs/react-test-renderer.development.js:10326:9)
      at updateContainerImpl (node_modules/react-test-renderer/cjs/react-test-renderer.development.js:12382:10)
      at updateContainer (node_modules/react-test-renderer/cjs/react-test-renderer.development.js:12326:7)
      at process.env.NODE_ENV.exports.create (node_modules/react-test-renderer/cjs/react-test-renderer.development.js:14630:7)
      at hooks/__tests__/useAuth.test.js:37:23
      at process.env.NODE_ENV.exports.act (node_modules/react/cjs/react.development.js:789:22)
      at renderHook (hooks/__tests__/useAuth.test.js:36:6)
      at Object.renderHook (hooks/__tests__/useAuth.test.js:531:26)
      at asyncGeneratorStep (node_modules/@babel/runtime/helpers/asyncToGenerator.js:3:17)
      at _next (node_modules/@babel/runtime/helpers/asyncToGenerator.js:17:9)
      at node_modules/@babel/runtime/helpers/asyncToGenerator.js:22:7
      at Object.<anonymous> (node_modules/@babel/runtime/helpers/asyncToGenerator.js:14:12)

    console.log
      [DEBUG] Passkey support check {
        supported: Promise {
          true,
          [Symbol(async_id_symbol)]: 19928,
          [Symbol(trigger_async_id_symbol)]: 19916,
          [Symbol(kResourceStore)]: undefined,
          [Symbol(kResourceStore)]: undefined,
          [Symbol(kResourceStore)]: 'useAuth Edge Cases should handle no biometric hardware'
        }
      }

      at Object.log [as debug] (utils/logger.js:24:15)

    console.error
      The current testing environment is not configured to support act(...)

      43 |
      44 |       const passkeySupported = await PasskeyService.isPasskeySupported();
    > 45 |       setIsPasskeySupported(passkeySupported);
         |       ^
      46 |     };
      47 |
      48 |     checkAuthSupport();

      at isConcurrentActEnvironment (node_modules/react-test-renderer/cjs/react-test-renderer.development.js:10243:17)
      at warnIfUpdatesNotWrappedWithActDEV (node_modules/react-test-renderer/cjs/react-test-renderer.development.js:11798:7)
      at scheduleUpdateOnFiber (node_modules/react-test-renderer/cjs/react-test-renderer.development.js:10326:9)
      at dispatchSetStateInternal (node_modules/react-test-renderer/cjs/react-test-renderer.development.js:4148:13)
      at dispatchSetState (node_modules/react-test-renderer/cjs/react-test-renderer.development.js:4107:7)
      at setIsPasskeySupported (hooks/useAuth.js:45:7)
      at asyncGeneratorStep (node_modules/@babel/runtime/helpers/asyncToGenerator.js:3:17)
      at _next (node_modules/@babel/runtime/helpers/asyncToGenerator.js:17:9)

    console.error
      react-test-renderer is deprecated. See https://react.dev/warnings/react-test-renderer

      35 |   let component;
      36 |   act(() => {
    > 37 |     component = create(<TestComponent hookProps={initialProps} />);
         |                       ^
      38 |   });
      39 |   return {
      40 |     result,

      at process.env.NODE_ENV.exports.create (node_modules/react-test-renderer/cjs/react-test-renderer.development.js:14598:17)
      at hooks/__tests__/useAuth.test.js:37:23
      at process.env.NODE_ENV.exports.act (node_modules/react/cjs/react.development.js:789:22)
      at renderHook (hooks/__tests__/useAuth.test.js:36:6)
      at Object.renderHook (hooks/__tests__/useAuth.test.js:545:26)
      at asyncGeneratorStep (node_modules/@babel/runtime/helpers/asyncToGenerator.js:3:17)
      at _next (node_modules/@babel/runtime/helpers/asyncToGenerator.js:17:9)
      at node_modules/@babel/runtime/helpers/asyncToGenerator.js:22:7
      at Object.<anonymous> (node_modules/@babel/runtime/helpers/asyncToGenerator.js:14:12)

    console.error
      The current testing environment is not configured to support act(...)

      35 |   let component;
      36 |   act(() => {
    > 37 |     component = create(<TestComponent hookProps={initialProps} />);
         |                       ^
      38 |   });
      39 |   return {
      40 |     result,

      at isConcurrentActEnvironment (node_modules/react-test-renderer/cjs/react-test-renderer.development.js:10243:17)
      at warnIfUpdatesNotWrappedWithActDEV (node_modules/react-test-renderer/cjs/react-test-renderer.development.js:11798:7)
      at scheduleUpdateOnFiber (node_modules/react-test-renderer/cjs/react-test-renderer.development.js:10326:9)
      at updateContainerImpl (node_modules/react-test-renderer/cjs/react-test-renderer.development.js:12382:10)
      at updateContainer (node_modules/react-test-renderer/cjs/react-test-renderer.development.js:12326:7)
      at process.env.NODE_ENV.exports.create (node_modules/react-test-renderer/cjs/react-test-renderer.development.js:14630:7)
      at hooks/__tests__/useAuth.test.js:37:23
      at process.env.NODE_ENV.exports.act (node_modules/react/cjs/react.development.js:789:22)
      at renderHook (hooks/__tests__/useAuth.test.js:36:6)
      at Object.renderHook (hooks/__tests__/useAuth.test.js:545:26)
      at asyncGeneratorStep (node_modules/@babel/runtime/helpers/asyncToGenerator.js:3:17)
      at _next (node_modules/@babel/runtime/helpers/asyncToGenerator.js:17:9)
      at node_modules/@babel/runtime/helpers/asyncToGenerator.js:22:7
      at Object.<anonymous> (node_modules/@babel/runtime/helpers/asyncToGenerator.js:14:12)

    console.error
      The current testing environment is not configured to support act(...)

      548 |
      549 |       act(() => {
    > 550 |         result.current.setBiometricEnabled(true);
          |                        ^
      551 |       });
      552 |
      553 |       await act(async () => {

      at isConcurrentActEnvironment (node_modules/react-test-renderer/cjs/react-test-renderer.development.js:10243:17)
      at warnIfUpdatesNotWrappedWithActDEV (node_modules/react-test-renderer/cjs/react-test-renderer.development.js:11798:7)
      at scheduleUpdateOnFiber (node_modules/react-test-renderer/cjs/react-test-renderer.development.js:10326:9)
      at dispatchSetStateInternal (node_modules/react-test-renderer/cjs/react-test-renderer.development.js:4148:13)
      at dispatchSetState (node_modules/react-test-renderer/cjs/react-test-renderer.development.js:4107:7)
      at setBiometricEnabled (hooks/__tests__/useAuth.test.js:550:24)
      at process.env.NODE_ENV.exports.act (node_modules/react/cjs/react.development.js:789:22)
      at Object.<anonymous> (hooks/__tests__/useAuth.test.js:549:10)
      at asyncGeneratorStep (node_modules/@babel/runtime/helpers/asyncToGenerator.js:3:17)
      at _next (node_modules/@babel/runtime/helpers/asyncToGenerator.js:17:9)
      at node_modules/@babel/runtime/helpers/asyncToGenerator.js:22:7
      at Object.<anonymous> (node_modules/@babel/runtime/helpers/asyncToGenerator.js:14:12)

    console.error
      The current testing environment is not configured to support act(...)

      40 |     const checkAuthSupport = async () => {
      41 |       const compatible = await LocalAuthentication.hasHardwareAsync();
    > 42 |       setIsBiometricSupported(compatible);
         |       ^
      43 |
      44 |       const passkeySupported = await PasskeyService.isPasskeySupported();
      45 |       setIsPasskeySupported(passkeySupported);

      at isConcurrentActEnvironment (node_modules/react-test-renderer/cjs/react-test-renderer.development.js:10243:17)
      at warnIfUpdatesNotWrappedWithActDEV (node_modules/react-test-renderer/cjs/react-test-renderer.development.js:11798:7)
      at scheduleUpdateOnFiber (node_modules/react-test-renderer/cjs/react-test-renderer.development.js:10326:9)
      at dispatchSetStateInternal (node_modules/react-test-renderer/cjs/react-test-renderer.development.js:4148:13)
      at dispatchSetState (node_modules/react-test-renderer/cjs/react-test-renderer.development.js:4107:7)
      at setIsBiometricSupported (hooks/useAuth.js:42:7)
      at asyncGeneratorStep (node_modules/@babel/runtime/helpers/asyncToGenerator.js:3:17)
      at _next (node_modules/@babel/runtime/helpers/asyncToGenerator.js:17:9)

    console.log
      [DEBUG] Passkey support check {
        supported: Promise {
          true,
          [Symbol(async_id_symbol)]: 20120,
          [Symbol(trigger_async_id_symbol)]: 20106,
          [Symbol(kResourceStore)]: undefined,
          [Symbol(kResourceStore)]: undefined,
          [Symbol(kResourceStore)]: 'useAuth Edge Cases should handle biometric authentication cancellation'
        }
      }

      at Object.log [as debug] (utils/logger.js:24:15)

    console.error
      The current testing environment is not configured to support act(...)

      43 |
      44 |       const passkeySupported = await PasskeyService.isPasskeySupported();
    > 45 |       setIsPasskeySupported(passkeySupported);
         |       ^
      46 |     };
      47 |
      48 |     checkAuthSupport();

      at isConcurrentActEnvironment (node_modules/react-test-renderer/cjs/react-test-renderer.development.js:10243:17)
      at warnIfUpdatesNotWrappedWithActDEV (node_modules/react-test-renderer/cjs/react-test-renderer.development.js:11798:7)
      at scheduleUpdateOnFiber (node_modules/react-test-renderer/cjs/react-test-renderer.development.js:10326:9)
      at dispatchSetStateInternal (node_modules/react-test-renderer/cjs/react-test-renderer.development.js:4148:13)
      at dispatchSetState (node_modules/react-test-renderer/cjs/react-test-renderer.development.js:4107:7)
      at setIsPasskeySupported (hooks/useAuth.js:45:7)
      at asyncGeneratorStep (node_modules/@babel/runtime/helpers/asyncToGenerator.js:3:17)
      at _next (node_modules/@babel/runtime/helpers/asyncToGenerator.js:17:9)

PASS hooks/__tests__/useWalletCreation.test.js
  ● Console

    console.error
      react-test-renderer is deprecated. See https://react.dev/warnings/react-test-renderer

      38 |   let component;
      39 |   act(() => {
    > 40 |     component = create(<TestComponent hookProps={initialProps} />);
         |                       ^
      41 |   });
      42 |   return {
      43 |     result,

      at process.env.NODE_ENV.exports.create (node_modules/react-test-renderer/cjs/react-test-renderer.development.js:14598:17)
      at hooks/__tests__/useWalletCreation.test.js:40:23
      at process.env.NODE_ENV.exports.act (node_modules/react/cjs/react.development.js:789:22)
      at renderHook (hooks/__tests__/useWalletCreation.test.js:39:6)
      at Object.renderHook (hooks/__tests__/useWalletCreation.test.js:85:26)
      at asyncGeneratorStep (node_modules/@babel/runtime/helpers/asyncToGenerator.js:3:17)
      at _next (node_modules/@babel/runtime/helpers/asyncToGenerator.js:17:9)
      at node_modules/@babel/runtime/helpers/asyncToGenerator.js:22:7
      at Object.<anonymous> (node_modules/@babel/runtime/helpers/asyncToGenerator.js:14:12)

    console.error
      The current testing environment is not configured to support act(...)

      38 |   let component;
      39 |   act(() => {
    > 40 |     component = create(<TestComponent hookProps={initialProps} />);
         |                       ^
      41 |   });
      42 |   return {
      43 |     result,

      at isConcurrentActEnvironment (node_modules/react-test-renderer/cjs/react-test-renderer.development.js:10243:17)
      at warnIfUpdatesNotWrappedWithActDEV (node_modules/react-test-renderer/cjs/react-test-renderer.development.js:11798:7)
      at scheduleUpdateOnFiber (node_modules/react-test-renderer/cjs/react-test-renderer.development.js:10326:9)
      at updateContainerImpl (node_modules/react-test-renderer/cjs/react-test-renderer.development.js:12382:10)
      at updateContainer (node_modules/react-test-renderer/cjs/react-test-renderer.development.js:12326:7)
      at process.env.NODE_ENV.exports.create (node_modules/react-test-renderer/cjs/react-test-renderer.development.js:14630:7)
      at hooks/__tests__/useWalletCreation.test.js:40:23
      at process.env.NODE_ENV.exports.act (node_modules/react/cjs/react.development.js:789:22)
      at renderHook (hooks/__tests__/useWalletCreation.test.js:39:6)
      at Object.renderHook (hooks/__tests__/useWalletCreation.test.js:85:26)
      at asyncGeneratorStep (node_modules/@babel/runtime/helpers/asyncToGenerator.js:3:17)
      at _next (node_modules/@babel/runtime/helpers/asyncToGenerator.js:17:9)
      at node_modules/@babel/runtime/helpers/asyncToGenerator.js:22:7
      at Object.<anonymous> (node_modules/@babel/runtime/helpers/asyncToGenerator.js:14:12)

    console.error
      The current testing environment is not configured to support act(...)

      49 |         // Silently fail - state will be empty on first run
      50 |       } finally {
    > 51 |         setStateLoaded(true);
         |         ^
      52 |       }
      53 |     };
      54 |

      at isConcurrentActEnvironment (node_modules/react-test-renderer/cjs/react-test-renderer.development.js:10243:17)
      at warnIfUpdatesNotWrappedWithActDEV (node_modules/react-test-renderer/cjs/react-test-renderer.development.js:11798:7)
      at scheduleUpdateOnFiber (node_modules/react-test-renderer/cjs/react-test-renderer.development.js:10326:9)
      at dispatchSetStateInternal (node_modules/react-test-renderer/cjs/react-test-renderer.development.js:4148:13)
      at dispatchSetState (node_modules/react-test-renderer/cjs/react-test-renderer.development.js:4107:7)
      at setStateLoaded (hooks/useWalletCreation.js:51:9)
      at asyncGeneratorStep (node_modules/@babel/runtime/helpers/asyncToGenerator.js:3:17)
      at _next (node_modules/@babel/runtime/helpers/asyncToGenerator.js:17:9)

    console.error
      react-test-renderer is deprecated. See https://react.dev/warnings/react-test-renderer

      38 |   let component;
      39 |   act(() => {
    > 40 |     component = create(<TestComponent hookProps={initialProps} />);
         |                       ^
      41 |   });
      42 |   return {
      43 |     result,

      at process.env.NODE_ENV.exports.create (node_modules/react-test-renderer/cjs/react-test-renderer.development.js:14598:17)
      at hooks/__tests__/useWalletCreation.test.js:40:23
      at process.env.NODE_ENV.exports.act (node_modules/react/cjs/react.development.js:789:22)
      at renderHook (hooks/__tests__/useWalletCreation.test.js:39:6)
      at Object.renderHook (hooks/__tests__/useWalletCreation.test.js:97:26)
      at asyncGeneratorStep (node_modules/@babel/runtime/helpers/asyncToGenerator.js:3:17)
      at _next (node_modules/@babel/runtime/helpers/asyncToGenerator.js:17:9)
      at node_modules/@babel/runtime/helpers/asyncToGenerator.js:22:7
      at Object.<anonymous> (node_modules/@babel/runtime/helpers/asyncToGenerator.js:14:12)

    console.error
      The current testing environment is not configured to support act(...)

      38 |   let component;
      39 |   act(() => {
    > 40 |     component = create(<TestComponent hookProps={initialProps} />);
         |                       ^
      41 |   });
      42 |   return {
      43 |     result,

      at isConcurrentActEnvironment (node_modules/react-test-renderer/cjs/react-test-renderer.development.js:10243:17)
      at warnIfUpdatesNotWrappedWithActDEV (node_modules/react-test-renderer/cjs/react-test-renderer.development.js:11798:7)
      at scheduleUpdateOnFiber (node_modules/react-test-renderer/cjs/react-test-renderer.development.js:10326:9)
      at updateContainerImpl (node_modules/react-test-renderer/cjs/react-test-renderer.development.js:12382:10)
      at updateContainer (node_modules/react-test-renderer/cjs/react-test-renderer.development.js:12326:7)
      at process.env.NODE_ENV.exports.create (node_modules/react-test-renderer/cjs/react-test-renderer.development.js:14630:7)
      at hooks/__tests__/useWalletCreation.test.js:40:23
      at process.env.NODE_ENV.exports.act (node_modules/react/cjs/react.development.js:789:22)
      at renderHook (hooks/__tests__/useWalletCreation.test.js:39:6)
      at Object.renderHook (hooks/__tests__/useWalletCreation.test.js:97:26)
      at asyncGeneratorStep (node_modules/@babel/runtime/helpers/asyncToGenerator.js:3:17)
      at _next (node_modules/@babel/runtime/helpers/asyncToGenerator.js:17:9)
      at node_modules/@babel/runtime/helpers/asyncToGenerator.js:22:7
      at Object.<anonymous> (node_modules/@babel/runtime/helpers/asyncToGenerator.js:14:12)

    console.error
      The current testing environment is not configured to support act(...)

      49 |         // Silently fail - state will be empty on first run
      50 |       } finally {
    > 51 |         setStateLoaded(true);
         |         ^
      52 |       }
      53 |     };
      54 |

      at isConcurrentActEnvironment (node_modules/react-test-renderer/cjs/react-test-renderer.development.js:10243:17)
      at warnIfUpdatesNotWrappedWithActDEV (node_modules/react-test-renderer/cjs/react-test-renderer.development.js:11798:7)
      at scheduleUpdateOnFiber (node_modules/react-test-renderer/cjs/react-test-renderer.development.js:10326:9)
      at dispatchSetStateInternal (node_modules/react-test-renderer/cjs/react-test-renderer.development.js:4148:13)
      at dispatchSetState (node_modules/react-test-renderer/cjs/react-test-renderer.development.js:4107:7)
      at setStateLoaded (hooks/useWalletCreation.js:51:9)
      at asyncGeneratorStep (node_modules/@babel/runtime/helpers/asyncToGenerator.js:3:17)
      at _next (node_modules/@babel/runtime/helpers/asyncToGenerator.js:17:9)

    console.error
      react-test-renderer is deprecated. See https://react.dev/warnings/react-test-renderer

      38 |   let component;
      39 |   act(() => {
    > 40 |     component = create(<TestComponent hookProps={initialProps} />);
         |                       ^
      41 |   });
      42 |   return {
      43 |     result,

      at process.env.NODE_ENV.exports.create (node_modules/react-test-renderer/cjs/react-test-renderer.development.js:14598:17)
      at hooks/__tests__/useWalletCreation.test.js:40:23
      at process.env.NODE_ENV.exports.act (node_modules/react/cjs/react.development.js:789:22)
      at renderHook (hooks/__tests__/useWalletCreation.test.js:39:6)
      at Object.renderHook (hooks/__tests__/useWalletCreation.test.js:118:26)
      at asyncGeneratorStep (node_modules/@babel/runtime/helpers/asyncToGenerator.js:3:17)
      at _next (node_modules/@babel/runtime/helpers/asyncToGenerator.js:17:9)
      at node_modules/@babel/runtime/helpers/asyncToGenerator.js:22:7
      at Object.<anonymous> (node_modules/@babel/runtime/helpers/asyncToGenerator.js:14:12)

    console.error
      The current testing environment is not configured to support act(...)

      38 |   let component;
      39 |   act(() => {
    > 40 |     component = create(<TestComponent hookProps={initialProps} />);
         |                       ^
      41 |   });
      42 |   return {
      43 |     result,

      at isConcurrentActEnvironment (node_modules/react-test-renderer/cjs/react-test-renderer.development.js:10243:17)
      at warnIfUpdatesNotWrappedWithActDEV (node_modules/react-test-renderer/cjs/react-test-renderer.development.js:11798:7)
      at scheduleUpdateOnFiber (node_modules/react-test-renderer/cjs/react-test-renderer.development.js:10326:9)
      at updateContainerImpl (node_modules/react-test-renderer/cjs/react-test-renderer.development.js:12382:10)
      at updateContainer (node_modules/react-test-renderer/cjs/react-test-renderer.development.js:12326:7)
      at process.env.NODE_ENV.exports.create (node_modules/react-test-renderer/cjs/react-test-renderer.development.js:14630:7)
      at hooks/__tests__/useWalletCreation.test.js:40:23
      at process.env.NODE_ENV.exports.act (node_modules/react/cjs/react.development.js:789:22)
      at renderHook (hooks/__tests__/useWalletCreation.test.js:39:6)
      at Object.renderHook (hooks/__tests__/useWalletCreation.test.js:118:26)
      at asyncGeneratorStep (node_modules/@babel/runtime/helpers/asyncToGenerator.js:3:17)
      at _next (node_modules/@babel/runtime/helpers/asyncToGenerator.js:17:9)
      at node_modules/@babel/runtime/helpers/asyncToGenerator.js:22:7
      at Object.<anonymous> (node_modules/@babel/runtime/helpers/asyncToGenerator.js:14:12)

    console.error
      The current testing environment is not configured to support act(...)

      41 |           const state = JSON.parse(savedState);
      42 |
    > 43 |           if (state.tempMnemonicWords) setTempMnemonicWords(state.tempMnemonicWords);
         |                                        ^
      44 |           if (state.tempMnemonic) setTempMnemonic(state.tempMnemonic);
      45 |           if (state.showingIntro !== undefined) setShowingIntro(state.showingIntro);
      46 |           if (state.showingSeeds !== undefined) setShowingSeeds(state.showingSeeds);

      at isConcurrentActEnvironment (node_modules/react-test-renderer/cjs/react-test-renderer.development.js:10243:17)
      at warnIfUpdatesNotWrappedWithActDEV (node_modules/react-test-renderer/cjs/react-test-renderer.development.js:11798:7)
      at scheduleUpdateOnFiber (node_modules/react-test-renderer/cjs/react-test-renderer.development.js:10326:9)
      at dispatchSetStateInternal (node_modules/react-test-renderer/cjs/react-test-renderer.development.js:4148:13)
      at dispatchSetState (node_modules/react-test-renderer/cjs/react-test-renderer.development.js:4107:7)
      at setTempMnemonicWords (hooks/useWalletCreation.js:43:40)
      at asyncGeneratorStep (node_modules/@babel/runtime/helpers/asyncToGenerator.js:3:17)
      at _next (node_modules/@babel/runtime/helpers/asyncToGenerator.js:17:9)

    console.error
      The current testing environment is not configured to support act(...)

      42 |
      43 |           if (state.tempMnemonicWords) setTempMnemonicWords(state.tempMnemonicWords);
    > 44 |           if (state.tempMnemonic) setTempMnemonic(state.tempMnemonic);
         |                                   ^
      45 |           if (state.showingIntro !== undefined) setShowingIntro(state.showingIntro);
      46 |           if (state.showingSeeds !== undefined) setShowingSeeds(state.showingSeeds);
      47 |         }

      at isConcurrentActEnvironment (node_modules/react-test-renderer/cjs/react-test-renderer.development.js:10243:17)
      at warnIfUpdatesNotWrappedWithActDEV (node_modules/react-test-renderer/cjs/react-test-renderer.development.js:11798:7)
      at scheduleUpdateOnFiber (node_modules/react-test-renderer/cjs/react-test-renderer.development.js:10326:9)
      at dispatchSetStateInternal (node_modules/react-test-renderer/cjs/react-test-renderer.development.js:4148:13)
      at dispatchSetState (node_modules/react-test-renderer/cjs/react-test-renderer.development.js:4107:7)
      at setTempMnemonic (hooks/useWalletCreation.js:44:35)
      at asyncGeneratorStep (node_modules/@babel/runtime/helpers/asyncToGenerator.js:3:17)
      at _next (node_modules/@babel/runtime/helpers/asyncToGenerator.js:17:9)

    console.error
      The current testing environment is not configured to support act(...)

      43 |           if (state.tempMnemonicWords) setTempMnemonicWords(state.tempMnemonicWords);
      44 |           if (state.tempMnemonic) setTempMnemonic(state.tempMnemonic);
    > 45 |           if (state.showingIntro !== undefined) setShowingIntro(state.showingIntro);
         |                                                 ^
      46 |           if (state.showingSeeds !== undefined) setShowingSeeds(state.showingSeeds);
      47 |         }
      48 |       } catch (error) {

      at isConcurrentActEnvironment (node_modules/react-test-renderer/cjs/react-test-renderer.development.js:10243:17)
      at warnIfUpdatesNotWrappedWithActDEV (node_modules/react-test-renderer/cjs/react-test-renderer.development.js:11798:7)
      at scheduleUpdateOnFiber (node_modules/react-test-renderer/cjs/react-test-renderer.development.js:10326:9)
      at dispatchSetStateInternal (node_modules/react-test-renderer/cjs/react-test-renderer.development.js:4148:13)
      at dispatchSetState (node_modules/react-test-renderer/cjs/react-test-renderer.development.js:4107:7)
      at setShowingIntro (hooks/useWalletCreation.js:45:49)
      at asyncGeneratorStep (node_modules/@babel/runtime/helpers/asyncToGenerator.js:3:17)
      at _next (node_modules/@babel/runtime/helpers/asyncToGenerator.js:17:9)

    console.error
      The current testing environment is not configured to support act(...)

      44 |           if (state.tempMnemonic) setTempMnemonic(state.tempMnemonic);
      45 |           if (state.showingIntro !== undefined) setShowingIntro(state.showingIntro);
    > 46 |           if (state.showingSeeds !== undefined) setShowingSeeds(state.showingSeeds);
         |                                                 ^
      47 |         }
      48 |       } catch (error) {
      49 |         // Silently fail - state will be empty on first run

      at isConcurrentActEnvironment (node_modules/react-test-renderer/cjs/react-test-renderer.development.js:10243:17)
      at warnIfUpdatesNotWrappedWithActDEV (node_modules/react-test-renderer/cjs/react-test-renderer.development.js:11798:7)
      at scheduleUpdateOnFiber (node_modules/react-test-renderer/cjs/react-test-renderer.development.js:10326:9)
      at dispatchSetStateInternal (node_modules/react-test-renderer/cjs/react-test-renderer.development.js:4148:13)
      at dispatchSetState (node_modules/react-test-renderer/cjs/react-test-renderer.development.js:4107:7)
      at setShowingSeeds (hooks/useWalletCreation.js:46:49)
      at asyncGeneratorStep (node_modules/@babel/runtime/helpers/asyncToGenerator.js:3:17)
      at _next (node_modules/@babel/runtime/helpers/asyncToGenerator.js:17:9)

    console.error
      The current testing environment is not configured to support act(...)

      49 |         // Silently fail - state will be empty on first run
      50 |       } finally {
    > 51 |         setStateLoaded(true);
         |         ^
      52 |       }
      53 |     };
      54 |

      at isConcurrentActEnvironment (node_modules/react-test-renderer/cjs/react-test-renderer.development.js:10243:17)
      at warnIfUpdatesNotWrappedWithActDEV (node_modules/react-test-renderer/cjs/react-test-renderer.development.js:11798:7)
      at scheduleUpdateOnFiber (node_modules/react-test-renderer/cjs/react-test-renderer.development.js:10326:9)
      at dispatchSetStateInternal (node_modules/react-test-renderer/cjs/react-test-renderer.development.js:4148:13)
      at dispatchSetState (node_modules/react-test-renderer/cjs/react-test-renderer.development.js:4107:7)
      at setStateLoaded (hooks/useWalletCreation.js:51:9)
      at asyncGeneratorStep (node_modules/@babel/runtime/helpers/asyncToGenerator.js:3:17)
      at _next (node_modules/@babel/runtime/helpers/asyncToGenerator.js:17:9)

    console.error
      react-test-renderer is deprecated. See https://react.dev/warnings/react-test-renderer

      38 |   let component;
      39 |   act(() => {
    > 40 |     component = create(<TestComponent hookProps={initialProps} />);
         |                       ^
      41 |   });
      42 |   return {
      43 |     result,

      at process.env.NODE_ENV.exports.create (node_modules/react-test-renderer/cjs/react-test-renderer.development.js:14598:17)
      at hooks/__tests__/useWalletCreation.test.js:40:23
      at process.env.NODE_ENV.exports.act (node_modules/react/cjs/react.development.js:789:22)
      at renderHook (hooks/__tests__/useWalletCreation.test.js:39:6)
      at Object.renderHook (hooks/__tests__/useWalletCreation.test.js:133:26)
      at asyncGeneratorStep (node_modules/@babel/runtime/helpers/asyncToGenerator.js:3:17)
      at _next (node_modules/@babel/runtime/helpers/asyncToGenerator.js:17:9)
      at node_modules/@babel/runtime/helpers/asyncToGenerator.js:22:7
      at Object.<anonymous> (node_modules/@babel/runtime/helpers/asyncToGenerator.js:14:12)

    console.error
      The current testing environment is not configured to support act(...)

      38 |   let component;
      39 |   act(() => {
    > 40 |     component = create(<TestComponent hookProps={initialProps} />);
         |                       ^
      41 |   });
      42 |   return {
      43 |     result,

      at isConcurrentActEnvironment (node_modules/react-test-renderer/cjs/react-test-renderer.development.js:10243:17)
      at warnIfUpdatesNotWrappedWithActDEV (node_modules/react-test-renderer/cjs/react-test-renderer.development.js:11798:7)
      at scheduleUpdateOnFiber (node_modules/react-test-renderer/cjs/react-test-renderer.development.js:10326:9)
      at updateContainerImpl (node_modules/react-test-renderer/cjs/react-test-renderer.development.js:12382:10)
      at updateContainer (node_modules/react-test-renderer/cjs/react-test-renderer.development.js:12326:7)
      at process.env.NODE_ENV.exports.create (node_modules/react-test-renderer/cjs/react-test-renderer.development.js:14630:7)
      at hooks/__tests__/useWalletCreation.test.js:40:23
      at process.env.NODE_ENV.exports.act (node_modules/react/cjs/react.development.js:789:22)
      at renderHook (hooks/__tests__/useWalletCreation.test.js:39:6)
      at Object.renderHook (hooks/__tests__/useWalletCreation.test.js:133:26)
      at asyncGeneratorStep (node_modules/@babel/runtime/helpers/asyncToGenerator.js:3:17)
      at _next (node_modules/@babel/runtime/helpers/asyncToGenerator.js:17:9)
      at node_modules/@babel/runtime/helpers/asyncToGenerator.js:22:7
      at Object.<anonymous> (node_modules/@babel/runtime/helpers/asyncToGenerator.js:14:12)

    console.error
      The current testing environment is not configured to support act(...)

      49 |         // Silently fail - state will be empty on first run
      50 |       } finally {
    > 51 |         setStateLoaded(true);
         |         ^
      52 |       }
      53 |     };
      54 |

      at isConcurrentActEnvironment (node_modules/react-test-renderer/cjs/react-test-renderer.development.js:10243:17)
      at warnIfUpdatesNotWrappedWithActDEV (node_modules/react-test-renderer/cjs/react-test-renderer.development.js:11798:7)
      at scheduleUpdateOnFiber (node_modules/react-test-renderer/cjs/react-test-renderer.development.js:10326:9)
      at dispatchSetStateInternal (node_modules/react-test-renderer/cjs/react-test-renderer.development.js:4148:13)
      at dispatchSetState (node_modules/react-test-renderer/cjs/react-test-renderer.development.js:4107:7)
      at setStateLoaded (hooks/useWalletCreation.js:51:9)
          at Generator.throw (<anonymous>)
      at asyncGeneratorStep (node_modules/@babel/runtime/helpers/asyncToGenerator.js:3:17)
      at _throw (node_modules/@babel/runtime/helpers/asyncToGenerator.js:20:9)

    console.error
      react-test-renderer is deprecated. See https://react.dev/warnings/react-test-renderer

      38 |   let component;
      39 |   act(() => {
    > 40 |     component = create(<TestComponent hookProps={initialProps} />);
         |                       ^
      41 |   });
      42 |   return {
      43 |     result,

      at process.env.NODE_ENV.exports.create (node_modules/react-test-renderer/cjs/react-test-renderer.development.js:14598:17)
      at hooks/__tests__/useWalletCreation.test.js:40:23
      at process.env.NODE_ENV.exports.act (node_modules/react/cjs/react.development.js:789:22)
      at renderHook (hooks/__tests__/useWalletCreation.test.js:39:6)
      at Object.renderHook (hooks/__tests__/useWalletCreation.test.js:151:26)
      at asyncGeneratorStep (node_modules/@babel/runtime/helpers/asyncToGenerator.js:3:17)
      at _next (node_modules/@babel/runtime/helpers/asyncToGenerator.js:17:9)
      at node_modules/@babel/runtime/helpers/asyncToGenerator.js:22:7
      at Object.<anonymous> (node_modules/@babel/runtime/helpers/asyncToGenerator.js:14:12)

    console.error
      The current testing environment is not configured to support act(...)

      38 |   let component;
      39 |   act(() => {
    > 40 |     component = create(<TestComponent hookProps={initialProps} />);
         |                       ^
      41 |   });
      42 |   return {
      43 |     result,

      at isConcurrentActEnvironment (node_modules/react-test-renderer/cjs/react-test-renderer.development.js:10243:17)
      at warnIfUpdatesNotWrappedWithActDEV (node_modules/react-test-renderer/cjs/react-test-renderer.development.js:11798:7)
      at scheduleUpdateOnFiber (node_modules/react-test-renderer/cjs/react-test-renderer.development.js:10326:9)
      at updateContainerImpl (node_modules/react-test-renderer/cjs/react-test-renderer.development.js:12382:10)
      at updateContainer (node_modules/react-test-renderer/cjs/react-test-renderer.development.js:12326:7)
      at process.env.NODE_ENV.exports.create (node_modules/react-test-renderer/cjs/react-test-renderer.development.js:14630:7)
      at hooks/__tests__/useWalletCreation.test.js:40:23
      at process.env.NODE_ENV.exports.act (node_modules/react/cjs/react.development.js:789:22)
      at renderHook (hooks/__tests__/useWalletCreation.test.js:39:6)
      at Object.renderHook (hooks/__tests__/useWalletCreation.test.js:151:26)
      at asyncGeneratorStep (node_modules/@babel/runtime/helpers/asyncToGenerator.js:3:17)
      at _next (node_modules/@babel/runtime/helpers/asyncToGenerator.js:17:9)
      at node_modules/@babel/runtime/helpers/asyncToGenerator.js:22:7
      at Object.<anonymous> (node_modules/@babel/runtime/helpers/asyncToGenerator.js:14:12)

    console.error
      The current testing environment is not configured to support act(...)

      41 |           const state = JSON.parse(savedState);
      42 |
    > 43 |           if (state.tempMnemonicWords) setTempMnemonicWords(state.tempMnemonicWords);
         |                                        ^
      44 |           if (state.tempMnemonic) setTempMnemonic(state.tempMnemonic);
      45 |           if (state.showingIntro !== undefined) setShowingIntro(state.showingIntro);
      46 |           if (state.showingSeeds !== undefined) setShowingSeeds(state.showingSeeds);

      at isConcurrentActEnvironment (node_modules/react-test-renderer/cjs/react-test-renderer.development.js:10243:17)
      at warnIfUpdatesNotWrappedWithActDEV (node_modules/react-test-renderer/cjs/react-test-renderer.development.js:11798:7)
      at scheduleUpdateOnFiber (node_modules/react-test-renderer/cjs/react-test-renderer.development.js:10326:9)
      at dispatchSetStateInternal (node_modules/react-test-renderer/cjs/react-test-renderer.development.js:4148:13)
      at dispatchSetState (node_modules/react-test-renderer/cjs/react-test-renderer.development.js:4107:7)
      at setTempMnemonicWords (hooks/useWalletCreation.js:43:40)
      at asyncGeneratorStep (node_modules/@babel/runtime/helpers/asyncToGenerator.js:3:17)
      at _next (node_modules/@babel/runtime/helpers/asyncToGenerator.js:17:9)

    console.error
      The current testing environment is not configured to support act(...)

      49 |         // Silently fail - state will be empty on first run
      50 |       } finally {
    > 51 |         setStateLoaded(true);
         |         ^
      52 |       }
      53 |     };
      54 |

      at isConcurrentActEnvironment (node_modules/react-test-renderer/cjs/react-test-renderer.development.js:10243:17)
      at warnIfUpdatesNotWrappedWithActDEV (node_modules/react-test-renderer/cjs/react-test-renderer.development.js:11798:7)
      at scheduleUpdateOnFiber (node_modules/react-test-renderer/cjs/react-test-renderer.development.js:10326:9)
      at dispatchSetStateInternal (node_modules/react-test-renderer/cjs/react-test-renderer.development.js:4148:13)
      at dispatchSetState (node_modules/react-test-renderer/cjs/react-test-renderer.development.js:4107:7)
      at setStateLoaded (hooks/useWalletCreation.js:51:9)
      at asyncGeneratorStep (node_modules/@babel/runtime/helpers/asyncToGenerator.js:3:17)
      at _next (node_modules/@babel/runtime/helpers/asyncToGenerator.js:17:9)

    console.error
      react-test-renderer is deprecated. See https://react.dev/warnings/react-test-renderer

      38 |   let component;
      39 |   act(() => {
    > 40 |     component = create(<TestComponent hookProps={initialProps} />);
         |                       ^
      41 |   });
      42 |   return {
      43 |     result,

      at process.env.NODE_ENV.exports.create (node_modules/react-test-renderer/cjs/react-test-renderer.development.js:14598:17)
      at hooks/__tests__/useWalletCreation.test.js:40:23
      at process.env.NODE_ENV.exports.act (node_modules/react/cjs/react.development.js:789:22)
      at renderHook (hooks/__tests__/useWalletCreation.test.js:39:6)
      at Object.renderHook (hooks/__tests__/useWalletCreation.test.js:174:26)
      at asyncGeneratorStep (node_modules/@babel/runtime/helpers/asyncToGenerator.js:3:17)
      at _next (node_modules/@babel/runtime/helpers/asyncToGenerator.js:17:9)
      at node_modules/@babel/runtime/helpers/asyncToGenerator.js:22:7
      at Object.<anonymous> (node_modules/@babel/runtime/helpers/asyncToGenerator.js:14:12)

    console.error
      The current testing environment is not configured to support act(...)

      38 |   let component;
      39 |   act(() => {
    > 40 |     component = create(<TestComponent hookProps={initialProps} />);
         |                       ^
      41 |   });
      42 |   return {
      43 |     result,

      at isConcurrentActEnvironment (node_modules/react-test-renderer/cjs/react-test-renderer.development.js:10243:17)
      at warnIfUpdatesNotWrappedWithActDEV (node_modules/react-test-renderer/cjs/react-test-renderer.development.js:11798:7)
      at scheduleUpdateOnFiber (node_modules/react-test-renderer/cjs/react-test-renderer.development.js:10326:9)
      at updateContainerImpl (node_modules/react-test-renderer/cjs/react-test-renderer.development.js:12382:10)
      at updateContainer (node_modules/react-test-renderer/cjs/react-test-renderer.development.js:12326:7)
      at process.env.NODE_ENV.exports.create (node_modules/react-test-renderer/cjs/react-test-renderer.development.js:14630:7)
      at hooks/__tests__/useWalletCreation.test.js:40:23
      at process.env.NODE_ENV.exports.act (node_modules/react/cjs/react.development.js:789:22)
      at renderHook (hooks/__tests__/useWalletCreation.test.js:39:6)
      at Object.renderHook (hooks/__tests__/useWalletCreation.test.js:174:26)
      at asyncGeneratorStep (node_modules/@babel/runtime/helpers/asyncToGenerator.js:3:17)
      at _next (node_modules/@babel/runtime/helpers/asyncToGenerator.js:17:9)
      at node_modules/@babel/runtime/helpers/asyncToGenerator.js:22:7
      at Object.<anonymous> (node_modules/@babel/runtime/helpers/asyncToGenerator.js:14:12)

    console.error
      The current testing environment is not configured to support act(...)

      49 |         // Silently fail - state will be empty on first run
      50 |       } finally {
    > 51 |         setStateLoaded(true);
         |         ^
      52 |       }
      53 |     };
      54 |

      at isConcurrentActEnvironment (node_modules/react-test-renderer/cjs/react-test-renderer.development.js:10243:17)
      at warnIfUpdatesNotWrappedWithActDEV (node_modules/react-test-renderer/cjs/react-test-renderer.development.js:11798:7)
      at scheduleUpdateOnFiber (node_modules/react-test-renderer/cjs/react-test-renderer.development.js:10326:9)
      at dispatchSetStateInternal (node_modules/react-test-renderer/cjs/react-test-renderer.development.js:4148:13)
      at dispatchSetState (node_modules/react-test-renderer/cjs/react-test-renderer.development.js:4107:7)
      at setStateLoaded (hooks/useWalletCreation.js:51:9)
      at asyncGeneratorStep (node_modules/@babel/runtime/helpers/asyncToGenerator.js:3:17)
      at _next (node_modules/@babel/runtime/helpers/asyncToGenerator.js:17:9)

    console.error
      react-test-renderer is deprecated. See https://react.dev/warnings/react-test-renderer

      38 |   let component;
      39 |   act(() => {
    > 40 |     component = create(<TestComponent hookProps={initialProps} />);
         |                       ^
      41 |   });
      42 |   return {
      43 |     result,

      at process.env.NODE_ENV.exports.create (node_modules/react-test-renderer/cjs/react-test-renderer.development.js:14598:17)
      at hooks/__tests__/useWalletCreation.test.js:40:23
      at process.env.NODE_ENV.exports.act (node_modules/react/cjs/react.development.js:789:22)
      at renderHook (hooks/__tests__/useWalletCreation.test.js:39:6)
      at Object.renderHook (hooks/__tests__/useWalletCreation.test.js:198:26)
      at asyncGeneratorStep (node_modules/@babel/runtime/helpers/asyncToGenerator.js:3:17)
      at _next (node_modules/@babel/runtime/helpers/asyncToGenerator.js:17:9)
      at node_modules/@babel/runtime/helpers/asyncToGenerator.js:22:7
      at Object.<anonymous> (node_modules/@babel/runtime/helpers/asyncToGenerator.js:14:12)

    console.error
      The current testing environment is not configured to support act(...)

      38 |   let component;
      39 |   act(() => {
    > 40 |     component = create(<TestComponent hookProps={initialProps} />);
         |                       ^
      41 |   });
      42 |   return {
      43 |     result,

      at isConcurrentActEnvironment (node_modules/react-test-renderer/cjs/react-test-renderer.development.js:10243:17)
      at warnIfUpdatesNotWrappedWithActDEV (node_modules/react-test-renderer/cjs/react-test-renderer.development.js:11798:7)
      at scheduleUpdateOnFiber (node_modules/react-test-renderer/cjs/react-test-renderer.development.js:10326:9)
      at updateContainerImpl (node_modules/react-test-renderer/cjs/react-test-renderer.development.js:12382:10)
      at updateContainer (node_modules/react-test-renderer/cjs/react-test-renderer.development.js:12326:7)
      at process.env.NODE_ENV.exports.create (node_modules/react-test-renderer/cjs/react-test-renderer.development.js:14630:7)
      at hooks/__tests__/useWalletCreation.test.js:40:23
      at process.env.NODE_ENV.exports.act (node_modules/react/cjs/react.development.js:789:22)
      at renderHook (hooks/__tests__/useWalletCreation.test.js:39:6)
      at Object.renderHook (hooks/__tests__/useWalletCreation.test.js:198:26)
      at asyncGeneratorStep (node_modules/@babel/runtime/helpers/asyncToGenerator.js:3:17)
      at _next (node_modules/@babel/runtime/helpers/asyncToGenerator.js:17:9)
      at node_modules/@babel/runtime/helpers/asyncToGenerator.js:22:7
      at Object.<anonymous> (node_modules/@babel/runtime/helpers/asyncToGenerator.js:14:12)

    console.error
      The current testing environment is not configured to support act(...)

      41 |           const state = JSON.parse(savedState);
      42 |
    > 43 |           if (state.tempMnemonicWords) setTempMnemonicWords(state.tempMnemonicWords);
         |                                        ^
      44 |           if (state.tempMnemonic) setTempMnemonic(state.tempMnemonic);
      45 |           if (state.showingIntro !== undefined) setShowingIntro(state.showingIntro);
      46 |           if (state.showingSeeds !== undefined) setShowingSeeds(state.showingSeeds);

      at isConcurrentActEnvironment (node_modules/react-test-renderer/cjs/react-test-renderer.development.js:10243:17)
      at warnIfUpdatesNotWrappedWithActDEV (node_modules/react-test-renderer/cjs/react-test-renderer.development.js:11798:7)
      at scheduleUpdateOnFiber (node_modules/react-test-renderer/cjs/react-test-renderer.development.js:10326:9)
      at dispatchSetStateInternal (node_modules/react-test-renderer/cjs/react-test-renderer.development.js:4148:13)
      at dispatchSetState (node_modules/react-test-renderer/cjs/react-test-renderer.development.js:4107:7)
      at setTempMnemonicWords (hooks/useWalletCreation.js:43:40)
      at asyncGeneratorStep (node_modules/@babel/runtime/helpers/asyncToGenerator.js:3:17)
      at _next (node_modules/@babel/runtime/helpers/asyncToGenerator.js:17:9)

    console.error
      The current testing environment is not configured to support act(...)

      42 |
      43 |           if (state.tempMnemonicWords) setTempMnemonicWords(state.tempMnemonicWords);
    > 44 |           if (state.tempMnemonic) setTempMnemonic(state.tempMnemonic);
         |                                   ^
      45 |           if (state.showingIntro !== undefined) setShowingIntro(state.showingIntro);
      46 |           if (state.showingSeeds !== undefined) setShowingSeeds(state.showingSeeds);
      47 |         }

      at isConcurrentActEnvironment (node_modules/react-test-renderer/cjs/react-test-renderer.development.js:10243:17)
      at warnIfUpdatesNotWrappedWithActDEV (node_modules/react-test-renderer/cjs/react-test-renderer.development.js:11798:7)
      at scheduleUpdateOnFiber (node_modules/react-test-renderer/cjs/react-test-renderer.development.js:10326:9)
      at dispatchSetStateInternal (node_modules/react-test-renderer/cjs/react-test-renderer.development.js:4148:13)
      at dispatchSetState (node_modules/react-test-renderer/cjs/react-test-renderer.development.js:4107:7)
      at setTempMnemonic (hooks/useWalletCreation.js:44:35)
      at asyncGeneratorStep (node_modules/@babel/runtime/helpers/asyncToGenerator.js:3:17)
      at _next (node_modules/@babel/runtime/helpers/asyncToGenerator.js:17:9)

    console.error
      The current testing environment is not configured to support act(...)

      43 |           if (state.tempMnemonicWords) setTempMnemonicWords(state.tempMnemonicWords);
      44 |           if (state.tempMnemonic) setTempMnemonic(state.tempMnemonic);
    > 45 |           if (state.showingIntro !== undefined) setShowingIntro(state.showingIntro);
         |                                                 ^
      46 |           if (state.showingSeeds !== undefined) setShowingSeeds(state.showingSeeds);
      47 |         }
      48 |       } catch (error) {

      at isConcurrentActEnvironment (node_modules/react-test-renderer/cjs/react-test-renderer.development.js:10243:17)
      at warnIfUpdatesNotWrappedWithActDEV (node_modules/react-test-renderer/cjs/react-test-renderer.development.js:11798:7)
      at scheduleUpdateOnFiber (node_modules/react-test-renderer/cjs/react-test-renderer.development.js:10326:9)
      at dispatchSetStateInternal (node_modules/react-test-renderer/cjs/react-test-renderer.development.js:4148:13)
      at dispatchSetState (node_modules/react-test-renderer/cjs/react-test-renderer.development.js:4107:7)
      at setShowingIntro (hooks/useWalletCreation.js:45:49)
      at asyncGeneratorStep (node_modules/@babel/runtime/helpers/asyncToGenerator.js:3:17)
      at _next (node_modules/@babel/runtime/helpers/asyncToGenerator.js:17:9)

    console.error
      The current testing environment is not configured to support act(...)

      44 |           if (state.tempMnemonic) setTempMnemonic(state.tempMnemonic);
      45 |           if (state.showingIntro !== undefined) setShowingIntro(state.showingIntro);
    > 46 |           if (state.showingSeeds !== undefined) setShowingSeeds(state.showingSeeds);
         |                                                 ^
      47 |         }
      48 |       } catch (error) {
      49 |         // Silently fail - state will be empty on first run

      at isConcurrentActEnvironment (node_modules/react-test-renderer/cjs/react-test-renderer.development.js:10243:17)
      at warnIfUpdatesNotWrappedWithActDEV (node_modules/react-test-renderer/cjs/react-test-renderer.development.js:11798:7)
      at scheduleUpdateOnFiber (node_modules/react-test-renderer/cjs/react-test-renderer.development.js:10326:9)
      at dispatchSetStateInternal (node_modules/react-test-renderer/cjs/react-test-renderer.development.js:4148:13)
      at dispatchSetState (node_modules/react-test-renderer/cjs/react-test-renderer.development.js:4107:7)
      at setShowingSeeds (hooks/useWalletCreation.js:46:49)
      at asyncGeneratorStep (node_modules/@babel/runtime/helpers/asyncToGenerator.js:3:17)
      at _next (node_modules/@babel/runtime/helpers/asyncToGenerator.js:17:9)

    console.error
      The current testing environment is not configured to support act(...)

      49 |         // Silently fail - state will be empty on first run
      50 |       } finally {
    > 51 |         setStateLoaded(true);
         |         ^
      52 |       }
      53 |     };
      54 |

      at isConcurrentActEnvironment (node_modules/react-test-renderer/cjs/react-test-renderer.development.js:10243:17)
      at warnIfUpdatesNotWrappedWithActDEV (node_modules/react-test-renderer/cjs/react-test-renderer.development.js:11798:7)
      at scheduleUpdateOnFiber (node_modules/react-test-renderer/cjs/react-test-renderer.development.js:10326:9)
      at dispatchSetStateInternal (node_modules/react-test-renderer/cjs/react-test-renderer.development.js:4148:13)
      at dispatchSetState (node_modules/react-test-renderer/cjs/react-test-renderer.development.js:4107:7)
      at setStateLoaded (hooks/useWalletCreation.js:51:9)
      at asyncGeneratorStep (node_modules/@babel/runtime/helpers/asyncToGenerator.js:3:17)
      at _next (node_modules/@babel/runtime/helpers/asyncToGenerator.js:17:9)

    console.error
      react-test-renderer is deprecated. See https://react.dev/warnings/react-test-renderer

      38 |   let component;
      39 |   act(() => {
    > 40 |     component = create(<TestComponent hookProps={initialProps} />);
         |                       ^
      41 |   });
      42 |   return {
      43 |     result,

      at process.env.NODE_ENV.exports.create (node_modules/react-test-renderer/cjs/react-test-renderer.development.js:14598:17)
      at hooks/__tests__/useWalletCreation.test.js:40:23
      at process.env.NODE_ENV.exports.act (node_modules/react/cjs/react.development.js:789:22)
      at renderHook (hooks/__tests__/useWalletCreation.test.js:39:6)
      at Object.renderHook (hooks/__tests__/useWalletCreation.test.js:214:26)
      at asyncGeneratorStep (node_modules/@babel/runtime/helpers/asyncToGenerator.js:3:17)
      at _next (node_modules/@babel/runtime/helpers/asyncToGenerator.js:17:9)
      at node_modules/@babel/runtime/helpers/asyncToGenerator.js:22:7
      at Object.<anonymous> (node_modules/@babel/runtime/helpers/asyncToGenerator.js:14:12)

    console.error
      The current testing environment is not configured to support act(...)

      38 |   let component;
      39 |   act(() => {
    > 40 |     component = create(<TestComponent hookProps={initialProps} />);
         |                       ^
      41 |   });
      42 |   return {
      43 |     result,

      at isConcurrentActEnvironment (node_modules/react-test-renderer/cjs/react-test-renderer.development.js:10243:17)
      at warnIfUpdatesNotWrappedWithActDEV (node_modules/react-test-renderer/cjs/react-test-renderer.development.js:11798:7)
      at scheduleUpdateOnFiber (node_modules/react-test-renderer/cjs/react-test-renderer.development.js:10326:9)
      at updateContainerImpl (node_modules/react-test-renderer/cjs/react-test-renderer.development.js:12382:10)
      at updateContainer (node_modules/react-test-renderer/cjs/react-test-renderer.development.js:12326:7)
      at process.env.NODE_ENV.exports.create (node_modules/react-test-renderer/cjs/react-test-renderer.development.js:14630:7)
      at hooks/__tests__/useWalletCreation.test.js:40:23
      at process.env.NODE_ENV.exports.act (node_modules/react/cjs/react.development.js:789:22)
      at renderHook (hooks/__tests__/useWalletCreation.test.js:39:6)
      at Object.renderHook (hooks/__tests__/useWalletCreation.test.js:214:26)
      at asyncGeneratorStep (node_modules/@babel/runtime/helpers/asyncToGenerator.js:3:17)
      at _next (node_modules/@babel/runtime/helpers/asyncToGenerator.js:17:9)
      at node_modules/@babel/runtime/helpers/asyncToGenerator.js:22:7
      at Object.<anonymous> (node_modules/@babel/runtime/helpers/asyncToGenerator.js:14:12)

    console.error
      The current testing environment is not configured to support act(...)

      49 |         // Silently fail - state will be empty on first run
      50 |       } finally {
    > 51 |         setStateLoaded(true);
         |         ^
      52 |       }
      53 |     };
      54 |

      at isConcurrentActEnvironment (node_modules/react-test-renderer/cjs/react-test-renderer.development.js:10243:17)
      at warnIfUpdatesNotWrappedWithActDEV (node_modules/react-test-renderer/cjs/react-test-renderer.development.js:11798:7)
      at scheduleUpdateOnFiber (node_modules/react-test-renderer/cjs/react-test-renderer.development.js:10326:9)
      at dispatchSetStateInternal (node_modules/react-test-renderer/cjs/react-test-renderer.development.js:4148:13)
      at dispatchSetState (node_modules/react-test-renderer/cjs/react-test-renderer.development.js:4107:7)
      at setStateLoaded (hooks/useWalletCreation.js:51:9)
      at asyncGeneratorStep (node_modules/@babel/runtime/helpers/asyncToGenerator.js:3:17)
      at _next (node_modules/@babel/runtime/helpers/asyncToGenerator.js:17:9)

    console.error
      The current testing environment is not configured to support act(...)

      100 |
      101 |       // Set showingIntro FIRST, before setting wallet, to prevent lock screen flash
    > 102 |       setShowingIntro(true);
          |       ^
      103 |       setShowingSeeds(false);
      104 |       setSeedConfirmed(false);
      105 |

      at isConcurrentActEnvironment (node_modules/react-test-renderer/cjs/react-test-renderer.development.js:10243:17)
      at warnIfUpdatesNotWrappedWithActDEV (node_modules/react-test-renderer/cjs/react-test-renderer.development.js:11798:7)
      at scheduleUpdateOnFiber (node_modules/react-test-renderer/cjs/react-test-renderer.development.js:10326:9)
      at dispatchSetStateInternal (node_modules/react-test-renderer/cjs/react-test-renderer.development.js:4148:13)
      at dispatchSetState (node_modules/react-test-renderer/cjs/react-test-renderer.development.js:4107:7)
      at Object.setShowingIntro (hooks/useWalletCreation.js:102:7)
      at asyncGeneratorStep (node_modules/@babel/runtime/helpers/asyncToGenerator.js:3:17)
      at _next (node_modules/@babel/runtime/helpers/asyncToGenerator.js:17:9)

    console.error
      The current testing environment is not configured to support act(...)

      101 |       // Set showingIntro FIRST, before setting wallet, to prevent lock screen flash
      102 |       setShowingIntro(true);
    > 103 |       setShowingSeeds(false);
          |       ^
      104 |       setSeedConfirmed(false);
      105 |
      106 |       // Wallet created, user authenticated to see seed phrase

      at isConcurrentActEnvironment (node_modules/react-test-renderer/cjs/react-test-renderer.development.js:10243:17)
      at warnIfUpdatesNotWrappedWithActDEV (node_modules/react-test-renderer/cjs/react-test-renderer.development.js:11798:7)
      at scheduleUpdateOnFiber (node_modules/react-test-renderer/cjs/react-test-renderer.development.js:10326:9)
      at dispatchSetStateInternal (node_modules/react-test-renderer/cjs/react-test-renderer.development.js:4148:13)
      at dispatchSetState (node_modules/react-test-renderer/cjs/react-test-renderer.development.js:4107:7)
      at Object.setShowingSeeds (hooks/useWalletCreation.js:103:7)
      at asyncGeneratorStep (node_modules/@babel/runtime/helpers/asyncToGenerator.js:3:17)
      at _next (node_modules/@babel/runtime/helpers/asyncToGenerator.js:17:9)

    console.error
      The current testing environment is not configured to support act(...)

      112 |
      113 |       // Temporarily store mnemonic for later saving after PIN setup
    > 114 |       setTempMnemonic(mnemonic);
          |       ^
      115 |       setTempMnemonicWords(mnemonic.split(' '));
      116 |     } catch (error) {
      117 |       showToast(parseErrorMessage(error), 'error');

      at isConcurrentActEnvironment (node_modules/react-test-renderer/cjs/react-test-renderer.development.js:10243:17)
      at warnIfUpdatesNotWrappedWithActDEV (node_modules/react-test-renderer/cjs/react-test-renderer.development.js:11798:7)
      at scheduleUpdateOnFiber (node_modules/react-test-renderer/cjs/react-test-renderer.development.js:10326:9)
      at dispatchSetStateInternal (node_modules/react-test-renderer/cjs/react-test-renderer.development.js:4148:13)
      at dispatchSetState (node_modules/react-test-renderer/cjs/react-test-renderer.development.js:4107:7)
      at Object.setTempMnemonic (hooks/useWalletCreation.js:114:7)
      at asyncGeneratorStep (node_modules/@babel/runtime/helpers/asyncToGenerator.js:3:17)
      at _next (node_modules/@babel/runtime/helpers/asyncToGenerator.js:17:9)

    console.error
      The current testing environment is not configured to support act(...)

      113 |       // Temporarily store mnemonic for later saving after PIN setup
      114 |       setTempMnemonic(mnemonic);
    > 115 |       setTempMnemonicWords(mnemonic.split(' '));
          |       ^
      116 |     } catch (error) {
      117 |       showToast(parseErrorMessage(error), 'error');
      118 |     }

      at isConcurrentActEnvironment (node_modules/react-test-renderer/cjs/react-test-renderer.development.js:10243:17)
      at warnIfUpdatesNotWrappedWithActDEV (node_modules/react-test-renderer/cjs/react-test-renderer.development.js:11798:7)
      at scheduleUpdateOnFiber (node_modules/react-test-renderer/cjs/react-test-renderer.development.js:10326:9)
      at dispatchSetStateInternal (node_modules/react-test-renderer/cjs/react-test-renderer.development.js:4148:13)
      at dispatchSetState (node_modules/react-test-renderer/cjs/react-test-renderer.development.js:4107:7)
      at Object.setTempMnemonicWords (hooks/useWalletCreation.js:115:7)
      at asyncGeneratorStep (node_modules/@babel/runtime/helpers/asyncToGenerator.js:3:17)
      at _next (node_modules/@babel/runtime/helpers/asyncToGenerator.js:17:9)

    console.error
      react-test-renderer is deprecated. See https://react.dev/warnings/react-test-renderer

      38 |   let component;
      39 |   act(() => {
    > 40 |     component = create(<TestComponent hookProps={initialProps} />);
         |                       ^
      41 |   });
      42 |   return {
      43 |     result,

      at process.env.NODE_ENV.exports.create (node_modules/react-test-renderer/cjs/react-test-renderer.development.js:14598:17)
      at hooks/__tests__/useWalletCreation.test.js:40:23
      at process.env.NODE_ENV.exports.act (node_modules/react/cjs/react.development.js:789:22)
      at renderHook (hooks/__tests__/useWalletCreation.test.js:39:6)
      at Object.renderHook (hooks/__tests__/useWalletCreation.test.js:227:26)
      at asyncGeneratorStep (node_modules/@babel/runtime/helpers/asyncToGenerator.js:3:17)
      at _next (node_modules/@babel/runtime/helpers/asyncToGenerator.js:17:9)
      at node_modules/@babel/runtime/helpers/asyncToGenerator.js:22:7
      at Object.<anonymous> (node_modules/@babel/runtime/helpers/asyncToGenerator.js:14:12)

    console.error
      The current testing environment is not configured to support act(...)

      38 |   let component;
      39 |   act(() => {
    > 40 |     component = create(<TestComponent hookProps={initialProps} />);
         |                       ^
      41 |   });
      42 |   return {
      43 |     result,

      at isConcurrentActEnvironment (node_modules/react-test-renderer/cjs/react-test-renderer.development.js:10243:17)
      at warnIfUpdatesNotWrappedWithActDEV (node_modules/react-test-renderer/cjs/react-test-renderer.development.js:11798:7)
      at scheduleUpdateOnFiber (node_modules/react-test-renderer/cjs/react-test-renderer.development.js:10326:9)
      at updateContainerImpl (node_modules/react-test-renderer/cjs/react-test-renderer.development.js:12382:10)
      at updateContainer (node_modules/react-test-renderer/cjs/react-test-renderer.development.js:12326:7)
      at process.env.NODE_ENV.exports.create (node_modules/react-test-renderer/cjs/react-test-renderer.development.js:14630:7)
      at hooks/__tests__/useWalletCreation.test.js:40:23
      at process.env.NODE_ENV.exports.act (node_modules/react/cjs/react.development.js:789:22)
      at renderHook (hooks/__tests__/useWalletCreation.test.js:39:6)
      at Object.renderHook (hooks/__tests__/useWalletCreation.test.js:227:26)
      at asyncGeneratorStep (node_modules/@babel/runtime/helpers/asyncToGenerator.js:3:17)
      at _next (node_modules/@babel/runtime/helpers/asyncToGenerator.js:17:9)
      at node_modules/@babel/runtime/helpers/asyncToGenerator.js:22:7
      at Object.<anonymous> (node_modules/@babel/runtime/helpers/asyncToGenerator.js:14:12)

    console.error
      The current testing environment is not configured to support act(...)

      49 |         // Silently fail - state will be empty on first run
      50 |       } finally {
    > 51 |         setStateLoaded(true);
         |         ^
      52 |       }
      53 |     };
      54 |

      at isConcurrentActEnvironment (node_modules/react-test-renderer/cjs/react-test-renderer.development.js:10243:17)
      at warnIfUpdatesNotWrappedWithActDEV (node_modules/react-test-renderer/cjs/react-test-renderer.development.js:11798:7)
      at scheduleUpdateOnFiber (node_modules/react-test-renderer/cjs/react-test-renderer.development.js:10326:9)
      at dispatchSetStateInternal (node_modules/react-test-renderer/cjs/react-test-renderer.development.js:4148:13)
      at dispatchSetState (node_modules/react-test-renderer/cjs/react-test-renderer.development.js:4107:7)
      at setStateLoaded (hooks/useWalletCreation.js:51:9)
      at asyncGeneratorStep (node_modules/@babel/runtime/helpers/asyncToGenerator.js:3:17)
      at _next (node_modules/@babel/runtime/helpers/asyncToGenerator.js:17:9)

    console.error
      The current testing environment is not configured to support act(...)

      100 |
      101 |       // Set showingIntro FIRST, before setting wallet, to prevent lock screen flash
    > 102 |       setShowingIntro(true);
          |       ^
      103 |       setShowingSeeds(false);
      104 |       setSeedConfirmed(false);
      105 |

      at isConcurrentActEnvironment (node_modules/react-test-renderer/cjs/react-test-renderer.development.js:10243:17)
      at warnIfUpdatesNotWrappedWithActDEV (node_modules/react-test-renderer/cjs/react-test-renderer.development.js:11798:7)
      at scheduleUpdateOnFiber (node_modules/react-test-renderer/cjs/react-test-renderer.development.js:10326:9)
      at dispatchSetStateInternal (node_modules/react-test-renderer/cjs/react-test-renderer.development.js:4148:13)
      at dispatchSetState (node_modules/react-test-renderer/cjs/react-test-renderer.development.js:4107:7)
      at Object.setShowingIntro (hooks/useWalletCreation.js:102:7)
      at asyncGeneratorStep (node_modules/@babel/runtime/helpers/asyncToGenerator.js:3:17)
      at _next (node_modules/@babel/runtime/helpers/asyncToGenerator.js:17:9)

    console.error
      The current testing environment is not configured to support act(...)

      101 |       // Set showingIntro FIRST, before setting wallet, to prevent lock screen flash
      102 |       setShowingIntro(true);
    > 103 |       setShowingSeeds(false);
          |       ^
      104 |       setSeedConfirmed(false);
      105 |
      106 |       // Wallet created, user authenticated to see seed phrase

      at isConcurrentActEnvironment (node_modules/react-test-renderer/cjs/react-test-renderer.development.js:10243:17)
      at warnIfUpdatesNotWrappedWithActDEV (node_modules/react-test-renderer/cjs/react-test-renderer.development.js:11798:7)
      at scheduleUpdateOnFiber (node_modules/react-test-renderer/cjs/react-test-renderer.development.js:10326:9)
      at dispatchSetStateInternal (node_modules/react-test-renderer/cjs/react-test-renderer.development.js:4148:13)
      at dispatchSetState (node_modules/react-test-renderer/cjs/react-test-renderer.development.js:4107:7)
      at Object.setShowingSeeds (hooks/useWalletCreation.js:103:7)
      at asyncGeneratorStep (node_modules/@babel/runtime/helpers/asyncToGenerator.js:3:17)
      at _next (node_modules/@babel/runtime/helpers/asyncToGenerator.js:17:9)

    console.error
      The current testing environment is not configured to support act(...)

      112 |
      113 |       // Temporarily store mnemonic for later saving after PIN setup
    > 114 |       setTempMnemonic(mnemonic);
          |       ^
      115 |       setTempMnemonicWords(mnemonic.split(' '));
      116 |     } catch (error) {
      117 |       showToast(parseErrorMessage(error), 'error');

      at isConcurrentActEnvironment (node_modules/react-test-renderer/cjs/react-test-renderer.development.js:10243:17)
      at warnIfUpdatesNotWrappedWithActDEV (node_modules/react-test-renderer/cjs/react-test-renderer.development.js:11798:7)
      at scheduleUpdateOnFiber (node_modules/react-test-renderer/cjs/react-test-renderer.development.js:10326:9)
      at dispatchSetStateInternal (node_modules/react-test-renderer/cjs/react-test-renderer.development.js:4148:13)
      at dispatchSetState (node_modules/react-test-renderer/cjs/react-test-renderer.development.js:4107:7)
      at Object.setTempMnemonic (hooks/useWalletCreation.js:114:7)
      at asyncGeneratorStep (node_modules/@babel/runtime/helpers/asyncToGenerator.js:3:17)
      at _next (node_modules/@babel/runtime/helpers/asyncToGenerator.js:17:9)

    console.error
      The current testing environment is not configured to support act(...)

      113 |       // Temporarily store mnemonic for later saving after PIN setup
      114 |       setTempMnemonic(mnemonic);
    > 115 |       setTempMnemonicWords(mnemonic.split(' '));
          |       ^
      116 |     } catch (error) {
      117 |       showToast(parseErrorMessage(error), 'error');
      118 |     }

      at isConcurrentActEnvironment (node_modules/react-test-renderer/cjs/react-test-renderer.development.js:10243:17)
      at warnIfUpdatesNotWrappedWithActDEV (node_modules/react-test-renderer/cjs/react-test-renderer.development.js:11798:7)
      at scheduleUpdateOnFiber (node_modules/react-test-renderer/cjs/react-test-renderer.development.js:10326:9)
      at dispatchSetStateInternal (node_modules/react-test-renderer/cjs/react-test-renderer.development.js:4148:13)
      at dispatchSetState (node_modules/react-test-renderer/cjs/react-test-renderer.development.js:4107:7)
      at Object.setTempMnemonicWords (hooks/useWalletCreation.js:115:7)
      at asyncGeneratorStep (node_modules/@babel/runtime/helpers/asyncToGenerator.js:3:17)
      at _next (node_modules/@babel/runtime/helpers/asyncToGenerator.js:17:9)

    console.error
      react-test-renderer is deprecated. See https://react.dev/warnings/react-test-renderer

      38 |   let component;
      39 |   act(() => {
    > 40 |     component = create(<TestComponent hookProps={initialProps} />);
         |                       ^
      41 |   });
      42 |   return {
      43 |     result,

      at process.env.NODE_ENV.exports.create (node_modules/react-test-renderer/cjs/react-test-renderer.development.js:14598:17)
      at hooks/__tests__/useWalletCreation.test.js:40:23
      at process.env.NODE_ENV.exports.act (node_modules/react/cjs/react.development.js:789:22)
      at renderHook (hooks/__tests__/useWalletCreation.test.js:39:6)
      at Object.renderHook (hooks/__tests__/useWalletCreation.test.js:240:26)
      at asyncGeneratorStep (node_modules/@babel/runtime/helpers/asyncToGenerator.js:3:17)
      at _next (node_modules/@babel/runtime/helpers/asyncToGenerator.js:17:9)
      at node_modules/@babel/runtime/helpers/asyncToGenerator.js:22:7
      at Object.<anonymous> (node_modules/@babel/runtime/helpers/asyncToGenerator.js:14:12)

    console.error
      The current testing environment is not configured to support act(...)

      38 |   let component;
      39 |   act(() => {
    > 40 |     component = create(<TestComponent hookProps={initialProps} />);
         |                       ^
      41 |   });
      42 |   return {
      43 |     result,

      at isConcurrentActEnvironment (node_modules/react-test-renderer/cjs/react-test-renderer.development.js:10243:17)
      at warnIfUpdatesNotWrappedWithActDEV (node_modules/react-test-renderer/cjs/react-test-renderer.development.js:11798:7)
      at scheduleUpdateOnFiber (node_modules/react-test-renderer/cjs/react-test-renderer.development.js:10326:9)
      at updateContainerImpl (node_modules/react-test-renderer/cjs/react-test-renderer.development.js:12382:10)
      at updateContainer (node_modules/react-test-renderer/cjs/react-test-renderer.development.js:12326:7)
      at process.env.NODE_ENV.exports.create (node_modules/react-test-renderer/cjs/react-test-renderer.development.js:14630:7)
      at hooks/__tests__/useWalletCreation.test.js:40:23
      at process.env.NODE_ENV.exports.act (node_modules/react/cjs/react.development.js:789:22)
      at renderHook (hooks/__tests__/useWalletCreation.test.js:39:6)
      at Object.renderHook (hooks/__tests__/useWalletCreation.test.js:240:26)
      at asyncGeneratorStep (node_modules/@babel/runtime/helpers/asyncToGenerator.js:3:17)
      at _next (node_modules/@babel/runtime/helpers/asyncToGenerator.js:17:9)
      at node_modules/@babel/runtime/helpers/asyncToGenerator.js:22:7
      at Object.<anonymous> (node_modules/@babel/runtime/helpers/asyncToGenerator.js:14:12)

    console.error
      The current testing environment is not configured to support act(...)

      49 |         // Silently fail - state will be empty on first run
      50 |       } finally {
    > 51 |         setStateLoaded(true);
         |         ^
      52 |       }
      53 |     };
      54 |

      at isConcurrentActEnvironment (node_modules/react-test-renderer/cjs/react-test-renderer.development.js:10243:17)
      at warnIfUpdatesNotWrappedWithActDEV (node_modules/react-test-renderer/cjs/react-test-renderer.development.js:11798:7)
      at scheduleUpdateOnFiber (node_modules/react-test-renderer/cjs/react-test-renderer.development.js:10326:9)
      at dispatchSetStateInternal (node_modules/react-test-renderer/cjs/react-test-renderer.development.js:4148:13)
      at dispatchSetState (node_modules/react-test-renderer/cjs/react-test-renderer.development.js:4107:7)
      at setStateLoaded (hooks/useWalletCreation.js:51:9)
      at asyncGeneratorStep (node_modules/@babel/runtime/helpers/asyncToGenerator.js:3:17)
      at _next (node_modules/@babel/runtime/helpers/asyncToGenerator.js:17:9)

    console.error
      The current testing environment is not configured to support act(...)

      100 |
      101 |       // Set showingIntro FIRST, before setting wallet, to prevent lock screen flash
    > 102 |       setShowingIntro(true);
          |       ^
      103 |       setShowingSeeds(false);
      104 |       setSeedConfirmed(false);
      105 |

      at isConcurrentActEnvironment (node_modules/react-test-renderer/cjs/react-test-renderer.development.js:10243:17)
      at warnIfUpdatesNotWrappedWithActDEV (node_modules/react-test-renderer/cjs/react-test-renderer.development.js:11798:7)
      at scheduleUpdateOnFiber (node_modules/react-test-renderer/cjs/react-test-renderer.development.js:10326:9)
      at dispatchSetStateInternal (node_modules/react-test-renderer/cjs/react-test-renderer.development.js:4148:13)
      at dispatchSetState (node_modules/react-test-renderer/cjs/react-test-renderer.development.js:4107:7)
      at Object.setShowingIntro (hooks/useWalletCreation.js:102:7)
      at asyncGeneratorStep (node_modules/@babel/runtime/helpers/asyncToGenerator.js:3:17)
      at _next (node_modules/@babel/runtime/helpers/asyncToGenerator.js:17:9)

    console.error
      The current testing environment is not configured to support act(...)

      101 |       // Set showingIntro FIRST, before setting wallet, to prevent lock screen flash
      102 |       setShowingIntro(true);
    > 103 |       setShowingSeeds(false);
          |       ^
      104 |       setSeedConfirmed(false);
      105 |
      106 |       // Wallet created, user authenticated to see seed phrase

      at isConcurrentActEnvironment (node_modules/react-test-renderer/cjs/react-test-renderer.development.js:10243:17)
      at warnIfUpdatesNotWrappedWithActDEV (node_modules/react-test-renderer/cjs/react-test-renderer.development.js:11798:7)
      at scheduleUpdateOnFiber (node_modules/react-test-renderer/cjs/react-test-renderer.development.js:10326:9)
      at dispatchSetStateInternal (node_modules/react-test-renderer/cjs/react-test-renderer.development.js:4148:13)
      at dispatchSetState (node_modules/react-test-renderer/cjs/react-test-renderer.development.js:4107:7)
      at Object.setShowingSeeds (hooks/useWalletCreation.js:103:7)
      at asyncGeneratorStep (node_modules/@babel/runtime/helpers/asyncToGenerator.js:3:17)
      at _next (node_modules/@babel/runtime/helpers/asyncToGenerator.js:17:9)

    console.error
      The current testing environment is not configured to support act(...)

      112 |
      113 |       // Temporarily store mnemonic for later saving after PIN setup
    > 114 |       setTempMnemonic(mnemonic);
          |       ^
      115 |       setTempMnemonicWords(mnemonic.split(' '));
      116 |     } catch (error) {
      117 |       showToast(parseErrorMessage(error), 'error');

      at isConcurrentActEnvironment (node_modules/react-test-renderer/cjs/react-test-renderer.development.js:10243:17)
      at warnIfUpdatesNotWrappedWithActDEV (node_modules/react-test-renderer/cjs/react-test-renderer.development.js:11798:7)
      at scheduleUpdateOnFiber (node_modules/react-test-renderer/cjs/react-test-renderer.development.js:10326:9)
      at dispatchSetStateInternal (node_modules/react-test-renderer/cjs/react-test-renderer.development.js:4148:13)
      at dispatchSetState (node_modules/react-test-renderer/cjs/react-test-renderer.development.js:4107:7)
      at Object.setTempMnemonic (hooks/useWalletCreation.js:114:7)
      at asyncGeneratorStep (node_modules/@babel/runtime/helpers/asyncToGenerator.js:3:17)
      at _next (node_modules/@babel/runtime/helpers/asyncToGenerator.js:17:9)

    console.error
      The current testing environment is not configured to support act(...)

      113 |       // Temporarily store mnemonic for later saving after PIN setup
      114 |       setTempMnemonic(mnemonic);
    > 115 |       setTempMnemonicWords(mnemonic.split(' '));
          |       ^
      116 |     } catch (error) {
      117 |       showToast(parseErrorMessage(error), 'error');
      118 |     }

      at isConcurrentActEnvironment (node_modules/react-test-renderer/cjs/react-test-renderer.development.js:10243:17)
      at warnIfUpdatesNotWrappedWithActDEV (node_modules/react-test-renderer/cjs/react-test-renderer.development.js:11798:7)
      at scheduleUpdateOnFiber (node_modules/react-test-renderer/cjs/react-test-renderer.development.js:10326:9)
      at dispatchSetStateInternal (node_modules/react-test-renderer/cjs/react-test-renderer.development.js:4148:13)
      at dispatchSetState (node_modules/react-test-renderer/cjs/react-test-renderer.development.js:4107:7)
      at Object.setTempMnemonicWords (hooks/useWalletCreation.js:115:7)
      at asyncGeneratorStep (node_modules/@babel/runtime/helpers/asyncToGenerator.js:3:17)
      at _next (node_modules/@babel/runtime/helpers/asyncToGenerator.js:17:9)

    console.error
      react-test-renderer is deprecated. See https://react.dev/warnings/react-test-renderer

      38 |   let component;
      39 |   act(() => {
    > 40 |     component = create(<TestComponent hookProps={initialProps} />);
         |                       ^
      41 |   });
      42 |   return {
      43 |     result,

      at process.env.NODE_ENV.exports.create (node_modules/react-test-renderer/cjs/react-test-renderer.development.js:14598:17)
      at hooks/__tests__/useWalletCreation.test.js:40:23
      at process.env.NODE_ENV.exports.act (node_modules/react/cjs/react.development.js:789:22)
      at renderHook (hooks/__tests__/useWalletCreation.test.js:39:6)
      at Object.renderHook (hooks/__tests__/useWalletCreation.test.js:252:26)
      at asyncGeneratorStep (node_modules/@babel/runtime/helpers/asyncToGenerator.js:3:17)
      at _next (node_modules/@babel/runtime/helpers/asyncToGenerator.js:17:9)
      at node_modules/@babel/runtime/helpers/asyncToGenerator.js:22:7
      at Object.<anonymous> (node_modules/@babel/runtime/helpers/asyncToGenerator.js:14:12)

    console.error
      The current testing environment is not configured to support act(...)

      38 |   let component;
      39 |   act(() => {
    > 40 |     component = create(<TestComponent hookProps={initialProps} />);
         |                       ^
      41 |   });
      42 |   return {
      43 |     result,

      at isConcurrentActEnvironment (node_modules/react-test-renderer/cjs/react-test-renderer.development.js:10243:17)
      at warnIfUpdatesNotWrappedWithActDEV (node_modules/react-test-renderer/cjs/react-test-renderer.development.js:11798:7)
      at scheduleUpdateOnFiber (node_modules/react-test-renderer/cjs/react-test-renderer.development.js:10326:9)
      at updateContainerImpl (node_modules/react-test-renderer/cjs/react-test-renderer.development.js:12382:10)
      at updateContainer (node_modules/react-test-renderer/cjs/react-test-renderer.development.js:12326:7)
      at process.env.NODE_ENV.exports.create (node_modules/react-test-renderer/cjs/react-test-renderer.development.js:14630:7)
      at hooks/__tests__/useWalletCreation.test.js:40:23
      at process.env.NODE_ENV.exports.act (node_modules/react/cjs/react.development.js:789:22)
      at renderHook (hooks/__tests__/useWalletCreation.test.js:39:6)
      at Object.renderHook (hooks/__tests__/useWalletCreation.test.js:252:26)
      at asyncGeneratorStep (node_modules/@babel/runtime/helpers/asyncToGenerator.js:3:17)
      at _next (node_modules/@babel/runtime/helpers/asyncToGenerator.js:17:9)
      at node_modules/@babel/runtime/helpers/asyncToGenerator.js:22:7
      at Object.<anonymous> (node_modules/@babel/runtime/helpers/asyncToGenerator.js:14:12)

    console.error
      The current testing environment is not configured to support act(...)

      49 |         // Silently fail - state will be empty on first run
      50 |       } finally {
    > 51 |         setStateLoaded(true);
         |         ^
      52 |       }
      53 |     };
      54 |

      at isConcurrentActEnvironment (node_modules/react-test-renderer/cjs/react-test-renderer.development.js:10243:17)
      at warnIfUpdatesNotWrappedWithActDEV (node_modules/react-test-renderer/cjs/react-test-renderer.development.js:11798:7)
      at scheduleUpdateOnFiber (node_modules/react-test-renderer/cjs/react-test-renderer.development.js:10326:9)
      at dispatchSetStateInternal (node_modules/react-test-renderer/cjs/react-test-renderer.development.js:4148:13)
      at dispatchSetState (node_modules/react-test-renderer/cjs/react-test-renderer.development.js:4107:7)
      at setStateLoaded (hooks/useWalletCreation.js:51:9)
      at asyncGeneratorStep (node_modules/@babel/runtime/helpers/asyncToGenerator.js:3:17)
      at _next (node_modules/@babel/runtime/helpers/asyncToGenerator.js:17:9)

    console.error
      The current testing environment is not configured to support act(...)

      100 |
      101 |       // Set showingIntro FIRST, before setting wallet, to prevent lock screen flash
    > 102 |       setShowingIntro(true);
          |       ^
      103 |       setShowingSeeds(false);
      104 |       setSeedConfirmed(false);
      105 |

      at isConcurrentActEnvironment (node_modules/react-test-renderer/cjs/react-test-renderer.development.js:10243:17)
      at warnIfUpdatesNotWrappedWithActDEV (node_modules/react-test-renderer/cjs/react-test-renderer.development.js:11798:7)
      at scheduleUpdateOnFiber (node_modules/react-test-renderer/cjs/react-test-renderer.development.js:10326:9)
      at dispatchSetStateInternal (node_modules/react-test-renderer/cjs/react-test-renderer.development.js:4148:13)
      at dispatchSetState (node_modules/react-test-renderer/cjs/react-test-renderer.development.js:4107:7)
      at Object.setShowingIntro (hooks/useWalletCreation.js:102:7)
      at asyncGeneratorStep (node_modules/@babel/runtime/helpers/asyncToGenerator.js:3:17)
      at _next (node_modules/@babel/runtime/helpers/asyncToGenerator.js:17:9)

    console.error
      The current testing environment is not configured to support act(...)

      101 |       // Set showingIntro FIRST, before setting wallet, to prevent lock screen flash
      102 |       setShowingIntro(true);
    > 103 |       setShowingSeeds(false);
          |       ^
      104 |       setSeedConfirmed(false);
      105 |
      106 |       // Wallet created, user authenticated to see seed phrase

      at isConcurrentActEnvironment (node_modules/react-test-renderer/cjs/react-test-renderer.development.js:10243:17)
      at warnIfUpdatesNotWrappedWithActDEV (node_modules/react-test-renderer/cjs/react-test-renderer.development.js:11798:7)
      at scheduleUpdateOnFiber (node_modules/react-test-renderer/cjs/react-test-renderer.development.js:10326:9)
      at dispatchSetStateInternal (node_modules/react-test-renderer/cjs/react-test-renderer.development.js:4148:13)
      at dispatchSetState (node_modules/react-test-renderer/cjs/react-test-renderer.development.js:4107:7)
      at Object.setShowingSeeds (hooks/useWalletCreation.js:103:7)
      at asyncGeneratorStep (node_modules/@babel/runtime/helpers/asyncToGenerator.js:3:17)
      at _next (node_modules/@babel/runtime/helpers/asyncToGenerator.js:17:9)

    console.error
      The current testing environment is not configured to support act(...)

      112 |
      113 |       // Temporarily store mnemonic for later saving after PIN setup
    > 114 |       setTempMnemonic(mnemonic);
          |       ^
      115 |       setTempMnemonicWords(mnemonic.split(' '));
      116 |     } catch (error) {
      117 |       showToast(parseErrorMessage(error), 'error');

      at isConcurrentActEnvironment (node_modules/react-test-renderer/cjs/react-test-renderer.development.js:10243:17)
      at warnIfUpdatesNotWrappedWithActDEV (node_modules/react-test-renderer/cjs/react-test-renderer.development.js:11798:7)
      at scheduleUpdateOnFiber (node_modules/react-test-renderer/cjs/react-test-renderer.development.js:10326:9)
      at dispatchSetStateInternal (node_modules/react-test-renderer/cjs/react-test-renderer.development.js:4148:13)
      at dispatchSetState (node_modules/react-test-renderer/cjs/react-test-renderer.development.js:4107:7)
      at Object.setTempMnemonic (hooks/useWalletCreation.js:114:7)
      at asyncGeneratorStep (node_modules/@babel/runtime/helpers/asyncToGenerator.js:3:17)
      at _next (node_modules/@babel/runtime/helpers/asyncToGenerator.js:17:9)

    console.error
      The current testing environment is not configured to support act(...)

      113 |       // Temporarily store mnemonic for later saving after PIN setup
      114 |       setTempMnemonic(mnemonic);
    > 115 |       setTempMnemonicWords(mnemonic.split(' '));
          |       ^
      116 |     } catch (error) {
      117 |       showToast(parseErrorMessage(error), 'error');
      118 |     }

      at isConcurrentActEnvironment (node_modules/react-test-renderer/cjs/react-test-renderer.development.js:10243:17)
      at warnIfUpdatesNotWrappedWithActDEV (node_modules/react-test-renderer/cjs/react-test-renderer.development.js:11798:7)
      at scheduleUpdateOnFiber (node_modules/react-test-renderer/cjs/react-test-renderer.development.js:10326:9)
      at dispatchSetStateInternal (node_modules/react-test-renderer/cjs/react-test-renderer.development.js:4148:13)
      at dispatchSetState (node_modules/react-test-renderer/cjs/react-test-renderer.development.js:4107:7)
      at Object.setTempMnemonicWords (hooks/useWalletCreation.js:115:7)
      at asyncGeneratorStep (node_modules/@babel/runtime/helpers/asyncToGenerator.js:3:17)
      at _next (node_modules/@babel/runtime/helpers/asyncToGenerator.js:17:9)

    console.error
      react-test-renderer is deprecated. See https://react.dev/warnings/react-test-renderer

      38 |   let component;
      39 |   act(() => {
    > 40 |     component = create(<TestComponent hookProps={initialProps} />);
         |                       ^
      41 |   });
      42 |   return {
      43 |     result,

      at process.env.NODE_ENV.exports.create (node_modules/react-test-renderer/cjs/react-test-renderer.development.js:14598:17)
      at hooks/__tests__/useWalletCreation.test.js:40:23
      at process.env.NODE_ENV.exports.act (node_modules/react/cjs/react.development.js:789:22)
      at renderHook (hooks/__tests__/useWalletCreation.test.js:39:6)
      at Object.renderHook (hooks/__tests__/useWalletCreation.test.js:264:26)
      at asyncGeneratorStep (node_modules/@babel/runtime/helpers/asyncToGenerator.js:3:17)
      at _next (node_modules/@babel/runtime/helpers/asyncToGenerator.js:17:9)
      at node_modules/@babel/runtime/helpers/asyncToGenerator.js:22:7
      at Object.<anonymous> (node_modules/@babel/runtime/helpers/asyncToGenerator.js:14:12)

    console.error
      The current testing environment is not configured to support act(...)

      38 |   let component;
      39 |   act(() => {
    > 40 |     component = create(<TestComponent hookProps={initialProps} />);
         |                       ^
      41 |   });
      42 |   return {
      43 |     result,

      at isConcurrentActEnvironment (node_modules/react-test-renderer/cjs/react-test-renderer.development.js:10243:17)
      at warnIfUpdatesNotWrappedWithActDEV (node_modules/react-test-renderer/cjs/react-test-renderer.development.js:11798:7)
      at scheduleUpdateOnFiber (node_modules/react-test-renderer/cjs/react-test-renderer.development.js:10326:9)
      at updateContainerImpl (node_modules/react-test-renderer/cjs/react-test-renderer.development.js:12382:10)
      at updateContainer (node_modules/react-test-renderer/cjs/react-test-renderer.development.js:12326:7)
      at process.env.NODE_ENV.exports.create (node_modules/react-test-renderer/cjs/react-test-renderer.development.js:14630:7)
      at hooks/__tests__/useWalletCreation.test.js:40:23
      at process.env.NODE_ENV.exports.act (node_modules/react/cjs/react.development.js:789:22)
      at renderHook (hooks/__tests__/useWalletCreation.test.js:39:6)
      at Object.renderHook (hooks/__tests__/useWalletCreation.test.js:264:26)
      at asyncGeneratorStep (node_modules/@babel/runtime/helpers/asyncToGenerator.js:3:17)
      at _next (node_modules/@babel/runtime/helpers/asyncToGenerator.js:17:9)
      at node_modules/@babel/runtime/helpers/asyncToGenerator.js:22:7
      at Object.<anonymous> (node_modules/@babel/runtime/helpers/asyncToGenerator.js:14:12)

    console.error
      The current testing environment is not configured to support act(...)

      49 |         // Silently fail - state will be empty on first run
      50 |       } finally {
    > 51 |         setStateLoaded(true);
         |         ^
      52 |       }
      53 |     };
      54 |

      at isConcurrentActEnvironment (node_modules/react-test-renderer/cjs/react-test-renderer.development.js:10243:17)
      at warnIfUpdatesNotWrappedWithActDEV (node_modules/react-test-renderer/cjs/react-test-renderer.development.js:11798:7)
      at scheduleUpdateOnFiber (node_modules/react-test-renderer/cjs/react-test-renderer.development.js:10326:9)
      at dispatchSetStateInternal (node_modules/react-test-renderer/cjs/react-test-renderer.development.js:4148:13)
      at dispatchSetState (node_modules/react-test-renderer/cjs/react-test-renderer.development.js:4107:7)
      at setStateLoaded (hooks/useWalletCreation.js:51:9)
      at asyncGeneratorStep (node_modules/@babel/runtime/helpers/asyncToGenerator.js:3:17)
      at _next (node_modules/@babel/runtime/helpers/asyncToGenerator.js:17:9)

    console.error
      The current testing environment is not configured to support act(...)

      100 |
      101 |       // Set showingIntro FIRST, before setting wallet, to prevent lock screen flash
    > 102 |       setShowingIntro(true);
          |       ^
      103 |       setShowingSeeds(false);
      104 |       setSeedConfirmed(false);
      105 |

      at isConcurrentActEnvironment (node_modules/react-test-renderer/cjs/react-test-renderer.development.js:10243:17)
      at warnIfUpdatesNotWrappedWithActDEV (node_modules/react-test-renderer/cjs/react-test-renderer.development.js:11798:7)
      at scheduleUpdateOnFiber (node_modules/react-test-renderer/cjs/react-test-renderer.development.js:10326:9)
      at dispatchSetStateInternal (node_modules/react-test-renderer/cjs/react-test-renderer.development.js:4148:13)
      at dispatchSetState (node_modules/react-test-renderer/cjs/react-test-renderer.development.js:4107:7)
      at Object.setShowingIntro (hooks/useWalletCreation.js:102:7)
      at asyncGeneratorStep (node_modules/@babel/runtime/helpers/asyncToGenerator.js:3:17)
      at _next (node_modules/@babel/runtime/helpers/asyncToGenerator.js:17:9)

    console.error
      The current testing environment is not configured to support act(...)

      101 |       // Set showingIntro FIRST, before setting wallet, to prevent lock screen flash
      102 |       setShowingIntro(true);
    > 103 |       setShowingSeeds(false);
          |       ^
      104 |       setSeedConfirmed(false);
      105 |
      106 |       // Wallet created, user authenticated to see seed phrase

      at isConcurrentActEnvironment (node_modules/react-test-renderer/cjs/react-test-renderer.development.js:10243:17)
      at warnIfUpdatesNotWrappedWithActDEV (node_modules/react-test-renderer/cjs/react-test-renderer.development.js:11798:7)
      at scheduleUpdateOnFiber (node_modules/react-test-renderer/cjs/react-test-renderer.development.js:10326:9)
      at dispatchSetStateInternal (node_modules/react-test-renderer/cjs/react-test-renderer.development.js:4148:13)
      at dispatchSetState (node_modules/react-test-renderer/cjs/react-test-renderer.development.js:4107:7)
      at Object.setShowingSeeds (hooks/useWalletCreation.js:103:7)
      at asyncGeneratorStep (node_modules/@babel/runtime/helpers/asyncToGenerator.js:3:17)
      at _next (node_modules/@babel/runtime/helpers/asyncToGenerator.js:17:9)

    console.error
      The current testing environment is not configured to support act(...)

      112 |
      113 |       // Temporarily store mnemonic for later saving after PIN setup
    > 114 |       setTempMnemonic(mnemonic);
          |       ^
      115 |       setTempMnemonicWords(mnemonic.split(' '));
      116 |     } catch (error) {
      117 |       showToast(parseErrorMessage(error), 'error');

      at isConcurrentActEnvironment (node_modules/react-test-renderer/cjs/react-test-renderer.development.js:10243:17)
      at warnIfUpdatesNotWrappedWithActDEV (node_modules/react-test-renderer/cjs/react-test-renderer.development.js:11798:7)
      at scheduleUpdateOnFiber (node_modules/react-test-renderer/cjs/react-test-renderer.development.js:10326:9)
      at dispatchSetStateInternal (node_modules/react-test-renderer/cjs/react-test-renderer.development.js:4148:13)
      at dispatchSetState (node_modules/react-test-renderer/cjs/react-test-renderer.development.js:4107:7)
      at Object.setTempMnemonic (hooks/useWalletCreation.js:114:7)
      at asyncGeneratorStep (node_modules/@babel/runtime/helpers/asyncToGenerator.js:3:17)
      at _next (node_modules/@babel/runtime/helpers/asyncToGenerator.js:17:9)

    console.error
      The current testing environment is not configured to support act(...)

      113 |       // Temporarily store mnemonic for later saving after PIN setup
      114 |       setTempMnemonic(mnemonic);
    > 115 |       setTempMnemonicWords(mnemonic.split(' '));
          |       ^
      116 |     } catch (error) {
      117 |       showToast(parseErrorMessage(error), 'error');
      118 |     }

      at isConcurrentActEnvironment (node_modules/react-test-renderer/cjs/react-test-renderer.development.js:10243:17)
      at warnIfUpdatesNotWrappedWithActDEV (node_modules/react-test-renderer/cjs/react-test-renderer.development.js:11798:7)
      at scheduleUpdateOnFiber (node_modules/react-test-renderer/cjs/react-test-renderer.development.js:10326:9)
      at dispatchSetStateInternal (node_modules/react-test-renderer/cjs/react-test-renderer.development.js:4148:13)
      at dispatchSetState (node_modules/react-test-renderer/cjs/react-test-renderer.development.js:4107:7)
      at Object.setTempMnemonicWords (hooks/useWalletCreation.js:115:7)
      at asyncGeneratorStep (node_modules/@babel/runtime/helpers/asyncToGenerator.js:3:17)
      at _next (node_modules/@babel/runtime/helpers/asyncToGenerator.js:17:9)

    console.error
      react-test-renderer is deprecated. See https://react.dev/warnings/react-test-renderer

      38 |   let component;
      39 |   act(() => {
    > 40 |     component = create(<TestComponent hookProps={initialProps} />);
         |                       ^
      41 |   });
      42 |   return {
      43 |     result,

      at process.env.NODE_ENV.exports.create (node_modules/react-test-renderer/cjs/react-test-renderer.development.js:14598:17)
      at hooks/__tests__/useWalletCreation.test.js:40:23
      at process.env.NODE_ENV.exports.act (node_modules/react/cjs/react.development.js:789:22)
      at renderHook (hooks/__tests__/useWalletCreation.test.js:39:6)
      at Object.renderHook (hooks/__tests__/useWalletCreation.test.js:278:26)
      at asyncGeneratorStep (node_modules/@babel/runtime/helpers/asyncToGenerator.js:3:17)
      at _next (node_modules/@babel/runtime/helpers/asyncToGenerator.js:17:9)
      at node_modules/@babel/runtime/helpers/asyncToGenerator.js:22:7
      at Object.<anonymous> (node_modules/@babel/runtime/helpers/asyncToGenerator.js:14:12)

    console.error
      The current testing environment is not configured to support act(...)

      38 |   let component;
      39 |   act(() => {
    > 40 |     component = create(<TestComponent hookProps={initialProps} />);
         |                       ^
      41 |   });
      42 |   return {
      43 |     result,

      at isConcurrentActEnvironment (node_modules/react-test-renderer/cjs/react-test-renderer.development.js:10243:17)
      at warnIfUpdatesNotWrappedWithActDEV (node_modules/react-test-renderer/cjs/react-test-renderer.development.js:11798:7)
      at scheduleUpdateOnFiber (node_modules/react-test-renderer/cjs/react-test-renderer.development.js:10326:9)
      at updateContainerImpl (node_modules/react-test-renderer/cjs/react-test-renderer.development.js:12382:10)
      at updateContainer (node_modules/react-test-renderer/cjs/react-test-renderer.development.js:12326:7)
      at process.env.NODE_ENV.exports.create (node_modules/react-test-renderer/cjs/react-test-renderer.development.js:14630:7)
      at hooks/__tests__/useWalletCreation.test.js:40:23
      at process.env.NODE_ENV.exports.act (node_modules/react/cjs/react.development.js:789:22)
      at renderHook (hooks/__tests__/useWalletCreation.test.js:39:6)
      at Object.renderHook (hooks/__tests__/useWalletCreation.test.js:278:26)
      at asyncGeneratorStep (node_modules/@babel/runtime/helpers/asyncToGenerator.js:3:17)
      at _next (node_modules/@babel/runtime/helpers/asyncToGenerator.js:17:9)
      at node_modules/@babel/runtime/helpers/asyncToGenerator.js:22:7
      at Object.<anonymous> (node_modules/@babel/runtime/helpers/asyncToGenerator.js:14:12)

    console.error
      The current testing environment is not configured to support act(...)

      49 |         // Silently fail - state will be empty on first run
      50 |       } finally {
    > 51 |         setStateLoaded(true);
         |         ^
      52 |       }
      53 |     };
      54 |

      at isConcurrentActEnvironment (node_modules/react-test-renderer/cjs/react-test-renderer.development.js:10243:17)
      at warnIfUpdatesNotWrappedWithActDEV (node_modules/react-test-renderer/cjs/react-test-renderer.development.js:11798:7)
      at scheduleUpdateOnFiber (node_modules/react-test-renderer/cjs/react-test-renderer.development.js:10326:9)
      at dispatchSetStateInternal (node_modules/react-test-renderer/cjs/react-test-renderer.development.js:4148:13)
      at dispatchSetState (node_modules/react-test-renderer/cjs/react-test-renderer.development.js:4107:7)
      at setStateLoaded (hooks/useWalletCreation.js:51:9)
      at asyncGeneratorStep (node_modules/@babel/runtime/helpers/asyncToGenerator.js:3:17)
      at _next (node_modules/@babel/runtime/helpers/asyncToGenerator.js:17:9)

    console.error
      react-test-renderer is deprecated. See https://react.dev/warnings/react-test-renderer

      38 |   let component;
      39 |   act(() => {
    > 40 |     component = create(<TestComponent hookProps={initialProps} />);
         |                       ^
      41 |   });
      42 |   return {
      43 |     result,

      at process.env.NODE_ENV.exports.create (node_modules/react-test-renderer/cjs/react-test-renderer.development.js:14598:17)
      at hooks/__tests__/useWalletCreation.test.js:40:23
      at process.env.NODE_ENV.exports.act (node_modules/react/cjs/react.development.js:789:22)
      at renderHook (hooks/__tests__/useWalletCreation.test.js:39:6)
      at Object.renderHook (hooks/__tests__/useWalletCreation.test.js:290:26)
      at asyncGeneratorStep (node_modules/@babel/runtime/helpers/asyncToGenerator.js:3:17)
      at _next (node_modules/@babel/runtime/helpers/asyncToGenerator.js:17:9)
      at node_modules/@babel/runtime/helpers/asyncToGenerator.js:22:7
      at Object.<anonymous> (node_modules/@babel/runtime/helpers/asyncToGenerator.js:14:12)

    console.error
      The current testing environment is not configured to support act(...)

      38 |   let component;
      39 |   act(() => {
    > 40 |     component = create(<TestComponent hookProps={initialProps} />);
         |                       ^
      41 |   });
      42 |   return {
      43 |     result,

      at isConcurrentActEnvironment (node_modules/react-test-renderer/cjs/react-test-renderer.development.js:10243:17)
      at warnIfUpdatesNotWrappedWithActDEV (node_modules/react-test-renderer/cjs/react-test-renderer.development.js:11798:7)
      at scheduleUpdateOnFiber (node_modules/react-test-renderer/cjs/react-test-renderer.development.js:10326:9)
      at updateContainerImpl (node_modules/react-test-renderer/cjs/react-test-renderer.development.js:12382:10)
      at updateContainer (node_modules/react-test-renderer/cjs/react-test-renderer.development.js:12326:7)
      at process.env.NODE_ENV.exports.create (node_modules/react-test-renderer/cjs/react-test-renderer.development.js:14630:7)
      at hooks/__tests__/useWalletCreation.test.js:40:23
      at process.env.NODE_ENV.exports.act (node_modules/react/cjs/react.development.js:789:22)
      at renderHook (hooks/__tests__/useWalletCreation.test.js:39:6)
      at Object.renderHook (hooks/__tests__/useWalletCreation.test.js:290:26)
      at asyncGeneratorStep (node_modules/@babel/runtime/helpers/asyncToGenerator.js:3:17)
      at _next (node_modules/@babel/runtime/helpers/asyncToGenerator.js:17:9)
      at node_modules/@babel/runtime/helpers/asyncToGenerator.js:22:7
      at Object.<anonymous> (node_modules/@babel/runtime/helpers/asyncToGenerator.js:14:12)

    console.error
      The current testing environment is not configured to support act(...)

      49 |         // Silently fail - state will be empty on first run
      50 |       } finally {
    > 51 |         setStateLoaded(true);
         |         ^
      52 |       }
      53 |     };
      54 |

      at isConcurrentActEnvironment (node_modules/react-test-renderer/cjs/react-test-renderer.development.js:10243:17)
      at warnIfUpdatesNotWrappedWithActDEV (node_modules/react-test-renderer/cjs/react-test-renderer.development.js:11798:7)
      at scheduleUpdateOnFiber (node_modules/react-test-renderer/cjs/react-test-renderer.development.js:10326:9)
      at dispatchSetStateInternal (node_modules/react-test-renderer/cjs/react-test-renderer.development.js:4148:13)
      at dispatchSetState (node_modules/react-test-renderer/cjs/react-test-renderer.development.js:4107:7)
      at setStateLoaded (hooks/useWalletCreation.js:51:9)
      at asyncGeneratorStep (node_modules/@babel/runtime/helpers/asyncToGenerator.js:3:17)
      at _next (node_modules/@babel/runtime/helpers/asyncToGenerator.js:17:9)

    console.error
      The current testing environment is not configured to support act(...)

      100 |
      101 |       // Set showingIntro FIRST, before setting wallet, to prevent lock screen flash
    > 102 |       setShowingIntro(true);
          |       ^
      103 |       setShowingSeeds(false);
      104 |       setSeedConfirmed(false);
      105 |

      at isConcurrentActEnvironment (node_modules/react-test-renderer/cjs/react-test-renderer.development.js:10243:17)
      at warnIfUpdatesNotWrappedWithActDEV (node_modules/react-test-renderer/cjs/react-test-renderer.development.js:11798:7)
      at scheduleUpdateOnFiber (node_modules/react-test-renderer/cjs/react-test-renderer.development.js:10326:9)
      at dispatchSetStateInternal (node_modules/react-test-renderer/cjs/react-test-renderer.development.js:4148:13)
      at dispatchSetState (node_modules/react-test-renderer/cjs/react-test-renderer.development.js:4107:7)
      at Object.setShowingIntro (hooks/useWalletCreation.js:102:7)
      at asyncGeneratorStep (node_modules/@babel/runtime/helpers/asyncToGenerator.js:3:17)
      at _next (node_modules/@babel/runtime/helpers/asyncToGenerator.js:17:9)

    console.error
      The current testing environment is not configured to support act(...)

      101 |       // Set showingIntro FIRST, before setting wallet, to prevent lock screen flash
      102 |       setShowingIntro(true);
    > 103 |       setShowingSeeds(false);
          |       ^
      104 |       setSeedConfirmed(false);
      105 |
      106 |       // Wallet created, user authenticated to see seed phrase

      at isConcurrentActEnvironment (node_modules/react-test-renderer/cjs/react-test-renderer.development.js:10243:17)
      at warnIfUpdatesNotWrappedWithActDEV (node_modules/react-test-renderer/cjs/react-test-renderer.development.js:11798:7)
      at scheduleUpdateOnFiber (node_modules/react-test-renderer/cjs/react-test-renderer.development.js:10326:9)
      at dispatchSetStateInternal (node_modules/react-test-renderer/cjs/react-test-renderer.development.js:4148:13)
      at dispatchSetState (node_modules/react-test-renderer/cjs/react-test-renderer.development.js:4107:7)
      at Object.setShowingSeeds (hooks/useWalletCreation.js:103:7)
      at asyncGeneratorStep (node_modules/@babel/runtime/helpers/asyncToGenerator.js:3:17)
      at _next (node_modules/@babel/runtime/helpers/asyncToGenerator.js:17:9)

    console.error
      The current testing environment is not configured to support act(...)

      112 |
      113 |       // Temporarily store mnemonic for later saving after PIN setup
    > 114 |       setTempMnemonic(mnemonic);
          |       ^
      115 |       setTempMnemonicWords(mnemonic.split(' '));
      116 |     } catch (error) {
      117 |       showToast(parseErrorMessage(error), 'error');

      at isConcurrentActEnvironment (node_modules/react-test-renderer/cjs/react-test-renderer.development.js:10243:17)
      at warnIfUpdatesNotWrappedWithActDEV (node_modules/react-test-renderer/cjs/react-test-renderer.development.js:11798:7)
      at scheduleUpdateOnFiber (node_modules/react-test-renderer/cjs/react-test-renderer.development.js:10326:9)
      at dispatchSetStateInternal (node_modules/react-test-renderer/cjs/react-test-renderer.development.js:4148:13)
      at dispatchSetState (node_modules/react-test-renderer/cjs/react-test-renderer.development.js:4107:7)
      at Object.setTempMnemonic (hooks/useWalletCreation.js:114:7)
      at asyncGeneratorStep (node_modules/@babel/runtime/helpers/asyncToGenerator.js:3:17)
      at _next (node_modules/@babel/runtime/helpers/asyncToGenerator.js:17:9)

    console.error
      The current testing environment is not configured to support act(...)

      113 |       // Temporarily store mnemonic for later saving after PIN setup
      114 |       setTempMnemonic(mnemonic);
    > 115 |       setTempMnemonicWords(mnemonic.split(' '));
          |       ^
      116 |     } catch (error) {
      117 |       showToast(parseErrorMessage(error), 'error');
      118 |     }

      at isConcurrentActEnvironment (node_modules/react-test-renderer/cjs/react-test-renderer.development.js:10243:17)
      at warnIfUpdatesNotWrappedWithActDEV (node_modules/react-test-renderer/cjs/react-test-renderer.development.js:11798:7)
      at scheduleUpdateOnFiber (node_modules/react-test-renderer/cjs/react-test-renderer.development.js:10326:9)
      at dispatchSetStateInternal (node_modules/react-test-renderer/cjs/react-test-renderer.development.js:4148:13)
      at dispatchSetState (node_modules/react-test-renderer/cjs/react-test-renderer.development.js:4107:7)
      at Object.setTempMnemonicWords (hooks/useWalletCreation.js:115:7)
      at asyncGeneratorStep (node_modules/@babel/runtime/helpers/asyncToGenerator.js:3:17)
      at _next (node_modules/@babel/runtime/helpers/asyncToGenerator.js:17:9)

    console.error
      react-test-renderer is deprecated. See https://react.dev/warnings/react-test-renderer

      38 |   let component;
      39 |   act(() => {
    > 40 |     component = create(<TestComponent hookProps={initialProps} />);
         |                       ^
      41 |   });
      42 |   return {
      43 |     result,

      at process.env.NODE_ENV.exports.create (node_modules/react-test-renderer/cjs/react-test-renderer.development.js:14598:17)
      at hooks/__tests__/useWalletCreation.test.js:40:23
      at process.env.NODE_ENV.exports.act (node_modules/react/cjs/react.development.js:789:22)
      at renderHook (hooks/__tests__/useWalletCreation.test.js:39:6)
      at Object.renderHook (hooks/__tests__/useWalletCreation.test.js:304:26)
      at asyncGeneratorStep (node_modules/@babel/runtime/helpers/asyncToGenerator.js:3:17)
      at _next (node_modules/@babel/runtime/helpers/asyncToGenerator.js:17:9)
      at node_modules/@babel/runtime/helpers/asyncToGenerator.js:22:7
      at Object.<anonymous> (node_modules/@babel/runtime/helpers/asyncToGenerator.js:14:12)

    console.error
      The current testing environment is not configured to support act(...)

      38 |   let component;
      39 |   act(() => {
    > 40 |     component = create(<TestComponent hookProps={initialProps} />);
         |                       ^
      41 |   });
      42 |   return {
      43 |     result,

      at isConcurrentActEnvironment (node_modules/react-test-renderer/cjs/react-test-renderer.development.js:10243:17)
      at warnIfUpdatesNotWrappedWithActDEV (node_modules/react-test-renderer/cjs/react-test-renderer.development.js:11798:7)
      at scheduleUpdateOnFiber (node_modules/react-test-renderer/cjs/react-test-renderer.development.js:10326:9)
      at updateContainerImpl (node_modules/react-test-renderer/cjs/react-test-renderer.development.js:12382:10)
      at updateContainer (node_modules/react-test-renderer/cjs/react-test-renderer.development.js:12326:7)
      at process.env.NODE_ENV.exports.create (node_modules/react-test-renderer/cjs/react-test-renderer.development.js:14630:7)
      at hooks/__tests__/useWalletCreation.test.js:40:23
      at process.env.NODE_ENV.exports.act (node_modules/react/cjs/react.development.js:789:22)
      at renderHook (hooks/__tests__/useWalletCreation.test.js:39:6)
      at Object.renderHook (hooks/__tests__/useWalletCreation.test.js:304:26)
      at asyncGeneratorStep (node_modules/@babel/runtime/helpers/asyncToGenerator.js:3:17)
      at _next (node_modules/@babel/runtime/helpers/asyncToGenerator.js:17:9)
      at node_modules/@babel/runtime/helpers/asyncToGenerator.js:22:7
      at Object.<anonymous> (node_modules/@babel/runtime/helpers/asyncToGenerator.js:14:12)

    console.error
      The current testing environment is not configured to support act(...)

      49 |         // Silently fail - state will be empty on first run
      50 |       } finally {
    > 51 |         setStateLoaded(true);
         |         ^
      52 |       }
      53 |     };
      54 |

      at isConcurrentActEnvironment (node_modules/react-test-renderer/cjs/react-test-renderer.development.js:10243:17)
      at warnIfUpdatesNotWrappedWithActDEV (node_modules/react-test-renderer/cjs/react-test-renderer.development.js:11798:7)
      at scheduleUpdateOnFiber (node_modules/react-test-renderer/cjs/react-test-renderer.development.js:10326:9)
      at dispatchSetStateInternal (node_modules/react-test-renderer/cjs/react-test-renderer.development.js:4148:13)
      at dispatchSetState (node_modules/react-test-renderer/cjs/react-test-renderer.development.js:4107:7)
      at setStateLoaded (hooks/useWalletCreation.js:51:9)
      at asyncGeneratorStep (node_modules/@babel/runtime/helpers/asyncToGenerator.js:3:17)
      at _next (node_modules/@babel/runtime/helpers/asyncToGenerator.js:17:9)

    console.error
      The current testing environment is not configured to support act(...)

      100 |
      101 |       // Set showingIntro FIRST, before setting wallet, to prevent lock screen flash
    > 102 |       setShowingIntro(true);
          |       ^
      103 |       setShowingSeeds(false);
      104 |       setSeedConfirmed(false);
      105 |

      at isConcurrentActEnvironment (node_modules/react-test-renderer/cjs/react-test-renderer.development.js:10243:17)
      at warnIfUpdatesNotWrappedWithActDEV (node_modules/react-test-renderer/cjs/react-test-renderer.development.js:11798:7)
      at scheduleUpdateOnFiber (node_modules/react-test-renderer/cjs/react-test-renderer.development.js:10326:9)
      at dispatchSetStateInternal (node_modules/react-test-renderer/cjs/react-test-renderer.development.js:4148:13)
      at dispatchSetState (node_modules/react-test-renderer/cjs/react-test-renderer.development.js:4107:7)
      at Object.setShowingIntro (hooks/useWalletCreation.js:102:7)
      at asyncGeneratorStep (node_modules/@babel/runtime/helpers/asyncToGenerator.js:3:17)
      at _next (node_modules/@babel/runtime/helpers/asyncToGenerator.js:17:9)

    console.error
      The current testing environment is not configured to support act(...)

      101 |       // Set showingIntro FIRST, before setting wallet, to prevent lock screen flash
      102 |       setShowingIntro(true);
    > 103 |       setShowingSeeds(false);
          |       ^
      104 |       setSeedConfirmed(false);
      105 |
      106 |       // Wallet created, user authenticated to see seed phrase

      at isConcurrentActEnvironment (node_modules/react-test-renderer/cjs/react-test-renderer.development.js:10243:17)
      at warnIfUpdatesNotWrappedWithActDEV (node_modules/react-test-renderer/cjs/react-test-renderer.development.js:11798:7)
      at scheduleUpdateOnFiber (node_modules/react-test-renderer/cjs/react-test-renderer.development.js:10326:9)
      at dispatchSetStateInternal (node_modules/react-test-renderer/cjs/react-test-renderer.development.js:4148:13)
      at dispatchSetState (node_modules/react-test-renderer/cjs/react-test-renderer.development.js:4107:7)
      at Object.setShowingSeeds (hooks/useWalletCreation.js:103:7)
      at asyncGeneratorStep (node_modules/@babel/runtime/helpers/asyncToGenerator.js:3:17)
      at _next (node_modules/@babel/runtime/helpers/asyncToGenerator.js:17:9)

    console.error
      The current testing environment is not configured to support act(...)

      112 |
      113 |       // Temporarily store mnemonic for later saving after PIN setup
    > 114 |       setTempMnemonic(mnemonic);
          |       ^
      115 |       setTempMnemonicWords(mnemonic.split(' '));
      116 |     } catch (error) {
      117 |       showToast(parseErrorMessage(error), 'error');

      at isConcurrentActEnvironment (node_modules/react-test-renderer/cjs/react-test-renderer.development.js:10243:17)
      at warnIfUpdatesNotWrappedWithActDEV (node_modules/react-test-renderer/cjs/react-test-renderer.development.js:11798:7)
      at scheduleUpdateOnFiber (node_modules/react-test-renderer/cjs/react-test-renderer.development.js:10326:9)
      at dispatchSetStateInternal (node_modules/react-test-renderer/cjs/react-test-renderer.development.js:4148:13)
      at dispatchSetState (node_modules/react-test-renderer/cjs/react-test-renderer.development.js:4107:7)
      at Object.setTempMnemonic (hooks/useWalletCreation.js:114:7)
      at asyncGeneratorStep (node_modules/@babel/runtime/helpers/asyncToGenerator.js:3:17)
      at _next (node_modules/@babel/runtime/helpers/asyncToGenerator.js:17:9)

    console.error
      The current testing environment is not configured to support act(...)

      113 |       // Temporarily store mnemonic for later saving after PIN setup
      114 |       setTempMnemonic(mnemonic);
    > 115 |       setTempMnemonicWords(mnemonic.split(' '));
          |       ^
      116 |     } catch (error) {
      117 |       showToast(parseErrorMessage(error), 'error');
      118 |     }

      at isConcurrentActEnvironment (node_modules/react-test-renderer/cjs/react-test-renderer.development.js:10243:17)
      at warnIfUpdatesNotWrappedWithActDEV (node_modules/react-test-renderer/cjs/react-test-renderer.development.js:11798:7)
      at scheduleUpdateOnFiber (node_modules/react-test-renderer/cjs/react-test-renderer.development.js:10326:9)
      at dispatchSetStateInternal (node_modules/react-test-renderer/cjs/react-test-renderer.development.js:4148:13)
      at dispatchSetState (node_modules/react-test-renderer/cjs/react-test-renderer.development.js:4107:7)
      at Object.setTempMnemonicWords (hooks/useWalletCreation.js:115:7)
      at asyncGeneratorStep (node_modules/@babel/runtime/helpers/asyncToGenerator.js:3:17)
      at _next (node_modules/@babel/runtime/helpers/asyncToGenerator.js:17:9)

    console.error
      The current testing environment is not configured to support act(...)

      141 |
      142 |       // Securely clear temporary mnemonic from memory
    > 143 |       setTempMnemonic('*'.repeat(tempMnemonic.length));
          |       ^
      144 |       setTimeout(() => setTempMnemonic(''), 100);
      145 |       setTempMnemonicWords(Array(12).fill('*'.repeat(8)));
      146 |       setTimeout(() => setTempMnemonicWords([]), 100);

      at isConcurrentActEnvironment (node_modules/react-test-renderer/cjs/react-test-renderer.development.js:10243:17)
      at warnIfUpdatesNotWrappedWithActDEV (node_modules/react-test-renderer/cjs/react-test-renderer.development.js:11798:7)
      at scheduleUpdateOnFiber (node_modules/react-test-renderer/cjs/react-test-renderer.development.js:10326:9)
      at dispatchSetStateInternal (node_modules/react-test-renderer/cjs/react-test-renderer.development.js:4148:13)
      at dispatchSetState (node_modules/react-test-renderer/cjs/react-test-renderer.development.js:4107:7)
      at Object.setTempMnemonic (hooks/useWalletCreation.js:143:7)
      at asyncGeneratorStep (node_modules/@babel/runtime/helpers/asyncToGenerator.js:3:17)
      at _next (node_modules/@babel/runtime/helpers/asyncToGenerator.js:17:9)

    console.error
      The current testing environment is not configured to support act(...)

      143 |       setTempMnemonic('*'.repeat(tempMnemonic.length));
      144 |       setTimeout(() => setTempMnemonic(''), 100);
    > 145 |       setTempMnemonicWords(Array(12).fill('*'.repeat(8)));
          |       ^
      146 |       setTimeout(() => setTempMnemonicWords([]), 100);
      147 |
      148 |       // Clear persisted creation state (onboarding complete!)

      at isConcurrentActEnvironment (node_modules/react-test-renderer/cjs/react-test-renderer.development.js:10243:17)
      at warnIfUpdatesNotWrappedWithActDEV (node_modules/react-test-renderer/cjs/react-test-renderer.development.js:11798:7)
      at scheduleUpdateOnFiber (node_modules/react-test-renderer/cjs/react-test-renderer.development.js:10326:9)
      at dispatchSetStateInternal (node_modules/react-test-renderer/cjs/react-test-renderer.development.js:4148:13)
      at dispatchSetState (node_modules/react-test-renderer/cjs/react-test-renderer.development.js:4107:7)
      at Object.setTempMnemonicWords (hooks/useWalletCreation.js:145:7)
      at asyncGeneratorStep (node_modules/@babel/runtime/helpers/asyncToGenerator.js:3:17)
      at _next (node_modules/@babel/runtime/helpers/asyncToGenerator.js:17:9)

    console.error
      react-test-renderer is deprecated. See https://react.dev/warnings/react-test-renderer

      38 |   let component;
      39 |   act(() => {
    > 40 |     component = create(<TestComponent hookProps={initialProps} />);
         |                       ^
      41 |   });
      42 |   return {
      43 |     result,

      at process.env.NODE_ENV.exports.create (node_modules/react-test-renderer/cjs/react-test-renderer.development.js:14598:17)
      at hooks/__tests__/useWalletCreation.test.js:40:23
      at process.env.NODE_ENV.exports.act (node_modules/react/cjs/react.development.js:789:22)
      at renderHook (hooks/__tests__/useWalletCreation.test.js:39:6)
      at Object.renderHook (hooks/__tests__/useWalletCreation.test.js:324:26)
      at asyncGeneratorStep (node_modules/@babel/runtime/helpers/asyncToGenerator.js:3:17)
      at _next (node_modules/@babel/runtime/helpers/asyncToGenerator.js:17:9)
      at node_modules/@babel/runtime/helpers/asyncToGenerator.js:22:7
      at Object.<anonymous> (node_modules/@babel/runtime/helpers/asyncToGenerator.js:14:12)

    console.error
      The current testing environment is not configured to support act(...)

      38 |   let component;
      39 |   act(() => {
    > 40 |     component = create(<TestComponent hookProps={initialProps} />);
         |                       ^
      41 |   });
      42 |   return {
      43 |     result,

      at isConcurrentActEnvironment (node_modules/react-test-renderer/cjs/react-test-renderer.development.js:10243:17)
      at warnIfUpdatesNotWrappedWithActDEV (node_modules/react-test-renderer/cjs/react-test-renderer.development.js:11798:7)
      at scheduleUpdateOnFiber (node_modules/react-test-renderer/cjs/react-test-renderer.development.js:10326:9)
      at updateContainerImpl (node_modules/react-test-renderer/cjs/react-test-renderer.development.js:12382:10)
      at updateContainer (node_modules/react-test-renderer/cjs/react-test-renderer.development.js:12326:7)
      at process.env.NODE_ENV.exports.create (node_modules/react-test-renderer/cjs/react-test-renderer.development.js:14630:7)
      at hooks/__tests__/useWalletCreation.test.js:40:23
      at process.env.NODE_ENV.exports.act (node_modules/react/cjs/react.development.js:789:22)
      at renderHook (hooks/__tests__/useWalletCreation.test.js:39:6)
      at Object.renderHook (hooks/__tests__/useWalletCreation.test.js:324:26)
      at asyncGeneratorStep (node_modules/@babel/runtime/helpers/asyncToGenerator.js:3:17)
      at _next (node_modules/@babel/runtime/helpers/asyncToGenerator.js:17:9)
      at node_modules/@babel/runtime/helpers/asyncToGenerator.js:22:7
      at Object.<anonymous> (node_modules/@babel/runtime/helpers/asyncToGenerator.js:14:12)

    console.error
      The current testing environment is not configured to support act(...)

      49 |         // Silently fail - state will be empty on first run
      50 |       } finally {
    > 51 |         setStateLoaded(true);
         |         ^
      52 |       }
      53 |     };
      54 |

      at isConcurrentActEnvironment (node_modules/react-test-renderer/cjs/react-test-renderer.development.js:10243:17)
      at warnIfUpdatesNotWrappedWithActDEV (node_modules/react-test-renderer/cjs/react-test-renderer.development.js:11798:7)
      at scheduleUpdateOnFiber (node_modules/react-test-renderer/cjs/react-test-renderer.development.js:10326:9)
      at dispatchSetStateInternal (node_modules/react-test-renderer/cjs/react-test-renderer.development.js:4148:13)
      at dispatchSetState (node_modules/react-test-renderer/cjs/react-test-renderer.development.js:4107:7)
      at setStateLoaded (hooks/useWalletCreation.js:51:9)
      at asyncGeneratorStep (node_modules/@babel/runtime/helpers/asyncToGenerator.js:3:17)
      at _next (node_modules/@babel/runtime/helpers/asyncToGenerator.js:17:9)

    console.error
      The current testing environment is not configured to support act(...)

      100 |
      101 |       // Set showingIntro FIRST, before setting wallet, to prevent lock screen flash
    > 102 |       setShowingIntro(true);
          |       ^
      103 |       setShowingSeeds(false);
      104 |       setSeedConfirmed(false);
      105 |

      at isConcurrentActEnvironment (node_modules/react-test-renderer/cjs/react-test-renderer.development.js:10243:17)
      at warnIfUpdatesNotWrappedWithActDEV (node_modules/react-test-renderer/cjs/react-test-renderer.development.js:11798:7)
      at scheduleUpdateOnFiber (node_modules/react-test-renderer/cjs/react-test-renderer.development.js:10326:9)
      at dispatchSetStateInternal (node_modules/react-test-renderer/cjs/react-test-renderer.development.js:4148:13)
      at dispatchSetState (node_modules/react-test-renderer/cjs/react-test-renderer.development.js:4107:7)
      at Object.setShowingIntro (hooks/useWalletCreation.js:102:7)
      at asyncGeneratorStep (node_modules/@babel/runtime/helpers/asyncToGenerator.js:3:17)
      at _next (node_modules/@babel/runtime/helpers/asyncToGenerator.js:17:9)

    console.error
      The current testing environment is not configured to support act(...)

      101 |       // Set showingIntro FIRST, before setting wallet, to prevent lock screen flash
      102 |       setShowingIntro(true);
    > 103 |       setShowingSeeds(false);
          |       ^
      104 |       setSeedConfirmed(false);
      105 |
      106 |       // Wallet created, user authenticated to see seed phrase

      at isConcurrentActEnvironment (node_modules/react-test-renderer/cjs/react-test-renderer.development.js:10243:17)
      at warnIfUpdatesNotWrappedWithActDEV (node_modules/react-test-renderer/cjs/react-test-renderer.development.js:11798:7)
      at scheduleUpdateOnFiber (node_modules/react-test-renderer/cjs/react-test-renderer.development.js:10326:9)
      at dispatchSetStateInternal (node_modules/react-test-renderer/cjs/react-test-renderer.development.js:4148:13)
      at dispatchSetState (node_modules/react-test-renderer/cjs/react-test-renderer.development.js:4107:7)
      at Object.setShowingSeeds (hooks/useWalletCreation.js:103:7)
      at asyncGeneratorStep (node_modules/@babel/runtime/helpers/asyncToGenerator.js:3:17)
      at _next (node_modules/@babel/runtime/helpers/asyncToGenerator.js:17:9)

    console.error
      The current testing environment is not configured to support act(...)

      112 |
      113 |       // Temporarily store mnemonic for later saving after PIN setup
    > 114 |       setTempMnemonic(mnemonic);
          |       ^
      115 |       setTempMnemonicWords(mnemonic.split(' '));
      116 |     } catch (error) {
      117 |       showToast(parseErrorMessage(error), 'error');

      at isConcurrentActEnvironment (node_modules/react-test-renderer/cjs/react-test-renderer.development.js:10243:17)
      at warnIfUpdatesNotWrappedWithActDEV (node_modules/react-test-renderer/cjs/react-test-renderer.development.js:11798:7)
      at scheduleUpdateOnFiber (node_modules/react-test-renderer/cjs/react-test-renderer.development.js:10326:9)
      at dispatchSetStateInternal (node_modules/react-test-renderer/cjs/react-test-renderer.development.js:4148:13)
      at dispatchSetState (node_modules/react-test-renderer/cjs/react-test-renderer.development.js:4107:7)
      at Object.setTempMnemonic (hooks/useWalletCreation.js:114:7)
      at asyncGeneratorStep (node_modules/@babel/runtime/helpers/asyncToGenerator.js:3:17)
      at _next (node_modules/@babel/runtime/helpers/asyncToGenerator.js:17:9)

    console.error
      The current testing environment is not configured to support act(...)

      113 |       // Temporarily store mnemonic for later saving after PIN setup
      114 |       setTempMnemonic(mnemonic);
    > 115 |       setTempMnemonicWords(mnemonic.split(' '));
          |       ^
      116 |     } catch (error) {
      117 |       showToast(parseErrorMessage(error), 'error');
      118 |     }

      at isConcurrentActEnvironment (node_modules/react-test-renderer/cjs/react-test-renderer.development.js:10243:17)
      at warnIfUpdatesNotWrappedWithActDEV (node_modules/react-test-renderer/cjs/react-test-renderer.development.js:11798:7)
      at scheduleUpdateOnFiber (node_modules/react-test-renderer/cjs/react-test-renderer.development.js:10326:9)
      at dispatchSetStateInternal (node_modules/react-test-renderer/cjs/react-test-renderer.development.js:4148:13)
      at dispatchSetState (node_modules/react-test-renderer/cjs/react-test-renderer.development.js:4107:7)
      at Object.setTempMnemonicWords (hooks/useWalletCreation.js:115:7)
      at asyncGeneratorStep (node_modules/@babel/runtime/helpers/asyncToGenerator.js:3:17)
      at _next (node_modules/@babel/runtime/helpers/asyncToGenerator.js:17:9)

    console.error
      The current testing environment is not configured to support act(...)

      141 |
      142 |       // Securely clear temporary mnemonic from memory
    > 143 |       setTempMnemonic('*'.repeat(tempMnemonic.length));
          |       ^
      144 |       setTimeout(() => setTempMnemonic(''), 100);
      145 |       setTempMnemonicWords(Array(12).fill('*'.repeat(8)));
      146 |       setTimeout(() => setTempMnemonicWords([]), 100);

      at isConcurrentActEnvironment (node_modules/react-test-renderer/cjs/react-test-renderer.development.js:10243:17)
      at warnIfUpdatesNotWrappedWithActDEV (node_modules/react-test-renderer/cjs/react-test-renderer.development.js:11798:7)
      at scheduleUpdateOnFiber (node_modules/react-test-renderer/cjs/react-test-renderer.development.js:10326:9)
      at dispatchSetStateInternal (node_modules/react-test-renderer/cjs/react-test-renderer.development.js:4148:13)
      at dispatchSetState (node_modules/react-test-renderer/cjs/react-test-renderer.development.js:4107:7)
      at Object.setTempMnemonic (hooks/useWalletCreation.js:143:7)
      at asyncGeneratorStep (node_modules/@babel/runtime/helpers/asyncToGenerator.js:3:17)
      at _next (node_modules/@babel/runtime/helpers/asyncToGenerator.js:17:9)

    console.error
      The current testing environment is not configured to support act(...)

      143 |       setTempMnemonic('*'.repeat(tempMnemonic.length));
      144 |       setTimeout(() => setTempMnemonic(''), 100);
    > 145 |       setTempMnemonicWords(Array(12).fill('*'.repeat(8)));
          |       ^
      146 |       setTimeout(() => setTempMnemonicWords([]), 100);
      147 |
      148 |       // Clear persisted creation state (onboarding complete!)

      at isConcurrentActEnvironment (node_modules/react-test-renderer/cjs/react-test-renderer.development.js:10243:17)
      at warnIfUpdatesNotWrappedWithActDEV (node_modules/react-test-renderer/cjs/react-test-renderer.development.js:11798:7)
      at scheduleUpdateOnFiber (node_modules/react-test-renderer/cjs/react-test-renderer.development.js:10326:9)
      at dispatchSetStateInternal (node_modules/react-test-renderer/cjs/react-test-renderer.development.js:4148:13)
      at dispatchSetState (node_modules/react-test-renderer/cjs/react-test-renderer.development.js:4107:7)
      at Object.setTempMnemonicWords (hooks/useWalletCreation.js:145:7)
      at asyncGeneratorStep (node_modules/@babel/runtime/helpers/asyncToGenerator.js:3:17)
      at _next (node_modules/@babel/runtime/helpers/asyncToGenerator.js:17:9)

    console.error
      react-test-renderer is deprecated. See https://react.dev/warnings/react-test-renderer

      38 |   let component;
      39 |   act(() => {
    > 40 |     component = create(<TestComponent hookProps={initialProps} />);
         |                       ^
      41 |   });
      42 |   return {
      43 |     result,

      at process.env.NODE_ENV.exports.create (node_modules/react-test-renderer/cjs/react-test-renderer.development.js:14598:17)
      at hooks/__tests__/useWalletCreation.test.js:40:23
      at process.env.NODE_ENV.exports.act (node_modules/react/cjs/react.development.js:789:22)
      at renderHook (hooks/__tests__/useWalletCreation.test.js:39:6)
      at Object.renderHook (hooks/__tests__/useWalletCreation.test.js:340:26)
      at asyncGeneratorStep (node_modules/@babel/runtime/helpers/asyncToGenerator.js:3:17)
      at _next (node_modules/@babel/runtime/helpers/asyncToGenerator.js:17:9)
      at node_modules/@babel/runtime/helpers/asyncToGenerator.js:22:7
      at Object.<anonymous> (node_modules/@babel/runtime/helpers/asyncToGenerator.js:14:12)

    console.error
      The current testing environment is not configured to support act(...)

      38 |   let component;
      39 |   act(() => {
    > 40 |     component = create(<TestComponent hookProps={initialProps} />);
         |                       ^
      41 |   });
      42 |   return {
      43 |     result,

      at isConcurrentActEnvironment (node_modules/react-test-renderer/cjs/react-test-renderer.development.js:10243:17)
      at warnIfUpdatesNotWrappedWithActDEV (node_modules/react-test-renderer/cjs/react-test-renderer.development.js:11798:7)
      at scheduleUpdateOnFiber (node_modules/react-test-renderer/cjs/react-test-renderer.development.js:10326:9)
      at updateContainerImpl (node_modules/react-test-renderer/cjs/react-test-renderer.development.js:12382:10)
      at updateContainer (node_modules/react-test-renderer/cjs/react-test-renderer.development.js:12326:7)
      at process.env.NODE_ENV.exports.create (node_modules/react-test-renderer/cjs/react-test-renderer.development.js:14630:7)
      at hooks/__tests__/useWalletCreation.test.js:40:23
      at process.env.NODE_ENV.exports.act (node_modules/react/cjs/react.development.js:789:22)
      at renderHook (hooks/__tests__/useWalletCreation.test.js:39:6)
      at Object.renderHook (hooks/__tests__/useWalletCreation.test.js:340:26)
      at asyncGeneratorStep (node_modules/@babel/runtime/helpers/asyncToGenerator.js:3:17)
      at _next (node_modules/@babel/runtime/helpers/asyncToGenerator.js:17:9)
      at node_modules/@babel/runtime/helpers/asyncToGenerator.js:22:7
      at Object.<anonymous> (node_modules/@babel/runtime/helpers/asyncToGenerator.js:14:12)

    console.error
      The current testing environment is not configured to support act(...)

      49 |         // Silently fail - state will be empty on first run
      50 |       } finally {
    > 51 |         setStateLoaded(true);
         |         ^
      52 |       }
      53 |     };
      54 |

      at isConcurrentActEnvironment (node_modules/react-test-renderer/cjs/react-test-renderer.development.js:10243:17)
      at warnIfUpdatesNotWrappedWithActDEV (node_modules/react-test-renderer/cjs/react-test-renderer.development.js:11798:7)
      at scheduleUpdateOnFiber (node_modules/react-test-renderer/cjs/react-test-renderer.development.js:10326:9)
      at dispatchSetStateInternal (node_modules/react-test-renderer/cjs/react-test-renderer.development.js:4148:13)
      at dispatchSetState (node_modules/react-test-renderer/cjs/react-test-renderer.development.js:4107:7)
      at setStateLoaded (hooks/useWalletCreation.js:51:9)
      at asyncGeneratorStep (node_modules/@babel/runtime/helpers/asyncToGenerator.js:3:17)
      at _next (node_modules/@babel/runtime/helpers/asyncToGenerator.js:17:9)

    console.error
      The current testing environment is not configured to support act(...)

      100 |
      101 |       // Set showingIntro FIRST, before setting wallet, to prevent lock screen flash
    > 102 |       setShowingIntro(true);
          |       ^
      103 |       setShowingSeeds(false);
      104 |       setSeedConfirmed(false);
      105 |

      at isConcurrentActEnvironment (node_modules/react-test-renderer/cjs/react-test-renderer.development.js:10243:17)
      at warnIfUpdatesNotWrappedWithActDEV (node_modules/react-test-renderer/cjs/react-test-renderer.development.js:11798:7)
      at scheduleUpdateOnFiber (node_modules/react-test-renderer/cjs/react-test-renderer.development.js:10326:9)
      at dispatchSetStateInternal (node_modules/react-test-renderer/cjs/react-test-renderer.development.js:4148:13)
      at dispatchSetState (node_modules/react-test-renderer/cjs/react-test-renderer.development.js:4107:7)
      at Object.setShowingIntro (hooks/useWalletCreation.js:102:7)
      at asyncGeneratorStep (node_modules/@babel/runtime/helpers/asyncToGenerator.js:3:17)
      at _next (node_modules/@babel/runtime/helpers/asyncToGenerator.js:17:9)

    console.error
      The current testing environment is not configured to support act(...)

      101 |       // Set showingIntro FIRST, before setting wallet, to prevent lock screen flash
      102 |       setShowingIntro(true);
    > 103 |       setShowingSeeds(false);
          |       ^
      104 |       setSeedConfirmed(false);
      105 |
      106 |       // Wallet created, user authenticated to see seed phrase

      at isConcurrentActEnvironment (node_modules/react-test-renderer/cjs/react-test-renderer.development.js:10243:17)
      at warnIfUpdatesNotWrappedWithActDEV (node_modules/react-test-renderer/cjs/react-test-renderer.development.js:11798:7)
      at scheduleUpdateOnFiber (node_modules/react-test-renderer/cjs/react-test-renderer.development.js:10326:9)
      at dispatchSetStateInternal (node_modules/react-test-renderer/cjs/react-test-renderer.development.js:4148:13)
      at dispatchSetState (node_modules/react-test-renderer/cjs/react-test-renderer.development.js:4107:7)
      at Object.setShowingSeeds (hooks/useWalletCreation.js:103:7)
      at asyncGeneratorStep (node_modules/@babel/runtime/helpers/asyncToGenerator.js:3:17)
      at _next (node_modules/@babel/runtime/helpers/asyncToGenerator.js:17:9)

    console.error
      The current testing environment is not configured to support act(...)

      112 |
      113 |       // Temporarily store mnemonic for later saving after PIN setup
    > 114 |       setTempMnemonic(mnemonic);
          |       ^
      115 |       setTempMnemonicWords(mnemonic.split(' '));
      116 |     } catch (error) {
      117 |       showToast(parseErrorMessage(error), 'error');

      at isConcurrentActEnvironment (node_modules/react-test-renderer/cjs/react-test-renderer.development.js:10243:17)
      at warnIfUpdatesNotWrappedWithActDEV (node_modules/react-test-renderer/cjs/react-test-renderer.development.js:11798:7)
      at scheduleUpdateOnFiber (node_modules/react-test-renderer/cjs/react-test-renderer.development.js:10326:9)
      at dispatchSetStateInternal (node_modules/react-test-renderer/cjs/react-test-renderer.development.js:4148:13)
      at dispatchSetState (node_modules/react-test-renderer/cjs/react-test-renderer.development.js:4107:7)
      at Object.setTempMnemonic (hooks/useWalletCreation.js:114:7)
      at asyncGeneratorStep (node_modules/@babel/runtime/helpers/asyncToGenerator.js:3:17)
      at _next (node_modules/@babel/runtime/helpers/asyncToGenerator.js:17:9)

    console.error
      The current testing environment is not configured to support act(...)

      113 |       // Temporarily store mnemonic for later saving after PIN setup
      114 |       setTempMnemonic(mnemonic);
    > 115 |       setTempMnemonicWords(mnemonic.split(' '));
          |       ^
      116 |     } catch (error) {
      117 |       showToast(parseErrorMessage(error), 'error');
      118 |     }

      at isConcurrentActEnvironment (node_modules/react-test-renderer/cjs/react-test-renderer.development.js:10243:17)
      at warnIfUpdatesNotWrappedWithActDEV (node_modules/react-test-renderer/cjs/react-test-renderer.development.js:11798:7)
      at scheduleUpdateOnFiber (node_modules/react-test-renderer/cjs/react-test-renderer.development.js:10326:9)
      at dispatchSetStateInternal (node_modules/react-test-renderer/cjs/react-test-renderer.development.js:4148:13)
      at dispatchSetState (node_modules/react-test-renderer/cjs/react-test-renderer.development.js:4107:7)
      at Object.setTempMnemonicWords (hooks/useWalletCreation.js:115:7)
      at asyncGeneratorStep (node_modules/@babel/runtime/helpers/asyncToGenerator.js:3:17)
      at _next (node_modules/@babel/runtime/helpers/asyncToGenerator.js:17:9)

    console.error
      The current testing environment is not configured to support act(...)

      141 |
      142 |       // Securely clear temporary mnemonic from memory
    > 143 |       setTempMnemonic('*'.repeat(tempMnemonic.length));
          |       ^
      144 |       setTimeout(() => setTempMnemonic(''), 100);
      145 |       setTempMnemonicWords(Array(12).fill('*'.repeat(8)));
      146 |       setTimeout(() => setTempMnemonicWords([]), 100);

      at isConcurrentActEnvironment (node_modules/react-test-renderer/cjs/react-test-renderer.development.js:10243:17)
      at warnIfUpdatesNotWrappedWithActDEV (node_modules/react-test-renderer/cjs/react-test-renderer.development.js:11798:7)
      at scheduleUpdateOnFiber (node_modules/react-test-renderer/cjs/react-test-renderer.development.js:10326:9)
      at dispatchSetStateInternal (node_modules/react-test-renderer/cjs/react-test-renderer.development.js:4148:13)
      at dispatchSetState (node_modules/react-test-renderer/cjs/react-test-renderer.development.js:4107:7)
      at Object.setTempMnemonic (hooks/useWalletCreation.js:143:7)
      at asyncGeneratorStep (node_modules/@babel/runtime/helpers/asyncToGenerator.js:3:17)
      at _next (node_modules/@babel/runtime/helpers/asyncToGenerator.js:17:9)

    console.error
      The current testing environment is not configured to support act(...)

      143 |       setTempMnemonic('*'.repeat(tempMnemonic.length));
      144 |       setTimeout(() => setTempMnemonic(''), 100);
    > 145 |       setTempMnemonicWords(Array(12).fill('*'.repeat(8)));
          |       ^
      146 |       setTimeout(() => setTempMnemonicWords([]), 100);
      147 |
      148 |       // Clear persisted creation state (onboarding complete!)

      at isConcurrentActEnvironment (node_modules/react-test-renderer/cjs/react-test-renderer.development.js:10243:17)
      at warnIfUpdatesNotWrappedWithActDEV (node_modules/react-test-renderer/cjs/react-test-renderer.development.js:11798:7)
      at scheduleUpdateOnFiber (node_modules/react-test-renderer/cjs/react-test-renderer.development.js:10326:9)
      at dispatchSetStateInternal (node_modules/react-test-renderer/cjs/react-test-renderer.development.js:4148:13)
      at dispatchSetState (node_modules/react-test-renderer/cjs/react-test-renderer.development.js:4107:7)
      at Object.setTempMnemonicWords (hooks/useWalletCreation.js:145:7)
      at asyncGeneratorStep (node_modules/@babel/runtime/helpers/asyncToGenerator.js:3:17)
      at _next (node_modules/@babel/runtime/helpers/asyncToGenerator.js:17:9)

    console.error
      react-test-renderer is deprecated. See https://react.dev/warnings/react-test-renderer

      38 |   let component;
      39 |   act(() => {
    > 40 |     component = create(<TestComponent hookProps={initialProps} />);
         |                       ^
      41 |   });
      42 |   return {
      43 |     result,

      at process.env.NODE_ENV.exports.create (node_modules/react-test-renderer/cjs/react-test-renderer.development.js:14598:17)
      at hooks/__tests__/useWalletCreation.test.js:40:23
      at process.env.NODE_ENV.exports.act (node_modules/react/cjs/react.development.js:789:22)
      at renderHook (hooks/__tests__/useWalletCreation.test.js:39:6)
      at Object.renderHook (hooks/__tests__/useWalletCreation.test.js:358:26)
      at asyncGeneratorStep (node_modules/@babel/runtime/helpers/asyncToGenerator.js:3:17)
      at _next (node_modules/@babel/runtime/helpers/asyncToGenerator.js:17:9)
      at node_modules/@babel/runtime/helpers/asyncToGenerator.js:22:7
      at Object.<anonymous> (node_modules/@babel/runtime/helpers/asyncToGenerator.js:14:12)

    console.error
      The current testing environment is not configured to support act(...)

      38 |   let component;
      39 |   act(() => {
    > 40 |     component = create(<TestComponent hookProps={initialProps} />);
         |                       ^
      41 |   });
      42 |   return {
      43 |     result,

      at isConcurrentActEnvironment (node_modules/react-test-renderer/cjs/react-test-renderer.development.js:10243:17)
      at warnIfUpdatesNotWrappedWithActDEV (node_modules/react-test-renderer/cjs/react-test-renderer.development.js:11798:7)
      at scheduleUpdateOnFiber (node_modules/react-test-renderer/cjs/react-test-renderer.development.js:10326:9)
      at updateContainerImpl (node_modules/react-test-renderer/cjs/react-test-renderer.development.js:12382:10)
      at updateContainer (node_modules/react-test-renderer/cjs/react-test-renderer.development.js:12326:7)
      at process.env.NODE_ENV.exports.create (node_modules/react-test-renderer/cjs/react-test-renderer.development.js:14630:7)
      at hooks/__tests__/useWalletCreation.test.js:40:23
      at process.env.NODE_ENV.exports.act (node_modules/react/cjs/react.development.js:789:22)
      at renderHook (hooks/__tests__/useWalletCreation.test.js:39:6)
      at Object.renderHook (hooks/__tests__/useWalletCreation.test.js:358:26)
      at asyncGeneratorStep (node_modules/@babel/runtime/helpers/asyncToGenerator.js:3:17)
      at _next (node_modules/@babel/runtime/helpers/asyncToGenerator.js:17:9)
      at node_modules/@babel/runtime/helpers/asyncToGenerator.js:22:7
      at Object.<anonymous> (node_modules/@babel/runtime/helpers/asyncToGenerator.js:14:12)

    console.error
      The current testing environment is not configured to support act(...)

      49 |         // Silently fail - state will be empty on first run
      50 |       } finally {
    > 51 |         setStateLoaded(true);
         |         ^
      52 |       }
      53 |     };
      54 |

      at isConcurrentActEnvironment (node_modules/react-test-renderer/cjs/react-test-renderer.development.js:10243:17)
      at warnIfUpdatesNotWrappedWithActDEV (node_modules/react-test-renderer/cjs/react-test-renderer.development.js:11798:7)
      at scheduleUpdateOnFiber (node_modules/react-test-renderer/cjs/react-test-renderer.development.js:10326:9)
      at dispatchSetStateInternal (node_modules/react-test-renderer/cjs/react-test-renderer.development.js:4148:13)
      at dispatchSetState (node_modules/react-test-renderer/cjs/react-test-renderer.development.js:4107:7)
      at setStateLoaded (hooks/useWalletCreation.js:51:9)
      at asyncGeneratorStep (node_modules/@babel/runtime/helpers/asyncToGenerator.js:3:17)
      at _next (node_modules/@babel/runtime/helpers/asyncToGenerator.js:17:9)

    console.error
      The current testing environment is not configured to support act(...)

      100 |
      101 |       // Set showingIntro FIRST, before setting wallet, to prevent lock screen flash
    > 102 |       setShowingIntro(true);
          |       ^
      103 |       setShowingSeeds(false);
      104 |       setSeedConfirmed(false);
      105 |

      at isConcurrentActEnvironment (node_modules/react-test-renderer/cjs/react-test-renderer.development.js:10243:17)
      at warnIfUpdatesNotWrappedWithActDEV (node_modules/react-test-renderer/cjs/react-test-renderer.development.js:11798:7)
      at scheduleUpdateOnFiber (node_modules/react-test-renderer/cjs/react-test-renderer.development.js:10326:9)
      at dispatchSetStateInternal (node_modules/react-test-renderer/cjs/react-test-renderer.development.js:4148:13)
      at dispatchSetState (node_modules/react-test-renderer/cjs/react-test-renderer.development.js:4107:7)
      at Object.setShowingIntro (hooks/useWalletCreation.js:102:7)
      at asyncGeneratorStep (node_modules/@babel/runtime/helpers/asyncToGenerator.js:3:17)
      at _next (node_modules/@babel/runtime/helpers/asyncToGenerator.js:17:9)

    console.error
      The current testing environment is not configured to support act(...)

      101 |       // Set showingIntro FIRST, before setting wallet, to prevent lock screen flash
      102 |       setShowingIntro(true);
    > 103 |       setShowingSeeds(false);
          |       ^
      104 |       setSeedConfirmed(false);
      105 |
      106 |       // Wallet created, user authenticated to see seed phrase

      at isConcurrentActEnvironment (node_modules/react-test-renderer/cjs/react-test-renderer.development.js:10243:17)
      at warnIfUpdatesNotWrappedWithActDEV (node_modules/react-test-renderer/cjs/react-test-renderer.development.js:11798:7)
      at scheduleUpdateOnFiber (node_modules/react-test-renderer/cjs/react-test-renderer.development.js:10326:9)
      at dispatchSetStateInternal (node_modules/react-test-renderer/cjs/react-test-renderer.development.js:4148:13)
      at dispatchSetState (node_modules/react-test-renderer/cjs/react-test-renderer.development.js:4107:7)
      at Object.setShowingSeeds (hooks/useWalletCreation.js:103:7)
      at asyncGeneratorStep (node_modules/@babel/runtime/helpers/asyncToGenerator.js:3:17)
      at _next (node_modules/@babel/runtime/helpers/asyncToGenerator.js:17:9)

    console.error
      The current testing environment is not configured to support act(...)

      112 |
      113 |       // Temporarily store mnemonic for later saving after PIN setup
    > 114 |       setTempMnemonic(mnemonic);
          |       ^
      115 |       setTempMnemonicWords(mnemonic.split(' '));
      116 |     } catch (error) {
      117 |       showToast(parseErrorMessage(error), 'error');

      at isConcurrentActEnvironment (node_modules/react-test-renderer/cjs/react-test-renderer.development.js:10243:17)
      at warnIfUpdatesNotWrappedWithActDEV (node_modules/react-test-renderer/cjs/react-test-renderer.development.js:11798:7)
      at scheduleUpdateOnFiber (node_modules/react-test-renderer/cjs/react-test-renderer.development.js:10326:9)
      at dispatchSetStateInternal (node_modules/react-test-renderer/cjs/react-test-renderer.development.js:4148:13)
      at dispatchSetState (node_modules/react-test-renderer/cjs/react-test-renderer.development.js:4107:7)
      at Object.setTempMnemonic (hooks/useWalletCreation.js:114:7)
      at asyncGeneratorStep (node_modules/@babel/runtime/helpers/asyncToGenerator.js:3:17)
      at _next (node_modules/@babel/runtime/helpers/asyncToGenerator.js:17:9)

    console.error
      The current testing environment is not configured to support act(...)

      113 |       // Temporarily store mnemonic for later saving after PIN setup
      114 |       setTempMnemonic(mnemonic);
    > 115 |       setTempMnemonicWords(mnemonic.split(' '));
          |       ^
      116 |     } catch (error) {
      117 |       showToast(parseErrorMessage(error), 'error');
      118 |     }

      at isConcurrentActEnvironment (node_modules/react-test-renderer/cjs/react-test-renderer.development.js:10243:17)
      at warnIfUpdatesNotWrappedWithActDEV (node_modules/react-test-renderer/cjs/react-test-renderer.development.js:11798:7)
      at scheduleUpdateOnFiber (node_modules/react-test-renderer/cjs/react-test-renderer.development.js:10326:9)
      at dispatchSetStateInternal (node_modules/react-test-renderer/cjs/react-test-renderer.development.js:4148:13)
      at dispatchSetState (node_modules/react-test-renderer/cjs/react-test-renderer.development.js:4107:7)
      at Object.setTempMnemonicWords (hooks/useWalletCreation.js:115:7)
      at asyncGeneratorStep (node_modules/@babel/runtime/helpers/asyncToGenerator.js:3:17)
      at _next (node_modules/@babel/runtime/helpers/asyncToGenerator.js:17:9)

    console.error
      The current testing environment is not configured to support act(...)

      141 |
      142 |       // Securely clear temporary mnemonic from memory
    > 143 |       setTempMnemonic('*'.repeat(tempMnemonic.length));
          |       ^
      144 |       setTimeout(() => setTempMnemonic(''), 100);
      145 |       setTempMnemonicWords(Array(12).fill('*'.repeat(8)));
      146 |       setTimeout(() => setTempMnemonicWords([]), 100);

      at isConcurrentActEnvironment (node_modules/react-test-renderer/cjs/react-test-renderer.development.js:10243:17)
      at warnIfUpdatesNotWrappedWithActDEV (node_modules/react-test-renderer/cjs/react-test-renderer.development.js:11798:7)
      at scheduleUpdateOnFiber (node_modules/react-test-renderer/cjs/react-test-renderer.development.js:10326:9)
      at dispatchSetStateInternal (node_modules/react-test-renderer/cjs/react-test-renderer.development.js:4148:13)
      at dispatchSetState (node_modules/react-test-renderer/cjs/react-test-renderer.development.js:4107:7)
      at Object.setTempMnemonic (hooks/useWalletCreation.js:143:7)
      at asyncGeneratorStep (node_modules/@babel/runtime/helpers/asyncToGenerator.js:3:17)
      at _next (node_modules/@babel/runtime/helpers/asyncToGenerator.js:17:9)

    console.error
      The current testing environment is not configured to support act(...)

      143 |       setTempMnemonic('*'.repeat(tempMnemonic.length));
      144 |       setTimeout(() => setTempMnemonic(''), 100);
    > 145 |       setTempMnemonicWords(Array(12).fill('*'.repeat(8)));
          |       ^
      146 |       setTimeout(() => setTempMnemonicWords([]), 100);
      147 |
      148 |       // Clear persisted creation state (onboarding complete!)

      at isConcurrentActEnvironment (node_modules/react-test-renderer/cjs/react-test-renderer.development.js:10243:17)
      at warnIfUpdatesNotWrappedWithActDEV (node_modules/react-test-renderer/cjs/react-test-renderer.development.js:11798:7)
      at scheduleUpdateOnFiber (node_modules/react-test-renderer/cjs/react-test-renderer.development.js:10326:9)
      at dispatchSetStateInternal (node_modules/react-test-renderer/cjs/react-test-renderer.development.js:4148:13)
      at dispatchSetState (node_modules/react-test-renderer/cjs/react-test-renderer.development.js:4107:7)
      at Object.setTempMnemonicWords (hooks/useWalletCreation.js:145:7)
      at asyncGeneratorStep (node_modules/@babel/runtime/helpers/asyncToGenerator.js:3:17)
      at _next (node_modules/@babel/runtime/helpers/asyncToGenerator.js:17:9)

    console.error
      The current testing environment is not configured to support act(...)

      142 |       // Securely clear temporary mnemonic from memory
      143 |       setTempMnemonic('*'.repeat(tempMnemonic.length));
    > 144 |       setTimeout(() => setTempMnemonic(''), 100);
          |                        ^
      145 |       setTempMnemonicWords(Array(12).fill('*'.repeat(8)));
      146 |       setTimeout(() => setTempMnemonicWords([]), 100);
      147 |

      at isConcurrentActEnvironment (node_modules/react-test-renderer/cjs/react-test-renderer.development.js:10243:17)
      at warnIfUpdatesNotWrappedWithActDEV (node_modules/react-test-renderer/cjs/react-test-renderer.development.js:11798:7)
      at scheduleUpdateOnFiber (node_modules/react-test-renderer/cjs/react-test-renderer.development.js:10326:9)
      at dispatchSetStateInternal (node_modules/react-test-renderer/cjs/react-test-renderer.development.js:4148:13)
      at dispatchSetState (node_modules/react-test-renderer/cjs/react-test-renderer.development.js:4107:7)
      at setTempMnemonic (hooks/useWalletCreation.js:144:24)
      at callTimer (node_modules/@sinonjs/fake-timers/src/fake-timers-src.js:806:24)
      at doTickInner (node_modules/@sinonjs/fake-timers/src/fake-timers-src.js:1413:29)
      at doTick (node_modules/@sinonjs/fake-timers/src/fake-timers-src.js:1494:20)
      at Object.tick (node_modules/@sinonjs/fake-timers/src/fake-timers-src.js:1502:20)
      at FakeTimers.advanceTimersByTime (node_modules/@jest/fake-timers/build/index.js:576:19)
      at advanceTimersByTime (hooks/__tests__/useWalletCreation.test.js:377:14)
      at asyncGeneratorStep (node_modules/@babel/runtime/helpers/asyncToGenerator.js:3:17)
      at _next (node_modules/@babel/runtime/helpers/asyncToGenerator.js:17:9)
      at node_modules/@babel/runtime/helpers/asyncToGenerator.js:22:7
      at node_modules/@babel/runtime/helpers/asyncToGenerator.js:14:12
      at process.env.NODE_ENV.exports.act (node_modules/react/cjs/react.development.js:789:22)
      at Object.<anonymous> (hooks/__tests__/useWalletCreation.test.js:376:16)
      at asyncGeneratorStep (node_modules/@babel/runtime/helpers/asyncToGenerator.js:3:17)
      at _next (node_modules/@babel/runtime/helpers/asyncToGenerator.js:17:9)

    console.error
      The current testing environment is not configured to support act(...)

      144 |       setTimeout(() => setTempMnemonic(''), 100);
      145 |       setTempMnemonicWords(Array(12).fill('*'.repeat(8)));
    > 146 |       setTimeout(() => setTempMnemonicWords([]), 100);
          |                        ^
      147 |
      148 |       // Clear persisted creation state (onboarding complete!)
      149 |       await clearPersistedState();

      at isConcurrentActEnvironment (node_modules/react-test-renderer/cjs/react-test-renderer.development.js:10243:17)
      at warnIfUpdatesNotWrappedWithActDEV (node_modules/react-test-renderer/cjs/react-test-renderer.development.js:11798:7)
      at scheduleUpdateOnFiber (node_modules/react-test-renderer/cjs/react-test-renderer.development.js:10326:9)
      at dispatchSetStateInternal (node_modules/react-test-renderer/cjs/react-test-renderer.development.js:4148:13)
      at dispatchSetState (node_modules/react-test-renderer/cjs/react-test-renderer.development.js:4107:7)
      at setTempMnemonicWords (hooks/useWalletCreation.js:146:24)
      at callTimer (node_modules/@sinonjs/fake-timers/src/fake-timers-src.js:806:24)
      at doTickInner (node_modules/@sinonjs/fake-timers/src/fake-timers-src.js:1413:29)
      at doTick (node_modules/@sinonjs/fake-timers/src/fake-timers-src.js:1494:20)
      at Object.tick (node_modules/@sinonjs/fake-timers/src/fake-timers-src.js:1502:20)
      at FakeTimers.advanceTimersByTime (node_modules/@jest/fake-timers/build/index.js:576:19)
      at advanceTimersByTime (hooks/__tests__/useWalletCreation.test.js:377:14)
      at asyncGeneratorStep (node_modules/@babel/runtime/helpers/asyncToGenerator.js:3:17)
      at _next (node_modules/@babel/runtime/helpers/asyncToGenerator.js:17:9)
      at node_modules/@babel/runtime/helpers/asyncToGenerator.js:22:7
      at node_modules/@babel/runtime/helpers/asyncToGenerator.js:14:12
      at process.env.NODE_ENV.exports.act (node_modules/react/cjs/react.development.js:789:22)
      at Object.<anonymous> (hooks/__tests__/useWalletCreation.test.js:376:16)
      at asyncGeneratorStep (node_modules/@babel/runtime/helpers/asyncToGenerator.js:3:17)
      at _next (node_modules/@babel/runtime/helpers/asyncToGenerator.js:17:9)

    console.error
      react-test-renderer is deprecated. See https://react.dev/warnings/react-test-renderer

      38 |   let component;
      39 |   act(() => {
    > 40 |     component = create(<TestComponent hookProps={initialProps} />);
         |                       ^
      41 |   });
      42 |   return {
      43 |     result,

      at process.env.NODE_ENV.exports.create (node_modules/react-test-renderer/cjs/react-test-renderer.development.js:14598:17)
      at hooks/__tests__/useWalletCreation.test.js:40:23
      at process.env.NODE_ENV.exports.act (node_modules/react/cjs/react.development.js:789:22)
      at renderHook (hooks/__tests__/useWalletCreation.test.js:39:6)
      at Object.renderHook (hooks/__tests__/useWalletCreation.test.js:385:26)
      at asyncGeneratorStep (node_modules/@babel/runtime/helpers/asyncToGenerator.js:3:17)
      at _next (node_modules/@babel/runtime/helpers/asyncToGenerator.js:17:9)
      at node_modules/@babel/runtime/helpers/asyncToGenerator.js:22:7
      at Object.<anonymous> (node_modules/@babel/runtime/helpers/asyncToGenerator.js:14:12)

    console.error
      The current testing environment is not configured to support act(...)

      38 |   let component;
      39 |   act(() => {
    > 40 |     component = create(<TestComponent hookProps={initialProps} />);
         |                       ^
      41 |   });
      42 |   return {
      43 |     result,

      at isConcurrentActEnvironment (node_modules/react-test-renderer/cjs/react-test-renderer.development.js:10243:17)
      at warnIfUpdatesNotWrappedWithActDEV (node_modules/react-test-renderer/cjs/react-test-renderer.development.js:11798:7)
      at scheduleUpdateOnFiber (node_modules/react-test-renderer/cjs/react-test-renderer.development.js:10326:9)
      at updateContainerImpl (node_modules/react-test-renderer/cjs/react-test-renderer.development.js:12382:10)
      at updateContainer (node_modules/react-test-renderer/cjs/react-test-renderer.development.js:12326:7)
      at process.env.NODE_ENV.exports.create (node_modules/react-test-renderer/cjs/react-test-renderer.development.js:14630:7)
      at hooks/__tests__/useWalletCreation.test.js:40:23
      at process.env.NODE_ENV.exports.act (node_modules/react/cjs/react.development.js:789:22)
      at renderHook (hooks/__tests__/useWalletCreation.test.js:39:6)
      at Object.renderHook (hooks/__tests__/useWalletCreation.test.js:385:26)
      at asyncGeneratorStep (node_modules/@babel/runtime/helpers/asyncToGenerator.js:3:17)
      at _next (node_modules/@babel/runtime/helpers/asyncToGenerator.js:17:9)
      at node_modules/@babel/runtime/helpers/asyncToGenerator.js:22:7
      at Object.<anonymous> (node_modules/@babel/runtime/helpers/asyncToGenerator.js:14:12)

    console.error
      The current testing environment is not configured to support act(...)

      49 |         // Silently fail - state will be empty on first run
      50 |       } finally {
    > 51 |         setStateLoaded(true);
         |         ^
      52 |       }
      53 |     };
      54 |

      at isConcurrentActEnvironment (node_modules/react-test-renderer/cjs/react-test-renderer.development.js:10243:17)
      at warnIfUpdatesNotWrappedWithActDEV (node_modules/react-test-renderer/cjs/react-test-renderer.development.js:11798:7)
      at scheduleUpdateOnFiber (node_modules/react-test-renderer/cjs/react-test-renderer.development.js:10326:9)
      at dispatchSetStateInternal (node_modules/react-test-renderer/cjs/react-test-renderer.development.js:4148:13)
      at dispatchSetState (node_modules/react-test-renderer/cjs/react-test-renderer.development.js:4107:7)
      at setStateLoaded (hooks/useWalletCreation.js:51:9)
      at asyncGeneratorStep (node_modules/@babel/runtime/helpers/asyncToGenerator.js:3:17)
      at _next (node_modules/@babel/runtime/helpers/asyncToGenerator.js:17:9)

    console.error
      The current testing environment is not configured to support act(...)

      100 |
      101 |       // Set showingIntro FIRST, before setting wallet, to prevent lock screen flash
    > 102 |       setShowingIntro(true);
          |       ^
      103 |       setShowingSeeds(false);
      104 |       setSeedConfirmed(false);
      105 |

      at isConcurrentActEnvironment (node_modules/react-test-renderer/cjs/react-test-renderer.development.js:10243:17)
      at warnIfUpdatesNotWrappedWithActDEV (node_modules/react-test-renderer/cjs/react-test-renderer.development.js:11798:7)
      at scheduleUpdateOnFiber (node_modules/react-test-renderer/cjs/react-test-renderer.development.js:10326:9)
      at dispatchSetStateInternal (node_modules/react-test-renderer/cjs/react-test-renderer.development.js:4148:13)
      at dispatchSetState (node_modules/react-test-renderer/cjs/react-test-renderer.development.js:4107:7)
      at Object.setShowingIntro (hooks/useWalletCreation.js:102:7)
      at asyncGeneratorStep (node_modules/@babel/runtime/helpers/asyncToGenerator.js:3:17)
      at _next (node_modules/@babel/runtime/helpers/asyncToGenerator.js:17:9)

    console.error
      The current testing environment is not configured to support act(...)

      101 |       // Set showingIntro FIRST, before setting wallet, to prevent lock screen flash
      102 |       setShowingIntro(true);
    > 103 |       setShowingSeeds(false);
          |       ^
      104 |       setSeedConfirmed(false);
      105 |
      106 |       // Wallet created, user authenticated to see seed phrase

      at isConcurrentActEnvironment (node_modules/react-test-renderer/cjs/react-test-renderer.development.js:10243:17)
      at warnIfUpdatesNotWrappedWithActDEV (node_modules/react-test-renderer/cjs/react-test-renderer.development.js:11798:7)
      at scheduleUpdateOnFiber (node_modules/react-test-renderer/cjs/react-test-renderer.development.js:10326:9)
      at dispatchSetStateInternal (node_modules/react-test-renderer/cjs/react-test-renderer.development.js:4148:13)
      at dispatchSetState (node_modules/react-test-renderer/cjs/react-test-renderer.development.js:4107:7)
      at Object.setShowingSeeds (hooks/useWalletCreation.js:103:7)
      at asyncGeneratorStep (node_modules/@babel/runtime/helpers/asyncToGenerator.js:3:17)
      at _next (node_modules/@babel/runtime/helpers/asyncToGenerator.js:17:9)

    console.error
      The current testing environment is not configured to support act(...)

      112 |
      113 |       // Temporarily store mnemonic for later saving after PIN setup
    > 114 |       setTempMnemonic(mnemonic);
          |       ^
      115 |       setTempMnemonicWords(mnemonic.split(' '));
      116 |     } catch (error) {
      117 |       showToast(parseErrorMessage(error), 'error');

      at isConcurrentActEnvironment (node_modules/react-test-renderer/cjs/react-test-renderer.development.js:10243:17)
      at warnIfUpdatesNotWrappedWithActDEV (node_modules/react-test-renderer/cjs/react-test-renderer.development.js:11798:7)
      at scheduleUpdateOnFiber (node_modules/react-test-renderer/cjs/react-test-renderer.development.js:10326:9)
      at dispatchSetStateInternal (node_modules/react-test-renderer/cjs/react-test-renderer.development.js:4148:13)
      at dispatchSetState (node_modules/react-test-renderer/cjs/react-test-renderer.development.js:4107:7)
      at Object.setTempMnemonic (hooks/useWalletCreation.js:114:7)
      at asyncGeneratorStep (node_modules/@babel/runtime/helpers/asyncToGenerator.js:3:17)
      at _next (node_modules/@babel/runtime/helpers/asyncToGenerator.js:17:9)

    console.error
      The current testing environment is not configured to support act(...)

      113 |       // Temporarily store mnemonic for later saving after PIN setup
      114 |       setTempMnemonic(mnemonic);
    > 115 |       setTempMnemonicWords(mnemonic.split(' '));
          |       ^
      116 |     } catch (error) {
      117 |       showToast(parseErrorMessage(error), 'error');
      118 |     }

      at isConcurrentActEnvironment (node_modules/react-test-renderer/cjs/react-test-renderer.development.js:10243:17)
      at warnIfUpdatesNotWrappedWithActDEV (node_modules/react-test-renderer/cjs/react-test-renderer.development.js:11798:7)
      at scheduleUpdateOnFiber (node_modules/react-test-renderer/cjs/react-test-renderer.development.js:10326:9)
      at dispatchSetStateInternal (node_modules/react-test-renderer/cjs/react-test-renderer.development.js:4148:13)
      at dispatchSetState (node_modules/react-test-renderer/cjs/react-test-renderer.development.js:4107:7)
      at Object.setTempMnemonicWords (hooks/useWalletCreation.js:115:7)
      at asyncGeneratorStep (node_modules/@babel/runtime/helpers/asyncToGenerator.js:3:17)
      at _next (node_modules/@babel/runtime/helpers/asyncToGenerator.js:17:9)

    console.error
      The current testing environment is not configured to support act(...)

      141 |
      142 |       // Securely clear temporary mnemonic from memory
    > 143 |       setTempMnemonic('*'.repeat(tempMnemonic.length));
          |       ^
      144 |       setTimeout(() => setTempMnemonic(''), 100);
      145 |       setTempMnemonicWords(Array(12).fill('*'.repeat(8)));
      146 |       setTimeout(() => setTempMnemonicWords([]), 100);

      at isConcurrentActEnvironment (node_modules/react-test-renderer/cjs/react-test-renderer.development.js:10243:17)
      at warnIfUpdatesNotWrappedWithActDEV (node_modules/react-test-renderer/cjs/react-test-renderer.development.js:11798:7)
      at scheduleUpdateOnFiber (node_modules/react-test-renderer/cjs/react-test-renderer.development.js:10326:9)
      at dispatchSetStateInternal (node_modules/react-test-renderer/cjs/react-test-renderer.development.js:4148:13)
      at dispatchSetState (node_modules/react-test-renderer/cjs/react-test-renderer.development.js:4107:7)
      at Object.setTempMnemonic (hooks/useWalletCreation.js:143:7)
      at asyncGeneratorStep (node_modules/@babel/runtime/helpers/asyncToGenerator.js:3:17)
      at _next (node_modules/@babel/runtime/helpers/asyncToGenerator.js:17:9)

    console.error
      The current testing environment is not configured to support act(...)

      143 |       setTempMnemonic('*'.repeat(tempMnemonic.length));
      144 |       setTimeout(() => setTempMnemonic(''), 100);
    > 145 |       setTempMnemonicWords(Array(12).fill('*'.repeat(8)));
          |       ^
      146 |       setTimeout(() => setTempMnemonicWords([]), 100);
      147 |
      148 |       // Clear persisted creation state (onboarding complete!)

      at isConcurrentActEnvironment (node_modules/react-test-renderer/cjs/react-test-renderer.development.js:10243:17)
      at warnIfUpdatesNotWrappedWithActDEV (node_modules/react-test-renderer/cjs/react-test-renderer.development.js:11798:7)
      at scheduleUpdateOnFiber (node_modules/react-test-renderer/cjs/react-test-renderer.development.js:10326:9)
      at dispatchSetStateInternal (node_modules/react-test-renderer/cjs/react-test-renderer.development.js:4148:13)
      at dispatchSetState (node_modules/react-test-renderer/cjs/react-test-renderer.development.js:4107:7)
      at Object.setTempMnemonicWords (hooks/useWalletCreation.js:145:7)
      at asyncGeneratorStep (node_modules/@babel/runtime/helpers/asyncToGenerator.js:3:17)
      at _next (node_modules/@babel/runtime/helpers/asyncToGenerator.js:17:9)

    console.error
      react-test-renderer is deprecated. See https://react.dev/warnings/react-test-renderer

      38 |   let component;
      39 |   act(() => {
    > 40 |     component = create(<TestComponent hookProps={initialProps} />);
         |                       ^
      41 |   });
      42 |   return {
      43 |     result,

      at process.env.NODE_ENV.exports.create (node_modules/react-test-renderer/cjs/react-test-renderer.development.js:14598:17)
      at hooks/__tests__/useWalletCreation.test.js:40:23
      at process.env.NODE_ENV.exports.act (node_modules/react/cjs/react.development.js:789:22)
      at renderHook (hooks/__tests__/useWalletCreation.test.js:39:6)
      at Object.renderHook (hooks/__tests__/useWalletCreation.test.js:401:26)
      at asyncGeneratorStep (node_modules/@babel/runtime/helpers/asyncToGenerator.js:3:17)
      at _next (node_modules/@babel/runtime/helpers/asyncToGenerator.js:17:9)
      at node_modules/@babel/runtime/helpers/asyncToGenerator.js:22:7
      at Object.<anonymous> (node_modules/@babel/runtime/helpers/asyncToGenerator.js:14:12)

    console.error
      The current testing environment is not configured to support act(...)

      38 |   let component;
      39 |   act(() => {
    > 40 |     component = create(<TestComponent hookProps={initialProps} />);
         |                       ^
      41 |   });
      42 |   return {
      43 |     result,

      at isConcurrentActEnvironment (node_modules/react-test-renderer/cjs/react-test-renderer.development.js:10243:17)
      at warnIfUpdatesNotWrappedWithActDEV (node_modules/react-test-renderer/cjs/react-test-renderer.development.js:11798:7)
      at scheduleUpdateOnFiber (node_modules/react-test-renderer/cjs/react-test-renderer.development.js:10326:9)
      at updateContainerImpl (node_modules/react-test-renderer/cjs/react-test-renderer.development.js:12382:10)
      at updateContainer (node_modules/react-test-renderer/cjs/react-test-renderer.development.js:12326:7)
      at process.env.NODE_ENV.exports.create (node_modules/react-test-renderer/cjs/react-test-renderer.development.js:14630:7)
      at hooks/__tests__/useWalletCreation.test.js:40:23
      at process.env.NODE_ENV.exports.act (node_modules/react/cjs/react.development.js:789:22)
      at renderHook (hooks/__tests__/useWalletCreation.test.js:39:6)
      at Object.renderHook (hooks/__tests__/useWalletCreation.test.js:401:26)
      at asyncGeneratorStep (node_modules/@babel/runtime/helpers/asyncToGenerator.js:3:17)
      at _next (node_modules/@babel/runtime/helpers/asyncToGenerator.js:17:9)
      at node_modules/@babel/runtime/helpers/asyncToGenerator.js:22:7
      at Object.<anonymous> (node_modules/@babel/runtime/helpers/asyncToGenerator.js:14:12)

    console.error
      The current testing environment is not configured to support act(...)

      49 |         // Silently fail - state will be empty on first run
      50 |       } finally {
    > 51 |         setStateLoaded(true);
         |         ^
      52 |       }
      53 |     };
      54 |

      at isConcurrentActEnvironment (node_modules/react-test-renderer/cjs/react-test-renderer.development.js:10243:17)
      at warnIfUpdatesNotWrappedWithActDEV (node_modules/react-test-renderer/cjs/react-test-renderer.development.js:11798:7)
      at scheduleUpdateOnFiber (node_modules/react-test-renderer/cjs/react-test-renderer.development.js:10326:9)
      at dispatchSetStateInternal (node_modules/react-test-renderer/cjs/react-test-renderer.development.js:4148:13)
      at dispatchSetState (node_modules/react-test-renderer/cjs/react-test-renderer.development.js:4107:7)
      at setStateLoaded (hooks/useWalletCreation.js:51:9)
      at asyncGeneratorStep (node_modules/@babel/runtime/helpers/asyncToGenerator.js:3:17)
      at _next (node_modules/@babel/runtime/helpers/asyncToGenerator.js:17:9)

    console.error
      react-test-renderer is deprecated. See https://react.dev/warnings/react-test-renderer

      38 |   let component;
      39 |   act(() => {
    > 40 |     component = create(<TestComponent hookProps={initialProps} />);
         |                       ^
      41 |   });
      42 |   return {
      43 |     result,

      at process.env.NODE_ENV.exports.create (node_modules/react-test-renderer/cjs/react-test-renderer.development.js:14598:17)
      at hooks/__tests__/useWalletCreation.test.js:40:23
      at process.env.NODE_ENV.exports.act (node_modules/react/cjs/react.development.js:789:22)
      at renderHook (hooks/__tests__/useWalletCreation.test.js:39:6)
      at Object.renderHook (hooks/__tests__/useWalletCreation.test.js:416:26)
      at asyncGeneratorStep (node_modules/@babel/runtime/helpers/asyncToGenerator.js:3:17)
      at _next (node_modules/@babel/runtime/helpers/asyncToGenerator.js:17:9)
      at node_modules/@babel/runtime/helpers/asyncToGenerator.js:22:7
      at Object.<anonymous> (node_modules/@babel/runtime/helpers/asyncToGenerator.js:14:12)

    console.error
      The current testing environment is not configured to support act(...)

      38 |   let component;
      39 |   act(() => {
    > 40 |     component = create(<TestComponent hookProps={initialProps} />);
         |                       ^
      41 |   });
      42 |   return {
      43 |     result,

      at isConcurrentActEnvironment (node_modules/react-test-renderer/cjs/react-test-renderer.development.js:10243:17)
      at warnIfUpdatesNotWrappedWithActDEV (node_modules/react-test-renderer/cjs/react-test-renderer.development.js:11798:7)
      at scheduleUpdateOnFiber (node_modules/react-test-renderer/cjs/react-test-renderer.development.js:10326:9)
      at updateContainerImpl (node_modules/react-test-renderer/cjs/react-test-renderer.development.js:12382:10)
      at updateContainer (node_modules/react-test-renderer/cjs/react-test-renderer.development.js:12326:7)
      at process.env.NODE_ENV.exports.create (node_modules/react-test-renderer/cjs/react-test-renderer.development.js:14630:7)
      at hooks/__tests__/useWalletCreation.test.js:40:23
      at process.env.NODE_ENV.exports.act (node_modules/react/cjs/react.development.js:789:22)
      at renderHook (hooks/__tests__/useWalletCreation.test.js:39:6)
      at Object.renderHook (hooks/__tests__/useWalletCreation.test.js:416:26)
      at asyncGeneratorStep (node_modules/@babel/runtime/helpers/asyncToGenerator.js:3:17)
      at _next (node_modules/@babel/runtime/helpers/asyncToGenerator.js:17:9)
      at node_modules/@babel/runtime/helpers/asyncToGenerator.js:22:7
      at Object.<anonymous> (node_modules/@babel/runtime/helpers/asyncToGenerator.js:14:12)

    console.error
      The current testing environment is not configured to support act(...)

      49 |         // Silently fail - state will be empty on first run
      50 |       } finally {
    > 51 |         setStateLoaded(true);
         |         ^
      52 |       }
      53 |     };
      54 |

      at isConcurrentActEnvironment (node_modules/react-test-renderer/cjs/react-test-renderer.development.js:10243:17)
      at warnIfUpdatesNotWrappedWithActDEV (node_modules/react-test-renderer/cjs/react-test-renderer.development.js:11798:7)
      at scheduleUpdateOnFiber (node_modules/react-test-renderer/cjs/react-test-renderer.development.js:10326:9)
      at dispatchSetStateInternal (node_modules/react-test-renderer/cjs/react-test-renderer.development.js:4148:13)
      at dispatchSetState (node_modules/react-test-renderer/cjs/react-test-renderer.development.js:4107:7)
      at setStateLoaded (hooks/useWalletCreation.js:51:9)
      at asyncGeneratorStep (node_modules/@babel/runtime/helpers/asyncToGenerator.js:3:17)
      at _next (node_modules/@babel/runtime/helpers/asyncToGenerator.js:17:9)

    console.error
      The current testing environment is not configured to support act(...)

      100 |
      101 |       // Set showingIntro FIRST, before setting wallet, to prevent lock screen flash
    > 102 |       setShowingIntro(true);
          |       ^
      103 |       setShowingSeeds(false);
      104 |       setSeedConfirmed(false);
      105 |

      at isConcurrentActEnvironment (node_modules/react-test-renderer/cjs/react-test-renderer.development.js:10243:17)
      at warnIfUpdatesNotWrappedWithActDEV (node_modules/react-test-renderer/cjs/react-test-renderer.development.js:11798:7)
      at scheduleUpdateOnFiber (node_modules/react-test-renderer/cjs/react-test-renderer.development.js:10326:9)
      at dispatchSetStateInternal (node_modules/react-test-renderer/cjs/react-test-renderer.development.js:4148:13)
      at dispatchSetState (node_modules/react-test-renderer/cjs/react-test-renderer.development.js:4107:7)
      at Object.setShowingIntro (hooks/useWalletCreation.js:102:7)
      at asyncGeneratorStep (node_modules/@babel/runtime/helpers/asyncToGenerator.js:3:17)
      at _next (node_modules/@babel/runtime/helpers/asyncToGenerator.js:17:9)

    console.error
      The current testing environment is not configured to support act(...)

      101 |       // Set showingIntro FIRST, before setting wallet, to prevent lock screen flash
      102 |       setShowingIntro(true);
    > 103 |       setShowingSeeds(false);
          |       ^
      104 |       setSeedConfirmed(false);
      105 |
      106 |       // Wallet created, user authenticated to see seed phrase

      at isConcurrentActEnvironment (node_modules/react-test-renderer/cjs/react-test-renderer.development.js:10243:17)
      at warnIfUpdatesNotWrappedWithActDEV (node_modules/react-test-renderer/cjs/react-test-renderer.development.js:11798:7)
      at scheduleUpdateOnFiber (node_modules/react-test-renderer/cjs/react-test-renderer.development.js:10326:9)
      at dispatchSetStateInternal (node_modules/react-test-renderer/cjs/react-test-renderer.development.js:4148:13)
      at dispatchSetState (node_modules/react-test-renderer/cjs/react-test-renderer.development.js:4107:7)
      at Object.setShowingSeeds (hooks/useWalletCreation.js:103:7)
      at asyncGeneratorStep (node_modules/@babel/runtime/helpers/asyncToGenerator.js:3:17)
      at _next (node_modules/@babel/runtime/helpers/asyncToGenerator.js:17:9)

    console.error
      The current testing environment is not configured to support act(...)

      112 |
      113 |       // Temporarily store mnemonic for later saving after PIN setup
    > 114 |       setTempMnemonic(mnemonic);
          |       ^
      115 |       setTempMnemonicWords(mnemonic.split(' '));
      116 |     } catch (error) {
      117 |       showToast(parseErrorMessage(error), 'error');

      at isConcurrentActEnvironment (node_modules/react-test-renderer/cjs/react-test-renderer.development.js:10243:17)
      at warnIfUpdatesNotWrappedWithActDEV (node_modules/react-test-renderer/cjs/react-test-renderer.development.js:11798:7)
      at scheduleUpdateOnFiber (node_modules/react-test-renderer/cjs/react-test-renderer.development.js:10326:9)
      at dispatchSetStateInternal (node_modules/react-test-renderer/cjs/react-test-renderer.development.js:4148:13)
      at dispatchSetState (node_modules/react-test-renderer/cjs/react-test-renderer.development.js:4107:7)
      at Object.setTempMnemonic (hooks/useWalletCreation.js:114:7)
      at asyncGeneratorStep (node_modules/@babel/runtime/helpers/asyncToGenerator.js:3:17)
      at _next (node_modules/@babel/runtime/helpers/asyncToGenerator.js:17:9)

    console.error
      The current testing environment is not configured to support act(...)

      113 |       // Temporarily store mnemonic for later saving after PIN setup
      114 |       setTempMnemonic(mnemonic);
    > 115 |       setTempMnemonicWords(mnemonic.split(' '));
          |       ^
      116 |     } catch (error) {
      117 |       showToast(parseErrorMessage(error), 'error');
      118 |     }

      at isConcurrentActEnvironment (node_modules/react-test-renderer/cjs/react-test-renderer.development.js:10243:17)
      at warnIfUpdatesNotWrappedWithActDEV (node_modules/react-test-renderer/cjs/react-test-renderer.development.js:11798:7)
      at scheduleUpdateOnFiber (node_modules/react-test-renderer/cjs/react-test-renderer.development.js:10326:9)
      at dispatchSetStateInternal (node_modules/react-test-renderer/cjs/react-test-renderer.development.js:4148:13)
      at dispatchSetState (node_modules/react-test-renderer/cjs/react-test-renderer.development.js:4107:7)
      at Object.setTempMnemonicWords (hooks/useWalletCreation.js:115:7)
      at asyncGeneratorStep (node_modules/@babel/runtime/helpers/asyncToGenerator.js:3:17)
      at _next (node_modules/@babel/runtime/helpers/asyncToGenerator.js:17:9)

    console.error
      react-test-renderer is deprecated. See https://react.dev/warnings/react-test-renderer

      38 |   let component;
      39 |   act(() => {
    > 40 |     component = create(<TestComponent hookProps={initialProps} />);
         |                       ^
      41 |   });
      42 |   return {
      43 |     result,

      at process.env.NODE_ENV.exports.create (node_modules/react-test-renderer/cjs/react-test-renderer.development.js:14598:17)
      at hooks/__tests__/useWalletCreation.test.js:40:23
      at process.env.NODE_ENV.exports.act (node_modules/react/cjs/react.development.js:789:22)
      at renderHook (hooks/__tests__/useWalletCreation.test.js:39:6)
      at Object.renderHook (hooks/__tests__/useWalletCreation.test.js:433:26)
      at asyncGeneratorStep (node_modules/@babel/runtime/helpers/asyncToGenerator.js:3:17)
      at _next (node_modules/@babel/runtime/helpers/asyncToGenerator.js:17:9)
      at node_modules/@babel/runtime/helpers/asyncToGenerator.js:22:7
      at Object.<anonymous> (node_modules/@babel/runtime/helpers/asyncToGenerator.js:14:12)

    console.error
      The current testing environment is not configured to support act(...)

      38 |   let component;
      39 |   act(() => {
    > 40 |     component = create(<TestComponent hookProps={initialProps} />);
         |                       ^
      41 |   });
      42 |   return {
      43 |     result,

      at isConcurrentActEnvironment (node_modules/react-test-renderer/cjs/react-test-renderer.development.js:10243:17)
      at warnIfUpdatesNotWrappedWithActDEV (node_modules/react-test-renderer/cjs/react-test-renderer.development.js:11798:7)
      at scheduleUpdateOnFiber (node_modules/react-test-renderer/cjs/react-test-renderer.development.js:10326:9)
      at updateContainerImpl (node_modules/react-test-renderer/cjs/react-test-renderer.development.js:12382:10)
      at updateContainer (node_modules/react-test-renderer/cjs/react-test-renderer.development.js:12326:7)
      at process.env.NODE_ENV.exports.create (node_modules/react-test-renderer/cjs/react-test-renderer.development.js:14630:7)
      at hooks/__tests__/useWalletCreation.test.js:40:23
      at process.env.NODE_ENV.exports.act (node_modules/react/cjs/react.development.js:789:22)
      at renderHook (hooks/__tests__/useWalletCreation.test.js:39:6)
      at Object.renderHook (hooks/__tests__/useWalletCreation.test.js:433:26)
      at asyncGeneratorStep (node_modules/@babel/runtime/helpers/asyncToGenerator.js:3:17)
      at _next (node_modules/@babel/runtime/helpers/asyncToGenerator.js:17:9)
      at node_modules/@babel/runtime/helpers/asyncToGenerator.js:22:7
      at Object.<anonymous> (node_modules/@babel/runtime/helpers/asyncToGenerator.js:14:12)

    console.error
      The current testing environment is not configured to support act(...)

      49 |         // Silently fail - state will be empty on first run
      50 |       } finally {
    > 51 |         setStateLoaded(true);
         |         ^
      52 |       }
      53 |     };
      54 |

      at isConcurrentActEnvironment (node_modules/react-test-renderer/cjs/react-test-renderer.development.js:10243:17)
      at warnIfUpdatesNotWrappedWithActDEV (node_modules/react-test-renderer/cjs/react-test-renderer.development.js:11798:7)
      at scheduleUpdateOnFiber (node_modules/react-test-renderer/cjs/react-test-renderer.development.js:10326:9)
      at dispatchSetStateInternal (node_modules/react-test-renderer/cjs/react-test-renderer.development.js:4148:13)
      at dispatchSetState (node_modules/react-test-renderer/cjs/react-test-renderer.development.js:4107:7)
      at setStateLoaded (hooks/useWalletCreation.js:51:9)
      at asyncGeneratorStep (node_modules/@babel/runtime/helpers/asyncToGenerator.js:3:17)
      at _next (node_modules/@babel/runtime/helpers/asyncToGenerator.js:17:9)

    console.error
      The current testing environment is not configured to support act(...)

      100 |
      101 |       // Set showingIntro FIRST, before setting wallet, to prevent lock screen flash
    > 102 |       setShowingIntro(true);
          |       ^
      103 |       setShowingSeeds(false);
      104 |       setSeedConfirmed(false);
      105 |

      at isConcurrentActEnvironment (node_modules/react-test-renderer/cjs/react-test-renderer.development.js:10243:17)
      at warnIfUpdatesNotWrappedWithActDEV (node_modules/react-test-renderer/cjs/react-test-renderer.development.js:11798:7)
      at scheduleUpdateOnFiber (node_modules/react-test-renderer/cjs/react-test-renderer.development.js:10326:9)
      at dispatchSetStateInternal (node_modules/react-test-renderer/cjs/react-test-renderer.development.js:4148:13)
      at dispatchSetState (node_modules/react-test-renderer/cjs/react-test-renderer.development.js:4107:7)
      at Object.setShowingIntro (hooks/useWalletCreation.js:102:7)
      at asyncGeneratorStep (node_modules/@babel/runtime/helpers/asyncToGenerator.js:3:17)
      at _next (node_modules/@babel/runtime/helpers/asyncToGenerator.js:17:9)

    console.error
      The current testing environment is not configured to support act(...)

      101 |       // Set showingIntro FIRST, before setting wallet, to prevent lock screen flash
      102 |       setShowingIntro(true);
    > 103 |       setShowingSeeds(false);
          |       ^
      104 |       setSeedConfirmed(false);
      105 |
      106 |       // Wallet created, user authenticated to see seed phrase

      at isConcurrentActEnvironment (node_modules/react-test-renderer/cjs/react-test-renderer.development.js:10243:17)
      at warnIfUpdatesNotWrappedWithActDEV (node_modules/react-test-renderer/cjs/react-test-renderer.development.js:11798:7)
      at scheduleUpdateOnFiber (node_modules/react-test-renderer/cjs/react-test-renderer.development.js:10326:9)
      at dispatchSetStateInternal (node_modules/react-test-renderer/cjs/react-test-renderer.development.js:4148:13)
      at dispatchSetState (node_modules/react-test-renderer/cjs/react-test-renderer.development.js:4107:7)
      at Object.setShowingSeeds (hooks/useWalletCreation.js:103:7)
      at asyncGeneratorStep (node_modules/@babel/runtime/helpers/asyncToGenerator.js:3:17)
      at _next (node_modules/@babel/runtime/helpers/asyncToGenerator.js:17:9)

    console.error
      The current testing environment is not configured to support act(...)

      112 |
      113 |       // Temporarily store mnemonic for later saving after PIN setup
    > 114 |       setTempMnemonic(mnemonic);
          |       ^
      115 |       setTempMnemonicWords(mnemonic.split(' '));
      116 |     } catch (error) {
      117 |       showToast(parseErrorMessage(error), 'error');

      at isConcurrentActEnvironment (node_modules/react-test-renderer/cjs/react-test-renderer.development.js:10243:17)
      at warnIfUpdatesNotWrappedWithActDEV (node_modules/react-test-renderer/cjs/react-test-renderer.development.js:11798:7)
      at scheduleUpdateOnFiber (node_modules/react-test-renderer/cjs/react-test-renderer.development.js:10326:9)
      at dispatchSetStateInternal (node_modules/react-test-renderer/cjs/react-test-renderer.development.js:4148:13)
      at dispatchSetState (node_modules/react-test-renderer/cjs/react-test-renderer.development.js:4107:7)
      at Object.setTempMnemonic (hooks/useWalletCreation.js:114:7)
      at asyncGeneratorStep (node_modules/@babel/runtime/helpers/asyncToGenerator.js:3:17)
      at _next (node_modules/@babel/runtime/helpers/asyncToGenerator.js:17:9)

    console.error
      The current testing environment is not configured to support act(...)

      113 |       // Temporarily store mnemonic for later saving after PIN setup
      114 |       setTempMnemonic(mnemonic);
    > 115 |       setTempMnemonicWords(mnemonic.split(' '));
          |       ^
      116 |     } catch (error) {
      117 |       showToast(parseErrorMessage(error), 'error');
      118 |     }

      at isConcurrentActEnvironment (node_modules/react-test-renderer/cjs/react-test-renderer.development.js:10243:17)
      at warnIfUpdatesNotWrappedWithActDEV (node_modules/react-test-renderer/cjs/react-test-renderer.development.js:11798:7)
      at scheduleUpdateOnFiber (node_modules/react-test-renderer/cjs/react-test-renderer.development.js:10326:9)
      at dispatchSetStateInternal (node_modules/react-test-renderer/cjs/react-test-renderer.development.js:4148:13)
      at dispatchSetState (node_modules/react-test-renderer/cjs/react-test-renderer.development.js:4107:7)
      at Object.setTempMnemonicWords (hooks/useWalletCreation.js:115:7)
      at asyncGeneratorStep (node_modules/@babel/runtime/helpers/asyncToGenerator.js:3:17)
      at _next (node_modules/@babel/runtime/helpers/asyncToGenerator.js:17:9)

    console.error
      The current testing environment is not configured to support act(...)

      141 |
      142 |       // Securely clear temporary mnemonic from memory
    > 143 |       setTempMnemonic('*'.repeat(tempMnemonic.length));
          |       ^
      144 |       setTimeout(() => setTempMnemonic(''), 100);
      145 |       setTempMnemonicWords(Array(12).fill('*'.repeat(8)));
      146 |       setTimeout(() => setTempMnemonicWords([]), 100);

      at isConcurrentActEnvironment (node_modules/react-test-renderer/cjs/react-test-renderer.development.js:10243:17)
      at warnIfUpdatesNotWrappedWithActDEV (node_modules/react-test-renderer/cjs/react-test-renderer.development.js:11798:7)
      at scheduleUpdateOnFiber (node_modules/react-test-renderer/cjs/react-test-renderer.development.js:10326:9)
      at dispatchSetStateInternal (node_modules/react-test-renderer/cjs/react-test-renderer.development.js:4148:13)
      at dispatchSetState (node_modules/react-test-renderer/cjs/react-test-renderer.development.js:4107:7)
      at Object.setTempMnemonic (hooks/useWalletCreation.js:143:7)
      at asyncGeneratorStep (node_modules/@babel/runtime/helpers/asyncToGenerator.js:3:17)
      at _next (node_modules/@babel/runtime/helpers/asyncToGenerator.js:17:9)

    console.error
      The current testing environment is not configured to support act(...)

      143 |       setTempMnemonic('*'.repeat(tempMnemonic.length));
      144 |       setTimeout(() => setTempMnemonic(''), 100);
    > 145 |       setTempMnemonicWords(Array(12).fill('*'.repeat(8)));
          |       ^
      146 |       setTimeout(() => setTempMnemonicWords([]), 100);
      147 |
      148 |       // Clear persisted creation state (onboarding complete!)

      at isConcurrentActEnvironment (node_modules/react-test-renderer/cjs/react-test-renderer.development.js:10243:17)
      at warnIfUpdatesNotWrappedWithActDEV (node_modules/react-test-renderer/cjs/react-test-renderer.development.js:11798:7)
      at scheduleUpdateOnFiber (node_modules/react-test-renderer/cjs/react-test-renderer.development.js:10326:9)
      at dispatchSetStateInternal (node_modules/react-test-renderer/cjs/react-test-renderer.development.js:4148:13)
      at dispatchSetState (node_modules/react-test-renderer/cjs/react-test-renderer.development.js:4107:7)
      at Object.setTempMnemonicWords (hooks/useWalletCreation.js:145:7)
      at asyncGeneratorStep (node_modules/@babel/runtime/helpers/asyncToGenerator.js:3:17)
      at _next (node_modules/@babel/runtime/helpers/asyncToGenerator.js:17:9)

    console.error
      react-test-renderer is deprecated. See https://react.dev/warnings/react-test-renderer

      38 |   let component;
      39 |   act(() => {
    > 40 |     component = create(<TestComponent hookProps={initialProps} />);
         |                       ^
      41 |   });
      42 |   return {
      43 |     result,

      at process.env.NODE_ENV.exports.create (node_modules/react-test-renderer/cjs/react-test-renderer.development.js:14598:17)
      at hooks/__tests__/useWalletCreation.test.js:40:23
      at process.env.NODE_ENV.exports.act (node_modules/react/cjs/react.development.js:789:22)
      at renderHook (hooks/__tests__/useWalletCreation.test.js:39:6)
      at Object.renderHook (hooks/__tests__/useWalletCreation.test.js:450:26)
      at asyncGeneratorStep (node_modules/@babel/runtime/helpers/asyncToGenerator.js:3:17)
      at _next (node_modules/@babel/runtime/helpers/asyncToGenerator.js:17:9)
      at node_modules/@babel/runtime/helpers/asyncToGenerator.js:22:7
      at Object.<anonymous> (node_modules/@babel/runtime/helpers/asyncToGenerator.js:14:12)

    console.error
      The current testing environment is not configured to support act(...)

      38 |   let component;
      39 |   act(() => {
    > 40 |     component = create(<TestComponent hookProps={initialProps} />);
         |                       ^
      41 |   });
      42 |   return {
      43 |     result,

      at isConcurrentActEnvironment (node_modules/react-test-renderer/cjs/react-test-renderer.development.js:10243:17)
      at warnIfUpdatesNotWrappedWithActDEV (node_modules/react-test-renderer/cjs/react-test-renderer.development.js:11798:7)
      at scheduleUpdateOnFiber (node_modules/react-test-renderer/cjs/react-test-renderer.development.js:10326:9)
      at updateContainerImpl (node_modules/react-test-renderer/cjs/react-test-renderer.development.js:12382:10)
      at updateContainer (node_modules/react-test-renderer/cjs/react-test-renderer.development.js:12326:7)
      at process.env.NODE_ENV.exports.create (node_modules/react-test-renderer/cjs/react-test-renderer.development.js:14630:7)
      at hooks/__tests__/useWalletCreation.test.js:40:23
      at process.env.NODE_ENV.exports.act (node_modules/react/cjs/react.development.js:789:22)
      at renderHook (hooks/__tests__/useWalletCreation.test.js:39:6)
      at Object.renderHook (hooks/__tests__/useWalletCreation.test.js:450:26)
      at asyncGeneratorStep (node_modules/@babel/runtime/helpers/asyncToGenerator.js:3:17)
      at _next (node_modules/@babel/runtime/helpers/asyncToGenerator.js:17:9)
      at node_modules/@babel/runtime/helpers/asyncToGenerator.js:22:7
      at Object.<anonymous> (node_modules/@babel/runtime/helpers/asyncToGenerator.js:14:12)

    console.error
      The current testing environment is not configured to support act(...)

      49 |         // Silently fail - state will be empty on first run
      50 |       } finally {
    > 51 |         setStateLoaded(true);
         |         ^
      52 |       }
      53 |     };
      54 |

      at isConcurrentActEnvironment (node_modules/react-test-renderer/cjs/react-test-renderer.development.js:10243:17)
      at warnIfUpdatesNotWrappedWithActDEV (node_modules/react-test-renderer/cjs/react-test-renderer.development.js:11798:7)
      at scheduleUpdateOnFiber (node_modules/react-test-renderer/cjs/react-test-renderer.development.js:10326:9)
      at dispatchSetStateInternal (node_modules/react-test-renderer/cjs/react-test-renderer.development.js:4148:13)
      at dispatchSetState (node_modules/react-test-renderer/cjs/react-test-renderer.development.js:4107:7)
      at setStateLoaded (hooks/useWalletCreation.js:51:9)
      at asyncGeneratorStep (node_modules/@babel/runtime/helpers/asyncToGenerator.js:3:17)
      at _next (node_modules/@babel/runtime/helpers/asyncToGenerator.js:17:9)

    console.error
      The current testing environment is not configured to support act(...)

      100 |
      101 |       // Set showingIntro FIRST, before setting wallet, to prevent lock screen flash
    > 102 |       setShowingIntro(true);
          |       ^
      103 |       setShowingSeeds(false);
      104 |       setSeedConfirmed(false);
      105 |

      at isConcurrentActEnvironment (node_modules/react-test-renderer/cjs/react-test-renderer.development.js:10243:17)
      at warnIfUpdatesNotWrappedWithActDEV (node_modules/react-test-renderer/cjs/react-test-renderer.development.js:11798:7)
      at scheduleUpdateOnFiber (node_modules/react-test-renderer/cjs/react-test-renderer.development.js:10326:9)
      at dispatchSetStateInternal (node_modules/react-test-renderer/cjs/react-test-renderer.development.js:4148:13)
      at dispatchSetState (node_modules/react-test-renderer/cjs/react-test-renderer.development.js:4107:7)
      at Object.setShowingIntro (hooks/useWalletCreation.js:102:7)
      at asyncGeneratorStep (node_modules/@babel/runtime/helpers/asyncToGenerator.js:3:17)
      at _next (node_modules/@babel/runtime/helpers/asyncToGenerator.js:17:9)

    console.error
      The current testing environment is not configured to support act(...)

      101 |       // Set showingIntro FIRST, before setting wallet, to prevent lock screen flash
      102 |       setShowingIntro(true);
    > 103 |       setShowingSeeds(false);
          |       ^
      104 |       setSeedConfirmed(false);
      105 |
      106 |       // Wallet created, user authenticated to see seed phrase

      at isConcurrentActEnvironment (node_modules/react-test-renderer/cjs/react-test-renderer.development.js:10243:17)
      at warnIfUpdatesNotWrappedWithActDEV (node_modules/react-test-renderer/cjs/react-test-renderer.development.js:11798:7)
      at scheduleUpdateOnFiber (node_modules/react-test-renderer/cjs/react-test-renderer.development.js:10326:9)
      at dispatchSetStateInternal (node_modules/react-test-renderer/cjs/react-test-renderer.development.js:4148:13)
      at dispatchSetState (node_modules/react-test-renderer/cjs/react-test-renderer.development.js:4107:7)
      at Object.setShowingSeeds (hooks/useWalletCreation.js:103:7)
      at asyncGeneratorStep (node_modules/@babel/runtime/helpers/asyncToGenerator.js:3:17)
      at _next (node_modules/@babel/runtime/helpers/asyncToGenerator.js:17:9)

    console.error
      The current testing environment is not configured to support act(...)

      112 |
      113 |       // Temporarily store mnemonic for later saving after PIN setup
    > 114 |       setTempMnemonic(mnemonic);
          |       ^
      115 |       setTempMnemonicWords(mnemonic.split(' '));
      116 |     } catch (error) {
      117 |       showToast(parseErrorMessage(error), 'error');

      at isConcurrentActEnvironment (node_modules/react-test-renderer/cjs/react-test-renderer.development.js:10243:17)
      at warnIfUpdatesNotWrappedWithActDEV (node_modules/react-test-renderer/cjs/react-test-renderer.development.js:11798:7)
      at scheduleUpdateOnFiber (node_modules/react-test-renderer/cjs/react-test-renderer.development.js:10326:9)
      at dispatchSetStateInternal (node_modules/react-test-renderer/cjs/react-test-renderer.development.js:4148:13)
      at dispatchSetState (node_modules/react-test-renderer/cjs/react-test-renderer.development.js:4107:7)
      at Object.setTempMnemonic (hooks/useWalletCreation.js:114:7)
      at asyncGeneratorStep (node_modules/@babel/runtime/helpers/asyncToGenerator.js:3:17)
      at _next (node_modules/@babel/runtime/helpers/asyncToGenerator.js:17:9)

    console.error
      The current testing environment is not configured to support act(...)

      113 |       // Temporarily store mnemonic for later saving after PIN setup
      114 |       setTempMnemonic(mnemonic);
    > 115 |       setTempMnemonicWords(mnemonic.split(' '));
          |       ^
      116 |     } catch (error) {
      117 |       showToast(parseErrorMessage(error), 'error');
      118 |     }

      at isConcurrentActEnvironment (node_modules/react-test-renderer/cjs/react-test-renderer.development.js:10243:17)
      at warnIfUpdatesNotWrappedWithActDEV (node_modules/react-test-renderer/cjs/react-test-renderer.development.js:11798:7)
      at scheduleUpdateOnFiber (node_modules/react-test-renderer/cjs/react-test-renderer.development.js:10326:9)
      at dispatchSetStateInternal (node_modules/react-test-renderer/cjs/react-test-renderer.development.js:4148:13)
      at dispatchSetState (node_modules/react-test-renderer/cjs/react-test-renderer.development.js:4107:7)
      at Object.setTempMnemonicWords (hooks/useWalletCreation.js:115:7)
      at asyncGeneratorStep (node_modules/@babel/runtime/helpers/asyncToGenerator.js:3:17)
      at _next (node_modules/@babel/runtime/helpers/asyncToGenerator.js:17:9)

    console.error
      The current testing environment is not configured to support act(...)

      160 |   const resetCreationState = async () => {
      161 |     // Securely clear temporary mnemonic from memory
    > 162 |     setTempMnemonic('');
          |     ^
      163 |     setTempMnemonicWords(Array(12).fill('*'.repeat(8)));
      164 |     setTimeout(() => setTempMnemonicWords([]), 100);
      165 |

      at isConcurrentActEnvironment (node_modules/react-test-renderer/cjs/react-test-renderer.development.js:10243:17)
      at warnIfUpdatesNotWrappedWithActDEV (node_modules/react-test-renderer/cjs/react-test-renderer.development.js:11798:7)
      at scheduleUpdateOnFiber (node_modules/react-test-renderer/cjs/react-test-renderer.development.js:10326:9)
      at dispatchSetStateInternal (node_modules/react-test-renderer/cjs/react-test-renderer.development.js:4148:13)
      at dispatchSetState (node_modules/react-test-renderer/cjs/react-test-renderer.development.js:4107:7)
      at Object.setTempMnemonic (hooks/useWalletCreation.js:162:5)
      at asyncGeneratorStep (node_modules/@babel/runtime/helpers/asyncToGenerator.js:3:17)
      at _next (node_modules/@babel/runtime/helpers/asyncToGenerator.js:17:9)
      at node_modules/@babel/runtime/helpers/asyncToGenerator.js:22:7
      at Object.<anonymous> (node_modules/@babel/runtime/helpers/asyncToGenerator.js:14:12)
      at Object.apply [as resetCreationState] (hooks/useWalletCreation.js:160:27)
      at resetCreationState (hooks/__tests__/useWalletCreation.test.js:461:30)
      at asyncGeneratorStep (node_modules/@babel/runtime/helpers/asyncToGenerator.js:3:17)
      at _next (node_modules/@babel/runtime/helpers/asyncToGenerator.js:17:9)
      at node_modules/@babel/runtime/helpers/asyncToGenerator.js:22:7
      at node_modules/@babel/runtime/helpers/asyncToGenerator.js:14:12
      at process.env.NODE_ENV.exports.act (node_modules/react/cjs/react.development.js:789:22)
      at Object.<anonymous> (hooks/__tests__/useWalletCreation.test.js:460:16)
      at asyncGeneratorStep (node_modules/@babel/runtime/helpers/asyncToGenerator.js:3:17)
      at _next (node_modules/@babel/runtime/helpers/asyncToGenerator.js:17:9)

    console.error
      The current testing environment is not configured to support act(...)

      161 |     // Securely clear temporary mnemonic from memory
      162 |     setTempMnemonic('');
    > 163 |     setTempMnemonicWords(Array(12).fill('*'.repeat(8)));
          |     ^
      164 |     setTimeout(() => setTempMnemonicWords([]), 100);
      165 |
      166 |     setShowingSeeds(false);

      at isConcurrentActEnvironment (node_modules/react-test-renderer/cjs/react-test-renderer.development.js:10243:17)
      at warnIfUpdatesNotWrappedWithActDEV (node_modules/react-test-renderer/cjs/react-test-renderer.development.js:11798:7)
      at scheduleUpdateOnFiber (node_modules/react-test-renderer/cjs/react-test-renderer.development.js:10326:9)
      at dispatchSetStateInternal (node_modules/react-test-renderer/cjs/react-test-renderer.development.js:4148:13)
      at dispatchSetState (node_modules/react-test-renderer/cjs/react-test-renderer.development.js:4107:7)
      at Object.setTempMnemonicWords (hooks/useWalletCreation.js:163:5)
      at asyncGeneratorStep (node_modules/@babel/runtime/helpers/asyncToGenerator.js:3:17)
      at _next (node_modules/@babel/runtime/helpers/asyncToGenerator.js:17:9)
      at node_modules/@babel/runtime/helpers/asyncToGenerator.js:22:7
      at Object.<anonymous> (node_modules/@babel/runtime/helpers/asyncToGenerator.js:14:12)
      at Object.apply [as resetCreationState] (hooks/useWalletCreation.js:160:27)
      at resetCreationState (hooks/__tests__/useWalletCreation.test.js:461:30)
      at asyncGeneratorStep (node_modules/@babel/runtime/helpers/asyncToGenerator.js:3:17)
      at _next (node_modules/@babel/runtime/helpers/asyncToGenerator.js:17:9)
      at node_modules/@babel/runtime/helpers/asyncToGenerator.js:22:7
      at node_modules/@babel/runtime/helpers/asyncToGenerator.js:14:12
      at process.env.NODE_ENV.exports.act (node_modules/react/cjs/react.development.js:789:22)
      at Object.<anonymous> (hooks/__tests__/useWalletCreation.test.js:460:16)
      at asyncGeneratorStep (node_modules/@babel/runtime/helpers/asyncToGenerator.js:3:17)
      at _next (node_modules/@babel/runtime/helpers/asyncToGenerator.js:17:9)

    console.error
      The current testing environment is not configured to support act(...)

      164 |     setTimeout(() => setTempMnemonicWords([]), 100);
      165 |
    > 166 |     setShowingSeeds(false);
          |     ^
      167 |     setShowingIntro(false);
      168 |     walletExistsRef.current = false;
      169 |

      at isConcurrentActEnvironment (node_modules/react-test-renderer/cjs/react-test-renderer.development.js:10243:17)
      at warnIfUpdatesNotWrappedWithActDEV (node_modules/react-test-renderer/cjs/react-test-renderer.development.js:11798:7)
      at scheduleUpdateOnFiber (node_modules/react-test-renderer/cjs/react-test-renderer.development.js:10326:9)
      at dispatchSetStateInternal (node_modules/react-test-renderer/cjs/react-test-renderer.development.js:4148:13)
      at dispatchSetState (node_modules/react-test-renderer/cjs/react-test-renderer.development.js:4107:7)
      at Object.setShowingSeeds (hooks/useWalletCreation.js:166:5)
      at asyncGeneratorStep (node_modules/@babel/runtime/helpers/asyncToGenerator.js:3:17)
      at _next (node_modules/@babel/runtime/helpers/asyncToGenerator.js:17:9)
      at node_modules/@babel/runtime/helpers/asyncToGenerator.js:22:7
      at Object.<anonymous> (node_modules/@babel/runtime/helpers/asyncToGenerator.js:14:12)
      at Object.apply [as resetCreationState] (hooks/useWalletCreation.js:160:27)
      at resetCreationState (hooks/__tests__/useWalletCreation.test.js:461:30)
      at asyncGeneratorStep (node_modules/@babel/runtime/helpers/asyncToGenerator.js:3:17)
      at _next (node_modules/@babel/runtime/helpers/asyncToGenerator.js:17:9)
      at node_modules/@babel/runtime/helpers/asyncToGenerator.js:22:7
      at node_modules/@babel/runtime/helpers/asyncToGenerator.js:14:12
      at process.env.NODE_ENV.exports.act (node_modules/react/cjs/react.development.js:789:22)
      at Object.<anonymous> (hooks/__tests__/useWalletCreation.test.js:460:16)
      at asyncGeneratorStep (node_modules/@babel/runtime/helpers/asyncToGenerator.js:3:17)
      at _next (node_modules/@babel/runtime/helpers/asyncToGenerator.js:17:9)

    console.error
      The current testing environment is not configured to support act(...)

      165 |
      166 |     setShowingSeeds(false);
    > 167 |     setShowingIntro(false);
          |     ^
      168 |     walletExistsRef.current = false;
      169 |
      170 |     // Clear wallet from context (this was set during createWallet)

      at isConcurrentActEnvironment (node_modules/react-test-renderer/cjs/react-test-renderer.development.js:10243:17)
      at warnIfUpdatesNotWrappedWithActDEV (node_modules/react-test-renderer/cjs/react-test-renderer.development.js:11798:7)
      at scheduleUpdateOnFiber (node_modules/react-test-renderer/cjs/react-test-renderer.development.js:10326:9)
      at dispatchSetStateInternal (node_modules/react-test-renderer/cjs/react-test-renderer.development.js:4148:13)
      at dispatchSetState (node_modules/react-test-renderer/cjs/react-test-renderer.development.js:4107:7)
      at Object.setShowingIntro (hooks/useWalletCreation.js:167:5)
      at asyncGeneratorStep (node_modules/@babel/runtime/helpers/asyncToGenerator.js:3:17)
      at _next (node_modules/@babel/runtime/helpers/asyncToGenerator.js:17:9)
      at node_modules/@babel/runtime/helpers/asyncToGenerator.js:22:7
      at Object.<anonymous> (node_modules/@babel/runtime/helpers/asyncToGenerator.js:14:12)
      at Object.apply [as resetCreationState] (hooks/useWalletCreation.js:160:27)
      at resetCreationState (hooks/__tests__/useWalletCreation.test.js:461:30)
      at asyncGeneratorStep (node_modules/@babel/runtime/helpers/asyncToGenerator.js:3:17)
      at _next (node_modules/@babel/runtime/helpers/asyncToGenerator.js:17:9)
      at node_modules/@babel/runtime/helpers/asyncToGenerator.js:22:7
      at node_modules/@babel/runtime/helpers/asyncToGenerator.js:14:12
      at process.env.NODE_ENV.exports.act (node_modules/react/cjs/react.development.js:789:22)
      at Object.<anonymous> (hooks/__tests__/useWalletCreation.test.js:460:16)
      at asyncGeneratorStep (node_modules/@babel/runtime/helpers/asyncToGenerator.js:3:17)
      at _next (node_modules/@babel/runtime/helpers/asyncToGenerator.js:17:9)

    console.error
      react-test-renderer is deprecated. See https://react.dev/warnings/react-test-renderer

      38 |   let component;
      39 |   act(() => {
    > 40 |     component = create(<TestComponent hookProps={initialProps} />);
         |                       ^
      41 |   });
      42 |   return {
      43 |     result,

      at process.env.NODE_ENV.exports.create (node_modules/react-test-renderer/cjs/react-test-renderer.development.js:14598:17)
      at hooks/__tests__/useWalletCreation.test.js:40:23
      at process.env.NODE_ENV.exports.act (node_modules/react/cjs/react.development.js:789:22)
      at renderHook (hooks/__tests__/useWalletCreation.test.js:39:6)
      at Object.renderHook (hooks/__tests__/useWalletCreation.test.js:470:26)
      at asyncGeneratorStep (node_modules/@babel/runtime/helpers/asyncToGenerator.js:3:17)
      at _next (node_modules/@babel/runtime/helpers/asyncToGenerator.js:17:9)
      at node_modules/@babel/runtime/helpers/asyncToGenerator.js:22:7
      at Object.<anonymous> (node_modules/@babel/runtime/helpers/asyncToGenerator.js:14:12)

    console.error
      The current testing environment is not configured to support act(...)

      38 |   let component;
      39 |   act(() => {
    > 40 |     component = create(<TestComponent hookProps={initialProps} />);
         |                       ^
      41 |   });
      42 |   return {
      43 |     result,

      at isConcurrentActEnvironment (node_modules/react-test-renderer/cjs/react-test-renderer.development.js:10243:17)
      at warnIfUpdatesNotWrappedWithActDEV (node_modules/react-test-renderer/cjs/react-test-renderer.development.js:11798:7)
      at scheduleUpdateOnFiber (node_modules/react-test-renderer/cjs/react-test-renderer.development.js:10326:9)
      at updateContainerImpl (node_modules/react-test-renderer/cjs/react-test-renderer.development.js:12382:10)
      at updateContainer (node_modules/react-test-renderer/cjs/react-test-renderer.development.js:12326:7)
      at process.env.NODE_ENV.exports.create (node_modules/react-test-renderer/cjs/react-test-renderer.development.js:14630:7)
      at hooks/__tests__/useWalletCreation.test.js:40:23
      at process.env.NODE_ENV.exports.act (node_modules/react/cjs/react.development.js:789:22)
      at renderHook (hooks/__tests__/useWalletCreation.test.js:39:6)
      at Object.renderHook (hooks/__tests__/useWalletCreation.test.js:470:26)
      at asyncGeneratorStep (node_modules/@babel/runtime/helpers/asyncToGenerator.js:3:17)
      at _next (node_modules/@babel/runtime/helpers/asyncToGenerator.js:17:9)
      at node_modules/@babel/runtime/helpers/asyncToGenerator.js:22:7
      at Object.<anonymous> (node_modules/@babel/runtime/helpers/asyncToGenerator.js:14:12)

    console.error
      The current testing environment is not configured to support act(...)

      49 |         // Silently fail - state will be empty on first run
      50 |       } finally {
    > 51 |         setStateLoaded(true);
         |         ^
      52 |       }
      53 |     };
      54 |

      at isConcurrentActEnvironment (node_modules/react-test-renderer/cjs/react-test-renderer.development.js:10243:17)
      at warnIfUpdatesNotWrappedWithActDEV (node_modules/react-test-renderer/cjs/react-test-renderer.development.js:11798:7)
      at scheduleUpdateOnFiber (node_modules/react-test-renderer/cjs/react-test-renderer.development.js:10326:9)
      at dispatchSetStateInternal (node_modules/react-test-renderer/cjs/react-test-renderer.development.js:4148:13)
      at dispatchSetState (node_modules/react-test-renderer/cjs/react-test-renderer.development.js:4107:7)
      at setStateLoaded (hooks/useWalletCreation.js:51:9)
      at asyncGeneratorStep (node_modules/@babel/runtime/helpers/asyncToGenerator.js:3:17)
      at _next (node_modules/@babel/runtime/helpers/asyncToGenerator.js:17:9)

    console.error
      The current testing environment is not configured to support act(...)

      100 |
      101 |       // Set showingIntro FIRST, before setting wallet, to prevent lock screen flash
    > 102 |       setShowingIntro(true);
          |       ^
      103 |       setShowingSeeds(false);
      104 |       setSeedConfirmed(false);
      105 |

      at isConcurrentActEnvironment (node_modules/react-test-renderer/cjs/react-test-renderer.development.js:10243:17)
      at warnIfUpdatesNotWrappedWithActDEV (node_modules/react-test-renderer/cjs/react-test-renderer.development.js:11798:7)
      at scheduleUpdateOnFiber (node_modules/react-test-renderer/cjs/react-test-renderer.development.js:10326:9)
      at dispatchSetStateInternal (node_modules/react-test-renderer/cjs/react-test-renderer.development.js:4148:13)
      at dispatchSetState (node_modules/react-test-renderer/cjs/react-test-renderer.development.js:4107:7)
      at Object.setShowingIntro (hooks/useWalletCreation.js:102:7)
      at asyncGeneratorStep (node_modules/@babel/runtime/helpers/asyncToGenerator.js:3:17)
      at _next (node_modules/@babel/runtime/helpers/asyncToGenerator.js:17:9)

    console.error
      The current testing environment is not configured to support act(...)

      101 |       // Set showingIntro FIRST, before setting wallet, to prevent lock screen flash
      102 |       setShowingIntro(true);
    > 103 |       setShowingSeeds(false);
          |       ^
      104 |       setSeedConfirmed(false);
      105 |
      106 |       // Wallet created, user authenticated to see seed phrase

      at isConcurrentActEnvironment (node_modules/react-test-renderer/cjs/react-test-renderer.development.js:10243:17)
      at warnIfUpdatesNotWrappedWithActDEV (node_modules/react-test-renderer/cjs/react-test-renderer.development.js:11798:7)
      at scheduleUpdateOnFiber (node_modules/react-test-renderer/cjs/react-test-renderer.development.js:10326:9)
      at dispatchSetStateInternal (node_modules/react-test-renderer/cjs/react-test-renderer.development.js:4148:13)
      at dispatchSetState (node_modules/react-test-renderer/cjs/react-test-renderer.development.js:4107:7)
      at Object.setShowingSeeds (hooks/useWalletCreation.js:103:7)
      at asyncGeneratorStep (node_modules/@babel/runtime/helpers/asyncToGenerator.js:3:17)
      at _next (node_modules/@babel/runtime/helpers/asyncToGenerator.js:17:9)

    console.error
      The current testing environment is not configured to support act(...)

      112 |
      113 |       // Temporarily store mnemonic for later saving after PIN setup
    > 114 |       setTempMnemonic(mnemonic);
          |       ^
      115 |       setTempMnemonicWords(mnemonic.split(' '));
      116 |     } catch (error) {
      117 |       showToast(parseErrorMessage(error), 'error');

      at isConcurrentActEnvironment (node_modules/react-test-renderer/cjs/react-test-renderer.development.js:10243:17)
      at warnIfUpdatesNotWrappedWithActDEV (node_modules/react-test-renderer/cjs/react-test-renderer.development.js:11798:7)
      at scheduleUpdateOnFiber (node_modules/react-test-renderer/cjs/react-test-renderer.development.js:10326:9)
      at dispatchSetStateInternal (node_modules/react-test-renderer/cjs/react-test-renderer.development.js:4148:13)
      at dispatchSetState (node_modules/react-test-renderer/cjs/react-test-renderer.development.js:4107:7)
      at Object.setTempMnemonic (hooks/useWalletCreation.js:114:7)
      at asyncGeneratorStep (node_modules/@babel/runtime/helpers/asyncToGenerator.js:3:17)
      at _next (node_modules/@babel/runtime/helpers/asyncToGenerator.js:17:9)

    console.error
      The current testing environment is not configured to support act(...)

      113 |       // Temporarily store mnemonic for later saving after PIN setup
      114 |       setTempMnemonic(mnemonic);
    > 115 |       setTempMnemonicWords(mnemonic.split(' '));
          |       ^
      116 |     } catch (error) {
      117 |       showToast(parseErrorMessage(error), 'error');
      118 |     }

      at isConcurrentActEnvironment (node_modules/react-test-renderer/cjs/react-test-renderer.development.js:10243:17)
      at warnIfUpdatesNotWrappedWithActDEV (node_modules/react-test-renderer/cjs/react-test-renderer.development.js:11798:7)
      at scheduleUpdateOnFiber (node_modules/react-test-renderer/cjs/react-test-renderer.development.js:10326:9)
      at dispatchSetStateInternal (node_modules/react-test-renderer/cjs/react-test-renderer.development.js:4148:13)
      at dispatchSetState (node_modules/react-test-renderer/cjs/react-test-renderer.development.js:4107:7)
      at Object.setTempMnemonicWords (hooks/useWalletCreation.js:115:7)
      at asyncGeneratorStep (node_modules/@babel/runtime/helpers/asyncToGenerator.js:3:17)
      at _next (node_modules/@babel/runtime/helpers/asyncToGenerator.js:17:9)

    console.error
      The current testing environment is not configured to support act(...)

      160 |   const resetCreationState = async () => {
      161 |     // Securely clear temporary mnemonic from memory
    > 162 |     setTempMnemonic('');
          |     ^
      163 |     setTempMnemonicWords(Array(12).fill('*'.repeat(8)));
      164 |     setTimeout(() => setTempMnemonicWords([]), 100);
      165 |

      at isConcurrentActEnvironment (node_modules/react-test-renderer/cjs/react-test-renderer.development.js:10243:17)
      at warnIfUpdatesNotWrappedWithActDEV (node_modules/react-test-renderer/cjs/react-test-renderer.development.js:11798:7)
      at scheduleUpdateOnFiber (node_modules/react-test-renderer/cjs/react-test-renderer.development.js:10326:9)
      at dispatchSetStateInternal (node_modules/react-test-renderer/cjs/react-test-renderer.development.js:4148:13)
      at dispatchSetState (node_modules/react-test-renderer/cjs/react-test-renderer.development.js:4107:7)
      at Object.setTempMnemonic (hooks/useWalletCreation.js:162:5)
      at asyncGeneratorStep (node_modules/@babel/runtime/helpers/asyncToGenerator.js:3:17)
      at _next (node_modules/@babel/runtime/helpers/asyncToGenerator.js:17:9)
      at node_modules/@babel/runtime/helpers/asyncToGenerator.js:22:7
      at Object.<anonymous> (node_modules/@babel/runtime/helpers/asyncToGenerator.js:14:12)
      at Object.apply [as resetCreationState] (hooks/useWalletCreation.js:160:27)
      at resetCreationState (hooks/__tests__/useWalletCreation.test.js:479:30)
      at asyncGeneratorStep (node_modules/@babel/runtime/helpers/asyncToGenerator.js:3:17)
      at _next (node_modules/@babel/runtime/helpers/asyncToGenerator.js:17:9)
      at node_modules/@babel/runtime/helpers/asyncToGenerator.js:22:7
      at node_modules/@babel/runtime/helpers/asyncToGenerator.js:14:12
      at process.env.NODE_ENV.exports.act (node_modules/react/cjs/react.development.js:789:22)
      at Object.<anonymous> (hooks/__tests__/useWalletCreation.test.js:478:16)
      at asyncGeneratorStep (node_modules/@babel/runtime/helpers/asyncToGenerator.js:3:17)
      at _next (node_modules/@babel/runtime/helpers/asyncToGenerator.js:17:9)

    console.error
      The current testing environment is not configured to support act(...)

      161 |     // Securely clear temporary mnemonic from memory
      162 |     setTempMnemonic('');
    > 163 |     setTempMnemonicWords(Array(12).fill('*'.repeat(8)));
          |     ^
      164 |     setTimeout(() => setTempMnemonicWords([]), 100);
      165 |
      166 |     setShowingSeeds(false);

      at isConcurrentActEnvironment (node_modules/react-test-renderer/cjs/react-test-renderer.development.js:10243:17)
      at warnIfUpdatesNotWrappedWithActDEV (node_modules/react-test-renderer/cjs/react-test-renderer.development.js:11798:7)
      at scheduleUpdateOnFiber (node_modules/react-test-renderer/cjs/react-test-renderer.development.js:10326:9)
      at dispatchSetStateInternal (node_modules/react-test-renderer/cjs/react-test-renderer.development.js:4148:13)
      at dispatchSetState (node_modules/react-test-renderer/cjs/react-test-renderer.development.js:4107:7)
      at Object.setTempMnemonicWords (hooks/useWalletCreation.js:163:5)
      at asyncGeneratorStep (node_modules/@babel/runtime/helpers/asyncToGenerator.js:3:17)
      at _next (node_modules/@babel/runtime/helpers/asyncToGenerator.js:17:9)
      at node_modules/@babel/runtime/helpers/asyncToGenerator.js:22:7
      at Object.<anonymous> (node_modules/@babel/runtime/helpers/asyncToGenerator.js:14:12)
      at Object.apply [as resetCreationState] (hooks/useWalletCreation.js:160:27)
      at resetCreationState (hooks/__tests__/useWalletCreation.test.js:479:30)
      at asyncGeneratorStep (node_modules/@babel/runtime/helpers/asyncToGenerator.js:3:17)
      at _next (node_modules/@babel/runtime/helpers/asyncToGenerator.js:17:9)
      at node_modules/@babel/runtime/helpers/asyncToGenerator.js:22:7
      at node_modules/@babel/runtime/helpers/asyncToGenerator.js:14:12
      at process.env.NODE_ENV.exports.act (node_modules/react/cjs/react.development.js:789:22)
      at Object.<anonymous> (hooks/__tests__/useWalletCreation.test.js:478:16)
      at asyncGeneratorStep (node_modules/@babel/runtime/helpers/asyncToGenerator.js:3:17)
      at _next (node_modules/@babel/runtime/helpers/asyncToGenerator.js:17:9)

    console.error
      The current testing environment is not configured to support act(...)

      164 |     setTimeout(() => setTempMnemonicWords([]), 100);
      165 |
    > 166 |     setShowingSeeds(false);
          |     ^
      167 |     setShowingIntro(false);
      168 |     walletExistsRef.current = false;
      169 |

      at isConcurrentActEnvironment (node_modules/react-test-renderer/cjs/react-test-renderer.development.js:10243:17)
      at warnIfUpdatesNotWrappedWithActDEV (node_modules/react-test-renderer/cjs/react-test-renderer.development.js:11798:7)
      at scheduleUpdateOnFiber (node_modules/react-test-renderer/cjs/react-test-renderer.development.js:10326:9)
      at dispatchSetStateInternal (node_modules/react-test-renderer/cjs/react-test-renderer.development.js:4148:13)
      at dispatchSetState (node_modules/react-test-renderer/cjs/react-test-renderer.development.js:4107:7)
      at Object.setShowingSeeds (hooks/useWalletCreation.js:166:5)
      at asyncGeneratorStep (node_modules/@babel/runtime/helpers/asyncToGenerator.js:3:17)
      at _next (node_modules/@babel/runtime/helpers/asyncToGenerator.js:17:9)
      at node_modules/@babel/runtime/helpers/asyncToGenerator.js:22:7
      at Object.<anonymous> (node_modules/@babel/runtime/helpers/asyncToGenerator.js:14:12)
      at Object.apply [as resetCreationState] (hooks/useWalletCreation.js:160:27)
      at resetCreationState (hooks/__tests__/useWalletCreation.test.js:479:30)
      at asyncGeneratorStep (node_modules/@babel/runtime/helpers/asyncToGenerator.js:3:17)
      at _next (node_modules/@babel/runtime/helpers/asyncToGenerator.js:17:9)
      at node_modules/@babel/runtime/helpers/asyncToGenerator.js:22:7
      at node_modules/@babel/runtime/helpers/asyncToGenerator.js:14:12
      at process.env.NODE_ENV.exports.act (node_modules/react/cjs/react.development.js:789:22)
      at Object.<anonymous> (hooks/__tests__/useWalletCreation.test.js:478:16)
      at asyncGeneratorStep (node_modules/@babel/runtime/helpers/asyncToGenerator.js:3:17)
      at _next (node_modules/@babel/runtime/helpers/asyncToGenerator.js:17:9)

    console.error
      The current testing environment is not configured to support act(...)

      165 |
      166 |     setShowingSeeds(false);
    > 167 |     setShowingIntro(false);
          |     ^
      168 |     walletExistsRef.current = false;
      169 |
      170 |     // Clear wallet from context (this was set during createWallet)

      at isConcurrentActEnvironment (node_modules/react-test-renderer/cjs/react-test-renderer.development.js:10243:17)
      at warnIfUpdatesNotWrappedWithActDEV (node_modules/react-test-renderer/cjs/react-test-renderer.development.js:11798:7)
      at scheduleUpdateOnFiber (node_modules/react-test-renderer/cjs/react-test-renderer.development.js:10326:9)
      at dispatchSetStateInternal (node_modules/react-test-renderer/cjs/react-test-renderer.development.js:4148:13)
      at dispatchSetState (node_modules/react-test-renderer/cjs/react-test-renderer.development.js:4107:7)
      at Object.setShowingIntro (hooks/useWalletCreation.js:167:5)
      at asyncGeneratorStep (node_modules/@babel/runtime/helpers/asyncToGenerator.js:3:17)
      at _next (node_modules/@babel/runtime/helpers/asyncToGenerator.js:17:9)
      at node_modules/@babel/runtime/helpers/asyncToGenerator.js:22:7
      at Object.<anonymous> (node_modules/@babel/runtime/helpers/asyncToGenerator.js:14:12)
      at Object.apply [as resetCreationState] (hooks/useWalletCreation.js:160:27)
      at resetCreationState (hooks/__tests__/useWalletCreation.test.js:479:30)
      at asyncGeneratorStep (node_modules/@babel/runtime/helpers/asyncToGenerator.js:3:17)
      at _next (node_modules/@babel/runtime/helpers/asyncToGenerator.js:17:9)
      at node_modules/@babel/runtime/helpers/asyncToGenerator.js:22:7
      at node_modules/@babel/runtime/helpers/asyncToGenerator.js:14:12
      at process.env.NODE_ENV.exports.act (node_modules/react/cjs/react.development.js:789:22)
      at Object.<anonymous> (hooks/__tests__/useWalletCreation.test.js:478:16)
      at asyncGeneratorStep (node_modules/@babel/runtime/helpers/asyncToGenerator.js:3:17)
      at _next (node_modules/@babel/runtime/helpers/asyncToGenerator.js:17:9)

    console.error
      The current testing environment is not configured to support act(...)

      162 |     setTempMnemonic('');
      163 |     setTempMnemonicWords(Array(12).fill('*'.repeat(8)));
    > 164 |     setTimeout(() => setTempMnemonicWords([]), 100);
          |                      ^
      165 |
      166 |     setShowingSeeds(false);
      167 |     setShowingIntro(false);

      at isConcurrentActEnvironment (node_modules/react-test-renderer/cjs/react-test-renderer.development.js:10243:17)
      at warnIfUpdatesNotWrappedWithActDEV (node_modules/react-test-renderer/cjs/react-test-renderer.development.js:11798:7)
      at scheduleUpdateOnFiber (node_modules/react-test-renderer/cjs/react-test-renderer.development.js:10326:9)
      at dispatchSetStateInternal (node_modules/react-test-renderer/cjs/react-test-renderer.development.js:4148:13)
      at dispatchSetState (node_modules/react-test-renderer/cjs/react-test-renderer.development.js:4107:7)
      at setTempMnemonicWords (hooks/useWalletCreation.js:164:22)
      at callTimer (node_modules/@sinonjs/fake-timers/src/fake-timers-src.js:806:24)
      at doTickInner (node_modules/@sinonjs/fake-timers/src/fake-timers-src.js:1413:29)
      at doTick (node_modules/@sinonjs/fake-timers/src/fake-timers-src.js:1494:20)
      at Object.tick (node_modules/@sinonjs/fake-timers/src/fake-timers-src.js:1502:20)
      at FakeTimers.advanceTimersByTime (node_modules/@jest/fake-timers/build/index.js:576:19)
      at advanceTimersByTime (hooks/__tests__/useWalletCreation.test.js:487:14)
      at asyncGeneratorStep (node_modules/@babel/runtime/helpers/asyncToGenerator.js:3:17)
      at _next (node_modules/@babel/runtime/helpers/asyncToGenerator.js:17:9)
      at node_modules/@babel/runtime/helpers/asyncToGenerator.js:22:7
      at node_modules/@babel/runtime/helpers/asyncToGenerator.js:14:12
      at process.env.NODE_ENV.exports.act (node_modules/react/cjs/react.development.js:789:22)
      at Object.<anonymous> (hooks/__tests__/useWalletCreation.test.js:486:16)
      at asyncGeneratorStep (node_modules/@babel/runtime/helpers/asyncToGenerator.js:3:17)
      at _next (node_modules/@babel/runtime/helpers/asyncToGenerator.js:17:9)

    console.error
      react-test-renderer is deprecated. See https://react.dev/warnings/react-test-renderer

      38 |   let component;
      39 |   act(() => {
    > 40 |     component = create(<TestComponent hookProps={initialProps} />);
         |                       ^
      41 |   });
      42 |   return {
      43 |     result,

      at process.env.NODE_ENV.exports.create (node_modules/react-test-renderer/cjs/react-test-renderer.development.js:14598:17)
      at hooks/__tests__/useWalletCreation.test.js:40:23
      at process.env.NODE_ENV.exports.act (node_modules/react/cjs/react.development.js:789:22)
      at renderHook (hooks/__tests__/useWalletCreation.test.js:39:6)
      at Object.renderHook (hooks/__tests__/useWalletCreation.test.js:495:26)
      at asyncGeneratorStep (node_modules/@babel/runtime/helpers/asyncToGenerator.js:3:17)
      at _next (node_modules/@babel/runtime/helpers/asyncToGenerator.js:17:9)
      at node_modules/@babel/runtime/helpers/asyncToGenerator.js:22:7
      at Object.<anonymous> (node_modules/@babel/runtime/helpers/asyncToGenerator.js:14:12)

    console.error
      The current testing environment is not configured to support act(...)

      38 |   let component;
      39 |   act(() => {
    > 40 |     component = create(<TestComponent hookProps={initialProps} />);
         |                       ^
      41 |   });
      42 |   return {
      43 |     result,

      at isConcurrentActEnvironment (node_modules/react-test-renderer/cjs/react-test-renderer.development.js:10243:17)
      at warnIfUpdatesNotWrappedWithActDEV (node_modules/react-test-renderer/cjs/react-test-renderer.development.js:11798:7)
      at scheduleUpdateOnFiber (node_modules/react-test-renderer/cjs/react-test-renderer.development.js:10326:9)
      at updateContainerImpl (node_modules/react-test-renderer/cjs/react-test-renderer.development.js:12382:10)
      at updateContainer (node_modules/react-test-renderer/cjs/react-test-renderer.development.js:12326:7)
      at process.env.NODE_ENV.exports.create (node_modules/react-test-renderer/cjs/react-test-renderer.development.js:14630:7)
      at hooks/__tests__/useWalletCreation.test.js:40:23
      at process.env.NODE_ENV.exports.act (node_modules/react/cjs/react.development.js:789:22)
      at renderHook (hooks/__tests__/useWalletCreation.test.js:39:6)
      at Object.renderHook (hooks/__tests__/useWalletCreation.test.js:495:26)
      at asyncGeneratorStep (node_modules/@babel/runtime/helpers/asyncToGenerator.js:3:17)
      at _next (node_modules/@babel/runtime/helpers/asyncToGenerator.js:17:9)
      at node_modules/@babel/runtime/helpers/asyncToGenerator.js:22:7
      at Object.<anonymous> (node_modules/@babel/runtime/helpers/asyncToGenerator.js:14:12)

    console.error
      The current testing environment is not configured to support act(...)

      161 |     // Securely clear temporary mnemonic from memory
      162 |     setTempMnemonic('');
    > 163 |     setTempMnemonicWords(Array(12).fill('*'.repeat(8)));
          |     ^
      164 |     setTimeout(() => setTempMnemonicWords([]), 100);
      165 |
      166 |     setShowingSeeds(false);

      at isConcurrentActEnvironment (node_modules/react-test-renderer/cjs/react-test-renderer.development.js:10243:17)
      at warnIfUpdatesNotWrappedWithActDEV (node_modules/react-test-renderer/cjs/react-test-renderer.development.js:11798:7)
      at scheduleUpdateOnFiber (node_modules/react-test-renderer/cjs/react-test-renderer.development.js:10326:9)
      at dispatchSetStateInternal (node_modules/react-test-renderer/cjs/react-test-renderer.development.js:4148:13)
      at dispatchSetState (node_modules/react-test-renderer/cjs/react-test-renderer.development.js:4107:7)
      at Object.setTempMnemonicWords (hooks/useWalletCreation.js:163:5)
      at asyncGeneratorStep (node_modules/@babel/runtime/helpers/asyncToGenerator.js:3:17)
      at _next (node_modules/@babel/runtime/helpers/asyncToGenerator.js:17:9)
      at node_modules/@babel/runtime/helpers/asyncToGenerator.js:22:7
      at Object.<anonymous> (node_modules/@babel/runtime/helpers/asyncToGenerator.js:14:12)
      at Object.apply [as resetCreationState] (hooks/useWalletCreation.js:160:27)
      at resetCreationState (hooks/__tests__/useWalletCreation.test.js:500:30)
      at asyncGeneratorStep (node_modules/@babel/runtime/helpers/asyncToGenerator.js:3:17)
      at _next (node_modules/@babel/runtime/helpers/asyncToGenerator.js:17:9)
      at node_modules/@babel/runtime/helpers/asyncToGenerator.js:22:7
      at node_modules/@babel/runtime/helpers/asyncToGenerator.js:14:12
      at process.env.NODE_ENV.exports.act (node_modules/react/cjs/react.development.js:789:22)
      at Object.<anonymous> (hooks/__tests__/useWalletCreation.test.js:499:16)
      at asyncGeneratorStep (node_modules/@babel/runtime/helpers/asyncToGenerator.js:3:17)
      at _next (node_modules/@babel/runtime/helpers/asyncToGenerator.js:17:9)
      at node_modules/@babel/runtime/helpers/asyncToGenerator.js:22:7
      at Object.<anonymous> (node_modules/@babel/runtime/helpers/asyncToGenerator.js:14:12)

    console.error
      The current testing environment is not configured to support act(...)

      164 |     setTimeout(() => setTempMnemonicWords([]), 100);
      165 |
    > 166 |     setShowingSeeds(false);
          |     ^
      167 |     setShowingIntro(false);
      168 |     walletExistsRef.current = false;
      169 |

      at isConcurrentActEnvironment (node_modules/react-test-renderer/cjs/react-test-renderer.development.js:10243:17)
      at warnIfUpdatesNotWrappedWithActDEV (node_modules/react-test-renderer/cjs/react-test-renderer.development.js:11798:7)
      at scheduleUpdateOnFiber (node_modules/react-test-renderer/cjs/react-test-renderer.development.js:10326:9)
      at dispatchSetStateInternal (node_modules/react-test-renderer/cjs/react-test-renderer.development.js:4148:13)
      at dispatchSetState (node_modules/react-test-renderer/cjs/react-test-renderer.development.js:4107:7)
      at Object.setShowingSeeds (hooks/useWalletCreation.js:166:5)
      at asyncGeneratorStep (node_modules/@babel/runtime/helpers/asyncToGenerator.js:3:17)
      at _next (node_modules/@babel/runtime/helpers/asyncToGenerator.js:17:9)
      at node_modules/@babel/runtime/helpers/asyncToGenerator.js:22:7
      at Object.<anonymous> (node_modules/@babel/runtime/helpers/asyncToGenerator.js:14:12)
      at Object.apply [as resetCreationState] (hooks/useWalletCreation.js:160:27)
      at resetCreationState (hooks/__tests__/useWalletCreation.test.js:500:30)
      at asyncGeneratorStep (node_modules/@babel/runtime/helpers/asyncToGenerator.js:3:17)
      at _next (node_modules/@babel/runtime/helpers/asyncToGenerator.js:17:9)
      at node_modules/@babel/runtime/helpers/asyncToGenerator.js:22:7
      at node_modules/@babel/runtime/helpers/asyncToGenerator.js:14:12
      at process.env.NODE_ENV.exports.act (node_modules/react/cjs/react.development.js:789:22)
      at Object.<anonymous> (hooks/__tests__/useWalletCreation.test.js:499:16)
      at asyncGeneratorStep (node_modules/@babel/runtime/helpers/asyncToGenerator.js:3:17)
      at _next (node_modules/@babel/runtime/helpers/asyncToGenerator.js:17:9)
      at node_modules/@babel/runtime/helpers/asyncToGenerator.js:22:7
      at Object.<anonymous> (node_modules/@babel/runtime/helpers/asyncToGenerator.js:14:12)

    console.error
      The current testing environment is not configured to support act(...)

      165 |
      166 |     setShowingSeeds(false);
    > 167 |     setShowingIntro(false);
          |     ^
      168 |     walletExistsRef.current = false;
      169 |
      170 |     // Clear wallet from context (this was set during createWallet)

      at isConcurrentActEnvironment (node_modules/react-test-renderer/cjs/react-test-renderer.development.js:10243:17)
      at warnIfUpdatesNotWrappedWithActDEV (node_modules/react-test-renderer/cjs/react-test-renderer.development.js:11798:7)
      at scheduleUpdateOnFiber (node_modules/react-test-renderer/cjs/react-test-renderer.development.js:10326:9)
      at dispatchSetStateInternal (node_modules/react-test-renderer/cjs/react-test-renderer.development.js:4148:13)
      at dispatchSetState (node_modules/react-test-renderer/cjs/react-test-renderer.development.js:4107:7)
      at Object.setShowingIntro (hooks/useWalletCreation.js:167:5)
      at asyncGeneratorStep (node_modules/@babel/runtime/helpers/asyncToGenerator.js:3:17)
      at _next (node_modules/@babel/runtime/helpers/asyncToGenerator.js:17:9)
      at node_modules/@babel/runtime/helpers/asyncToGenerator.js:22:7
      at Object.<anonymous> (node_modules/@babel/runtime/helpers/asyncToGenerator.js:14:12)
      at Object.apply [as resetCreationState] (hooks/useWalletCreation.js:160:27)
      at resetCreationState (hooks/__tests__/useWalletCreation.test.js:500:30)
      at asyncGeneratorStep (node_modules/@babel/runtime/helpers/asyncToGenerator.js:3:17)
      at _next (node_modules/@babel/runtime/helpers/asyncToGenerator.js:17:9)
      at node_modules/@babel/runtime/helpers/asyncToGenerator.js:22:7
      at node_modules/@babel/runtime/helpers/asyncToGenerator.js:14:12
      at process.env.NODE_ENV.exports.act (node_modules/react/cjs/react.development.js:789:22)
      at Object.<anonymous> (hooks/__tests__/useWalletCreation.test.js:499:16)
      at asyncGeneratorStep (node_modules/@babel/runtime/helpers/asyncToGenerator.js:3:17)
      at _next (node_modules/@babel/runtime/helpers/asyncToGenerator.js:17:9)
      at node_modules/@babel/runtime/helpers/asyncToGenerator.js:22:7
      at Object.<anonymous> (node_modules/@babel/runtime/helpers/asyncToGenerator.js:14:12)

    console.error
      The current testing environment is not configured to support act(...)

      49 |         // Silently fail - state will be empty on first run
      50 |       } finally {
    > 51 |         setStateLoaded(true);
         |         ^
      52 |       }
      53 |     };
      54 |

      at isConcurrentActEnvironment (node_modules/react-test-renderer/cjs/react-test-renderer.development.js:10243:17)
      at warnIfUpdatesNotWrappedWithActDEV (node_modules/react-test-renderer/cjs/react-test-renderer.development.js:11798:7)
      at scheduleUpdateOnFiber (node_modules/react-test-renderer/cjs/react-test-renderer.development.js:10326:9)
      at dispatchSetStateInternal (node_modules/react-test-renderer/cjs/react-test-renderer.development.js:4148:13)
      at dispatchSetState (node_modules/react-test-renderer/cjs/react-test-renderer.development.js:4107:7)
      at setStateLoaded (hooks/useWalletCreation.js:51:9)
      at asyncGeneratorStep (node_modules/@babel/runtime/helpers/asyncToGenerator.js:3:17)
      at _next (node_modules/@babel/runtime/helpers/asyncToGenerator.js:17:9)

    console.error
      react-test-renderer is deprecated. See https://react.dev/warnings/react-test-renderer

      38 |   let component;
      39 |   act(() => {
    > 40 |     component = create(<TestComponent hookProps={initialProps} />);
         |                       ^
      41 |   });
      42 |   return {
      43 |     result,

      at process.env.NODE_ENV.exports.create (node_modules/react-test-renderer/cjs/react-test-renderer.development.js:14598:17)
      at hooks/__tests__/useWalletCreation.test.js:40:23
      at process.env.NODE_ENV.exports.act (node_modules/react/cjs/react.development.js:789:22)
      at renderHook (hooks/__tests__/useWalletCreation.test.js:39:6)
      at Object.renderHook (hooks/__tests__/useWalletCreation.test.js:509:26)
      at asyncGeneratorStep (node_modules/@babel/runtime/helpers/asyncToGenerator.js:3:17)
      at _next (node_modules/@babel/runtime/helpers/asyncToGenerator.js:17:9)
      at node_modules/@babel/runtime/helpers/asyncToGenerator.js:22:7
      at Object.<anonymous> (node_modules/@babel/runtime/helpers/asyncToGenerator.js:14:12)

    console.error
      The current testing environment is not configured to support act(...)

      38 |   let component;
      39 |   act(() => {
    > 40 |     component = create(<TestComponent hookProps={initialProps} />);
         |                       ^
      41 |   });
      42 |   return {
      43 |     result,

      at isConcurrentActEnvironment (node_modules/react-test-renderer/cjs/react-test-renderer.development.js:10243:17)
      at warnIfUpdatesNotWrappedWithActDEV (node_modules/react-test-renderer/cjs/react-test-renderer.development.js:11798:7)
      at scheduleUpdateOnFiber (node_modules/react-test-renderer/cjs/react-test-renderer.development.js:10326:9)
      at updateContainerImpl (node_modules/react-test-renderer/cjs/react-test-renderer.development.js:12382:10)
      at updateContainer (node_modules/react-test-renderer/cjs/react-test-renderer.development.js:12326:7)
      at process.env.NODE_ENV.exports.create (node_modules/react-test-renderer/cjs/react-test-renderer.development.js:14630:7)
      at hooks/__tests__/useWalletCreation.test.js:40:23
      at process.env.NODE_ENV.exports.act (node_modules/react/cjs/react.development.js:789:22)
      at renderHook (hooks/__tests__/useWalletCreation.test.js:39:6)
      at Object.renderHook (hooks/__tests__/useWalletCreation.test.js:509:26)
      at asyncGeneratorStep (node_modules/@babel/runtime/helpers/asyncToGenerator.js:3:17)
      at _next (node_modules/@babel/runtime/helpers/asyncToGenerator.js:17:9)
      at node_modules/@babel/runtime/helpers/asyncToGenerator.js:22:7
      at Object.<anonymous> (node_modules/@babel/runtime/helpers/asyncToGenerator.js:14:12)

    console.error
      The current testing environment is not configured to support act(...)

      49 |         // Silently fail - state will be empty on first run
      50 |       } finally {
    > 51 |         setStateLoaded(true);
         |         ^
      52 |       }
      53 |     };
      54 |

      at isConcurrentActEnvironment (node_modules/react-test-renderer/cjs/react-test-renderer.development.js:10243:17)
      at warnIfUpdatesNotWrappedWithActDEV (node_modules/react-test-renderer/cjs/react-test-renderer.development.js:11798:7)
      at scheduleUpdateOnFiber (node_modules/react-test-renderer/cjs/react-test-renderer.development.js:10326:9)
      at dispatchSetStateInternal (node_modules/react-test-renderer/cjs/react-test-renderer.development.js:4148:13)
      at dispatchSetState (node_modules/react-test-renderer/cjs/react-test-renderer.development.js:4107:7)
      at setStateLoaded (hooks/useWalletCreation.js:51:9)
      at asyncGeneratorStep (node_modules/@babel/runtime/helpers/asyncToGenerator.js:3:17)
      at _next (node_modules/@babel/runtime/helpers/asyncToGenerator.js:17:9)

    console.error
      The current testing environment is not configured to support act(...)

      100 |
      101 |       // Set showingIntro FIRST, before setting wallet, to prevent lock screen flash
    > 102 |       setShowingIntro(true);
          |       ^
      103 |       setShowingSeeds(false);
      104 |       setSeedConfirmed(false);
      105 |

      at isConcurrentActEnvironment (node_modules/react-test-renderer/cjs/react-test-renderer.development.js:10243:17)
      at warnIfUpdatesNotWrappedWithActDEV (node_modules/react-test-renderer/cjs/react-test-renderer.development.js:11798:7)
      at scheduleUpdateOnFiber (node_modules/react-test-renderer/cjs/react-test-renderer.development.js:10326:9)
      at dispatchSetStateInternal (node_modules/react-test-renderer/cjs/react-test-renderer.development.js:4148:13)
      at dispatchSetState (node_modules/react-test-renderer/cjs/react-test-renderer.development.js:4107:7)
      at Object.setShowingIntro (hooks/useWalletCreation.js:102:7)
      at asyncGeneratorStep (node_modules/@babel/runtime/helpers/asyncToGenerator.js:3:17)
      at _next (node_modules/@babel/runtime/helpers/asyncToGenerator.js:17:9)

    console.error
      The current testing environment is not configured to support act(...)

      101 |       // Set showingIntro FIRST, before setting wallet, to prevent lock screen flash
      102 |       setShowingIntro(true);
    > 103 |       setShowingSeeds(false);
          |       ^
      104 |       setSeedConfirmed(false);
      105 |
      106 |       // Wallet created, user authenticated to see seed phrase

      at isConcurrentActEnvironment (node_modules/react-test-renderer/cjs/react-test-renderer.development.js:10243:17)
      at warnIfUpdatesNotWrappedWithActDEV (node_modules/react-test-renderer/cjs/react-test-renderer.development.js:11798:7)
      at scheduleUpdateOnFiber (node_modules/react-test-renderer/cjs/react-test-renderer.development.js:10326:9)
      at dispatchSetStateInternal (node_modules/react-test-renderer/cjs/react-test-renderer.development.js:4148:13)
      at dispatchSetState (node_modules/react-test-renderer/cjs/react-test-renderer.development.js:4107:7)
      at Object.setShowingSeeds (hooks/useWalletCreation.js:103:7)
      at asyncGeneratorStep (node_modules/@babel/runtime/helpers/asyncToGenerator.js:3:17)
      at _next (node_modules/@babel/runtime/helpers/asyncToGenerator.js:17:9)

    console.error
      The current testing environment is not configured to support act(...)

      112 |
      113 |       // Temporarily store mnemonic for later saving after PIN setup
    > 114 |       setTempMnemonic(mnemonic);
          |       ^
      115 |       setTempMnemonicWords(mnemonic.split(' '));
      116 |     } catch (error) {
      117 |       showToast(parseErrorMessage(error), 'error');

      at isConcurrentActEnvironment (node_modules/react-test-renderer/cjs/react-test-renderer.development.js:10243:17)
      at warnIfUpdatesNotWrappedWithActDEV (node_modules/react-test-renderer/cjs/react-test-renderer.development.js:11798:7)
      at scheduleUpdateOnFiber (node_modules/react-test-renderer/cjs/react-test-renderer.development.js:10326:9)
      at dispatchSetStateInternal (node_modules/react-test-renderer/cjs/react-test-renderer.development.js:4148:13)
      at dispatchSetState (node_modules/react-test-renderer/cjs/react-test-renderer.development.js:4107:7)
      at Object.setTempMnemonic (hooks/useWalletCreation.js:114:7)
      at asyncGeneratorStep (node_modules/@babel/runtime/helpers/asyncToGenerator.js:3:17)
      at _next (node_modules/@babel/runtime/helpers/asyncToGenerator.js:17:9)

    console.error
      The current testing environment is not configured to support act(...)

      113 |       // Temporarily store mnemonic for later saving after PIN setup
      114 |       setTempMnemonic(mnemonic);
    > 115 |       setTempMnemonicWords(mnemonic.split(' '));
          |       ^
      116 |     } catch (error) {
      117 |       showToast(parseErrorMessage(error), 'error');
      118 |     }

      at isConcurrentActEnvironment (node_modules/react-test-renderer/cjs/react-test-renderer.development.js:10243:17)
      at warnIfUpdatesNotWrappedWithActDEV (node_modules/react-test-renderer/cjs/react-test-renderer.development.js:11798:7)
      at scheduleUpdateOnFiber (node_modules/react-test-renderer/cjs/react-test-renderer.development.js:10326:9)
      at dispatchSetStateInternal (node_modules/react-test-renderer/cjs/react-test-renderer.development.js:4148:13)
      at dispatchSetState (node_modules/react-test-renderer/cjs/react-test-renderer.development.js:4107:7)
      at Object.setTempMnemonicWords (hooks/useWalletCreation.js:115:7)
      at asyncGeneratorStep (node_modules/@babel/runtime/helpers/asyncToGenerator.js:3:17)
      at _next (node_modules/@babel/runtime/helpers/asyncToGenerator.js:17:9)

    console.error
      react-test-renderer is deprecated. See https://react.dev/warnings/react-test-renderer

      38 |   let component;
      39 |   act(() => {
    > 40 |     component = create(<TestComponent hookProps={initialProps} />);
         |                       ^
      41 |   });
      42 |   return {
      43 |     result,

      at process.env.NODE_ENV.exports.create (node_modules/react-test-renderer/cjs/react-test-renderer.development.js:14598:17)
      at hooks/__tests__/useWalletCreation.test.js:40:23
      at process.env.NODE_ENV.exports.act (node_modules/react/cjs/react.development.js:789:22)
      at renderHook (hooks/__tests__/useWalletCreation.test.js:39:6)
      at Object.renderHook (hooks/__tests__/useWalletCreation.test.js:534:26)
      at asyncGeneratorStep (node_modules/@babel/runtime/helpers/asyncToGenerator.js:3:17)
      at _next (node_modules/@babel/runtime/helpers/asyncToGenerator.js:17:9)
      at node_modules/@babel/runtime/helpers/asyncToGenerator.js:22:7
      at Object.<anonymous> (node_modules/@babel/runtime/helpers/asyncToGenerator.js:14:12)

    console.error
      The current testing environment is not configured to support act(...)

      38 |   let component;
      39 |   act(() => {
    > 40 |     component = create(<TestComponent hookProps={initialProps} />);
         |                       ^
      41 |   });
      42 |   return {
      43 |     result,

      at isConcurrentActEnvironment (node_modules/react-test-renderer/cjs/react-test-renderer.development.js:10243:17)
      at warnIfUpdatesNotWrappedWithActDEV (node_modules/react-test-renderer/cjs/react-test-renderer.development.js:11798:7)
      at scheduleUpdateOnFiber (node_modules/react-test-renderer/cjs/react-test-renderer.development.js:10326:9)
      at updateContainerImpl (node_modules/react-test-renderer/cjs/react-test-renderer.development.js:12382:10)
      at updateContainer (node_modules/react-test-renderer/cjs/react-test-renderer.development.js:12326:7)
      at process.env.NODE_ENV.exports.create (node_modules/react-test-renderer/cjs/react-test-renderer.development.js:14630:7)
      at hooks/__tests__/useWalletCreation.test.js:40:23
      at process.env.NODE_ENV.exports.act (node_modules/react/cjs/react.development.js:789:22)
      at renderHook (hooks/__tests__/useWalletCreation.test.js:39:6)
      at Object.renderHook (hooks/__tests__/useWalletCreation.test.js:534:26)
      at asyncGeneratorStep (node_modules/@babel/runtime/helpers/asyncToGenerator.js:3:17)
      at _next (node_modules/@babel/runtime/helpers/asyncToGenerator.js:17:9)
      at node_modules/@babel/runtime/helpers/asyncToGenerator.js:22:7
      at Object.<anonymous> (node_modules/@babel/runtime/helpers/asyncToGenerator.js:14:12)

    console.error
      The current testing environment is not configured to support act(...)

      49 |         // Silently fail - state will be empty on first run
      50 |       } finally {
    > 51 |         setStateLoaded(true);
         |         ^
      52 |       }
      53 |     };
      54 |

      at isConcurrentActEnvironment (node_modules/react-test-renderer/cjs/react-test-renderer.development.js:10243:17)
      at warnIfUpdatesNotWrappedWithActDEV (node_modules/react-test-renderer/cjs/react-test-renderer.development.js:11798:7)
      at scheduleUpdateOnFiber (node_modules/react-test-renderer/cjs/react-test-renderer.development.js:10326:9)
      at dispatchSetStateInternal (node_modules/react-test-renderer/cjs/react-test-renderer.development.js:4148:13)
      at dispatchSetState (node_modules/react-test-renderer/cjs/react-test-renderer.development.js:4107:7)
      at setStateLoaded (hooks/useWalletCreation.js:51:9)
      at asyncGeneratorStep (node_modules/@babel/runtime/helpers/asyncToGenerator.js:3:17)
      at _next (node_modules/@babel/runtime/helpers/asyncToGenerator.js:17:9)

    console.error
      The current testing environment is not configured to support act(...)

      542 |       expect(() => {
      543 |         act(() => {
    > 544 |           result.current.setShowingIntro(true);
          |                          ^
      545 |         });
      546 |       }).not.toThrow();
      547 |     });

      at isConcurrentActEnvironment (node_modules/react-test-renderer/cjs/react-test-renderer.development.js:10243:17)
      at warnIfUpdatesNotWrappedWithActDEV (node_modules/react-test-renderer/cjs/react-test-renderer.development.js:11798:7)
      at scheduleUpdateOnFiber (node_modules/react-test-renderer/cjs/react-test-renderer.development.js:10326:9)
      at dispatchSetStateInternal (node_modules/react-test-renderer/cjs/react-test-renderer.development.js:4148:13)
      at dispatchSetState (node_modules/react-test-renderer/cjs/react-test-renderer.development.js:4107:7)
      at setShowingIntro (hooks/__tests__/useWalletCreation.test.js:544:26)
      at process.env.NODE_ENV.exports.act (node_modules/react/cjs/react.development.js:789:22)
      at hooks/__tests__/useWalletCreation.test.js:543:12
      at Object.<anonymous> (node_modules/expect/build/index.js:1824:9)
      at Object.throwingMatcher [as toThrow] (node_modules/expect/build/index.js:2235:93)
      at Object.toThrow (hooks/__tests__/useWalletCreation.test.js:546:14)
      at asyncGeneratorStep (node_modules/@babel/runtime/helpers/asyncToGenerator.js:3:17)
      at _next (node_modules/@babel/runtime/helpers/asyncToGenerator.js:17:9)

    console.error
      react-test-renderer is deprecated. See https://react.dev/warnings/react-test-renderer

      38 |   let component;
      39 |   act(() => {
    > 40 |     component = create(<TestComponent hookProps={initialProps} />);
         |                       ^
      41 |   });
      42 |   return {
      43 |     result,

      at process.env.NODE_ENV.exports.create (node_modules/react-test-renderer/cjs/react-test-renderer.development.js:14598:17)
      at hooks/__tests__/useWalletCreation.test.js:40:23
      at process.env.NODE_ENV.exports.act (node_modules/react/cjs/react.development.js:789:22)
      at renderHook (hooks/__tests__/useWalletCreation.test.js:39:6)
      at Object.renderHook (hooks/__tests__/useWalletCreation.test.js:552:26)

    console.error
      The current testing environment is not configured to support act(...)

      38 |   let component;
      39 |   act(() => {
    > 40 |     component = create(<TestComponent hookProps={initialProps} />);
         |                       ^
      41 |   });
      42 |   return {
      43 |     result,

      at isConcurrentActEnvironment (node_modules/react-test-renderer/cjs/react-test-renderer.development.js:10243:17)
      at warnIfUpdatesNotWrappedWithActDEV (node_modules/react-test-renderer/cjs/react-test-renderer.development.js:11798:7)
      at scheduleUpdateOnFiber (node_modules/react-test-renderer/cjs/react-test-renderer.development.js:10326:9)
      at updateContainerImpl (node_modules/react-test-renderer/cjs/react-test-renderer.development.js:12382:10)
      at updateContainer (node_modules/react-test-renderer/cjs/react-test-renderer.development.js:12326:7)
      at process.env.NODE_ENV.exports.create (node_modules/react-test-renderer/cjs/react-test-renderer.development.js:14630:7)
      at hooks/__tests__/useWalletCreation.test.js:40:23
      at process.env.NODE_ENV.exports.act (node_modules/react/cjs/react.development.js:789:22)
      at renderHook (hooks/__tests__/useWalletCreation.test.js:39:6)
      at Object.renderHook (hooks/__tests__/useWalletCreation.test.js:552:26)

    console.error
      The current testing environment is not configured to support act(...)

      555 |
      556 |       act(() => {
    > 557 |         result.current.setShowingIntro(true);
          |                        ^
      558 |       });
      559 |
      560 |       expect(result.current.showingIntro).toBe(true);

      at isConcurrentActEnvironment (node_modules/react-test-renderer/cjs/react-test-renderer.development.js:10243:17)
      at warnIfUpdatesNotWrappedWithActDEV (node_modules/react-test-renderer/cjs/react-test-renderer.development.js:11798:7)
      at scheduleUpdateOnFiber (node_modules/react-test-renderer/cjs/react-test-renderer.development.js:10326:9)
      at dispatchSetStateInternal (node_modules/react-test-renderer/cjs/react-test-renderer.development.js:4148:13)
      at dispatchSetState (node_modules/react-test-renderer/cjs/react-test-renderer.development.js:4107:7)
      at setShowingIntro (hooks/__tests__/useWalletCreation.test.js:557:24)
      at process.env.NODE_ENV.exports.act (node_modules/react/cjs/react.development.js:789:22)
      at Object.<anonymous> (hooks/__tests__/useWalletCreation.test.js:556:10)

    console.error
      react-test-renderer is deprecated. See https://react.dev/warnings/react-test-renderer

      38 |   let component;
      39 |   act(() => {
    > 40 |     component = create(<TestComponent hookProps={initialProps} />);
         |                       ^
      41 |   });
      42 |   return {
      43 |     result,

      at process.env.NODE_ENV.exports.create (node_modules/react-test-renderer/cjs/react-test-renderer.development.js:14598:17)
      at hooks/__tests__/useWalletCreation.test.js:40:23
      at process.env.NODE_ENV.exports.act (node_modules/react/cjs/react.development.js:789:22)
      at renderHook (hooks/__tests__/useWalletCreation.test.js:39:6)
      at Object.renderHook (hooks/__tests__/useWalletCreation.test.js:564:26)

    console.error
      The current testing environment is not configured to support act(...)

      38 |   let component;
      39 |   act(() => {
    > 40 |     component = create(<TestComponent hookProps={initialProps} />);
         |                       ^
      41 |   });
      42 |   return {
      43 |     result,

      at isConcurrentActEnvironment (node_modules/react-test-renderer/cjs/react-test-renderer.development.js:10243:17)
      at warnIfUpdatesNotWrappedWithActDEV (node_modules/react-test-renderer/cjs/react-test-renderer.development.js:11798:7)
      at scheduleUpdateOnFiber (node_modules/react-test-renderer/cjs/react-test-renderer.development.js:10326:9)
      at updateContainerImpl (node_modules/react-test-renderer/cjs/react-test-renderer.development.js:12382:10)
      at updateContainer (node_modules/react-test-renderer/cjs/react-test-renderer.development.js:12326:7)
      at process.env.NODE_ENV.exports.create (node_modules/react-test-renderer/cjs/react-test-renderer.development.js:14630:7)
      at hooks/__tests__/useWalletCreation.test.js:40:23
      at process.env.NODE_ENV.exports.act (node_modules/react/cjs/react.development.js:789:22)
      at renderHook (hooks/__tests__/useWalletCreation.test.js:39:6)
      at Object.renderHook (hooks/__tests__/useWalletCreation.test.js:564:26)

    console.error
      The current testing environment is not configured to support act(...)

      567 |
      568 |       act(() => {
    > 569 |         result.current.setShowingSeeds(true);
          |                        ^
      570 |       });
      571 |
      572 |       expect(result.current.showingSeeds).toBe(true);

      at isConcurrentActEnvironment (node_modules/react-test-renderer/cjs/react-test-renderer.development.js:10243:17)
      at warnIfUpdatesNotWrappedWithActDEV (node_modules/react-test-renderer/cjs/react-test-renderer.development.js:11798:7)
      at scheduleUpdateOnFiber (node_modules/react-test-renderer/cjs/react-test-renderer.development.js:10326:9)
      at dispatchSetStateInternal (node_modules/react-test-renderer/cjs/react-test-renderer.development.js:4148:13)
      at dispatchSetState (node_modules/react-test-renderer/cjs/react-test-renderer.development.js:4107:7)
      at setShowingSeeds (hooks/__tests__/useWalletCreation.test.js:569:24)
      at process.env.NODE_ENV.exports.act (node_modules/react/cjs/react.development.js:789:22)
      at Object.<anonymous> (hooks/__tests__/useWalletCreation.test.js:568:10)

    console.error
      react-test-renderer is deprecated. See https://react.dev/warnings/react-test-renderer

      38 |   let component;
      39 |   act(() => {
    > 40 |     component = create(<TestComponent hookProps={initialProps} />);
         |                       ^
      41 |   });
      42 |   return {
      43 |     result,

      at process.env.NODE_ENV.exports.create (node_modules/react-test-renderer/cjs/react-test-renderer.development.js:14598:17)
      at hooks/__tests__/useWalletCreation.test.js:40:23
      at process.env.NODE_ENV.exports.act (node_modules/react/cjs/react.development.js:789:22)
      at renderHook (hooks/__tests__/useWalletCreation.test.js:39:6)
      at Object.renderHook (hooks/__tests__/useWalletCreation.test.js:580:26)
      at asyncGeneratorStep (node_modules/@babel/runtime/helpers/asyncToGenerator.js:3:17)
      at _next (node_modules/@babel/runtime/helpers/asyncToGenerator.js:17:9)
      at node_modules/@babel/runtime/helpers/asyncToGenerator.js:22:7
      at Object.<anonymous> (node_modules/@babel/runtime/helpers/asyncToGenerator.js:14:12)

    console.error
      The current testing environment is not configured to support act(...)

      38 |   let component;
      39 |   act(() => {
    > 40 |     component = create(<TestComponent hookProps={initialProps} />);
         |                       ^
      41 |   });
      42 |   return {
      43 |     result,

      at isConcurrentActEnvironment (node_modules/react-test-renderer/cjs/react-test-renderer.development.js:10243:17)
      at warnIfUpdatesNotWrappedWithActDEV (node_modules/react-test-renderer/cjs/react-test-renderer.development.js:11798:7)
      at scheduleUpdateOnFiber (node_modules/react-test-renderer/cjs/react-test-renderer.development.js:10326:9)
      at updateContainerImpl (node_modules/react-test-renderer/cjs/react-test-renderer.development.js:12382:10)
      at updateContainer (node_modules/react-test-renderer/cjs/react-test-renderer.development.js:12326:7)
      at process.env.NODE_ENV.exports.create (node_modules/react-test-renderer/cjs/react-test-renderer.development.js:14630:7)
      at hooks/__tests__/useWalletCreation.test.js:40:23
      at process.env.NODE_ENV.exports.act (node_modules/react/cjs/react.development.js:789:22)
      at renderHook (hooks/__tests__/useWalletCreation.test.js:39:6)
      at Object.renderHook (hooks/__tests__/useWalletCreation.test.js:580:26)
      at asyncGeneratorStep (node_modules/@babel/runtime/helpers/asyncToGenerator.js:3:17)
      at _next (node_modules/@babel/runtime/helpers/asyncToGenerator.js:17:9)
      at node_modules/@babel/runtime/helpers/asyncToGenerator.js:22:7
      at Object.<anonymous> (node_modules/@babel/runtime/helpers/asyncToGenerator.js:14:12)

    console.error
      The current testing environment is not configured to support act(...)

      49 |         // Silently fail - state will be empty on first run
      50 |       } finally {
    > 51 |         setStateLoaded(true);
         |         ^
      52 |       }
      53 |     };
      54 |

      at isConcurrentActEnvironment (node_modules/react-test-renderer/cjs/react-test-renderer.development.js:10243:17)
      at warnIfUpdatesNotWrappedWithActDEV (node_modules/react-test-renderer/cjs/react-test-renderer.development.js:11798:7)
      at scheduleUpdateOnFiber (node_modules/react-test-renderer/cjs/react-test-renderer.development.js:10326:9)
      at dispatchSetStateInternal (node_modules/react-test-renderer/cjs/react-test-renderer.development.js:4148:13)
      at dispatchSetState (node_modules/react-test-renderer/cjs/react-test-renderer.development.js:4107:7)
      at setStateLoaded (hooks/useWalletCreation.js:51:9)
      at asyncGeneratorStep (node_modules/@babel/runtime/helpers/asyncToGenerator.js:3:17)
      at _next (node_modules/@babel/runtime/helpers/asyncToGenerator.js:17:9)

    console.error
      react-test-renderer is deprecated. See https://react.dev/warnings/react-test-renderer

      38 |   let component;
      39 |   act(() => {
    > 40 |     component = create(<TestComponent hookProps={initialProps} />);
         |                       ^
      41 |   });
      42 |   return {
      43 |     result,

      at process.env.NODE_ENV.exports.create (node_modules/react-test-renderer/cjs/react-test-renderer.development.js:14598:17)
      at hooks/__tests__/useWalletCreation.test.js:40:23
      at process.env.NODE_ENV.exports.act (node_modules/react/cjs/react.development.js:789:22)
      at renderHook (hooks/__tests__/useWalletCreation.test.js:39:6)
      at Object.renderHook (hooks/__tests__/useWalletCreation.test.js:598:26)
      at asyncGeneratorStep (node_modules/@babel/runtime/helpers/asyncToGenerator.js:3:17)
      at _next (node_modules/@babel/runtime/helpers/asyncToGenerator.js:17:9)
      at node_modules/@babel/runtime/helpers/asyncToGenerator.js:22:7
      at Object.<anonymous> (node_modules/@babel/runtime/helpers/asyncToGenerator.js:14:12)

    console.error
      The current testing environment is not configured to support act(...)

      38 |   let component;
      39 |   act(() => {
    > 40 |     component = create(<TestComponent hookProps={initialProps} />);
         |                       ^
      41 |   });
      42 |   return {
      43 |     result,

      at isConcurrentActEnvironment (node_modules/react-test-renderer/cjs/react-test-renderer.development.js:10243:17)
      at warnIfUpdatesNotWrappedWithActDEV (node_modules/react-test-renderer/cjs/react-test-renderer.development.js:11798:7)
      at scheduleUpdateOnFiber (node_modules/react-test-renderer/cjs/react-test-renderer.development.js:10326:9)
      at updateContainerImpl (node_modules/react-test-renderer/cjs/react-test-renderer.development.js:12382:10)
      at updateContainer (node_modules/react-test-renderer/cjs/react-test-renderer.development.js:12326:7)
      at process.env.NODE_ENV.exports.create (node_modules/react-test-renderer/cjs/react-test-renderer.development.js:14630:7)
      at hooks/__tests__/useWalletCreation.test.js:40:23
      at process.env.NODE_ENV.exports.act (node_modules/react/cjs/react.development.js:789:22)
      at renderHook (hooks/__tests__/useWalletCreation.test.js:39:6)
      at Object.renderHook (hooks/__tests__/useWalletCreation.test.js:598:26)
      at asyncGeneratorStep (node_modules/@babel/runtime/helpers/asyncToGenerator.js:3:17)
      at _next (node_modules/@babel/runtime/helpers/asyncToGenerator.js:17:9)
      at node_modules/@babel/runtime/helpers/asyncToGenerator.js:22:7
      at Object.<anonymous> (node_modules/@babel/runtime/helpers/asyncToGenerator.js:14:12)

    console.error
      The current testing environment is not configured to support act(...)

      49 |         // Silently fail - state will be empty on first run
      50 |       } finally {
    > 51 |         setStateLoaded(true);
         |         ^
      52 |       }
      53 |     };
      54 |

      at isConcurrentActEnvironment (node_modules/react-test-renderer/cjs/react-test-renderer.development.js:10243:17)
      at warnIfUpdatesNotWrappedWithActDEV (node_modules/react-test-renderer/cjs/react-test-renderer.development.js:11798:7)
      at scheduleUpdateOnFiber (node_modules/react-test-renderer/cjs/react-test-renderer.development.js:10326:9)
      at dispatchSetStateInternal (node_modules/react-test-renderer/cjs/react-test-renderer.development.js:4148:13)
      at dispatchSetState (node_modules/react-test-renderer/cjs/react-test-renderer.development.js:4107:7)
      at setStateLoaded (hooks/useWalletCreation.js:51:9)
      at asyncGeneratorStep (node_modules/@babel/runtime/helpers/asyncToGenerator.js:3:17)
      at _next (node_modules/@babel/runtime/helpers/asyncToGenerator.js:17:9)

    console.error
      The current testing environment is not configured to support act(...)

      100 |
      101 |       // Set showingIntro FIRST, before setting wallet, to prevent lock screen flash
    > 102 |       setShowingIntro(true);
          |       ^
      103 |       setShowingSeeds(false);
      104 |       setSeedConfirmed(false);
      105 |

      at isConcurrentActEnvironment (node_modules/react-test-renderer/cjs/react-test-renderer.development.js:10243:17)
      at warnIfUpdatesNotWrappedWithActDEV (node_modules/react-test-renderer/cjs/react-test-renderer.development.js:11798:7)
      at scheduleUpdateOnFiber (node_modules/react-test-renderer/cjs/react-test-renderer.development.js:10326:9)
      at dispatchSetStateInternal (node_modules/react-test-renderer/cjs/react-test-renderer.development.js:4148:13)
      at dispatchSetState (node_modules/react-test-renderer/cjs/react-test-renderer.development.js:4107:7)
      at Object.setShowingIntro (hooks/useWalletCreation.js:102:7)
      at asyncGeneratorStep (node_modules/@babel/runtime/helpers/asyncToGenerator.js:3:17)
      at _next (node_modules/@babel/runtime/helpers/asyncToGenerator.js:17:9)

    console.error
      The current testing environment is not configured to support act(...)

      101 |       // Set showingIntro FIRST, before setting wallet, to prevent lock screen flash
      102 |       setShowingIntro(true);
    > 103 |       setShowingSeeds(false);
          |       ^
      104 |       setSeedConfirmed(false);
      105 |
      106 |       // Wallet created, user authenticated to see seed phrase

      at isConcurrentActEnvironment (node_modules/react-test-renderer/cjs/react-test-renderer.development.js:10243:17)
      at warnIfUpdatesNotWrappedWithActDEV (node_modules/react-test-renderer/cjs/react-test-renderer.development.js:11798:7)
      at scheduleUpdateOnFiber (node_modules/react-test-renderer/cjs/react-test-renderer.development.js:10326:9)
      at dispatchSetStateInternal (node_modules/react-test-renderer/cjs/react-test-renderer.development.js:4148:13)
      at dispatchSetState (node_modules/react-test-renderer/cjs/react-test-renderer.development.js:4107:7)
      at Object.setShowingSeeds (hooks/useWalletCreation.js:103:7)
      at asyncGeneratorStep (node_modules/@babel/runtime/helpers/asyncToGenerator.js:3:17)
      at _next (node_modules/@babel/runtime/helpers/asyncToGenerator.js:17:9)

    console.error
      The current testing environment is not configured to support act(...)

      112 |
      113 |       // Temporarily store mnemonic for later saving after PIN setup
    > 114 |       setTempMnemonic(mnemonic);
          |       ^
      115 |       setTempMnemonicWords(mnemonic.split(' '));
      116 |     } catch (error) {
      117 |       showToast(parseErrorMessage(error), 'error');

      at isConcurrentActEnvironment (node_modules/react-test-renderer/cjs/react-test-renderer.development.js:10243:17)
      at warnIfUpdatesNotWrappedWithActDEV (node_modules/react-test-renderer/cjs/react-test-renderer.development.js:11798:7)
      at scheduleUpdateOnFiber (node_modules/react-test-renderer/cjs/react-test-renderer.development.js:10326:9)
      at dispatchSetStateInternal (node_modules/react-test-renderer/cjs/react-test-renderer.development.js:4148:13)
      at dispatchSetState (node_modules/react-test-renderer/cjs/react-test-renderer.development.js:4107:7)
      at Object.setTempMnemonic (hooks/useWalletCreation.js:114:7)
      at asyncGeneratorStep (node_modules/@babel/runtime/helpers/asyncToGenerator.js:3:17)
      at _next (node_modules/@babel/runtime/helpers/asyncToGenerator.js:17:9)

    console.error
      The current testing environment is not configured to support act(...)

      113 |       // Temporarily store mnemonic for later saving after PIN setup
      114 |       setTempMnemonic(mnemonic);
    > 115 |       setTempMnemonicWords(mnemonic.split(' '));
          |       ^
      116 |     } catch (error) {
      117 |       showToast(parseErrorMessage(error), 'error');
      118 |     }

      at isConcurrentActEnvironment (node_modules/react-test-renderer/cjs/react-test-renderer.development.js:10243:17)
      at warnIfUpdatesNotWrappedWithActDEV (node_modules/react-test-renderer/cjs/react-test-renderer.development.js:11798:7)
      at scheduleUpdateOnFiber (node_modules/react-test-renderer/cjs/react-test-renderer.development.js:10326:9)
      at dispatchSetStateInternal (node_modules/react-test-renderer/cjs/react-test-renderer.development.js:4148:13)
      at dispatchSetState (node_modules/react-test-renderer/cjs/react-test-renderer.development.js:4107:7)
      at Object.setTempMnemonicWords (hooks/useWalletCreation.js:115:7)
      at asyncGeneratorStep (node_modules/@babel/runtime/helpers/asyncToGenerator.js:3:17)
      at _next (node_modules/@babel/runtime/helpers/asyncToGenerator.js:17:9)

    console.error
      react-test-renderer is deprecated. See https://react.dev/warnings/react-test-renderer

      38 |   let component;
      39 |   act(() => {
    > 40 |     component = create(<TestComponent hookProps={initialProps} />);
         |                       ^
      41 |   });
      42 |   return {
      43 |     result,

      at process.env.NODE_ENV.exports.create (node_modules/react-test-renderer/cjs/react-test-renderer.development.js:14598:17)
      at hooks/__tests__/useWalletCreation.test.js:40:23
      at process.env.NODE_ENV.exports.act (node_modules/react/cjs/react.development.js:789:22)
      at renderHook (hooks/__tests__/useWalletCreation.test.js:39:6)
      at Object.renderHook (hooks/__tests__/useWalletCreation.test.js:610:26)
      at asyncGeneratorStep (node_modules/@babel/runtime/helpers/asyncToGenerator.js:3:17)
      at _next (node_modules/@babel/runtime/helpers/asyncToGenerator.js:17:9)
      at node_modules/@babel/runtime/helpers/asyncToGenerator.js:22:7
      at Object.<anonymous> (node_modules/@babel/runtime/helpers/asyncToGenerator.js:14:12)

    console.error
      The current testing environment is not configured to support act(...)

      38 |   let component;
      39 |   act(() => {
    > 40 |     component = create(<TestComponent hookProps={initialProps} />);
         |                       ^
      41 |   });
      42 |   return {
      43 |     result,

      at isConcurrentActEnvironment (node_modules/react-test-renderer/cjs/react-test-renderer.development.js:10243:17)
      at warnIfUpdatesNotWrappedWithActDEV (node_modules/react-test-renderer/cjs/react-test-renderer.development.js:11798:7)
      at scheduleUpdateOnFiber (node_modules/react-test-renderer/cjs/react-test-renderer.development.js:10326:9)
      at updateContainerImpl (node_modules/react-test-renderer/cjs/react-test-renderer.development.js:12382:10)
      at updateContainer (node_modules/react-test-renderer/cjs/react-test-renderer.development.js:12326:7)
      at process.env.NODE_ENV.exports.create (node_modules/react-test-renderer/cjs/react-test-renderer.development.js:14630:7)
      at hooks/__tests__/useWalletCreation.test.js:40:23
      at process.env.NODE_ENV.exports.act (node_modules/react/cjs/react.development.js:789:22)
      at renderHook (hooks/__tests__/useWalletCreation.test.js:39:6)
      at Object.renderHook (hooks/__tests__/useWalletCreation.test.js:610:26)
      at asyncGeneratorStep (node_modules/@babel/runtime/helpers/asyncToGenerator.js:3:17)
      at _next (node_modules/@babel/runtime/helpers/asyncToGenerator.js:17:9)
      at node_modules/@babel/runtime/helpers/asyncToGenerator.js:22:7
      at Object.<anonymous> (node_modules/@babel/runtime/helpers/asyncToGenerator.js:14:12)

    console.error
      The current testing environment is not configured to support act(...)

      49 |         // Silently fail - state will be empty on first run
      50 |       } finally {
    > 51 |         setStateLoaded(true);
         |         ^
      52 |       }
      53 |     };
      54 |

      at isConcurrentActEnvironment (node_modules/react-test-renderer/cjs/react-test-renderer.development.js:10243:17)
      at warnIfUpdatesNotWrappedWithActDEV (node_modules/react-test-renderer/cjs/react-test-renderer.development.js:11798:7)
      at scheduleUpdateOnFiber (node_modules/react-test-renderer/cjs/react-test-renderer.development.js:10326:9)
      at dispatchSetStateInternal (node_modules/react-test-renderer/cjs/react-test-renderer.development.js:4148:13)
      at dispatchSetState (node_modules/react-test-renderer/cjs/react-test-renderer.development.js:4107:7)
      at setStateLoaded (hooks/useWalletCreation.js:51:9)
      at asyncGeneratorStep (node_modules/@babel/runtime/helpers/asyncToGenerator.js:3:17)
      at _next (node_modules/@babel/runtime/helpers/asyncToGenerator.js:17:9)

    console.error
      The current testing environment is not configured to support act(...)

      100 |
      101 |       // Set showingIntro FIRST, before setting wallet, to prevent lock screen flash
    > 102 |       setShowingIntro(true);
          |       ^
      103 |       setShowingSeeds(false);
      104 |       setSeedConfirmed(false);
      105 |

      at isConcurrentActEnvironment (node_modules/react-test-renderer/cjs/react-test-renderer.development.js:10243:17)
      at warnIfUpdatesNotWrappedWithActDEV (node_modules/react-test-renderer/cjs/react-test-renderer.development.js:11798:7)
      at scheduleUpdateOnFiber (node_modules/react-test-renderer/cjs/react-test-renderer.development.js:10326:9)
      at dispatchSetStateInternal (node_modules/react-test-renderer/cjs/react-test-renderer.development.js:4148:13)
      at dispatchSetState (node_modules/react-test-renderer/cjs/react-test-renderer.development.js:4107:7)
      at Object.setShowingIntro (hooks/useWalletCreation.js:102:7)
      at asyncGeneratorStep (node_modules/@babel/runtime/helpers/asyncToGenerator.js:3:17)
      at _next (node_modules/@babel/runtime/helpers/asyncToGenerator.js:17:9)

    console.error
      The current testing environment is not configured to support act(...)

      101 |       // Set showingIntro FIRST, before setting wallet, to prevent lock screen flash
      102 |       setShowingIntro(true);
    > 103 |       setShowingSeeds(false);
          |       ^
      104 |       setSeedConfirmed(false);
      105 |
      106 |       // Wallet created, user authenticated to see seed phrase

      at isConcurrentActEnvironment (node_modules/react-test-renderer/cjs/react-test-renderer.development.js:10243:17)
      at warnIfUpdatesNotWrappedWithActDEV (node_modules/react-test-renderer/cjs/react-test-renderer.development.js:11798:7)
      at scheduleUpdateOnFiber (node_modules/react-test-renderer/cjs/react-test-renderer.development.js:10326:9)
      at dispatchSetStateInternal (node_modules/react-test-renderer/cjs/react-test-renderer.development.js:4148:13)
      at dispatchSetState (node_modules/react-test-renderer/cjs/react-test-renderer.development.js:4107:7)
      at Object.setShowingSeeds (hooks/useWalletCreation.js:103:7)
      at asyncGeneratorStep (node_modules/@babel/runtime/helpers/asyncToGenerator.js:3:17)
      at _next (node_modules/@babel/runtime/helpers/asyncToGenerator.js:17:9)

    console.error
      The current testing environment is not configured to support act(...)

      112 |
      113 |       // Temporarily store mnemonic for later saving after PIN setup
    > 114 |       setTempMnemonic(mnemonic);
          |       ^
      115 |       setTempMnemonicWords(mnemonic.split(' '));
      116 |     } catch (error) {
      117 |       showToast(parseErrorMessage(error), 'error');

      at isConcurrentActEnvironment (node_modules/react-test-renderer/cjs/react-test-renderer.development.js:10243:17)
      at warnIfUpdatesNotWrappedWithActDEV (node_modules/react-test-renderer/cjs/react-test-renderer.development.js:11798:7)
      at scheduleUpdateOnFiber (node_modules/react-test-renderer/cjs/react-test-renderer.development.js:10326:9)
      at dispatchSetStateInternal (node_modules/react-test-renderer/cjs/react-test-renderer.development.js:4148:13)
      at dispatchSetState (node_modules/react-test-renderer/cjs/react-test-renderer.development.js:4107:7)
      at Object.setTempMnemonic (hooks/useWalletCreation.js:114:7)
      at asyncGeneratorStep (node_modules/@babel/runtime/helpers/asyncToGenerator.js:3:17)
      at _next (node_modules/@babel/runtime/helpers/asyncToGenerator.js:17:9)

    console.error
      The current testing environment is not configured to support act(...)

      113 |       // Temporarily store mnemonic for later saving after PIN setup
      114 |       setTempMnemonic(mnemonic);
    > 115 |       setTempMnemonicWords(mnemonic.split(' '));
          |       ^
      116 |     } catch (error) {
      117 |       showToast(parseErrorMessage(error), 'error');
      118 |     }

      at isConcurrentActEnvironment (node_modules/react-test-renderer/cjs/react-test-renderer.development.js:10243:17)
      at warnIfUpdatesNotWrappedWithActDEV (node_modules/react-test-renderer/cjs/react-test-renderer.development.js:11798:7)
      at scheduleUpdateOnFiber (node_modules/react-test-renderer/cjs/react-test-renderer.development.js:10326:9)
      at dispatchSetStateInternal (node_modules/react-test-renderer/cjs/react-test-renderer.development.js:4148:13)
      at dispatchSetState (node_modules/react-test-renderer/cjs/react-test-renderer.development.js:4107:7)
      at Object.setTempMnemonicWords (hooks/useWalletCreation.js:115:7)
      at asyncGeneratorStep (node_modules/@babel/runtime/helpers/asyncToGenerator.js:3:17)
      at _next (node_modules/@babel/runtime/helpers/asyncToGenerator.js:17:9)

    console.error
      The current testing environment is not configured to support act(...)

      100 |
      101 |       // Set showingIntro FIRST, before setting wallet, to prevent lock screen flash
    > 102 |       setShowingIntro(true);
          |       ^
      103 |       setShowingSeeds(false);
      104 |       setSeedConfirmed(false);
      105 |

      at isConcurrentActEnvironment (node_modules/react-test-renderer/cjs/react-test-renderer.development.js:10243:17)
      at warnIfUpdatesNotWrappedWithActDEV (node_modules/react-test-renderer/cjs/react-test-renderer.development.js:11798:7)
      at scheduleUpdateOnFiber (node_modules/react-test-renderer/cjs/react-test-renderer.development.js:10326:9)
      at dispatchSetStateInternal (node_modules/react-test-renderer/cjs/react-test-renderer.development.js:4148:13)
      at dispatchSetState (node_modules/react-test-renderer/cjs/react-test-renderer.development.js:4107:7)
      at Object.setShowingIntro (hooks/useWalletCreation.js:102:7)
      at asyncGeneratorStep (node_modules/@babel/runtime/helpers/asyncToGenerator.js:3:17)
      at _next (node_modules/@babel/runtime/helpers/asyncToGenerator.js:17:9)

    console.error
      The current testing environment is not configured to support act(...)

      101 |       // Set showingIntro FIRST, before setting wallet, to prevent lock screen flash
      102 |       setShowingIntro(true);
    > 103 |       setShowingSeeds(false);
          |       ^
      104 |       setSeedConfirmed(false);
      105 |
      106 |       // Wallet created, user authenticated to see seed phrase

      at isConcurrentActEnvironment (node_modules/react-test-renderer/cjs/react-test-renderer.development.js:10243:17)
      at warnIfUpdatesNotWrappedWithActDEV (node_modules/react-test-renderer/cjs/react-test-renderer.development.js:11798:7)
      at scheduleUpdateOnFiber (node_modules/react-test-renderer/cjs/react-test-renderer.development.js:10326:9)
      at dispatchSetStateInternal (node_modules/react-test-renderer/cjs/react-test-renderer.development.js:4148:13)
      at dispatchSetState (node_modules/react-test-renderer/cjs/react-test-renderer.development.js:4107:7)
      at Object.setShowingSeeds (hooks/useWalletCreation.js:103:7)
      at asyncGeneratorStep (node_modules/@babel/runtime/helpers/asyncToGenerator.js:3:17)
      at _next (node_modules/@babel/runtime/helpers/asyncToGenerator.js:17:9)

    console.error
      The current testing environment is not configured to support act(...)

      112 |
      113 |       // Temporarily store mnemonic for later saving after PIN setup
    > 114 |       setTempMnemonic(mnemonic);
          |       ^
      115 |       setTempMnemonicWords(mnemonic.split(' '));
      116 |     } catch (error) {
      117 |       showToast(parseErrorMessage(error), 'error');

      at isConcurrentActEnvironment (node_modules/react-test-renderer/cjs/react-test-renderer.development.js:10243:17)
      at warnIfUpdatesNotWrappedWithActDEV (node_modules/react-test-renderer/cjs/react-test-renderer.development.js:11798:7)
      at scheduleUpdateOnFiber (node_modules/react-test-renderer/cjs/react-test-renderer.development.js:10326:9)
      at dispatchSetStateInternal (node_modules/react-test-renderer/cjs/react-test-renderer.development.js:4148:13)
      at dispatchSetState (node_modules/react-test-renderer/cjs/react-test-renderer.development.js:4107:7)
      at Object.setTempMnemonic (hooks/useWalletCreation.js:114:7)
      at asyncGeneratorStep (node_modules/@babel/runtime/helpers/asyncToGenerator.js:3:17)
      at _next (node_modules/@babel/runtime/helpers/asyncToGenerator.js:17:9)

    console.error
      The current testing environment is not configured to support act(...)

      113 |       // Temporarily store mnemonic for later saving after PIN setup
      114 |       setTempMnemonic(mnemonic);
    > 115 |       setTempMnemonicWords(mnemonic.split(' '));
          |       ^
      116 |     } catch (error) {
      117 |       showToast(parseErrorMessage(error), 'error');
      118 |     }

      at isConcurrentActEnvironment (node_modules/react-test-renderer/cjs/react-test-renderer.development.js:10243:17)
      at warnIfUpdatesNotWrappedWithActDEV (node_modules/react-test-renderer/cjs/react-test-renderer.development.js:11798:7)
      at scheduleUpdateOnFiber (node_modules/react-test-renderer/cjs/react-test-renderer.development.js:10326:9)
      at dispatchSetStateInternal (node_modules/react-test-renderer/cjs/react-test-renderer.development.js:4148:13)
      at dispatchSetState (node_modules/react-test-renderer/cjs/react-test-renderer.development.js:4107:7)
      at Object.setTempMnemonicWords (hooks/useWalletCreation.js:115:7)
      at asyncGeneratorStep (node_modules/@babel/runtime/helpers/asyncToGenerator.js:3:17)
      at _next (node_modules/@babel/runtime/helpers/asyncToGenerator.js:17:9)

    console.error
      react-test-renderer is deprecated. See https://react.dev/warnings/react-test-renderer

      38 |   let component;
      39 |   act(() => {
    > 40 |     component = create(<TestComponent hookProps={initialProps} />);
         |                       ^
      41 |   });
      42 |   return {
      43 |     result,

      at process.env.NODE_ENV.exports.create (node_modules/react-test-renderer/cjs/react-test-renderer.development.js:14598:17)
      at hooks/__tests__/useWalletCreation.test.js:40:23
      at process.env.NODE_ENV.exports.act (node_modules/react/cjs/react.development.js:789:22)
      at renderHook (hooks/__tests__/useWalletCreation.test.js:39:6)
      at Object.renderHook (hooks/__tests__/useWalletCreation.test.js:630:26)

    console.error
      The current testing environment is not configured to support act(...)

      38 |   let component;
      39 |   act(() => {
    > 40 |     component = create(<TestComponent hookProps={initialProps} />);
         |                       ^
      41 |   });
      42 |   return {
      43 |     result,

      at isConcurrentActEnvironment (node_modules/react-test-renderer/cjs/react-test-renderer.development.js:10243:17)
      at warnIfUpdatesNotWrappedWithActDEV (node_modules/react-test-renderer/cjs/react-test-renderer.development.js:11798:7)
      at scheduleUpdateOnFiber (node_modules/react-test-renderer/cjs/react-test-renderer.development.js:10326:9)
      at updateContainerImpl (node_modules/react-test-renderer/cjs/react-test-renderer.development.js:12382:10)
      at updateContainer (node_modules/react-test-renderer/cjs/react-test-renderer.development.js:12326:7)
      at process.env.NODE_ENV.exports.create (node_modules/react-test-renderer/cjs/react-test-renderer.development.js:14630:7)
      at hooks/__tests__/useWalletCreation.test.js:40:23
      at process.env.NODE_ENV.exports.act (node_modules/react/cjs/react.development.js:789:22)
      at renderHook (hooks/__tests__/useWalletCreation.test.js:39:6)
      at Object.renderHook (hooks/__tests__/useWalletCreation.test.js:630:26)

    console.error
      react-test-renderer is deprecated. See https://react.dev/warnings/react-test-renderer

      38 |   let component;
      39 |   act(() => {
    > 40 |     component = create(<TestComponent hookProps={initialProps} />);
         |                       ^
      41 |   });
      42 |   return {
      43 |     result,

      at process.env.NODE_ENV.exports.create (node_modules/react-test-renderer/cjs/react-test-renderer.development.js:14598:17)
      at hooks/__tests__/useWalletCreation.test.js:40:23
      at process.env.NODE_ENV.exports.act (node_modules/react/cjs/react.development.js:789:22)
      at renderHook (hooks/__tests__/useWalletCreation.test.js:39:6)
      at Object.renderHook (hooks/__tests__/useWalletCreation.test.js:639:26)
      at asyncGeneratorStep (node_modules/@babel/runtime/helpers/asyncToGenerator.js:3:17)
      at _next (node_modules/@babel/runtime/helpers/asyncToGenerator.js:17:9)
      at node_modules/@babel/runtime/helpers/asyncToGenerator.js:22:7
      at Object.<anonymous> (node_modules/@babel/runtime/helpers/asyncToGenerator.js:14:12)

    console.error
      The current testing environment is not configured to support act(...)

      38 |   let component;
      39 |   act(() => {
    > 40 |     component = create(<TestComponent hookProps={initialProps} />);
         |                       ^
      41 |   });
      42 |   return {
      43 |     result,

      at isConcurrentActEnvironment (node_modules/react-test-renderer/cjs/react-test-renderer.development.js:10243:17)
      at warnIfUpdatesNotWrappedWithActDEV (node_modules/react-test-renderer/cjs/react-test-renderer.development.js:11798:7)
      at scheduleUpdateOnFiber (node_modules/react-test-renderer/cjs/react-test-renderer.development.js:10326:9)
      at updateContainerImpl (node_modules/react-test-renderer/cjs/react-test-renderer.development.js:12382:10)
      at updateContainer (node_modules/react-test-renderer/cjs/react-test-renderer.development.js:12326:7)
      at process.env.NODE_ENV.exports.create (node_modules/react-test-renderer/cjs/react-test-renderer.development.js:14630:7)
      at hooks/__tests__/useWalletCreation.test.js:40:23
      at process.env.NODE_ENV.exports.act (node_modules/react/cjs/react.development.js:789:22)
      at renderHook (hooks/__tests__/useWalletCreation.test.js:39:6)
      at Object.renderHook (hooks/__tests__/useWalletCreation.test.js:639:26)
      at asyncGeneratorStep (node_modules/@babel/runtime/helpers/asyncToGenerator.js:3:17)
      at _next (node_modules/@babel/runtime/helpers/asyncToGenerator.js:17:9)
      at node_modules/@babel/runtime/helpers/asyncToGenerator.js:22:7
      at Object.<anonymous> (node_modules/@babel/runtime/helpers/asyncToGenerator.js:14:12)

    console.error
      The current testing environment is not configured to support act(...)

      49 |         // Silently fail - state will be empty on first run
      50 |       } finally {
    > 51 |         setStateLoaded(true);
         |         ^
      52 |       }
      53 |     };
      54 |

      at isConcurrentActEnvironment (node_modules/react-test-renderer/cjs/react-test-renderer.development.js:10243:17)
      at warnIfUpdatesNotWrappedWithActDEV (node_modules/react-test-renderer/cjs/react-test-renderer.development.js:11798:7)
      at scheduleUpdateOnFiber (node_modules/react-test-renderer/cjs/react-test-renderer.development.js:10326:9)
      at dispatchSetStateInternal (node_modules/react-test-renderer/cjs/react-test-renderer.development.js:4148:13)
      at dispatchSetState (node_modules/react-test-renderer/cjs/react-test-renderer.development.js:4107:7)
      at setStateLoaded (hooks/useWalletCreation.js:51:9)
      at asyncGeneratorStep (node_modules/@babel/runtime/helpers/asyncToGenerator.js:3:17)
      at _next (node_modules/@babel/runtime/helpers/asyncToGenerator.js:17:9)

    console.error
      The current testing environment is not configured to support act(...)

      100 |
      101 |       // Set showingIntro FIRST, before setting wallet, to prevent lock screen flash
    > 102 |       setShowingIntro(true);
          |       ^
      103 |       setShowingSeeds(false);
      104 |       setSeedConfirmed(false);
      105 |

      at isConcurrentActEnvironment (node_modules/react-test-renderer/cjs/react-test-renderer.development.js:10243:17)
      at warnIfUpdatesNotWrappedWithActDEV (node_modules/react-test-renderer/cjs/react-test-renderer.development.js:11798:7)
      at scheduleUpdateOnFiber (node_modules/react-test-renderer/cjs/react-test-renderer.development.js:10326:9)
      at dispatchSetStateInternal (node_modules/react-test-renderer/cjs/react-test-renderer.development.js:4148:13)
      at dispatchSetState (node_modules/react-test-renderer/cjs/react-test-renderer.development.js:4107:7)
      at Object.setShowingIntro (hooks/useWalletCreation.js:102:7)
      at asyncGeneratorStep (node_modules/@babel/runtime/helpers/asyncToGenerator.js:3:17)
      at _next (node_modules/@babel/runtime/helpers/asyncToGenerator.js:17:9)

    console.error
      The current testing environment is not configured to support act(...)

      101 |       // Set showingIntro FIRST, before setting wallet, to prevent lock screen flash
      102 |       setShowingIntro(true);
    > 103 |       setShowingSeeds(false);
          |       ^
      104 |       setSeedConfirmed(false);
      105 |
      106 |       // Wallet created, user authenticated to see seed phrase

      at isConcurrentActEnvironment (node_modules/react-test-renderer/cjs/react-test-renderer.development.js:10243:17)
      at warnIfUpdatesNotWrappedWithActDEV (node_modules/react-test-renderer/cjs/react-test-renderer.development.js:11798:7)
      at scheduleUpdateOnFiber (node_modules/react-test-renderer/cjs/react-test-renderer.development.js:10326:9)
      at dispatchSetStateInternal (node_modules/react-test-renderer/cjs/react-test-renderer.development.js:4148:13)
      at dispatchSetState (node_modules/react-test-renderer/cjs/react-test-renderer.development.js:4107:7)
      at Object.setShowingSeeds (hooks/useWalletCreation.js:103:7)
      at asyncGeneratorStep (node_modules/@babel/runtime/helpers/asyncToGenerator.js:3:17)
      at _next (node_modules/@babel/runtime/helpers/asyncToGenerator.js:17:9)

    console.error
      The current testing environment is not configured to support act(...)

      112 |
      113 |       // Temporarily store mnemonic for later saving after PIN setup
    > 114 |       setTempMnemonic(mnemonic);
          |       ^
      115 |       setTempMnemonicWords(mnemonic.split(' '));
      116 |     } catch (error) {
      117 |       showToast(parseErrorMessage(error), 'error');

      at isConcurrentActEnvironment (node_modules/react-test-renderer/cjs/react-test-renderer.development.js:10243:17)
      at warnIfUpdatesNotWrappedWithActDEV (node_modules/react-test-renderer/cjs/react-test-renderer.development.js:11798:7)
      at scheduleUpdateOnFiber (node_modules/react-test-renderer/cjs/react-test-renderer.development.js:10326:9)
      at dispatchSetStateInternal (node_modules/react-test-renderer/cjs/react-test-renderer.development.js:4148:13)
      at dispatchSetState (node_modules/react-test-renderer/cjs/react-test-renderer.development.js:4107:7)
      at Object.setTempMnemonic (hooks/useWalletCreation.js:114:7)
      at asyncGeneratorStep (node_modules/@babel/runtime/helpers/asyncToGenerator.js:3:17)
      at _next (node_modules/@babel/runtime/helpers/asyncToGenerator.js:17:9)

    console.error
      The current testing environment is not configured to support act(...)

      113 |       // Temporarily store mnemonic for later saving after PIN setup
      114 |       setTempMnemonic(mnemonic);
    > 115 |       setTempMnemonicWords(mnemonic.split(' '));
          |       ^
      116 |     } catch (error) {
      117 |       showToast(parseErrorMessage(error), 'error');
      118 |     }

      at isConcurrentActEnvironment (node_modules/react-test-renderer/cjs/react-test-renderer.development.js:10243:17)
      at warnIfUpdatesNotWrappedWithActDEV (node_modules/react-test-renderer/cjs/react-test-renderer.development.js:11798:7)
      at scheduleUpdateOnFiber (node_modules/react-test-renderer/cjs/react-test-renderer.development.js:10326:9)
      at dispatchSetStateInternal (node_modules/react-test-renderer/cjs/react-test-renderer.development.js:4148:13)
      at dispatchSetState (node_modules/react-test-renderer/cjs/react-test-renderer.development.js:4107:7)
      at Object.setTempMnemonicWords (hooks/useWalletCreation.js:115:7)
      at asyncGeneratorStep (node_modules/@babel/runtime/helpers/asyncToGenerator.js:3:17)
      at _next (node_modules/@babel/runtime/helpers/asyncToGenerator.js:17:9)

    console.error
      The current testing environment is not configured to support act(...)

      141 |
      142 |       // Securely clear temporary mnemonic from memory
    > 143 |       setTempMnemonic('*'.repeat(tempMnemonic.length));
          |       ^
      144 |       setTimeout(() => setTempMnemonic(''), 100);
      145 |       setTempMnemonicWords(Array(12).fill('*'.repeat(8)));
      146 |       setTimeout(() => setTempMnemonicWords([]), 100);

      at isConcurrentActEnvironment (node_modules/react-test-renderer/cjs/react-test-renderer.development.js:10243:17)
      at warnIfUpdatesNotWrappedWithActDEV (node_modules/react-test-renderer/cjs/react-test-renderer.development.js:11798:7)
      at scheduleUpdateOnFiber (node_modules/react-test-renderer/cjs/react-test-renderer.development.js:10326:9)
      at dispatchSetStateInternal (node_modules/react-test-renderer/cjs/react-test-renderer.development.js:4148:13)
      at dispatchSetState (node_modules/react-test-renderer/cjs/react-test-renderer.development.js:4107:7)
      at Object.setTempMnemonic (hooks/useWalletCreation.js:143:7)
      at asyncGeneratorStep (node_modules/@babel/runtime/helpers/asyncToGenerator.js:3:17)
      at _next (node_modules/@babel/runtime/helpers/asyncToGenerator.js:17:9)

    console.error
      The current testing environment is not configured to support act(...)

      143 |       setTempMnemonic('*'.repeat(tempMnemonic.length));
      144 |       setTimeout(() => setTempMnemonic(''), 100);
    > 145 |       setTempMnemonicWords(Array(12).fill('*'.repeat(8)));
          |       ^
      146 |       setTimeout(() => setTempMnemonicWords([]), 100);
      147 |
      148 |       // Clear persisted creation state (onboarding complete!)

      at isConcurrentActEnvironment (node_modules/react-test-renderer/cjs/react-test-renderer.development.js:10243:17)
      at warnIfUpdatesNotWrappedWithActDEV (node_modules/react-test-renderer/cjs/react-test-renderer.development.js:11798:7)
      at scheduleUpdateOnFiber (node_modules/react-test-renderer/cjs/react-test-renderer.development.js:10326:9)
      at dispatchSetStateInternal (node_modules/react-test-renderer/cjs/react-test-renderer.development.js:4148:13)
      at dispatchSetState (node_modules/react-test-renderer/cjs/react-test-renderer.development.js:4107:7)
      at Object.setTempMnemonicWords (hooks/useWalletCreation.js:145:7)
      at asyncGeneratorStep (node_modules/@babel/runtime/helpers/asyncToGenerator.js:3:17)
      at _next (node_modules/@babel/runtime/helpers/asyncToGenerator.js:17:9)

PASS hooks/__tests__/useNavigationState.test.js
  ● Console

    console.error
      react-test-renderer is deprecated. See https://react.dev/warnings/react-test-renderer

      22 |   let component;
      23 |   act(() => {
    > 24 |     component = create(<TestComponent />);
         |                       ^
      25 |   });
      26 |   return {
      27 |     result,

      at process.env.NODE_ENV.exports.create (node_modules/react-test-renderer/cjs/react-test-renderer.development.js:14598:17)
      at hooks/__tests__/useNavigationState.test.js:24:23
      at process.env.NODE_ENV.exports.act (node_modules/react/cjs/react.development.js:789:22)
      at renderHook (hooks/__tests__/useNavigationState.test.js:23:6)
      at Object.renderHook (hooks/__tests__/useNavigationState.test.js:53:26)

    console.error
      The current testing environment is not configured to support act(...)

      22 |   let component;
      23 |   act(() => {
    > 24 |     component = create(<TestComponent />);
         |                       ^
      25 |   });
      26 |   return {
      27 |     result,

      at isConcurrentActEnvironment (node_modules/react-test-renderer/cjs/react-test-renderer.development.js:10243:17)
      at warnIfUpdatesNotWrappedWithActDEV (node_modules/react-test-renderer/cjs/react-test-renderer.development.js:11798:7)
      at scheduleUpdateOnFiber (node_modules/react-test-renderer/cjs/react-test-renderer.development.js:10326:9)
      at updateContainerImpl (node_modules/react-test-renderer/cjs/react-test-renderer.development.js:12382:10)
      at updateContainer (node_modules/react-test-renderer/cjs/react-test-renderer.development.js:12326:7)
      at process.env.NODE_ENV.exports.create (node_modules/react-test-renderer/cjs/react-test-renderer.development.js:14630:7)
      at hooks/__tests__/useNavigationState.test.js:24:23
      at process.env.NODE_ENV.exports.act (node_modules/react/cjs/react.development.js:789:22)
      at renderHook (hooks/__tests__/useNavigationState.test.js:23:6)
      at Object.renderHook (hooks/__tests__/useNavigationState.test.js:53:26)

    console.error
      react-test-renderer is deprecated. See https://react.dev/warnings/react-test-renderer

      22 |   let component;
      23 |   act(() => {
    > 24 |     component = create(<TestComponent />);
         |                       ^
      25 |   });
      26 |   return {
      27 |     result,

      at process.env.NODE_ENV.exports.create (node_modules/react-test-renderer/cjs/react-test-renderer.development.js:14598:17)
      at hooks/__tests__/useNavigationState.test.js:24:23
      at process.env.NODE_ENV.exports.act (node_modules/react/cjs/react.development.js:789:22)
      at renderHook (hooks/__tests__/useNavigationState.test.js:23:6)
      at Object.renderHook (hooks/__tests__/useNavigationState.test.js:68:26)

    console.error
      The current testing environment is not configured to support act(...)

      22 |   let component;
      23 |   act(() => {
    > 24 |     component = create(<TestComponent />);
         |                       ^
      25 |   });
      26 |   return {
      27 |     result,

      at isConcurrentActEnvironment (node_modules/react-test-renderer/cjs/react-test-renderer.development.js:10243:17)
      at warnIfUpdatesNotWrappedWithActDEV (node_modules/react-test-renderer/cjs/react-test-renderer.development.js:11798:7)
      at scheduleUpdateOnFiber (node_modules/react-test-renderer/cjs/react-test-renderer.development.js:10326:9)
      at updateContainerImpl (node_modules/react-test-renderer/cjs/react-test-renderer.development.js:12382:10)
      at updateContainer (node_modules/react-test-renderer/cjs/react-test-renderer.development.js:12326:7)
      at process.env.NODE_ENV.exports.create (node_modules/react-test-renderer/cjs/react-test-renderer.development.js:14630:7)
      at hooks/__tests__/useNavigationState.test.js:24:23
      at process.env.NODE_ENV.exports.act (node_modules/react/cjs/react.development.js:789:22)
      at renderHook (hooks/__tests__/useNavigationState.test.js:23:6)
      at Object.renderHook (hooks/__tests__/useNavigationState.test.js:68:26)

    console.error
      react-test-renderer is deprecated. See https://react.dev/warnings/react-test-renderer

      22 |   let component;
      23 |   act(() => {
    > 24 |     component = create(<TestComponent />);
         |                       ^
      25 |   });
      26 |   return {
      27 |     result,

      at process.env.NODE_ENV.exports.create (node_modules/react-test-renderer/cjs/react-test-renderer.development.js:14598:17)
      at hooks/__tests__/useNavigationState.test.js:24:23
      at process.env.NODE_ENV.exports.act (node_modules/react/cjs/react.development.js:789:22)
      at renderHook (hooks/__tests__/useNavigationState.test.js:23:6)
      at Object.renderHook (hooks/__tests__/useNavigationState.test.js:83:26)

    console.error
      The current testing environment is not configured to support act(...)

      22 |   let component;
      23 |   act(() => {
    > 24 |     component = create(<TestComponent />);
         |                       ^
      25 |   });
      26 |   return {
      27 |     result,

      at isConcurrentActEnvironment (node_modules/react-test-renderer/cjs/react-test-renderer.development.js:10243:17)
      at warnIfUpdatesNotWrappedWithActDEV (node_modules/react-test-renderer/cjs/react-test-renderer.development.js:11798:7)
      at scheduleUpdateOnFiber (node_modules/react-test-renderer/cjs/react-test-renderer.development.js:10326:9)
      at updateContainerImpl (node_modules/react-test-renderer/cjs/react-test-renderer.development.js:12382:10)
      at updateContainer (node_modules/react-test-renderer/cjs/react-test-renderer.development.js:12326:7)
      at process.env.NODE_ENV.exports.create (node_modules/react-test-renderer/cjs/react-test-renderer.development.js:14630:7)
      at hooks/__tests__/useNavigationState.test.js:24:23
      at process.env.NODE_ENV.exports.act (node_modules/react/cjs/react.development.js:789:22)
      at renderHook (hooks/__tests__/useNavigationState.test.js:23:6)
      at Object.renderHook (hooks/__tests__/useNavigationState.test.js:83:26)

    console.error
      react-test-renderer is deprecated. See https://react.dev/warnings/react-test-renderer

      22 |   let component;
      23 |   act(() => {
    > 24 |     component = create(<TestComponent />);
         |                       ^
      25 |   });
      26 |   return {
      27 |     result,

      at process.env.NODE_ENV.exports.create (node_modules/react-test-renderer/cjs/react-test-renderer.development.js:14598:17)
      at hooks/__tests__/useNavigationState.test.js:24:23
      at process.env.NODE_ENV.exports.act (node_modules/react/cjs/react.development.js:789:22)
      at renderHook (hooks/__tests__/useNavigationState.test.js:23:6)
      at Object.renderHook (hooks/__tests__/useNavigationState.test.js:98:26)

    console.error
      The current testing environment is not configured to support act(...)

      22 |   let component;
      23 |   act(() => {
    > 24 |     component = create(<TestComponent />);
         |                       ^
      25 |   });
      26 |   return {
      27 |     result,

      at isConcurrentActEnvironment (node_modules/react-test-renderer/cjs/react-test-renderer.development.js:10243:17)
      at warnIfUpdatesNotWrappedWithActDEV (node_modules/react-test-renderer/cjs/react-test-renderer.development.js:11798:7)
      at scheduleUpdateOnFiber (node_modules/react-test-renderer/cjs/react-test-renderer.development.js:10326:9)
      at updateContainerImpl (node_modules/react-test-renderer/cjs/react-test-renderer.development.js:12382:10)
      at updateContainer (node_modules/react-test-renderer/cjs/react-test-renderer.development.js:12326:7)
      at process.env.NODE_ENV.exports.create (node_modules/react-test-renderer/cjs/react-test-renderer.development.js:14630:7)
      at hooks/__tests__/useNavigationState.test.js:24:23
      at process.env.NODE_ENV.exports.act (node_modules/react/cjs/react.development.js:789:22)
      at renderHook (hooks/__tests__/useNavigationState.test.js:23:6)
      at Object.renderHook (hooks/__tests__/useNavigationState.test.js:98:26)

    console.error
      react-test-renderer is deprecated. See https://react.dev/warnings/react-test-renderer

      22 |   let component;
      23 |   act(() => {
    > 24 |     component = create(<TestComponent />);
         |                       ^
      25 |   });
      26 |   return {
      27 |     result,

      at process.env.NODE_ENV.exports.create (node_modules/react-test-renderer/cjs/react-test-renderer.development.js:14598:17)
      at hooks/__tests__/useNavigationState.test.js:24:23
      at process.env.NODE_ENV.exports.act (node_modules/react/cjs/react.development.js:789:22)
      at renderHook (hooks/__tests__/useNavigationState.test.js:23:6)
      at Object.renderHook (hooks/__tests__/useNavigationState.test.js:113:26)

    console.error
      The current testing environment is not configured to support act(...)

      22 |   let component;
      23 |   act(() => {
    > 24 |     component = create(<TestComponent />);
         |                       ^
      25 |   });
      26 |   return {
      27 |     result,

      at isConcurrentActEnvironment (node_modules/react-test-renderer/cjs/react-test-renderer.development.js:10243:17)
      at warnIfUpdatesNotWrappedWithActDEV (node_modules/react-test-renderer/cjs/react-test-renderer.development.js:11798:7)
      at scheduleUpdateOnFiber (node_modules/react-test-renderer/cjs/react-test-renderer.development.js:10326:9)
      at updateContainerImpl (node_modules/react-test-renderer/cjs/react-test-renderer.development.js:12382:10)
      at updateContainer (node_modules/react-test-renderer/cjs/react-test-renderer.development.js:12326:7)
      at process.env.NODE_ENV.exports.create (node_modules/react-test-renderer/cjs/react-test-renderer.development.js:14630:7)
      at hooks/__tests__/useNavigationState.test.js:24:23
      at process.env.NODE_ENV.exports.act (node_modules/react/cjs/react.development.js:789:22)
      at renderHook (hooks/__tests__/useNavigationState.test.js:23:6)
      at Object.renderHook (hooks/__tests__/useNavigationState.test.js:113:26)

    console.error
      react-test-renderer is deprecated. See https://react.dev/warnings/react-test-renderer

      22 |   let component;
      23 |   act(() => {
    > 24 |     component = create(<TestComponent />);
         |                       ^
      25 |   });
      26 |   return {
      27 |     result,

      at process.env.NODE_ENV.exports.create (node_modules/react-test-renderer/cjs/react-test-renderer.development.js:14598:17)
      at hooks/__tests__/useNavigationState.test.js:24:23
      at process.env.NODE_ENV.exports.act (node_modules/react/cjs/react.development.js:789:22)
      at renderHook (hooks/__tests__/useNavigationState.test.js:23:6)
      at Object.renderHook (hooks/__tests__/useNavigationState.test.js:128:26)

    console.error
      The current testing environment is not configured to support act(...)

      22 |   let component;
      23 |   act(() => {
    > 24 |     component = create(<TestComponent />);
         |                       ^
      25 |   });
      26 |   return {
      27 |     result,

      at isConcurrentActEnvironment (node_modules/react-test-renderer/cjs/react-test-renderer.development.js:10243:17)
      at warnIfUpdatesNotWrappedWithActDEV (node_modules/react-test-renderer/cjs/react-test-renderer.development.js:11798:7)
      at scheduleUpdateOnFiber (node_modules/react-test-renderer/cjs/react-test-renderer.development.js:10326:9)
      at updateContainerImpl (node_modules/react-test-renderer/cjs/react-test-renderer.development.js:12382:10)
      at updateContainer (node_modules/react-test-renderer/cjs/react-test-renderer.development.js:12326:7)
      at process.env.NODE_ENV.exports.create (node_modules/react-test-renderer/cjs/react-test-renderer.development.js:14630:7)
      at hooks/__tests__/useNavigationState.test.js:24:23
      at process.env.NODE_ENV.exports.act (node_modules/react/cjs/react.development.js:789:22)
      at renderHook (hooks/__tests__/useNavigationState.test.js:23:6)
      at Object.renderHook (hooks/__tests__/useNavigationState.test.js:128:26)

    console.error
      react-test-renderer is deprecated. See https://react.dev/warnings/react-test-renderer

      22 |   let component;
      23 |   act(() => {
    > 24 |     component = create(<TestComponent />);
         |                       ^
      25 |   });
      26 |   return {
      27 |     result,

      at process.env.NODE_ENV.exports.create (node_modules/react-test-renderer/cjs/react-test-renderer.development.js:14598:17)
      at hooks/__tests__/useNavigationState.test.js:24:23
      at process.env.NODE_ENV.exports.act (node_modules/react/cjs/react.development.js:789:22)
      at renderHook (hooks/__tests__/useNavigationState.test.js:23:6)
      at Object.renderHook (hooks/__tests__/useNavigationState.test.js:143:26)

    console.error
      The current testing environment is not configured to support act(...)

      22 |   let component;
      23 |   act(() => {
    > 24 |     component = create(<TestComponent />);
         |                       ^
      25 |   });
      26 |   return {
      27 |     result,

      at isConcurrentActEnvironment (node_modules/react-test-renderer/cjs/react-test-renderer.development.js:10243:17)
      at warnIfUpdatesNotWrappedWithActDEV (node_modules/react-test-renderer/cjs/react-test-renderer.development.js:11798:7)
      at scheduleUpdateOnFiber (node_modules/react-test-renderer/cjs/react-test-renderer.development.js:10326:9)
      at updateContainerImpl (node_modules/react-test-renderer/cjs/react-test-renderer.development.js:12382:10)
      at updateContainer (node_modules/react-test-renderer/cjs/react-test-renderer.development.js:12326:7)
      at process.env.NODE_ENV.exports.create (node_modules/react-test-renderer/cjs/react-test-renderer.development.js:14630:7)
      at hooks/__tests__/useNavigationState.test.js:24:23
      at process.env.NODE_ENV.exports.act (node_modules/react/cjs/react.development.js:789:22)
      at renderHook (hooks/__tests__/useNavigationState.test.js:23:6)
      at Object.renderHook (hooks/__tests__/useNavigationState.test.js:143:26)

    console.error
      react-test-renderer is deprecated. See https://react.dev/warnings/react-test-renderer

      22 |   let component;
      23 |   act(() => {
    > 24 |     component = create(<TestComponent />);
         |                       ^
      25 |   });
      26 |   return {
      27 |     result,

      at process.env.NODE_ENV.exports.create (node_modules/react-test-renderer/cjs/react-test-renderer.development.js:14598:17)
      at hooks/__tests__/useNavigationState.test.js:24:23
      at process.env.NODE_ENV.exports.act (node_modules/react/cjs/react.development.js:789:22)
      at renderHook (hooks/__tests__/useNavigationState.test.js:23:6)
      at Object.renderHook (hooks/__tests__/useNavigationState.test.js:160:26)

    console.error
      The current testing environment is not configured to support act(...)

      22 |   let component;
      23 |   act(() => {
    > 24 |     component = create(<TestComponent />);
         |                       ^
      25 |   });
      26 |   return {
      27 |     result,

      at isConcurrentActEnvironment (node_modules/react-test-renderer/cjs/react-test-renderer.development.js:10243:17)
      at warnIfUpdatesNotWrappedWithActDEV (node_modules/react-test-renderer/cjs/react-test-renderer.development.js:11798:7)
      at scheduleUpdateOnFiber (node_modules/react-test-renderer/cjs/react-test-renderer.development.js:10326:9)
      at updateContainerImpl (node_modules/react-test-renderer/cjs/react-test-renderer.development.js:12382:10)
      at updateContainer (node_modules/react-test-renderer/cjs/react-test-renderer.development.js:12326:7)
      at process.env.NODE_ENV.exports.create (node_modules/react-test-renderer/cjs/react-test-renderer.development.js:14630:7)
      at hooks/__tests__/useNavigationState.test.js:24:23
      at process.env.NODE_ENV.exports.act (node_modules/react/cjs/react.development.js:789:22)
      at renderHook (hooks/__tests__/useNavigationState.test.js:23:6)
      at Object.renderHook (hooks/__tests__/useNavigationState.test.js:160:26)

    console.error
      react-test-renderer is deprecated. See https://react.dev/warnings/react-test-renderer

      22 |   let component;
      23 |   act(() => {
    > 24 |     component = create(<TestComponent />);
         |                       ^
      25 |   });
      26 |   return {
      27 |     result,

      at process.env.NODE_ENV.exports.create (node_modules/react-test-renderer/cjs/react-test-renderer.development.js:14598:17)
      at hooks/__tests__/useNavigationState.test.js:24:23
      at process.env.NODE_ENV.exports.act (node_modules/react/cjs/react.development.js:789:22)
      at renderHook (hooks/__tests__/useNavigationState.test.js:23:6)
      at Object.renderHook (hooks/__tests__/useNavigationState.test.js:175:26)

    console.error
      The current testing environment is not configured to support act(...)

      22 |   let component;
      23 |   act(() => {
    > 24 |     component = create(<TestComponent />);
         |                       ^
      25 |   });
      26 |   return {
      27 |     result,

      at isConcurrentActEnvironment (node_modules/react-test-renderer/cjs/react-test-renderer.development.js:10243:17)
      at warnIfUpdatesNotWrappedWithActDEV (node_modules/react-test-renderer/cjs/react-test-renderer.development.js:11798:7)
      at scheduleUpdateOnFiber (node_modules/react-test-renderer/cjs/react-test-renderer.development.js:10326:9)
      at updateContainerImpl (node_modules/react-test-renderer/cjs/react-test-renderer.development.js:12382:10)
      at updateContainer (node_modules/react-test-renderer/cjs/react-test-renderer.development.js:12326:7)
      at process.env.NODE_ENV.exports.create (node_modules/react-test-renderer/cjs/react-test-renderer.development.js:14630:7)
      at hooks/__tests__/useNavigationState.test.js:24:23
      at process.env.NODE_ENV.exports.act (node_modules/react/cjs/react.development.js:789:22)
      at renderHook (hooks/__tests__/useNavigationState.test.js:23:6)
      at Object.renderHook (hooks/__tests__/useNavigationState.test.js:175:26)

    console.error
      react-test-renderer is deprecated. See https://react.dev/warnings/react-test-renderer

      22 |   let component;
      23 |   act(() => {
    > 24 |     component = create(<TestComponent />);
         |                       ^
      25 |   });
      26 |   return {
      27 |     result,

      at process.env.NODE_ENV.exports.create (node_modules/react-test-renderer/cjs/react-test-renderer.development.js:14598:17)
      at hooks/__tests__/useNavigationState.test.js:24:23
      at process.env.NODE_ENV.exports.act (node_modules/react/cjs/react.development.js:789:22)
      at renderHook (hooks/__tests__/useNavigationState.test.js:23:6)
      at Object.renderHook (hooks/__tests__/useNavigationState.test.js:190:26)

    console.error
      The current testing environment is not configured to support act(...)

      22 |   let component;
      23 |   act(() => {
    > 24 |     component = create(<TestComponent />);
         |                       ^
      25 |   });
      26 |   return {
      27 |     result,

      at isConcurrentActEnvironment (node_modules/react-test-renderer/cjs/react-test-renderer.development.js:10243:17)
      at warnIfUpdatesNotWrappedWithActDEV (node_modules/react-test-renderer/cjs/react-test-renderer.development.js:11798:7)
      at scheduleUpdateOnFiber (node_modules/react-test-renderer/cjs/react-test-renderer.development.js:10326:9)
      at updateContainerImpl (node_modules/react-test-renderer/cjs/react-test-renderer.development.js:12382:10)
      at updateContainer (node_modules/react-test-renderer/cjs/react-test-renderer.development.js:12326:7)
      at process.env.NODE_ENV.exports.create (node_modules/react-test-renderer/cjs/react-test-renderer.development.js:14630:7)
      at hooks/__tests__/useNavigationState.test.js:24:23
      at process.env.NODE_ENV.exports.act (node_modules/react/cjs/react.development.js:789:22)
      at renderHook (hooks/__tests__/useNavigationState.test.js:23:6)
      at Object.renderHook (hooks/__tests__/useNavigationState.test.js:190:26)

    console.error
      react-test-renderer is deprecated. See https://react.dev/warnings/react-test-renderer

      22 |   let component;
      23 |   act(() => {
    > 24 |     component = create(<TestComponent />);
         |                       ^
      25 |   });
      26 |   return {
      27 |     result,

      at process.env.NODE_ENV.exports.create (node_modules/react-test-renderer/cjs/react-test-renderer.development.js:14598:17)
      at hooks/__tests__/useNavigationState.test.js:24:23
      at process.env.NODE_ENV.exports.act (node_modules/react/cjs/react.development.js:789:22)
      at renderHook (hooks/__tests__/useNavigationState.test.js:23:6)
      at Object.renderHook (hooks/__tests__/useNavigationState.test.js:211:36)

    console.error
      The current testing environment is not configured to support act(...)

      22 |   let component;
      23 |   act(() => {
    > 24 |     component = create(<TestComponent />);
         |                       ^
      25 |   });
      26 |   return {
      27 |     result,

      at isConcurrentActEnvironment (node_modules/react-test-renderer/cjs/react-test-renderer.development.js:10243:17)
      at warnIfUpdatesNotWrappedWithActDEV (node_modules/react-test-renderer/cjs/react-test-renderer.development.js:11798:7)
      at scheduleUpdateOnFiber (node_modules/react-test-renderer/cjs/react-test-renderer.development.js:10326:9)
      at updateContainerImpl (node_modules/react-test-renderer/cjs/react-test-renderer.development.js:12382:10)
      at updateContainer (node_modules/react-test-renderer/cjs/react-test-renderer.development.js:12326:7)
      at process.env.NODE_ENV.exports.create (node_modules/react-test-renderer/cjs/react-test-renderer.development.js:14630:7)
      at hooks/__tests__/useNavigationState.test.js:24:23
      at process.env.NODE_ENV.exports.act (node_modules/react/cjs/react.development.js:789:22)
      at renderHook (hooks/__tests__/useNavigationState.test.js:23:6)
      at Object.renderHook (hooks/__tests__/useNavigationState.test.js:211:36)

    console.error
      The current testing environment is not configured to support act(...)

      28 |     rerender: () => {
      29 |       act(() => {
    > 30 |         component.update(<TestComponent />);
         |                   ^
      31 |       });
      32 |     },
      33 |     unmount: () => component.unmount(),

      at isConcurrentActEnvironment (node_modules/react-test-renderer/cjs/react-test-renderer.development.js:10243:17)
      at warnIfUpdatesNotWrappedWithActDEV (node_modules/react-test-renderer/cjs/react-test-renderer.development.js:11798:7)
      at scheduleUpdateOnFiber (node_modules/react-test-renderer/cjs/react-test-renderer.development.js:10326:9)
      at updateContainerImpl (node_modules/react-test-renderer/cjs/react-test-renderer.development.js:12382:10)
      at updateContainer (node_modules/react-test-renderer/cjs/react-test-renderer.development.js:12326:7)
      at Object.update (node_modules/react-test-renderer/cjs/react-test-renderer.development.js:14669:13)
      at update (hooks/__tests__/useNavigationState.test.js:30:19)
      at process.env.NODE_ENV.exports.act (node_modules/react/cjs/react.development.js:789:22)
      at rerender (hooks/__tests__/useNavigationState.test.js:29:10)
      at Object.rerender (hooks/__tests__/useNavigationState.test.js:214:7)

    console.error
      react-test-renderer is deprecated. See https://react.dev/warnings/react-test-renderer

      22 |   let component;
      23 |   act(() => {
    > 24 |     component = create(<TestComponent />);
         |                       ^
      25 |   });
      26 |   return {
      27 |     result,

      at process.env.NODE_ENV.exports.create (node_modules/react-test-renderer/cjs/react-test-renderer.development.js:14598:17)
      at hooks/__tests__/useNavigationState.test.js:24:23
      at process.env.NODE_ENV.exports.act (node_modules/react/cjs/react.development.js:789:22)
      at renderHook (hooks/__tests__/useNavigationState.test.js:23:6)
      at Object.renderHook (hooks/__tests__/useNavigationState.test.js:232:36)

    console.error
      The current testing environment is not configured to support act(...)

      22 |   let component;
      23 |   act(() => {
    > 24 |     component = create(<TestComponent />);
         |                       ^
      25 |   });
      26 |   return {
      27 |     result,

      at isConcurrentActEnvironment (node_modules/react-test-renderer/cjs/react-test-renderer.development.js:10243:17)
      at warnIfUpdatesNotWrappedWithActDEV (node_modules/react-test-renderer/cjs/react-test-renderer.development.js:11798:7)
      at scheduleUpdateOnFiber (node_modules/react-test-renderer/cjs/react-test-renderer.development.js:10326:9)
      at updateContainerImpl (node_modules/react-test-renderer/cjs/react-test-renderer.development.js:12382:10)
      at updateContainer (node_modules/react-test-renderer/cjs/react-test-renderer.development.js:12326:7)
      at process.env.NODE_ENV.exports.create (node_modules/react-test-renderer/cjs/react-test-renderer.development.js:14630:7)
      at hooks/__tests__/useNavigationState.test.js:24:23
      at process.env.NODE_ENV.exports.act (node_modules/react/cjs/react.development.js:789:22)
      at renderHook (hooks/__tests__/useNavigationState.test.js:23:6)
      at Object.renderHook (hooks/__tests__/useNavigationState.test.js:232:36)

    console.error
      The current testing environment is not configured to support act(...)

      28 |     rerender: () => {
      29 |       act(() => {
    > 30 |         component.update(<TestComponent />);
         |                   ^
      31 |       });
      32 |     },
      33 |     unmount: () => component.unmount(),

      at isConcurrentActEnvironment (node_modules/react-test-renderer/cjs/react-test-renderer.development.js:10243:17)
      at warnIfUpdatesNotWrappedWithActDEV (node_modules/react-test-renderer/cjs/react-test-renderer.development.js:11798:7)
      at scheduleUpdateOnFiber (node_modules/react-test-renderer/cjs/react-test-renderer.development.js:10326:9)
      at updateContainerImpl (node_modules/react-test-renderer/cjs/react-test-renderer.development.js:12382:10)
      at updateContainer (node_modules/react-test-renderer/cjs/react-test-renderer.development.js:12326:7)
      at Object.update (node_modules/react-test-renderer/cjs/react-test-renderer.development.js:14669:13)
      at update (hooks/__tests__/useNavigationState.test.js:30:19)
      at process.env.NODE_ENV.exports.act (node_modules/react/cjs/react.development.js:789:22)
      at rerender (hooks/__tests__/useNavigationState.test.js:29:10)
      at Object.rerender (hooks/__tests__/useNavigationState.test.js:246:7)

    console.error
      react-test-renderer is deprecated. See https://react.dev/warnings/react-test-renderer

      22 |   let component;
      23 |   act(() => {
    > 24 |     component = create(<TestComponent />);
         |                       ^
      25 |   });
      26 |   return {
      27 |     result,

      at process.env.NODE_ENV.exports.create (node_modules/react-test-renderer/cjs/react-test-renderer.development.js:14598:17)
      at hooks/__tests__/useNavigationState.test.js:24:23
      at process.env.NODE_ENV.exports.act (node_modules/react/cjs/react.development.js:789:22)
      at renderHook (hooks/__tests__/useNavigationState.test.js:23:6)
      at Object.renderHook (hooks/__tests__/useNavigationState.test.js:263:26)

    console.error
      The current testing environment is not configured to support act(...)

      22 |   let component;
      23 |   act(() => {
    > 24 |     component = create(<TestComponent />);
         |                       ^
      25 |   });
      26 |   return {
      27 |     result,

      at isConcurrentActEnvironment (node_modules/react-test-renderer/cjs/react-test-renderer.development.js:10243:17)
      at warnIfUpdatesNotWrappedWithActDEV (node_modules/react-test-renderer/cjs/react-test-renderer.development.js:11798:7)
      at scheduleUpdateOnFiber (node_modules/react-test-renderer/cjs/react-test-renderer.development.js:10326:9)
      at updateContainerImpl (node_modules/react-test-renderer/cjs/react-test-renderer.development.js:12382:10)
      at updateContainer (node_modules/react-test-renderer/cjs/react-test-renderer.development.js:12326:7)
      at process.env.NODE_ENV.exports.create (node_modules/react-test-renderer/cjs/react-test-renderer.development.js:14630:7)
      at hooks/__tests__/useNavigationState.test.js:24:23
      at process.env.NODE_ENV.exports.act (node_modules/react/cjs/react.development.js:789:22)
      at renderHook (hooks/__tests__/useNavigationState.test.js:23:6)
      at Object.renderHook (hooks/__tests__/useNavigationState.test.js:263:26)

    console.error
      react-test-renderer is deprecated. See https://react.dev/warnings/react-test-renderer

      22 |   let component;
      23 |   act(() => {
    > 24 |     component = create(<TestComponent />);
         |                       ^
      25 |   });
      26 |   return {
      27 |     result,

      at process.env.NODE_ENV.exports.create (node_modules/react-test-renderer/cjs/react-test-renderer.development.js:14598:17)
      at hooks/__tests__/useNavigationState.test.js:24:23
      at process.env.NODE_ENV.exports.act (node_modules/react/cjs/react.development.js:789:22)
      at renderHook (hooks/__tests__/useNavigationState.test.js:23:6)
      at Object.renderHook (hooks/__tests__/useNavigationState.test.js:278:26)

    console.error
      The current testing environment is not configured to support act(...)

      22 |   let component;
      23 |   act(() => {
    > 24 |     component = create(<TestComponent />);
         |                       ^
      25 |   });
      26 |   return {
      27 |     result,

      at isConcurrentActEnvironment (node_modules/react-test-renderer/cjs/react-test-renderer.development.js:10243:17)
      at warnIfUpdatesNotWrappedWithActDEV (node_modules/react-test-renderer/cjs/react-test-renderer.development.js:11798:7)
      at scheduleUpdateOnFiber (node_modules/react-test-renderer/cjs/react-test-renderer.development.js:10326:9)
      at updateContainerImpl (node_modules/react-test-renderer/cjs/react-test-renderer.development.js:12382:10)
      at updateContainer (node_modules/react-test-renderer/cjs/react-test-renderer.development.js:12326:7)
      at process.env.NODE_ENV.exports.create (node_modules/react-test-renderer/cjs/react-test-renderer.development.js:14630:7)
      at hooks/__tests__/useNavigationState.test.js:24:23
      at process.env.NODE_ENV.exports.act (node_modules/react/cjs/react.development.js:789:22)
      at renderHook (hooks/__tests__/useNavigationState.test.js:23:6)
      at Object.renderHook (hooks/__tests__/useNavigationState.test.js:278:26)

PASS contexts/__tests__/AuthContext.test.js
  ● Console

    console.error
      react-test-renderer is deprecated. See https://react.dev/warnings/react-test-renderer

      19 |   act(() => {
      20 |     component = Wrapper
    > 21 |       ? create(<Wrapper><TestComponent /></Wrapper>)
         |               ^
      22 |       : create(<TestComponent />);
      23 |   });
      24 |

      at process.env.NODE_ENV.exports.create (node_modules/react-test-renderer/cjs/react-test-renderer.development.js:14598:17)
      at contexts/__tests__/AuthContext.test.js:21:15
      at process.env.NODE_ENV.exports.act (node_modules/react/cjs/react.development.js:789:22)
      at renderHook (contexts/__tests__/AuthContext.test.js:19:6)
      at Object.renderHook (contexts/__tests__/AuthContext.test.js:64:24)

    console.error
      The current testing environment is not configured to support act(...)

      19 |   act(() => {
      20 |     component = Wrapper
    > 21 |       ? create(<Wrapper><TestComponent /></Wrapper>)
         |               ^
      22 |       : create(<TestComponent />);
      23 |   });
      24 |

      at isConcurrentActEnvironment (node_modules/react-test-renderer/cjs/react-test-renderer.development.js:10243:17)
      at warnIfUpdatesNotWrappedWithActDEV (node_modules/react-test-renderer/cjs/react-test-renderer.development.js:11798:7)
      at scheduleUpdateOnFiber (node_modules/react-test-renderer/cjs/react-test-renderer.development.js:10326:9)
      at updateContainerImpl (node_modules/react-test-renderer/cjs/react-test-renderer.development.js:12382:10)
      at updateContainer (node_modules/react-test-renderer/cjs/react-test-renderer.development.js:12326:7)
      at process.env.NODE_ENV.exports.create (node_modules/react-test-renderer/cjs/react-test-renderer.development.js:14630:7)
      at contexts/__tests__/AuthContext.test.js:21:15
      at process.env.NODE_ENV.exports.act (node_modules/react/cjs/react.development.js:789:22)
      at renderHook (contexts/__tests__/AuthContext.test.js:19:6)
      at Object.renderHook (contexts/__tests__/AuthContext.test.js:64:24)

    console.error
      react-test-renderer is deprecated. See https://react.dev/warnings/react-test-renderer

      19 |   act(() => {
      20 |     component = Wrapper
    > 21 |       ? create(<Wrapper><TestComponent /></Wrapper>)
         |               ^
      22 |       : create(<TestComponent />);
      23 |   });
      24 |

      at process.env.NODE_ENV.exports.create (node_modules/react-test-renderer/cjs/react-test-renderer.development.js:14598:17)
      at contexts/__tests__/AuthContext.test.js:21:15
      at process.env.NODE_ENV.exports.act (node_modules/react/cjs/react.development.js:789:22)
      at renderHook (contexts/__tests__/AuthContext.test.js:19:6)
      at Object.renderHook (contexts/__tests__/AuthContext.test.js:79:5)

    console.error
      The current testing environment is not configured to support act(...)

      19 |   act(() => {
      20 |     component = Wrapper
    > 21 |       ? create(<Wrapper><TestComponent /></Wrapper>)
         |               ^
      22 |       : create(<TestComponent />);
      23 |   });
      24 |

      at isConcurrentActEnvironment (node_modules/react-test-renderer/cjs/react-test-renderer.development.js:10243:17)
      at warnIfUpdatesNotWrappedWithActDEV (node_modules/react-test-renderer/cjs/react-test-renderer.development.js:11798:7)
      at scheduleUpdateOnFiber (node_modules/react-test-renderer/cjs/react-test-renderer.development.js:10326:9)
      at updateContainerImpl (node_modules/react-test-renderer/cjs/react-test-renderer.development.js:12382:10)
      at updateContainer (node_modules/react-test-renderer/cjs/react-test-renderer.development.js:12326:7)
      at process.env.NODE_ENV.exports.create (node_modules/react-test-renderer/cjs/react-test-renderer.development.js:14630:7)
      at contexts/__tests__/AuthContext.test.js:21:15
      at process.env.NODE_ENV.exports.act (node_modules/react/cjs/react.development.js:789:22)
      at renderHook (contexts/__tests__/AuthContext.test.js:19:6)
      at Object.renderHook (contexts/__tests__/AuthContext.test.js:79:5)

    console.error
      react-test-renderer is deprecated. See https://react.dev/warnings/react-test-renderer

      19 |   act(() => {
      20 |     component = Wrapper
    > 21 |       ? create(<Wrapper><TestComponent /></Wrapper>)
         |               ^
      22 |       : create(<TestComponent />);
      23 |   });
      24 |

      at process.env.NODE_ENV.exports.create (node_modules/react-test-renderer/cjs/react-test-renderer.development.js:14598:17)
      at contexts/__tests__/AuthContext.test.js:21:15
      at process.env.NODE_ENV.exports.act (node_modules/react/cjs/react.development.js:789:22)
      at renderHook (contexts/__tests__/AuthContext.test.js:19:6)
      at Object.renderHook (contexts/__tests__/AuthContext.test.js:97:24)

    console.error
      The current testing environment is not configured to support act(...)

      19 |   act(() => {
      20 |     component = Wrapper
    > 21 |       ? create(<Wrapper><TestComponent /></Wrapper>)
         |               ^
      22 |       : create(<TestComponent />);
      23 |   });
      24 |

      at isConcurrentActEnvironment (node_modules/react-test-renderer/cjs/react-test-renderer.development.js:10243:17)
      at warnIfUpdatesNotWrappedWithActDEV (node_modules/react-test-renderer/cjs/react-test-renderer.development.js:11798:7)
      at scheduleUpdateOnFiber (node_modules/react-test-renderer/cjs/react-test-renderer.development.js:10326:9)
      at updateContainerImpl (node_modules/react-test-renderer/cjs/react-test-renderer.development.js:12382:10)
      at updateContainer (node_modules/react-test-renderer/cjs/react-test-renderer.development.js:12326:7)
      at process.env.NODE_ENV.exports.create (node_modules/react-test-renderer/cjs/react-test-renderer.development.js:14630:7)
      at contexts/__tests__/AuthContext.test.js:21:15
      at process.env.NODE_ENV.exports.act (node_modules/react/cjs/react.development.js:789:22)
      at renderHook (contexts/__tests__/AuthContext.test.js:19:6)
      at Object.renderHook (contexts/__tests__/AuthContext.test.js:97:24)

    console.error
      react-test-renderer is deprecated. See https://react.dev/warnings/react-test-renderer

      19 |   act(() => {
      20 |     component = Wrapper
    > 21 |       ? create(<Wrapper><TestComponent /></Wrapper>)
         |               ^
      22 |       : create(<TestComponent />);
      23 |   });
      24 |

      at process.env.NODE_ENV.exports.create (node_modules/react-test-renderer/cjs/react-test-renderer.development.js:14598:17)
      at contexts/__tests__/AuthContext.test.js:21:15
      at process.env.NODE_ENV.exports.act (node_modules/react/cjs/react.development.js:789:22)
      at renderHook (contexts/__tests__/AuthContext.test.js:19:6)
      at Object.renderHook (contexts/__tests__/AuthContext.test.js:110:26)

    console.error
      The current testing environment is not configured to support act(...)

      19 |   act(() => {
      20 |     component = Wrapper
    > 21 |       ? create(<Wrapper><TestComponent /></Wrapper>)
         |               ^
      22 |       : create(<TestComponent />);
      23 |   });
      24 |

      at isConcurrentActEnvironment (node_modules/react-test-renderer/cjs/react-test-renderer.development.js:10243:17)
      at warnIfUpdatesNotWrappedWithActDEV (node_modules/react-test-renderer/cjs/react-test-renderer.development.js:11798:7)
      at scheduleUpdateOnFiber (node_modules/react-test-renderer/cjs/react-test-renderer.development.js:10326:9)
      at updateContainerImpl (node_modules/react-test-renderer/cjs/react-test-renderer.development.js:12382:10)
      at updateContainer (node_modules/react-test-renderer/cjs/react-test-renderer.development.js:12326:7)
      at process.env.NODE_ENV.exports.create (node_modules/react-test-renderer/cjs/react-test-renderer.development.js:14630:7)
      at contexts/__tests__/AuthContext.test.js:21:15
      at process.env.NODE_ENV.exports.act (node_modules/react/cjs/react.development.js:789:22)
      at renderHook (contexts/__tests__/AuthContext.test.js:19:6)
      at Object.renderHook (contexts/__tests__/AuthContext.test.js:110:26)

    console.error
      react-test-renderer is deprecated. See https://react.dev/warnings/react-test-renderer

      19 |   act(() => {
      20 |     component = Wrapper
    > 21 |       ? create(<Wrapper><TestComponent /></Wrapper>)
         |               ^
      22 |       : create(<TestComponent />);
      23 |   });
      24 |

      at process.env.NODE_ENV.exports.create (node_modules/react-test-renderer/cjs/react-test-renderer.development.js:14598:17)
      at contexts/__tests__/AuthContext.test.js:21:15
      at process.env.NODE_ENV.exports.act (node_modules/react/cjs/react.development.js:789:22)
      at renderHook (contexts/__tests__/AuthContext.test.js:19:6)
      at Object.renderHook (contexts/__tests__/AuthContext.test.js:118:26)

    console.error
      The current testing environment is not configured to support act(...)

      19 |   act(() => {
      20 |     component = Wrapper
    > 21 |       ? create(<Wrapper><TestComponent /></Wrapper>)
         |               ^
      22 |       : create(<TestComponent />);
      23 |   });
      24 |

      at isConcurrentActEnvironment (node_modules/react-test-renderer/cjs/react-test-renderer.development.js:10243:17)
      at warnIfUpdatesNotWrappedWithActDEV (node_modules/react-test-renderer/cjs/react-test-renderer.development.js:11798:7)
      at scheduleUpdateOnFiber (node_modules/react-test-renderer/cjs/react-test-renderer.development.js:10326:9)
      at updateContainerImpl (node_modules/react-test-renderer/cjs/react-test-renderer.development.js:12382:10)
      at updateContainer (node_modules/react-test-renderer/cjs/react-test-renderer.development.js:12326:7)
      at process.env.NODE_ENV.exports.create (node_modules/react-test-renderer/cjs/react-test-renderer.development.js:14630:7)
      at contexts/__tests__/AuthContext.test.js:21:15
      at process.env.NODE_ENV.exports.act (node_modules/react/cjs/react.development.js:789:22)
      at renderHook (contexts/__tests__/AuthContext.test.js:19:6)
      at Object.renderHook (contexts/__tests__/AuthContext.test.js:118:26)

    console.error
      The current testing environment is not configured to support act(...)

      119 |
      120 |       act(() => {
    > 121 |         result.current.setSeedConfirmed(true);
          |                        ^
      122 |       });
      123 |
      124 |       expect(result.current.seedConfirmed).toBe(true);

      at isConcurrentActEnvironment (node_modules/react-test-renderer/cjs/react-test-renderer.development.js:10243:17)
      at warnIfUpdatesNotWrappedWithActDEV (node_modules/react-test-renderer/cjs/react-test-renderer.development.js:11798:7)
      at scheduleUpdateOnFiber (node_modules/react-test-renderer/cjs/react-test-renderer.development.js:10326:9)
      at dispatchSetStateInternal (node_modules/react-test-renderer/cjs/react-test-renderer.development.js:4148:13)
      at dispatchSetState (node_modules/react-test-renderer/cjs/react-test-renderer.development.js:4107:7)
      at setSeedConfirmed (contexts/__tests__/AuthContext.test.js:121:24)
      at process.env.NODE_ENV.exports.act (node_modules/react/cjs/react.development.js:789:22)
      at Object.<anonymous> (contexts/__tests__/AuthContext.test.js:120:10)

    console.error
      react-test-renderer is deprecated. See https://react.dev/warnings/react-test-renderer

      19 |   act(() => {
      20 |     component = Wrapper
    > 21 |       ? create(<Wrapper><TestComponent /></Wrapper>)
         |               ^
      22 |       : create(<TestComponent />);
      23 |   });
      24 |

      at process.env.NODE_ENV.exports.create (node_modules/react-test-renderer/cjs/react-test-renderer.development.js:14598:17)
      at contexts/__tests__/AuthContext.test.js:21:15
      at process.env.NODE_ENV.exports.act (node_modules/react/cjs/react.development.js:789:22)
      at renderHook (contexts/__tests__/AuthContext.test.js:19:6)
      at Object.renderHook (contexts/__tests__/AuthContext.test.js:130:26)

    console.error
      The current testing environment is not configured to support act(...)

      19 |   act(() => {
      20 |     component = Wrapper
    > 21 |       ? create(<Wrapper><TestComponent /></Wrapper>)
         |               ^
      22 |       : create(<TestComponent />);
      23 |   });
      24 |

      at isConcurrentActEnvironment (node_modules/react-test-renderer/cjs/react-test-renderer.development.js:10243:17)
      at warnIfUpdatesNotWrappedWithActDEV (node_modules/react-test-renderer/cjs/react-test-renderer.development.js:11798:7)
      at scheduleUpdateOnFiber (node_modules/react-test-renderer/cjs/react-test-renderer.development.js:10326:9)
      at updateContainerImpl (node_modules/react-test-renderer/cjs/react-test-renderer.development.js:12382:10)
      at updateContainer (node_modules/react-test-renderer/cjs/react-test-renderer.development.js:12326:7)
      at process.env.NODE_ENV.exports.create (node_modules/react-test-renderer/cjs/react-test-renderer.development.js:14630:7)
      at contexts/__tests__/AuthContext.test.js:21:15
      at process.env.NODE_ENV.exports.act (node_modules/react/cjs/react.development.js:789:22)
      at renderHook (contexts/__tests__/AuthContext.test.js:19:6)
      at Object.renderHook (contexts/__tests__/AuthContext.test.js:130:26)

    console.error
      The current testing environment is not configured to support act(...)

      133 |
      134 |       act(() => {
    > 135 |         result.current.setSeedConfirmed(true);
          |                        ^
      136 |       });
      137 |
      138 |       expect(result.current.seedConfirmedRef.current).toBe(true);

      at isConcurrentActEnvironment (node_modules/react-test-renderer/cjs/react-test-renderer.development.js:10243:17)
      at warnIfUpdatesNotWrappedWithActDEV (node_modules/react-test-renderer/cjs/react-test-renderer.development.js:11798:7)
      at scheduleUpdateOnFiber (node_modules/react-test-renderer/cjs/react-test-renderer.development.js:10326:9)
      at dispatchSetStateInternal (node_modules/react-test-renderer/cjs/react-test-renderer.development.js:4148:13)
      at dispatchSetState (node_modules/react-test-renderer/cjs/react-test-renderer.development.js:4107:7)
      at setSeedConfirmed (contexts/__tests__/AuthContext.test.js:135:24)
      at process.env.NODE_ENV.exports.act (node_modules/react/cjs/react.development.js:789:22)
      at Object.<anonymous> (contexts/__tests__/AuthContext.test.js:134:10)

    console.error
      react-test-renderer is deprecated. See https://react.dev/warnings/react-test-renderer

      19 |   act(() => {
      20 |     component = Wrapper
    > 21 |       ? create(<Wrapper><TestComponent /></Wrapper>)
         |               ^
      22 |       : create(<TestComponent />);
      23 |   });
      24 |

      at process.env.NODE_ENV.exports.create (node_modules/react-test-renderer/cjs/react-test-renderer.development.js:14598:17)
      at contexts/__tests__/AuthContext.test.js:21:15
      at process.env.NODE_ENV.exports.act (node_modules/react/cjs/react.development.js:789:22)
      at renderHook (contexts/__tests__/AuthContext.test.js:19:6)
      at Object.renderHook (contexts/__tests__/AuthContext.test.js:143:26)

    console.error
      The current testing environment is not configured to support act(...)

      19 |   act(() => {
      20 |     component = Wrapper
    > 21 |       ? create(<Wrapper><TestComponent /></Wrapper>)
         |               ^
      22 |       : create(<TestComponent />);
      23 |   });
      24 |

      at isConcurrentActEnvironment (node_modules/react-test-renderer/cjs/react-test-renderer.development.js:10243:17)
      at warnIfUpdatesNotWrappedWithActDEV (node_modules/react-test-renderer/cjs/react-test-renderer.development.js:11798:7)
      at scheduleUpdateOnFiber (node_modules/react-test-renderer/cjs/react-test-renderer.development.js:10326:9)
      at updateContainerImpl (node_modules/react-test-renderer/cjs/react-test-renderer.development.js:12382:10)
      at updateContainer (node_modules/react-test-renderer/cjs/react-test-renderer.development.js:12326:7)
      at process.env.NODE_ENV.exports.create (node_modules/react-test-renderer/cjs/react-test-renderer.development.js:14630:7)
      at contexts/__tests__/AuthContext.test.js:21:15
      at process.env.NODE_ENV.exports.act (node_modules/react/cjs/react.development.js:789:22)
      at renderHook (contexts/__tests__/AuthContext.test.js:19:6)
      at Object.renderHook (contexts/__tests__/AuthContext.test.js:143:26)

    console.error
      react-test-renderer is deprecated. See https://react.dev/warnings/react-test-renderer

      19 |   act(() => {
      20 |     component = Wrapper
    > 21 |       ? create(<Wrapper><TestComponent /></Wrapper>)
         |               ^
      22 |       : create(<TestComponent />);
      23 |   });
      24 |

      at process.env.NODE_ENV.exports.create (node_modules/react-test-renderer/cjs/react-test-renderer.development.js:14598:17)
      at contexts/__tests__/AuthContext.test.js:21:15
      at process.env.NODE_ENV.exports.act (node_modules/react/cjs/react.development.js:789:22)
      at renderHook (contexts/__tests__/AuthContext.test.js:19:6)
      at Object.renderHook (contexts/__tests__/AuthContext.test.js:155:26)
      at asyncGeneratorStep (node_modules/@babel/runtime/helpers/asyncToGenerator.js:3:17)
      at _next (node_modules/@babel/runtime/helpers/asyncToGenerator.js:17:9)
      at node_modules/@babel/runtime/helpers/asyncToGenerator.js:22:7
      at Object.<anonymous> (node_modules/@babel/runtime/helpers/asyncToGenerator.js:14:12)

    console.error
      The current testing environment is not configured to support act(...)

      19 |   act(() => {
      20 |     component = Wrapper
    > 21 |       ? create(<Wrapper><TestComponent /></Wrapper>)
         |               ^
      22 |       : create(<TestComponent />);
      23 |   });
      24 |

      at isConcurrentActEnvironment (node_modules/react-test-renderer/cjs/react-test-renderer.development.js:10243:17)
      at warnIfUpdatesNotWrappedWithActDEV (node_modules/react-test-renderer/cjs/react-test-renderer.development.js:11798:7)
      at scheduleUpdateOnFiber (node_modules/react-test-renderer/cjs/react-test-renderer.development.js:10326:9)
      at updateContainerImpl (node_modules/react-test-renderer/cjs/react-test-renderer.development.js:12382:10)
      at updateContainer (node_modules/react-test-renderer/cjs/react-test-renderer.development.js:12326:7)
      at process.env.NODE_ENV.exports.create (node_modules/react-test-renderer/cjs/react-test-renderer.development.js:14630:7)
      at contexts/__tests__/AuthContext.test.js:21:15
      at process.env.NODE_ENV.exports.act (node_modules/react/cjs/react.development.js:789:22)
      at renderHook (contexts/__tests__/AuthContext.test.js:19:6)
      at Object.renderHook (contexts/__tests__/AuthContext.test.js:155:26)
      at asyncGeneratorStep (node_modules/@babel/runtime/helpers/asyncToGenerator.js:3:17)
      at _next (node_modules/@babel/runtime/helpers/asyncToGenerator.js:17:9)
      at node_modules/@babel/runtime/helpers/asyncToGenerator.js:22:7
      at Object.<anonymous> (node_modules/@babel/runtime/helpers/asyncToGenerator.js:14:12)

    console.error
      The current testing environment is not configured to support act(...)

      157 |       // Set seedConfirmed to true first
      158 |       act(() => {
    > 159 |         result.current.setSeedConfirmed(true);
          |                        ^
      160 |       });
      161 |
      162 |       await act(async () => {

      at isConcurrentActEnvironment (node_modules/react-test-renderer/cjs/react-test-renderer.development.js:10243:17)
      at warnIfUpdatesNotWrappedWithActDEV (node_modules/react-test-renderer/cjs/react-test-renderer.development.js:11798:7)
      at scheduleUpdateOnFiber (node_modules/react-test-renderer/cjs/react-test-renderer.development.js:10326:9)
      at dispatchSetStateInternal (node_modules/react-test-renderer/cjs/react-test-renderer.development.js:4148:13)
      at dispatchSetState (node_modules/react-test-renderer/cjs/react-test-renderer.development.js:4107:7)
      at setSeedConfirmed (contexts/__tests__/AuthContext.test.js:159:24)
      at process.env.NODE_ENV.exports.act (node_modules/react/cjs/react.development.js:789:22)
      at Object.<anonymous> (contexts/__tests__/AuthContext.test.js:158:10)
      at asyncGeneratorStep (node_modules/@babel/runtime/helpers/asyncToGenerator.js:3:17)
      at _next (node_modules/@babel/runtime/helpers/asyncToGenerator.js:17:9)
      at node_modules/@babel/runtime/helpers/asyncToGenerator.js:22:7
      at Object.<anonymous> (node_modules/@babel/runtime/helpers/asyncToGenerator.js:14:12)

    console.error
      The current testing environment is not configured to support act(...)

      52 |       resetWallet();
      53 |     }
    > 54 |     setSeedConfirmed(false);
         |     ^
      55 |   }, [resetWallet]);
      56 |
      57 |   // Reset inactivity timer - memoized to prevent recreation

      at isConcurrentActEnvironment (node_modules/react-test-renderer/cjs/react-test-renderer.development.js:10243:17)
      at warnIfUpdatesNotWrappedWithActDEV (node_modules/react-test-renderer/cjs/react-test-renderer.development.js:11798:7)
      at scheduleUpdateOnFiber (node_modules/react-test-renderer/cjs/react-test-renderer.development.js:10326:9)
      at dispatchSetStateInternal (node_modules/react-test-renderer/cjs/react-test-renderer.development.js:4148:13)
      at dispatchSetState (node_modules/react-test-renderer/cjs/react-test-renderer.development.js:4107:7)
      at Object.setSeedConfirmed (contexts/AuthContext.js:54:5)
      at asyncGeneratorStep (node_modules/@babel/runtime/helpers/asyncToGenerator.js:3:17)
      at _next (node_modules/@babel/runtime/helpers/asyncToGenerator.js:17:9)

    console.error
      react-test-renderer is deprecated. See https://react.dev/warnings/react-test-renderer

      19 |   act(() => {
      20 |     component = Wrapper
    > 21 |       ? create(<Wrapper><TestComponent /></Wrapper>)
         |               ^
      22 |       : create(<TestComponent />);
      23 |   });
      24 |

      at process.env.NODE_ENV.exports.create (node_modules/react-test-renderer/cjs/react-test-renderer.development.js:14598:17)
      at contexts/__tests__/AuthContext.test.js:21:15
      at process.env.NODE_ENV.exports.act (node_modules/react/cjs/react.development.js:789:22)
      at renderHook (contexts/__tests__/AuthContext.test.js:19:6)
      at Object.renderHook (contexts/__tests__/AuthContext.test.js:177:26)
      at asyncGeneratorStep (node_modules/@babel/runtime/helpers/asyncToGenerator.js:3:17)
      at _next (node_modules/@babel/runtime/helpers/asyncToGenerator.js:17:9)
      at node_modules/@babel/runtime/helpers/asyncToGenerator.js:22:7
      at Object.<anonymous> (node_modules/@babel/runtime/helpers/asyncToGenerator.js:14:12)

    console.error
      The current testing environment is not configured to support act(...)

      19 |   act(() => {
      20 |     component = Wrapper
    > 21 |       ? create(<Wrapper><TestComponent /></Wrapper>)
         |               ^
      22 |       : create(<TestComponent />);
      23 |   });
      24 |

      at isConcurrentActEnvironment (node_modules/react-test-renderer/cjs/react-test-renderer.development.js:10243:17)
      at warnIfUpdatesNotWrappedWithActDEV (node_modules/react-test-renderer/cjs/react-test-renderer.development.js:11798:7)
      at scheduleUpdateOnFiber (node_modules/react-test-renderer/cjs/react-test-renderer.development.js:10326:9)
      at updateContainerImpl (node_modules/react-test-renderer/cjs/react-test-renderer.development.js:12382:10)
      at updateContainer (node_modules/react-test-renderer/cjs/react-test-renderer.development.js:12326:7)
      at process.env.NODE_ENV.exports.create (node_modules/react-test-renderer/cjs/react-test-renderer.development.js:14630:7)
      at contexts/__tests__/AuthContext.test.js:21:15
      at process.env.NODE_ENV.exports.act (node_modules/react/cjs/react.development.js:789:22)
      at renderHook (contexts/__tests__/AuthContext.test.js:19:6)
      at Object.renderHook (contexts/__tests__/AuthContext.test.js:177:26)
      at asyncGeneratorStep (node_modules/@babel/runtime/helpers/asyncToGenerator.js:3:17)
      at _next (node_modules/@babel/runtime/helpers/asyncToGenerator.js:17:9)
      at node_modules/@babel/runtime/helpers/asyncToGenerator.js:22:7
      at Object.<anonymous> (node_modules/@babel/runtime/helpers/asyncToGenerator.js:14:12)

    console.error
      react-test-renderer is deprecated. See https://react.dev/warnings/react-test-renderer

      19 |   act(() => {
      20 |     component = Wrapper
    > 21 |       ? create(<Wrapper><TestComponent /></Wrapper>)
         |               ^
      22 |       : create(<TestComponent />);
      23 |   });
      24 |

      at process.env.NODE_ENV.exports.create (node_modules/react-test-renderer/cjs/react-test-renderer.development.js:14598:17)
      at contexts/__tests__/AuthContext.test.js:21:15
      at process.env.NODE_ENV.exports.act (node_modules/react/cjs/react.development.js:789:22)
      at renderHook (contexts/__tests__/AuthContext.test.js:19:6)
      at Object.renderHook (contexts/__tests__/AuthContext.test.js:188:26)
      at asyncGeneratorStep (node_modules/@babel/runtime/helpers/asyncToGenerator.js:3:17)
      at _next (node_modules/@babel/runtime/helpers/asyncToGenerator.js:17:9)
      at node_modules/@babel/runtime/helpers/asyncToGenerator.js:22:7
      at Object.<anonymous> (node_modules/@babel/runtime/helpers/asyncToGenerator.js:14:12)

    console.error
      The current testing environment is not configured to support act(...)

      19 |   act(() => {
      20 |     component = Wrapper
    > 21 |       ? create(<Wrapper><TestComponent /></Wrapper>)
         |               ^
      22 |       : create(<TestComponent />);
      23 |   });
      24 |

      at isConcurrentActEnvironment (node_modules/react-test-renderer/cjs/react-test-renderer.development.js:10243:17)
      at warnIfUpdatesNotWrappedWithActDEV (node_modules/react-test-renderer/cjs/react-test-renderer.development.js:11798:7)
      at scheduleUpdateOnFiber (node_modules/react-test-renderer/cjs/react-test-renderer.development.js:10326:9)
      at updateContainerImpl (node_modules/react-test-renderer/cjs/react-test-renderer.development.js:12382:10)
      at updateContainer (node_modules/react-test-renderer/cjs/react-test-renderer.development.js:12326:7)
      at process.env.NODE_ENV.exports.create (node_modules/react-test-renderer/cjs/react-test-renderer.development.js:14630:7)
      at contexts/__tests__/AuthContext.test.js:21:15
      at process.env.NODE_ENV.exports.act (node_modules/react/cjs/react.development.js:789:22)
      at renderHook (contexts/__tests__/AuthContext.test.js:19:6)
      at Object.renderHook (contexts/__tests__/AuthContext.test.js:188:26)
      at asyncGeneratorStep (node_modules/@babel/runtime/helpers/asyncToGenerator.js:3:17)
      at _next (node_modules/@babel/runtime/helpers/asyncToGenerator.js:17:9)
      at node_modules/@babel/runtime/helpers/asyncToGenerator.js:22:7
      at Object.<anonymous> (node_modules/@babel/runtime/helpers/asyncToGenerator.js:14:12)

    console.error
      react-test-renderer is deprecated. See https://react.dev/warnings/react-test-renderer

      19 |   act(() => {
      20 |     component = Wrapper
    > 21 |       ? create(<Wrapper><TestComponent /></Wrapper>)
         |               ^
      22 |       : create(<TestComponent />);
      23 |   });
      24 |

      at process.env.NODE_ENV.exports.create (node_modules/react-test-renderer/cjs/react-test-renderer.development.js:14598:17)
      at contexts/__tests__/AuthContext.test.js:21:15
      at process.env.NODE_ENV.exports.act (node_modules/react/cjs/react.development.js:789:22)
      at renderHook (contexts/__tests__/AuthContext.test.js:19:6)
      at Object.renderHook (contexts/__tests__/AuthContext.test.js:203:26)

    console.error
      The current testing environment is not configured to support act(...)

      19 |   act(() => {
      20 |     component = Wrapper
    > 21 |       ? create(<Wrapper><TestComponent /></Wrapper>)
         |               ^
      22 |       : create(<TestComponent />);
      23 |   });
      24 |

      at isConcurrentActEnvironment (node_modules/react-test-renderer/cjs/react-test-renderer.development.js:10243:17)
      at warnIfUpdatesNotWrappedWithActDEV (node_modules/react-test-renderer/cjs/react-test-renderer.development.js:11798:7)
      at scheduleUpdateOnFiber (node_modules/react-test-renderer/cjs/react-test-renderer.development.js:10326:9)
      at updateContainerImpl (node_modules/react-test-renderer/cjs/react-test-renderer.development.js:12382:10)
      at updateContainer (node_modules/react-test-renderer/cjs/react-test-renderer.development.js:12326:7)
      at process.env.NODE_ENV.exports.create (node_modules/react-test-renderer/cjs/react-test-renderer.development.js:14630:7)
      at contexts/__tests__/AuthContext.test.js:21:15
      at process.env.NODE_ENV.exports.act (node_modules/react/cjs/react.development.js:789:22)
      at renderHook (contexts/__tests__/AuthContext.test.js:19:6)
      at Object.renderHook (contexts/__tests__/AuthContext.test.js:203:26)

    console.error
      react-test-renderer is deprecated. See https://react.dev/warnings/react-test-renderer

      19 |   act(() => {
      20 |     component = Wrapper
    > 21 |       ? create(<Wrapper><TestComponent /></Wrapper>)
         |               ^
      22 |       : create(<TestComponent />);
      23 |   });
      24 |

      at process.env.NODE_ENV.exports.create (node_modules/react-test-renderer/cjs/react-test-renderer.development.js:14598:17)
      at contexts/__tests__/AuthContext.test.js:21:15
      at process.env.NODE_ENV.exports.act (node_modules/react/cjs/react.development.js:789:22)
      at renderHook (contexts/__tests__/AuthContext.test.js:19:6)
      at Object.renderHook (contexts/__tests__/AuthContext.test.js:221:26)

    console.error
      The current testing environment is not configured to support act(...)

      19 |   act(() => {
      20 |     component = Wrapper
    > 21 |       ? create(<Wrapper><TestComponent /></Wrapper>)
         |               ^
      22 |       : create(<TestComponent />);
      23 |   });
      24 |

      at isConcurrentActEnvironment (node_modules/react-test-renderer/cjs/react-test-renderer.development.js:10243:17)
      at warnIfUpdatesNotWrappedWithActDEV (node_modules/react-test-renderer/cjs/react-test-renderer.development.js:11798:7)
      at scheduleUpdateOnFiber (node_modules/react-test-renderer/cjs/react-test-renderer.development.js:10326:9)
      at updateContainerImpl (node_modules/react-test-renderer/cjs/react-test-renderer.development.js:12382:10)
      at updateContainer (node_modules/react-test-renderer/cjs/react-test-renderer.development.js:12326:7)
      at process.env.NODE_ENV.exports.create (node_modules/react-test-renderer/cjs/react-test-renderer.development.js:14630:7)
      at contexts/__tests__/AuthContext.test.js:21:15
      at process.env.NODE_ENV.exports.act (node_modules/react/cjs/react.development.js:789:22)
      at renderHook (contexts/__tests__/AuthContext.test.js:19:6)
      at Object.renderHook (contexts/__tests__/AuthContext.test.js:221:26)

    console.error
      react-test-renderer is deprecated. See https://react.dev/warnings/react-test-renderer

      241 |
      242 |       act(() => {
    > 243 |         create(
          |               ^
      244 |           <AuthProvider>
      245 |             <TestComponent />
      246 |           </AuthProvider>

      at process.env.NODE_ENV.exports.create (node_modules/react-test-renderer/cjs/react-test-renderer.development.js:14598:17)
      at contexts/__tests__/AuthContext.test.js:243:15
      at process.env.NODE_ENV.exports.act (node_modules/react/cjs/react.development.js:789:22)
      at Object.<anonymous> (contexts/__tests__/AuthContext.test.js:242:10)

    console.error
      The current testing environment is not configured to support act(...)

      241 |
      242 |       act(() => {
    > 243 |         create(
          |               ^
      244 |           <AuthProvider>
      245 |             <TestComponent />
      246 |           </AuthProvider>

      at isConcurrentActEnvironment (node_modules/react-test-renderer/cjs/react-test-renderer.development.js:10243:17)
      at warnIfUpdatesNotWrappedWithActDEV (node_modules/react-test-renderer/cjs/react-test-renderer.development.js:11798:7)
      at scheduleUpdateOnFiber (node_modules/react-test-renderer/cjs/react-test-renderer.development.js:10326:9)
      at updateContainerImpl (node_modules/react-test-renderer/cjs/react-test-renderer.development.js:12382:10)
      at updateContainer (node_modules/react-test-renderer/cjs/react-test-renderer.development.js:12326:7)
      at process.env.NODE_ENV.exports.create (node_modules/react-test-renderer/cjs/react-test-renderer.development.js:14630:7)
      at contexts/__tests__/AuthContext.test.js:243:15
      at process.env.NODE_ENV.exports.act (node_modules/react/cjs/react.development.js:789:22)
      at Object.<anonymous> (contexts/__tests__/AuthContext.test.js:242:10)

    console.error
      react-test-renderer is deprecated. See https://react.dev/warnings/react-test-renderer

      260 |       expect(() => {
      261 |         act(() => {
    > 262 |           create(
          |                 ^
      263 |             <AuthProvider onSeedConfirmed={onSeedConfirmed}>
      264 |               <div>Test</div>
      265 |             </AuthProvider>

      at process.env.NODE_ENV.exports.create (node_modules/react-test-renderer/cjs/react-test-renderer.development.js:14598:17)
      at contexts/__tests__/AuthContext.test.js:262:17
      at process.env.NODE_ENV.exports.act (node_modules/react/cjs/react.development.js:789:22)
      at contexts/__tests__/AuthContext.test.js:261:12
      at Object.<anonymous> (node_modules/expect/build/index.js:1824:9)
      at Object.throwingMatcher [as toThrow] (node_modules/expect/build/index.js:2235:93)
      at Object.toThrow (contexts/__tests__/AuthContext.test.js:268:14)

    console.error
      The current testing environment is not configured to support act(...)

      260 |       expect(() => {
      261 |         act(() => {
    > 262 |           create(
          |                 ^
      263 |             <AuthProvider onSeedConfirmed={onSeedConfirmed}>
      264 |               <div>Test</div>
      265 |             </AuthProvider>

      at isConcurrentActEnvironment (node_modules/react-test-renderer/cjs/react-test-renderer.development.js:10243:17)
      at warnIfUpdatesNotWrappedWithActDEV (node_modules/react-test-renderer/cjs/react-test-renderer.development.js:11798:7)
      at scheduleUpdateOnFiber (node_modules/react-test-renderer/cjs/react-test-renderer.development.js:10326:9)
      at updateContainerImpl (node_modules/react-test-renderer/cjs/react-test-renderer.development.js:12382:10)
      at updateContainer (node_modules/react-test-renderer/cjs/react-test-renderer.development.js:12326:7)
      at process.env.NODE_ENV.exports.create (node_modules/react-test-renderer/cjs/react-test-renderer.development.js:14630:7)
      at contexts/__tests__/AuthContext.test.js:262:17
      at process.env.NODE_ENV.exports.act (node_modules/react/cjs/react.development.js:789:22)
      at contexts/__tests__/AuthContext.test.js:261:12
      at Object.<anonymous> (node_modules/expect/build/index.js:1824:9)
      at Object.throwingMatcher [as toThrow] (node_modules/expect/build/index.js:2235:93)
      at Object.toThrow (contexts/__tests__/AuthContext.test.js:268:14)

    console.error
      react-test-renderer is deprecated. See https://react.dev/warnings/react-test-renderer

      274 |       expect(() => {
      275 |         act(() => {
    > 276 |           create(
          |                 ^
      277 |             <AuthProvider resetWallet={resetWallet}>
      278 |               <div>Test</div>
      279 |             </AuthProvider>

      at process.env.NODE_ENV.exports.create (node_modules/react-test-renderer/cjs/react-test-renderer.development.js:14598:17)
      at contexts/__tests__/AuthContext.test.js:276:17
      at process.env.NODE_ENV.exports.act (node_modules/react/cjs/react.development.js:789:22)
      at contexts/__tests__/AuthContext.test.js:275:12
      at Object.<anonymous> (node_modules/expect/build/index.js:1824:9)
      at Object.throwingMatcher [as toThrow] (node_modules/expect/build/index.js:2235:93)
      at Object.toThrow (contexts/__tests__/AuthContext.test.js:282:14)

    console.error
      The current testing environment is not configured to support act(...)

      274 |       expect(() => {
      275 |         act(() => {
    > 276 |           create(
          |                 ^
      277 |             <AuthProvider resetWallet={resetWallet}>
      278 |               <div>Test</div>
      279 |             </AuthProvider>

      at isConcurrentActEnvironment (node_modules/react-test-renderer/cjs/react-test-renderer.development.js:10243:17)
      at warnIfUpdatesNotWrappedWithActDEV (node_modules/react-test-renderer/cjs/react-test-renderer.development.js:11798:7)
      at scheduleUpdateOnFiber (node_modules/react-test-renderer/cjs/react-test-renderer.development.js:10326:9)
      at updateContainerImpl (node_modules/react-test-renderer/cjs/react-test-renderer.development.js:12382:10)
      at updateContainer (node_modules/react-test-renderer/cjs/react-test-renderer.development.js:12326:7)
      at process.env.NODE_ENV.exports.create (node_modules/react-test-renderer/cjs/react-test-renderer.development.js:14630:7)
      at contexts/__tests__/AuthContext.test.js:276:17
      at process.env.NODE_ENV.exports.act (node_modules/react/cjs/react.development.js:789:22)
      at contexts/__tests__/AuthContext.test.js:275:12
      at Object.<anonymous> (node_modules/expect/build/index.js:1824:9)
      at Object.throwingMatcher [as toThrow] (node_modules/expect/build/index.js:2235:93)
      at Object.toThrow (contexts/__tests__/AuthContext.test.js:282:14)

    console.error
      react-test-renderer is deprecated. See https://react.dev/warnings/react-test-renderer

      289 |       expect(() => {
      290 |         act(() => {
    > 291 |           create(
          |                 ^
      292 |             <AuthProvider onSeedConfirmed={onSeedConfirmed} resetWallet={resetWallet}>
      293 |               <div>Test</div>
      294 |             </AuthProvider>

      at process.env.NODE_ENV.exports.create (node_modules/react-test-renderer/cjs/react-test-renderer.development.js:14598:17)
      at contexts/__tests__/AuthContext.test.js:291:17
      at process.env.NODE_ENV.exports.act (node_modules/react/cjs/react.development.js:789:22)
      at contexts/__tests__/AuthContext.test.js:290:12
      at Object.<anonymous> (node_modules/expect/build/index.js:1824:9)
      at Object.throwingMatcher [as toThrow] (node_modules/expect/build/index.js:2235:93)
      at Object.toThrow (contexts/__tests__/AuthContext.test.js:297:14)

    console.error
      The current testing environment is not configured to support act(...)

      289 |       expect(() => {
      290 |         act(() => {
    > 291 |           create(
          |                 ^
      292 |             <AuthProvider onSeedConfirmed={onSeedConfirmed} resetWallet={resetWallet}>
      293 |               <div>Test</div>
      294 |             </AuthProvider>

      at isConcurrentActEnvironment (node_modules/react-test-renderer/cjs/react-test-renderer.development.js:10243:17)
      at warnIfUpdatesNotWrappedWithActDEV (node_modules/react-test-renderer/cjs/react-test-renderer.development.js:11798:7)
      at scheduleUpdateOnFiber (node_modules/react-test-renderer/cjs/react-test-renderer.development.js:10326:9)
      at updateContainerImpl (node_modules/react-test-renderer/cjs/react-test-renderer.development.js:12382:10)
      at updateContainer (node_modules/react-test-renderer/cjs/react-test-renderer.development.js:12326:7)
      at process.env.NODE_ENV.exports.create (node_modules/react-test-renderer/cjs/react-test-renderer.development.js:14630:7)
      at contexts/__tests__/AuthContext.test.js:291:17
      at process.env.NODE_ENV.exports.act (node_modules/react/cjs/react.development.js:789:22)
      at contexts/__tests__/AuthContext.test.js:290:12
      at Object.<anonymous> (node_modules/expect/build/index.js:1824:9)
      at Object.throwingMatcher [as toThrow] (node_modules/expect/build/index.js:2235:93)
      at Object.toThrow (contexts/__tests__/AuthContext.test.js:297:14)

PASS contexts/__tests__/WalletContext.test.js
  ● Console

    console.error
      react-test-renderer is deprecated. See https://react.dev/warnings/react-test-renderer

      19 |   act(() => {
      20 |     component = Wrapper
    > 21 |       ? create(<Wrapper><TestComponent /></Wrapper>)
         |               ^
      22 |       : create(<TestComponent />);
      23 |   });
      24 |

      at process.env.NODE_ENV.exports.create (node_modules/react-test-renderer/cjs/react-test-renderer.development.js:14598:17)
      at contexts/__tests__/WalletContext.test.js:21:15
      at process.env.NODE_ENV.exports.act (node_modules/react/cjs/react.development.js:789:22)
      at renderHook (contexts/__tests__/WalletContext.test.js:19:6)
      at Object.renderHook (contexts/__tests__/WalletContext.test.js:57:24)

    console.error
      The current testing environment is not configured to support act(...)

      19 |   act(() => {
      20 |     component = Wrapper
    > 21 |       ? create(<Wrapper><TestComponent /></Wrapper>)
         |               ^
      22 |       : create(<TestComponent />);
      23 |   });
      24 |

      at isConcurrentActEnvironment (node_modules/react-test-renderer/cjs/react-test-renderer.development.js:10243:17)
      at warnIfUpdatesNotWrappedWithActDEV (node_modules/react-test-renderer/cjs/react-test-renderer.development.js:11798:7)
      at scheduleUpdateOnFiber (node_modules/react-test-renderer/cjs/react-test-renderer.development.js:10326:9)
      at updateContainerImpl (node_modules/react-test-renderer/cjs/react-test-renderer.development.js:12382:10)
      at updateContainer (node_modules/react-test-renderer/cjs/react-test-renderer.development.js:12326:7)
      at process.env.NODE_ENV.exports.create (node_modules/react-test-renderer/cjs/react-test-renderer.development.js:14630:7)
      at contexts/__tests__/WalletContext.test.js:21:15
      at process.env.NODE_ENV.exports.act (node_modules/react/cjs/react.development.js:789:22)
      at renderHook (contexts/__tests__/WalletContext.test.js:19:6)
      at Object.renderHook (contexts/__tests__/WalletContext.test.js:57:24)

    console.error
      react-test-renderer is deprecated. See https://react.dev/warnings/react-test-renderer

      19 |   act(() => {
      20 |     component = Wrapper
    > 21 |       ? create(<Wrapper><TestComponent /></Wrapper>)
         |               ^
      22 |       : create(<TestComponent />);
      23 |   });
      24 |

      at process.env.NODE_ENV.exports.create (node_modules/react-test-renderer/cjs/react-test-renderer.development.js:14598:17)
      at contexts/__tests__/WalletContext.test.js:21:15
      at process.env.NODE_ENV.exports.act (node_modules/react/cjs/react.development.js:789:22)
      at renderHook (contexts/__tests__/WalletContext.test.js:19:6)
      at Object.renderHook (contexts/__tests__/WalletContext.test.js:73:24)
      at asyncGeneratorStep (node_modules/@babel/runtime/helpers/asyncToGenerator.js:3:17)
      at _next (node_modules/@babel/runtime/helpers/asyncToGenerator.js:17:9)
      at node_modules/@babel/runtime/helpers/asyncToGenerator.js:22:7
      at Object.<anonymous> (node_modules/@babel/runtime/helpers/asyncToGenerator.js:14:12)

    console.error
      The current testing environment is not configured to support act(...)

      19 |   act(() => {
      20 |     component = Wrapper
    > 21 |       ? create(<Wrapper><TestComponent /></Wrapper>)
         |               ^
      22 |       : create(<TestComponent />);
      23 |   });
      24 |

      at isConcurrentActEnvironment (node_modules/react-test-renderer/cjs/react-test-renderer.development.js:10243:17)
      at warnIfUpdatesNotWrappedWithActDEV (node_modules/react-test-renderer/cjs/react-test-renderer.development.js:11798:7)
      at scheduleUpdateOnFiber (node_modules/react-test-renderer/cjs/react-test-renderer.development.js:10326:9)
      at updateContainerImpl (node_modules/react-test-renderer/cjs/react-test-renderer.development.js:12382:10)
      at updateContainer (node_modules/react-test-renderer/cjs/react-test-renderer.development.js:12326:7)
      at process.env.NODE_ENV.exports.create (node_modules/react-test-renderer/cjs/react-test-renderer.development.js:14630:7)
      at contexts/__tests__/WalletContext.test.js:21:15
      at process.env.NODE_ENV.exports.act (node_modules/react/cjs/react.development.js:789:22)
      at renderHook (contexts/__tests__/WalletContext.test.js:19:6)
      at Object.renderHook (contexts/__tests__/WalletContext.test.js:73:24)
      at asyncGeneratorStep (node_modules/@babel/runtime/helpers/asyncToGenerator.js:3:17)
      at _next (node_modules/@babel/runtime/helpers/asyncToGenerator.js:17:9)
      at node_modules/@babel/runtime/helpers/asyncToGenerator.js:22:7
      at Object.<anonymous> (node_modules/@babel/runtime/helpers/asyncToGenerator.js:14:12)

    console.error
      The current testing environment is not configured to support act(...)

      25 |
      26 |       if (addresses) {
    > 27 |         setWallet({
         |         ^
      28 |           segwitAddress: addresses.segwitAddress,
      29 |           taprootAddress: addresses.taprootAddress,
      30 |           taprootPubkey: addresses.taprootPubkey,

      at isConcurrentActEnvironment (node_modules/react-test-renderer/cjs/react-test-renderer.development.js:10243:17)
      at warnIfUpdatesNotWrappedWithActDEV (node_modules/react-test-renderer/cjs/react-test-renderer.development.js:11798:7)
      at scheduleUpdateOnFiber (node_modules/react-test-renderer/cjs/react-test-renderer.development.js:10326:9)
      at dispatchSetStateInternal (node_modules/react-test-renderer/cjs/react-test-renderer.development.js:4148:13)
      at dispatchSetState (node_modules/react-test-renderer/cjs/react-test-renderer.development.js:4107:7)
      at Object.setWallet (contexts/WalletContext.js:27:9)
      at asyncGeneratorStep (node_modules/@babel/runtime/helpers/asyncToGenerator.js:3:17)
      at _next (node_modules/@babel/runtime/helpers/asyncToGenerator.js:17:9)

    console.error
      The current testing environment is not configured to support act(...)

      30 |           taprootPubkey: addresses.taprootPubkey,
      31 |         });
    > 32 |         setCurrentAccount(accountIndex);
         |         ^
      33 |
      34 |         return { exists: true, addresses };
      35 |       }

      at isConcurrentActEnvironment (node_modules/react-test-renderer/cjs/react-test-renderer.development.js:10243:17)
      at warnIfUpdatesNotWrappedWithActDEV (node_modules/react-test-renderer/cjs/react-test-renderer.development.js:11798:7)
      at scheduleUpdateOnFiber (node_modules/react-test-renderer/cjs/react-test-renderer.development.js:10326:9)
      at dispatchSetStateInternal (node_modules/react-test-renderer/cjs/react-test-renderer.development.js:4148:13)
      at dispatchSetState (node_modules/react-test-renderer/cjs/react-test-renderer.development.js:4107:7)
      at Object.setCurrentAccount (contexts/WalletContext.js:32:9)
      at asyncGeneratorStep (node_modules/@babel/runtime/helpers/asyncToGenerator.js:3:17)
      at _next (node_modules/@babel/runtime/helpers/asyncToGenerator.js:17:9)

    console.error
      react-test-renderer is deprecated. See https://react.dev/warnings/react-test-renderer

      19 |   act(() => {
      20 |     component = Wrapper
    > 21 |       ? create(<Wrapper><TestComponent /></Wrapper>)
         |               ^
      22 |       : create(<TestComponent />);
      23 |   });
      24 |

      at process.env.NODE_ENV.exports.create (node_modules/react-test-renderer/cjs/react-test-renderer.development.js:14598:17)
      at contexts/__tests__/WalletContext.test.js:21:15
      at process.env.NODE_ENV.exports.act (node_modules/react/cjs/react.development.js:789:22)
      at renderHook (contexts/__tests__/WalletContext.test.js:19:6)
      at Object.renderHook (contexts/__tests__/WalletContext.test.js:94:24)
      at asyncGeneratorStep (node_modules/@babel/runtime/helpers/asyncToGenerator.js:3:17)
      at _next (node_modules/@babel/runtime/helpers/asyncToGenerator.js:17:9)
      at node_modules/@babel/runtime/helpers/asyncToGenerator.js:22:7
      at Object.<anonymous> (node_modules/@babel/runtime/helpers/asyncToGenerator.js:14:12)

    console.error
      The current testing environment is not configured to support act(...)

      19 |   act(() => {
      20 |     component = Wrapper
    > 21 |       ? create(<Wrapper><TestComponent /></Wrapper>)
         |               ^
      22 |       : create(<TestComponent />);
      23 |   });
      24 |

      at isConcurrentActEnvironment (node_modules/react-test-renderer/cjs/react-test-renderer.development.js:10243:17)
      at warnIfUpdatesNotWrappedWithActDEV (node_modules/react-test-renderer/cjs/react-test-renderer.development.js:11798:7)
      at scheduleUpdateOnFiber (node_modules/react-test-renderer/cjs/react-test-renderer.development.js:10326:9)
      at updateContainerImpl (node_modules/react-test-renderer/cjs/react-test-renderer.development.js:12382:10)
      at updateContainer (node_modules/react-test-renderer/cjs/react-test-renderer.development.js:12326:7)
      at process.env.NODE_ENV.exports.create (node_modules/react-test-renderer/cjs/react-test-renderer.development.js:14630:7)
      at contexts/__tests__/WalletContext.test.js:21:15
      at process.env.NODE_ENV.exports.act (node_modules/react/cjs/react.development.js:789:22)
      at renderHook (contexts/__tests__/WalletContext.test.js:19:6)
      at Object.renderHook (contexts/__tests__/WalletContext.test.js:94:24)
      at asyncGeneratorStep (node_modules/@babel/runtime/helpers/asyncToGenerator.js:3:17)
      at _next (node_modules/@babel/runtime/helpers/asyncToGenerator.js:17:9)
      at node_modules/@babel/runtime/helpers/asyncToGenerator.js:22:7
      at Object.<anonymous> (node_modules/@babel/runtime/helpers/asyncToGenerator.js:14:12)

    console.error
      react-test-renderer is deprecated. See https://react.dev/warnings/react-test-renderer

      19 |   act(() => {
      20 |     component = Wrapper
    > 21 |       ? create(<Wrapper><TestComponent /></Wrapper>)
         |               ^
      22 |       : create(<TestComponent />);
      23 |   });
      24 |

      at process.env.NODE_ENV.exports.create (node_modules/react-test-renderer/cjs/react-test-renderer.development.js:14598:17)
      at contexts/__tests__/WalletContext.test.js:21:15
      at process.env.NODE_ENV.exports.act (node_modules/react/cjs/react.development.js:789:22)
      at renderHook (contexts/__tests__/WalletContext.test.js:19:6)
      at Object.renderHook (contexts/__tests__/WalletContext.test.js:108:24)
      at asyncGeneratorStep (node_modules/@babel/runtime/helpers/asyncToGenerator.js:3:17)
      at _next (node_modules/@babel/runtime/helpers/asyncToGenerator.js:17:9)
      at node_modules/@babel/runtime/helpers/asyncToGenerator.js:22:7
      at Object.<anonymous> (node_modules/@babel/runtime/helpers/asyncToGenerator.js:14:12)

    console.error
      The current testing environment is not configured to support act(...)

      19 |   act(() => {
      20 |     component = Wrapper
    > 21 |       ? create(<Wrapper><TestComponent /></Wrapper>)
         |               ^
      22 |       : create(<TestComponent />);
      23 |   });
      24 |

      at isConcurrentActEnvironment (node_modules/react-test-renderer/cjs/react-test-renderer.development.js:10243:17)
      at warnIfUpdatesNotWrappedWithActDEV (node_modules/react-test-renderer/cjs/react-test-renderer.development.js:11798:7)
      at scheduleUpdateOnFiber (node_modules/react-test-renderer/cjs/react-test-renderer.development.js:10326:9)
      at updateContainerImpl (node_modules/react-test-renderer/cjs/react-test-renderer.development.js:12382:10)
      at updateContainer (node_modules/react-test-renderer/cjs/react-test-renderer.development.js:12326:7)
      at process.env.NODE_ENV.exports.create (node_modules/react-test-renderer/cjs/react-test-renderer.development.js:14630:7)
      at contexts/__tests__/WalletContext.test.js:21:15
      at process.env.NODE_ENV.exports.act (node_modules/react/cjs/react.development.js:789:22)
      at renderHook (contexts/__tests__/WalletContext.test.js:19:6)
      at Object.renderHook (contexts/__tests__/WalletContext.test.js:108:24)
      at asyncGeneratorStep (node_modules/@babel/runtime/helpers/asyncToGenerator.js:3:17)
      at _next (node_modules/@babel/runtime/helpers/asyncToGenerator.js:17:9)
      at node_modules/@babel/runtime/helpers/asyncToGenerator.js:22:7
      at Object.<anonymous> (node_modules/@babel/runtime/helpers/asyncToGenerator.js:14:12)

    console.error
      react-test-renderer is deprecated. See https://react.dev/warnings/react-test-renderer

      19 |   act(() => {
      20 |     component = Wrapper
    > 21 |       ? create(<Wrapper><TestComponent /></Wrapper>)
         |               ^
      22 |       : create(<TestComponent />);
      23 |   });
      24 |

      at process.env.NODE_ENV.exports.create (node_modules/react-test-renderer/cjs/react-test-renderer.development.js:14598:17)
      at contexts/__tests__/WalletContext.test.js:21:15
      at process.env.NODE_ENV.exports.act (node_modules/react/cjs/react.development.js:789:22)
      at renderHook (contexts/__tests__/WalletContext.test.js:19:6)
      at Object.renderHook (contexts/__tests__/WalletContext.test.js:119:24)

    console.error
      The current testing environment is not configured to support act(...)

      19 |   act(() => {
      20 |     component = Wrapper
    > 21 |       ? create(<Wrapper><TestComponent /></Wrapper>)
         |               ^
      22 |       : create(<TestComponent />);
      23 |   });
      24 |

      at isConcurrentActEnvironment (node_modules/react-test-renderer/cjs/react-test-renderer.development.js:10243:17)
      at warnIfUpdatesNotWrappedWithActDEV (node_modules/react-test-renderer/cjs/react-test-renderer.development.js:11798:7)
      at scheduleUpdateOnFiber (node_modules/react-test-renderer/cjs/react-test-renderer.development.js:10326:9)
      at updateContainerImpl (node_modules/react-test-renderer/cjs/react-test-renderer.development.js:12382:10)
      at updateContainer (node_modules/react-test-renderer/cjs/react-test-renderer.development.js:12326:7)
      at process.env.NODE_ENV.exports.create (node_modules/react-test-renderer/cjs/react-test-renderer.development.js:14630:7)
      at contexts/__tests__/WalletContext.test.js:21:15
      at process.env.NODE_ENV.exports.act (node_modules/react/cjs/react.development.js:789:22)
      at renderHook (contexts/__tests__/WalletContext.test.js:19:6)
      at Object.renderHook (contexts/__tests__/WalletContext.test.js:119:24)

    console.error
      The current testing environment is not configured to support act(...)

      43 |   // Set wallet addresses (for creating/importing wallet)
      44 |   const setWalletAddresses = useCallback((addresses, accountIndex = 0) => {
    > 45 |     setWallet({
         |     ^
      46 |       segwitAddress: addresses.segwitAddress,
      47 |       taprootAddress: addresses.taprootAddress,
      48 |       taprootPubkey: addresses.taprootPubkey,

      at isConcurrentActEnvironment (node_modules/react-test-renderer/cjs/react-test-renderer.development.js:10243:17)
      at warnIfUpdatesNotWrappedWithActDEV (node_modules/react-test-renderer/cjs/react-test-renderer.development.js:11798:7)
      at scheduleUpdateOnFiber (node_modules/react-test-renderer/cjs/react-test-renderer.development.js:10326:9)
      at dispatchSetStateInternal (node_modules/react-test-renderer/cjs/react-test-renderer.development.js:4148:13)
      at dispatchSetState (node_modules/react-test-renderer/cjs/react-test-renderer.development.js:4107:7)
      at Object.setWallet [as setWalletAddresses] (contexts/WalletContext.js:45:5)
      at setWalletAddresses (contexts/__tests__/WalletContext.test.js:122:22)
      at process.env.NODE_ENV.exports.act (node_modules/react/cjs/react.development.js:789:22)
      at Object.<anonymous> (contexts/__tests__/WalletContext.test.js:121:8)

    console.error
      The current testing environment is not configured to support act(...)

      48 |       taprootPubkey: addresses.taprootPubkey,
      49 |     });
    > 50 |     setCurrentAccount(accountIndex);
         |     ^
      51 |   }, []);
      52 |
      53 |   // Reset wallet (for logout/delete)

      at isConcurrentActEnvironment (node_modules/react-test-renderer/cjs/react-test-renderer.development.js:10243:17)
      at warnIfUpdatesNotWrappedWithActDEV (node_modules/react-test-renderer/cjs/react-test-renderer.development.js:11798:7)
      at scheduleUpdateOnFiber (node_modules/react-test-renderer/cjs/react-test-renderer.development.js:10326:9)
      at dispatchSetStateInternal (node_modules/react-test-renderer/cjs/react-test-renderer.development.js:4148:13)
      at dispatchSetState (node_modules/react-test-renderer/cjs/react-test-renderer.development.js:4107:7)
      at Object.setCurrentAccount [as setWalletAddresses] (contexts/WalletContext.js:50:5)
      at setWalletAddresses (contexts/__tests__/WalletContext.test.js:122:22)
      at process.env.NODE_ENV.exports.act (node_modules/react/cjs/react.development.js:789:22)
      at Object.<anonymous> (contexts/__tests__/WalletContext.test.js:121:8)

    console.error
      react-test-renderer is deprecated. See https://react.dev/warnings/react-test-renderer

      19 |   act(() => {
      20 |     component = Wrapper
    > 21 |       ? create(<Wrapper><TestComponent /></Wrapper>)
         |               ^
      22 |       : create(<TestComponent />);
      23 |   });
      24 |

      at process.env.NODE_ENV.exports.create (node_modules/react-test-renderer/cjs/react-test-renderer.development.js:14598:17)
      at contexts/__tests__/WalletContext.test.js:21:15
      at process.env.NODE_ENV.exports.act (node_modules/react/cjs/react.development.js:789:22)
      at renderHook (contexts/__tests__/WalletContext.test.js:19:6)
      at Object.renderHook (contexts/__tests__/WalletContext.test.js:130:24)

    console.error
      The current testing environment is not configured to support act(...)

      19 |   act(() => {
      20 |     component = Wrapper
    > 21 |       ? create(<Wrapper><TestComponent /></Wrapper>)
         |               ^
      22 |       : create(<TestComponent />);
      23 |   });
      24 |

      at isConcurrentActEnvironment (node_modules/react-test-renderer/cjs/react-test-renderer.development.js:10243:17)
      at warnIfUpdatesNotWrappedWithActDEV (node_modules/react-test-renderer/cjs/react-test-renderer.development.js:11798:7)
      at scheduleUpdateOnFiber (node_modules/react-test-renderer/cjs/react-test-renderer.development.js:10326:9)
      at updateContainerImpl (node_modules/react-test-renderer/cjs/react-test-renderer.development.js:12382:10)
      at updateContainer (node_modules/react-test-renderer/cjs/react-test-renderer.development.js:12326:7)
      at process.env.NODE_ENV.exports.create (node_modules/react-test-renderer/cjs/react-test-renderer.development.js:14630:7)
      at contexts/__tests__/WalletContext.test.js:21:15
      at process.env.NODE_ENV.exports.act (node_modules/react/cjs/react.development.js:789:22)
      at renderHook (contexts/__tests__/WalletContext.test.js:19:6)
      at Object.renderHook (contexts/__tests__/WalletContext.test.js:130:24)

    console.error
      The current testing environment is not configured to support act(...)

      43 |   // Set wallet addresses (for creating/importing wallet)
      44 |   const setWalletAddresses = useCallback((addresses, accountIndex = 0) => {
    > 45 |     setWallet({
         |     ^
      46 |       segwitAddress: addresses.segwitAddress,
      47 |       taprootAddress: addresses.taprootAddress,
      48 |       taprootPubkey: addresses.taprootPubkey,

      at isConcurrentActEnvironment (node_modules/react-test-renderer/cjs/react-test-renderer.development.js:10243:17)
      at warnIfUpdatesNotWrappedWithActDEV (node_modules/react-test-renderer/cjs/react-test-renderer.development.js:11798:7)
      at scheduleUpdateOnFiber (node_modules/react-test-renderer/cjs/react-test-renderer.development.js:10326:9)
      at dispatchSetStateInternal (node_modules/react-test-renderer/cjs/react-test-renderer.development.js:4148:13)
      at dispatchSetState (node_modules/react-test-renderer/cjs/react-test-renderer.development.js:4107:7)
      at Object.setWallet [as setWalletAddresses] (contexts/WalletContext.js:45:5)
      at setWalletAddresses (contexts/__tests__/WalletContext.test.js:133:22)
      at process.env.NODE_ENV.exports.act (node_modules/react/cjs/react.development.js:789:22)
      at Object.<anonymous> (contexts/__tests__/WalletContext.test.js:132:8)

    console.error
      The current testing environment is not configured to support act(...)

      48 |       taprootPubkey: addresses.taprootPubkey,
      49 |     });
    > 50 |     setCurrentAccount(accountIndex);
         |     ^
      51 |   }, []);
      52 |
      53 |   // Reset wallet (for logout/delete)

      at isConcurrentActEnvironment (node_modules/react-test-renderer/cjs/react-test-renderer.development.js:10243:17)
      at warnIfUpdatesNotWrappedWithActDEV (node_modules/react-test-renderer/cjs/react-test-renderer.development.js:11798:7)
      at scheduleUpdateOnFiber (node_modules/react-test-renderer/cjs/react-test-renderer.development.js:10326:9)
      at dispatchSetStateInternal (node_modules/react-test-renderer/cjs/react-test-renderer.development.js:4148:13)
      at dispatchSetState (node_modules/react-test-renderer/cjs/react-test-renderer.development.js:4107:7)
      at Object.setCurrentAccount [as setWalletAddresses] (contexts/WalletContext.js:50:5)
      at setWalletAddresses (contexts/__tests__/WalletContext.test.js:133:22)
      at process.env.NODE_ENV.exports.act (node_modules/react/cjs/react.development.js:789:22)
      at Object.<anonymous> (contexts/__tests__/WalletContext.test.js:132:8)

    console.error
      react-test-renderer is deprecated. See https://react.dev/warnings/react-test-renderer

      19 |   act(() => {
      20 |     component = Wrapper
    > 21 |       ? create(<Wrapper><TestComponent /></Wrapper>)
         |               ^
      22 |       : create(<TestComponent />);
      23 |   });
      24 |

      at process.env.NODE_ENV.exports.create (node_modules/react-test-renderer/cjs/react-test-renderer.development.js:14598:17)
      at contexts/__tests__/WalletContext.test.js:21:15
      at process.env.NODE_ENV.exports.act (node_modules/react/cjs/react.development.js:789:22)
      at renderHook (contexts/__tests__/WalletContext.test.js:19:6)
      at Object.renderHook (contexts/__tests__/WalletContext.test.js:140:24)

    console.error
      The current testing environment is not configured to support act(...)

      19 |   act(() => {
      20 |     component = Wrapper
    > 21 |       ? create(<Wrapper><TestComponent /></Wrapper>)
         |               ^
      22 |       : create(<TestComponent />);
      23 |   });
      24 |

      at isConcurrentActEnvironment (node_modules/react-test-renderer/cjs/react-test-renderer.development.js:10243:17)
      at warnIfUpdatesNotWrappedWithActDEV (node_modules/react-test-renderer/cjs/react-test-renderer.development.js:11798:7)
      at scheduleUpdateOnFiber (node_modules/react-test-renderer/cjs/react-test-renderer.development.js:10326:9)
      at updateContainerImpl (node_modules/react-test-renderer/cjs/react-test-renderer.development.js:12382:10)
      at updateContainer (node_modules/react-test-renderer/cjs/react-test-renderer.development.js:12326:7)
      at process.env.NODE_ENV.exports.create (node_modules/react-test-renderer/cjs/react-test-renderer.development.js:14630:7)
      at contexts/__tests__/WalletContext.test.js:21:15
      at process.env.NODE_ENV.exports.act (node_modules/react/cjs/react.development.js:789:22)
      at renderHook (contexts/__tests__/WalletContext.test.js:19:6)
      at Object.renderHook (contexts/__tests__/WalletContext.test.js:140:24)

    console.error
      The current testing environment is not configured to support act(...)

      43 |   // Set wallet addresses (for creating/importing wallet)
      44 |   const setWalletAddresses = useCallback((addresses, accountIndex = 0) => {
    > 45 |     setWallet({
         |     ^
      46 |       segwitAddress: addresses.segwitAddress,
      47 |       taprootAddress: addresses.taprootAddress,
      48 |       taprootPubkey: addresses.taprootPubkey,

      at isConcurrentActEnvironment (node_modules/react-test-renderer/cjs/react-test-renderer.development.js:10243:17)
      at warnIfUpdatesNotWrappedWithActDEV (node_modules/react-test-renderer/cjs/react-test-renderer.development.js:11798:7)
      at scheduleUpdateOnFiber (node_modules/react-test-renderer/cjs/react-test-renderer.development.js:10326:9)
      at dispatchSetStateInternal (node_modules/react-test-renderer/cjs/react-test-renderer.development.js:4148:13)
      at dispatchSetState (node_modules/react-test-renderer/cjs/react-test-renderer.development.js:4107:7)
      at Object.setWallet [as setWalletAddresses] (contexts/WalletContext.js:45:5)
      at setWalletAddresses (contexts/__tests__/WalletContext.test.js:144:22)
      at process.env.NODE_ENV.exports.act (node_modules/react/cjs/react.development.js:789:22)
      at Object.<anonymous> (contexts/__tests__/WalletContext.test.js:143:8)

    console.error
      The current testing environment is not configured to support act(...)

      48 |       taprootPubkey: addresses.taprootPubkey,
      49 |     });
    > 50 |     setCurrentAccount(accountIndex);
         |     ^
      51 |   }, []);
      52 |
      53 |   // Reset wallet (for logout/delete)

      at isConcurrentActEnvironment (node_modules/react-test-renderer/cjs/react-test-renderer.development.js:10243:17)
      at warnIfUpdatesNotWrappedWithActDEV (node_modules/react-test-renderer/cjs/react-test-renderer.development.js:11798:7)
      at scheduleUpdateOnFiber (node_modules/react-test-renderer/cjs/react-test-renderer.development.js:10326:9)
      at dispatchSetStateInternal (node_modules/react-test-renderer/cjs/react-test-renderer.development.js:4148:13)
      at dispatchSetState (node_modules/react-test-renderer/cjs/react-test-renderer.development.js:4107:7)
      at Object.setCurrentAccount [as setWalletAddresses] (contexts/WalletContext.js:50:5)
      at setWalletAddresses (contexts/__tests__/WalletContext.test.js:144:22)
      at process.env.NODE_ENV.exports.act (node_modules/react/cjs/react.development.js:789:22)
      at Object.<anonymous> (contexts/__tests__/WalletContext.test.js:143:8)

    console.error
      The current testing environment is not configured to support act(...)

      53 |   // Reset wallet (for logout/delete)
      54 |   const resetWallet = useCallback(() => {
    > 55 |     setWallet(null);
         |     ^
      56 |     setCurrentAccount(0);
      57 |   }, []);
      58 |

      at isConcurrentActEnvironment (node_modules/react-test-renderer/cjs/react-test-renderer.development.js:10243:17)
      at warnIfUpdatesNotWrappedWithActDEV (node_modules/react-test-renderer/cjs/react-test-renderer.development.js:11798:7)
      at scheduleUpdateOnFiber (node_modules/react-test-renderer/cjs/react-test-renderer.development.js:10326:9)
      at dispatchSetStateInternal (node_modules/react-test-renderer/cjs/react-test-renderer.development.js:4148:13)
      at dispatchSetState (node_modules/react-test-renderer/cjs/react-test-renderer.development.js:4107:7)
      at Object.setWallet [as resetWallet] (contexts/WalletContext.js:55:5)
      at resetWallet (contexts/__tests__/WalletContext.test.js:151:22)
      at process.env.NODE_ENV.exports.act (node_modules/react/cjs/react.development.js:789:22)
      at Object.<anonymous> (contexts/__tests__/WalletContext.test.js:150:8)

    console.error
      The current testing environment is not configured to support act(...)

      54 |   const resetWallet = useCallback(() => {
      55 |     setWallet(null);
    > 56 |     setCurrentAccount(0);
         |     ^
      57 |   }, []);
      58 |
      59 |   // Switch account

      at isConcurrentActEnvironment (node_modules/react-test-renderer/cjs/react-test-renderer.development.js:10243:17)
      at warnIfUpdatesNotWrappedWithActDEV (node_modules/react-test-renderer/cjs/react-test-renderer.development.js:11798:7)
      at scheduleUpdateOnFiber (node_modules/react-test-renderer/cjs/react-test-renderer.development.js:10326:9)
      at dispatchSetStateInternal (node_modules/react-test-renderer/cjs/react-test-renderer.development.js:4148:13)
      at dispatchSetState (node_modules/react-test-renderer/cjs/react-test-renderer.development.js:4107:7)
      at Object.setCurrentAccount [as resetWallet] (contexts/WalletContext.js:56:5)
      at resetWallet (contexts/__tests__/WalletContext.test.js:151:22)
      at process.env.NODE_ENV.exports.act (node_modules/react/cjs/react.development.js:789:22)
      at Object.<anonymous> (contexts/__tests__/WalletContext.test.js:150:8)

    console.error
      react-test-renderer is deprecated. See https://react.dev/warnings/react-test-renderer

      19 |   act(() => {
      20 |     component = Wrapper
    > 21 |       ? create(<Wrapper><TestComponent /></Wrapper>)
         |               ^
      22 |       : create(<TestComponent />);
      23 |   });
      24 |

      at process.env.NODE_ENV.exports.create (node_modules/react-test-renderer/cjs/react-test-renderer.development.js:14598:17)
      at contexts/__tests__/WalletContext.test.js:21:15
      at process.env.NODE_ENV.exports.act (node_modules/react/cjs/react.development.js:789:22)
      at renderHook (contexts/__tests__/WalletContext.test.js:19:6)
      at Object.renderHook (contexts/__tests__/WalletContext.test.js:170:24)
      at asyncGeneratorStep (node_modules/@babel/runtime/helpers/asyncToGenerator.js:3:17)
      at _next (node_modules/@babel/runtime/helpers/asyncToGenerator.js:17:9)
      at node_modules/@babel/runtime/helpers/asyncToGenerator.js:22:7
      at Object.<anonymous> (node_modules/@babel/runtime/helpers/asyncToGenerator.js:14:12)

    console.error
      The current testing environment is not configured to support act(...)

      19 |   act(() => {
      20 |     component = Wrapper
    > 21 |       ? create(<Wrapper><TestComponent /></Wrapper>)
         |               ^
      22 |       : create(<TestComponent />);
      23 |   });
      24 |

      at isConcurrentActEnvironment (node_modules/react-test-renderer/cjs/react-test-renderer.development.js:10243:17)
      at warnIfUpdatesNotWrappedWithActDEV (node_modules/react-test-renderer/cjs/react-test-renderer.development.js:11798:7)
      at scheduleUpdateOnFiber (node_modules/react-test-renderer/cjs/react-test-renderer.development.js:10326:9)
      at updateContainerImpl (node_modules/react-test-renderer/cjs/react-test-renderer.development.js:12382:10)
      at updateContainer (node_modules/react-test-renderer/cjs/react-test-renderer.development.js:12326:7)
      at process.env.NODE_ENV.exports.create (node_modules/react-test-renderer/cjs/react-test-renderer.development.js:14630:7)
      at contexts/__tests__/WalletContext.test.js:21:15
      at process.env.NODE_ENV.exports.act (node_modules/react/cjs/react.development.js:789:22)
      at renderHook (contexts/__tests__/WalletContext.test.js:19:6)
      at Object.renderHook (contexts/__tests__/WalletContext.test.js:170:24)
      at asyncGeneratorStep (node_modules/@babel/runtime/helpers/asyncToGenerator.js:3:17)
      at _next (node_modules/@babel/runtime/helpers/asyncToGenerator.js:17:9)
      at node_modules/@babel/runtime/helpers/asyncToGenerator.js:22:7
      at Object.<anonymous> (node_modules/@babel/runtime/helpers/asyncToGenerator.js:14:12)

    console.error
      The current testing environment is not configured to support act(...)

      65 |       }
      66 |
    > 67 |       setWallet({
         |       ^
      68 |         segwitAddress: addresses.segwitAddress,
      69 |         taprootAddress: addresses.taprootAddress,
      70 |         taprootPubkey: addresses.taprootPubkey,

      at isConcurrentActEnvironment (node_modules/react-test-renderer/cjs/react-test-renderer.development.js:10243:17)
      at warnIfUpdatesNotWrappedWithActDEV (node_modules/react-test-renderer/cjs/react-test-renderer.development.js:11798:7)
      at scheduleUpdateOnFiber (node_modules/react-test-renderer/cjs/react-test-renderer.development.js:10326:9)
      at dispatchSetStateInternal (node_modules/react-test-renderer/cjs/react-test-renderer.development.js:4148:13)
      at dispatchSetState (node_modules/react-test-renderer/cjs/react-test-renderer.development.js:4107:7)
      at Object.setWallet (contexts/WalletContext.js:67:7)
      at asyncGeneratorStep (node_modules/@babel/runtime/helpers/asyncToGenerator.js:3:17)
      at _next (node_modules/@babel/runtime/helpers/asyncToGenerator.js:17:9)

    console.error
      The current testing environment is not configured to support act(...)

      70 |         taprootPubkey: addresses.taprootPubkey,
      71 |       });
    > 72 |       setCurrentAccount(accountIndex);
         |       ^
      73 |
      74 |       // Save new account index
      75 |       await SecureStore.setItemAsync(SECURE_KEYS.CURRENT_ACCOUNT, accountIndex.toString());

      at isConcurrentActEnvironment (node_modules/react-test-renderer/cjs/react-test-renderer.development.js:10243:17)
      at warnIfUpdatesNotWrappedWithActDEV (node_modules/react-test-renderer/cjs/react-test-renderer.development.js:11798:7)
      at scheduleUpdateOnFiber (node_modules/react-test-renderer/cjs/react-test-renderer.development.js:10326:9)
      at dispatchSetStateInternal (node_modules/react-test-renderer/cjs/react-test-renderer.development.js:4148:13)
      at dispatchSetState (node_modules/react-test-renderer/cjs/react-test-renderer.development.js:4107:7)
      at Object.setCurrentAccount (contexts/WalletContext.js:72:7)
      at asyncGeneratorStep (node_modules/@babel/runtime/helpers/asyncToGenerator.js:3:17)
      at _next (node_modules/@babel/runtime/helpers/asyncToGenerator.js:17:9)

    console.error
      react-test-renderer is deprecated. See https://react.dev/warnings/react-test-renderer

      19 |   act(() => {
      20 |     component = Wrapper
    > 21 |       ? create(<Wrapper><TestComponent /></Wrapper>)
         |               ^
      22 |       : create(<TestComponent />);
      23 |   });
      24 |

      at process.env.NODE_ENV.exports.create (node_modules/react-test-renderer/cjs/react-test-renderer.development.js:14598:17)
      at contexts/__tests__/WalletContext.test.js:21:15
      at process.env.NODE_ENV.exports.act (node_modules/react/cjs/react.development.js:789:22)
      at renderHook (contexts/__tests__/WalletContext.test.js:19:6)
      at Object.renderHook (contexts/__tests__/WalletContext.test.js:188:24)
      at asyncGeneratorStep (node_modules/@babel/runtime/helpers/asyncToGenerator.js:3:17)
      at _next (node_modules/@babel/runtime/helpers/asyncToGenerator.js:17:9)
      at node_modules/@babel/runtime/helpers/asyncToGenerator.js:22:7
      at Object.<anonymous> (node_modules/@babel/runtime/helpers/asyncToGenerator.js:14:12)

    console.error
      The current testing environment is not configured to support act(...)

      19 |   act(() => {
      20 |     component = Wrapper
    > 21 |       ? create(<Wrapper><TestComponent /></Wrapper>)
         |               ^
      22 |       : create(<TestComponent />);
      23 |   });
      24 |

      at isConcurrentActEnvironment (node_modules/react-test-renderer/cjs/react-test-renderer.development.js:10243:17)
      at warnIfUpdatesNotWrappedWithActDEV (node_modules/react-test-renderer/cjs/react-test-renderer.development.js:11798:7)
      at scheduleUpdateOnFiber (node_modules/react-test-renderer/cjs/react-test-renderer.development.js:10326:9)
      at updateContainerImpl (node_modules/react-test-renderer/cjs/react-test-renderer.development.js:12382:10)
      at updateContainer (node_modules/react-test-renderer/cjs/react-test-renderer.development.js:12326:7)
      at process.env.NODE_ENV.exports.create (node_modules/react-test-renderer/cjs/react-test-renderer.development.js:14630:7)
      at contexts/__tests__/WalletContext.test.js:21:15
      at process.env.NODE_ENV.exports.act (node_modules/react/cjs/react.development.js:789:22)
      at renderHook (contexts/__tests__/WalletContext.test.js:19:6)
      at Object.renderHook (contexts/__tests__/WalletContext.test.js:188:24)
      at asyncGeneratorStep (node_modules/@babel/runtime/helpers/asyncToGenerator.js:3:17)
      at _next (node_modules/@babel/runtime/helpers/asyncToGenerator.js:17:9)
      at node_modules/@babel/runtime/helpers/asyncToGenerator.js:22:7
      at Object.<anonymous> (node_modules/@babel/runtime/helpers/asyncToGenerator.js:14:12)

    console.error
      react-test-renderer is deprecated. See https://react.dev/warnings/react-test-renderer

      19 |   act(() => {
      20 |     component = Wrapper
    > 21 |       ? create(<Wrapper><TestComponent /></Wrapper>)
         |               ^
      22 |       : create(<TestComponent />);
      23 |   });
      24 |

      at process.env.NODE_ENV.exports.create (node_modules/react-test-renderer/cjs/react-test-renderer.development.js:14598:17)
      at contexts/__tests__/WalletContext.test.js:21:15
      at process.env.NODE_ENV.exports.act (node_modules/react/cjs/react.development.js:789:22)
      at renderHook (contexts/__tests__/WalletContext.test.js:19:6)
      at Object.renderHook (contexts/__tests__/WalletContext.test.js:200:24)
      at asyncGeneratorStep (node_modules/@babel/runtime/helpers/asyncToGenerator.js:3:17)
      at _next (node_modules/@babel/runtime/helpers/asyncToGenerator.js:17:9)
      at node_modules/@babel/runtime/helpers/asyncToGenerator.js:22:7
      at Object.<anonymous> (node_modules/@babel/runtime/helpers/asyncToGenerator.js:14:12)

    console.error
      The current testing environment is not configured to support act(...)

      19 |   act(() => {
      20 |     component = Wrapper
    > 21 |       ? create(<Wrapper><TestComponent /></Wrapper>)
         |               ^
      22 |       : create(<TestComponent />);
      23 |   });
      24 |

      at isConcurrentActEnvironment (node_modules/react-test-renderer/cjs/react-test-renderer.development.js:10243:17)
      at warnIfUpdatesNotWrappedWithActDEV (node_modules/react-test-renderer/cjs/react-test-renderer.development.js:11798:7)
      at scheduleUpdateOnFiber (node_modules/react-test-renderer/cjs/react-test-renderer.development.js:10326:9)
      at updateContainerImpl (node_modules/react-test-renderer/cjs/react-test-renderer.development.js:12382:10)
      at updateContainer (node_modules/react-test-renderer/cjs/react-test-renderer.development.js:12326:7)
      at process.env.NODE_ENV.exports.create (node_modules/react-test-renderer/cjs/react-test-renderer.development.js:14630:7)
      at contexts/__tests__/WalletContext.test.js:21:15
      at process.env.NODE_ENV.exports.act (node_modules/react/cjs/react.development.js:789:22)
      at renderHook (contexts/__tests__/WalletContext.test.js:19:6)
      at Object.renderHook (contexts/__tests__/WalletContext.test.js:200:24)
      at asyncGeneratorStep (node_modules/@babel/runtime/helpers/asyncToGenerator.js:3:17)
      at _next (node_modules/@babel/runtime/helpers/asyncToGenerator.js:17:9)
      at node_modules/@babel/runtime/helpers/asyncToGenerator.js:22:7
      at Object.<anonymous> (node_modules/@babel/runtime/helpers/asyncToGenerator.js:14:12)

    console.error
      react-test-renderer is deprecated. See https://react.dev/warnings/react-test-renderer

      19 |   act(() => {
      20 |     component = Wrapper
    > 21 |       ? create(<Wrapper><TestComponent /></Wrapper>)
         |               ^
      22 |       : create(<TestComponent />);
      23 |   });
      24 |

      at process.env.NODE_ENV.exports.create (node_modules/react-test-renderer/cjs/react-test-renderer.development.js:14598:17)
      at contexts/__tests__/WalletContext.test.js:21:15
      at process.env.NODE_ENV.exports.act (node_modules/react/cjs/react.development.js:789:22)
      at renderHook (contexts/__tests__/WalletContext.test.js:19:6)
      at Object.renderHook (contexts/__tests__/WalletContext.test.js:215:24)
      at asyncGeneratorStep (node_modules/@babel/runtime/helpers/asyncToGenerator.js:3:17)
      at _next (node_modules/@babel/runtime/helpers/asyncToGenerator.js:17:9)
      at node_modules/@babel/runtime/helpers/asyncToGenerator.js:22:7
      at Object.<anonymous> (node_modules/@babel/runtime/helpers/asyncToGenerator.js:14:12)

    console.error
      The current testing environment is not configured to support act(...)

      19 |   act(() => {
      20 |     component = Wrapper
    > 21 |       ? create(<Wrapper><TestComponent /></Wrapper>)
         |               ^
      22 |       : create(<TestComponent />);
      23 |   });
      24 |

      at isConcurrentActEnvironment (node_modules/react-test-renderer/cjs/react-test-renderer.development.js:10243:17)
      at warnIfUpdatesNotWrappedWithActDEV (node_modules/react-test-renderer/cjs/react-test-renderer.development.js:11798:7)
      at scheduleUpdateOnFiber (node_modules/react-test-renderer/cjs/react-test-renderer.development.js:10326:9)
      at updateContainerImpl (node_modules/react-test-renderer/cjs/react-test-renderer.development.js:12382:10)
      at updateContainer (node_modules/react-test-renderer/cjs/react-test-renderer.development.js:12326:7)
      at process.env.NODE_ENV.exports.create (node_modules/react-test-renderer/cjs/react-test-renderer.development.js:14630:7)
      at contexts/__tests__/WalletContext.test.js:21:15
      at process.env.NODE_ENV.exports.act (node_modules/react/cjs/react.development.js:789:22)
      at renderHook (contexts/__tests__/WalletContext.test.js:19:6)
      at Object.renderHook (contexts/__tests__/WalletContext.test.js:215:24)
      at asyncGeneratorStep (node_modules/@babel/runtime/helpers/asyncToGenerator.js:3:17)
      at _next (node_modules/@babel/runtime/helpers/asyncToGenerator.js:17:9)
      at node_modules/@babel/runtime/helpers/asyncToGenerator.js:22:7
      at Object.<anonymous> (node_modules/@babel/runtime/helpers/asyncToGenerator.js:14:12)

    console.error
      The current testing environment is not configured to support act(...)

      25 |
      26 |       if (addresses) {
    > 27 |         setWallet({
         |         ^
      28 |           segwitAddress: addresses.segwitAddress,
      29 |           taprootAddress: addresses.taprootAddress,
      30 |           taprootPubkey: addresses.taprootPubkey,

      at isConcurrentActEnvironment (node_modules/react-test-renderer/cjs/react-test-renderer.development.js:10243:17)
      at warnIfUpdatesNotWrappedWithActDEV (node_modules/react-test-renderer/cjs/react-test-renderer.development.js:11798:7)
      at scheduleUpdateOnFiber (node_modules/react-test-renderer/cjs/react-test-renderer.development.js:10326:9)
      at dispatchSetStateInternal (node_modules/react-test-renderer/cjs/react-test-renderer.development.js:4148:13)
      at dispatchSetState (node_modules/react-test-renderer/cjs/react-test-renderer.development.js:4107:7)
      at Object.setWallet (contexts/WalletContext.js:27:9)
      at asyncGeneratorStep (node_modules/@babel/runtime/helpers/asyncToGenerator.js:3:17)
      at _next (node_modules/@babel/runtime/helpers/asyncToGenerator.js:17:9)

    console.error
      The current testing environment is not configured to support act(...)

      30 |           taprootPubkey: addresses.taprootPubkey,
      31 |         });
    > 32 |         setCurrentAccount(accountIndex);
         |         ^
      33 |
      34 |         return { exists: true, addresses };
      35 |       }

      at isConcurrentActEnvironment (node_modules/react-test-renderer/cjs/react-test-renderer.development.js:10243:17)
      at warnIfUpdatesNotWrappedWithActDEV (node_modules/react-test-renderer/cjs/react-test-renderer.development.js:11798:7)
      at scheduleUpdateOnFiber (node_modules/react-test-renderer/cjs/react-test-renderer.development.js:10326:9)
      at dispatchSetStateInternal (node_modules/react-test-renderer/cjs/react-test-renderer.development.js:4148:13)
      at dispatchSetState (node_modules/react-test-renderer/cjs/react-test-renderer.development.js:4107:7)
      at Object.setCurrentAccount (contexts/WalletContext.js:32:9)
      at asyncGeneratorStep (node_modules/@babel/runtime/helpers/asyncToGenerator.js:3:17)
      at _next (node_modules/@babel/runtime/helpers/asyncToGenerator.js:17:9)

PASS contexts/__tests__/PendingTransactionsContext.test.js
  ● Console

    console.error
      react-test-renderer is deprecated. See https://react.dev/warnings/react-test-renderer

      26 |   act(() => {
      27 |     component = Wrapper
    > 28 |       ? create(<Wrapper><TestComponent /></Wrapper>)
         |               ^
      29 |       : create(<TestComponent />);
      30 |   });
      31 |   return { result, rerender: component.update, unmount: component.unmount };

      at process.env.NODE_ENV.exports.create (node_modules/react-test-renderer/cjs/react-test-renderer.development.js:14598:17)
      at contexts/__tests__/PendingTransactionsContext.test.js:28:15
      at process.env.NODE_ENV.exports.act (node_modules/react/cjs/react.development.js:789:22)
      at renderHook (contexts/__tests__/PendingTransactionsContext.test.js:26:6)
      at Object.renderHook (contexts/__tests__/PendingTransactionsContext.test.js:60:24)

    console.error
      The current testing environment is not configured to support act(...)

      26 |   act(() => {
      27 |     component = Wrapper
    > 28 |       ? create(<Wrapper><TestComponent /></Wrapper>)
         |               ^
      29 |       : create(<TestComponent />);
      30 |   });
      31 |   return { result, rerender: component.update, unmount: component.unmount };

      at isConcurrentActEnvironment (node_modules/react-test-renderer/cjs/react-test-renderer.development.js:10243:17)
      at warnIfUpdatesNotWrappedWithActDEV (node_modules/react-test-renderer/cjs/react-test-renderer.development.js:11798:7)
      at scheduleUpdateOnFiber (node_modules/react-test-renderer/cjs/react-test-renderer.development.js:10326:9)
      at updateContainerImpl (node_modules/react-test-renderer/cjs/react-test-renderer.development.js:12382:10)
      at updateContainer (node_modules/react-test-renderer/cjs/react-test-renderer.development.js:12326:7)
      at process.env.NODE_ENV.exports.create (node_modules/react-test-renderer/cjs/react-test-renderer.development.js:14630:7)
      at contexts/__tests__/PendingTransactionsContext.test.js:28:15
      at process.env.NODE_ENV.exports.act (node_modules/react/cjs/react.development.js:789:22)
      at renderHook (contexts/__tests__/PendingTransactionsContext.test.js:26:6)
      at Object.renderHook (contexts/__tests__/PendingTransactionsContext.test.js:60:24)

    console.error
      react-test-renderer is deprecated. See https://react.dev/warnings/react-test-renderer

      26 |   act(() => {
      27 |     component = Wrapper
    > 28 |       ? create(<Wrapper><TestComponent /></Wrapper>)
         |               ^
      29 |       : create(<TestComponent />);
      30 |   });
      31 |   return { result, rerender: component.update, unmount: component.unmount };

      at process.env.NODE_ENV.exports.create (node_modules/react-test-renderer/cjs/react-test-renderer.development.js:14598:17)
      at contexts/__tests__/PendingTransactionsContext.test.js:28:15
      at process.env.NODE_ENV.exports.act (node_modules/react/cjs/react.development.js:789:22)
      at renderHook (contexts/__tests__/PendingTransactionsContext.test.js:26:6)
      at Object.renderHook (contexts/__tests__/PendingTransactionsContext.test.js:77:24)
      at asyncGeneratorStep (node_modules/@babel/runtime/helpers/asyncToGenerator.js:3:17)
      at _next (node_modules/@babel/runtime/helpers/asyncToGenerator.js:17:9)
      at node_modules/@babel/runtime/helpers/asyncToGenerator.js:22:7
      at Object.<anonymous> (node_modules/@babel/runtime/helpers/asyncToGenerator.js:14:12)

    console.error
      The current testing environment is not configured to support act(...)

      26 |   act(() => {
      27 |     component = Wrapper
    > 28 |       ? create(<Wrapper><TestComponent /></Wrapper>)
         |               ^
      29 |       : create(<TestComponent />);
      30 |   });
      31 |   return { result, rerender: component.update, unmount: component.unmount };

      at isConcurrentActEnvironment (node_modules/react-test-renderer/cjs/react-test-renderer.development.js:10243:17)
      at warnIfUpdatesNotWrappedWithActDEV (node_modules/react-test-renderer/cjs/react-test-renderer.development.js:11798:7)
      at scheduleUpdateOnFiber (node_modules/react-test-renderer/cjs/react-test-renderer.development.js:10326:9)
      at updateContainerImpl (node_modules/react-test-renderer/cjs/react-test-renderer.development.js:12382:10)
      at updateContainer (node_modules/react-test-renderer/cjs/react-test-renderer.development.js:12326:7)
      at process.env.NODE_ENV.exports.create (node_modules/react-test-renderer/cjs/react-test-renderer.development.js:14630:7)
      at contexts/__tests__/PendingTransactionsContext.test.js:28:15
      at process.env.NODE_ENV.exports.act (node_modules/react/cjs/react.development.js:789:22)
      at renderHook (contexts/__tests__/PendingTransactionsContext.test.js:26:6)
      at Object.renderHook (contexts/__tests__/PendingTransactionsContext.test.js:77:24)
      at asyncGeneratorStep (node_modules/@babel/runtime/helpers/asyncToGenerator.js:3:17)
      at _next (node_modules/@babel/runtime/helpers/asyncToGenerator.js:17:9)
      at node_modules/@babel/runtime/helpers/asyncToGenerator.js:22:7
      at Object.<anonymous> (node_modules/@babel/runtime/helpers/asyncToGenerator.js:14:12)

    console.error
      The current testing environment is not configured to support act(...)

      52 |     };
      53 |
    > 54 |     setPendingTransactions(updated);
         |     ^
      55 |     await savePendingTransactions(updated);
      56 |     // eslint-disable-next-line react-hooks/exhaustive-deps
      57 |   }, [pendingTransactions, currentAccount]);

      at isConcurrentActEnvironment (node_modules/react-test-renderer/cjs/react-test-renderer.development.js:10243:17)
      at warnIfUpdatesNotWrappedWithActDEV (node_modules/react-test-renderer/cjs/react-test-renderer.development.js:11798:7)
      at scheduleUpdateOnFiber (node_modules/react-test-renderer/cjs/react-test-renderer.development.js:10326:9)
      at dispatchSetStateInternal (node_modules/react-test-renderer/cjs/react-test-renderer.development.js:4148:13)
      at dispatchSetState (node_modules/react-test-renderer/cjs/react-test-renderer.development.js:4107:7)
      at Object.setPendingTransactions (contexts/PendingTransactionsContext.js:54:5)
      at asyncGeneratorStep (node_modules/@babel/runtime/helpers/asyncToGenerator.js:3:17)
      at _next (node_modules/@babel/runtime/helpers/asyncToGenerator.js:17:9)
      at node_modules/@babel/runtime/helpers/asyncToGenerator.js:22:7
      at Object.<anonymous> (node_modules/@babel/runtime/helpers/asyncToGenerator.js:14:12)
      at Object.apply [as addPendingTransaction] (contexts/PendingTransactionsContext.js:57:4)
      at addPendingTransaction (contexts/__tests__/PendingTransactionsContext.test.js:84:28)
      at asyncGeneratorStep (node_modules/@babel/runtime/helpers/asyncToGenerator.js:3:17)
      at _next (node_modules/@babel/runtime/helpers/asyncToGenerator.js:17:9)
      at node_modules/@babel/runtime/helpers/asyncToGenerator.js:22:7
      at node_modules/@babel/runtime/helpers/asyncToGenerator.js:14:12
      at process.env.NODE_ENV.exports.act (node_modules/react/cjs/react.development.js:789:22)
      at Object.<anonymous> (contexts/__tests__/PendingTransactionsContext.test.js:83:14)
      at asyncGeneratorStep (node_modules/@babel/runtime/helpers/asyncToGenerator.js:3:17)
      at _next (node_modules/@babel/runtime/helpers/asyncToGenerator.js:17:9)
      at node_modules/@babel/runtime/helpers/asyncToGenerator.js:22:7
      at Object.<anonymous> (node_modules/@babel/runtime/helpers/asyncToGenerator.js:14:12)

    console.error
      react-test-renderer is deprecated. See https://react.dev/warnings/react-test-renderer

      26 |   act(() => {
      27 |     component = Wrapper
    > 28 |       ? create(<Wrapper><TestComponent /></Wrapper>)
         |               ^
      29 |       : create(<TestComponent />);
      30 |   });
      31 |   return { result, rerender: component.update, unmount: component.unmount };

      at process.env.NODE_ENV.exports.create (node_modules/react-test-renderer/cjs/react-test-renderer.development.js:14598:17)
      at contexts/__tests__/PendingTransactionsContext.test.js:28:15
      at process.env.NODE_ENV.exports.act (node_modules/react/cjs/react.development.js:789:22)
      at renderHook (contexts/__tests__/PendingTransactionsContext.test.js:26:6)
      at Object.renderHook (contexts/__tests__/PendingTransactionsContext.test.js:98:24)
      at asyncGeneratorStep (node_modules/@babel/runtime/helpers/asyncToGenerator.js:3:17)
      at _next (node_modules/@babel/runtime/helpers/asyncToGenerator.js:17:9)
      at node_modules/@babel/runtime/helpers/asyncToGenerator.js:22:7
      at Object.<anonymous> (node_modules/@babel/runtime/helpers/asyncToGenerator.js:14:12)

    console.error
      The current testing environment is not configured to support act(...)

      26 |   act(() => {
      27 |     component = Wrapper
    > 28 |       ? create(<Wrapper><TestComponent /></Wrapper>)
         |               ^
      29 |       : create(<TestComponent />);
      30 |   });
      31 |   return { result, rerender: component.update, unmount: component.unmount };

      at isConcurrentActEnvironment (node_modules/react-test-renderer/cjs/react-test-renderer.development.js:10243:17)
      at warnIfUpdatesNotWrappedWithActDEV (node_modules/react-test-renderer/cjs/react-test-renderer.development.js:11798:7)
      at scheduleUpdateOnFiber (node_modules/react-test-renderer/cjs/react-test-renderer.development.js:10326:9)
      at updateContainerImpl (node_modules/react-test-renderer/cjs/react-test-renderer.development.js:12382:10)
      at updateContainer (node_modules/react-test-renderer/cjs/react-test-renderer.development.js:12326:7)
      at process.env.NODE_ENV.exports.create (node_modules/react-test-renderer/cjs/react-test-renderer.development.js:14630:7)
      at contexts/__tests__/PendingTransactionsContext.test.js:28:15
      at process.env.NODE_ENV.exports.act (node_modules/react/cjs/react.development.js:789:22)
      at renderHook (contexts/__tests__/PendingTransactionsContext.test.js:26:6)
      at Object.renderHook (contexts/__tests__/PendingTransactionsContext.test.js:98:24)
      at asyncGeneratorStep (node_modules/@babel/runtime/helpers/asyncToGenerator.js:3:17)
      at _next (node_modules/@babel/runtime/helpers/asyncToGenerator.js:17:9)
      at node_modules/@babel/runtime/helpers/asyncToGenerator.js:22:7
      at Object.<anonymous> (node_modules/@babel/runtime/helpers/asyncToGenerator.js:14:12)

    console.error
      The current testing environment is not configured to support act(...)

      52 |     };
      53 |
    > 54 |     setPendingTransactions(updated);
         |     ^
      55 |     await savePendingTransactions(updated);
      56 |     // eslint-disable-next-line react-hooks/exhaustive-deps
      57 |   }, [pendingTransactions, currentAccount]);

      at isConcurrentActEnvironment (node_modules/react-test-renderer/cjs/react-test-renderer.development.js:10243:17)
      at warnIfUpdatesNotWrappedWithActDEV (node_modules/react-test-renderer/cjs/react-test-renderer.development.js:11798:7)
      at scheduleUpdateOnFiber (node_modules/react-test-renderer/cjs/react-test-renderer.development.js:10326:9)
      at dispatchSetStateInternal (node_modules/react-test-renderer/cjs/react-test-renderer.development.js:4148:13)
      at dispatchSetState (node_modules/react-test-renderer/cjs/react-test-renderer.development.js:4107:7)
      at Object.setPendingTransactions (contexts/PendingTransactionsContext.js:54:5)
      at asyncGeneratorStep (node_modules/@babel/runtime/helpers/asyncToGenerator.js:3:17)
      at _next (node_modules/@babel/runtime/helpers/asyncToGenerator.js:17:9)
      at node_modules/@babel/runtime/helpers/asyncToGenerator.js:22:7
      at Object.<anonymous> (node_modules/@babel/runtime/helpers/asyncToGenerator.js:14:12)
      at Object.apply [as addPendingTransaction] (contexts/PendingTransactionsContext.js:57:4)
      at addPendingTransaction (contexts/__tests__/PendingTransactionsContext.test.js:105:28)
      at asyncGeneratorStep (node_modules/@babel/runtime/helpers/asyncToGenerator.js:3:17)
      at _next (node_modules/@babel/runtime/helpers/asyncToGenerator.js:17:9)
      at node_modules/@babel/runtime/helpers/asyncToGenerator.js:22:7
      at node_modules/@babel/runtime/helpers/asyncToGenerator.js:14:12
      at process.env.NODE_ENV.exports.act (node_modules/react/cjs/react.development.js:789:22)
      at Object.<anonymous> (contexts/__tests__/PendingTransactionsContext.test.js:104:14)
      at asyncGeneratorStep (node_modules/@babel/runtime/helpers/asyncToGenerator.js:3:17)
      at _next (node_modules/@babel/runtime/helpers/asyncToGenerator.js:17:9)
      at node_modules/@babel/runtime/helpers/asyncToGenerator.js:22:7
      at Object.<anonymous> (node_modules/@babel/runtime/helpers/asyncToGenerator.js:14:12)

    console.error
      react-test-renderer is deprecated. See https://react.dev/warnings/react-test-renderer

      26 |   act(() => {
      27 |     component = Wrapper
    > 28 |       ? create(<Wrapper><TestComponent /></Wrapper>)
         |               ^
      29 |       : create(<TestComponent />);
      30 |   });
      31 |   return { result, rerender: component.update, unmount: component.unmount };

      at process.env.NODE_ENV.exports.create (node_modules/react-test-renderer/cjs/react-test-renderer.development.js:14598:17)
      at contexts/__tests__/PendingTransactionsContext.test.js:28:15
      at process.env.NODE_ENV.exports.act (node_modules/react/cjs/react.development.js:789:22)
      at renderHook (contexts/__tests__/PendingTransactionsContext.test.js:26:6)
      at Object.renderHook (contexts/__tests__/PendingTransactionsContext.test.js:117:24)
      at asyncGeneratorStep (node_modules/@babel/runtime/helpers/asyncToGenerator.js:3:17)
      at _next (node_modules/@babel/runtime/helpers/asyncToGenerator.js:17:9)
      at node_modules/@babel/runtime/helpers/asyncToGenerator.js:22:7
      at Object.<anonymous> (node_modules/@babel/runtime/helpers/asyncToGenerator.js:14:12)

    console.error
      The current testing environment is not configured to support act(...)

      26 |   act(() => {
      27 |     component = Wrapper
    > 28 |       ? create(<Wrapper><TestComponent /></Wrapper>)
         |               ^
      29 |       : create(<TestComponent />);
      30 |   });
      31 |   return { result, rerender: component.update, unmount: component.unmount };

      at isConcurrentActEnvironment (node_modules/react-test-renderer/cjs/react-test-renderer.development.js:10243:17)
      at warnIfUpdatesNotWrappedWithActDEV (node_modules/react-test-renderer/cjs/react-test-renderer.development.js:11798:7)
      at scheduleUpdateOnFiber (node_modules/react-test-renderer/cjs/react-test-renderer.development.js:10326:9)
      at updateContainerImpl (node_modules/react-test-renderer/cjs/react-test-renderer.development.js:12382:10)
      at updateContainer (node_modules/react-test-renderer/cjs/react-test-renderer.development.js:12326:7)
      at process.env.NODE_ENV.exports.create (node_modules/react-test-renderer/cjs/react-test-renderer.development.js:14630:7)
      at contexts/__tests__/PendingTransactionsContext.test.js:28:15
      at process.env.NODE_ENV.exports.act (node_modules/react/cjs/react.development.js:789:22)
      at renderHook (contexts/__tests__/PendingTransactionsContext.test.js:26:6)
      at Object.renderHook (contexts/__tests__/PendingTransactionsContext.test.js:117:24)
      at asyncGeneratorStep (node_modules/@babel/runtime/helpers/asyncToGenerator.js:3:17)
      at _next (node_modules/@babel/runtime/helpers/asyncToGenerator.js:17:9)
      at node_modules/@babel/runtime/helpers/asyncToGenerator.js:22:7
      at Object.<anonymous> (node_modules/@babel/runtime/helpers/asyncToGenerator.js:14:12)

    console.error
      The current testing environment is not configured to support act(...)

      52 |     };
      53 |
    > 54 |     setPendingTransactions(updated);
         |     ^
      55 |     await savePendingTransactions(updated);
      56 |     // eslint-disable-next-line react-hooks/exhaustive-deps
      57 |   }, [pendingTransactions, currentAccount]);

      at isConcurrentActEnvironment (node_modules/react-test-renderer/cjs/react-test-renderer.development.js:10243:17)
      at warnIfUpdatesNotWrappedWithActDEV (node_modules/react-test-renderer/cjs/react-test-renderer.development.js:11798:7)
      at scheduleUpdateOnFiber (node_modules/react-test-renderer/cjs/react-test-renderer.development.js:10326:9)
      at dispatchSetStateInternal (node_modules/react-test-renderer/cjs/react-test-renderer.development.js:4148:13)
      at dispatchSetState (node_modules/react-test-renderer/cjs/react-test-renderer.development.js:4107:7)
      at Object.setPendingTransactions (contexts/PendingTransactionsContext.js:54:5)
      at asyncGeneratorStep (node_modules/@babel/runtime/helpers/asyncToGenerator.js:3:17)
      at _next (node_modules/@babel/runtime/helpers/asyncToGenerator.js:17:9)
      at node_modules/@babel/runtime/helpers/asyncToGenerator.js:22:7
      at Object.<anonymous> (node_modules/@babel/runtime/helpers/asyncToGenerator.js:14:12)
      at Object.apply [as addPendingTransaction] (contexts/PendingTransactionsContext.js:57:4)
      at addPendingTransaction (contexts/__tests__/PendingTransactionsContext.test.js:121:28)
      at asyncGeneratorStep (node_modules/@babel/runtime/helpers/asyncToGenerator.js:3:17)
      at _next (node_modules/@babel/runtime/helpers/asyncToGenerator.js:17:9)
      at node_modules/@babel/runtime/helpers/asyncToGenerator.js:22:7
      at node_modules/@babel/runtime/helpers/asyncToGenerator.js:14:12
      at process.env.NODE_ENV.exports.act (node_modules/react/cjs/react.development.js:789:22)
      at Object.<anonymous> (contexts/__tests__/PendingTransactionsContext.test.js:120:14)
      at asyncGeneratorStep (node_modules/@babel/runtime/helpers/asyncToGenerator.js:3:17)
      at _next (node_modules/@babel/runtime/helpers/asyncToGenerator.js:17:9)
      at node_modules/@babel/runtime/helpers/asyncToGenerator.js:22:7
      at Object.<anonymous> (node_modules/@babel/runtime/helpers/asyncToGenerator.js:14:12)

    console.error
      The current testing environment is not configured to support act(...)

      65 |     delete updated[txid];
      66 |
    > 67 |     setPendingTransactions(updated);
         |     ^
      68 |     await savePendingTransactions(updated);
      69 |
      70 |     // Clean up spent UTXOs - when a transaction confirms, its inputs are truly spent on-chain

      at isConcurrentActEnvironment (node_modules/react-test-renderer/cjs/react-test-renderer.development.js:10243:17)
      at warnIfUpdatesNotWrappedWithActDEV (node_modules/react-test-renderer/cjs/react-test-renderer.development.js:11798:7)
      at scheduleUpdateOnFiber (node_modules/react-test-renderer/cjs/react-test-renderer.development.js:10326:9)
      at dispatchSetStateInternal (node_modules/react-test-renderer/cjs/react-test-renderer.development.js:4148:13)
      at dispatchSetState (node_modules/react-test-renderer/cjs/react-test-renderer.development.js:4107:7)
      at Object.setPendingTransactions (contexts/PendingTransactionsContext.js:67:5)
      at asyncGeneratorStep (node_modules/@babel/runtime/helpers/asyncToGenerator.js:3:17)
      at _next (node_modules/@babel/runtime/helpers/asyncToGenerator.js:17:9)
      at node_modules/@babel/runtime/helpers/asyncToGenerator.js:22:7
      at Object.<anonymous> (node_modules/@babel/runtime/helpers/asyncToGenerator.js:14:12)
      at Object.apply [as confirmTransaction] (contexts/PendingTransactionsContext.js:76:4)
      at confirmTransaction (contexts/__tests__/PendingTransactionsContext.test.js:125:28)
      at asyncGeneratorStep (node_modules/@babel/runtime/helpers/asyncToGenerator.js:3:17)
      at _next (node_modules/@babel/runtime/helpers/asyncToGenerator.js:17:9)
      at node_modules/@babel/runtime/helpers/asyncToGenerator.js:22:7
      at node_modules/@babel/runtime/helpers/asyncToGenerator.js:14:12
      at process.env.NODE_ENV.exports.act (node_modules/react/cjs/react.development.js:789:22)
      at Object.<anonymous> (contexts/__tests__/PendingTransactionsContext.test.js:124:14)
      at asyncGeneratorStep (node_modules/@babel/runtime/helpers/asyncToGenerator.js:3:17)
      at _next (node_modules/@babel/runtime/helpers/asyncToGenerator.js:17:9)

    console.error
      react-test-renderer is deprecated. See https://react.dev/warnings/react-test-renderer

      26 |   act(() => {
      27 |     component = Wrapper
    > 28 |       ? create(<Wrapper><TestComponent /></Wrapper>)
         |               ^
      29 |       : create(<TestComponent />);
      30 |   });
      31 |   return { result, rerender: component.update, unmount: component.unmount };

      at process.env.NODE_ENV.exports.create (node_modules/react-test-renderer/cjs/react-test-renderer.development.js:14598:17)
      at contexts/__tests__/PendingTransactionsContext.test.js:28:15
      at process.env.NODE_ENV.exports.act (node_modules/react/cjs/react.development.js:789:22)
      at renderHook (contexts/__tests__/PendingTransactionsContext.test.js:26:6)
      at Object.renderHook (contexts/__tests__/PendingTransactionsContext.test.js:137:24)
      at asyncGeneratorStep (node_modules/@babel/runtime/helpers/asyncToGenerator.js:3:17)
      at _next (node_modules/@babel/runtime/helpers/asyncToGenerator.js:17:9)
      at node_modules/@babel/runtime/helpers/asyncToGenerator.js:22:7
      at Object.<anonymous> (node_modules/@babel/runtime/helpers/asyncToGenerator.js:14:12)

    console.error
      The current testing environment is not configured to support act(...)

      26 |   act(() => {
      27 |     component = Wrapper
    > 28 |       ? create(<Wrapper><TestComponent /></Wrapper>)
         |               ^
      29 |       : create(<TestComponent />);
      30 |   });
      31 |   return { result, rerender: component.update, unmount: component.unmount };

      at isConcurrentActEnvironment (node_modules/react-test-renderer/cjs/react-test-renderer.development.js:10243:17)
      at warnIfUpdatesNotWrappedWithActDEV (node_modules/react-test-renderer/cjs/react-test-renderer.development.js:11798:7)
      at scheduleUpdateOnFiber (node_modules/react-test-renderer/cjs/react-test-renderer.development.js:10326:9)
      at updateContainerImpl (node_modules/react-test-renderer/cjs/react-test-renderer.development.js:12382:10)
      at updateContainer (node_modules/react-test-renderer/cjs/react-test-renderer.development.js:12326:7)
      at process.env.NODE_ENV.exports.create (node_modules/react-test-renderer/cjs/react-test-renderer.development.js:14630:7)
      at contexts/__tests__/PendingTransactionsContext.test.js:28:15
      at process.env.NODE_ENV.exports.act (node_modules/react/cjs/react.development.js:789:22)
      at renderHook (contexts/__tests__/PendingTransactionsContext.test.js:26:6)
      at Object.renderHook (contexts/__tests__/PendingTransactionsContext.test.js:137:24)
      at asyncGeneratorStep (node_modules/@babel/runtime/helpers/asyncToGenerator.js:3:17)
      at _next (node_modules/@babel/runtime/helpers/asyncToGenerator.js:17:9)
      at node_modules/@babel/runtime/helpers/asyncToGenerator.js:22:7
      at Object.<anonymous> (node_modules/@babel/runtime/helpers/asyncToGenerator.js:14:12)

    console.error
      The current testing environment is not configured to support act(...)

      52 |     };
      53 |
    > 54 |     setPendingTransactions(updated);
         |     ^
      55 |     await savePendingTransactions(updated);
      56 |     // eslint-disable-next-line react-hooks/exhaustive-deps
      57 |   }, [pendingTransactions, currentAccount]);

      at isConcurrentActEnvironment (node_modules/react-test-renderer/cjs/react-test-renderer.development.js:10243:17)
      at warnIfUpdatesNotWrappedWithActDEV (node_modules/react-test-renderer/cjs/react-test-renderer.development.js:11798:7)
      at scheduleUpdateOnFiber (node_modules/react-test-renderer/cjs/react-test-renderer.development.js:10326:9)
      at dispatchSetStateInternal (node_modules/react-test-renderer/cjs/react-test-renderer.development.js:4148:13)
      at dispatchSetState (node_modules/react-test-renderer/cjs/react-test-renderer.development.js:4107:7)
      at Object.setPendingTransactions (contexts/PendingTransactionsContext.js:54:5)
      at asyncGeneratorStep (node_modules/@babel/runtime/helpers/asyncToGenerator.js:3:17)
      at _next (node_modules/@babel/runtime/helpers/asyncToGenerator.js:17:9)
      at node_modules/@babel/runtime/helpers/asyncToGenerator.js:22:7
      at Object.<anonymous> (node_modules/@babel/runtime/helpers/asyncToGenerator.js:14:12)
      at Object.apply [as addPendingTransaction] (contexts/PendingTransactionsContext.js:57:4)
      at addPendingTransaction (contexts/__tests__/PendingTransactionsContext.test.js:141:28)
      at asyncGeneratorStep (node_modules/@babel/runtime/helpers/asyncToGenerator.js:3:17)
      at _next (node_modules/@babel/runtime/helpers/asyncToGenerator.js:17:9)
      at node_modules/@babel/runtime/helpers/asyncToGenerator.js:22:7
      at node_modules/@babel/runtime/helpers/asyncToGenerator.js:14:12
      at process.env.NODE_ENV.exports.act (node_modules/react/cjs/react.development.js:789:22)
      at Object.<anonymous> (contexts/__tests__/PendingTransactionsContext.test.js:140:14)
      at asyncGeneratorStep (node_modules/@babel/runtime/helpers/asyncToGenerator.js:3:17)
      at _next (node_modules/@babel/runtime/helpers/asyncToGenerator.js:17:9)
      at node_modules/@babel/runtime/helpers/asyncToGenerator.js:22:7
      at Object.<anonymous> (node_modules/@babel/runtime/helpers/asyncToGenerator.js:14:12)

    console.error
      The current testing environment is not configured to support act(...)

      103 |     invalidateRecursive(txid);
      104 |
    > 105 |     setPendingTransactions(updated);
          |     ^
      106 |     await savePendingTransactions(updated);
      107 |
      108 |     // Show warning if any transactions were invalidated

      at isConcurrentActEnvironment (node_modules/react-test-renderer/cjs/react-test-renderer.development.js:10243:17)
      at warnIfUpdatesNotWrappedWithActDEV (node_modules/react-test-renderer/cjs/react-test-renderer.development.js:11798:7)
      at scheduleUpdateOnFiber (node_modules/react-test-renderer/cjs/react-test-renderer.development.js:10326:9)
      at dispatchSetStateInternal (node_modules/react-test-renderer/cjs/react-test-renderer.development.js:4148:13)
      at dispatchSetState (node_modules/react-test-renderer/cjs/react-test-renderer.development.js:4107:7)
      at Object.setPendingTransactions (contexts/PendingTransactionsContext.js:105:5)
      at asyncGeneratorStep (node_modules/@babel/runtime/helpers/asyncToGenerator.js:3:17)
      at _next (node_modules/@babel/runtime/helpers/asyncToGenerator.js:17:9)
      at node_modules/@babel/runtime/helpers/asyncToGenerator.js:22:7
      at Object.<anonymous> (node_modules/@babel/runtime/helpers/asyncToGenerator.js:14:12)
      at Object.apply [as invalidateTransaction] (contexts/PendingTransactionsContext.js:118:4)
      at invalidateTransaction (contexts/__tests__/PendingTransactionsContext.test.js:145:28)
      at asyncGeneratorStep (node_modules/@babel/runtime/helpers/asyncToGenerator.js:3:17)
      at _next (node_modules/@babel/runtime/helpers/asyncToGenerator.js:17:9)
      at node_modules/@babel/runtime/helpers/asyncToGenerator.js:22:7
      at node_modules/@babel/runtime/helpers/asyncToGenerator.js:14:12
      at process.env.NODE_ENV.exports.act (node_modules/react/cjs/react.development.js:789:22)
      at Object.<anonymous> (contexts/__tests__/PendingTransactionsContext.test.js:144:14)
      at asyncGeneratorStep (node_modules/@babel/runtime/helpers/asyncToGenerator.js:3:17)
      at _next (node_modules/@babel/runtime/helpers/asyncToGenerator.js:17:9)

    console.error
      react-test-renderer is deprecated. See https://react.dev/warnings/react-test-renderer

      26 |   act(() => {
      27 |     component = Wrapper
    > 28 |       ? create(<Wrapper><TestComponent /></Wrapper>)
         |               ^
      29 |       : create(<TestComponent />);
      30 |   });
      31 |   return { result, rerender: component.update, unmount: component.unmount };

      at process.env.NODE_ENV.exports.create (node_modules/react-test-renderer/cjs/react-test-renderer.development.js:14598:17)
      at contexts/__tests__/PendingTransactionsContext.test.js:28:15
      at process.env.NODE_ENV.exports.act (node_modules/react/cjs/react.development.js:789:22)
      at renderHook (contexts/__tests__/PendingTransactionsContext.test.js:26:6)
      at Object.renderHook (contexts/__tests__/PendingTransactionsContext.test.js:157:24)
      at asyncGeneratorStep (node_modules/@babel/runtime/helpers/asyncToGenerator.js:3:17)
      at _next (node_modules/@babel/runtime/helpers/asyncToGenerator.js:17:9)
      at node_modules/@babel/runtime/helpers/asyncToGenerator.js:22:7
      at Object.<anonymous> (node_modules/@babel/runtime/helpers/asyncToGenerator.js:14:12)

    console.error
      The current testing environment is not configured to support act(...)

      26 |   act(() => {
      27 |     component = Wrapper
    > 28 |       ? create(<Wrapper><TestComponent /></Wrapper>)
         |               ^
      29 |       : create(<TestComponent />);
      30 |   });
      31 |   return { result, rerender: component.update, unmount: component.unmount };

      at isConcurrentActEnvironment (node_modules/react-test-renderer/cjs/react-test-renderer.development.js:10243:17)
      at warnIfUpdatesNotWrappedWithActDEV (node_modules/react-test-renderer/cjs/react-test-renderer.development.js:11798:7)
      at scheduleUpdateOnFiber (node_modules/react-test-renderer/cjs/react-test-renderer.development.js:10326:9)
      at updateContainerImpl (node_modules/react-test-renderer/cjs/react-test-renderer.development.js:12382:10)
      at updateContainer (node_modules/react-test-renderer/cjs/react-test-renderer.development.js:12326:7)
      at process.env.NODE_ENV.exports.create (node_modules/react-test-renderer/cjs/react-test-renderer.development.js:14630:7)
      at contexts/__tests__/PendingTransactionsContext.test.js:28:15
      at process.env.NODE_ENV.exports.act (node_modules/react/cjs/react.development.js:789:22)
      at renderHook (contexts/__tests__/PendingTransactionsContext.test.js:26:6)
      at Object.renderHook (contexts/__tests__/PendingTransactionsContext.test.js:157:24)
      at asyncGeneratorStep (node_modules/@babel/runtime/helpers/asyncToGenerator.js:3:17)
      at _next (node_modules/@babel/runtime/helpers/asyncToGenerator.js:17:9)
      at node_modules/@babel/runtime/helpers/asyncToGenerator.js:22:7
      at Object.<anonymous> (node_modules/@babel/runtime/helpers/asyncToGenerator.js:14:12)

    console.error
      The current testing environment is not configured to support act(...)

      52 |     };
      53 |
    > 54 |     setPendingTransactions(updated);
         |     ^
      55 |     await savePendingTransactions(updated);
      56 |     // eslint-disable-next-line react-hooks/exhaustive-deps
      57 |   }, [pendingTransactions, currentAccount]);

      at isConcurrentActEnvironment (node_modules/react-test-renderer/cjs/react-test-renderer.development.js:10243:17)
      at warnIfUpdatesNotWrappedWithActDEV (node_modules/react-test-renderer/cjs/react-test-renderer.development.js:11798:7)
      at scheduleUpdateOnFiber (node_modules/react-test-renderer/cjs/react-test-renderer.development.js:10326:9)
      at dispatchSetStateInternal (node_modules/react-test-renderer/cjs/react-test-renderer.development.js:4148:13)
      at dispatchSetState (node_modules/react-test-renderer/cjs/react-test-renderer.development.js:4107:7)
      at Object.setPendingTransactions (contexts/PendingTransactionsContext.js:54:5)
      at asyncGeneratorStep (node_modules/@babel/runtime/helpers/asyncToGenerator.js:3:17)
      at _next (node_modules/@babel/runtime/helpers/asyncToGenerator.js:17:9)
      at node_modules/@babel/runtime/helpers/asyncToGenerator.js:22:7
      at Object.<anonymous> (node_modules/@babel/runtime/helpers/asyncToGenerator.js:14:12)
      at Object.apply [as addPendingTransaction] (contexts/PendingTransactionsContext.js:57:4)
      at addPendingTransaction (contexts/__tests__/PendingTransactionsContext.test.js:163:28)
      at asyncGeneratorStep (node_modules/@babel/runtime/helpers/asyncToGenerator.js:3:17)
      at _next (node_modules/@babel/runtime/helpers/asyncToGenerator.js:17:9)
      at node_modules/@babel/runtime/helpers/asyncToGenerator.js:22:7
      at node_modules/@babel/runtime/helpers/asyncToGenerator.js:14:12
      at process.env.NODE_ENV.exports.act (node_modules/react/cjs/react.development.js:789:22)
      at Object.<anonymous> (contexts/__tests__/PendingTransactionsContext.test.js:162:14)
      at asyncGeneratorStep (node_modules/@babel/runtime/helpers/asyncToGenerator.js:3:17)
      at _next (node_modules/@babel/runtime/helpers/asyncToGenerator.js:17:9)
      at node_modules/@babel/runtime/helpers/asyncToGenerator.js:22:7
      at Object.<anonymous> (node_modules/@babel/runtime/helpers/asyncToGenerator.js:14:12)

    console.error
      The current testing environment is not configured to support act(...)

      52 |     };
      53 |
    > 54 |     setPendingTransactions(updated);
         |     ^
      55 |     await savePendingTransactions(updated);
      56 |     // eslint-disable-next-line react-hooks/exhaustive-deps
      57 |   }, [pendingTransactions, currentAccount]);

      at isConcurrentActEnvironment (node_modules/react-test-renderer/cjs/react-test-renderer.development.js:10243:17)
      at warnIfUpdatesNotWrappedWithActDEV (node_modules/react-test-renderer/cjs/react-test-renderer.development.js:11798:7)
      at scheduleUpdateOnFiber (node_modules/react-test-renderer/cjs/react-test-renderer.development.js:10326:9)
      at dispatchSetStateInternal (node_modules/react-test-renderer/cjs/react-test-renderer.development.js:4148:13)
      at dispatchSetState (node_modules/react-test-renderer/cjs/react-test-renderer.development.js:4107:7)
      at Object.setPendingTransactions (contexts/PendingTransactionsContext.js:54:5)
      at asyncGeneratorStep (node_modules/@babel/runtime/helpers/asyncToGenerator.js:3:17)
      at _next (node_modules/@babel/runtime/helpers/asyncToGenerator.js:17:9)
      at node_modules/@babel/runtime/helpers/asyncToGenerator.js:22:7
      at Object.<anonymous> (node_modules/@babel/runtime/helpers/asyncToGenerator.js:14:12)
      at Object.apply [as addPendingTransaction] (contexts/PendingTransactionsContext.js:57:4)
      at addPendingTransaction (contexts/__tests__/PendingTransactionsContext.test.js:167:28)
      at asyncGeneratorStep (node_modules/@babel/runtime/helpers/asyncToGenerator.js:3:17)
      at _next (node_modules/@babel/runtime/helpers/asyncToGenerator.js:17:9)
      at node_modules/@babel/runtime/helpers/asyncToGenerator.js:22:7
      at node_modules/@babel/runtime/helpers/asyncToGenerator.js:14:12
      at process.env.NODE_ENV.exports.act (node_modules/react/cjs/react.development.js:789:22)
      at Object.<anonymous> (contexts/__tests__/PendingTransactionsContext.test.js:166:14)
      at asyncGeneratorStep (node_modules/@babel/runtime/helpers/asyncToGenerator.js:3:17)
      at _next (node_modules/@babel/runtime/helpers/asyncToGenerator.js:17:9)

    console.error
      The current testing environment is not configured to support act(...)

      103 |     invalidateRecursive(txid);
      104 |
    > 105 |     setPendingTransactions(updated);
          |     ^
      106 |     await savePendingTransactions(updated);
      107 |
      108 |     // Show warning if any transactions were invalidated

      at isConcurrentActEnvironment (node_modules/react-test-renderer/cjs/react-test-renderer.development.js:10243:17)
      at warnIfUpdatesNotWrappedWithActDEV (node_modules/react-test-renderer/cjs/react-test-renderer.development.js:11798:7)
      at scheduleUpdateOnFiber (node_modules/react-test-renderer/cjs/react-test-renderer.development.js:10326:9)
      at dispatchSetStateInternal (node_modules/react-test-renderer/cjs/react-test-renderer.development.js:4148:13)
      at dispatchSetState (node_modules/react-test-renderer/cjs/react-test-renderer.development.js:4107:7)
      at Object.setPendingTransactions (contexts/PendingTransactionsContext.js:105:5)
      at asyncGeneratorStep (node_modules/@babel/runtime/helpers/asyncToGenerator.js:3:17)
      at _next (node_modules/@babel/runtime/helpers/asyncToGenerator.js:17:9)
      at node_modules/@babel/runtime/helpers/asyncToGenerator.js:22:7
      at Object.<anonymous> (node_modules/@babel/runtime/helpers/asyncToGenerator.js:14:12)
      at Object.apply [as invalidateTransaction] (contexts/PendingTransactionsContext.js:118:4)
      at invalidateTransaction (contexts/__tests__/PendingTransactionsContext.test.js:175:28)
      at asyncGeneratorStep (node_modules/@babel/runtime/helpers/asyncToGenerator.js:3:17)
      at _next (node_modules/@babel/runtime/helpers/asyncToGenerator.js:17:9)
      at node_modules/@babel/runtime/helpers/asyncToGenerator.js:22:7
      at node_modules/@babel/runtime/helpers/asyncToGenerator.js:14:12
      at process.env.NODE_ENV.exports.act (node_modules/react/cjs/react.development.js:789:22)
      at Object.<anonymous> (contexts/__tests__/PendingTransactionsContext.test.js:174:14)
      at asyncGeneratorStep (node_modules/@babel/runtime/helpers/asyncToGenerator.js:3:17)
      at _next (node_modules/@babel/runtime/helpers/asyncToGenerator.js:17:9)

    console.error
      react-test-renderer is deprecated. See https://react.dev/warnings/react-test-renderer

      26 |   act(() => {
      27 |     component = Wrapper
    > 28 |       ? create(<Wrapper><TestComponent /></Wrapper>)
         |               ^
      29 |       : create(<TestComponent />);
      30 |   });
      31 |   return { result, rerender: component.update, unmount: component.unmount };

      at process.env.NODE_ENV.exports.create (node_modules/react-test-renderer/cjs/react-test-renderer.development.js:14598:17)
      at contexts/__tests__/PendingTransactionsContext.test.js:28:15
      at process.env.NODE_ENV.exports.act (node_modules/react/cjs/react.development.js:789:22)
      at renderHook (contexts/__tests__/PendingTransactionsContext.test.js:26:6)
      at Object.renderHook (contexts/__tests__/PendingTransactionsContext.test.js:191:24)
      at asyncGeneratorStep (node_modules/@babel/runtime/helpers/asyncToGenerator.js:3:17)
      at _next (node_modules/@babel/runtime/helpers/asyncToGenerator.js:17:9)
      at node_modules/@babel/runtime/helpers/asyncToGenerator.js:22:7
      at Object.<anonymous> (node_modules/@babel/runtime/helpers/asyncToGenerator.js:14:12)

    console.error
      The current testing environment is not configured to support act(...)

      26 |   act(() => {
      27 |     component = Wrapper
    > 28 |       ? create(<Wrapper><TestComponent /></Wrapper>)
         |               ^
      29 |       : create(<TestComponent />);
      30 |   });
      31 |   return { result, rerender: component.update, unmount: component.unmount };

      at isConcurrentActEnvironment (node_modules/react-test-renderer/cjs/react-test-renderer.development.js:10243:17)
      at warnIfUpdatesNotWrappedWithActDEV (node_modules/react-test-renderer/cjs/react-test-renderer.development.js:11798:7)
      at scheduleUpdateOnFiber (node_modules/react-test-renderer/cjs/react-test-renderer.development.js:10326:9)
      at updateContainerImpl (node_modules/react-test-renderer/cjs/react-test-renderer.development.js:12382:10)
      at updateContainer (node_modules/react-test-renderer/cjs/react-test-renderer.development.js:12326:7)
      at process.env.NODE_ENV.exports.create (node_modules/react-test-renderer/cjs/react-test-renderer.development.js:14630:7)
      at contexts/__tests__/PendingTransactionsContext.test.js:28:15
      at process.env.NODE_ENV.exports.act (node_modules/react/cjs/react.development.js:789:22)
      at renderHook (contexts/__tests__/PendingTransactionsContext.test.js:26:6)
      at Object.renderHook (contexts/__tests__/PendingTransactionsContext.test.js:191:24)
      at asyncGeneratorStep (node_modules/@babel/runtime/helpers/asyncToGenerator.js:3:17)
      at _next (node_modules/@babel/runtime/helpers/asyncToGenerator.js:17:9)
      at node_modules/@babel/runtime/helpers/asyncToGenerator.js:22:7
      at Object.<anonymous> (node_modules/@babel/runtime/helpers/asyncToGenerator.js:14:12)

    console.error
      The current testing environment is not configured to support act(...)

      52 |     };
      53 |
    > 54 |     setPendingTransactions(updated);
         |     ^
      55 |     await savePendingTransactions(updated);
      56 |     // eslint-disable-next-line react-hooks/exhaustive-deps
      57 |   }, [pendingTransactions, currentAccount]);

      at isConcurrentActEnvironment (node_modules/react-test-renderer/cjs/react-test-renderer.development.js:10243:17)
      at warnIfUpdatesNotWrappedWithActDEV (node_modules/react-test-renderer/cjs/react-test-renderer.development.js:11798:7)
      at scheduleUpdateOnFiber (node_modules/react-test-renderer/cjs/react-test-renderer.development.js:10326:9)
      at dispatchSetStateInternal (node_modules/react-test-renderer/cjs/react-test-renderer.development.js:4148:13)
      at dispatchSetState (node_modules/react-test-renderer/cjs/react-test-renderer.development.js:4107:7)
      at Object.setPendingTransactions (contexts/PendingTransactionsContext.js:54:5)
      at asyncGeneratorStep (node_modules/@babel/runtime/helpers/asyncToGenerator.js:3:17)
      at _next (node_modules/@babel/runtime/helpers/asyncToGenerator.js:17:9)
      at node_modules/@babel/runtime/helpers/asyncToGenerator.js:22:7
      at Object.<anonymous> (node_modules/@babel/runtime/helpers/asyncToGenerator.js:14:12)
      at Object.apply [as addPendingTransaction] (contexts/PendingTransactionsContext.js:57:4)
      at addPendingTransaction (contexts/__tests__/PendingTransactionsContext.test.js:200:28)
      at asyncGeneratorStep (node_modules/@babel/runtime/helpers/asyncToGenerator.js:3:17)
      at _next (node_modules/@babel/runtime/helpers/asyncToGenerator.js:17:9)
      at node_modules/@babel/runtime/helpers/asyncToGenerator.js:22:7
      at node_modules/@babel/runtime/helpers/asyncToGenerator.js:14:12
      at process.env.NODE_ENV.exports.act (node_modules/react/cjs/react.development.js:789:22)
      at Object.<anonymous> (contexts/__tests__/PendingTransactionsContext.test.js:199:14)
      at asyncGeneratorStep (node_modules/@babel/runtime/helpers/asyncToGenerator.js:3:17)
      at _next (node_modules/@babel/runtime/helpers/asyncToGenerator.js:17:9)
      at node_modules/@babel/runtime/helpers/asyncToGenerator.js:22:7
      at Object.<anonymous> (node_modules/@babel/runtime/helpers/asyncToGenerator.js:14:12)

    console.error
      react-test-renderer is deprecated. See https://react.dev/warnings/react-test-renderer

      26 |   act(() => {
      27 |     component = Wrapper
    > 28 |       ? create(<Wrapper><TestComponent /></Wrapper>)
         |               ^
      29 |       : create(<TestComponent />);
      30 |   });
      31 |   return { result, rerender: component.update, unmount: component.unmount };

      at process.env.NODE_ENV.exports.create (node_modules/react-test-renderer/cjs/react-test-renderer.development.js:14598:17)
      at contexts/__tests__/PendingTransactionsContext.test.js:28:15
      at process.env.NODE_ENV.exports.act (node_modules/react/cjs/react.development.js:789:22)
      at renderHook (contexts/__tests__/PendingTransactionsContext.test.js:26:6)
      at Object.renderHook (contexts/__tests__/PendingTransactionsContext.test.js:215:24)
      at asyncGeneratorStep (node_modules/@babel/runtime/helpers/asyncToGenerator.js:3:17)
      at _next (node_modules/@babel/runtime/helpers/asyncToGenerator.js:17:9)
      at node_modules/@babel/runtime/helpers/asyncToGenerator.js:22:7
      at Object.<anonymous> (node_modules/@babel/runtime/helpers/asyncToGenerator.js:14:12)

    console.error
      The current testing environment is not configured to support act(...)

      26 |   act(() => {
      27 |     component = Wrapper
    > 28 |       ? create(<Wrapper><TestComponent /></Wrapper>)
         |               ^
      29 |       : create(<TestComponent />);
      30 |   });
      31 |   return { result, rerender: component.update, unmount: component.unmount };

      at isConcurrentActEnvironment (node_modules/react-test-renderer/cjs/react-test-renderer.development.js:10243:17)
      at warnIfUpdatesNotWrappedWithActDEV (node_modules/react-test-renderer/cjs/react-test-renderer.development.js:11798:7)
      at scheduleUpdateOnFiber (node_modules/react-test-renderer/cjs/react-test-renderer.development.js:10326:9)
      at updateContainerImpl (node_modules/react-test-renderer/cjs/react-test-renderer.development.js:12382:10)
      at updateContainer (node_modules/react-test-renderer/cjs/react-test-renderer.development.js:12326:7)
      at process.env.NODE_ENV.exports.create (node_modules/react-test-renderer/cjs/react-test-renderer.development.js:14630:7)
      at contexts/__tests__/PendingTransactionsContext.test.js:28:15
      at process.env.NODE_ENV.exports.act (node_modules/react/cjs/react.development.js:789:22)
      at renderHook (contexts/__tests__/PendingTransactionsContext.test.js:26:6)
      at Object.renderHook (contexts/__tests__/PendingTransactionsContext.test.js:215:24)
      at asyncGeneratorStep (node_modules/@babel/runtime/helpers/asyncToGenerator.js:3:17)
      at _next (node_modules/@babel/runtime/helpers/asyncToGenerator.js:17:9)
      at node_modules/@babel/runtime/helpers/asyncToGenerator.js:22:7
      at Object.<anonymous> (node_modules/@babel/runtime/helpers/asyncToGenerator.js:14:12)

    console.error
      The current testing environment is not configured to support act(...)

      52 |     };
      53 |
    > 54 |     setPendingTransactions(updated);
         |     ^
      55 |     await savePendingTransactions(updated);
      56 |     // eslint-disable-next-line react-hooks/exhaustive-deps
      57 |   }, [pendingTransactions, currentAccount]);

      at isConcurrentActEnvironment (node_modules/react-test-renderer/cjs/react-test-renderer.development.js:10243:17)
      at warnIfUpdatesNotWrappedWithActDEV (node_modules/react-test-renderer/cjs/react-test-renderer.development.js:11798:7)
      at scheduleUpdateOnFiber (node_modules/react-test-renderer/cjs/react-test-renderer.development.js:10326:9)
      at dispatchSetStateInternal (node_modules/react-test-renderer/cjs/react-test-renderer.development.js:4148:13)
      at dispatchSetState (node_modules/react-test-renderer/cjs/react-test-renderer.development.js:4107:7)
      at Object.setPendingTransactions (contexts/PendingTransactionsContext.js:54:5)
      at asyncGeneratorStep (node_modules/@babel/runtime/helpers/asyncToGenerator.js:3:17)
      at _next (node_modules/@babel/runtime/helpers/asyncToGenerator.js:17:9)
      at node_modules/@babel/runtime/helpers/asyncToGenerator.js:22:7
      at Object.<anonymous> (node_modules/@babel/runtime/helpers/asyncToGenerator.js:14:12)
      at Object.apply [as addPendingTransaction] (contexts/PendingTransactionsContext.js:57:4)
      at addPendingTransaction (contexts/__tests__/PendingTransactionsContext.test.js:223:28)
      at asyncGeneratorStep (node_modules/@babel/runtime/helpers/asyncToGenerator.js:3:17)
      at _next (node_modules/@babel/runtime/helpers/asyncToGenerator.js:17:9)
      at node_modules/@babel/runtime/helpers/asyncToGenerator.js:22:7
      at node_modules/@babel/runtime/helpers/asyncToGenerator.js:14:12
      at process.env.NODE_ENV.exports.act (node_modules/react/cjs/react.development.js:789:22)
      at Object.<anonymous> (contexts/__tests__/PendingTransactionsContext.test.js:222:14)
      at asyncGeneratorStep (node_modules/@babel/runtime/helpers/asyncToGenerator.js:3:17)
      at _next (node_modules/@babel/runtime/helpers/asyncToGenerator.js:17:9)
      at node_modules/@babel/runtime/helpers/asyncToGenerator.js:22:7
      at Object.<anonymous> (node_modules/@babel/runtime/helpers/asyncToGenerator.js:14:12)

    console.error
      react-test-renderer is deprecated. See https://react.dev/warnings/react-test-renderer

      26 |   act(() => {
      27 |     component = Wrapper
    > 28 |       ? create(<Wrapper><TestComponent /></Wrapper>)
         |               ^
      29 |       : create(<TestComponent />);
      30 |   });
      31 |   return { result, rerender: component.update, unmount: component.unmount };

      at process.env.NODE_ENV.exports.create (node_modules/react-test-renderer/cjs/react-test-renderer.development.js:14598:17)
      at contexts/__tests__/PendingTransactionsContext.test.js:28:15
      at process.env.NODE_ENV.exports.act (node_modules/react/cjs/react.development.js:789:22)
      at renderHook (contexts/__tests__/PendingTransactionsContext.test.js:26:6)
      at Object.renderHook (contexts/__tests__/PendingTransactionsContext.test.js:241:24)
      at asyncGeneratorStep (node_modules/@babel/runtime/helpers/asyncToGenerator.js:3:17)
      at _next (node_modules/@babel/runtime/helpers/asyncToGenerator.js:17:9)
      at node_modules/@babel/runtime/helpers/asyncToGenerator.js:22:7
      at Object.<anonymous> (node_modules/@babel/runtime/helpers/asyncToGenerator.js:14:12)

    console.error
      The current testing environment is not configured to support act(...)

      26 |   act(() => {
      27 |     component = Wrapper
    > 28 |       ? create(<Wrapper><TestComponent /></Wrapper>)
         |               ^
      29 |       : create(<TestComponent />);
      30 |   });
      31 |   return { result, rerender: component.update, unmount: component.unmount };

      at isConcurrentActEnvironment (node_modules/react-test-renderer/cjs/react-test-renderer.development.js:10243:17)
      at warnIfUpdatesNotWrappedWithActDEV (node_modules/react-test-renderer/cjs/react-test-renderer.development.js:11798:7)
      at scheduleUpdateOnFiber (node_modules/react-test-renderer/cjs/react-test-renderer.development.js:10326:9)
      at updateContainerImpl (node_modules/react-test-renderer/cjs/react-test-renderer.development.js:12382:10)
      at updateContainer (node_modules/react-test-renderer/cjs/react-test-renderer.development.js:12326:7)
      at process.env.NODE_ENV.exports.create (node_modules/react-test-renderer/cjs/react-test-renderer.development.js:14630:7)
      at contexts/__tests__/PendingTransactionsContext.test.js:28:15
      at process.env.NODE_ENV.exports.act (node_modules/react/cjs/react.development.js:789:22)
      at renderHook (contexts/__tests__/PendingTransactionsContext.test.js:26:6)
      at Object.renderHook (contexts/__tests__/PendingTransactionsContext.test.js:241:24)
      at asyncGeneratorStep (node_modules/@babel/runtime/helpers/asyncToGenerator.js:3:17)
      at _next (node_modules/@babel/runtime/helpers/asyncToGenerator.js:17:9)
      at node_modules/@babel/runtime/helpers/asyncToGenerator.js:22:7
      at Object.<anonymous> (node_modules/@babel/runtime/helpers/asyncToGenerator.js:14:12)

    console.error
      The current testing environment is not configured to support act(...)

      52 |     };
      53 |
    > 54 |     setPendingTransactions(updated);
         |     ^
      55 |     await savePendingTransactions(updated);
      56 |     // eslint-disable-next-line react-hooks/exhaustive-deps
      57 |   }, [pendingTransactions, currentAccount]);

      at isConcurrentActEnvironment (node_modules/react-test-renderer/cjs/react-test-renderer.development.js:10243:17)
      at warnIfUpdatesNotWrappedWithActDEV (node_modules/react-test-renderer/cjs/react-test-renderer.development.js:11798:7)
      at scheduleUpdateOnFiber (node_modules/react-test-renderer/cjs/react-test-renderer.development.js:10326:9)
      at dispatchSetStateInternal (node_modules/react-test-renderer/cjs/react-test-renderer.development.js:4148:13)
      at dispatchSetState (node_modules/react-test-renderer/cjs/react-test-renderer.development.js:4107:7)
      at Object.setPendingTransactions (contexts/PendingTransactionsContext.js:54:5)
      at asyncGeneratorStep (node_modules/@babel/runtime/helpers/asyncToGenerator.js:3:17)
      at _next (node_modules/@babel/runtime/helpers/asyncToGenerator.js:17:9)
      at node_modules/@babel/runtime/helpers/asyncToGenerator.js:22:7
      at Object.<anonymous> (node_modules/@babel/runtime/helpers/asyncToGenerator.js:14:12)
      at Object.apply [as addPendingTransaction] (contexts/PendingTransactionsContext.js:57:4)
      at addPendingTransaction (contexts/__tests__/PendingTransactionsContext.test.js:249:28)
      at asyncGeneratorStep (node_modules/@babel/runtime/helpers/asyncToGenerator.js:3:17)
      at _next (node_modules/@babel/runtime/helpers/asyncToGenerator.js:17:9)
      at node_modules/@babel/runtime/helpers/asyncToGenerator.js:22:7
      at node_modules/@babel/runtime/helpers/asyncToGenerator.js:14:12
      at process.env.NODE_ENV.exports.act (node_modules/react/cjs/react.development.js:789:22)
      at Object.<anonymous> (contexts/__tests__/PendingTransactionsContext.test.js:248:14)
      at asyncGeneratorStep (node_modules/@babel/runtime/helpers/asyncToGenerator.js:3:17)
      at _next (node_modules/@babel/runtime/helpers/asyncToGenerator.js:17:9)
      at node_modules/@babel/runtime/helpers/asyncToGenerator.js:22:7
      at Object.<anonymous> (node_modules/@babel/runtime/helpers/asyncToGenerator.js:14:12)

    console.error
      react-test-renderer is deprecated. See https://react.dev/warnings/react-test-renderer

      26 |   act(() => {
      27 |     component = Wrapper
    > 28 |       ? create(<Wrapper><TestComponent /></Wrapper>)
         |               ^
      29 |       : create(<TestComponent />);
      30 |   });
      31 |   return { result, rerender: component.update, unmount: component.unmount };

      at process.env.NODE_ENV.exports.create (node_modules/react-test-renderer/cjs/react-test-renderer.development.js:14598:17)
      at contexts/__tests__/PendingTransactionsContext.test.js:28:15
      at process.env.NODE_ENV.exports.act (node_modules/react/cjs/react.development.js:789:22)
      at renderHook (contexts/__tests__/PendingTransactionsContext.test.js:26:6)
      at Object.renderHook (contexts/__tests__/PendingTransactionsContext.test.js:263:24)
      at asyncGeneratorStep (node_modules/@babel/runtime/helpers/asyncToGenerator.js:3:17)
      at _next (node_modules/@babel/runtime/helpers/asyncToGenerator.js:17:9)
      at node_modules/@babel/runtime/helpers/asyncToGenerator.js:22:7
      at Object.<anonymous> (node_modules/@babel/runtime/helpers/asyncToGenerator.js:14:12)

    console.error
      The current testing environment is not configured to support act(...)

      26 |   act(() => {
      27 |     component = Wrapper
    > 28 |       ? create(<Wrapper><TestComponent /></Wrapper>)
         |               ^
      29 |       : create(<TestComponent />);
      30 |   });
      31 |   return { result, rerender: component.update, unmount: component.unmount };

      at isConcurrentActEnvironment (node_modules/react-test-renderer/cjs/react-test-renderer.development.js:10243:17)
      at warnIfUpdatesNotWrappedWithActDEV (node_modules/react-test-renderer/cjs/react-test-renderer.development.js:11798:7)
      at scheduleUpdateOnFiber (node_modules/react-test-renderer/cjs/react-test-renderer.development.js:10326:9)
      at updateContainerImpl (node_modules/react-test-renderer/cjs/react-test-renderer.development.js:12382:10)
      at updateContainer (node_modules/react-test-renderer/cjs/react-test-renderer.development.js:12326:7)
      at process.env.NODE_ENV.exports.create (node_modules/react-test-renderer/cjs/react-test-renderer.development.js:14630:7)
      at contexts/__tests__/PendingTransactionsContext.test.js:28:15
      at process.env.NODE_ENV.exports.act (node_modules/react/cjs/react.development.js:789:22)
      at renderHook (contexts/__tests__/PendingTransactionsContext.test.js:26:6)
      at Object.renderHook (contexts/__tests__/PendingTransactionsContext.test.js:263:24)
      at asyncGeneratorStep (node_modules/@babel/runtime/helpers/asyncToGenerator.js:3:17)
      at _next (node_modules/@babel/runtime/helpers/asyncToGenerator.js:17:9)
      at node_modules/@babel/runtime/helpers/asyncToGenerator.js:22:7
      at Object.<anonymous> (node_modules/@babel/runtime/helpers/asyncToGenerator.js:14:12)

    console.error
      The current testing environment is not configured to support act(...)

      52 |     };
      53 |
    > 54 |     setPendingTransactions(updated);
         |     ^
      55 |     await savePendingTransactions(updated);
      56 |     // eslint-disable-next-line react-hooks/exhaustive-deps
      57 |   }, [pendingTransactions, currentAccount]);

      at isConcurrentActEnvironment (node_modules/react-test-renderer/cjs/react-test-renderer.development.js:10243:17)
      at warnIfUpdatesNotWrappedWithActDEV (node_modules/react-test-renderer/cjs/react-test-renderer.development.js:11798:7)
      at scheduleUpdateOnFiber (node_modules/react-test-renderer/cjs/react-test-renderer.development.js:10326:9)
      at dispatchSetStateInternal (node_modules/react-test-renderer/cjs/react-test-renderer.development.js:4148:13)
      at dispatchSetState (node_modules/react-test-renderer/cjs/react-test-renderer.development.js:4107:7)
      at Object.setPendingTransactions (contexts/PendingTransactionsContext.js:54:5)
      at asyncGeneratorStep (node_modules/@babel/runtime/helpers/asyncToGenerator.js:3:17)
      at _next (node_modules/@babel/runtime/helpers/asyncToGenerator.js:17:9)
      at node_modules/@babel/runtime/helpers/asyncToGenerator.js:22:7
      at Object.<anonymous> (node_modules/@babel/runtime/helpers/asyncToGenerator.js:14:12)
      at Object.apply [as addPendingTransaction] (contexts/PendingTransactionsContext.js:57:4)
      at addPendingTransaction (contexts/__tests__/PendingTransactionsContext.test.js:266:28)
      at asyncGeneratorStep (node_modules/@babel/runtime/helpers/asyncToGenerator.js:3:17)
      at _next (node_modules/@babel/runtime/helpers/asyncToGenerator.js:17:9)
      at node_modules/@babel/runtime/helpers/asyncToGenerator.js:22:7
      at node_modules/@babel/runtime/helpers/asyncToGenerator.js:14:12
      at process.env.NODE_ENV.exports.act (node_modules/react/cjs/react.development.js:789:22)
      at Object.<anonymous> (contexts/__tests__/PendingTransactionsContext.test.js:265:14)
      at asyncGeneratorStep (node_modules/@babel/runtime/helpers/asyncToGenerator.js:3:17)
      at _next (node_modules/@babel/runtime/helpers/asyncToGenerator.js:17:9)
      at node_modules/@babel/runtime/helpers/asyncToGenerator.js:22:7
      at Object.<anonymous> (node_modules/@babel/runtime/helpers/asyncToGenerator.js:14:12)

    console.error
      The current testing environment is not configured to support act(...)

      52 |     };
      53 |
    > 54 |     setPendingTransactions(updated);
         |     ^
      55 |     await savePendingTransactions(updated);
      56 |     // eslint-disable-next-line react-hooks/exhaustive-deps
      57 |   }, [pendingTransactions, currentAccount]);

      at isConcurrentActEnvironment (node_modules/react-test-renderer/cjs/react-test-renderer.development.js:10243:17)
      at warnIfUpdatesNotWrappedWithActDEV (node_modules/react-test-renderer/cjs/react-test-renderer.development.js:11798:7)
      at scheduleUpdateOnFiber (node_modules/react-test-renderer/cjs/react-test-renderer.development.js:10326:9)
      at dispatchSetStateInternal (node_modules/react-test-renderer/cjs/react-test-renderer.development.js:4148:13)
      at dispatchSetState (node_modules/react-test-renderer/cjs/react-test-renderer.development.js:4107:7)
      at Object.setPendingTransactions (contexts/PendingTransactionsContext.js:54:5)
      at asyncGeneratorStep (node_modules/@babel/runtime/helpers/asyncToGenerator.js:3:17)
      at _next (node_modules/@babel/runtime/helpers/asyncToGenerator.js:17:9)
      at node_modules/@babel/runtime/helpers/asyncToGenerator.js:22:7
      at Object.<anonymous> (node_modules/@babel/runtime/helpers/asyncToGenerator.js:14:12)
      at Object.apply [as addPendingTransaction] (contexts/PendingTransactionsContext.js:57:4)
      at addPendingTransaction (contexts/__tests__/PendingTransactionsContext.test.js:270:28)
      at asyncGeneratorStep (node_modules/@babel/runtime/helpers/asyncToGenerator.js:3:17)
      at _next (node_modules/@babel/runtime/helpers/asyncToGenerator.js:17:9)
      at node_modules/@babel/runtime/helpers/asyncToGenerator.js:22:7
      at node_modules/@babel/runtime/helpers/asyncToGenerator.js:14:12
      at process.env.NODE_ENV.exports.act (node_modules/react/cjs/react.development.js:789:22)
      at Object.<anonymous> (contexts/__tests__/PendingTransactionsContext.test.js:269:14)
      at asyncGeneratorStep (node_modules/@babel/runtime/helpers/asyncToGenerator.js:3:17)
      at _next (node_modules/@babel/runtime/helpers/asyncToGenerator.js:17:9)

    console.error
      The current testing environment is not configured to support act(...)

      103 |     invalidateRecursive(txid);
      104 |
    > 105 |     setPendingTransactions(updated);
          |     ^
      106 |     await savePendingTransactions(updated);
      107 |
      108 |     // Show warning if any transactions were invalidated

      at isConcurrentActEnvironment (node_modules/react-test-renderer/cjs/react-test-renderer.development.js:10243:17)
      at warnIfUpdatesNotWrappedWithActDEV (node_modules/react-test-renderer/cjs/react-test-renderer.development.js:11798:7)
      at scheduleUpdateOnFiber (node_modules/react-test-renderer/cjs/react-test-renderer.development.js:10326:9)
      at dispatchSetStateInternal (node_modules/react-test-renderer/cjs/react-test-renderer.development.js:4148:13)
      at dispatchSetState (node_modules/react-test-renderer/cjs/react-test-renderer.development.js:4107:7)
      at Object.setPendingTransactions (contexts/PendingTransactionsContext.js:105:5)
      at asyncGeneratorStep (node_modules/@babel/runtime/helpers/asyncToGenerator.js:3:17)
      at _next (node_modules/@babel/runtime/helpers/asyncToGenerator.js:17:9)
      at node_modules/@babel/runtime/helpers/asyncToGenerator.js:22:7
      at Object.<anonymous> (node_modules/@babel/runtime/helpers/asyncToGenerator.js:14:12)
      at Object.apply [as invalidateTransaction] (contexts/PendingTransactionsContext.js:118:4)
      at invalidateTransaction (contexts/__tests__/PendingTransactionsContext.test.js:274:28)
      at asyncGeneratorStep (node_modules/@babel/runtime/helpers/asyncToGenerator.js:3:17)
      at _next (node_modules/@babel/runtime/helpers/asyncToGenerator.js:17:9)
      at node_modules/@babel/runtime/helpers/asyncToGenerator.js:22:7
      at node_modules/@babel/runtime/helpers/asyncToGenerator.js:14:12
      at process.env.NODE_ENV.exports.act (node_modules/react/cjs/react.development.js:789:22)
      at Object.<anonymous> (contexts/__tests__/PendingTransactionsContext.test.js:273:14)
      at asyncGeneratorStep (node_modules/@babel/runtime/helpers/asyncToGenerator.js:3:17)
      at _next (node_modules/@babel/runtime/helpers/asyncToGenerator.js:17:9)

    console.error
      The current testing environment is not configured to support act(...)

      235 |
      236 |     if (cleaned > 0) {
    > 237 |       setPendingTransactions(updated);
          |       ^
      238 |       await savePendingTransactions(updated);
      239 |     }
      240 |   }, [pendingTransactions, currentAccount]);

      at isConcurrentActEnvironment (node_modules/react-test-renderer/cjs/react-test-renderer.development.js:10243:17)
      at warnIfUpdatesNotWrappedWithActDEV (node_modules/react-test-renderer/cjs/react-test-renderer.development.js:11798:7)
      at scheduleUpdateOnFiber (node_modules/react-test-renderer/cjs/react-test-renderer.development.js:10326:9)
      at dispatchSetStateInternal (node_modules/react-test-renderer/cjs/react-test-renderer.development.js:4148:13)
      at dispatchSetState (node_modules/react-test-renderer/cjs/react-test-renderer.development.js:4107:7)
      at Object.setPendingTransactions (contexts/PendingTransactionsContext.js:237:7)
      at asyncGeneratorStep (node_modules/@babel/runtime/helpers/asyncToGenerator.js:3:17)
      at _next (node_modules/@babel/runtime/helpers/asyncToGenerator.js:17:9)
      at node_modules/@babel/runtime/helpers/asyncToGenerator.js:22:7
      at Object.cleanupInvalidTransactions (node_modules/@babel/runtime/helpers/asyncToGenerator.js:14:12)
      at cleanupInvalidTransactions (contexts/__tests__/PendingTransactionsContext.test.js:280:28)
      at asyncGeneratorStep (node_modules/@babel/runtime/helpers/asyncToGenerator.js:3:17)
      at _next (node_modules/@babel/runtime/helpers/asyncToGenerator.js:17:9)
      at node_modules/@babel/runtime/helpers/asyncToGenerator.js:22:7
      at node_modules/@babel/runtime/helpers/asyncToGenerator.js:14:12
      at process.env.NODE_ENV.exports.act (node_modules/react/cjs/react.development.js:789:22)
      at Object.<anonymous> (contexts/__tests__/PendingTransactionsContext.test.js:279:14)
      at asyncGeneratorStep (node_modules/@babel/runtime/helpers/asyncToGenerator.js:3:17)
      at _next (node_modules/@babel/runtime/helpers/asyncToGenerator.js:17:9)

    console.error
      react-test-renderer is deprecated. See https://react.dev/warnings/react-test-renderer

      26 |   act(() => {
      27 |     component = Wrapper
    > 28 |       ? create(<Wrapper><TestComponent /></Wrapper>)
         |               ^
      29 |       : create(<TestComponent />);
      30 |   });
      31 |   return { result, rerender: component.update, unmount: component.unmount };

      at process.env.NODE_ENV.exports.create (node_modules/react-test-renderer/cjs/react-test-renderer.development.js:14598:17)
      at contexts/__tests__/PendingTransactionsContext.test.js:28:15
      at process.env.NODE_ENV.exports.act (node_modules/react/cjs/react.development.js:789:22)
      at renderHook (contexts/__tests__/PendingTransactionsContext.test.js:26:6)
      at Object.renderHook (contexts/__tests__/PendingTransactionsContext.test.js:294:26)
      at asyncGeneratorStep (node_modules/@babel/runtime/helpers/asyncToGenerator.js:3:17)
      at _next (node_modules/@babel/runtime/helpers/asyncToGenerator.js:17:9)
      at node_modules/@babel/runtime/helpers/asyncToGenerator.js:22:7
      at Object.<anonymous> (node_modules/@babel/runtime/helpers/asyncToGenerator.js:14:12)

    console.error
      The current testing environment is not configured to support act(...)

      26 |   act(() => {
      27 |     component = Wrapper
    > 28 |       ? create(<Wrapper><TestComponent /></Wrapper>)
         |               ^
      29 |       : create(<TestComponent />);
      30 |   });
      31 |   return { result, rerender: component.update, unmount: component.unmount };

      at isConcurrentActEnvironment (node_modules/react-test-renderer/cjs/react-test-renderer.development.js:10243:17)
      at warnIfUpdatesNotWrappedWithActDEV (node_modules/react-test-renderer/cjs/react-test-renderer.development.js:11798:7)
      at scheduleUpdateOnFiber (node_modules/react-test-renderer/cjs/react-test-renderer.development.js:10326:9)
      at updateContainerImpl (node_modules/react-test-renderer/cjs/react-test-renderer.development.js:12382:10)
      at updateContainer (node_modules/react-test-renderer/cjs/react-test-renderer.development.js:12326:7)
      at process.env.NODE_ENV.exports.create (node_modules/react-test-renderer/cjs/react-test-renderer.development.js:14630:7)
      at contexts/__tests__/PendingTransactionsContext.test.js:28:15
      at process.env.NODE_ENV.exports.act (node_modules/react/cjs/react.development.js:789:22)
      at renderHook (contexts/__tests__/PendingTransactionsContext.test.js:26:6)
      at Object.renderHook (contexts/__tests__/PendingTransactionsContext.test.js:294:26)
      at asyncGeneratorStep (node_modules/@babel/runtime/helpers/asyncToGenerator.js:3:17)
      at _next (node_modules/@babel/runtime/helpers/asyncToGenerator.js:17:9)
      at node_modules/@babel/runtime/helpers/asyncToGenerator.js:22:7
      at Object.<anonymous> (node_modules/@babel/runtime/helpers/asyncToGenerator.js:14:12)

    console.error
      The current testing environment is not configured to support act(...)

      52 |     };
      53 |
    > 54 |     setPendingTransactions(updated);
         |     ^
      55 |     await savePendingTransactions(updated);
      56 |     // eslint-disable-next-line react-hooks/exhaustive-deps
      57 |   }, [pendingTransactions, currentAccount]);

      at isConcurrentActEnvironment (node_modules/react-test-renderer/cjs/react-test-renderer.development.js:10243:17)
      at warnIfUpdatesNotWrappedWithActDEV (node_modules/react-test-renderer/cjs/react-test-renderer.development.js:11798:7)
      at scheduleUpdateOnFiber (node_modules/react-test-renderer/cjs/react-test-renderer.development.js:10326:9)
      at dispatchSetStateInternal (node_modules/react-test-renderer/cjs/react-test-renderer.development.js:4148:13)
      at dispatchSetState (node_modules/react-test-renderer/cjs/react-test-renderer.development.js:4107:7)
      at Object.setPendingTransactions (contexts/PendingTransactionsContext.js:54:5)
      at asyncGeneratorStep (node_modules/@babel/runtime/helpers/asyncToGenerator.js:3:17)
      at _next (node_modules/@babel/runtime/helpers/asyncToGenerator.js:17:9)
      at node_modules/@babel/runtime/helpers/asyncToGenerator.js:22:7
      at Object.<anonymous> (node_modules/@babel/runtime/helpers/asyncToGenerator.js:14:12)
      at Object.apply [as addPendingTransaction] (contexts/PendingTransactionsContext.js:57:4)
      at addPendingTransaction (contexts/__tests__/PendingTransactionsContext.test.js:303:30)
      at asyncGeneratorStep (node_modules/@babel/runtime/helpers/asyncToGenerator.js:3:17)
      at _next (node_modules/@babel/runtime/helpers/asyncToGenerator.js:17:9)
      at node_modules/@babel/runtime/helpers/asyncToGenerator.js:22:7
      at node_modules/@babel/runtime/helpers/asyncToGenerator.js:14:12
      at process.env.NODE_ENV.exports.act (node_modules/react/cjs/react.development.js:789:22)
      at Object.<anonymous> (contexts/__tests__/PendingTransactionsContext.test.js:302:16)
      at asyncGeneratorStep (node_modules/@babel/runtime/helpers/asyncToGenerator.js:3:17)
      at _next (node_modules/@babel/runtime/helpers/asyncToGenerator.js:17:9)
      at node_modules/@babel/runtime/helpers/asyncToGenerator.js:22:7
      at Object.<anonymous> (node_modules/@babel/runtime/helpers/asyncToGenerator.js:14:12)

    console.error
      react-test-renderer is deprecated. See https://react.dev/warnings/react-test-renderer

      26 |   act(() => {
      27 |     component = Wrapper
    > 28 |       ? create(<Wrapper><TestComponent /></Wrapper>)
         |               ^
      29 |       : create(<TestComponent />);
      30 |   });
      31 |   return { result, rerender: component.update, unmount: component.unmount };

      at process.env.NODE_ENV.exports.create (node_modules/react-test-renderer/cjs/react-test-renderer.development.js:14598:17)
      at contexts/__tests__/PendingTransactionsContext.test.js:28:15
      at process.env.NODE_ENV.exports.act (node_modules/react/cjs/react.development.js:789:22)
      at renderHook (contexts/__tests__/PendingTransactionsContext.test.js:26:6)
      at Object.renderHook (contexts/__tests__/PendingTransactionsContext.test.js:321:26)
      at asyncGeneratorStep (node_modules/@babel/runtime/helpers/asyncToGenerator.js:3:17)
      at _next (node_modules/@babel/runtime/helpers/asyncToGenerator.js:17:9)
      at node_modules/@babel/runtime/helpers/asyncToGenerator.js:22:7
      at Object.<anonymous> (node_modules/@babel/runtime/helpers/asyncToGenerator.js:14:12)

    console.error
      The current testing environment is not configured to support act(...)

      26 |   act(() => {
      27 |     component = Wrapper
    > 28 |       ? create(<Wrapper><TestComponent /></Wrapper>)
         |               ^
      29 |       : create(<TestComponent />);
      30 |   });
      31 |   return { result, rerender: component.update, unmount: component.unmount };

      at isConcurrentActEnvironment (node_modules/react-test-renderer/cjs/react-test-renderer.development.js:10243:17)
      at warnIfUpdatesNotWrappedWithActDEV (node_modules/react-test-renderer/cjs/react-test-renderer.development.js:11798:7)
      at scheduleUpdateOnFiber (node_modules/react-test-renderer/cjs/react-test-renderer.development.js:10326:9)
      at updateContainerImpl (node_modules/react-test-renderer/cjs/react-test-renderer.development.js:12382:10)
      at updateContainer (node_modules/react-test-renderer/cjs/react-test-renderer.development.js:12326:7)
      at process.env.NODE_ENV.exports.create (node_modules/react-test-renderer/cjs/react-test-renderer.development.js:14630:7)
      at contexts/__tests__/PendingTransactionsContext.test.js:28:15
      at process.env.NODE_ENV.exports.act (node_modules/react/cjs/react.development.js:789:22)
      at renderHook (contexts/__tests__/PendingTransactionsContext.test.js:26:6)
      at Object.renderHook (contexts/__tests__/PendingTransactionsContext.test.js:321:26)
      at asyncGeneratorStep (node_modules/@babel/runtime/helpers/asyncToGenerator.js:3:17)
      at _next (node_modules/@babel/runtime/helpers/asyncToGenerator.js:17:9)
      at node_modules/@babel/runtime/helpers/asyncToGenerator.js:22:7
      at Object.<anonymous> (node_modules/@babel/runtime/helpers/asyncToGenerator.js:14:12)

    console.error
      The current testing environment is not configured to support act(...)

      52 |     };
      53 |
    > 54 |     setPendingTransactions(updated);
         |     ^
      55 |     await savePendingTransactions(updated);
      56 |     // eslint-disable-next-line react-hooks/exhaustive-deps
      57 |   }, [pendingTransactions, currentAccount]);

      at isConcurrentActEnvironment (node_modules/react-test-renderer/cjs/react-test-renderer.development.js:10243:17)
      at warnIfUpdatesNotWrappedWithActDEV (node_modules/react-test-renderer/cjs/react-test-renderer.development.js:11798:7)
      at scheduleUpdateOnFiber (node_modules/react-test-renderer/cjs/react-test-renderer.development.js:10326:9)
      at dispatchSetStateInternal (node_modules/react-test-renderer/cjs/react-test-renderer.development.js:4148:13)
      at dispatchSetState (node_modules/react-test-renderer/cjs/react-test-renderer.development.js:4107:7)
      at Object.setPendingTransactions (contexts/PendingTransactionsContext.js:54:5)
      at asyncGeneratorStep (node_modules/@babel/runtime/helpers/asyncToGenerator.js:3:17)
      at _next (node_modules/@babel/runtime/helpers/asyncToGenerator.js:17:9)
      at node_modules/@babel/runtime/helpers/asyncToGenerator.js:22:7
      at Object.<anonymous> (node_modules/@babel/runtime/helpers/asyncToGenerator.js:14:12)
      at Object.apply [as addPendingTransaction] (contexts/PendingTransactionsContext.js:57:4)
      at addPendingTransaction (contexts/__tests__/PendingTransactionsContext.test.js:327:30)
      at asyncGeneratorStep (node_modules/@babel/runtime/helpers/asyncToGenerator.js:3:17)
      at _next (node_modules/@babel/runtime/helpers/asyncToGenerator.js:17:9)
      at node_modules/@babel/runtime/helpers/asyncToGenerator.js:22:7
      at node_modules/@babel/runtime/helpers/asyncToGenerator.js:14:12
      at process.env.NODE_ENV.exports.act (node_modules/react/cjs/react.development.js:789:22)
      at Object.<anonymous> (contexts/__tests__/PendingTransactionsContext.test.js:326:16)
      at asyncGeneratorStep (node_modules/@babel/runtime/helpers/asyncToGenerator.js:3:17)
      at _next (node_modules/@babel/runtime/helpers/asyncToGenerator.js:17:9)
      at node_modules/@babel/runtime/helpers/asyncToGenerator.js:22:7
      at Object.<anonymous> (node_modules/@babel/runtime/helpers/asyncToGenerator.js:14:12)

    console.error
      react-test-renderer is deprecated. See https://react.dev/warnings/react-test-renderer

      26 |   act(() => {
      27 |     component = Wrapper
    > 28 |       ? create(<Wrapper><TestComponent /></Wrapper>)
         |               ^
      29 |       : create(<TestComponent />);
      30 |   });
      31 |   return { result, rerender: component.update, unmount: component.unmount };

      at process.env.NODE_ENV.exports.create (node_modules/react-test-renderer/cjs/react-test-renderer.development.js:14598:17)
      at contexts/__tests__/PendingTransactionsContext.test.js:28:15
      at process.env.NODE_ENV.exports.act (node_modules/react/cjs/react.development.js:789:22)
      at renderHook (contexts/__tests__/PendingTransactionsContext.test.js:26:6)
      at Object.renderHook (contexts/__tests__/PendingTransactionsContext.test.js:344:26)
      at asyncGeneratorStep (node_modules/@babel/runtime/helpers/asyncToGenerator.js:3:17)
      at _next (node_modules/@babel/runtime/helpers/asyncToGenerator.js:17:9)
      at node_modules/@babel/runtime/helpers/asyncToGenerator.js:22:7
      at Object.<anonymous> (node_modules/@babel/runtime/helpers/asyncToGenerator.js:14:12)

    console.error
      The current testing environment is not configured to support act(...)

      26 |   act(() => {
      27 |     component = Wrapper
    > 28 |       ? create(<Wrapper><TestComponent /></Wrapper>)
         |               ^
      29 |       : create(<TestComponent />);
      30 |   });
      31 |   return { result, rerender: component.update, unmount: component.unmount };

      at isConcurrentActEnvironment (node_modules/react-test-renderer/cjs/react-test-renderer.development.js:10243:17)
      at warnIfUpdatesNotWrappedWithActDEV (node_modules/react-test-renderer/cjs/react-test-renderer.development.js:11798:7)
      at scheduleUpdateOnFiber (node_modules/react-test-renderer/cjs/react-test-renderer.development.js:10326:9)
      at updateContainerImpl (node_modules/react-test-renderer/cjs/react-test-renderer.development.js:12382:10)
      at updateContainer (node_modules/react-test-renderer/cjs/react-test-renderer.development.js:12326:7)
      at process.env.NODE_ENV.exports.create (node_modules/react-test-renderer/cjs/react-test-renderer.development.js:14630:7)
      at contexts/__tests__/PendingTransactionsContext.test.js:28:15
      at process.env.NODE_ENV.exports.act (node_modules/react/cjs/react.development.js:789:22)
      at renderHook (contexts/__tests__/PendingTransactionsContext.test.js:26:6)
      at Object.renderHook (contexts/__tests__/PendingTransactionsContext.test.js:344:26)
      at asyncGeneratorStep (node_modules/@babel/runtime/helpers/asyncToGenerator.js:3:17)
      at _next (node_modules/@babel/runtime/helpers/asyncToGenerator.js:17:9)
      at node_modules/@babel/runtime/helpers/asyncToGenerator.js:22:7
      at Object.<anonymous> (node_modules/@babel/runtime/helpers/asyncToGenerator.js:14:12)

    console.error
      The current testing environment is not configured to support act(...)

      52 |     };
      53 |
    > 54 |     setPendingTransactions(updated);
         |     ^
      55 |     await savePendingTransactions(updated);
      56 |     // eslint-disable-next-line react-hooks/exhaustive-deps
      57 |   }, [pendingTransactions, currentAccount]);

      at isConcurrentActEnvironment (node_modules/react-test-renderer/cjs/react-test-renderer.development.js:10243:17)
      at warnIfUpdatesNotWrappedWithActDEV (node_modules/react-test-renderer/cjs/react-test-renderer.development.js:11798:7)
      at scheduleUpdateOnFiber (node_modules/react-test-renderer/cjs/react-test-renderer.development.js:10326:9)
      at dispatchSetStateInternal (node_modules/react-test-renderer/cjs/react-test-renderer.development.js:4148:13)
      at dispatchSetState (node_modules/react-test-renderer/cjs/react-test-renderer.development.js:4107:7)
      at Object.setPendingTransactions (contexts/PendingTransactionsContext.js:54:5)
      at asyncGeneratorStep (node_modules/@babel/runtime/helpers/asyncToGenerator.js:3:17)
      at _next (node_modules/@babel/runtime/helpers/asyncToGenerator.js:17:9)
      at node_modules/@babel/runtime/helpers/asyncToGenerator.js:22:7
      at Object.<anonymous> (node_modules/@babel/runtime/helpers/asyncToGenerator.js:14:12)
      at Object.apply [as addPendingTransaction] (contexts/PendingTransactionsContext.js:57:4)
      at addPendingTransaction (contexts/__tests__/PendingTransactionsContext.test.js:350:30)
      at asyncGeneratorStep (node_modules/@babel/runtime/helpers/asyncToGenerator.js:3:17)
      at _next (node_modules/@babel/runtime/helpers/asyncToGenerator.js:17:9)
      at node_modules/@babel/runtime/helpers/asyncToGenerator.js:22:7
      at node_modules/@babel/runtime/helpers/asyncToGenerator.js:14:12
      at process.env.NODE_ENV.exports.act (node_modules/react/cjs/react.development.js:789:22)
      at Object.<anonymous> (contexts/__tests__/PendingTransactionsContext.test.js:349:16)
      at asyncGeneratorStep (node_modules/@babel/runtime/helpers/asyncToGenerator.js:3:17)
      at _next (node_modules/@babel/runtime/helpers/asyncToGenerator.js:17:9)
      at node_modules/@babel/runtime/helpers/asyncToGenerator.js:22:7
      at Object.<anonymous> (node_modules/@babel/runtime/helpers/asyncToGenerator.js:14:12)

    console.error
      react-test-renderer is deprecated. See https://react.dev/warnings/react-test-renderer

      26 |   act(() => {
      27 |     component = Wrapper
    > 28 |       ? create(<Wrapper><TestComponent /></Wrapper>)
         |               ^
      29 |       : create(<TestComponent />);
      30 |   });
      31 |   return { result, rerender: component.update, unmount: component.unmount };

      at process.env.NODE_ENV.exports.create (node_modules/react-test-renderer/cjs/react-test-renderer.development.js:14598:17)
      at contexts/__tests__/PendingTransactionsContext.test.js:28:15
      at process.env.NODE_ENV.exports.act (node_modules/react/cjs/react.development.js:789:22)
      at renderHook (contexts/__tests__/PendingTransactionsContext.test.js:26:6)
      at Object.renderHook (contexts/__tests__/PendingTransactionsContext.test.js:367:26)
      at asyncGeneratorStep (node_modules/@babel/runtime/helpers/asyncToGenerator.js:3:17)
      at _next (node_modules/@babel/runtime/helpers/asyncToGenerator.js:17:9)
      at node_modules/@babel/runtime/helpers/asyncToGenerator.js:22:7
      at Object.<anonymous> (node_modules/@babel/runtime/helpers/asyncToGenerator.js:14:12)

    console.error
      The current testing environment is not configured to support act(...)

      26 |   act(() => {
      27 |     component = Wrapper
    > 28 |       ? create(<Wrapper><TestComponent /></Wrapper>)
         |               ^
      29 |       : create(<TestComponent />);
      30 |   });
      31 |   return { result, rerender: component.update, unmount: component.unmount };

      at isConcurrentActEnvironment (node_modules/react-test-renderer/cjs/react-test-renderer.development.js:10243:17)
      at warnIfUpdatesNotWrappedWithActDEV (node_modules/react-test-renderer/cjs/react-test-renderer.development.js:11798:7)
      at scheduleUpdateOnFiber (node_modules/react-test-renderer/cjs/react-test-renderer.development.js:10326:9)
      at updateContainerImpl (node_modules/react-test-renderer/cjs/react-test-renderer.development.js:12382:10)
      at updateContainer (node_modules/react-test-renderer/cjs/react-test-renderer.development.js:12326:7)
      at process.env.NODE_ENV.exports.create (node_modules/react-test-renderer/cjs/react-test-renderer.development.js:14630:7)
      at contexts/__tests__/PendingTransactionsContext.test.js:28:15
      at process.env.NODE_ENV.exports.act (node_modules/react/cjs/react.development.js:789:22)
      at renderHook (contexts/__tests__/PendingTransactionsContext.test.js:26:6)
      at Object.renderHook (contexts/__tests__/PendingTransactionsContext.test.js:367:26)
      at asyncGeneratorStep (node_modules/@babel/runtime/helpers/asyncToGenerator.js:3:17)
      at _next (node_modules/@babel/runtime/helpers/asyncToGenerator.js:17:9)
      at node_modules/@babel/runtime/helpers/asyncToGenerator.js:22:7
      at Object.<anonymous> (node_modules/@babel/runtime/helpers/asyncToGenerator.js:14:12)

    console.error
      The current testing environment is not configured to support act(...)

      52 |     };
      53 |
    > 54 |     setPendingTransactions(updated);
         |     ^
      55 |     await savePendingTransactions(updated);
      56 |     // eslint-disable-next-line react-hooks/exhaustive-deps
      57 |   }, [pendingTransactions, currentAccount]);

      at isConcurrentActEnvironment (node_modules/react-test-renderer/cjs/react-test-renderer.development.js:10243:17)
      at warnIfUpdatesNotWrappedWithActDEV (node_modules/react-test-renderer/cjs/react-test-renderer.development.js:11798:7)
      at scheduleUpdateOnFiber (node_modules/react-test-renderer/cjs/react-test-renderer.development.js:10326:9)
      at dispatchSetStateInternal (node_modules/react-test-renderer/cjs/react-test-renderer.development.js:4148:13)
      at dispatchSetState (node_modules/react-test-renderer/cjs/react-test-renderer.development.js:4107:7)
      at Object.setPendingTransactions (contexts/PendingTransactionsContext.js:54:5)
      at asyncGeneratorStep (node_modules/@babel/runtime/helpers/asyncToGenerator.js:3:17)
      at _next (node_modules/@babel/runtime/helpers/asyncToGenerator.js:17:9)
      at node_modules/@babel/runtime/helpers/asyncToGenerator.js:22:7
      at Object.<anonymous> (node_modules/@babel/runtime/helpers/asyncToGenerator.js:14:12)
      at Object.apply [as addPendingTransaction] (contexts/PendingTransactionsContext.js:57:4)
      at addPendingTransaction (contexts/__tests__/PendingTransactionsContext.test.js:376:30)
      at asyncGeneratorStep (node_modules/@babel/runtime/helpers/asyncToGenerator.js:3:17)
      at _next (node_modules/@babel/runtime/helpers/asyncToGenerator.js:17:9)
      at node_modules/@babel/runtime/helpers/asyncToGenerator.js:22:7
      at node_modules/@babel/runtime/helpers/asyncToGenerator.js:14:12
      at process.env.NODE_ENV.exports.act (node_modules/react/cjs/react.development.js:789:22)
      at Object.<anonymous> (contexts/__tests__/PendingTransactionsContext.test.js:375:16)
      at asyncGeneratorStep (node_modules/@babel/runtime/helpers/asyncToGenerator.js:3:17)
      at _next (node_modules/@babel/runtime/helpers/asyncToGenerator.js:17:9)
      at node_modules/@babel/runtime/helpers/asyncToGenerator.js:22:7
      at Object.<anonymous> (node_modules/@babel/runtime/helpers/asyncToGenerator.js:14:12)

    console.error
      The current testing environment is not configured to support act(...)

      214 |       }
      215 |
    > 216 |       setPendingTransactions(updated);
          |       ^
      217 |       await savePendingTransactions(updated);
      218 |     }
      219 |   }, [pendingTransactions, currentAccount]);

      at isConcurrentActEnvironment (node_modules/react-test-renderer/cjs/react-test-renderer.development.js:10243:17)
      at warnIfUpdatesNotWrappedWithActDEV (node_modules/react-test-renderer/cjs/react-test-renderer.development.js:11798:7)
      at scheduleUpdateOnFiber (node_modules/react-test-renderer/cjs/react-test-renderer.development.js:10326:9)
      at dispatchSetStateInternal (node_modules/react-test-renderer/cjs/react-test-renderer.development.js:4148:13)
      at dispatchSetState (node_modules/react-test-renderer/cjs/react-test-renderer.development.js:4107:7)
      at Object.setPendingTransactions (contexts/PendingTransactionsContext.js:216:7)
      at asyncGeneratorStep (node_modules/@babel/runtime/helpers/asyncToGenerator.js:3:17)
      at _next (node_modules/@babel/runtime/helpers/asyncToGenerator.js:17:9)
      at node_modules/@babel/runtime/helpers/asyncToGenerator.js:22:7
      at Object.<anonymous> (node_modules/@babel/runtime/helpers/asyncToGenerator.js:14:12)
      at Object.apply [as markUtxoAsSpent] (contexts/PendingTransactionsContext.js:219:4)
      at markUtxoAsSpent (contexts/__tests__/PendingTransactionsContext.test.js:380:30)
      at asyncGeneratorStep (node_modules/@babel/runtime/helpers/asyncToGenerator.js:3:17)
      at _next (node_modules/@babel/runtime/helpers/asyncToGenerator.js:17:9)
      at node_modules/@babel/runtime/helpers/asyncToGenerator.js:22:7
      at node_modules/@babel/runtime/helpers/asyncToGenerator.js:14:12
      at process.env.NODE_ENV.exports.act (node_modules/react/cjs/react.development.js:789:22)
      at Object.<anonymous> (contexts/__tests__/PendingTransactionsContext.test.js:379:16)
      at asyncGeneratorStep (node_modules/@babel/runtime/helpers/asyncToGenerator.js:3:17)
      at _next (node_modules/@babel/runtime/helpers/asyncToGenerator.js:17:9)

    console.error
      react-test-renderer is deprecated. See https://react.dev/warnings/react-test-renderer

      26 |   act(() => {
      27 |     component = Wrapper
    > 28 |       ? create(<Wrapper><TestComponent /></Wrapper>)
         |               ^
      29 |       : create(<TestComponent />);
      30 |   });
      31 |   return { result, rerender: component.update, unmount: component.unmount };

      at process.env.NODE_ENV.exports.create (node_modules/react-test-renderer/cjs/react-test-renderer.development.js:14598:17)
      at contexts/__tests__/PendingTransactionsContext.test.js:28:15
      at process.env.NODE_ENV.exports.act (node_modules/react/cjs/react.development.js:789:22)
      at renderHook (contexts/__tests__/PendingTransactionsContext.test.js:26:6)
      at Object.renderHook (contexts/__tests__/PendingTransactionsContext.test.js:393:26)
      at asyncGeneratorStep (node_modules/@babel/runtime/helpers/asyncToGenerator.js:3:17)
      at _next (node_modules/@babel/runtime/helpers/asyncToGenerator.js:17:9)
      at node_modules/@babel/runtime/helpers/asyncToGenerator.js:22:7
      at Object.<anonymous> (node_modules/@babel/runtime/helpers/asyncToGenerator.js:14:12)

    console.error
      The current testing environment is not configured to support act(...)

      26 |   act(() => {
      27 |     component = Wrapper
    > 28 |       ? create(<Wrapper><TestComponent /></Wrapper>)
         |               ^
      29 |       : create(<TestComponent />);
      30 |   });
      31 |   return { result, rerender: component.update, unmount: component.unmount };

      at isConcurrentActEnvironment (node_modules/react-test-renderer/cjs/react-test-renderer.development.js:10243:17)
      at warnIfUpdatesNotWrappedWithActDEV (node_modules/react-test-renderer/cjs/react-test-renderer.development.js:11798:7)
      at scheduleUpdateOnFiber (node_modules/react-test-renderer/cjs/react-test-renderer.development.js:10326:9)
      at updateContainerImpl (node_modules/react-test-renderer/cjs/react-test-renderer.development.js:12382:10)
      at updateContainer (node_modules/react-test-renderer/cjs/react-test-renderer.development.js:12326:7)
      at process.env.NODE_ENV.exports.create (node_modules/react-test-renderer/cjs/react-test-renderer.development.js:14630:7)
      at contexts/__tests__/PendingTransactionsContext.test.js:28:15
      at process.env.NODE_ENV.exports.act (node_modules/react/cjs/react.development.js:789:22)
      at renderHook (contexts/__tests__/PendingTransactionsContext.test.js:26:6)
      at Object.renderHook (contexts/__tests__/PendingTransactionsContext.test.js:393:26)
      at asyncGeneratorStep (node_modules/@babel/runtime/helpers/asyncToGenerator.js:3:17)
      at _next (node_modules/@babel/runtime/helpers/asyncToGenerator.js:17:9)
      at node_modules/@babel/runtime/helpers/asyncToGenerator.js:22:7
      at Object.<anonymous> (node_modules/@babel/runtime/helpers/asyncToGenerator.js:14:12)

    console.error
      The current testing environment is not configured to support act(...)

      52 |     };
      53 |
    > 54 |     setPendingTransactions(updated);
         |     ^
      55 |     await savePendingTransactions(updated);
      56 |     // eslint-disable-next-line react-hooks/exhaustive-deps
      57 |   }, [pendingTransactions, currentAccount]);

      at isConcurrentActEnvironment (node_modules/react-test-renderer/cjs/react-test-renderer.development.js:10243:17)
      at warnIfUpdatesNotWrappedWithActDEV (node_modules/react-test-renderer/cjs/react-test-renderer.development.js:11798:7)
      at scheduleUpdateOnFiber (node_modules/react-test-renderer/cjs/react-test-renderer.development.js:10326:9)
      at dispatchSetStateInternal (node_modules/react-test-renderer/cjs/react-test-renderer.development.js:4148:13)
      at dispatchSetState (node_modules/react-test-renderer/cjs/react-test-renderer.development.js:4107:7)
      at Object.setPendingTransactions (contexts/PendingTransactionsContext.js:54:5)
      at asyncGeneratorStep (node_modules/@babel/runtime/helpers/asyncToGenerator.js:3:17)
      at _next (node_modules/@babel/runtime/helpers/asyncToGenerator.js:17:9)
      at node_modules/@babel/runtime/helpers/asyncToGenerator.js:22:7
      at Object.<anonymous> (node_modules/@babel/runtime/helpers/asyncToGenerator.js:14:12)
      at Object.apply [as addPendingTransaction] (contexts/PendingTransactionsContext.js:57:4)
      at addPendingTransaction (contexts/__tests__/PendingTransactionsContext.test.js:399:30)
      at asyncGeneratorStep (node_modules/@babel/runtime/helpers/asyncToGenerator.js:3:17)
      at _next (node_modules/@babel/runtime/helpers/asyncToGenerator.js:17:9)
      at node_modules/@babel/runtime/helpers/asyncToGenerator.js:22:7
      at node_modules/@babel/runtime/helpers/asyncToGenerator.js:14:12
      at process.env.NODE_ENV.exports.act (node_modules/react/cjs/react.development.js:789:22)
      at Object.<anonymous> (contexts/__tests__/PendingTransactionsContext.test.js:398:16)
      at asyncGeneratorStep (node_modules/@babel/runtime/helpers/asyncToGenerator.js:3:17)
      at _next (node_modules/@babel/runtime/helpers/asyncToGenerator.js:17:9)
      at node_modules/@babel/runtime/helpers/asyncToGenerator.js:22:7
      at Object.<anonymous> (node_modules/@babel/runtime/helpers/asyncToGenerator.js:14:12)

    console.error
      The current testing environment is not configured to support act(...)

      214 |       }
      215 |
    > 216 |       setPendingTransactions(updated);
          |       ^
      217 |       await savePendingTransactions(updated);
      218 |     }
      219 |   }, [pendingTransactions, currentAccount]);

      at isConcurrentActEnvironment (node_modules/react-test-renderer/cjs/react-test-renderer.development.js:10243:17)
      at warnIfUpdatesNotWrappedWithActDEV (node_modules/react-test-renderer/cjs/react-test-renderer.development.js:11798:7)
      at scheduleUpdateOnFiber (node_modules/react-test-renderer/cjs/react-test-renderer.development.js:10326:9)
      at dispatchSetStateInternal (node_modules/react-test-renderer/cjs/react-test-renderer.development.js:4148:13)
      at dispatchSetState (node_modules/react-test-renderer/cjs/react-test-renderer.development.js:4107:7)
      at Object.setPendingTransactions (contexts/PendingTransactionsContext.js:216:7)
      at asyncGeneratorStep (node_modules/@babel/runtime/helpers/asyncToGenerator.js:3:17)
      at _next (node_modules/@babel/runtime/helpers/asyncToGenerator.js:17:9)
      at node_modules/@babel/runtime/helpers/asyncToGenerator.js:22:7
      at Object.<anonymous> (node_modules/@babel/runtime/helpers/asyncToGenerator.js:14:12)
      at Object.apply [as markUtxoAsSpent] (contexts/PendingTransactionsContext.js:219:4)
      at markUtxoAsSpent (contexts/__tests__/PendingTransactionsContext.test.js:403:30)
      at asyncGeneratorStep (node_modules/@babel/runtime/helpers/asyncToGenerator.js:3:17)
      at _next (node_modules/@babel/runtime/helpers/asyncToGenerator.js:17:9)
      at node_modules/@babel/runtime/helpers/asyncToGenerator.js:22:7
      at node_modules/@babel/runtime/helpers/asyncToGenerator.js:14:12
      at process.env.NODE_ENV.exports.act (node_modules/react/cjs/react.development.js:789:22)
      at Object.<anonymous> (contexts/__tests__/PendingTransactionsContext.test.js:402:16)
      at asyncGeneratorStep (node_modules/@babel/runtime/helpers/asyncToGenerator.js:3:17)
      at _next (node_modules/@babel/runtime/helpers/asyncToGenerator.js:17:9)

    console.error
      react-test-renderer is deprecated. See https://react.dev/warnings/react-test-renderer

      26 |   act(() => {
      27 |     component = Wrapper
    > 28 |       ? create(<Wrapper><TestComponent /></Wrapper>)
         |               ^
      29 |       : create(<TestComponent />);
      30 |   });
      31 |   return { result, rerender: component.update, unmount: component.unmount };

      at process.env.NODE_ENV.exports.create (node_modules/react-test-renderer/cjs/react-test-renderer.development.js:14598:17)
      at contexts/__tests__/PendingTransactionsContext.test.js:28:15
      at process.env.NODE_ENV.exports.act (node_modules/react/cjs/react.development.js:789:22)
      at renderHook (contexts/__tests__/PendingTransactionsContext.test.js:26:6)
      at Object.renderHook (contexts/__tests__/PendingTransactionsContext.test.js:415:26)
      at asyncGeneratorStep (node_modules/@babel/runtime/helpers/asyncToGenerator.js:3:17)
      at _next (node_modules/@babel/runtime/helpers/asyncToGenerator.js:17:9)
      at node_modules/@babel/runtime/helpers/asyncToGenerator.js:22:7
      at Object.<anonymous> (node_modules/@babel/runtime/helpers/asyncToGenerator.js:14:12)

    console.error
      The current testing environment is not configured to support act(...)

      26 |   act(() => {
      27 |     component = Wrapper
    > 28 |       ? create(<Wrapper><TestComponent /></Wrapper>)
         |               ^
      29 |       : create(<TestComponent />);
      30 |   });
      31 |   return { result, rerender: component.update, unmount: component.unmount };

      at isConcurrentActEnvironment (node_modules/react-test-renderer/cjs/react-test-renderer.development.js:10243:17)
      at warnIfUpdatesNotWrappedWithActDEV (node_modules/react-test-renderer/cjs/react-test-renderer.development.js:11798:7)
      at scheduleUpdateOnFiber (node_modules/react-test-renderer/cjs/react-test-renderer.development.js:10326:9)
      at updateContainerImpl (node_modules/react-test-renderer/cjs/react-test-renderer.development.js:12382:10)
      at updateContainer (node_modules/react-test-renderer/cjs/react-test-renderer.development.js:12326:7)
      at process.env.NODE_ENV.exports.create (node_modules/react-test-renderer/cjs/react-test-renderer.development.js:14630:7)
      at contexts/__tests__/PendingTransactionsContext.test.js:28:15
      at process.env.NODE_ENV.exports.act (node_modules/react/cjs/react.development.js:789:22)
      at renderHook (contexts/__tests__/PendingTransactionsContext.test.js:26:6)
      at Object.renderHook (contexts/__tests__/PendingTransactionsContext.test.js:415:26)
      at asyncGeneratorStep (node_modules/@babel/runtime/helpers/asyncToGenerator.js:3:17)
      at _next (node_modules/@babel/runtime/helpers/asyncToGenerator.js:17:9)
      at node_modules/@babel/runtime/helpers/asyncToGenerator.js:22:7
      at Object.<anonymous> (node_modules/@babel/runtime/helpers/asyncToGenerator.js:14:12)

    console.log
      [DEBUG] 🚫 Marking UTXO as spent: tx1:0

      at Object.log [as debug] (utils/logger.js:24:15)
          at Array.forEach (<anonymous>)

    console.log
      [DEBUG] 🚫 Marking UTXO as spent: tx2:1

      at Object.log [as debug] (utils/logger.js:24:15)
          at Array.forEach (<anonymous>)

    console.error
      The current testing environment is not configured to support act(...)

      254 |     });
      255 |
    > 256 |     setSpentUtxos(updated);
          |     ^
      257 |     await saveSpentUtxos(updated);
      258 |   }, [spentUtxos, currentAccount]);
      259 |     // eslint-disable-next-line react-hooks/exhaustive-deps

      at isConcurrentActEnvironment (node_modules/react-test-renderer/cjs/react-test-renderer.development.js:10243:17)
      at warnIfUpdatesNotWrappedWithActDEV (node_modules/react-test-renderer/cjs/react-test-renderer.development.js:11798:7)
      at scheduleUpdateOnFiber (node_modules/react-test-renderer/cjs/react-test-renderer.development.js:10326:9)
      at dispatchSetStateInternal (node_modules/react-test-renderer/cjs/react-test-renderer.development.js:4148:13)
      at dispatchSetState (node_modules/react-test-renderer/cjs/react-test-renderer.development.js:4107:7)
      at Object.setSpentUtxos (contexts/PendingTransactionsContext.js:256:5)
      at asyncGeneratorStep (node_modules/@babel/runtime/helpers/asyncToGenerator.js:3:17)
      at _next (node_modules/@babel/runtime/helpers/asyncToGenerator.js:17:9)
      at node_modules/@babel/runtime/helpers/asyncToGenerator.js:22:7
      at Object.<anonymous> (node_modules/@babel/runtime/helpers/asyncToGenerator.js:14:12)
      at Object.apply [as markUtxosAsSpent] (contexts/PendingTransactionsContext.js:258:4)
      at markUtxosAsSpent (contexts/__tests__/PendingTransactionsContext.test.js:418:30)
      at asyncGeneratorStep (node_modules/@babel/runtime/helpers/asyncToGenerator.js:3:17)
      at _next (node_modules/@babel/runtime/helpers/asyncToGenerator.js:17:9)
      at node_modules/@babel/runtime/helpers/asyncToGenerator.js:22:7
      at node_modules/@babel/runtime/helpers/asyncToGenerator.js:14:12
      at process.env.NODE_ENV.exports.act (node_modules/react/cjs/react.development.js:789:22)
      at Object.<anonymous> (contexts/__tests__/PendingTransactionsContext.test.js:417:16)
      at asyncGeneratorStep (node_modules/@babel/runtime/helpers/asyncToGenerator.js:3:17)
      at _next (node_modules/@babel/runtime/helpers/asyncToGenerator.js:17:9)
      at node_modules/@babel/runtime/helpers/asyncToGenerator.js:22:7
      at Object.<anonymous> (node_modules/@babel/runtime/helpers/asyncToGenerator.js:14:12)

    console.log
      [DEBUG] 🚫 Marking UTXO as spent: tx1:0

      at Object.log [as debug] (utils/logger.js:24:15)
          at Array.forEach (<anonymous>)

    console.error
      react-test-renderer is deprecated. See https://react.dev/warnings/react-test-renderer

      26 |   act(() => {
      27 |     component = Wrapper
    > 28 |       ? create(<Wrapper><TestComponent /></Wrapper>)
         |               ^
      29 |       : create(<TestComponent />);
      30 |   });
      31 |   return { result, rerender: component.update, unmount: component.unmount };

      at process.env.NODE_ENV.exports.create (node_modules/react-test-renderer/cjs/react-test-renderer.development.js:14598:17)
      at contexts/__tests__/PendingTransactionsContext.test.js:28:15
      at process.env.NODE_ENV.exports.act (node_modules/react/cjs/react.development.js:789:22)
      at renderHook (contexts/__tests__/PendingTransactionsContext.test.js:26:6)
      at Object.renderHook (contexts/__tests__/PendingTransactionsContext.test.js:544:26)
      at asyncGeneratorStep (node_modules/@babel/runtime/helpers/asyncToGenerator.js:3:17)
      at _next (node_modules/@babel/runtime/helpers/asyncToGenerator.js:17:9)
      at node_modules/@babel/runtime/helpers/asyncToGenerator.js:22:7
      at Object.<anonymous> (node_modules/@babel/runtime/helpers/asyncToGenerator.js:14:12)

    console.error
      The current testing environment is not configured to support act(...)

      26 |   act(() => {
      27 |     component = Wrapper
    > 28 |       ? create(<Wrapper><TestComponent /></Wrapper>)
         |               ^
      29 |       : create(<TestComponent />);
      30 |   });
      31 |   return { result, rerender: component.update, unmount: component.unmount };

      at isConcurrentActEnvironment (node_modules/react-test-renderer/cjs/react-test-renderer.development.js:10243:17)
      at warnIfUpdatesNotWrappedWithActDEV (node_modules/react-test-renderer/cjs/react-test-renderer.development.js:11798:7)
      at scheduleUpdateOnFiber (node_modules/react-test-renderer/cjs/react-test-renderer.development.js:10326:9)
      at updateContainerImpl (node_modules/react-test-renderer/cjs/react-test-renderer.development.js:12382:10)
      at updateContainer (node_modules/react-test-renderer/cjs/react-test-renderer.development.js:12326:7)
      at process.env.NODE_ENV.exports.create (node_modules/react-test-renderer/cjs/react-test-renderer.development.js:14630:7)
      at contexts/__tests__/PendingTransactionsContext.test.js:28:15
      at process.env.NODE_ENV.exports.act (node_modules/react/cjs/react.development.js:789:22)
      at renderHook (contexts/__tests__/PendingTransactionsContext.test.js:26:6)
      at Object.renderHook (contexts/__tests__/PendingTransactionsContext.test.js:544:26)
      at asyncGeneratorStep (node_modules/@babel/runtime/helpers/asyncToGenerator.js:3:17)
      at _next (node_modules/@babel/runtime/helpers/asyncToGenerator.js:17:9)
      at node_modules/@babel/runtime/helpers/asyncToGenerator.js:22:7
      at Object.<anonymous> (node_modules/@babel/runtime/helpers/asyncToGenerator.js:14:12)

    console.error
      The current testing environment is not configured to support act(...)

      18 |       const stored = await AsyncStorage.getItem(key);
      19 |       if (stored) {
    > 20 |         setPendingTransactions(JSON.parse(stored));
         |         ^
      21 |       }
      22 |     } catch (error) {
      23 |       logger.error('Error loading pending transactions:', error);

      at isConcurrentActEnvironment (node_modules/react-test-renderer/cjs/react-test-renderer.development.js:10243:17)
      at warnIfUpdatesNotWrappedWithActDEV (node_modules/react-test-renderer/cjs/react-test-renderer.development.js:11798:7)
      at scheduleUpdateOnFiber (node_modules/react-test-renderer/cjs/react-test-renderer.development.js:10326:9)
      at dispatchSetStateInternal (node_modules/react-test-renderer/cjs/react-test-renderer.development.js:4148:13)
      at dispatchSetState (node_modules/react-test-renderer/cjs/react-test-renderer.development.js:4107:7)
      at setPendingTransactions (hooks/usePendingTransactionsStorage.js:20:9)
      at asyncGeneratorStep (node_modules/@babel/runtime/helpers/asyncToGenerator.js:3:17)
      at _next (node_modules/@babel/runtime/helpers/asyncToGenerator.js:17:9)

    console.error
      react-test-renderer is deprecated. See https://react.dev/warnings/react-test-renderer

      26 |   act(() => {
      27 |     component = Wrapper
    > 28 |       ? create(<Wrapper><TestComponent /></Wrapper>)
         |               ^
      29 |       : create(<TestComponent />);
      30 |   });
      31 |   return { result, rerender: component.update, unmount: component.unmount };

      at process.env.NODE_ENV.exports.create (node_modules/react-test-renderer/cjs/react-test-renderer.development.js:14598:17)
      at contexts/__tests__/PendingTransactionsContext.test.js:28:15
      at process.env.NODE_ENV.exports.act (node_modules/react/cjs/react.development.js:789:22)
      at renderHook (contexts/__tests__/PendingTransactionsContext.test.js:26:6)
      at Object.renderHook (contexts/__tests__/PendingTransactionsContext.test.js:570:26)
      at asyncGeneratorStep (node_modules/@babel/runtime/helpers/asyncToGenerator.js:3:17)
      at _next (node_modules/@babel/runtime/helpers/asyncToGenerator.js:17:9)
      at node_modules/@babel/runtime/helpers/asyncToGenerator.js:22:7
      at Object.<anonymous> (node_modules/@babel/runtime/helpers/asyncToGenerator.js:14:12)

    console.error
      The current testing environment is not configured to support act(...)

      26 |   act(() => {
      27 |     component = Wrapper
    > 28 |       ? create(<Wrapper><TestComponent /></Wrapper>)
         |               ^
      29 |       : create(<TestComponent />);
      30 |   });
      31 |   return { result, rerender: component.update, unmount: component.unmount };

      at isConcurrentActEnvironment (node_modules/react-test-renderer/cjs/react-test-renderer.development.js:10243:17)
      at warnIfUpdatesNotWrappedWithActDEV (node_modules/react-test-renderer/cjs/react-test-renderer.development.js:11798:7)
      at scheduleUpdateOnFiber (node_modules/react-test-renderer/cjs/react-test-renderer.development.js:10326:9)
      at updateContainerImpl (node_modules/react-test-renderer/cjs/react-test-renderer.development.js:12382:10)
      at updateContainer (node_modules/react-test-renderer/cjs/react-test-renderer.development.js:12326:7)
      at process.env.NODE_ENV.exports.create (node_modules/react-test-renderer/cjs/react-test-renderer.development.js:14630:7)
      at contexts/__tests__/PendingTransactionsContext.test.js:28:15
      at process.env.NODE_ENV.exports.act (node_modules/react/cjs/react.development.js:789:22)
      at renderHook (contexts/__tests__/PendingTransactionsContext.test.js:26:6)
      at Object.renderHook (contexts/__tests__/PendingTransactionsContext.test.js:570:26)
      at asyncGeneratorStep (node_modules/@babel/runtime/helpers/asyncToGenerator.js:3:17)
      at _next (node_modules/@babel/runtime/helpers/asyncToGenerator.js:17:9)
      at node_modules/@babel/runtime/helpers/asyncToGenerator.js:22:7
      at Object.<anonymous> (node_modules/@babel/runtime/helpers/asyncToGenerator.js:14:12)

    console.error
      The current testing environment is not configured to support act(...)

      41 |       const stored = await AsyncStorage.getItem(key);
      42 |       if (stored) {
    > 43 |         setSpentUtxos(new Set(JSON.parse(stored)));
         |         ^
      44 |       }
      45 |     } catch (error) {
      46 |       logger.error('Error loading spent UTXOs:', error);

      at isConcurrentActEnvironment (node_modules/react-test-renderer/cjs/react-test-renderer.development.js:10243:17)
      at warnIfUpdatesNotWrappedWithActDEV (node_modules/react-test-renderer/cjs/react-test-renderer.development.js:11798:7)
      at scheduleUpdateOnFiber (node_modules/react-test-renderer/cjs/react-test-renderer.development.js:10326:9)
      at dispatchSetStateInternal (node_modules/react-test-renderer/cjs/react-test-renderer.development.js:4148:13)
      at dispatchSetState (node_modules/react-test-renderer/cjs/react-test-renderer.development.js:4107:7)
      at setSpentUtxos (hooks/usePendingTransactionsStorage.js:43:9)
      at asyncGeneratorStep (node_modules/@babel/runtime/helpers/asyncToGenerator.js:3:17)
      at _next (node_modules/@babel/runtime/helpers/asyncToGenerator.js:17:9)

    console.error
      react-test-renderer is deprecated. See https://react.dev/warnings/react-test-renderer

      26 |   act(() => {
      27 |     component = Wrapper
    > 28 |       ? create(<Wrapper><TestComponent /></Wrapper>)
         |               ^
      29 |       : create(<TestComponent />);
      30 |   });
      31 |   return { result, rerender: component.update, unmount: component.unmount };

      at process.env.NODE_ENV.exports.create (node_modules/react-test-renderer/cjs/react-test-renderer.development.js:14598:17)
      at contexts/__tests__/PendingTransactionsContext.test.js:28:15
      at process.env.NODE_ENV.exports.act (node_modules/react/cjs/react.development.js:789:22)
      at renderHook (contexts/__tests__/PendingTransactionsContext.test.js:26:6)
      at Object.renderHook (contexts/__tests__/PendingTransactionsContext.test.js:590:26)
      at asyncGeneratorStep (node_modules/@babel/runtime/helpers/asyncToGenerator.js:3:17)
      at _next (node_modules/@babel/runtime/helpers/asyncToGenerator.js:17:9)
      at node_modules/@babel/runtime/helpers/asyncToGenerator.js:22:7
      at Object.<anonymous> (node_modules/@babel/runtime/helpers/asyncToGenerator.js:14:12)

    console.error
      The current testing environment is not configured to support act(...)

      26 |   act(() => {
      27 |     component = Wrapper
    > 28 |       ? create(<Wrapper><TestComponent /></Wrapper>)
         |               ^
      29 |       : create(<TestComponent />);
      30 |   });
      31 |   return { result, rerender: component.update, unmount: component.unmount };

      at isConcurrentActEnvironment (node_modules/react-test-renderer/cjs/react-test-renderer.development.js:10243:17)
      at warnIfUpdatesNotWrappedWithActDEV (node_modules/react-test-renderer/cjs/react-test-renderer.development.js:11798:7)
      at scheduleUpdateOnFiber (node_modules/react-test-renderer/cjs/react-test-renderer.development.js:10326:9)
      at updateContainerImpl (node_modules/react-test-renderer/cjs/react-test-renderer.development.js:12382:10)
      at updateContainer (node_modules/react-test-renderer/cjs/react-test-renderer.development.js:12326:7)
      at process.env.NODE_ENV.exports.create (node_modules/react-test-renderer/cjs/react-test-renderer.development.js:14630:7)
      at contexts/__tests__/PendingTransactionsContext.test.js:28:15
      at process.env.NODE_ENV.exports.act (node_modules/react/cjs/react.development.js:789:22)
      at renderHook (contexts/__tests__/PendingTransactionsContext.test.js:26:6)
      at Object.renderHook (contexts/__tests__/PendingTransactionsContext.test.js:590:26)
      at asyncGeneratorStep (node_modules/@babel/runtime/helpers/asyncToGenerator.js:3:17)
      at _next (node_modules/@babel/runtime/helpers/asyncToGenerator.js:17:9)
      at node_modules/@babel/runtime/helpers/asyncToGenerator.js:22:7
      at Object.<anonymous> (node_modules/@babel/runtime/helpers/asyncToGenerator.js:14:12)

    console.log
      [DEBUG] 🚫 Marking UTXO as spent: test1:0

      at Object.log [as debug] (utils/logger.js:24:15)
          at Array.forEach (<anonymous>)

    console.log
      [DEBUG] 🚫 Marking UTXO as spent: test2:1

      at Object.log [as debug] (utils/logger.js:24:15)
          at Array.forEach (<anonymous>)

    console.error
      The current testing environment is not configured to support act(...)

      254 |     });
      255 |
    > 256 |     setSpentUtxos(updated);
          |     ^
      257 |     await saveSpentUtxos(updated);
      258 |   }, [spentUtxos, currentAccount]);
      259 |     // eslint-disable-next-line react-hooks/exhaustive-deps

      at isConcurrentActEnvironment (node_modules/react-test-renderer/cjs/react-test-renderer.development.js:10243:17)
      at warnIfUpdatesNotWrappedWithActDEV (node_modules/react-test-renderer/cjs/react-test-renderer.development.js:11798:7)
      at scheduleUpdateOnFiber (node_modules/react-test-renderer/cjs/react-test-renderer.development.js:10326:9)
      at dispatchSetStateInternal (node_modules/react-test-renderer/cjs/react-test-renderer.development.js:4148:13)
      at dispatchSetState (node_modules/react-test-renderer/cjs/react-test-renderer.development.js:4107:7)
      at Object.setSpentUtxos (contexts/PendingTransactionsContext.js:256:5)
      at asyncGeneratorStep (node_modules/@babel/runtime/helpers/asyncToGenerator.js:3:17)
      at _next (node_modules/@babel/runtime/helpers/asyncToGenerator.js:17:9)
      at node_modules/@babel/runtime/helpers/asyncToGenerator.js:22:7
      at Object.<anonymous> (node_modules/@babel/runtime/helpers/asyncToGenerator.js:14:12)
      at Object.apply [as markUtxosAsSpent] (contexts/PendingTransactionsContext.js:258:4)
      at markUtxosAsSpent (contexts/__tests__/PendingTransactionsContext.test.js:593:30)
      at asyncGeneratorStep (node_modules/@babel/runtime/helpers/asyncToGenerator.js:3:17)
      at _next (node_modules/@babel/runtime/helpers/asyncToGenerator.js:17:9)
      at node_modules/@babel/runtime/helpers/asyncToGenerator.js:22:7
      at node_modules/@babel/runtime/helpers/asyncToGenerator.js:14:12
      at process.env.NODE_ENV.exports.act (node_modules/react/cjs/react.development.js:789:22)
      at Object.<anonymous> (contexts/__tests__/PendingTransactionsContext.test.js:592:16)
      at asyncGeneratorStep (node_modules/@babel/runtime/helpers/asyncToGenerator.js:3:17)
      at _next (node_modules/@babel/runtime/helpers/asyncToGenerator.js:17:9)
      at node_modules/@babel/runtime/helpers/asyncToGenerator.js:22:7
      at Object.<anonymous> (node_modules/@babel/runtime/helpers/asyncToGenerator.js:14:12)

    console.error
      react-test-renderer is deprecated. See https://react.dev/warnings/react-test-renderer

      26 |   act(() => {
      27 |     component = Wrapper
    > 28 |       ? create(<Wrapper><TestComponent /></Wrapper>)
         |               ^
      29 |       : create(<TestComponent />);
      30 |   });
      31 |   return { result, rerender: component.update, unmount: component.unmount };

      at process.env.NODE_ENV.exports.create (node_modules/react-test-renderer/cjs/react-test-renderer.development.js:14598:17)
      at contexts/__tests__/PendingTransactionsContext.test.js:28:15
      at process.env.NODE_ENV.exports.act (node_modules/react/cjs/react.development.js:789:22)
      at renderHook (contexts/__tests__/PendingTransactionsContext.test.js:26:6)
      at Object.renderHook (contexts/__tests__/PendingTransactionsContext.test.js:612:26)
      at asyncGeneratorStep (node_modules/@babel/runtime/helpers/asyncToGenerator.js:3:17)
      at _next (node_modules/@babel/runtime/helpers/asyncToGenerator.js:17:9)
      at node_modules/@babel/runtime/helpers/asyncToGenerator.js:22:7
      at Object.<anonymous> (node_modules/@babel/runtime/helpers/asyncToGenerator.js:14:12)

    console.error
      The current testing environment is not configured to support act(...)

      26 |   act(() => {
      27 |     component = Wrapper
    > 28 |       ? create(<Wrapper><TestComponent /></Wrapper>)
         |               ^
      29 |       : create(<TestComponent />);
      30 |   });
      31 |   return { result, rerender: component.update, unmount: component.unmount };

      at isConcurrentActEnvironment (node_modules/react-test-renderer/cjs/react-test-renderer.development.js:10243:17)
      at warnIfUpdatesNotWrappedWithActDEV (node_modules/react-test-renderer/cjs/react-test-renderer.development.js:11798:7)
      at scheduleUpdateOnFiber (node_modules/react-test-renderer/cjs/react-test-renderer.development.js:10326:9)
      at updateContainerImpl (node_modules/react-test-renderer/cjs/react-test-renderer.development.js:12382:10)
      at updateContainer (node_modules/react-test-renderer/cjs/react-test-renderer.development.js:12326:7)
      at process.env.NODE_ENV.exports.create (node_modules/react-test-renderer/cjs/react-test-renderer.development.js:14630:7)
      at contexts/__tests__/PendingTransactionsContext.test.js:28:15
      at process.env.NODE_ENV.exports.act (node_modules/react/cjs/react.development.js:789:22)
      at renderHook (contexts/__tests__/PendingTransactionsContext.test.js:26:6)
      at Object.renderHook (contexts/__tests__/PendingTransactionsContext.test.js:612:26)
      at asyncGeneratorStep (node_modules/@babel/runtime/helpers/asyncToGenerator.js:3:17)
      at _next (node_modules/@babel/runtime/helpers/asyncToGenerator.js:17:9)
      at node_modules/@babel/runtime/helpers/asyncToGenerator.js:22:7
      at Object.<anonymous> (node_modules/@babel/runtime/helpers/asyncToGenerator.js:14:12)

    console.log
      [DEBUG] 🚫 Marking UTXO as spent: utxo1:0

      at Object.log [as debug] (utils/logger.js:24:15)
          at Array.forEach (<anonymous>)

    console.log
      [DEBUG] 🚫 Marking UTXO as spent: utxo2:1

      at Object.log [as debug] (utils/logger.js:24:15)
          at Array.forEach (<anonymous>)

    console.error
      The current testing environment is not configured to support act(...)

      254 |     });
      255 |
    > 256 |     setSpentUtxos(updated);
          |     ^
      257 |     await saveSpentUtxos(updated);
      258 |   }, [spentUtxos, currentAccount]);
      259 |     // eslint-disable-next-line react-hooks/exhaustive-deps

      at isConcurrentActEnvironment (node_modules/react-test-renderer/cjs/react-test-renderer.development.js:10243:17)
      at warnIfUpdatesNotWrappedWithActDEV (node_modules/react-test-renderer/cjs/react-test-renderer.development.js:11798:7)
      at scheduleUpdateOnFiber (node_modules/react-test-renderer/cjs/react-test-renderer.development.js:10326:9)
      at dispatchSetStateInternal (node_modules/react-test-renderer/cjs/react-test-renderer.development.js:4148:13)
      at dispatchSetState (node_modules/react-test-renderer/cjs/react-test-renderer.development.js:4107:7)
      at Object.setSpentUtxos (contexts/PendingTransactionsContext.js:256:5)
      at asyncGeneratorStep (node_modules/@babel/runtime/helpers/asyncToGenerator.js:3:17)
      at _next (node_modules/@babel/runtime/helpers/asyncToGenerator.js:17:9)
      at node_modules/@babel/runtime/helpers/asyncToGenerator.js:22:7
      at Object.<anonymous> (node_modules/@babel/runtime/helpers/asyncToGenerator.js:14:12)
      at Object.apply [as markUtxosAsSpent] (contexts/PendingTransactionsContext.js:258:4)
      at markUtxosAsSpent (contexts/__tests__/PendingTransactionsContext.test.js:615:30)
      at asyncGeneratorStep (node_modules/@babel/runtime/helpers/asyncToGenerator.js:3:17)
      at _next (node_modules/@babel/runtime/helpers/asyncToGenerator.js:17:9)
      at node_modules/@babel/runtime/helpers/asyncToGenerator.js:22:7
      at node_modules/@babel/runtime/helpers/asyncToGenerator.js:14:12
      at process.env.NODE_ENV.exports.act (node_modules/react/cjs/react.development.js:789:22)
      at Object.<anonymous> (contexts/__tests__/PendingTransactionsContext.test.js:614:16)
      at asyncGeneratorStep (node_modules/@babel/runtime/helpers/asyncToGenerator.js:3:17)
      at _next (node_modules/@babel/runtime/helpers/asyncToGenerator.js:17:9)
      at node_modules/@babel/runtime/helpers/asyncToGenerator.js:22:7
      at Object.<anonymous> (node_modules/@babel/runtime/helpers/asyncToGenerator.js:14:12)

PASS contexts/__tests__/VaultContext.test.js
  ● Console

    console.error
      react-test-renderer is deprecated. See https://react.dev/warnings/react-test-renderer

      21 |   act(() => {
      22 |     component = Wrapper
    > 23 |       ? create(<Wrapper><TestComponent /></Wrapper>)
         |               ^
      24 |       : create(<TestComponent />);
      25 |   });
      26 |

      at process.env.NODE_ENV.exports.create (node_modules/react-test-renderer/cjs/react-test-renderer.development.js:14598:17)
      at contexts/__tests__/VaultContext.test.js:23:15
      at process.env.NODE_ENV.exports.act (node_modules/react/cjs/react.development.js:789:22)
      at renderHook (contexts/__tests__/VaultContext.test.js:21:6)
      at Object.renderHook (contexts/__tests__/VaultContext.test.js:62:24)

    console.error
      The current testing environment is not configured to support act(...)

      21 |   act(() => {
      22 |     component = Wrapper
    > 23 |       ? create(<Wrapper><TestComponent /></Wrapper>)
         |               ^
      24 |       : create(<TestComponent />);
      25 |   });
      26 |

      at isConcurrentActEnvironment (node_modules/react-test-renderer/cjs/react-test-renderer.development.js:10243:17)
      at warnIfUpdatesNotWrappedWithActDEV (node_modules/react-test-renderer/cjs/react-test-renderer.development.js:11798:7)
      at scheduleUpdateOnFiber (node_modules/react-test-renderer/cjs/react-test-renderer.development.js:10326:9)
      at updateContainerImpl (node_modules/react-test-renderer/cjs/react-test-renderer.development.js:12382:10)
      at updateContainer (node_modules/react-test-renderer/cjs/react-test-renderer.development.js:12326:7)
      at process.env.NODE_ENV.exports.create (node_modules/react-test-renderer/cjs/react-test-renderer.development.js:14630:7)
      at contexts/__tests__/VaultContext.test.js:23:15
      at process.env.NODE_ENV.exports.act (node_modules/react/cjs/react.development.js:789:22)
      at renderHook (contexts/__tests__/VaultContext.test.js:21:6)
      at Object.renderHook (contexts/__tests__/VaultContext.test.js:62:24)

    console.log
      [DEBUG] 🏦 Loading vault credentials in background for account: 0

      at Object.log [as debug] (utils/logger.js:24:15)

    console.error
      react-test-renderer is deprecated. See https://react.dev/warnings/react-test-renderer

      21 |   act(() => {
      22 |     component = Wrapper
    > 23 |       ? create(<Wrapper><TestComponent /></Wrapper>)
         |               ^
      24 |       : create(<TestComponent />);
      25 |   });
      26 |

      at process.env.NODE_ENV.exports.create (node_modules/react-test-renderer/cjs/react-test-renderer.development.js:14598:17)
      at contexts/__tests__/VaultContext.test.js:23:15
      at process.env.NODE_ENV.exports.act (node_modules/react/cjs/react.development.js:789:22)
      at renderHook (contexts/__tests__/VaultContext.test.js:21:6)
      at Object.renderHook (contexts/__tests__/VaultContext.test.js:77:24)

    console.error
      The current testing environment is not configured to support act(...)

      21 |   act(() => {
      22 |     component = Wrapper
    > 23 |       ? create(<Wrapper><TestComponent /></Wrapper>)
         |               ^
      24 |       : create(<TestComponent />);
      25 |   });
      26 |

      at isConcurrentActEnvironment (node_modules/react-test-renderer/cjs/react-test-renderer.development.js:10243:17)
      at warnIfUpdatesNotWrappedWithActDEV (node_modules/react-test-renderer/cjs/react-test-renderer.development.js:11798:7)
      at scheduleUpdateOnFiber (node_modules/react-test-renderer/cjs/react-test-renderer.development.js:10326:9)
      at updateContainerImpl (node_modules/react-test-renderer/cjs/react-test-renderer.development.js:12382:10)
      at updateContainer (node_modules/react-test-renderer/cjs/react-test-renderer.development.js:12326:7)
      at process.env.NODE_ENV.exports.create (node_modules/react-test-renderer/cjs/react-test-renderer.development.js:14630:7)
      at contexts/__tests__/VaultContext.test.js:23:15
      at process.env.NODE_ENV.exports.act (node_modules/react/cjs/react.development.js:789:22)
      at renderHook (contexts/__tests__/VaultContext.test.js:21:6)
      at Object.renderHook (contexts/__tests__/VaultContext.test.js:77:24)

    console.log
      [DEBUG] 🏦 Loading vault credentials in background for account: 0

      at Object.log [as debug] (utils/logger.js:24:15)

    console.error
      The current testing environment is not configured to support act(...)

      80 |
      81 |     act(() => {
    > 82 |       result.current.setActiveTab('vault');
         |                      ^
      83 |     });
      84 |
      85 |     expect(result.current.activeTab).toBe('vault');

      at isConcurrentActEnvironment (node_modules/react-test-renderer/cjs/react-test-renderer.development.js:10243:17)
      at warnIfUpdatesNotWrappedWithActDEV (node_modules/react-test-renderer/cjs/react-test-renderer.development.js:11798:7)
      at scheduleUpdateOnFiber (node_modules/react-test-renderer/cjs/react-test-renderer.development.js:10326:9)
      at dispatchSetStateInternal (node_modules/react-test-renderer/cjs/react-test-renderer.development.js:4148:13)
      at dispatchSetState (node_modules/react-test-renderer/cjs/react-test-renderer.development.js:4107:7)
      at setActiveTab (contexts/__tests__/VaultContext.test.js:82:22)
      at process.env.NODE_ENV.exports.act (node_modules/react/cjs/react.development.js:789:22)
      at Object.<anonymous> (contexts/__tests__/VaultContext.test.js:81:8)

    console.log
      [DEBUG] 🔄 Vault tab opened but credentials missing - retrying load {}

      at Object.log [as debug] (utils/logger.js:24:15)

    console.error
      react-test-renderer is deprecated. See https://react.dev/warnings/react-test-renderer

      21 |   act(() => {
      22 |     component = Wrapper
    > 23 |       ? create(<Wrapper><TestComponent /></Wrapper>)
         |               ^
      24 |       : create(<TestComponent />);
      25 |   });
      26 |

      at process.env.NODE_ENV.exports.create (node_modules/react-test-renderer/cjs/react-test-renderer.development.js:14598:17)
      at contexts/__tests__/VaultContext.test.js:23:15
      at process.env.NODE_ENV.exports.act (node_modules/react/cjs/react.development.js:789:22)
      at renderHook (contexts/__tests__/VaultContext.test.js:21:6)
      at Object.renderHook (contexts/__tests__/VaultContext.test.js:99:24)
      at asyncGeneratorStep (node_modules/@babel/runtime/helpers/asyncToGenerator.js:3:17)
      at _next (node_modules/@babel/runtime/helpers/asyncToGenerator.js:17:9)
      at node_modules/@babel/runtime/helpers/asyncToGenerator.js:22:7
      at Object.<anonymous> (node_modules/@babel/runtime/helpers/asyncToGenerator.js:14:12)

    console.error
      The current testing environment is not configured to support act(...)

      21 |   act(() => {
      22 |     component = Wrapper
    > 23 |       ? create(<Wrapper><TestComponent /></Wrapper>)
         |               ^
      24 |       : create(<TestComponent />);
      25 |   });
      26 |

      at isConcurrentActEnvironment (node_modules/react-test-renderer/cjs/react-test-renderer.development.js:10243:17)
      at warnIfUpdatesNotWrappedWithActDEV (node_modules/react-test-renderer/cjs/react-test-renderer.development.js:11798:7)
      at scheduleUpdateOnFiber (node_modules/react-test-renderer/cjs/react-test-renderer.development.js:10326:9)
      at updateContainerImpl (node_modules/react-test-renderer/cjs/react-test-renderer.development.js:12382:10)
      at updateContainer (node_modules/react-test-renderer/cjs/react-test-renderer.development.js:12326:7)
      at process.env.NODE_ENV.exports.create (node_modules/react-test-renderer/cjs/react-test-renderer.development.js:14630:7)
      at contexts/__tests__/VaultContext.test.js:23:15
      at process.env.NODE_ENV.exports.act (node_modules/react/cjs/react.development.js:789:22)
      at renderHook (contexts/__tests__/VaultContext.test.js:21:6)
      at Object.renderHook (contexts/__tests__/VaultContext.test.js:99:24)
      at asyncGeneratorStep (node_modules/@babel/runtime/helpers/asyncToGenerator.js:3:17)
      at _next (node_modules/@babel/runtime/helpers/asyncToGenerator.js:17:9)
      at node_modules/@babel/runtime/helpers/asyncToGenerator.js:22:7
      at Object.<anonymous> (node_modules/@babel/runtime/helpers/asyncToGenerator.js:14:12)

    console.log
      [DEBUG] 🏦 Loading vault credentials in background for account: 0

      at Object.log [as debug] (utils/logger.js:24:15)

    console.error
      The current testing environment is not configured to support act(...)

      37 |
      38 |           // Set credentials for vault WebView (loads in background)
    > 39 |           setVaultCredentials({
         |           ^
      40 |             satsAddress: addresses.segwitAddress,
      41 |             satsPubkey: addresses.segwitPubkey,
      42 |             runesAddress: addresses.taprootAddress,

      at isConcurrentActEnvironment (node_modules/react-test-renderer/cjs/react-test-renderer.development.js:10243:17)
      at warnIfUpdatesNotWrappedWithActDEV (node_modules/react-test-renderer/cjs/react-test-renderer.development.js:11798:7)
      at scheduleUpdateOnFiber (node_modules/react-test-renderer/cjs/react-test-renderer.development.js:10326:9)
      at dispatchSetStateInternal (node_modules/react-test-renderer/cjs/react-test-renderer.development.js:4148:13)
      at dispatchSetState (node_modules/react-test-renderer/cjs/react-test-renderer.development.js:4107:7)
      at setVaultCredentials (contexts/VaultContext.js:39:11)
      at asyncGeneratorStep (node_modules/@babel/runtime/helpers/asyncToGenerator.js:3:17)
      at _next (node_modules/@babel/runtime/helpers/asyncToGenerator.js:17:9)
      at node_modules/@babel/runtime/helpers/asyncToGenerator.js:22:7
      at node_modules/@babel/runtime/helpers/asyncToGenerator.js:14:12
      at apply (contexts/VaultContext.js:47:10)
      at callback (contexts/__tests__/VaultContext.test.js:91:13)
      at asyncGeneratorStep (node_modules/@babel/runtime/helpers/asyncToGenerator.js:3:17)
      at _next (node_modules/@babel/runtime/helpers/asyncToGenerator.js:17:9)
      at node_modules/@babel/runtime/helpers/asyncToGenerator.js:22:7
      at node_modules/@babel/runtime/helpers/asyncToGenerator.js:14:12
      at apply (contexts/__tests__/VaultContext.test.js:92:6)
      at contexts/VaultContext.js:34:27
      at asyncGeneratorStep (node_modules/@babel/runtime/helpers/asyncToGenerator.js:3:17)
      at _next (node_modules/@babel/runtime/helpers/asyncToGenerator.js:17:9)
      at node_modules/@babel/runtime/helpers/asyncToGenerator.js:22:7
      at node_modules/@babel/runtime/helpers/asyncToGenerator.js:14:12
      at apply (contexts/VaultContext.js:29:31)
      at loadVaultCredentials (contexts/VaultContext.js:57:5)
      at Object.react-stack-bottom-frame (node_modules/react-test-renderer/cjs/react-test-renderer.development.js:14062:20)
      at runWithFiberInDEV (node_modules/react-test-renderer/cjs/react-test-renderer.development.js:1574:13)
      at commitHookEffectListMount (node_modules/react-test-renderer/cjs/react-test-renderer.development.js:8376:29)
      at commitHookPassiveMountEffects (node_modules/react-test-renderer/cjs/react-test-renderer.development.js:8465:11)
      at commitPassiveMountOnFiber (node_modules/react-test-renderer/cjs/react-test-renderer.development.js:9782:13)
      at recursivelyTraversePassiveMountEffects (node_modules/react-test-renderer/cjs/react-test-renderer.development.js:9756:11)
      at commitPassiveMountOnFiber (node_modules/react-test-renderer/cjs/react-test-renderer.development.js:9775:11)
      at recursivelyTraversePassiveMountEffects (node_modules/react-test-renderer/cjs/react-test-renderer.development.js:9756:11)
      at commitPassiveMountOnFiber (node_modules/react-test-renderer/cjs/react-test-renderer.development.js:9794:11)
      at flushPendingEffects (node_modules/react-test-renderer/cjs/react-test-renderer.development.js:11528:11)
      at performWorkOnRootViaSchedulerTask (node_modules/react-test-renderer/cjs/react-test-renderer.development.js:2082:11)
      at flushActQueue (node_modules/react/cjs/react.development.js:566:34)
      at process.env.NODE_ENV.exports.act (node_modules/react/cjs/react.development.js:859:10)
      at renderHook (contexts/__tests__/VaultContext.test.js:21:6)
      at Object.renderHook (contexts/__tests__/VaultContext.test.js:99:24)
      at asyncGeneratorStep (node_modules/@babel/runtime/helpers/asyncToGenerator.js:3:17)
      at _next (node_modules/@babel/runtime/helpers/asyncToGenerator.js:17:9)
      at node_modules/@babel/runtime/helpers/asyncToGenerator.js:22:7
      at Object.<anonymous> (node_modules/@babel/runtime/helpers/asyncToGenerator.js:14:12)

    console.error
      The current testing environment is not configured to support act(...)

      93 |     try {
      94 |       // Switch to vault tab immediately for better UX
    > 95 |       setActiveTab('vault');
         |       ^
      96 |
      97 |       // Trigger auto-create if requested by incrementing counter
      98 |       // Only increment if credentials are loaded successfully

      at isConcurrentActEnvironment (node_modules/react-test-renderer/cjs/react-test-renderer.development.js:10243:17)
      at warnIfUpdatesNotWrappedWithActDEV (node_modules/react-test-renderer/cjs/react-test-renderer.development.js:11798:7)
      at scheduleUpdateOnFiber (node_modules/react-test-renderer/cjs/react-test-renderer.development.js:10326:9)
      at dispatchSetStateInternal (node_modules/react-test-renderer/cjs/react-test-renderer.development.js:4148:13)
      at dispatchSetState (node_modules/react-test-renderer/cjs/react-test-renderer.development.js:4107:7)
      at Object.setActiveTab (contexts/VaultContext.js:95:7)
      at asyncGeneratorStep (node_modules/@babel/runtime/helpers/asyncToGenerator.js:3:17)
      at _next (node_modules/@babel/runtime/helpers/asyncToGenerator.js:17:9)
      at node_modules/@babel/runtime/helpers/asyncToGenerator.js:22:7
      at Object.openVault (node_modules/@babel/runtime/helpers/asyncToGenerator.js:14:12)
      at openVault (contexts/__tests__/VaultContext.test.js:102:28)
      at asyncGeneratorStep (node_modules/@babel/runtime/helpers/asyncToGenerator.js:3:17)
      at _next (node_modules/@babel/runtime/helpers/asyncToGenerator.js:17:9)
      at node_modules/@babel/runtime/helpers/asyncToGenerator.js:22:7
      at node_modules/@babel/runtime/helpers/asyncToGenerator.js:14:12
      at process.env.NODE_ENV.exports.act (node_modules/react/cjs/react.development.js:789:22)
      at Object.<anonymous> (contexts/__tests__/VaultContext.test.js:101:14)
      at asyncGeneratorStep (node_modules/@babel/runtime/helpers/asyncToGenerator.js:3:17)
      at _next (node_modules/@babel/runtime/helpers/asyncToGenerator.js:17:9)
      at node_modules/@babel/runtime/helpers/asyncToGenerator.js:22:7
      at Object.<anonymous> (node_modules/@babel/runtime/helpers/asyncToGenerator.js:14:12)

    console.error
      react-test-renderer is deprecated. See https://react.dev/warnings/react-test-renderer

      21 |   act(() => {
      22 |     component = Wrapper
    > 23 |       ? create(<Wrapper><TestComponent /></Wrapper>)
         |               ^
      24 |       : create(<TestComponent />);
      25 |   });
      26 |

      at process.env.NODE_ENV.exports.create (node_modules/react-test-renderer/cjs/react-test-renderer.development.js:14598:17)
      at contexts/__tests__/VaultContext.test.js:23:15
      at process.env.NODE_ENV.exports.act (node_modules/react/cjs/react.development.js:789:22)
      at renderHook (contexts/__tests__/VaultContext.test.js:21:6)
      at Object.renderHook (contexts/__tests__/VaultContext.test.js:129:24)
      at asyncGeneratorStep (node_modules/@babel/runtime/helpers/asyncToGenerator.js:3:17)
      at _next (node_modules/@babel/runtime/helpers/asyncToGenerator.js:17:9)
      at node_modules/@babel/runtime/helpers/asyncToGenerator.js:22:7
      at Object.<anonymous> (node_modules/@babel/runtime/helpers/asyncToGenerator.js:14:12)

    console.error
      The current testing environment is not configured to support act(...)

      21 |   act(() => {
      22 |     component = Wrapper
    > 23 |       ? create(<Wrapper><TestComponent /></Wrapper>)
         |               ^
      24 |       : create(<TestComponent />);
      25 |   });
      26 |

      at isConcurrentActEnvironment (node_modules/react-test-renderer/cjs/react-test-renderer.development.js:10243:17)
      at warnIfUpdatesNotWrappedWithActDEV (node_modules/react-test-renderer/cjs/react-test-renderer.development.js:11798:7)
      at scheduleUpdateOnFiber (node_modules/react-test-renderer/cjs/react-test-renderer.development.js:10326:9)
      at updateContainerImpl (node_modules/react-test-renderer/cjs/react-test-renderer.development.js:12382:10)
      at updateContainer (node_modules/react-test-renderer/cjs/react-test-renderer.development.js:12326:7)
      at process.env.NODE_ENV.exports.create (node_modules/react-test-renderer/cjs/react-test-renderer.development.js:14630:7)
      at contexts/__tests__/VaultContext.test.js:23:15
      at process.env.NODE_ENV.exports.act (node_modules/react/cjs/react.development.js:789:22)
      at renderHook (contexts/__tests__/VaultContext.test.js:21:6)
      at Object.renderHook (contexts/__tests__/VaultContext.test.js:129:24)
      at asyncGeneratorStep (node_modules/@babel/runtime/helpers/asyncToGenerator.js:3:17)
      at _next (node_modules/@babel/runtime/helpers/asyncToGenerator.js:17:9)
      at node_modules/@babel/runtime/helpers/asyncToGenerator.js:22:7
      at Object.<anonymous> (node_modules/@babel/runtime/helpers/asyncToGenerator.js:14:12)

    console.log
      [DEBUG] 🏦 Loading vault credentials in background for account: 0

      at Object.log [as debug] (utils/logger.js:24:15)

    console.error
      The current testing environment is not configured to support act(...)

      37 |
      38 |           // Set credentials for vault WebView (loads in background)
    > 39 |           setVaultCredentials({
         |           ^
      40 |             satsAddress: addresses.segwitAddress,
      41 |             satsPubkey: addresses.segwitPubkey,
      42 |             runesAddress: addresses.taprootAddress,

      at isConcurrentActEnvironment (node_modules/react-test-renderer/cjs/react-test-renderer.development.js:10243:17)
      at warnIfUpdatesNotWrappedWithActDEV (node_modules/react-test-renderer/cjs/react-test-renderer.development.js:11798:7)
      at scheduleUpdateOnFiber (node_modules/react-test-renderer/cjs/react-test-renderer.development.js:10326:9)
      at dispatchSetStateInternal (node_modules/react-test-renderer/cjs/react-test-renderer.development.js:4148:13)
      at dispatchSetState (node_modules/react-test-renderer/cjs/react-test-renderer.development.js:4107:7)
      at setVaultCredentials (contexts/VaultContext.js:39:11)
      at asyncGeneratorStep (node_modules/@babel/runtime/helpers/asyncToGenerator.js:3:17)
      at _next (node_modules/@babel/runtime/helpers/asyncToGenerator.js:17:9)
      at node_modules/@babel/runtime/helpers/asyncToGenerator.js:22:7
      at node_modules/@babel/runtime/helpers/asyncToGenerator.js:14:12
      at apply (contexts/VaultContext.js:47:10)
      at callback (contexts/__tests__/VaultContext.test.js:121:13)
      at asyncGeneratorStep (node_modules/@babel/runtime/helpers/asyncToGenerator.js:3:17)
      at _next (node_modules/@babel/runtime/helpers/asyncToGenerator.js:17:9)
      at node_modules/@babel/runtime/helpers/asyncToGenerator.js:22:7
      at node_modules/@babel/runtime/helpers/asyncToGenerator.js:14:12
      at apply (contexts/__tests__/VaultContext.test.js:122:6)
      at contexts/VaultContext.js:34:27
      at asyncGeneratorStep (node_modules/@babel/runtime/helpers/asyncToGenerator.js:3:17)
      at _next (node_modules/@babel/runtime/helpers/asyncToGenerator.js:17:9)
      at node_modules/@babel/runtime/helpers/asyncToGenerator.js:22:7
      at node_modules/@babel/runtime/helpers/asyncToGenerator.js:14:12
      at apply (contexts/VaultContext.js:29:31)
      at loadVaultCredentials (contexts/VaultContext.js:57:5)
      at Object.react-stack-bottom-frame (node_modules/react-test-renderer/cjs/react-test-renderer.development.js:14062:20)
      at runWithFiberInDEV (node_modules/react-test-renderer/cjs/react-test-renderer.development.js:1574:13)
      at commitHookEffectListMount (node_modules/react-test-renderer/cjs/react-test-renderer.development.js:8376:29)
      at commitHookPassiveMountEffects (node_modules/react-test-renderer/cjs/react-test-renderer.development.js:8465:11)
      at commitPassiveMountOnFiber (node_modules/react-test-renderer/cjs/react-test-renderer.development.js:9782:13)
      at recursivelyTraversePassiveMountEffects (node_modules/react-test-renderer/cjs/react-test-renderer.development.js:9756:11)
      at commitPassiveMountOnFiber (node_modules/react-test-renderer/cjs/react-test-renderer.development.js:9775:11)
      at recursivelyTraversePassiveMountEffects (node_modules/react-test-renderer/cjs/react-test-renderer.development.js:9756:11)
      at commitPassiveMountOnFiber (node_modules/react-test-renderer/cjs/react-test-renderer.development.js:9794:11)
      at flushPendingEffects (node_modules/react-test-renderer/cjs/react-test-renderer.development.js:11528:11)
      at performWorkOnRootViaSchedulerTask (node_modules/react-test-renderer/cjs/react-test-renderer.development.js:2082:11)
      at flushActQueue (node_modules/react/cjs/react.development.js:566:34)
      at process.env.NODE_ENV.exports.act (node_modules/react/cjs/react.development.js:859:10)
      at renderHook (contexts/__tests__/VaultContext.test.js:21:6)
      at Object.renderHook (contexts/__tests__/VaultContext.test.js:129:24)
      at asyncGeneratorStep (node_modules/@babel/runtime/helpers/asyncToGenerator.js:3:17)
      at _next (node_modules/@babel/runtime/helpers/asyncToGenerator.js:17:9)
      at node_modules/@babel/runtime/helpers/asyncToGenerator.js:22:7
      at Object.<anonymous> (node_modules/@babel/runtime/helpers/asyncToGenerator.js:14:12)

    console.error
      The current testing environment is not configured to support act(...)

      93 |     try {
      94 |       // Switch to vault tab immediately for better UX
    > 95 |       setActiveTab('vault');
         |       ^
      96 |
      97 |       // Trigger auto-create if requested by incrementing counter
      98 |       // Only increment if credentials are loaded successfully

      at isConcurrentActEnvironment (node_modules/react-test-renderer/cjs/react-test-renderer.development.js:10243:17)
      at warnIfUpdatesNotWrappedWithActDEV (node_modules/react-test-renderer/cjs/react-test-renderer.development.js:11798:7)
      at scheduleUpdateOnFiber (node_modules/react-test-renderer/cjs/react-test-renderer.development.js:10326:9)
      at dispatchSetStateInternal (node_modules/react-test-renderer/cjs/react-test-renderer.development.js:4148:13)
      at dispatchSetState (node_modules/react-test-renderer/cjs/react-test-renderer.development.js:4107:7)
      at Object.setActiveTab (contexts/VaultContext.js:95:7)
      at asyncGeneratorStep (node_modules/@babel/runtime/helpers/asyncToGenerator.js:3:17)
      at _next (node_modules/@babel/runtime/helpers/asyncToGenerator.js:17:9)
      at node_modules/@babel/runtime/helpers/asyncToGenerator.js:22:7
      at Object.openVault (node_modules/@babel/runtime/helpers/asyncToGenerator.js:14:12)
      at openVault (contexts/__tests__/VaultContext.test.js:132:28)
      at asyncGeneratorStep (node_modules/@babel/runtime/helpers/asyncToGenerator.js:3:17)
      at _next (node_modules/@babel/runtime/helpers/asyncToGenerator.js:17:9)
      at node_modules/@babel/runtime/helpers/asyncToGenerator.js:22:7
      at node_modules/@babel/runtime/helpers/asyncToGenerator.js:14:12
      at process.env.NODE_ENV.exports.act (node_modules/react/cjs/react.development.js:789:22)
      at Object.<anonymous> (contexts/__tests__/VaultContext.test.js:131:14)
      at asyncGeneratorStep (node_modules/@babel/runtime/helpers/asyncToGenerator.js:3:17)
      at _next (node_modules/@babel/runtime/helpers/asyncToGenerator.js:17:9)
      at node_modules/@babel/runtime/helpers/asyncToGenerator.js:22:7
      at Object.<anonymous> (node_modules/@babel/runtime/helpers/asyncToGenerator.js:14:12)

    console.error
      The current testing environment is not configured to support act(...)

       98 |       // Only increment if credentials are loaded successfully
       99 |       if (shouldAutoCreate && vaultCredentials) {
    > 100 |         setAutoCreateVaultTrigger((prev) => prev + 1);
          |         ^
      101 |       }
      102 |     } catch (error) {
      103 |       setActiveTab('vault');

      at isConcurrentActEnvironment (node_modules/react-test-renderer/cjs/react-test-renderer.development.js:10243:17)
      at warnIfUpdatesNotWrappedWithActDEV (node_modules/react-test-renderer/cjs/react-test-renderer.development.js:11798:7)
      at scheduleUpdateOnFiber (node_modules/react-test-renderer/cjs/react-test-renderer.development.js:10326:9)
      at dispatchSetStateInternal (node_modules/react-test-renderer/cjs/react-test-renderer.development.js:4148:13)
      at dispatchSetState (node_modules/react-test-renderer/cjs/react-test-renderer.development.js:4107:7)
      at Object.setAutoCreateVaultTrigger (contexts/VaultContext.js:100:9)
      at asyncGeneratorStep (node_modules/@babel/runtime/helpers/asyncToGenerator.js:3:17)
      at _next (node_modules/@babel/runtime/helpers/asyncToGenerator.js:17:9)
      at node_modules/@babel/runtime/helpers/asyncToGenerator.js:22:7
      at Object.openVault (node_modules/@babel/runtime/helpers/asyncToGenerator.js:14:12)
      at openVault (contexts/__tests__/VaultContext.test.js:132:28)
      at asyncGeneratorStep (node_modules/@babel/runtime/helpers/asyncToGenerator.js:3:17)
      at _next (node_modules/@babel/runtime/helpers/asyncToGenerator.js:17:9)
      at node_modules/@babel/runtime/helpers/asyncToGenerator.js:22:7
      at node_modules/@babel/runtime/helpers/asyncToGenerator.js:14:12
      at process.env.NODE_ENV.exports.act (node_modules/react/cjs/react.development.js:789:22)
      at Object.<anonymous> (contexts/__tests__/VaultContext.test.js:131:14)
      at asyncGeneratorStep (node_modules/@babel/runtime/helpers/asyncToGenerator.js:3:17)
      at _next (node_modules/@babel/runtime/helpers/asyncToGenerator.js:17:9)
      at node_modules/@babel/runtime/helpers/asyncToGenerator.js:22:7
      at Object.<anonymous> (node_modules/@babel/runtime/helpers/asyncToGenerator.js:14:12)

    console.error
      The current testing environment is not configured to support act(...)

      93 |     try {
      94 |       // Switch to vault tab immediately for better UX
    > 95 |       setActiveTab('vault');
         |       ^
      96 |
      97 |       // Trigger auto-create if requested by incrementing counter
      98 |       // Only increment if credentials are loaded successfully

      at isConcurrentActEnvironment (node_modules/react-test-renderer/cjs/react-test-renderer.development.js:10243:17)
      at warnIfUpdatesNotWrappedWithActDEV (node_modules/react-test-renderer/cjs/react-test-renderer.development.js:11798:7)
      at scheduleUpdateOnFiber (node_modules/react-test-renderer/cjs/react-test-renderer.development.js:10326:9)
      at dispatchSetStateInternal (node_modules/react-test-renderer/cjs/react-test-renderer.development.js:4148:13)
      at dispatchSetState (node_modules/react-test-renderer/cjs/react-test-renderer.development.js:4107:7)
      at Object.setActiveTab (contexts/VaultContext.js:95:7)
      at asyncGeneratorStep (node_modules/@babel/runtime/helpers/asyncToGenerator.js:3:17)
      at _next (node_modules/@babel/runtime/helpers/asyncToGenerator.js:17:9)
      at node_modules/@babel/runtime/helpers/asyncToGenerator.js:22:7
      at Object.openVault (node_modules/@babel/runtime/helpers/asyncToGenerator.js:14:12)
      at openVault (contexts/__tests__/VaultContext.test.js:139:28)
      at asyncGeneratorStep (node_modules/@babel/runtime/helpers/asyncToGenerator.js:3:17)
      at _next (node_modules/@babel/runtime/helpers/asyncToGenerator.js:17:9)
      at node_modules/@babel/runtime/helpers/asyncToGenerator.js:22:7
      at node_modules/@babel/runtime/helpers/asyncToGenerator.js:14:12
      at process.env.NODE_ENV.exports.act (node_modules/react/cjs/react.development.js:789:22)
      at Object.<anonymous> (contexts/__tests__/VaultContext.test.js:138:14)
      at asyncGeneratorStep (node_modules/@babel/runtime/helpers/asyncToGenerator.js:3:17)
      at _next (node_modules/@babel/runtime/helpers/asyncToGenerator.js:17:9)

    console.error
      The current testing environment is not configured to support act(...)

       98 |       // Only increment if credentials are loaded successfully
       99 |       if (shouldAutoCreate && vaultCredentials) {
    > 100 |         setAutoCreateVaultTrigger((prev) => prev + 1);
          |         ^
      101 |       }
      102 |     } catch (error) {
      103 |       setActiveTab('vault');

      at isConcurrentActEnvironment (node_modules/react-test-renderer/cjs/react-test-renderer.development.js:10243:17)
      at warnIfUpdatesNotWrappedWithActDEV (node_modules/react-test-renderer/cjs/react-test-renderer.development.js:11798:7)
      at scheduleUpdateOnFiber (node_modules/react-test-renderer/cjs/react-test-renderer.development.js:10326:9)
      at dispatchSetStateInternal (node_modules/react-test-renderer/cjs/react-test-renderer.development.js:4148:13)
      at dispatchSetState (node_modules/react-test-renderer/cjs/react-test-renderer.development.js:4107:7)
      at Object.setAutoCreateVaultTrigger (contexts/VaultContext.js:100:9)
      at asyncGeneratorStep (node_modules/@babel/runtime/helpers/asyncToGenerator.js:3:17)
      at _next (node_modules/@babel/runtime/helpers/asyncToGenerator.js:17:9)
      at node_modules/@babel/runtime/helpers/asyncToGenerator.js:22:7
      at Object.openVault (node_modules/@babel/runtime/helpers/asyncToGenerator.js:14:12)
      at openVault (contexts/__tests__/VaultContext.test.js:139:28)
      at asyncGeneratorStep (node_modules/@babel/runtime/helpers/asyncToGenerator.js:3:17)
      at _next (node_modules/@babel/runtime/helpers/asyncToGenerator.js:17:9)
      at node_modules/@babel/runtime/helpers/asyncToGenerator.js:22:7
      at node_modules/@babel/runtime/helpers/asyncToGenerator.js:14:12
      at process.env.NODE_ENV.exports.act (node_modules/react/cjs/react.development.js:789:22)
      at Object.<anonymous> (contexts/__tests__/VaultContext.test.js:138:14)
      at asyncGeneratorStep (node_modules/@babel/runtime/helpers/asyncToGenerator.js:3:17)
      at _next (node_modules/@babel/runtime/helpers/asyncToGenerator.js:17:9)

    console.error
      react-test-renderer is deprecated. See https://react.dev/warnings/react-test-renderer

      21 |   act(() => {
      22 |     component = Wrapper
    > 23 |       ? create(<Wrapper><TestComponent /></Wrapper>)
         |               ^
      24 |       : create(<TestComponent />);
      25 |   });
      26 |

      at process.env.NODE_ENV.exports.create (node_modules/react-test-renderer/cjs/react-test-renderer.development.js:14598:17)
      at contexts/__tests__/VaultContext.test.js:23:15
      at process.env.NODE_ENV.exports.act (node_modules/react/cjs/react.development.js:789:22)
      at renderHook (contexts/__tests__/VaultContext.test.js:21:6)
      at Object.renderHook (contexts/__tests__/VaultContext.test.js:156:24)
      at asyncGeneratorStep (node_modules/@babel/runtime/helpers/asyncToGenerator.js:3:17)
      at _next (node_modules/@babel/runtime/helpers/asyncToGenerator.js:17:9)
      at node_modules/@babel/runtime/helpers/asyncToGenerator.js:22:7
      at Object.<anonymous> (node_modules/@babel/runtime/helpers/asyncToGenerator.js:14:12)

    console.error
      The current testing environment is not configured to support act(...)

      21 |   act(() => {
      22 |     component = Wrapper
    > 23 |       ? create(<Wrapper><TestComponent /></Wrapper>)
         |               ^
      24 |       : create(<TestComponent />);
      25 |   });
      26 |

      at isConcurrentActEnvironment (node_modules/react-test-renderer/cjs/react-test-renderer.development.js:10243:17)
      at warnIfUpdatesNotWrappedWithActDEV (node_modules/react-test-renderer/cjs/react-test-renderer.development.js:11798:7)
      at scheduleUpdateOnFiber (node_modules/react-test-renderer/cjs/react-test-renderer.development.js:10326:9)
      at updateContainerImpl (node_modules/react-test-renderer/cjs/react-test-renderer.development.js:12382:10)
      at updateContainer (node_modules/react-test-renderer/cjs/react-test-renderer.development.js:12326:7)
      at process.env.NODE_ENV.exports.create (node_modules/react-test-renderer/cjs/react-test-renderer.development.js:14630:7)
      at contexts/__tests__/VaultContext.test.js:23:15
      at process.env.NODE_ENV.exports.act (node_modules/react/cjs/react.development.js:789:22)
      at renderHook (contexts/__tests__/VaultContext.test.js:21:6)
      at Object.renderHook (contexts/__tests__/VaultContext.test.js:156:24)
      at asyncGeneratorStep (node_modules/@babel/runtime/helpers/asyncToGenerator.js:3:17)
      at _next (node_modules/@babel/runtime/helpers/asyncToGenerator.js:17:9)
      at node_modules/@babel/runtime/helpers/asyncToGenerator.js:22:7
      at Object.<anonymous> (node_modules/@babel/runtime/helpers/asyncToGenerator.js:14:12)

    console.log
      [DEBUG] 🏦 Loading vault credentials in background for account: 5

      at Object.log [as debug] (utils/logger.js:24:15)

    console.error
      The current testing environment is not configured to support act(...)

      37 |
      38 |           // Set credentials for vault WebView (loads in background)
    > 39 |           setVaultCredentials({
         |           ^
      40 |             satsAddress: addresses.segwitAddress,
      41 |             satsPubkey: addresses.segwitPubkey,
      42 |             runesAddress: addresses.taprootAddress,

      at isConcurrentActEnvironment (node_modules/react-test-renderer/cjs/react-test-renderer.development.js:10243:17)
      at warnIfUpdatesNotWrappedWithActDEV (node_modules/react-test-renderer/cjs/react-test-renderer.development.js:11798:7)
      at scheduleUpdateOnFiber (node_modules/react-test-renderer/cjs/react-test-renderer.development.js:10326:9)
      at dispatchSetStateInternal (node_modules/react-test-renderer/cjs/react-test-renderer.development.js:4148:13)
      at dispatchSetState (node_modules/react-test-renderer/cjs/react-test-renderer.development.js:4107:7)
      at setVaultCredentials (contexts/VaultContext.js:39:11)
      at asyncGeneratorStep (node_modules/@babel/runtime/helpers/asyncToGenerator.js:3:17)
      at _next (node_modules/@babel/runtime/helpers/asyncToGenerator.js:17:9)
      at node_modules/@babel/runtime/helpers/asyncToGenerator.js:22:7
      at node_modules/@babel/runtime/helpers/asyncToGenerator.js:14:12
      at apply (contexts/VaultContext.js:47:10)
      at callback (contexts/__tests__/VaultContext.test.js:148:13)
      at asyncGeneratorStep (node_modules/@babel/runtime/helpers/asyncToGenerator.js:3:17)
      at _next (node_modules/@babel/runtime/helpers/asyncToGenerator.js:17:9)
      at node_modules/@babel/runtime/helpers/asyncToGenerator.js:22:7
      at node_modules/@babel/runtime/helpers/asyncToGenerator.js:14:12
      at apply (contexts/__tests__/VaultContext.test.js:149:6)
      at contexts/VaultContext.js:34:27
      at asyncGeneratorStep (node_modules/@babel/runtime/helpers/asyncToGenerator.js:3:17)
      at _next (node_modules/@babel/runtime/helpers/asyncToGenerator.js:17:9)
      at node_modules/@babel/runtime/helpers/asyncToGenerator.js:22:7
      at node_modules/@babel/runtime/helpers/asyncToGenerator.js:14:12
      at apply (contexts/VaultContext.js:29:31)
      at loadVaultCredentials (contexts/VaultContext.js:57:5)
      at Object.react-stack-bottom-frame (node_modules/react-test-renderer/cjs/react-test-renderer.development.js:14062:20)
      at runWithFiberInDEV (node_modules/react-test-renderer/cjs/react-test-renderer.development.js:1574:13)
      at commitHookEffectListMount (node_modules/react-test-renderer/cjs/react-test-renderer.development.js:8376:29)
      at commitHookPassiveMountEffects (node_modules/react-test-renderer/cjs/react-test-renderer.development.js:8465:11)
      at commitPassiveMountOnFiber (node_modules/react-test-renderer/cjs/react-test-renderer.development.js:9782:13)
      at recursivelyTraversePassiveMountEffects (node_modules/react-test-renderer/cjs/react-test-renderer.development.js:9756:11)
      at commitPassiveMountOnFiber (node_modules/react-test-renderer/cjs/react-test-renderer.development.js:9775:11)
      at recursivelyTraversePassiveMountEffects (node_modules/react-test-renderer/cjs/react-test-renderer.development.js:9756:11)
      at commitPassiveMountOnFiber (node_modules/react-test-renderer/cjs/react-test-renderer.development.js:9794:11)
      at flushPendingEffects (node_modules/react-test-renderer/cjs/react-test-renderer.development.js:11528:11)
      at performWorkOnRootViaSchedulerTask (node_modules/react-test-renderer/cjs/react-test-renderer.development.js:2082:11)
      at flushActQueue (node_modules/react/cjs/react.development.js:566:34)
      at process.env.NODE_ENV.exports.act (node_modules/react/cjs/react.development.js:859:10)
      at renderHook (contexts/__tests__/VaultContext.test.js:21:6)
      at Object.renderHook (contexts/__tests__/VaultContext.test.js:156:24)
      at asyncGeneratorStep (node_modules/@babel/runtime/helpers/asyncToGenerator.js:3:17)
      at _next (node_modules/@babel/runtime/helpers/asyncToGenerator.js:17:9)
      at node_modules/@babel/runtime/helpers/asyncToGenerator.js:22:7
      at Object.<anonymous> (node_modules/@babel/runtime/helpers/asyncToGenerator.js:14:12)

    console.error
      The current testing environment is not configured to support act(...)

      93 |     try {
      94 |       // Switch to vault tab immediately for better UX
    > 95 |       setActiveTab('vault');
         |       ^
      96 |
      97 |       // Trigger auto-create if requested by incrementing counter
      98 |       // Only increment if credentials are loaded successfully

      at isConcurrentActEnvironment (node_modules/react-test-renderer/cjs/react-test-renderer.development.js:10243:17)
      at warnIfUpdatesNotWrappedWithActDEV (node_modules/react-test-renderer/cjs/react-test-renderer.development.js:11798:7)
      at scheduleUpdateOnFiber (node_modules/react-test-renderer/cjs/react-test-renderer.development.js:10326:9)
      at dispatchSetStateInternal (node_modules/react-test-renderer/cjs/react-test-renderer.development.js:4148:13)
      at dispatchSetState (node_modules/react-test-renderer/cjs/react-test-renderer.development.js:4107:7)
      at Object.setActiveTab (contexts/VaultContext.js:95:7)
      at asyncGeneratorStep (node_modules/@babel/runtime/helpers/asyncToGenerator.js:3:17)
      at _next (node_modules/@babel/runtime/helpers/asyncToGenerator.js:17:9)
      at node_modules/@babel/runtime/helpers/asyncToGenerator.js:22:7
      at Object.openVault (node_modules/@babel/runtime/helpers/asyncToGenerator.js:14:12)
      at openVault (contexts/__tests__/VaultContext.test.js:159:28)
      at asyncGeneratorStep (node_modules/@babel/runtime/helpers/asyncToGenerator.js:3:17)
      at _next (node_modules/@babel/runtime/helpers/asyncToGenerator.js:17:9)
      at node_modules/@babel/runtime/helpers/asyncToGenerator.js:22:7
      at node_modules/@babel/runtime/helpers/asyncToGenerator.js:14:12
      at process.env.NODE_ENV.exports.act (node_modules/react/cjs/react.development.js:789:22)
      at Object.<anonymous> (contexts/__tests__/VaultContext.test.js:158:14)
      at asyncGeneratorStep (node_modules/@babel/runtime/helpers/asyncToGenerator.js:3:17)
      at _next (node_modules/@babel/runtime/helpers/asyncToGenerator.js:17:9)
      at node_modules/@babel/runtime/helpers/asyncToGenerator.js:22:7
      at Object.<anonymous> (node_modules/@babel/runtime/helpers/asyncToGenerator.js:14:12)

    console.error
      react-test-renderer is deprecated. See https://react.dev/warnings/react-test-renderer

      21 |   act(() => {
      22 |     component = Wrapper
    > 23 |       ? create(<Wrapper><TestComponent /></Wrapper>)
         |               ^
      24 |       : create(<TestComponent />);
      25 |   });
      26 |

      at process.env.NODE_ENV.exports.create (node_modules/react-test-renderer/cjs/react-test-renderer.development.js:14598:17)
      at contexts/__tests__/VaultContext.test.js:23:15
      at process.env.NODE_ENV.exports.act (node_modules/react/cjs/react.development.js:789:22)
      at renderHook (contexts/__tests__/VaultContext.test.js:21:6)
      at Object.renderHook (contexts/__tests__/VaultContext.test.js:173:24)
      at asyncGeneratorStep (node_modules/@babel/runtime/helpers/asyncToGenerator.js:3:17)
      at _next (node_modules/@babel/runtime/helpers/asyncToGenerator.js:17:9)
      at node_modules/@babel/runtime/helpers/asyncToGenerator.js:22:7
      at Object.<anonymous> (node_modules/@babel/runtime/helpers/asyncToGenerator.js:14:12)

    console.error
      The current testing environment is not configured to support act(...)

      21 |   act(() => {
      22 |     component = Wrapper
    > 23 |       ? create(<Wrapper><TestComponent /></Wrapper>)
         |               ^
      24 |       : create(<TestComponent />);
      25 |   });
      26 |

      at isConcurrentActEnvironment (node_modules/react-test-renderer/cjs/react-test-renderer.development.js:10243:17)
      at warnIfUpdatesNotWrappedWithActDEV (node_modules/react-test-renderer/cjs/react-test-renderer.development.js:11798:7)
      at scheduleUpdateOnFiber (node_modules/react-test-renderer/cjs/react-test-renderer.development.js:10326:9)
      at updateContainerImpl (node_modules/react-test-renderer/cjs/react-test-renderer.development.js:12382:10)
      at updateContainer (node_modules/react-test-renderer/cjs/react-test-renderer.development.js:12326:7)
      at process.env.NODE_ENV.exports.create (node_modules/react-test-renderer/cjs/react-test-renderer.development.js:14630:7)
      at contexts/__tests__/VaultContext.test.js:23:15
      at process.env.NODE_ENV.exports.act (node_modules/react/cjs/react.development.js:789:22)
      at renderHook (contexts/__tests__/VaultContext.test.js:21:6)
      at Object.renderHook (contexts/__tests__/VaultContext.test.js:173:24)
      at asyncGeneratorStep (node_modules/@babel/runtime/helpers/asyncToGenerator.js:3:17)
      at _next (node_modules/@babel/runtime/helpers/asyncToGenerator.js:17:9)
      at node_modules/@babel/runtime/helpers/asyncToGenerator.js:22:7
      at Object.<anonymous> (node_modules/@babel/runtime/helpers/asyncToGenerator.js:14:12)

    console.log
      [DEBUG] 🏦 Loading vault credentials in background for account: 0

      at Object.log [as debug] (utils/logger.js:24:15)

    console.error
      The current testing environment is not configured to support act(...)

      93 |     try {
      94 |       // Switch to vault tab immediately for better UX
    > 95 |       setActiveTab('vault');
         |       ^
      96 |
      97 |       // Trigger auto-create if requested by incrementing counter
      98 |       // Only increment if credentials are loaded successfully

      at isConcurrentActEnvironment (node_modules/react-test-renderer/cjs/react-test-renderer.development.js:10243:17)
      at warnIfUpdatesNotWrappedWithActDEV (node_modules/react-test-renderer/cjs/react-test-renderer.development.js:11798:7)
      at scheduleUpdateOnFiber (node_modules/react-test-renderer/cjs/react-test-renderer.development.js:10326:9)
      at dispatchSetStateInternal (node_modules/react-test-renderer/cjs/react-test-renderer.development.js:4148:13)
      at dispatchSetState (node_modules/react-test-renderer/cjs/react-test-renderer.development.js:4107:7)
      at Object.setActiveTab (contexts/VaultContext.js:95:7)
      at asyncGeneratorStep (node_modules/@babel/runtime/helpers/asyncToGenerator.js:3:17)
      at _next (node_modules/@babel/runtime/helpers/asyncToGenerator.js:17:9)
      at node_modules/@babel/runtime/helpers/asyncToGenerator.js:22:7
      at Object.openVault (node_modules/@babel/runtime/helpers/asyncToGenerator.js:14:12)
      at openVault (contexts/__tests__/VaultContext.test.js:176:28)
      at asyncGeneratorStep (node_modules/@babel/runtime/helpers/asyncToGenerator.js:3:17)
      at _next (node_modules/@babel/runtime/helpers/asyncToGenerator.js:17:9)
      at node_modules/@babel/runtime/helpers/asyncToGenerator.js:22:7
      at node_modules/@babel/runtime/helpers/asyncToGenerator.js:14:12
      at process.env.NODE_ENV.exports.act (node_modules/react/cjs/react.development.js:789:22)
      at Object.<anonymous> (contexts/__tests__/VaultContext.test.js:175:14)
      at asyncGeneratorStep (node_modules/@babel/runtime/helpers/asyncToGenerator.js:3:17)
      at _next (node_modules/@babel/runtime/helpers/asyncToGenerator.js:17:9)
      at node_modules/@babel/runtime/helpers/asyncToGenerator.js:22:7
      at Object.<anonymous> (node_modules/@babel/runtime/helpers/asyncToGenerator.js:14:12)

    console.error
      [ERROR] ❌ Error loading vault credentials: Error: Mnemonic error
          at Object.<anonymous> (/Users/lucasrodriguez/Desktop/Ducat/app/app/contexts/__tests__/VaultContext.test.js:166:48)
          at Generator.next (<anonymous>)
          at asyncGeneratorStep (/Users/lucasrodriguez/Desktop/Ducat/app/app/node_modules/@babel/runtime/helpers/asyncToGenerator.js:3:17)
          at _next (/Users/lucasrodriguez/Desktop/Ducat/app/app/node_modules/@babel/runtime/helpers/asyncToGenerator.js:17:9)
          at /Users/lucasrodriguez/Desktop/Ducat/app/app/node_modules/@babel/runtime/helpers/asyncToGenerator.js:22:7
          at new Promise (<anonymous>)
          at Object.<anonymous> (/Users/lucasrodriguez/Desktop/Ducat/app/app/node_modules/@babel/runtime/helpers/asyncToGenerator.js:14:12)
          at Promise.finally.completed (/Users/lucasrodriguez/Desktop/Ducat/app/app/node_modules/jest-circus/build/jestAdapterInit.js:1557:28)
          at new Promise (<anonymous>)
          at callAsyncCircusFn (/Users/lucasrodriguez/Desktop/Ducat/app/app/node_modules/jest-circus/build/jestAdapterInit.js:1497:10)
          at _callCircusTest (/Users/lucasrodriguez/Desktop/Ducat/app/app/node_modules/jest-circus/build/jestAdapterInit.js:1007:40)
          at _runTest (/Users/lucasrodriguez/Desktop/Ducat/app/app/node_modules/jest-circus/build/jestAdapterInit.js:947:3)
          at /Users/lucasrodriguez/Desktop/Ducat/app/app/node_modules/jest-circus/build/jestAdapterInit.js:849:7
          at _runTestsForDescribeBlock (/Users/lucasrodriguez/Desktop/Ducat/app/app/node_modules/jest-circus/build/jestAdapterInit.js:862:11)
          at _runTestsForDescribeBlock (/Users/lucasrodriguez/Desktop/Ducat/app/app/node_modules/jest-circus/build/jestAdapterInit.js:857:11)
          at run (/Users/lucasrodriguez/Desktop/Ducat/app/app/node_modules/jest-circus/build/jestAdapterInit.js:761:3)
          at runAndTransformResultsToJestFormat (/Users/lucasrodriguez/Desktop/Ducat/app/app/node_modules/jest-circus/build/jestAdapterInit.js:1918:21)
          at jestAdapter (/Users/lucasrodriguez/Desktop/Ducat/app/app/node_modules/jest-circus/build/runner.js:101:19)
          at runTestInternal (/Users/lucasrodriguez/Desktop/Ducat/app/app/node_modules/jest-runner/build/testWorker.js:275:16)
          at runTest (/Users/lucasrodriguez/Desktop/Ducat/app/app/node_modules/jest-runner/build/testWorker.js:343:7)
          at Object.worker (/Users/lucasrodriguez/Desktop/Ducat/app/app/node_modules/jest-runner/build/testWorker.js:497:12)

      74 |   error: (error, context = {}) => {
      75 |     if (isDev) {
    > 76 |       console.error('[ERROR]', error, context);
         |               ^
      77 |     } else {
      78 |       if (error instanceof Error) {
      79 |         Sentry.captureException(error, {

      at Object.error (utils/logger.js:76:15)
      at error (contexts/VaultContext.js:52:18)
          at Generator.throw (<anonymous>)
      at asyncGeneratorStep (node_modules/@babel/runtime/helpers/asyncToGenerator.js:3:17)
      at _throw (node_modules/@babel/runtime/helpers/asyncToGenerator.js:20:9)

    console.log
      [DEBUG] 🔄 Vault tab opened but credentials missing - retrying load {}

      at Object.log [as debug] (utils/logger.js:24:15)

    console.error
      react-test-renderer is deprecated. See https://react.dev/warnings/react-test-renderer

      21 |   act(() => {
      22 |     component = Wrapper
    > 23 |       ? create(<Wrapper><TestComponent /></Wrapper>)
         |               ^
      24 |       : create(<TestComponent />);
      25 |   });
      26 |

      at process.env.NODE_ENV.exports.create (node_modules/react-test-renderer/cjs/react-test-renderer.development.js:14598:17)
      at contexts/__tests__/VaultContext.test.js:23:15
      at process.env.NODE_ENV.exports.act (node_modules/react/cjs/react.development.js:789:22)
      at renderHook (contexts/__tests__/VaultContext.test.js:21:6)
      at Object.renderHook (contexts/__tests__/VaultContext.test.js:193:24)
      at asyncGeneratorStep (node_modules/@babel/runtime/helpers/asyncToGenerator.js:3:17)
      at _next (node_modules/@babel/runtime/helpers/asyncToGenerator.js:17:9)
      at node_modules/@babel/runtime/helpers/asyncToGenerator.js:22:7
      at Object.<anonymous> (node_modules/@babel/runtime/helpers/asyncToGenerator.js:14:12)

    console.error
      The current testing environment is not configured to support act(...)

      21 |   act(() => {
      22 |     component = Wrapper
    > 23 |       ? create(<Wrapper><TestComponent /></Wrapper>)
         |               ^
      24 |       : create(<TestComponent />);
      25 |   });
      26 |

      at isConcurrentActEnvironment (node_modules/react-test-renderer/cjs/react-test-renderer.development.js:10243:17)
      at warnIfUpdatesNotWrappedWithActDEV (node_modules/react-test-renderer/cjs/react-test-renderer.development.js:11798:7)
      at scheduleUpdateOnFiber (node_modules/react-test-renderer/cjs/react-test-renderer.development.js:10326:9)
      at updateContainerImpl (node_modules/react-test-renderer/cjs/react-test-renderer.development.js:12382:10)
      at updateContainer (node_modules/react-test-renderer/cjs/react-test-renderer.development.js:12326:7)
      at process.env.NODE_ENV.exports.create (node_modules/react-test-renderer/cjs/react-test-renderer.development.js:14630:7)
      at contexts/__tests__/VaultContext.test.js:23:15
      at process.env.NODE_ENV.exports.act (node_modules/react/cjs/react.development.js:789:22)
      at renderHook (contexts/__tests__/VaultContext.test.js:21:6)
      at Object.renderHook (contexts/__tests__/VaultContext.test.js:193:24)
      at asyncGeneratorStep (node_modules/@babel/runtime/helpers/asyncToGenerator.js:3:17)
      at _next (node_modules/@babel/runtime/helpers/asyncToGenerator.js:17:9)
      at node_modules/@babel/runtime/helpers/asyncToGenerator.js:22:7
      at Object.<anonymous> (node_modules/@babel/runtime/helpers/asyncToGenerator.js:14:12)

    console.log
      [DEBUG] 🏦 Loading vault credentials in background for account: 0

      at Object.log [as debug] (utils/logger.js:24:15)

    console.error
      The current testing environment is not configured to support act(...)

      93 |     try {
      94 |       // Switch to vault tab immediately for better UX
    > 95 |       setActiveTab('vault');
         |       ^
      96 |
      97 |       // Trigger auto-create if requested by incrementing counter
      98 |       // Only increment if credentials are loaded successfully

      at isConcurrentActEnvironment (node_modules/react-test-renderer/cjs/react-test-renderer.development.js:10243:17)
      at warnIfUpdatesNotWrappedWithActDEV (node_modules/react-test-renderer/cjs/react-test-renderer.development.js:11798:7)
      at scheduleUpdateOnFiber (node_modules/react-test-renderer/cjs/react-test-renderer.development.js:10326:9)
      at dispatchSetStateInternal (node_modules/react-test-renderer/cjs/react-test-renderer.development.js:4148:13)
      at dispatchSetState (node_modules/react-test-renderer/cjs/react-test-renderer.development.js:4107:7)
      at Object.setActiveTab (contexts/VaultContext.js:95:7)
      at asyncGeneratorStep (node_modules/@babel/runtime/helpers/asyncToGenerator.js:3:17)
      at _next (node_modules/@babel/runtime/helpers/asyncToGenerator.js:17:9)
      at node_modules/@babel/runtime/helpers/asyncToGenerator.js:22:7
      at Object.openVault (node_modules/@babel/runtime/helpers/asyncToGenerator.js:14:12)
      at openVault (contexts/__tests__/VaultContext.test.js:198:28)
      at asyncGeneratorStep (node_modules/@babel/runtime/helpers/asyncToGenerator.js:3:17)
      at _next (node_modules/@babel/runtime/helpers/asyncToGenerator.js:17:9)
      at node_modules/@babel/runtime/helpers/asyncToGenerator.js:22:7
      at node_modules/@babel/runtime/helpers/asyncToGenerator.js:14:12
      at process.env.NODE_ENV.exports.act (node_modules/react/cjs/react.development.js:789:22)
      at Object.<anonymous> (contexts/__tests__/VaultContext.test.js:197:14)
      at asyncGeneratorStep (node_modules/@babel/runtime/helpers/asyncToGenerator.js:3:17)
      at _next (node_modules/@babel/runtime/helpers/asyncToGenerator.js:17:9)
      at node_modules/@babel/runtime/helpers/asyncToGenerator.js:22:7
      at Object.<anonymous> (node_modules/@babel/runtime/helpers/asyncToGenerator.js:14:12)

    console.error
      [ERROR] ❌ Error loading vault credentials: Error: Mnemonic error
          at Object.<anonymous> (/Users/lucasrodriguez/Desktop/Ducat/app/app/contexts/__tests__/VaultContext.test.js:186:48)
          at Generator.next (<anonymous>)
          at asyncGeneratorStep (/Users/lucasrodriguez/Desktop/Ducat/app/app/node_modules/@babel/runtime/helpers/asyncToGenerator.js:3:17)
          at _next (/Users/lucasrodriguez/Desktop/Ducat/app/app/node_modules/@babel/runtime/helpers/asyncToGenerator.js:17:9)
          at /Users/lucasrodriguez/Desktop/Ducat/app/app/node_modules/@babel/runtime/helpers/asyncToGenerator.js:22:7
          at new Promise (<anonymous>)
          at Object.<anonymous> (/Users/lucasrodriguez/Desktop/Ducat/app/app/node_modules/@babel/runtime/helpers/asyncToGenerator.js:14:12)
          at Promise.finally.completed (/Users/lucasrodriguez/Desktop/Ducat/app/app/node_modules/jest-circus/build/jestAdapterInit.js:1557:28)
          at new Promise (<anonymous>)
          at callAsyncCircusFn (/Users/lucasrodriguez/Desktop/Ducat/app/app/node_modules/jest-circus/build/jestAdapterInit.js:1497:10)
          at _callCircusTest (/Users/lucasrodriguez/Desktop/Ducat/app/app/node_modules/jest-circus/build/jestAdapterInit.js:1007:40)
          at _runTest (/Users/lucasrodriguez/Desktop/Ducat/app/app/node_modules/jest-circus/build/jestAdapterInit.js:947:3)
          at /Users/lucasrodriguez/Desktop/Ducat/app/app/node_modules/jest-circus/build/jestAdapterInit.js:849:7
          at _runTestsForDescribeBlock (/Users/lucasrodriguez/Desktop/Ducat/app/app/node_modules/jest-circus/build/jestAdapterInit.js:862:11)
          at _runTestsForDescribeBlock (/Users/lucasrodriguez/Desktop/Ducat/app/app/node_modules/jest-circus/build/jestAdapterInit.js:857:11)
          at run (/Users/lucasrodriguez/Desktop/Ducat/app/app/node_modules/jest-circus/build/jestAdapterInit.js:761:3)
          at runAndTransformResultsToJestFormat (/Users/lucasrodriguez/Desktop/Ducat/app/app/node_modules/jest-circus/build/jestAdapterInit.js:1918:21)
          at jestAdapter (/Users/lucasrodriguez/Desktop/Ducat/app/app/node_modules/jest-circus/build/runner.js:101:19)
          at runTestInternal (/Users/lucasrodriguez/Desktop/Ducat/app/app/node_modules/jest-runner/build/testWorker.js:275:16)
          at runTest (/Users/lucasrodriguez/Desktop/Ducat/app/app/node_modules/jest-runner/build/testWorker.js:343:7)
          at Object.worker (/Users/lucasrodriguez/Desktop/Ducat/app/app/node_modules/jest-runner/build/testWorker.js:497:12)

      74 |   error: (error, context = {}) => {
      75 |     if (isDev) {
    > 76 |       console.error('[ERROR]', error, context);
         |               ^
      77 |     } else {
      78 |       if (error instanceof Error) {
      79 |         Sentry.captureException(error, {

      at Object.error (utils/logger.js:76:15)
      at error (contexts/VaultContext.js:52:18)
          at Generator.throw (<anonymous>)
      at asyncGeneratorStep (node_modules/@babel/runtime/helpers/asyncToGenerator.js:3:17)
      at _throw (node_modules/@babel/runtime/helpers/asyncToGenerator.js:20:9)

    console.log
      [DEBUG] 🔄 Vault tab opened but credentials missing - retrying load {}

      at Object.log [as debug] (utils/logger.js:24:15)

    console.error
      react-test-renderer is deprecated. See https://react.dev/warnings/react-test-renderer

      21 |   act(() => {
      22 |     component = Wrapper
    > 23 |       ? create(<Wrapper><TestComponent /></Wrapper>)
         |               ^
      24 |       : create(<TestComponent />);
      25 |   });
      26 |

      at process.env.NODE_ENV.exports.create (node_modules/react-test-renderer/cjs/react-test-renderer.development.js:14598:17)
      at contexts/__tests__/VaultContext.test.js:23:15
      at process.env.NODE_ENV.exports.act (node_modules/react/cjs/react.development.js:789:22)
      at renderHook (contexts/__tests__/VaultContext.test.js:21:6)
      at Object.renderHook (contexts/__tests__/VaultContext.test.js:216:24)
      at asyncGeneratorStep (node_modules/@babel/runtime/helpers/asyncToGenerator.js:3:17)
      at _next (node_modules/@babel/runtime/helpers/asyncToGenerator.js:17:9)
      at node_modules/@babel/runtime/helpers/asyncToGenerator.js:22:7
      at Object.<anonymous> (node_modules/@babel/runtime/helpers/asyncToGenerator.js:14:12)

    console.error
      The current testing environment is not configured to support act(...)

      21 |   act(() => {
      22 |     component = Wrapper
    > 23 |       ? create(<Wrapper><TestComponent /></Wrapper>)
         |               ^
      24 |       : create(<TestComponent />);
      25 |   });
      26 |

      at isConcurrentActEnvironment (node_modules/react-test-renderer/cjs/react-test-renderer.development.js:10243:17)
      at warnIfUpdatesNotWrappedWithActDEV (node_modules/react-test-renderer/cjs/react-test-renderer.development.js:11798:7)
      at scheduleUpdateOnFiber (node_modules/react-test-renderer/cjs/react-test-renderer.development.js:10326:9)
      at updateContainerImpl (node_modules/react-test-renderer/cjs/react-test-renderer.development.js:12382:10)
      at updateContainer (node_modules/react-test-renderer/cjs/react-test-renderer.development.js:12326:7)
      at process.env.NODE_ENV.exports.create (node_modules/react-test-renderer/cjs/react-test-renderer.development.js:14630:7)
      at contexts/__tests__/VaultContext.test.js:23:15
      at process.env.NODE_ENV.exports.act (node_modules/react/cjs/react.development.js:789:22)
      at renderHook (contexts/__tests__/VaultContext.test.js:21:6)
      at Object.renderHook (contexts/__tests__/VaultContext.test.js:216:24)
      at asyncGeneratorStep (node_modules/@babel/runtime/helpers/asyncToGenerator.js:3:17)
      at _next (node_modules/@babel/runtime/helpers/asyncToGenerator.js:17:9)
      at node_modules/@babel/runtime/helpers/asyncToGenerator.js:22:7
      at Object.<anonymous> (node_modules/@babel/runtime/helpers/asyncToGenerator.js:14:12)

    console.log
      [DEBUG] 🏦 Loading vault credentials in background for account: 0

      at Object.log [as debug] (utils/logger.js:24:15)

    console.error
      The current testing environment is not configured to support act(...)

      37 |
      38 |           // Set credentials for vault WebView (loads in background)
    > 39 |           setVaultCredentials({
         |           ^
      40 |             satsAddress: addresses.segwitAddress,
      41 |             satsPubkey: addresses.segwitPubkey,
      42 |             runesAddress: addresses.taprootAddress,

      at isConcurrentActEnvironment (node_modules/react-test-renderer/cjs/react-test-renderer.development.js:10243:17)
      at warnIfUpdatesNotWrappedWithActDEV (node_modules/react-test-renderer/cjs/react-test-renderer.development.js:11798:7)
      at scheduleUpdateOnFiber (node_modules/react-test-renderer/cjs/react-test-renderer.development.js:10326:9)
      at dispatchSetStateInternal (node_modules/react-test-renderer/cjs/react-test-renderer.development.js:4148:13)
      at dispatchSetState (node_modules/react-test-renderer/cjs/react-test-renderer.development.js:4107:7)
      at setVaultCredentials (contexts/VaultContext.js:39:11)
      at asyncGeneratorStep (node_modules/@babel/runtime/helpers/asyncToGenerator.js:3:17)
      at _next (node_modules/@babel/runtime/helpers/asyncToGenerator.js:17:9)
      at node_modules/@babel/runtime/helpers/asyncToGenerator.js:22:7
      at node_modules/@babel/runtime/helpers/asyncToGenerator.js:14:12
      at apply (contexts/VaultContext.js:47:10)
      at callback (contexts/__tests__/VaultContext.test.js:208:13)
      at asyncGeneratorStep (node_modules/@babel/runtime/helpers/asyncToGenerator.js:3:17)
      at _next (node_modules/@babel/runtime/helpers/asyncToGenerator.js:17:9)
      at node_modules/@babel/runtime/helpers/asyncToGenerator.js:22:7
      at node_modules/@babel/runtime/helpers/asyncToGenerator.js:14:12
      at apply (contexts/__tests__/VaultContext.test.js:209:6)
      at contexts/VaultContext.js:34:27
      at asyncGeneratorStep (node_modules/@babel/runtime/helpers/asyncToGenerator.js:3:17)
      at _next (node_modules/@babel/runtime/helpers/asyncToGenerator.js:17:9)
      at node_modules/@babel/runtime/helpers/asyncToGenerator.js:22:7
      at node_modules/@babel/runtime/helpers/asyncToGenerator.js:14:12
      at apply (contexts/VaultContext.js:29:31)
      at loadVaultCredentials (contexts/VaultContext.js:57:5)
      at Object.react-stack-bottom-frame (node_modules/react-test-renderer/cjs/react-test-renderer.development.js:14062:20)
      at runWithFiberInDEV (node_modules/react-test-renderer/cjs/react-test-renderer.development.js:1574:13)
      at commitHookEffectListMount (node_modules/react-test-renderer/cjs/react-test-renderer.development.js:8376:29)
      at commitHookPassiveMountEffects (node_modules/react-test-renderer/cjs/react-test-renderer.development.js:8465:11)
      at commitPassiveMountOnFiber (node_modules/react-test-renderer/cjs/react-test-renderer.development.js:9782:13)
      at recursivelyTraversePassiveMountEffects (node_modules/react-test-renderer/cjs/react-test-renderer.development.js:9756:11)
      at commitPassiveMountOnFiber (node_modules/react-test-renderer/cjs/react-test-renderer.development.js:9775:11)
      at recursivelyTraversePassiveMountEffects (node_modules/react-test-renderer/cjs/react-test-renderer.development.js:9756:11)
      at commitPassiveMountOnFiber (node_modules/react-test-renderer/cjs/react-test-renderer.development.js:9794:11)
      at flushPendingEffects (node_modules/react-test-renderer/cjs/react-test-renderer.development.js:11528:11)
      at performWorkOnRootViaSchedulerTask (node_modules/react-test-renderer/cjs/react-test-renderer.development.js:2082:11)
      at flushActQueue (node_modules/react/cjs/react.development.js:566:34)
      at process.env.NODE_ENV.exports.act (node_modules/react/cjs/react.development.js:859:10)
      at renderHook (contexts/__tests__/VaultContext.test.js:21:6)
      at Object.renderHook (contexts/__tests__/VaultContext.test.js:216:24)
      at asyncGeneratorStep (node_modules/@babel/runtime/helpers/asyncToGenerator.js:3:17)
      at _next (node_modules/@babel/runtime/helpers/asyncToGenerator.js:17:9)
      at node_modules/@babel/runtime/helpers/asyncToGenerator.js:22:7
      at Object.<anonymous> (node_modules/@babel/runtime/helpers/asyncToGenerator.js:14:12)

    console.error
      The current testing environment is not configured to support act(...)

      93 |     try {
      94 |       // Switch to vault tab immediately for better UX
    > 95 |       setActiveTab('vault');
         |       ^
      96 |
      97 |       // Trigger auto-create if requested by incrementing counter
      98 |       // Only increment if credentials are loaded successfully

      at isConcurrentActEnvironment (node_modules/react-test-renderer/cjs/react-test-renderer.development.js:10243:17)
      at warnIfUpdatesNotWrappedWithActDEV (node_modules/react-test-renderer/cjs/react-test-renderer.development.js:11798:7)
      at scheduleUpdateOnFiber (node_modules/react-test-renderer/cjs/react-test-renderer.development.js:10326:9)
      at dispatchSetStateInternal (node_modules/react-test-renderer/cjs/react-test-renderer.development.js:4148:13)
      at dispatchSetState (node_modules/react-test-renderer/cjs/react-test-renderer.development.js:4107:7)
      at Object.setActiveTab (contexts/VaultContext.js:95:7)
      at asyncGeneratorStep (node_modules/@babel/runtime/helpers/asyncToGenerator.js:3:17)
      at _next (node_modules/@babel/runtime/helpers/asyncToGenerator.js:17:9)
      at node_modules/@babel/runtime/helpers/asyncToGenerator.js:22:7
      at Object.openVault (node_modules/@babel/runtime/helpers/asyncToGenerator.js:14:12)
      at openVault (contexts/__tests__/VaultContext.test.js:219:28)
      at asyncGeneratorStep (node_modules/@babel/runtime/helpers/asyncToGenerator.js:3:17)
      at _next (node_modules/@babel/runtime/helpers/asyncToGenerator.js:17:9)
      at node_modules/@babel/runtime/helpers/asyncToGenerator.js:22:7
      at node_modules/@babel/runtime/helpers/asyncToGenerator.js:14:12
      at process.env.NODE_ENV.exports.act (node_modules/react/cjs/react.development.js:789:22)
      at Object.<anonymous> (contexts/__tests__/VaultContext.test.js:218:14)
      at asyncGeneratorStep (node_modules/@babel/runtime/helpers/asyncToGenerator.js:3:17)
      at _next (node_modules/@babel/runtime/helpers/asyncToGenerator.js:17:9)
      at node_modules/@babel/runtime/helpers/asyncToGenerator.js:22:7
      at Object.<anonymous> (node_modules/@babel/runtime/helpers/asyncToGenerator.js:14:12)

PASS hooks/__tests__/useTransactionHistoryData.test.js
  ● Console

    console.error
      react-test-renderer is deprecated. See https://react.dev/warnings/react-test-renderer

      26 |   let component;
      27 |   act(() => {
    > 28 |     component = create(<TestComponent hookProps={props} />);
         |                       ^
      29 |   });
      30 |
      31 |   return {

      at process.env.NODE_ENV.exports.create (node_modules/react-test-renderer/cjs/react-test-renderer.development.js:14598:17)
      at hooks/__tests__/useTransactionHistoryData.test.js:28:23
      at process.env.NODE_ENV.exports.act (node_modules/react/cjs/react.development.js:789:22)
      at renderHook (hooks/__tests__/useTransactionHistoryData.test.js:27:6)
      at Object.renderHook (hooks/__tests__/useTransactionHistoryData.test.js:68:24)

    console.error
      The current testing environment is not configured to support act(...)

      26 |   let component;
      27 |   act(() => {
    > 28 |     component = create(<TestComponent hookProps={props} />);
         |                       ^
      29 |   });
      30 |
      31 |   return {

      at isConcurrentActEnvironment (node_modules/react-test-renderer/cjs/react-test-renderer.development.js:10243:17)
      at warnIfUpdatesNotWrappedWithActDEV (node_modules/react-test-renderer/cjs/react-test-renderer.development.js:11798:7)
      at scheduleUpdateOnFiber (node_modules/react-test-renderer/cjs/react-test-renderer.development.js:10326:9)
      at updateContainerImpl (node_modules/react-test-renderer/cjs/react-test-renderer.development.js:12382:10)
      at updateContainer (node_modules/react-test-renderer/cjs/react-test-renderer.development.js:12326:7)
      at process.env.NODE_ENV.exports.create (node_modules/react-test-renderer/cjs/react-test-renderer.development.js:14630:7)
      at hooks/__tests__/useTransactionHistoryData.test.js:28:23
      at process.env.NODE_ENV.exports.act (node_modules/react/cjs/react.development.js:789:22)
      at renderHook (hooks/__tests__/useTransactionHistoryData.test.js:27:6)
      at Object.renderHook (hooks/__tests__/useTransactionHistoryData.test.js:68:24)

    console.error
      react-test-renderer is deprecated. See https://react.dev/warnings/react-test-renderer

      26 |   let component;
      27 |   act(() => {
    > 28 |     component = create(<TestComponent hookProps={props} />);
         |                       ^
      29 |   });
      30 |
      31 |   return {

      at process.env.NODE_ENV.exports.create (node_modules/react-test-renderer/cjs/react-test-renderer.development.js:14598:17)
      at hooks/__tests__/useTransactionHistoryData.test.js:28:23
      at process.env.NODE_ENV.exports.act (node_modules/react/cjs/react.development.js:789:22)
      at renderHook (hooks/__tests__/useTransactionHistoryData.test.js:27:6)
      at Object.renderHook (hooks/__tests__/useTransactionHistoryData.test.js:79:26)

    console.error
      The current testing environment is not configured to support act(...)

      26 |   let component;
      27 |   act(() => {
    > 28 |     component = create(<TestComponent hookProps={props} />);
         |                       ^
      29 |   });
      30 |
      31 |   return {

      at isConcurrentActEnvironment (node_modules/react-test-renderer/cjs/react-test-renderer.development.js:10243:17)
      at warnIfUpdatesNotWrappedWithActDEV (node_modules/react-test-renderer/cjs/react-test-renderer.development.js:11798:7)
      at scheduleUpdateOnFiber (node_modules/react-test-renderer/cjs/react-test-renderer.development.js:10326:9)
      at updateContainerImpl (node_modules/react-test-renderer/cjs/react-test-renderer.development.js:12382:10)
      at updateContainer (node_modules/react-test-renderer/cjs/react-test-renderer.development.js:12326:7)
      at process.env.NODE_ENV.exports.create (node_modules/react-test-renderer/cjs/react-test-renderer.development.js:14630:7)
      at hooks/__tests__/useTransactionHistoryData.test.js:28:23
      at process.env.NODE_ENV.exports.act (node_modules/react/cjs/react.development.js:789:22)
      at renderHook (hooks/__tests__/useTransactionHistoryData.test.js:27:6)
      at Object.renderHook (hooks/__tests__/useTransactionHistoryData.test.js:79:26)

    console.error
      The current testing environment is not configured to support act(...)

      35 |       props = newProps;
      36 |       act(() => {
    > 37 |         component.update(<TestComponent hookProps={newProps} />);
         |                   ^
      38 |       });
      39 |     }
      40 |   };

      at isConcurrentActEnvironment (node_modules/react-test-renderer/cjs/react-test-renderer.development.js:10243:17)
      at warnIfUpdatesNotWrappedWithActDEV (node_modules/react-test-renderer/cjs/react-test-renderer.development.js:11798:7)
      at scheduleUpdateOnFiber (node_modules/react-test-renderer/cjs/react-test-renderer.development.js:10326:9)
      at updateContainerImpl (node_modules/react-test-renderer/cjs/react-test-renderer.development.js:12382:10)
      at updateContainer (node_modules/react-test-renderer/cjs/react-test-renderer.development.js:12326:7)
      at Object.update (node_modules/react-test-renderer/cjs/react-test-renderer.development.js:14669:13)
      at update (hooks/__tests__/useTransactionHistoryData.test.js:37:19)
      at process.env.NODE_ENV.exports.act (node_modules/react/cjs/react.development.js:789:22)
      at rerender (hooks/__tests__/useTransactionHistoryData.test.js:36:10)
      at Object.rerender (hooks/__tests__/useTransactionHistoryData.test.js:84:5)

    console.error
      react-test-renderer is deprecated. See https://react.dev/warnings/react-test-renderer

      26 |   let component;
      27 |   act(() => {
    > 28 |     component = create(<TestComponent hookProps={props} />);
         |                       ^
      29 |   });
      30 |
      31 |   return {

      at process.env.NODE_ENV.exports.create (node_modules/react-test-renderer/cjs/react-test-renderer.development.js:14598:17)
      at hooks/__tests__/useTransactionHistoryData.test.js:28:23
      at process.env.NODE_ENV.exports.act (node_modules/react/cjs/react.development.js:789:22)
      at renderHook (hooks/__tests__/useTransactionHistoryData.test.js:27:6)
      at Object.renderHook (hooks/__tests__/useTransactionHistoryData.test.js:96:24)

    console.error
      The current testing environment is not configured to support act(...)

      26 |   let component;
      27 |   act(() => {
    > 28 |     component = create(<TestComponent hookProps={props} />);
         |                       ^
      29 |   });
      30 |
      31 |   return {

      at isConcurrentActEnvironment (node_modules/react-test-renderer/cjs/react-test-renderer.development.js:10243:17)
      at warnIfUpdatesNotWrappedWithActDEV (node_modules/react-test-renderer/cjs/react-test-renderer.development.js:11798:7)
      at scheduleUpdateOnFiber (node_modules/react-test-renderer/cjs/react-test-renderer.development.js:10326:9)
      at updateContainerImpl (node_modules/react-test-renderer/cjs/react-test-renderer.development.js:12382:10)
      at updateContainer (node_modules/react-test-renderer/cjs/react-test-renderer.development.js:12326:7)
      at process.env.NODE_ENV.exports.create (node_modules/react-test-renderer/cjs/react-test-renderer.development.js:14630:7)
      at hooks/__tests__/useTransactionHistoryData.test.js:28:23
      at process.env.NODE_ENV.exports.act (node_modules/react/cjs/react.development.js:789:22)
      at renderHook (hooks/__tests__/useTransactionHistoryData.test.js:27:6)
      at Object.renderHook (hooks/__tests__/useTransactionHistoryData.test.js:96:24)

    console.error
      The current testing environment is not configured to support act(...)

      24 |     if (showHistorySheet) {
      25 |       // Only show loading spinner if we don't have any cached data
    > 26 |       setLoading(transactionHistory.length === 0 && loadingTransactionHistory);
         |       ^
      27 |
      28 |       // Trigger a fresh fetch in background
      29 |       fetchTransactionHistory();

      at isConcurrentActEnvironment (node_modules/react-test-renderer/cjs/react-test-renderer.development.js:10243:17)
      at warnIfUpdatesNotWrappedWithActDEV (node_modules/react-test-renderer/cjs/react-test-renderer.development.js:11798:7)
      at scheduleUpdateOnFiber (node_modules/react-test-renderer/cjs/react-test-renderer.development.js:10326:9)
      at dispatchSetStateInternal (node_modules/react-test-renderer/cjs/react-test-renderer.development.js:4148:13)
      at dispatchSetState (node_modules/react-test-renderer/cjs/react-test-renderer.development.js:4107:7)
      at setLoading (hooks/useTransactionHistoryData.js:26:7)
      at Object.react-stack-bottom-frame (node_modules/react-test-renderer/cjs/react-test-renderer.development.js:14062:20)
      at runWithFiberInDEV (node_modules/react-test-renderer/cjs/react-test-renderer.development.js:1574:13)
      at commitHookEffectListMount (node_modules/react-test-renderer/cjs/react-test-renderer.development.js:8376:29)
      at commitHookPassiveMountEffects (node_modules/react-test-renderer/cjs/react-test-renderer.development.js:8465:11)
      at commitPassiveMountOnFiber (node_modules/react-test-renderer/cjs/react-test-renderer.development.js:9782:13)
      at recursivelyTraversePassiveMountEffects (node_modules/react-test-renderer/cjs/react-test-renderer.development.js:9756:11)
      at commitPassiveMountOnFiber (node_modules/react-test-renderer/cjs/react-test-renderer.development.js:9794:11)
      at flushPendingEffects (node_modules/react-test-renderer/cjs/react-test-renderer.development.js:11528:11)
      at performWorkOnRootViaSchedulerTask (node_modules/react-test-renderer/cjs/react-test-renderer.development.js:2082:11)
      at flushActQueue (node_modules/react/cjs/react.development.js:566:34)
      at process.env.NODE_ENV.exports.act (node_modules/react/cjs/react.development.js:859:10)
      at renderHook (hooks/__tests__/useTransactionHistoryData.test.js:27:6)
      at Object.renderHook (hooks/__tests__/useTransactionHistoryData.test.js:96:24)

    console.error
      The current testing environment is not configured to support act(...)

      36 |     // Only show loading if we have no cached data
      37 |     if (transactionHistory.length === 0) {
    > 38 |       setLoading(loadingTransactionHistory);
         |       ^
      39 |     } else {
      40 |       setLoading(false);
      41 |     }

      at isConcurrentActEnvironment (node_modules/react-test-renderer/cjs/react-test-renderer.development.js:10243:17)
      at warnIfUpdatesNotWrappedWithActDEV (node_modules/react-test-renderer/cjs/react-test-renderer.development.js:11798:7)
      at scheduleUpdateOnFiber (node_modules/react-test-renderer/cjs/react-test-renderer.development.js:10326:9)
      at dispatchSetStateInternal (node_modules/react-test-renderer/cjs/react-test-renderer.development.js:4148:13)
      at dispatchSetState (node_modules/react-test-renderer/cjs/react-test-renderer.development.js:4107:7)
      at setLoading (hooks/useTransactionHistoryData.js:38:7)
      at Object.react-stack-bottom-frame (node_modules/react-test-renderer/cjs/react-test-renderer.development.js:14062:20)
      at runWithFiberInDEV (node_modules/react-test-renderer/cjs/react-test-renderer.development.js:1574:13)
      at commitHookEffectListMount (node_modules/react-test-renderer/cjs/react-test-renderer.development.js:8376:29)
      at commitHookPassiveMountEffects (node_modules/react-test-renderer/cjs/react-test-renderer.development.js:8465:11)
      at commitPassiveMountOnFiber (node_modules/react-test-renderer/cjs/react-test-renderer.development.js:9782:13)
      at recursivelyTraversePassiveMountEffects (node_modules/react-test-renderer/cjs/react-test-renderer.development.js:9756:11)
      at commitPassiveMountOnFiber (node_modules/react-test-renderer/cjs/react-test-renderer.development.js:9794:11)
      at flushPendingEffects (node_modules/react-test-renderer/cjs/react-test-renderer.development.js:11528:11)
      at performWorkOnRootViaSchedulerTask (node_modules/react-test-renderer/cjs/react-test-renderer.development.js:2082:11)
      at flushActQueue (node_modules/react/cjs/react.development.js:566:34)
      at process.env.NODE_ENV.exports.act (node_modules/react/cjs/react.development.js:859:10)
      at renderHook (hooks/__tests__/useTransactionHistoryData.test.js:27:6)
      at Object.renderHook (hooks/__tests__/useTransactionHistoryData.test.js:96:24)

    console.error
      react-test-renderer is deprecated. See https://react.dev/warnings/react-test-renderer

      26 |   let component;
      27 |   act(() => {
    > 28 |     component = create(<TestComponent hookProps={props} />);
         |                       ^
      29 |   });
      30 |
      31 |   return {

      at process.env.NODE_ENV.exports.create (node_modules/react-test-renderer/cjs/react-test-renderer.development.js:14598:17)
      at hooks/__tests__/useTransactionHistoryData.test.js:28:23
      at process.env.NODE_ENV.exports.act (node_modules/react/cjs/react.development.js:789:22)
      at renderHook (hooks/__tests__/useTransactionHistoryData.test.js:27:6)
      at Object.renderHook (hooks/__tests__/useTransactionHistoryData.test.js:111:24)

    console.error
      The current testing environment is not configured to support act(...)

      26 |   let component;
      27 |   act(() => {
    > 28 |     component = create(<TestComponent hookProps={props} />);
         |                       ^
      29 |   });
      30 |
      31 |   return {

      at isConcurrentActEnvironment (node_modules/react-test-renderer/cjs/react-test-renderer.development.js:10243:17)
      at warnIfUpdatesNotWrappedWithActDEV (node_modules/react-test-renderer/cjs/react-test-renderer.development.js:11798:7)
      at scheduleUpdateOnFiber (node_modules/react-test-renderer/cjs/react-test-renderer.development.js:10326:9)
      at updateContainerImpl (node_modules/react-test-renderer/cjs/react-test-renderer.development.js:12382:10)
      at updateContainer (node_modules/react-test-renderer/cjs/react-test-renderer.development.js:12326:7)
      at process.env.NODE_ENV.exports.create (node_modules/react-test-renderer/cjs/react-test-renderer.development.js:14630:7)
      at hooks/__tests__/useTransactionHistoryData.test.js:28:23
      at process.env.NODE_ENV.exports.act (node_modules/react/cjs/react.development.js:789:22)
      at renderHook (hooks/__tests__/useTransactionHistoryData.test.js:27:6)
      at Object.renderHook (hooks/__tests__/useTransactionHistoryData.test.js:111:24)

    console.error
      react-test-renderer is deprecated. See https://react.dev/warnings/react-test-renderer

      26 |   let component;
      27 |   act(() => {
    > 28 |     component = create(<TestComponent hookProps={props} />);
         |                       ^
      29 |   });
      30 |
      31 |   return {

      at process.env.NODE_ENV.exports.create (node_modules/react-test-renderer/cjs/react-test-renderer.development.js:14598:17)
      at hooks/__tests__/useTransactionHistoryData.test.js:28:23
      at process.env.NODE_ENV.exports.act (node_modules/react/cjs/react.development.js:789:22)
      at renderHook (hooks/__tests__/useTransactionHistoryData.test.js:27:6)
      at Object.renderHook (hooks/__tests__/useTransactionHistoryData.test.js:135:24)

    console.error
      The current testing environment is not configured to support act(...)

      26 |   let component;
      27 |   act(() => {
    > 28 |     component = create(<TestComponent hookProps={props} />);
         |                       ^
      29 |   });
      30 |
      31 |   return {

      at isConcurrentActEnvironment (node_modules/react-test-renderer/cjs/react-test-renderer.development.js:10243:17)
      at warnIfUpdatesNotWrappedWithActDEV (node_modules/react-test-renderer/cjs/react-test-renderer.development.js:11798:7)
      at scheduleUpdateOnFiber (node_modules/react-test-renderer/cjs/react-test-renderer.development.js:10326:9)
      at updateContainerImpl (node_modules/react-test-renderer/cjs/react-test-renderer.development.js:12382:10)
      at updateContainer (node_modules/react-test-renderer/cjs/react-test-renderer.development.js:12326:7)
      at process.env.NODE_ENV.exports.create (node_modules/react-test-renderer/cjs/react-test-renderer.development.js:14630:7)
      at hooks/__tests__/useTransactionHistoryData.test.js:28:23
      at process.env.NODE_ENV.exports.act (node_modules/react/cjs/react.development.js:789:22)
      at renderHook (hooks/__tests__/useTransactionHistoryData.test.js:27:6)
      at Object.renderHook (hooks/__tests__/useTransactionHistoryData.test.js:135:24)

    console.error
      react-test-renderer is deprecated. See https://react.dev/warnings/react-test-renderer

      26 |   let component;
      27 |   act(() => {
    > 28 |     component = create(<TestComponent hookProps={props} />);
         |                       ^
      29 |   });
      30 |
      31 |   return {

      at process.env.NODE_ENV.exports.create (node_modules/react-test-renderer/cjs/react-test-renderer.development.js:14598:17)
      at hooks/__tests__/useTransactionHistoryData.test.js:28:23
      at process.env.NODE_ENV.exports.act (node_modules/react/cjs/react.development.js:789:22)
      at renderHook (hooks/__tests__/useTransactionHistoryData.test.js:27:6)
      at Object.renderHook (hooks/__tests__/useTransactionHistoryData.test.js:160:24)

    console.error
      The current testing environment is not configured to support act(...)

      26 |   let component;
      27 |   act(() => {
    > 28 |     component = create(<TestComponent hookProps={props} />);
         |                       ^
      29 |   });
      30 |
      31 |   return {

      at isConcurrentActEnvironment (node_modules/react-test-renderer/cjs/react-test-renderer.development.js:10243:17)
      at warnIfUpdatesNotWrappedWithActDEV (node_modules/react-test-renderer/cjs/react-test-renderer.development.js:11798:7)
      at scheduleUpdateOnFiber (node_modules/react-test-renderer/cjs/react-test-renderer.development.js:10326:9)
      at updateContainerImpl (node_modules/react-test-renderer/cjs/react-test-renderer.development.js:12382:10)
      at updateContainer (node_modules/react-test-renderer/cjs/react-test-renderer.development.js:12326:7)
      at process.env.NODE_ENV.exports.create (node_modules/react-test-renderer/cjs/react-test-renderer.development.js:14630:7)
      at hooks/__tests__/useTransactionHistoryData.test.js:28:23
      at process.env.NODE_ENV.exports.act (node_modules/react/cjs/react.development.js:789:22)
      at renderHook (hooks/__tests__/useTransactionHistoryData.test.js:27:6)
      at Object.renderHook (hooks/__tests__/useTransactionHistoryData.test.js:160:24)

    console.error
      react-test-renderer is deprecated. See https://react.dev/warnings/react-test-renderer

      26 |   let component;
      27 |   act(() => {
    > 28 |     component = create(<TestComponent hookProps={props} />);
         |                       ^
      29 |   });
      30 |
      31 |   return {

      at process.env.NODE_ENV.exports.create (node_modules/react-test-renderer/cjs/react-test-renderer.development.js:14598:17)
      at hooks/__tests__/useTransactionHistoryData.test.js:28:23
      at process.env.NODE_ENV.exports.act (node_modules/react/cjs/react.development.js:789:22)
      at renderHook (hooks/__tests__/useTransactionHistoryData.test.js:27:6)
      at Object.renderHook (hooks/__tests__/useTransactionHistoryData.test.js:179:24)

    console.error
      The current testing environment is not configured to support act(...)

      26 |   let component;
      27 |   act(() => {
    > 28 |     component = create(<TestComponent hookProps={props} />);
         |                       ^
      29 |   });
      30 |
      31 |   return {

      at isConcurrentActEnvironment (node_modules/react-test-renderer/cjs/react-test-renderer.development.js:10243:17)
      at warnIfUpdatesNotWrappedWithActDEV (node_modules/react-test-renderer/cjs/react-test-renderer.development.js:11798:7)
      at scheduleUpdateOnFiber (node_modules/react-test-renderer/cjs/react-test-renderer.development.js:10326:9)
      at updateContainerImpl (node_modules/react-test-renderer/cjs/react-test-renderer.development.js:12382:10)
      at updateContainer (node_modules/react-test-renderer/cjs/react-test-renderer.development.js:12326:7)
      at process.env.NODE_ENV.exports.create (node_modules/react-test-renderer/cjs/react-test-renderer.development.js:14630:7)
      at hooks/__tests__/useTransactionHistoryData.test.js:28:23
      at process.env.NODE_ENV.exports.act (node_modules/react/cjs/react.development.js:789:22)
      at renderHook (hooks/__tests__/useTransactionHistoryData.test.js:27:6)
      at Object.renderHook (hooks/__tests__/useTransactionHistoryData.test.js:179:24)

    console.error
      react-test-renderer is deprecated. See https://react.dev/warnings/react-test-renderer

      26 |   let component;
      27 |   act(() => {
    > 28 |     component = create(<TestComponent hookProps={props} />);
         |                       ^
      29 |   });
      30 |
      31 |   return {

      at process.env.NODE_ENV.exports.create (node_modules/react-test-renderer/cjs/react-test-renderer.development.js:14598:17)
      at hooks/__tests__/useTransactionHistoryData.test.js:28:23
      at process.env.NODE_ENV.exports.act (node_modules/react/cjs/react.development.js:789:22)
      at renderHook (hooks/__tests__/useTransactionHistoryData.test.js:27:6)
      at Object.renderHook (hooks/__tests__/useTransactionHistoryData.test.js:205:24)

    console.error
      The current testing environment is not configured to support act(...)

      26 |   let component;
      27 |   act(() => {
    > 28 |     component = create(<TestComponent hookProps={props} />);
         |                       ^
      29 |   });
      30 |
      31 |   return {

      at isConcurrentActEnvironment (node_modules/react-test-renderer/cjs/react-test-renderer.development.js:10243:17)
      at warnIfUpdatesNotWrappedWithActDEV (node_modules/react-test-renderer/cjs/react-test-renderer.development.js:11798:7)
      at scheduleUpdateOnFiber (node_modules/react-test-renderer/cjs/react-test-renderer.development.js:10326:9)
      at updateContainerImpl (node_modules/react-test-renderer/cjs/react-test-renderer.development.js:12382:10)
      at updateContainer (node_modules/react-test-renderer/cjs/react-test-renderer.development.js:12326:7)
      at process.env.NODE_ENV.exports.create (node_modules/react-test-renderer/cjs/react-test-renderer.development.js:14630:7)
      at hooks/__tests__/useTransactionHistoryData.test.js:28:23
      at process.env.NODE_ENV.exports.act (node_modules/react/cjs/react.development.js:789:22)
      at renderHook (hooks/__tests__/useTransactionHistoryData.test.js:27:6)
      at Object.renderHook (hooks/__tests__/useTransactionHistoryData.test.js:205:24)

    console.error
      react-test-renderer is deprecated. See https://react.dev/warnings/react-test-renderer

      26 |   let component;
      27 |   act(() => {
    > 28 |     component = create(<TestComponent hookProps={props} />);
         |                       ^
      29 |   });
      30 |
      31 |   return {

      at process.env.NODE_ENV.exports.create (node_modules/react-test-renderer/cjs/react-test-renderer.development.js:14598:17)
      at hooks/__tests__/useTransactionHistoryData.test.js:28:23
      at process.env.NODE_ENV.exports.act (node_modules/react/cjs/react.development.js:789:22)
      at renderHook (hooks/__tests__/useTransactionHistoryData.test.js:27:6)
      at Object.renderHook (hooks/__tests__/useTransactionHistoryData.test.js:233:24)

    console.error
      The current testing environment is not configured to support act(...)

      26 |   let component;
      27 |   act(() => {
    > 28 |     component = create(<TestComponent hookProps={props} />);
         |                       ^
      29 |   });
      30 |
      31 |   return {

      at isConcurrentActEnvironment (node_modules/react-test-renderer/cjs/react-test-renderer.development.js:10243:17)
      at warnIfUpdatesNotWrappedWithActDEV (node_modules/react-test-renderer/cjs/react-test-renderer.development.js:11798:7)
      at scheduleUpdateOnFiber (node_modules/react-test-renderer/cjs/react-test-renderer.development.js:10326:9)
      at updateContainerImpl (node_modules/react-test-renderer/cjs/react-test-renderer.development.js:12382:10)
      at updateContainer (node_modules/react-test-renderer/cjs/react-test-renderer.development.js:12326:7)
      at process.env.NODE_ENV.exports.create (node_modules/react-test-renderer/cjs/react-test-renderer.development.js:14630:7)
      at hooks/__tests__/useTransactionHistoryData.test.js:28:23
      at process.env.NODE_ENV.exports.act (node_modules/react/cjs/react.development.js:789:22)
      at renderHook (hooks/__tests__/useTransactionHistoryData.test.js:27:6)
      at Object.renderHook (hooks/__tests__/useTransactionHistoryData.test.js:233:24)

    console.error
      react-test-renderer is deprecated. See https://react.dev/warnings/react-test-renderer

      26 |   let component;
      27 |   act(() => {
    > 28 |     component = create(<TestComponent hookProps={props} />);
         |                       ^
      29 |   });
      30 |
      31 |   return {

      at process.env.NODE_ENV.exports.create (node_modules/react-test-renderer/cjs/react-test-renderer.development.js:14598:17)
      at hooks/__tests__/useTransactionHistoryData.test.js:28:23
      at process.env.NODE_ENV.exports.act (node_modules/react/cjs/react.development.js:789:22)
      at renderHook (hooks/__tests__/useTransactionHistoryData.test.js:27:6)
      at Object.renderHook (hooks/__tests__/useTransactionHistoryData.test.js:260:24)

    console.error
      The current testing environment is not configured to support act(...)

      26 |   let component;
      27 |   act(() => {
    > 28 |     component = create(<TestComponent hookProps={props} />);
         |                       ^
      29 |   });
      30 |
      31 |   return {

      at isConcurrentActEnvironment (node_modules/react-test-renderer/cjs/react-test-renderer.development.js:10243:17)
      at warnIfUpdatesNotWrappedWithActDEV (node_modules/react-test-renderer/cjs/react-test-renderer.development.js:11798:7)
      at scheduleUpdateOnFiber (node_modules/react-test-renderer/cjs/react-test-renderer.development.js:10326:9)
      at updateContainerImpl (node_modules/react-test-renderer/cjs/react-test-renderer.development.js:12382:10)
      at updateContainer (node_modules/react-test-renderer/cjs/react-test-renderer.development.js:12326:7)
      at process.env.NODE_ENV.exports.create (node_modules/react-test-renderer/cjs/react-test-renderer.development.js:14630:7)
      at hooks/__tests__/useTransactionHistoryData.test.js:28:23
      at process.env.NODE_ENV.exports.act (node_modules/react/cjs/react.development.js:789:22)
      at renderHook (hooks/__tests__/useTransactionHistoryData.test.js:27:6)
      at Object.renderHook (hooks/__tests__/useTransactionHistoryData.test.js:260:24)

    console.error
      react-test-renderer is deprecated. See https://react.dev/warnings/react-test-renderer

      26 |   let component;
      27 |   act(() => {
    > 28 |     component = create(<TestComponent hookProps={props} />);
         |                       ^
      29 |   });
      30 |
      31 |   return {

      at process.env.NODE_ENV.exports.create (node_modules/react-test-renderer/cjs/react-test-renderer.development.js:14598:17)
      at hooks/__tests__/useTransactionHistoryData.test.js:28:23
      at process.env.NODE_ENV.exports.act (node_modules/react/cjs/react.development.js:789:22)
      at renderHook (hooks/__tests__/useTransactionHistoryData.test.js:27:6)
      at Object.renderHook (hooks/__tests__/useTransactionHistoryData.test.js:270:24)
      at asyncGeneratorStep (node_modules/@babel/runtime/helpers/asyncToGenerator.js:3:17)
      at _next (node_modules/@babel/runtime/helpers/asyncToGenerator.js:17:9)
      at node_modules/@babel/runtime/helpers/asyncToGenerator.js:22:7
      at Object.<anonymous> (node_modules/@babel/runtime/helpers/asyncToGenerator.js:14:12)

    console.error
      The current testing environment is not configured to support act(...)

      26 |   let component;
      27 |   act(() => {
    > 28 |     component = create(<TestComponent hookProps={props} />);
         |                       ^
      29 |   });
      30 |
      31 |   return {

      at isConcurrentActEnvironment (node_modules/react-test-renderer/cjs/react-test-renderer.development.js:10243:17)
      at warnIfUpdatesNotWrappedWithActDEV (node_modules/react-test-renderer/cjs/react-test-renderer.development.js:11798:7)
      at scheduleUpdateOnFiber (node_modules/react-test-renderer/cjs/react-test-renderer.development.js:10326:9)
      at updateContainerImpl (node_modules/react-test-renderer/cjs/react-test-renderer.development.js:12382:10)
      at updateContainer (node_modules/react-test-renderer/cjs/react-test-renderer.development.js:12326:7)
      at process.env.NODE_ENV.exports.create (node_modules/react-test-renderer/cjs/react-test-renderer.development.js:14630:7)
      at hooks/__tests__/useTransactionHistoryData.test.js:28:23
      at process.env.NODE_ENV.exports.act (node_modules/react/cjs/react.development.js:789:22)
      at renderHook (hooks/__tests__/useTransactionHistoryData.test.js:27:6)
      at Object.renderHook (hooks/__tests__/useTransactionHistoryData.test.js:270:24)
      at asyncGeneratorStep (node_modules/@babel/runtime/helpers/asyncToGenerator.js:3:17)
      at _next (node_modules/@babel/runtime/helpers/asyncToGenerator.js:17:9)
      at node_modules/@babel/runtime/helpers/asyncToGenerator.js:22:7
      at Object.<anonymous> (node_modules/@babel/runtime/helpers/asyncToGenerator.js:14:12)

    console.error
      react-test-renderer is deprecated. See https://react.dev/warnings/react-test-renderer

      26 |   let component;
      27 |   act(() => {
    > 28 |     component = create(<TestComponent hookProps={props} />);
         |                       ^
      29 |   });
      30 |
      31 |   return {

      at process.env.NODE_ENV.exports.create (node_modules/react-test-renderer/cjs/react-test-renderer.development.js:14598:17)
      at hooks/__tests__/useTransactionHistoryData.test.js:28:23
      at process.env.NODE_ENV.exports.act (node_modules/react/cjs/react.development.js:789:22)
      at renderHook (hooks/__tests__/useTransactionHistoryData.test.js:27:6)
      at Object.renderHook (hooks/__tests__/useTransactionHistoryData.test.js:284:24)
      at asyncGeneratorStep (node_modules/@babel/runtime/helpers/asyncToGenerator.js:3:17)
      at _next (node_modules/@babel/runtime/helpers/asyncToGenerator.js:17:9)
      at node_modules/@babel/runtime/helpers/asyncToGenerator.js:22:7
      at Object.<anonymous> (node_modules/@babel/runtime/helpers/asyncToGenerator.js:14:12)

    console.error
      The current testing environment is not configured to support act(...)

      26 |   let component;
      27 |   act(() => {
    > 28 |     component = create(<TestComponent hookProps={props} />);
         |                       ^
      29 |   });
      30 |
      31 |   return {

      at isConcurrentActEnvironment (node_modules/react-test-renderer/cjs/react-test-renderer.development.js:10243:17)
      at warnIfUpdatesNotWrappedWithActDEV (node_modules/react-test-renderer/cjs/react-test-renderer.development.js:11798:7)
      at scheduleUpdateOnFiber (node_modules/react-test-renderer/cjs/react-test-renderer.development.js:10326:9)
      at updateContainerImpl (node_modules/react-test-renderer/cjs/react-test-renderer.development.js:12382:10)
      at updateContainer (node_modules/react-test-renderer/cjs/react-test-renderer.development.js:12326:7)
      at process.env.NODE_ENV.exports.create (node_modules/react-test-renderer/cjs/react-test-renderer.development.js:14630:7)
      at hooks/__tests__/useTransactionHistoryData.test.js:28:23
      at process.env.NODE_ENV.exports.act (node_modules/react/cjs/react.development.js:789:22)
      at renderHook (hooks/__tests__/useTransactionHistoryData.test.js:27:6)
      at Object.renderHook (hooks/__tests__/useTransactionHistoryData.test.js:284:24)
      at asyncGeneratorStep (node_modules/@babel/runtime/helpers/asyncToGenerator.js:3:17)
      at _next (node_modules/@babel/runtime/helpers/asyncToGenerator.js:17:9)
      at node_modules/@babel/runtime/helpers/asyncToGenerator.js:22:7
      at Object.<anonymous> (node_modules/@babel/runtime/helpers/asyncToGenerator.js:14:12)

    console.error
      react-test-renderer is deprecated. See https://react.dev/warnings/react-test-renderer

      26 |   let component;
      27 |   act(() => {
    > 28 |     component = create(<TestComponent hookProps={props} />);
         |                       ^
      29 |   });
      30 |
      31 |   return {

      at process.env.NODE_ENV.exports.create (node_modules/react-test-renderer/cjs/react-test-renderer.development.js:14598:17)
      at hooks/__tests__/useTransactionHistoryData.test.js:28:23
      at process.env.NODE_ENV.exports.act (node_modules/react/cjs/react.development.js:789:22)
      at renderHook (hooks/__tests__/useTransactionHistoryData.test.js:27:6)
      at Object.renderHook (hooks/__tests__/useTransactionHistoryData.test.js:300:24)
      at asyncGeneratorStep (node_modules/@babel/runtime/helpers/asyncToGenerator.js:3:17)
      at _next (node_modules/@babel/runtime/helpers/asyncToGenerator.js:17:9)
      at node_modules/@babel/runtime/helpers/asyncToGenerator.js:22:7
      at Object.<anonymous> (node_modules/@babel/runtime/helpers/asyncToGenerator.js:14:12)

    console.error
      The current testing environment is not configured to support act(...)

      26 |   let component;
      27 |   act(() => {
    > 28 |     component = create(<TestComponent hookProps={props} />);
         |                       ^
      29 |   });
      30 |
      31 |   return {

      at isConcurrentActEnvironment (node_modules/react-test-renderer/cjs/react-test-renderer.development.js:10243:17)
      at warnIfUpdatesNotWrappedWithActDEV (node_modules/react-test-renderer/cjs/react-test-renderer.development.js:11798:7)
      at scheduleUpdateOnFiber (node_modules/react-test-renderer/cjs/react-test-renderer.development.js:10326:9)
      at updateContainerImpl (node_modules/react-test-renderer/cjs/react-test-renderer.development.js:12382:10)
      at updateContainer (node_modules/react-test-renderer/cjs/react-test-renderer.development.js:12326:7)
      at process.env.NODE_ENV.exports.create (node_modules/react-test-renderer/cjs/react-test-renderer.development.js:14630:7)
      at hooks/__tests__/useTransactionHistoryData.test.js:28:23
      at process.env.NODE_ENV.exports.act (node_modules/react/cjs/react.development.js:789:22)
      at renderHook (hooks/__tests__/useTransactionHistoryData.test.js:27:6)
      at Object.renderHook (hooks/__tests__/useTransactionHistoryData.test.js:300:24)
      at asyncGeneratorStep (node_modules/@babel/runtime/helpers/asyncToGenerator.js:3:17)
      at _next (node_modules/@babel/runtime/helpers/asyncToGenerator.js:17:9)
      at node_modules/@babel/runtime/helpers/asyncToGenerator.js:22:7
      at Object.<anonymous> (node_modules/@babel/runtime/helpers/asyncToGenerator.js:14:12)

    console.error
      react-test-renderer is deprecated. See https://react.dev/warnings/react-test-renderer

      26 |   let component;
      27 |   act(() => {
    > 28 |     component = create(<TestComponent hookProps={props} />);
         |                       ^
      29 |   });
      30 |
      31 |   return {

      at process.env.NODE_ENV.exports.create (node_modules/react-test-renderer/cjs/react-test-renderer.development.js:14598:17)
      at hooks/__tests__/useTransactionHistoryData.test.js:28:23
      at process.env.NODE_ENV.exports.act (node_modules/react/cjs/react.development.js:789:22)
      at renderHook (hooks/__tests__/useTransactionHistoryData.test.js:27:6)
      at Object.renderHook (hooks/__tests__/useTransactionHistoryData.test.js:316:24)
      at asyncGeneratorStep (node_modules/@babel/runtime/helpers/asyncToGenerator.js:3:17)
      at _next (node_modules/@babel/runtime/helpers/asyncToGenerator.js:17:9)
      at node_modules/@babel/runtime/helpers/asyncToGenerator.js:22:7
      at Object.<anonymous> (node_modules/@babel/runtime/helpers/asyncToGenerator.js:14:12)

    console.error
      The current testing environment is not configured to support act(...)

      26 |   let component;
      27 |   act(() => {
    > 28 |     component = create(<TestComponent hookProps={props} />);
         |                       ^
      29 |   });
      30 |
      31 |   return {

      at isConcurrentActEnvironment (node_modules/react-test-renderer/cjs/react-test-renderer.development.js:10243:17)
      at warnIfUpdatesNotWrappedWithActDEV (node_modules/react-test-renderer/cjs/react-test-renderer.development.js:11798:7)
      at scheduleUpdateOnFiber (node_modules/react-test-renderer/cjs/react-test-renderer.development.js:10326:9)
      at updateContainerImpl (node_modules/react-test-renderer/cjs/react-test-renderer.development.js:12382:10)
      at updateContainer (node_modules/react-test-renderer/cjs/react-test-renderer.development.js:12326:7)
      at process.env.NODE_ENV.exports.create (node_modules/react-test-renderer/cjs/react-test-renderer.development.js:14630:7)
      at hooks/__tests__/useTransactionHistoryData.test.js:28:23
      at process.env.NODE_ENV.exports.act (node_modules/react/cjs/react.development.js:789:22)
      at renderHook (hooks/__tests__/useTransactionHistoryData.test.js:27:6)
      at Object.renderHook (hooks/__tests__/useTransactionHistoryData.test.js:316:24)
      at asyncGeneratorStep (node_modules/@babel/runtime/helpers/asyncToGenerator.js:3:17)
      at _next (node_modules/@babel/runtime/helpers/asyncToGenerator.js:17:9)
      at node_modules/@babel/runtime/helpers/asyncToGenerator.js:22:7
      at Object.<anonymous> (node_modules/@babel/runtime/helpers/asyncToGenerator.js:14:12)

    console.error
      react-test-renderer is deprecated. See https://react.dev/warnings/react-test-renderer

      26 |   let component;
      27 |   act(() => {
    > 28 |     component = create(<TestComponent hookProps={props} />);
         |                       ^
      29 |   });
      30 |
      31 |   return {

      at process.env.NODE_ENV.exports.create (node_modules/react-test-renderer/cjs/react-test-renderer.development.js:14598:17)
      at hooks/__tests__/useTransactionHistoryData.test.js:28:23
      at process.env.NODE_ENV.exports.act (node_modules/react/cjs/react.development.js:789:22)
      at renderHook (hooks/__tests__/useTransactionHistoryData.test.js:27:6)
      at Object.renderHook (hooks/__tests__/useTransactionHistoryData.test.js:343:24)

    console.error
      The current testing environment is not configured to support act(...)

      26 |   let component;
      27 |   act(() => {
    > 28 |     component = create(<TestComponent hookProps={props} />);
         |                       ^
      29 |   });
      30 |
      31 |   return {

      at isConcurrentActEnvironment (node_modules/react-test-renderer/cjs/react-test-renderer.development.js:10243:17)
      at warnIfUpdatesNotWrappedWithActDEV (node_modules/react-test-renderer/cjs/react-test-renderer.development.js:11798:7)
      at scheduleUpdateOnFiber (node_modules/react-test-renderer/cjs/react-test-renderer.development.js:10326:9)
      at updateContainerImpl (node_modules/react-test-renderer/cjs/react-test-renderer.development.js:12382:10)
      at updateContainer (node_modules/react-test-renderer/cjs/react-test-renderer.development.js:12326:7)
      at process.env.NODE_ENV.exports.create (node_modules/react-test-renderer/cjs/react-test-renderer.development.js:14630:7)
      at hooks/__tests__/useTransactionHistoryData.test.js:28:23
      at process.env.NODE_ENV.exports.act (node_modules/react/cjs/react.development.js:789:22)
      at renderHook (hooks/__tests__/useTransactionHistoryData.test.js:27:6)
      at Object.renderHook (hooks/__tests__/useTransactionHistoryData.test.js:343:24)

PASS hooks/__tests__/useSeedVerification.test.js
  ● Console

    console.error
      react-test-renderer is deprecated. See https://react.dev/warnings/react-test-renderer

      27 |   let component;
      28 |   act(() => {
    > 29 |     component = create(<TestComponent hookProps={initialProps} />);
         |                       ^
      30 |   });
      31 |   return {
      32 |     result,

      at process.env.NODE_ENV.exports.create (node_modules/react-test-renderer/cjs/react-test-renderer.development.js:14598:17)
      at hooks/__tests__/useSeedVerification.test.js:29:23
      at process.env.NODE_ENV.exports.act (node_modules/react/cjs/react.development.js:789:22)
      at renderHook (hooks/__tests__/useSeedVerification.test.js:28:6)
      at Object.renderHook (hooks/__tests__/useSeedVerification.test.js:75:26)
      at asyncGeneratorStep (node_modules/@babel/runtime/helpers/asyncToGenerator.js:3:17)
      at _next (node_modules/@babel/runtime/helpers/asyncToGenerator.js:17:9)
      at node_modules/@babel/runtime/helpers/asyncToGenerator.js:22:7
      at Object.<anonymous> (node_modules/@babel/runtime/helpers/asyncToGenerator.js:14:12)

    console.error
      The current testing environment is not configured to support act(...)

      27 |   let component;
      28 |   act(() => {
    > 29 |     component = create(<TestComponent hookProps={initialProps} />);
         |                       ^
      30 |   });
      31 |   return {
      32 |     result,

      at isConcurrentActEnvironment (node_modules/react-test-renderer/cjs/react-test-renderer.development.js:10243:17)
      at warnIfUpdatesNotWrappedWithActDEV (node_modules/react-test-renderer/cjs/react-test-renderer.development.js:11798:7)
      at scheduleUpdateOnFiber (node_modules/react-test-renderer/cjs/react-test-renderer.development.js:10326:9)
      at updateContainerImpl (node_modules/react-test-renderer/cjs/react-test-renderer.development.js:12382:10)
      at updateContainer (node_modules/react-test-renderer/cjs/react-test-renderer.development.js:12326:7)
      at process.env.NODE_ENV.exports.create (node_modules/react-test-renderer/cjs/react-test-renderer.development.js:14630:7)
      at hooks/__tests__/useSeedVerification.test.js:29:23
      at process.env.NODE_ENV.exports.act (node_modules/react/cjs/react.development.js:789:22)
      at renderHook (hooks/__tests__/useSeedVerification.test.js:28:6)
      at Object.renderHook (hooks/__tests__/useSeedVerification.test.js:75:26)
      at asyncGeneratorStep (node_modules/@babel/runtime/helpers/asyncToGenerator.js:3:17)
      at _next (node_modules/@babel/runtime/helpers/asyncToGenerator.js:17:9)
      at node_modules/@babel/runtime/helpers/asyncToGenerator.js:22:7
      at Object.<anonymous> (node_modules/@babel/runtime/helpers/asyncToGenerator.js:14:12)

    console.error
      The current testing environment is not configured to support act(...)

      44 |         // Silently fail
      45 |       } finally {
    > 46 |         setStateLoaded(true);
         |         ^
      47 |       }
      48 |     };
      49 |

      at isConcurrentActEnvironment (node_modules/react-test-renderer/cjs/react-test-renderer.development.js:10243:17)
      at warnIfUpdatesNotWrappedWithActDEV (node_modules/react-test-renderer/cjs/react-test-renderer.development.js:11798:7)
      at scheduleUpdateOnFiber (node_modules/react-test-renderer/cjs/react-test-renderer.development.js:10326:9)
      at dispatchSetStateInternal (node_modules/react-test-renderer/cjs/react-test-renderer.development.js:4148:13)
      at dispatchSetState (node_modules/react-test-renderer/cjs/react-test-renderer.development.js:4107:7)
      at setStateLoaded (hooks/useSeedVerification.js:46:9)
      at asyncGeneratorStep (node_modules/@babel/runtime/helpers/asyncToGenerator.js:3:17)
      at _next (node_modules/@babel/runtime/helpers/asyncToGenerator.js:17:9)

    console.error
      react-test-renderer is deprecated. See https://react.dev/warnings/react-test-renderer

      27 |   let component;
      28 |   act(() => {
    > 29 |     component = create(<TestComponent hookProps={initialProps} />);
         |                       ^
      30 |   });
      31 |   return {
      32 |     result,

      at process.env.NODE_ENV.exports.create (node_modules/react-test-renderer/cjs/react-test-renderer.development.js:14598:17)
      at hooks/__tests__/useSeedVerification.test.js:29:23
      at process.env.NODE_ENV.exports.act (node_modules/react/cjs/react.development.js:789:22)
      at renderHook (hooks/__tests__/useSeedVerification.test.js:28:6)
      at Object.renderHook (hooks/__tests__/useSeedVerification.test.js:95:26)
      at asyncGeneratorStep (node_modules/@babel/runtime/helpers/asyncToGenerator.js:3:17)
      at _next (node_modules/@babel/runtime/helpers/asyncToGenerator.js:17:9)
      at node_modules/@babel/runtime/helpers/asyncToGenerator.js:22:7
      at Object.<anonymous> (node_modules/@babel/runtime/helpers/asyncToGenerator.js:14:12)

    console.error
      The current testing environment is not configured to support act(...)

      27 |   let component;
      28 |   act(() => {
    > 29 |     component = create(<TestComponent hookProps={initialProps} />);
         |                       ^
      30 |   });
      31 |   return {
      32 |     result,

      at isConcurrentActEnvironment (node_modules/react-test-renderer/cjs/react-test-renderer.development.js:10243:17)
      at warnIfUpdatesNotWrappedWithActDEV (node_modules/react-test-renderer/cjs/react-test-renderer.development.js:11798:7)
      at scheduleUpdateOnFiber (node_modules/react-test-renderer/cjs/react-test-renderer.development.js:10326:9)
      at updateContainerImpl (node_modules/react-test-renderer/cjs/react-test-renderer.development.js:12382:10)
      at updateContainer (node_modules/react-test-renderer/cjs/react-test-renderer.development.js:12326:7)
      at process.env.NODE_ENV.exports.create (node_modules/react-test-renderer/cjs/react-test-renderer.development.js:14630:7)
      at hooks/__tests__/useSeedVerification.test.js:29:23
      at process.env.NODE_ENV.exports.act (node_modules/react/cjs/react.development.js:789:22)
      at renderHook (hooks/__tests__/useSeedVerification.test.js:28:6)
      at Object.renderHook (hooks/__tests__/useSeedVerification.test.js:95:26)
      at asyncGeneratorStep (node_modules/@babel/runtime/helpers/asyncToGenerator.js:3:17)
      at _next (node_modules/@babel/runtime/helpers/asyncToGenerator.js:17:9)
      at node_modules/@babel/runtime/helpers/asyncToGenerator.js:22:7
      at Object.<anonymous> (node_modules/@babel/runtime/helpers/asyncToGenerator.js:14:12)

    console.error
      The current testing environment is not configured to support act(...)

      36 |           const state = JSON.parse(savedState);
      37 |
    > 38 |           if (state.verifyingSeeds !== undefined) setVerifyingSeeds(state.verifyingSeeds);
         |                                                   ^
      39 |           if (state.verificationWords) setVerificationWords(state.verificationWords);
      40 |           if (state.requiredIndices) setRequiredIndices(state.requiredIndices);
      41 |           if (state.wordChoices) setWordChoices(state.wordChoices);

      at isConcurrentActEnvironment (node_modules/react-test-renderer/cjs/react-test-renderer.development.js:10243:17)
      at warnIfUpdatesNotWrappedWithActDEV (node_modules/react-test-renderer/cjs/react-test-renderer.development.js:11798:7)
      at scheduleUpdateOnFiber (node_modules/react-test-renderer/cjs/react-test-renderer.development.js:10326:9)
      at dispatchSetStateInternal (node_modules/react-test-renderer/cjs/react-test-renderer.development.js:4148:13)
      at dispatchSetState (node_modules/react-test-renderer/cjs/react-test-renderer.development.js:4107:7)
      at setVerifyingSeeds (hooks/useSeedVerification.js:38:51)
      at asyncGeneratorStep (node_modules/@babel/runtime/helpers/asyncToGenerator.js:3:17)
      at _next (node_modules/@babel/runtime/helpers/asyncToGenerator.js:17:9)

    console.error
      The current testing environment is not configured to support act(...)

      37 |
      38 |           if (state.verifyingSeeds !== undefined) setVerifyingSeeds(state.verifyingSeeds);
    > 39 |           if (state.verificationWords) setVerificationWords(state.verificationWords);
         |                                        ^
      40 |           if (state.requiredIndices) setRequiredIndices(state.requiredIndices);
      41 |           if (state.wordChoices) setWordChoices(state.wordChoices);
      42 |         }

      at isConcurrentActEnvironment (node_modules/react-test-renderer/cjs/react-test-renderer.development.js:10243:17)
      at warnIfUpdatesNotWrappedWithActDEV (node_modules/react-test-renderer/cjs/react-test-renderer.development.js:11798:7)
      at scheduleUpdateOnFiber (node_modules/react-test-renderer/cjs/react-test-renderer.development.js:10326:9)
      at dispatchSetStateInternal (node_modules/react-test-renderer/cjs/react-test-renderer.development.js:4148:13)
      at dispatchSetState (node_modules/react-test-renderer/cjs/react-test-renderer.development.js:4107:7)
      at setVerificationWords (hooks/useSeedVerification.js:39:40)
      at asyncGeneratorStep (node_modules/@babel/runtime/helpers/asyncToGenerator.js:3:17)
      at _next (node_modules/@babel/runtime/helpers/asyncToGenerator.js:17:9)

    console.error
      The current testing environment is not configured to support act(...)

      38 |           if (state.verifyingSeeds !== undefined) setVerifyingSeeds(state.verifyingSeeds);
      39 |           if (state.verificationWords) setVerificationWords(state.verificationWords);
    > 40 |           if (state.requiredIndices) setRequiredIndices(state.requiredIndices);
         |                                      ^
      41 |           if (state.wordChoices) setWordChoices(state.wordChoices);
      42 |         }
      43 |       } catch (error) {

      at isConcurrentActEnvironment (node_modules/react-test-renderer/cjs/react-test-renderer.development.js:10243:17)
      at warnIfUpdatesNotWrappedWithActDEV (node_modules/react-test-renderer/cjs/react-test-renderer.development.js:11798:7)
      at scheduleUpdateOnFiber (node_modules/react-test-renderer/cjs/react-test-renderer.development.js:10326:9)
      at dispatchSetStateInternal (node_modules/react-test-renderer/cjs/react-test-renderer.development.js:4148:13)
      at dispatchSetState (node_modules/react-test-renderer/cjs/react-test-renderer.development.js:4107:7)
      at setRequiredIndices (hooks/useSeedVerification.js:40:38)
      at asyncGeneratorStep (node_modules/@babel/runtime/helpers/asyncToGenerator.js:3:17)
      at _next (node_modules/@babel/runtime/helpers/asyncToGenerator.js:17:9)

    console.error
      The current testing environment is not configured to support act(...)

      39 |           if (state.verificationWords) setVerificationWords(state.verificationWords);
      40 |           if (state.requiredIndices) setRequiredIndices(state.requiredIndices);
    > 41 |           if (state.wordChoices) setWordChoices(state.wordChoices);
         |                                  ^
      42 |         }
      43 |       } catch (error) {
      44 |         // Silently fail

      at isConcurrentActEnvironment (node_modules/react-test-renderer/cjs/react-test-renderer.development.js:10243:17)
      at warnIfUpdatesNotWrappedWithActDEV (node_modules/react-test-renderer/cjs/react-test-renderer.development.js:11798:7)
      at scheduleUpdateOnFiber (node_modules/react-test-renderer/cjs/react-test-renderer.development.js:10326:9)
      at dispatchSetStateInternal (node_modules/react-test-renderer/cjs/react-test-renderer.development.js:4148:13)
      at dispatchSetState (node_modules/react-test-renderer/cjs/react-test-renderer.development.js:4107:7)
      at setWordChoices (hooks/useSeedVerification.js:41:34)
      at asyncGeneratorStep (node_modules/@babel/runtime/helpers/asyncToGenerator.js:3:17)
      at _next (node_modules/@babel/runtime/helpers/asyncToGenerator.js:17:9)

    console.error
      The current testing environment is not configured to support act(...)

      44 |         // Silently fail
      45 |       } finally {
    > 46 |         setStateLoaded(true);
         |         ^
      47 |       }
      48 |     };
      49 |

      at isConcurrentActEnvironment (node_modules/react-test-renderer/cjs/react-test-renderer.development.js:10243:17)
      at warnIfUpdatesNotWrappedWithActDEV (node_modules/react-test-renderer/cjs/react-test-renderer.development.js:11798:7)
      at scheduleUpdateOnFiber (node_modules/react-test-renderer/cjs/react-test-renderer.development.js:10326:9)
      at dispatchSetStateInternal (node_modules/react-test-renderer/cjs/react-test-renderer.development.js:4148:13)
      at dispatchSetState (node_modules/react-test-renderer/cjs/react-test-renderer.development.js:4107:7)
      at setStateLoaded (hooks/useSeedVerification.js:46:9)
      at asyncGeneratorStep (node_modules/@babel/runtime/helpers/asyncToGenerator.js:3:17)
      at _next (node_modules/@babel/runtime/helpers/asyncToGenerator.js:17:9)

    console.error
      react-test-renderer is deprecated. See https://react.dev/warnings/react-test-renderer

      27 |   let component;
      28 |   act(() => {
    > 29 |     component = create(<TestComponent hookProps={initialProps} />);
         |                       ^
      30 |   });
      31 |   return {
      32 |     result,

      at process.env.NODE_ENV.exports.create (node_modules/react-test-renderer/cjs/react-test-renderer.development.js:14598:17)
      at hooks/__tests__/useSeedVerification.test.js:29:23
      at process.env.NODE_ENV.exports.act (node_modules/react/cjs/react.development.js:789:22)
      at renderHook (hooks/__tests__/useSeedVerification.test.js:28:6)
      at Object.renderHook (hooks/__tests__/useSeedVerification.test.js:111:26)
      at asyncGeneratorStep (node_modules/@babel/runtime/helpers/asyncToGenerator.js:3:17)
      at _next (node_modules/@babel/runtime/helpers/asyncToGenerator.js:17:9)
      at node_modules/@babel/runtime/helpers/asyncToGenerator.js:22:7
      at Object.<anonymous> (node_modules/@babel/runtime/helpers/asyncToGenerator.js:14:12)

    console.error
      The current testing environment is not configured to support act(...)

      27 |   let component;
      28 |   act(() => {
    > 29 |     component = create(<TestComponent hookProps={initialProps} />);
         |                       ^
      30 |   });
      31 |   return {
      32 |     result,

      at isConcurrentActEnvironment (node_modules/react-test-renderer/cjs/react-test-renderer.development.js:10243:17)
      at warnIfUpdatesNotWrappedWithActDEV (node_modules/react-test-renderer/cjs/react-test-renderer.development.js:11798:7)
      at scheduleUpdateOnFiber (node_modules/react-test-renderer/cjs/react-test-renderer.development.js:10326:9)
      at updateContainerImpl (node_modules/react-test-renderer/cjs/react-test-renderer.development.js:12382:10)
      at updateContainer (node_modules/react-test-renderer/cjs/react-test-renderer.development.js:12326:7)
      at process.env.NODE_ENV.exports.create (node_modules/react-test-renderer/cjs/react-test-renderer.development.js:14630:7)
      at hooks/__tests__/useSeedVerification.test.js:29:23
      at process.env.NODE_ENV.exports.act (node_modules/react/cjs/react.development.js:789:22)
      at renderHook (hooks/__tests__/useSeedVerification.test.js:28:6)
      at Object.renderHook (hooks/__tests__/useSeedVerification.test.js:111:26)
      at asyncGeneratorStep (node_modules/@babel/runtime/helpers/asyncToGenerator.js:3:17)
      at _next (node_modules/@babel/runtime/helpers/asyncToGenerator.js:17:9)
      at node_modules/@babel/runtime/helpers/asyncToGenerator.js:22:7
      at Object.<anonymous> (node_modules/@babel/runtime/helpers/asyncToGenerator.js:14:12)

    console.error
      The current testing environment is not configured to support act(...)

      44 |         // Silently fail
      45 |       } finally {
    > 46 |         setStateLoaded(true);
         |         ^
      47 |       }
      48 |     };
      49 |

      at isConcurrentActEnvironment (node_modules/react-test-renderer/cjs/react-test-renderer.development.js:10243:17)
      at warnIfUpdatesNotWrappedWithActDEV (node_modules/react-test-renderer/cjs/react-test-renderer.development.js:11798:7)
      at scheduleUpdateOnFiber (node_modules/react-test-renderer/cjs/react-test-renderer.development.js:10326:9)
      at dispatchSetStateInternal (node_modules/react-test-renderer/cjs/react-test-renderer.development.js:4148:13)
      at dispatchSetState (node_modules/react-test-renderer/cjs/react-test-renderer.development.js:4107:7)
      at setStateLoaded (hooks/useSeedVerification.js:46:9)
          at Generator.throw (<anonymous>)
      at asyncGeneratorStep (node_modules/@babel/runtime/helpers/asyncToGenerator.js:3:17)
      at _throw (node_modules/@babel/runtime/helpers/asyncToGenerator.js:20:9)

    console.error
      react-test-renderer is deprecated. See https://react.dev/warnings/react-test-renderer

      27 |   let component;
      28 |   act(() => {
    > 29 |     component = create(<TestComponent hookProps={initialProps} />);
         |                       ^
      30 |   });
      31 |   return {
      32 |     result,

      at process.env.NODE_ENV.exports.create (node_modules/react-test-renderer/cjs/react-test-renderer.development.js:14598:17)
      at hooks/__tests__/useSeedVerification.test.js:29:23
      at process.env.NODE_ENV.exports.act (node_modules/react/cjs/react.development.js:789:22)
      at renderHook (hooks/__tests__/useSeedVerification.test.js:28:6)
      at Object.renderHook (hooks/__tests__/useSeedVerification.test.js:125:26)

    console.error
      The current testing environment is not configured to support act(...)

      27 |   let component;
      28 |   act(() => {
    > 29 |     component = create(<TestComponent hookProps={initialProps} />);
         |                       ^
      30 |   });
      31 |   return {
      32 |     result,

      at isConcurrentActEnvironment (node_modules/react-test-renderer/cjs/react-test-renderer.development.js:10243:17)
      at warnIfUpdatesNotWrappedWithActDEV (node_modules/react-test-renderer/cjs/react-test-renderer.development.js:11798:7)
      at scheduleUpdateOnFiber (node_modules/react-test-renderer/cjs/react-test-renderer.development.js:10326:9)
      at updateContainerImpl (node_modules/react-test-renderer/cjs/react-test-renderer.development.js:12382:10)
      at updateContainer (node_modules/react-test-renderer/cjs/react-test-renderer.development.js:12326:7)
      at process.env.NODE_ENV.exports.create (node_modules/react-test-renderer/cjs/react-test-renderer.development.js:14630:7)
      at hooks/__tests__/useSeedVerification.test.js:29:23
      at process.env.NODE_ENV.exports.act (node_modules/react/cjs/react.development.js:789:22)
      at renderHook (hooks/__tests__/useSeedVerification.test.js:28:6)
      at Object.renderHook (hooks/__tests__/useSeedVerification.test.js:125:26)

    console.error
      The current testing environment is not configured to support act(...)

      114 |       }
      115 |     }
    > 116 |     setRequiredIndices(indices.sort((a, b) => a - b));
          |     ^
      117 |
      118 |     // Generate multiple choice options for each word
      119 |     const choices = {};

      at isConcurrentActEnvironment (node_modules/react-test-renderer/cjs/react-test-renderer.development.js:10243:17)
      at warnIfUpdatesNotWrappedWithActDEV (node_modules/react-test-renderer/cjs/react-test-renderer.development.js:11798:7)
      at scheduleUpdateOnFiber (node_modules/react-test-renderer/cjs/react-test-renderer.development.js:10326:9)
      at dispatchSetStateInternal (node_modules/react-test-renderer/cjs/react-test-renderer.development.js:4148:13)
      at dispatchSetState (node_modules/react-test-renderer/cjs/react-test-renderer.development.js:4107:7)
      at Object.setRequiredIndices [as proceedToVerification] (hooks/useSeedVerification.js:116:5)
      at proceedToVerification (hooks/__tests__/useSeedVerification.test.js:130:24)
      at process.env.NODE_ENV.exports.act (node_modules/react/cjs/react.development.js:789:22)
      at Object.<anonymous> (hooks/__tests__/useSeedVerification.test.js:129:10)

    console.error
      The current testing environment is not configured to support act(...)

      121 |       choices[index] = generateChoicesForWord(tempMnemonicWords[index], tempMnemonicWords);
      122 |     });
    > 123 |     setWordChoices(choices);
          |     ^
      124 |     setVerificationWords({});
      125 |     setShowingSeeds(false);
      126 |     setVerifyingSeeds(true);

      at isConcurrentActEnvironment (node_modules/react-test-renderer/cjs/react-test-renderer.development.js:10243:17)
      at warnIfUpdatesNotWrappedWithActDEV (node_modules/react-test-renderer/cjs/react-test-renderer.development.js:11798:7)
      at scheduleUpdateOnFiber (node_modules/react-test-renderer/cjs/react-test-renderer.development.js:10326:9)
      at dispatchSetStateInternal (node_modules/react-test-renderer/cjs/react-test-renderer.development.js:4148:13)
      at dispatchSetState (node_modules/react-test-renderer/cjs/react-test-renderer.development.js:4107:7)
      at Object.setWordChoices [as proceedToVerification] (hooks/useSeedVerification.js:123:5)
      at proceedToVerification (hooks/__tests__/useSeedVerification.test.js:130:24)
      at process.env.NODE_ENV.exports.act (node_modules/react/cjs/react.development.js:789:22)
      at Object.<anonymous> (hooks/__tests__/useSeedVerification.test.js:129:10)

    console.error
      The current testing environment is not configured to support act(...)

      122 |     });
      123 |     setWordChoices(choices);
    > 124 |     setVerificationWords({});
          |     ^
      125 |     setShowingSeeds(false);
      126 |     setVerifyingSeeds(true);
      127 |   };

      at isConcurrentActEnvironment (node_modules/react-test-renderer/cjs/react-test-renderer.development.js:10243:17)
      at warnIfUpdatesNotWrappedWithActDEV (node_modules/react-test-renderer/cjs/react-test-renderer.development.js:11798:7)
      at scheduleUpdateOnFiber (node_modules/react-test-renderer/cjs/react-test-renderer.development.js:10326:9)
      at dispatchSetStateInternal (node_modules/react-test-renderer/cjs/react-test-renderer.development.js:4148:13)
      at dispatchSetState (node_modules/react-test-renderer/cjs/react-test-renderer.development.js:4107:7)
      at Object.setVerificationWords [as proceedToVerification] (hooks/useSeedVerification.js:124:5)
      at proceedToVerification (hooks/__tests__/useSeedVerification.test.js:130:24)
      at process.env.NODE_ENV.exports.act (node_modules/react/cjs/react.development.js:789:22)
      at Object.<anonymous> (hooks/__tests__/useSeedVerification.test.js:129:10)

    console.error
      The current testing environment is not configured to support act(...)

      124 |     setVerificationWords({});
      125 |     setShowingSeeds(false);
    > 126 |     setVerifyingSeeds(true);
          |     ^
      127 |   };
      128 |
      129 |   /**

      at isConcurrentActEnvironment (node_modules/react-test-renderer/cjs/react-test-renderer.development.js:10243:17)
      at warnIfUpdatesNotWrappedWithActDEV (node_modules/react-test-renderer/cjs/react-test-renderer.development.js:11798:7)
      at scheduleUpdateOnFiber (node_modules/react-test-renderer/cjs/react-test-renderer.development.js:10326:9)
      at dispatchSetStateInternal (node_modules/react-test-renderer/cjs/react-test-renderer.development.js:4148:13)
      at dispatchSetState (node_modules/react-test-renderer/cjs/react-test-renderer.development.js:4107:7)
      at Object.setVerifyingSeeds [as proceedToVerification] (hooks/useSeedVerification.js:126:5)
      at proceedToVerification (hooks/__tests__/useSeedVerification.test.js:130:24)
      at process.env.NODE_ENV.exports.act (node_modules/react/cjs/react.development.js:789:22)
      at Object.<anonymous> (hooks/__tests__/useSeedVerification.test.js:129:10)

    console.error
      react-test-renderer is deprecated. See https://react.dev/warnings/react-test-renderer

      27 |   let component;
      28 |   act(() => {
    > 29 |     component = create(<TestComponent hookProps={initialProps} />);
         |                       ^
      30 |   });
      31 |   return {
      32 |     result,

      at process.env.NODE_ENV.exports.create (node_modules/react-test-renderer/cjs/react-test-renderer.development.js:14598:17)
      at hooks/__tests__/useSeedVerification.test.js:29:23
      at process.env.NODE_ENV.exports.act (node_modules/react/cjs/react.development.js:789:22)
      at renderHook (hooks/__tests__/useSeedVerification.test.js:28:6)
      at Object.renderHook (hooks/__tests__/useSeedVerification.test.js:137:26)

    console.error
      The current testing environment is not configured to support act(...)

      27 |   let component;
      28 |   act(() => {
    > 29 |     component = create(<TestComponent hookProps={initialProps} />);
         |                       ^
      30 |   });
      31 |   return {
      32 |     result,

      at isConcurrentActEnvironment (node_modules/react-test-renderer/cjs/react-test-renderer.development.js:10243:17)
      at warnIfUpdatesNotWrappedWithActDEV (node_modules/react-test-renderer/cjs/react-test-renderer.development.js:11798:7)
      at scheduleUpdateOnFiber (node_modules/react-test-renderer/cjs/react-test-renderer.development.js:10326:9)
      at updateContainerImpl (node_modules/react-test-renderer/cjs/react-test-renderer.development.js:12382:10)
      at updateContainer (node_modules/react-test-renderer/cjs/react-test-renderer.development.js:12326:7)
      at process.env.NODE_ENV.exports.create (node_modules/react-test-renderer/cjs/react-test-renderer.development.js:14630:7)
      at hooks/__tests__/useSeedVerification.test.js:29:23
      at process.env.NODE_ENV.exports.act (node_modules/react/cjs/react.development.js:789:22)
      at renderHook (hooks/__tests__/useSeedVerification.test.js:28:6)
      at Object.renderHook (hooks/__tests__/useSeedVerification.test.js:137:26)

    console.error
      The current testing environment is not configured to support act(...)

      114 |       }
      115 |     }
    > 116 |     setRequiredIndices(indices.sort((a, b) => a - b));
          |     ^
      117 |
      118 |     // Generate multiple choice options for each word
      119 |     const choices = {};

      at isConcurrentActEnvironment (node_modules/react-test-renderer/cjs/react-test-renderer.development.js:10243:17)
      at warnIfUpdatesNotWrappedWithActDEV (node_modules/react-test-renderer/cjs/react-test-renderer.development.js:11798:7)
      at scheduleUpdateOnFiber (node_modules/react-test-renderer/cjs/react-test-renderer.development.js:10326:9)
      at dispatchSetStateInternal (node_modules/react-test-renderer/cjs/react-test-renderer.development.js:4148:13)
      at dispatchSetState (node_modules/react-test-renderer/cjs/react-test-renderer.development.js:4107:7)
      at Object.setRequiredIndices [as proceedToVerification] (hooks/useSeedVerification.js:116:5)
      at proceedToVerification (hooks/__tests__/useSeedVerification.test.js:142:24)
      at process.env.NODE_ENV.exports.act (node_modules/react/cjs/react.development.js:789:22)
      at Object.<anonymous> (hooks/__tests__/useSeedVerification.test.js:141:10)

    console.error
      The current testing environment is not configured to support act(...)

      121 |       choices[index] = generateChoicesForWord(tempMnemonicWords[index], tempMnemonicWords);
      122 |     });
    > 123 |     setWordChoices(choices);
          |     ^
      124 |     setVerificationWords({});
      125 |     setShowingSeeds(false);
      126 |     setVerifyingSeeds(true);

      at isConcurrentActEnvironment (node_modules/react-test-renderer/cjs/react-test-renderer.development.js:10243:17)
      at warnIfUpdatesNotWrappedWithActDEV (node_modules/react-test-renderer/cjs/react-test-renderer.development.js:11798:7)
      at scheduleUpdateOnFiber (node_modules/react-test-renderer/cjs/react-test-renderer.development.js:10326:9)
      at dispatchSetStateInternal (node_modules/react-test-renderer/cjs/react-test-renderer.development.js:4148:13)
      at dispatchSetState (node_modules/react-test-renderer/cjs/react-test-renderer.development.js:4107:7)
      at Object.setWordChoices [as proceedToVerification] (hooks/useSeedVerification.js:123:5)
      at proceedToVerification (hooks/__tests__/useSeedVerification.test.js:142:24)
      at process.env.NODE_ENV.exports.act (node_modules/react/cjs/react.development.js:789:22)
      at Object.<anonymous> (hooks/__tests__/useSeedVerification.test.js:141:10)

    console.error
      The current testing environment is not configured to support act(...)

      122 |     });
      123 |     setWordChoices(choices);
    > 124 |     setVerificationWords({});
          |     ^
      125 |     setShowingSeeds(false);
      126 |     setVerifyingSeeds(true);
      127 |   };

      at isConcurrentActEnvironment (node_modules/react-test-renderer/cjs/react-test-renderer.development.js:10243:17)
      at warnIfUpdatesNotWrappedWithActDEV (node_modules/react-test-renderer/cjs/react-test-renderer.development.js:11798:7)
      at scheduleUpdateOnFiber (node_modules/react-test-renderer/cjs/react-test-renderer.development.js:10326:9)
      at dispatchSetStateInternal (node_modules/react-test-renderer/cjs/react-test-renderer.development.js:4148:13)
      at dispatchSetState (node_modules/react-test-renderer/cjs/react-test-renderer.development.js:4107:7)
      at Object.setVerificationWords [as proceedToVerification] (hooks/useSeedVerification.js:124:5)
      at proceedToVerification (hooks/__tests__/useSeedVerification.test.js:142:24)
      at process.env.NODE_ENV.exports.act (node_modules/react/cjs/react.development.js:789:22)
      at Object.<anonymous> (hooks/__tests__/useSeedVerification.test.js:141:10)

    console.error
      The current testing environment is not configured to support act(...)

      124 |     setVerificationWords({});
      125 |     setShowingSeeds(false);
    > 126 |     setVerifyingSeeds(true);
          |     ^
      127 |   };
      128 |
      129 |   /**

      at isConcurrentActEnvironment (node_modules/react-test-renderer/cjs/react-test-renderer.development.js:10243:17)
      at warnIfUpdatesNotWrappedWithActDEV (node_modules/react-test-renderer/cjs/react-test-renderer.development.js:11798:7)
      at scheduleUpdateOnFiber (node_modules/react-test-renderer/cjs/react-test-renderer.development.js:10326:9)
      at dispatchSetStateInternal (node_modules/react-test-renderer/cjs/react-test-renderer.development.js:4148:13)
      at dispatchSetState (node_modules/react-test-renderer/cjs/react-test-renderer.development.js:4107:7)
      at Object.setVerifyingSeeds [as proceedToVerification] (hooks/useSeedVerification.js:126:5)
      at proceedToVerification (hooks/__tests__/useSeedVerification.test.js:142:24)
      at process.env.NODE_ENV.exports.act (node_modules/react/cjs/react.development.js:789:22)
      at Object.<anonymous> (hooks/__tests__/useSeedVerification.test.js:141:10)

    console.error
      react-test-renderer is deprecated. See https://react.dev/warnings/react-test-renderer

      27 |   let component;
      28 |   act(() => {
    > 29 |     component = create(<TestComponent hookProps={initialProps} />);
         |                       ^
      30 |   });
      31 |   return {
      32 |     result,

      at process.env.NODE_ENV.exports.create (node_modules/react-test-renderer/cjs/react-test-renderer.development.js:14598:17)
      at hooks/__tests__/useSeedVerification.test.js:29:23
      at process.env.NODE_ENV.exports.act (node_modules/react/cjs/react.development.js:789:22)
      at renderHook (hooks/__tests__/useSeedVerification.test.js:28:6)
      at Object.renderHook (hooks/__tests__/useSeedVerification.test.js:155:26)

    console.error
      The current testing environment is not configured to support act(...)

      27 |   let component;
      28 |   act(() => {
    > 29 |     component = create(<TestComponent hookProps={initialProps} />);
         |                       ^
      30 |   });
      31 |   return {
      32 |     result,

      at isConcurrentActEnvironment (node_modules/react-test-renderer/cjs/react-test-renderer.development.js:10243:17)
      at warnIfUpdatesNotWrappedWithActDEV (node_modules/react-test-renderer/cjs/react-test-renderer.development.js:11798:7)
      at scheduleUpdateOnFiber (node_modules/react-test-renderer/cjs/react-test-renderer.development.js:10326:9)
      at updateContainerImpl (node_modules/react-test-renderer/cjs/react-test-renderer.development.js:12382:10)
      at updateContainer (node_modules/react-test-renderer/cjs/react-test-renderer.development.js:12326:7)
      at process.env.NODE_ENV.exports.create (node_modules/react-test-renderer/cjs/react-test-renderer.development.js:14630:7)
      at hooks/__tests__/useSeedVerification.test.js:29:23
      at process.env.NODE_ENV.exports.act (node_modules/react/cjs/react.development.js:789:22)
      at renderHook (hooks/__tests__/useSeedVerification.test.js:28:6)
      at Object.renderHook (hooks/__tests__/useSeedVerification.test.js:155:26)

    console.error
      The current testing environment is not configured to support act(...)

      114 |       }
      115 |     }
    > 116 |     setRequiredIndices(indices.sort((a, b) => a - b));
          |     ^
      117 |
      118 |     // Generate multiple choice options for each word
      119 |     const choices = {};

      at isConcurrentActEnvironment (node_modules/react-test-renderer/cjs/react-test-renderer.development.js:10243:17)
      at warnIfUpdatesNotWrappedWithActDEV (node_modules/react-test-renderer/cjs/react-test-renderer.development.js:11798:7)
      at scheduleUpdateOnFiber (node_modules/react-test-renderer/cjs/react-test-renderer.development.js:10326:9)
      at dispatchSetStateInternal (node_modules/react-test-renderer/cjs/react-test-renderer.development.js:4148:13)
      at dispatchSetState (node_modules/react-test-renderer/cjs/react-test-renderer.development.js:4107:7)
      at Object.setRequiredIndices [as proceedToVerification] (hooks/useSeedVerification.js:116:5)
      at proceedToVerification (hooks/__tests__/useSeedVerification.test.js:160:24)
      at process.env.NODE_ENV.exports.act (node_modules/react/cjs/react.development.js:789:22)
      at Object.<anonymous> (hooks/__tests__/useSeedVerification.test.js:159:10)

    console.error
      The current testing environment is not configured to support act(...)

      121 |       choices[index] = generateChoicesForWord(tempMnemonicWords[index], tempMnemonicWords);
      122 |     });
    > 123 |     setWordChoices(choices);
          |     ^
      124 |     setVerificationWords({});
      125 |     setShowingSeeds(false);
      126 |     setVerifyingSeeds(true);

      at isConcurrentActEnvironment (node_modules/react-test-renderer/cjs/react-test-renderer.development.js:10243:17)
      at warnIfUpdatesNotWrappedWithActDEV (node_modules/react-test-renderer/cjs/react-test-renderer.development.js:11798:7)
      at scheduleUpdateOnFiber (node_modules/react-test-renderer/cjs/react-test-renderer.development.js:10326:9)
      at dispatchSetStateInternal (node_modules/react-test-renderer/cjs/react-test-renderer.development.js:4148:13)
      at dispatchSetState (node_modules/react-test-renderer/cjs/react-test-renderer.development.js:4107:7)
      at Object.setWordChoices [as proceedToVerification] (hooks/useSeedVerification.js:123:5)
      at proceedToVerification (hooks/__tests__/useSeedVerification.test.js:160:24)
      at process.env.NODE_ENV.exports.act (node_modules/react/cjs/react.development.js:789:22)
      at Object.<anonymous> (hooks/__tests__/useSeedVerification.test.js:159:10)

    console.error
      The current testing environment is not configured to support act(...)

      122 |     });
      123 |     setWordChoices(choices);
    > 124 |     setVerificationWords({});
          |     ^
      125 |     setShowingSeeds(false);
      126 |     setVerifyingSeeds(true);
      127 |   };

      at isConcurrentActEnvironment (node_modules/react-test-renderer/cjs/react-test-renderer.development.js:10243:17)
      at warnIfUpdatesNotWrappedWithActDEV (node_modules/react-test-renderer/cjs/react-test-renderer.development.js:11798:7)
      at scheduleUpdateOnFiber (node_modules/react-test-renderer/cjs/react-test-renderer.development.js:10326:9)
      at dispatchSetStateInternal (node_modules/react-test-renderer/cjs/react-test-renderer.development.js:4148:13)
      at dispatchSetState (node_modules/react-test-renderer/cjs/react-test-renderer.development.js:4107:7)
      at Object.setVerificationWords [as proceedToVerification] (hooks/useSeedVerification.js:124:5)
      at proceedToVerification (hooks/__tests__/useSeedVerification.test.js:160:24)
      at process.env.NODE_ENV.exports.act (node_modules/react/cjs/react.development.js:789:22)
      at Object.<anonymous> (hooks/__tests__/useSeedVerification.test.js:159:10)

    console.error
      The current testing environment is not configured to support act(...)

      124 |     setVerificationWords({});
      125 |     setShowingSeeds(false);
    > 126 |     setVerifyingSeeds(true);
          |     ^
      127 |   };
      128 |
      129 |   /**

      at isConcurrentActEnvironment (node_modules/react-test-renderer/cjs/react-test-renderer.development.js:10243:17)
      at warnIfUpdatesNotWrappedWithActDEV (node_modules/react-test-renderer/cjs/react-test-renderer.development.js:11798:7)
      at scheduleUpdateOnFiber (node_modules/react-test-renderer/cjs/react-test-renderer.development.js:10326:9)
      at dispatchSetStateInternal (node_modules/react-test-renderer/cjs/react-test-renderer.development.js:4148:13)
      at dispatchSetState (node_modules/react-test-renderer/cjs/react-test-renderer.development.js:4107:7)
      at Object.setVerifyingSeeds [as proceedToVerification] (hooks/useSeedVerification.js:126:5)
      at proceedToVerification (hooks/__tests__/useSeedVerification.test.js:160:24)
      at process.env.NODE_ENV.exports.act (node_modules/react/cjs/react.development.js:789:22)
      at Object.<anonymous> (hooks/__tests__/useSeedVerification.test.js:159:10)

    console.error
      react-test-renderer is deprecated. See https://react.dev/warnings/react-test-renderer

      27 |   let component;
      28 |   act(() => {
    > 29 |     component = create(<TestComponent hookProps={initialProps} />);
         |                       ^
      30 |   });
      31 |   return {
      32 |     result,

      at process.env.NODE_ENV.exports.create (node_modules/react-test-renderer/cjs/react-test-renderer.development.js:14598:17)
      at hooks/__tests__/useSeedVerification.test.js:29:23
      at process.env.NODE_ENV.exports.act (node_modules/react/cjs/react.development.js:789:22)
      at renderHook (hooks/__tests__/useSeedVerification.test.js:28:6)
      at Object.renderHook (hooks/__tests__/useSeedVerification.test.js:167:26)

    console.error
      The current testing environment is not configured to support act(...)

      27 |   let component;
      28 |   act(() => {
    > 29 |     component = create(<TestComponent hookProps={initialProps} />);
         |                       ^
      30 |   });
      31 |   return {
      32 |     result,

      at isConcurrentActEnvironment (node_modules/react-test-renderer/cjs/react-test-renderer.development.js:10243:17)
      at warnIfUpdatesNotWrappedWithActDEV (node_modules/react-test-renderer/cjs/react-test-renderer.development.js:11798:7)
      at scheduleUpdateOnFiber (node_modules/react-test-renderer/cjs/react-test-renderer.development.js:10326:9)
      at updateContainerImpl (node_modules/react-test-renderer/cjs/react-test-renderer.development.js:12382:10)
      at updateContainer (node_modules/react-test-renderer/cjs/react-test-renderer.development.js:12326:7)
      at process.env.NODE_ENV.exports.create (node_modules/react-test-renderer/cjs/react-test-renderer.development.js:14630:7)
      at hooks/__tests__/useSeedVerification.test.js:29:23
      at process.env.NODE_ENV.exports.act (node_modules/react/cjs/react.development.js:789:22)
      at renderHook (hooks/__tests__/useSeedVerification.test.js:28:6)
      at Object.renderHook (hooks/__tests__/useSeedVerification.test.js:167:26)

    console.error
      The current testing environment is not configured to support act(...)

      114 |       }
      115 |     }
    > 116 |     setRequiredIndices(indices.sort((a, b) => a - b));
          |     ^
      117 |
      118 |     // Generate multiple choice options for each word
      119 |     const choices = {};

      at isConcurrentActEnvironment (node_modules/react-test-renderer/cjs/react-test-renderer.development.js:10243:17)
      at warnIfUpdatesNotWrappedWithActDEV (node_modules/react-test-renderer/cjs/react-test-renderer.development.js:11798:7)
      at scheduleUpdateOnFiber (node_modules/react-test-renderer/cjs/react-test-renderer.development.js:10326:9)
      at dispatchSetStateInternal (node_modules/react-test-renderer/cjs/react-test-renderer.development.js:4148:13)
      at dispatchSetState (node_modules/react-test-renderer/cjs/react-test-renderer.development.js:4107:7)
      at Object.setRequiredIndices [as proceedToVerification] (hooks/useSeedVerification.js:116:5)
      at proceedToVerification (hooks/__tests__/useSeedVerification.test.js:172:24)
      at process.env.NODE_ENV.exports.act (node_modules/react/cjs/react.development.js:789:22)
      at Object.<anonymous> (hooks/__tests__/useSeedVerification.test.js:171:10)

    console.error
      The current testing environment is not configured to support act(...)

      121 |       choices[index] = generateChoicesForWord(tempMnemonicWords[index], tempMnemonicWords);
      122 |     });
    > 123 |     setWordChoices(choices);
          |     ^
      124 |     setVerificationWords({});
      125 |     setShowingSeeds(false);
      126 |     setVerifyingSeeds(true);

      at isConcurrentActEnvironment (node_modules/react-test-renderer/cjs/react-test-renderer.development.js:10243:17)
      at warnIfUpdatesNotWrappedWithActDEV (node_modules/react-test-renderer/cjs/react-test-renderer.development.js:11798:7)
      at scheduleUpdateOnFiber (node_modules/react-test-renderer/cjs/react-test-renderer.development.js:10326:9)
      at dispatchSetStateInternal (node_modules/react-test-renderer/cjs/react-test-renderer.development.js:4148:13)
      at dispatchSetState (node_modules/react-test-renderer/cjs/react-test-renderer.development.js:4107:7)
      at Object.setWordChoices [as proceedToVerification] (hooks/useSeedVerification.js:123:5)
      at proceedToVerification (hooks/__tests__/useSeedVerification.test.js:172:24)
      at process.env.NODE_ENV.exports.act (node_modules/react/cjs/react.development.js:789:22)
      at Object.<anonymous> (hooks/__tests__/useSeedVerification.test.js:171:10)

    console.error
      The current testing environment is not configured to support act(...)

      122 |     });
      123 |     setWordChoices(choices);
    > 124 |     setVerificationWords({});
          |     ^
      125 |     setShowingSeeds(false);
      126 |     setVerifyingSeeds(true);
      127 |   };

      at isConcurrentActEnvironment (node_modules/react-test-renderer/cjs/react-test-renderer.development.js:10243:17)
      at warnIfUpdatesNotWrappedWithActDEV (node_modules/react-test-renderer/cjs/react-test-renderer.development.js:11798:7)
      at scheduleUpdateOnFiber (node_modules/react-test-renderer/cjs/react-test-renderer.development.js:10326:9)
      at dispatchSetStateInternal (node_modules/react-test-renderer/cjs/react-test-renderer.development.js:4148:13)
      at dispatchSetState (node_modules/react-test-renderer/cjs/react-test-renderer.development.js:4107:7)
      at Object.setVerificationWords [as proceedToVerification] (hooks/useSeedVerification.js:124:5)
      at proceedToVerification (hooks/__tests__/useSeedVerification.test.js:172:24)
      at process.env.NODE_ENV.exports.act (node_modules/react/cjs/react.development.js:789:22)
      at Object.<anonymous> (hooks/__tests__/useSeedVerification.test.js:171:10)

    console.error
      The current testing environment is not configured to support act(...)

      124 |     setVerificationWords({});
      125 |     setShowingSeeds(false);
    > 126 |     setVerifyingSeeds(true);
          |     ^
      127 |   };
      128 |
      129 |   /**

      at isConcurrentActEnvironment (node_modules/react-test-renderer/cjs/react-test-renderer.development.js:10243:17)
      at warnIfUpdatesNotWrappedWithActDEV (node_modules/react-test-renderer/cjs/react-test-renderer.development.js:11798:7)
      at scheduleUpdateOnFiber (node_modules/react-test-renderer/cjs/react-test-renderer.development.js:10326:9)
      at dispatchSetStateInternal (node_modules/react-test-renderer/cjs/react-test-renderer.development.js:4148:13)
      at dispatchSetState (node_modules/react-test-renderer/cjs/react-test-renderer.development.js:4107:7)
      at Object.setVerifyingSeeds [as proceedToVerification] (hooks/useSeedVerification.js:126:5)
      at proceedToVerification (hooks/__tests__/useSeedVerification.test.js:172:24)
      at process.env.NODE_ENV.exports.act (node_modules/react/cjs/react.development.js:789:22)
      at Object.<anonymous> (hooks/__tests__/useSeedVerification.test.js:171:10)

    console.error
      react-test-renderer is deprecated. See https://react.dev/warnings/react-test-renderer

      27 |   let component;
      28 |   act(() => {
    > 29 |     component = create(<TestComponent hookProps={initialProps} />);
         |                       ^
      30 |   });
      31 |   return {
      32 |     result,

      at process.env.NODE_ENV.exports.create (node_modules/react-test-renderer/cjs/react-test-renderer.development.js:14598:17)
      at hooks/__tests__/useSeedVerification.test.js:29:23
      at process.env.NODE_ENV.exports.act (node_modules/react/cjs/react.development.js:789:22)
      at renderHook (hooks/__tests__/useSeedVerification.test.js:28:6)
      at Object.renderHook (hooks/__tests__/useSeedVerification.test.js:179:26)

    console.error
      The current testing environment is not configured to support act(...)

      27 |   let component;
      28 |   act(() => {
    > 29 |     component = create(<TestComponent hookProps={initialProps} />);
         |                       ^
      30 |   });
      31 |   return {
      32 |     result,

      at isConcurrentActEnvironment (node_modules/react-test-renderer/cjs/react-test-renderer.development.js:10243:17)
      at warnIfUpdatesNotWrappedWithActDEV (node_modules/react-test-renderer/cjs/react-test-renderer.development.js:11798:7)
      at scheduleUpdateOnFiber (node_modules/react-test-renderer/cjs/react-test-renderer.development.js:10326:9)
      at updateContainerImpl (node_modules/react-test-renderer/cjs/react-test-renderer.development.js:12382:10)
      at updateContainer (node_modules/react-test-renderer/cjs/react-test-renderer.development.js:12326:7)
      at process.env.NODE_ENV.exports.create (node_modules/react-test-renderer/cjs/react-test-renderer.development.js:14630:7)
      at hooks/__tests__/useSeedVerification.test.js:29:23
      at process.env.NODE_ENV.exports.act (node_modules/react/cjs/react.development.js:789:22)
      at renderHook (hooks/__tests__/useSeedVerification.test.js:28:6)
      at Object.renderHook (hooks/__tests__/useSeedVerification.test.js:179:26)

    console.error
      The current testing environment is not configured to support act(...)

      183 |       // Set some words first
      184 |       act(() => {
    > 185 |         result.current.setVerificationWords({ 0: 'test' });
          |                        ^
      186 |       });
      187 |
      188 |       act(() => {

      at isConcurrentActEnvironment (node_modules/react-test-renderer/cjs/react-test-renderer.development.js:10243:17)
      at warnIfUpdatesNotWrappedWithActDEV (node_modules/react-test-renderer/cjs/react-test-renderer.development.js:11798:7)
      at scheduleUpdateOnFiber (node_modules/react-test-renderer/cjs/react-test-renderer.development.js:10326:9)
      at dispatchSetStateInternal (node_modules/react-test-renderer/cjs/react-test-renderer.development.js:4148:13)
      at dispatchSetState (node_modules/react-test-renderer/cjs/react-test-renderer.development.js:4107:7)
      at setVerificationWords (hooks/__tests__/useSeedVerification.test.js:185:24)
      at process.env.NODE_ENV.exports.act (node_modules/react/cjs/react.development.js:789:22)
      at Object.<anonymous> (hooks/__tests__/useSeedVerification.test.js:184:10)

    console.error
      The current testing environment is not configured to support act(...)

      114 |       }
      115 |     }
    > 116 |     setRequiredIndices(indices.sort((a, b) => a - b));
          |     ^
      117 |
      118 |     // Generate multiple choice options for each word
      119 |     const choices = {};

      at isConcurrentActEnvironment (node_modules/react-test-renderer/cjs/react-test-renderer.development.js:10243:17)
      at warnIfUpdatesNotWrappedWithActDEV (node_modules/react-test-renderer/cjs/react-test-renderer.development.js:11798:7)
      at scheduleUpdateOnFiber (node_modules/react-test-renderer/cjs/react-test-renderer.development.js:10326:9)
      at dispatchSetStateInternal (node_modules/react-test-renderer/cjs/react-test-renderer.development.js:4148:13)
      at dispatchSetState (node_modules/react-test-renderer/cjs/react-test-renderer.development.js:4107:7)
      at Object.setRequiredIndices [as proceedToVerification] (hooks/useSeedVerification.js:116:5)
      at proceedToVerification (hooks/__tests__/useSeedVerification.test.js:189:24)
      at process.env.NODE_ENV.exports.act (node_modules/react/cjs/react.development.js:789:22)
      at Object.<anonymous> (hooks/__tests__/useSeedVerification.test.js:188:10)

    console.error
      The current testing environment is not configured to support act(...)

      121 |       choices[index] = generateChoicesForWord(tempMnemonicWords[index], tempMnemonicWords);
      122 |     });
    > 123 |     setWordChoices(choices);
          |     ^
      124 |     setVerificationWords({});
      125 |     setShowingSeeds(false);
      126 |     setVerifyingSeeds(true);

      at isConcurrentActEnvironment (node_modules/react-test-renderer/cjs/react-test-renderer.development.js:10243:17)
      at warnIfUpdatesNotWrappedWithActDEV (node_modules/react-test-renderer/cjs/react-test-renderer.development.js:11798:7)
      at scheduleUpdateOnFiber (node_modules/react-test-renderer/cjs/react-test-renderer.development.js:10326:9)
      at dispatchSetStateInternal (node_modules/react-test-renderer/cjs/react-test-renderer.development.js:4148:13)
      at dispatchSetState (node_modules/react-test-renderer/cjs/react-test-renderer.development.js:4107:7)
      at Object.setWordChoices [as proceedToVerification] (hooks/useSeedVerification.js:123:5)
      at proceedToVerification (hooks/__tests__/useSeedVerification.test.js:189:24)
      at process.env.NODE_ENV.exports.act (node_modules/react/cjs/react.development.js:789:22)
      at Object.<anonymous> (hooks/__tests__/useSeedVerification.test.js:188:10)

    console.error
      The current testing environment is not configured to support act(...)

      122 |     });
      123 |     setWordChoices(choices);
    > 124 |     setVerificationWords({});
          |     ^
      125 |     setShowingSeeds(false);
      126 |     setVerifyingSeeds(true);
      127 |   };

      at isConcurrentActEnvironment (node_modules/react-test-renderer/cjs/react-test-renderer.development.js:10243:17)
      at warnIfUpdatesNotWrappedWithActDEV (node_modules/react-test-renderer/cjs/react-test-renderer.development.js:11798:7)
      at scheduleUpdateOnFiber (node_modules/react-test-renderer/cjs/react-test-renderer.development.js:10326:9)
      at dispatchSetStateInternal (node_modules/react-test-renderer/cjs/react-test-renderer.development.js:4148:13)
      at dispatchSetState (node_modules/react-test-renderer/cjs/react-test-renderer.development.js:4107:7)
      at Object.setVerificationWords [as proceedToVerification] (hooks/useSeedVerification.js:124:5)
      at proceedToVerification (hooks/__tests__/useSeedVerification.test.js:189:24)
      at process.env.NODE_ENV.exports.act (node_modules/react/cjs/react.development.js:789:22)
      at Object.<anonymous> (hooks/__tests__/useSeedVerification.test.js:188:10)

    console.error
      The current testing environment is not configured to support act(...)

      124 |     setVerificationWords({});
      125 |     setShowingSeeds(false);
    > 126 |     setVerifyingSeeds(true);
          |     ^
      127 |   };
      128 |
      129 |   /**

      at isConcurrentActEnvironment (node_modules/react-test-renderer/cjs/react-test-renderer.development.js:10243:17)
      at warnIfUpdatesNotWrappedWithActDEV (node_modules/react-test-renderer/cjs/react-test-renderer.development.js:11798:7)
      at scheduleUpdateOnFiber (node_modules/react-test-renderer/cjs/react-test-renderer.development.js:10326:9)
      at dispatchSetStateInternal (node_modules/react-test-renderer/cjs/react-test-renderer.development.js:4148:13)
      at dispatchSetState (node_modules/react-test-renderer/cjs/react-test-renderer.development.js:4107:7)
      at Object.setVerifyingSeeds [as proceedToVerification] (hooks/useSeedVerification.js:126:5)
      at proceedToVerification (hooks/__tests__/useSeedVerification.test.js:189:24)
      at process.env.NODE_ENV.exports.act (node_modules/react/cjs/react.development.js:789:22)
      at Object.<anonymous> (hooks/__tests__/useSeedVerification.test.js:188:10)

    console.error
      react-test-renderer is deprecated. See https://react.dev/warnings/react-test-renderer

      27 |   let component;
      28 |   act(() => {
    > 29 |     component = create(<TestComponent hookProps={initialProps} />);
         |                       ^
      30 |   });
      31 |   return {
      32 |     result,

      at process.env.NODE_ENV.exports.create (node_modules/react-test-renderer/cjs/react-test-renderer.development.js:14598:17)
      at hooks/__tests__/useSeedVerification.test.js:29:23
      at process.env.NODE_ENV.exports.act (node_modules/react/cjs/react.development.js:789:22)
      at renderHook (hooks/__tests__/useSeedVerification.test.js:28:6)
      at Object.renderHook (hooks/__tests__/useSeedVerification.test.js:196:26)

    console.error
      The current testing environment is not configured to support act(...)

      27 |   let component;
      28 |   act(() => {
    > 29 |     component = create(<TestComponent hookProps={initialProps} />);
         |                       ^
      30 |   });
      31 |   return {
      32 |     result,

      at isConcurrentActEnvironment (node_modules/react-test-renderer/cjs/react-test-renderer.development.js:10243:17)
      at warnIfUpdatesNotWrappedWithActDEV (node_modules/react-test-renderer/cjs/react-test-renderer.development.js:11798:7)
      at scheduleUpdateOnFiber (node_modules/react-test-renderer/cjs/react-test-renderer.development.js:10326:9)
      at updateContainerImpl (node_modules/react-test-renderer/cjs/react-test-renderer.development.js:12382:10)
      at updateContainer (node_modules/react-test-renderer/cjs/react-test-renderer.development.js:12326:7)
      at process.env.NODE_ENV.exports.create (node_modules/react-test-renderer/cjs/react-test-renderer.development.js:14630:7)
      at hooks/__tests__/useSeedVerification.test.js:29:23
      at process.env.NODE_ENV.exports.act (node_modules/react/cjs/react.development.js:789:22)
      at renderHook (hooks/__tests__/useSeedVerification.test.js:28:6)
      at Object.renderHook (hooks/__tests__/useSeedVerification.test.js:196:26)

    console.error
      The current testing environment is not configured to support act(...)

      114 |       }
      115 |     }
    > 116 |     setRequiredIndices(indices.sort((a, b) => a - b));
          |     ^
      117 |
      118 |     // Generate multiple choice options for each word
      119 |     const choices = {};

      at isConcurrentActEnvironment (node_modules/react-test-renderer/cjs/react-test-renderer.development.js:10243:17)
      at warnIfUpdatesNotWrappedWithActDEV (node_modules/react-test-renderer/cjs/react-test-renderer.development.js:11798:7)
      at scheduleUpdateOnFiber (node_modules/react-test-renderer/cjs/react-test-renderer.development.js:10326:9)
      at dispatchSetStateInternal (node_modules/react-test-renderer/cjs/react-test-renderer.development.js:4148:13)
      at dispatchSetState (node_modules/react-test-renderer/cjs/react-test-renderer.development.js:4107:7)
      at Object.setRequiredIndices [as proceedToVerification] (hooks/useSeedVerification.js:116:5)
      at proceedToVerification (hooks/__tests__/useSeedVerification.test.js:201:24)
      at process.env.NODE_ENV.exports.act (node_modules/react/cjs/react.development.js:789:22)
      at Object.<anonymous> (hooks/__tests__/useSeedVerification.test.js:200:10)

    console.error
      The current testing environment is not configured to support act(...)

      121 |       choices[index] = generateChoicesForWord(tempMnemonicWords[index], tempMnemonicWords);
      122 |     });
    > 123 |     setWordChoices(choices);
          |     ^
      124 |     setVerificationWords({});
      125 |     setShowingSeeds(false);
      126 |     setVerifyingSeeds(true);

      at isConcurrentActEnvironment (node_modules/react-test-renderer/cjs/react-test-renderer.development.js:10243:17)
      at warnIfUpdatesNotWrappedWithActDEV (node_modules/react-test-renderer/cjs/react-test-renderer.development.js:11798:7)
      at scheduleUpdateOnFiber (node_modules/react-test-renderer/cjs/react-test-renderer.development.js:10326:9)
      at dispatchSetStateInternal (node_modules/react-test-renderer/cjs/react-test-renderer.development.js:4148:13)
      at dispatchSetState (node_modules/react-test-renderer/cjs/react-test-renderer.development.js:4107:7)
      at Object.setWordChoices [as proceedToVerification] (hooks/useSeedVerification.js:123:5)
      at proceedToVerification (hooks/__tests__/useSeedVerification.test.js:201:24)
      at process.env.NODE_ENV.exports.act (node_modules/react/cjs/react.development.js:789:22)
      at Object.<anonymous> (hooks/__tests__/useSeedVerification.test.js:200:10)

    console.error
      The current testing environment is not configured to support act(...)

      122 |     });
      123 |     setWordChoices(choices);
    > 124 |     setVerificationWords({});
          |     ^
      125 |     setShowingSeeds(false);
      126 |     setVerifyingSeeds(true);
      127 |   };

      at isConcurrentActEnvironment (node_modules/react-test-renderer/cjs/react-test-renderer.development.js:10243:17)
      at warnIfUpdatesNotWrappedWithActDEV (node_modules/react-test-renderer/cjs/react-test-renderer.development.js:11798:7)
      at scheduleUpdateOnFiber (node_modules/react-test-renderer/cjs/react-test-renderer.development.js:10326:9)
      at dispatchSetStateInternal (node_modules/react-test-renderer/cjs/react-test-renderer.development.js:4148:13)
      at dispatchSetState (node_modules/react-test-renderer/cjs/react-test-renderer.development.js:4107:7)
      at Object.setVerificationWords [as proceedToVerification] (hooks/useSeedVerification.js:124:5)
      at proceedToVerification (hooks/__tests__/useSeedVerification.test.js:201:24)
      at process.env.NODE_ENV.exports.act (node_modules/react/cjs/react.development.js:789:22)
      at Object.<anonymous> (hooks/__tests__/useSeedVerification.test.js:200:10)

    console.error
      The current testing environment is not configured to support act(...)

      124 |     setVerificationWords({});
      125 |     setShowingSeeds(false);
    > 126 |     setVerifyingSeeds(true);
          |     ^
      127 |   };
      128 |
      129 |   /**

      at isConcurrentActEnvironment (node_modules/react-test-renderer/cjs/react-test-renderer.development.js:10243:17)
      at warnIfUpdatesNotWrappedWithActDEV (node_modules/react-test-renderer/cjs/react-test-renderer.development.js:11798:7)
      at scheduleUpdateOnFiber (node_modules/react-test-renderer/cjs/react-test-renderer.development.js:10326:9)
      at dispatchSetStateInternal (node_modules/react-test-renderer/cjs/react-test-renderer.development.js:4148:13)
      at dispatchSetState (node_modules/react-test-renderer/cjs/react-test-renderer.development.js:4107:7)
      at Object.setVerifyingSeeds [as proceedToVerification] (hooks/useSeedVerification.js:126:5)
      at proceedToVerification (hooks/__tests__/useSeedVerification.test.js:201:24)
      at process.env.NODE_ENV.exports.act (node_modules/react/cjs/react.development.js:789:22)
      at Object.<anonymous> (hooks/__tests__/useSeedVerification.test.js:200:10)

    console.error
      react-test-renderer is deprecated. See https://react.dev/warnings/react-test-renderer

      27 |   let component;
      28 |   act(() => {
    > 29 |     component = create(<TestComponent hookProps={initialProps} />);
         |                       ^
      30 |   });
      31 |   return {
      32 |     result,

      at process.env.NODE_ENV.exports.create (node_modules/react-test-renderer/cjs/react-test-renderer.development.js:14598:17)
      at hooks/__tests__/useSeedVerification.test.js:29:23
      at process.env.NODE_ENV.exports.act (node_modules/react/cjs/react.development.js:789:22)
      at renderHook (hooks/__tests__/useSeedVerification.test.js:28:6)
      at Object.renderHook (hooks/__tests__/useSeedVerification.test.js:210:26)

    console.error
      The current testing environment is not configured to support act(...)

      27 |   let component;
      28 |   act(() => {
    > 29 |     component = create(<TestComponent hookProps={initialProps} />);
         |                       ^
      30 |   });
      31 |   return {
      32 |     result,

      at isConcurrentActEnvironment (node_modules/react-test-renderer/cjs/react-test-renderer.development.js:10243:17)
      at warnIfUpdatesNotWrappedWithActDEV (node_modules/react-test-renderer/cjs/react-test-renderer.development.js:11798:7)
      at scheduleUpdateOnFiber (node_modules/react-test-renderer/cjs/react-test-renderer.development.js:10326:9)
      at updateContainerImpl (node_modules/react-test-renderer/cjs/react-test-renderer.development.js:12382:10)
      at updateContainer (node_modules/react-test-renderer/cjs/react-test-renderer.development.js:12326:7)
      at process.env.NODE_ENV.exports.create (node_modules/react-test-renderer/cjs/react-test-renderer.development.js:14630:7)
      at hooks/__tests__/useSeedVerification.test.js:29:23
      at process.env.NODE_ENV.exports.act (node_modules/react/cjs/react.development.js:789:22)
      at renderHook (hooks/__tests__/useSeedVerification.test.js:28:6)
      at Object.renderHook (hooks/__tests__/useSeedVerification.test.js:210:26)

    console.error
      The current testing environment is not configured to support act(...)

      114 |       }
      115 |     }
    > 116 |     setRequiredIndices(indices.sort((a, b) => a - b));
          |     ^
      117 |
      118 |     // Generate multiple choice options for each word
      119 |     const choices = {};

      at isConcurrentActEnvironment (node_modules/react-test-renderer/cjs/react-test-renderer.development.js:10243:17)
      at warnIfUpdatesNotWrappedWithActDEV (node_modules/react-test-renderer/cjs/react-test-renderer.development.js:11798:7)
      at scheduleUpdateOnFiber (node_modules/react-test-renderer/cjs/react-test-renderer.development.js:10326:9)
      at dispatchSetStateInternal (node_modules/react-test-renderer/cjs/react-test-renderer.development.js:4148:13)
      at dispatchSetState (node_modules/react-test-renderer/cjs/react-test-renderer.development.js:4107:7)
      at Object.setRequiredIndices [as proceedToVerification] (hooks/useSeedVerification.js:116:5)
      at proceedToVerification (hooks/__tests__/useSeedVerification.test.js:215:24)
      at process.env.NODE_ENV.exports.act (node_modules/react/cjs/react.development.js:789:22)
      at Object.<anonymous> (hooks/__tests__/useSeedVerification.test.js:214:10)

    console.error
      The current testing environment is not configured to support act(...)

      121 |       choices[index] = generateChoicesForWord(tempMnemonicWords[index], tempMnemonicWords);
      122 |     });
    > 123 |     setWordChoices(choices);
          |     ^
      124 |     setVerificationWords({});
      125 |     setShowingSeeds(false);
      126 |     setVerifyingSeeds(true);

      at isConcurrentActEnvironment (node_modules/react-test-renderer/cjs/react-test-renderer.development.js:10243:17)
      at warnIfUpdatesNotWrappedWithActDEV (node_modules/react-test-renderer/cjs/react-test-renderer.development.js:11798:7)
      at scheduleUpdateOnFiber (node_modules/react-test-renderer/cjs/react-test-renderer.development.js:10326:9)
      at dispatchSetStateInternal (node_modules/react-test-renderer/cjs/react-test-renderer.development.js:4148:13)
      at dispatchSetState (node_modules/react-test-renderer/cjs/react-test-renderer.development.js:4107:7)
      at Object.setWordChoices [as proceedToVerification] (hooks/useSeedVerification.js:123:5)
      at proceedToVerification (hooks/__tests__/useSeedVerification.test.js:215:24)
      at process.env.NODE_ENV.exports.act (node_modules/react/cjs/react.development.js:789:22)
      at Object.<anonymous> (hooks/__tests__/useSeedVerification.test.js:214:10)

    console.error
      The current testing environment is not configured to support act(...)

      122 |     });
      123 |     setWordChoices(choices);
    > 124 |     setVerificationWords({});
          |     ^
      125 |     setShowingSeeds(false);
      126 |     setVerifyingSeeds(true);
      127 |   };

      at isConcurrentActEnvironment (node_modules/react-test-renderer/cjs/react-test-renderer.development.js:10243:17)
      at warnIfUpdatesNotWrappedWithActDEV (node_modules/react-test-renderer/cjs/react-test-renderer.development.js:11798:7)
      at scheduleUpdateOnFiber (node_modules/react-test-renderer/cjs/react-test-renderer.development.js:10326:9)
      at dispatchSetStateInternal (node_modules/react-test-renderer/cjs/react-test-renderer.development.js:4148:13)
      at dispatchSetState (node_modules/react-test-renderer/cjs/react-test-renderer.development.js:4107:7)
      at Object.setVerificationWords [as proceedToVerification] (hooks/useSeedVerification.js:124:5)
      at proceedToVerification (hooks/__tests__/useSeedVerification.test.js:215:24)
      at process.env.NODE_ENV.exports.act (node_modules/react/cjs/react.development.js:789:22)
      at Object.<anonymous> (hooks/__tests__/useSeedVerification.test.js:214:10)

    console.error
      The current testing environment is not configured to support act(...)

      124 |     setVerificationWords({});
      125 |     setShowingSeeds(false);
    > 126 |     setVerifyingSeeds(true);
          |     ^
      127 |   };
      128 |
      129 |   /**

      at isConcurrentActEnvironment (node_modules/react-test-renderer/cjs/react-test-renderer.development.js:10243:17)
      at warnIfUpdatesNotWrappedWithActDEV (node_modules/react-test-renderer/cjs/react-test-renderer.development.js:11798:7)
      at scheduleUpdateOnFiber (node_modules/react-test-renderer/cjs/react-test-renderer.development.js:10326:9)
      at dispatchSetStateInternal (node_modules/react-test-renderer/cjs/react-test-renderer.development.js:4148:13)
      at dispatchSetState (node_modules/react-test-renderer/cjs/react-test-renderer.development.js:4107:7)
      at Object.setVerifyingSeeds [as proceedToVerification] (hooks/useSeedVerification.js:126:5)
      at proceedToVerification (hooks/__tests__/useSeedVerification.test.js:215:24)
      at process.env.NODE_ENV.exports.act (node_modules/react/cjs/react.development.js:789:22)
      at Object.<anonymous> (hooks/__tests__/useSeedVerification.test.js:214:10)

    console.error
      react-test-renderer is deprecated. See https://react.dev/warnings/react-test-renderer

      27 |   let component;
      28 |   act(() => {
    > 29 |     component = create(<TestComponent hookProps={initialProps} />);
         |                       ^
      30 |   });
      31 |   return {
      32 |     result,

      at process.env.NODE_ENV.exports.create (node_modules/react-test-renderer/cjs/react-test-renderer.development.js:14598:17)
      at hooks/__tests__/useSeedVerification.test.js:29:23
      at process.env.NODE_ENV.exports.act (node_modules/react/cjs/react.development.js:789:22)
      at renderHook (hooks/__tests__/useSeedVerification.test.js:28:6)
      at Object.renderHook (hooks/__tests__/useSeedVerification.test.js:226:26)

    console.error
      The current testing environment is not configured to support act(...)

      27 |   let component;
      28 |   act(() => {
    > 29 |     component = create(<TestComponent hookProps={initialProps} />);
         |                       ^
      30 |   });
      31 |   return {
      32 |     result,

      at isConcurrentActEnvironment (node_modules/react-test-renderer/cjs/react-test-renderer.development.js:10243:17)
      at warnIfUpdatesNotWrappedWithActDEV (node_modules/react-test-renderer/cjs/react-test-renderer.development.js:11798:7)
      at scheduleUpdateOnFiber (node_modules/react-test-renderer/cjs/react-test-renderer.development.js:10326:9)
      at updateContainerImpl (node_modules/react-test-renderer/cjs/react-test-renderer.development.js:12382:10)
      at updateContainer (node_modules/react-test-renderer/cjs/react-test-renderer.development.js:12326:7)
      at process.env.NODE_ENV.exports.create (node_modules/react-test-renderer/cjs/react-test-renderer.development.js:14630:7)
      at hooks/__tests__/useSeedVerification.test.js:29:23
      at process.env.NODE_ENV.exports.act (node_modules/react/cjs/react.development.js:789:22)
      at renderHook (hooks/__tests__/useSeedVerification.test.js:28:6)
      at Object.renderHook (hooks/__tests__/useSeedVerification.test.js:226:26)

    console.error
      The current testing environment is not configured to support act(...)

      114 |       }
      115 |     }
    > 116 |     setRequiredIndices(indices.sort((a, b) => a - b));
          |     ^
      117 |
      118 |     // Generate multiple choice options for each word
      119 |     const choices = {};

      at isConcurrentActEnvironment (node_modules/react-test-renderer/cjs/react-test-renderer.development.js:10243:17)
      at warnIfUpdatesNotWrappedWithActDEV (node_modules/react-test-renderer/cjs/react-test-renderer.development.js:11798:7)
      at scheduleUpdateOnFiber (node_modules/react-test-renderer/cjs/react-test-renderer.development.js:10326:9)
      at dispatchSetStateInternal (node_modules/react-test-renderer/cjs/react-test-renderer.development.js:4148:13)
      at dispatchSetState (node_modules/react-test-renderer/cjs/react-test-renderer.development.js:4107:7)
      at Object.setRequiredIndices [as proceedToVerification] (hooks/useSeedVerification.js:116:5)
      at proceedToVerification (hooks/__tests__/useSeedVerification.test.js:231:24)
      at process.env.NODE_ENV.exports.act (node_modules/react/cjs/react.development.js:789:22)
      at Object.<anonymous> (hooks/__tests__/useSeedVerification.test.js:230:10)

    console.error
      The current testing environment is not configured to support act(...)

      121 |       choices[index] = generateChoicesForWord(tempMnemonicWords[index], tempMnemonicWords);
      122 |     });
    > 123 |     setWordChoices(choices);
          |     ^
      124 |     setVerificationWords({});
      125 |     setShowingSeeds(false);
      126 |     setVerifyingSeeds(true);

      at isConcurrentActEnvironment (node_modules/react-test-renderer/cjs/react-test-renderer.development.js:10243:17)
      at warnIfUpdatesNotWrappedWithActDEV (node_modules/react-test-renderer/cjs/react-test-renderer.development.js:11798:7)
      at scheduleUpdateOnFiber (node_modules/react-test-renderer/cjs/react-test-renderer.development.js:10326:9)
      at dispatchSetStateInternal (node_modules/react-test-renderer/cjs/react-test-renderer.development.js:4148:13)
      at dispatchSetState (node_modules/react-test-renderer/cjs/react-test-renderer.development.js:4107:7)
      at Object.setWordChoices [as proceedToVerification] (hooks/useSeedVerification.js:123:5)
      at proceedToVerification (hooks/__tests__/useSeedVerification.test.js:231:24)
      at process.env.NODE_ENV.exports.act (node_modules/react/cjs/react.development.js:789:22)
      at Object.<anonymous> (hooks/__tests__/useSeedVerification.test.js:230:10)

    console.error
      The current testing environment is not configured to support act(...)

      122 |     });
      123 |     setWordChoices(choices);
    > 124 |     setVerificationWords({});
          |     ^
      125 |     setShowingSeeds(false);
      126 |     setVerifyingSeeds(true);
      127 |   };

      at isConcurrentActEnvironment (node_modules/react-test-renderer/cjs/react-test-renderer.development.js:10243:17)
      at warnIfUpdatesNotWrappedWithActDEV (node_modules/react-test-renderer/cjs/react-test-renderer.development.js:11798:7)
      at scheduleUpdateOnFiber (node_modules/react-test-renderer/cjs/react-test-renderer.development.js:10326:9)
      at dispatchSetStateInternal (node_modules/react-test-renderer/cjs/react-test-renderer.development.js:4148:13)
      at dispatchSetState (node_modules/react-test-renderer/cjs/react-test-renderer.development.js:4107:7)
      at Object.setVerificationWords [as proceedToVerification] (hooks/useSeedVerification.js:124:5)
      at proceedToVerification (hooks/__tests__/useSeedVerification.test.js:231:24)
      at process.env.NODE_ENV.exports.act (node_modules/react/cjs/react.development.js:789:22)
      at Object.<anonymous> (hooks/__tests__/useSeedVerification.test.js:230:10)

    console.error
      The current testing environment is not configured to support act(...)

      124 |     setVerificationWords({});
      125 |     setShowingSeeds(false);
    > 126 |     setVerifyingSeeds(true);
          |     ^
      127 |   };
      128 |
      129 |   /**

      at isConcurrentActEnvironment (node_modules/react-test-renderer/cjs/react-test-renderer.development.js:10243:17)
      at warnIfUpdatesNotWrappedWithActDEV (node_modules/react-test-renderer/cjs/react-test-renderer.development.js:11798:7)
      at scheduleUpdateOnFiber (node_modules/react-test-renderer/cjs/react-test-renderer.development.js:10326:9)
      at dispatchSetStateInternal (node_modules/react-test-renderer/cjs/react-test-renderer.development.js:4148:13)
      at dispatchSetState (node_modules/react-test-renderer/cjs/react-test-renderer.development.js:4107:7)
      at Object.setVerifyingSeeds [as proceedToVerification] (hooks/useSeedVerification.js:126:5)
      at proceedToVerification (hooks/__tests__/useSeedVerification.test.js:231:24)
      at process.env.NODE_ENV.exports.act (node_modules/react/cjs/react.development.js:789:22)
      at Object.<anonymous> (hooks/__tests__/useSeedVerification.test.js:230:10)

    console.error
      react-test-renderer is deprecated. See https://react.dev/warnings/react-test-renderer

      27 |   let component;
      28 |   act(() => {
    > 29 |     component = create(<TestComponent hookProps={initialProps} />);
         |                       ^
      30 |   });
      31 |   return {
      32 |     result,

      at process.env.NODE_ENV.exports.create (node_modules/react-test-renderer/cjs/react-test-renderer.development.js:14598:17)
      at hooks/__tests__/useSeedVerification.test.js:29:23
      at process.env.NODE_ENV.exports.act (node_modules/react/cjs/react.development.js:789:22)
      at renderHook (hooks/__tests__/useSeedVerification.test.js:28:6)
      at Object.renderHook (hooks/__tests__/useSeedVerification.test.js:245:26)

    console.error
      The current testing environment is not configured to support act(...)

      27 |   let component;
      28 |   act(() => {
    > 29 |     component = create(<TestComponent hookProps={initialProps} />);
         |                       ^
      30 |   });
      31 |   return {
      32 |     result,

      at isConcurrentActEnvironment (node_modules/react-test-renderer/cjs/react-test-renderer.development.js:10243:17)
      at warnIfUpdatesNotWrappedWithActDEV (node_modules/react-test-renderer/cjs/react-test-renderer.development.js:11798:7)
      at scheduleUpdateOnFiber (node_modules/react-test-renderer/cjs/react-test-renderer.development.js:10326:9)
      at updateContainerImpl (node_modules/react-test-renderer/cjs/react-test-renderer.development.js:12382:10)
      at updateContainer (node_modules/react-test-renderer/cjs/react-test-renderer.development.js:12326:7)
      at process.env.NODE_ENV.exports.create (node_modules/react-test-renderer/cjs/react-test-renderer.development.js:14630:7)
      at hooks/__tests__/useSeedVerification.test.js:29:23
      at process.env.NODE_ENV.exports.act (node_modules/react/cjs/react.development.js:789:22)
      at renderHook (hooks/__tests__/useSeedVerification.test.js:28:6)
      at Object.renderHook (hooks/__tests__/useSeedVerification.test.js:245:26)

    console.error
      The current testing environment is not configured to support act(...)

      114 |       }
      115 |     }
    > 116 |     setRequiredIndices(indices.sort((a, b) => a - b));
          |     ^
      117 |
      118 |     // Generate multiple choice options for each word
      119 |     const choices = {};

      at isConcurrentActEnvironment (node_modules/react-test-renderer/cjs/react-test-renderer.development.js:10243:17)
      at warnIfUpdatesNotWrappedWithActDEV (node_modules/react-test-renderer/cjs/react-test-renderer.development.js:11798:7)
      at scheduleUpdateOnFiber (node_modules/react-test-renderer/cjs/react-test-renderer.development.js:10326:9)
      at dispatchSetStateInternal (node_modules/react-test-renderer/cjs/react-test-renderer.development.js:4148:13)
      at dispatchSetState (node_modules/react-test-renderer/cjs/react-test-renderer.development.js:4107:7)
      at Object.setRequiredIndices [as proceedToVerification] (hooks/useSeedVerification.js:116:5)
      at proceedToVerification (hooks/__tests__/useSeedVerification.test.js:250:24)
      at process.env.NODE_ENV.exports.act (node_modules/react/cjs/react.development.js:789:22)
      at Object.<anonymous> (hooks/__tests__/useSeedVerification.test.js:249:10)

    console.error
      The current testing environment is not configured to support act(...)

      121 |       choices[index] = generateChoicesForWord(tempMnemonicWords[index], tempMnemonicWords);
      122 |     });
    > 123 |     setWordChoices(choices);
          |     ^
      124 |     setVerificationWords({});
      125 |     setShowingSeeds(false);
      126 |     setVerifyingSeeds(true);

      at isConcurrentActEnvironment (node_modules/react-test-renderer/cjs/react-test-renderer.development.js:10243:17)
      at warnIfUpdatesNotWrappedWithActDEV (node_modules/react-test-renderer/cjs/react-test-renderer.development.js:11798:7)
      at scheduleUpdateOnFiber (node_modules/react-test-renderer/cjs/react-test-renderer.development.js:10326:9)
      at dispatchSetStateInternal (node_modules/react-test-renderer/cjs/react-test-renderer.development.js:4148:13)
      at dispatchSetState (node_modules/react-test-renderer/cjs/react-test-renderer.development.js:4107:7)
      at Object.setWordChoices [as proceedToVerification] (hooks/useSeedVerification.js:123:5)
      at proceedToVerification (hooks/__tests__/useSeedVerification.test.js:250:24)
      at process.env.NODE_ENV.exports.act (node_modules/react/cjs/react.development.js:789:22)
      at Object.<anonymous> (hooks/__tests__/useSeedVerification.test.js:249:10)

    console.error
      The current testing environment is not configured to support act(...)

      122 |     });
      123 |     setWordChoices(choices);
    > 124 |     setVerificationWords({});
          |     ^
      125 |     setShowingSeeds(false);
      126 |     setVerifyingSeeds(true);
      127 |   };

      at isConcurrentActEnvironment (node_modules/react-test-renderer/cjs/react-test-renderer.development.js:10243:17)
      at warnIfUpdatesNotWrappedWithActDEV (node_modules/react-test-renderer/cjs/react-test-renderer.development.js:11798:7)
      at scheduleUpdateOnFiber (node_modules/react-test-renderer/cjs/react-test-renderer.development.js:10326:9)
      at dispatchSetStateInternal (node_modules/react-test-renderer/cjs/react-test-renderer.development.js:4148:13)
      at dispatchSetState (node_modules/react-test-renderer/cjs/react-test-renderer.development.js:4107:7)
      at Object.setVerificationWords [as proceedToVerification] (hooks/useSeedVerification.js:124:5)
      at proceedToVerification (hooks/__tests__/useSeedVerification.test.js:250:24)
      at process.env.NODE_ENV.exports.act (node_modules/react/cjs/react.development.js:789:22)
      at Object.<anonymous> (hooks/__tests__/useSeedVerification.test.js:249:10)

    console.error
      The current testing environment is not configured to support act(...)

      124 |     setVerificationWords({});
      125 |     setShowingSeeds(false);
    > 126 |     setVerifyingSeeds(true);
          |     ^
      127 |   };
      128 |
      129 |   /**

      at isConcurrentActEnvironment (node_modules/react-test-renderer/cjs/react-test-renderer.development.js:10243:17)
      at warnIfUpdatesNotWrappedWithActDEV (node_modules/react-test-renderer/cjs/react-test-renderer.development.js:11798:7)
      at scheduleUpdateOnFiber (node_modules/react-test-renderer/cjs/react-test-renderer.development.js:10326:9)
      at dispatchSetStateInternal (node_modules/react-test-renderer/cjs/react-test-renderer.development.js:4148:13)
      at dispatchSetState (node_modules/react-test-renderer/cjs/react-test-renderer.development.js:4107:7)
      at Object.setVerifyingSeeds [as proceedToVerification] (hooks/useSeedVerification.js:126:5)
      at proceedToVerification (hooks/__tests__/useSeedVerification.test.js:250:24)
      at process.env.NODE_ENV.exports.act (node_modules/react/cjs/react.development.js:789:22)
      at Object.<anonymous> (hooks/__tests__/useSeedVerification.test.js:249:10)

    console.error
      The current testing environment is not configured to support act(...)

      258 |
      259 |       act(() => {
    > 260 |         result.current.setVerificationWords(correctWords);
          |                        ^
      261 |       });
      262 |
      263 |       act(() => {

      at isConcurrentActEnvironment (node_modules/react-test-renderer/cjs/react-test-renderer.development.js:10243:17)
      at warnIfUpdatesNotWrappedWithActDEV (node_modules/react-test-renderer/cjs/react-test-renderer.development.js:11798:7)
      at scheduleUpdateOnFiber (node_modules/react-test-renderer/cjs/react-test-renderer.development.js:10326:9)
      at dispatchSetStateInternal (node_modules/react-test-renderer/cjs/react-test-renderer.development.js:4148:13)
      at dispatchSetState (node_modules/react-test-renderer/cjs/react-test-renderer.development.js:4107:7)
      at setVerificationWords (hooks/__tests__/useSeedVerification.test.js:260:24)
      at process.env.NODE_ENV.exports.act (node_modules/react/cjs/react.development.js:789:22)
      at Object.<anonymous> (hooks/__tests__/useSeedVerification.test.js:259:10)

    console.error
      The current testing environment is not configured to support act(...)

      150 |     if (allCorrect) {
      151 |       // Set both states immediately to prevent lock screen flash
    > 152 |       setVerifyingSeeds(false);
          |       ^
      153 |       setSettingUpPin(true);
      154 |
      155 |       // Clear persisted state

      at isConcurrentActEnvironment (node_modules/react-test-renderer/cjs/react-test-renderer.development.js:10243:17)
      at warnIfUpdatesNotWrappedWithActDEV (node_modules/react-test-renderer/cjs/react-test-renderer.development.js:11798:7)
      at scheduleUpdateOnFiber (node_modules/react-test-renderer/cjs/react-test-renderer.development.js:10326:9)
      at dispatchSetStateInternal (node_modules/react-test-renderer/cjs/react-test-renderer.development.js:4148:13)
      at dispatchSetState (node_modules/react-test-renderer/cjs/react-test-renderer.development.js:4107:7)
      at Object.setVerifyingSeeds [as verifySeeds] (hooks/useSeedVerification.js:152:7)
      at verifySeeds (hooks/__tests__/useSeedVerification.test.js:264:24)
      at process.env.NODE_ENV.exports.act (node_modules/react/cjs/react.development.js:789:22)
      at Object.<anonymous> (hooks/__tests__/useSeedVerification.test.js:263:10)

    console.error
      react-test-renderer is deprecated. See https://react.dev/warnings/react-test-renderer

      27 |   let component;
      28 |   act(() => {
    > 29 |     component = create(<TestComponent hookProps={initialProps} />);
         |                       ^
      30 |   });
      31 |   return {
      32 |     result,

      at process.env.NODE_ENV.exports.create (node_modules/react-test-renderer/cjs/react-test-renderer.development.js:14598:17)
      at hooks/__tests__/useSeedVerification.test.js:29:23
      at process.env.NODE_ENV.exports.act (node_modules/react/cjs/react.development.js:789:22)
      at renderHook (hooks/__tests__/useSeedVerification.test.js:28:6)
      at Object.renderHook (hooks/__tests__/useSeedVerification.test.js:272:26)

    console.error
      The current testing environment is not configured to support act(...)

      27 |   let component;
      28 |   act(() => {
    > 29 |     component = create(<TestComponent hookProps={initialProps} />);
         |                       ^
      30 |   });
      31 |   return {
      32 |     result,

      at isConcurrentActEnvironment (node_modules/react-test-renderer/cjs/react-test-renderer.development.js:10243:17)
      at warnIfUpdatesNotWrappedWithActDEV (node_modules/react-test-renderer/cjs/react-test-renderer.development.js:11798:7)
      at scheduleUpdateOnFiber (node_modules/react-test-renderer/cjs/react-test-renderer.development.js:10326:9)
      at updateContainerImpl (node_modules/react-test-renderer/cjs/react-test-renderer.development.js:12382:10)
      at updateContainer (node_modules/react-test-renderer/cjs/react-test-renderer.development.js:12326:7)
      at process.env.NODE_ENV.exports.create (node_modules/react-test-renderer/cjs/react-test-renderer.development.js:14630:7)
      at hooks/__tests__/useSeedVerification.test.js:29:23
      at process.env.NODE_ENV.exports.act (node_modules/react/cjs/react.development.js:789:22)
      at renderHook (hooks/__tests__/useSeedVerification.test.js:28:6)
      at Object.renderHook (hooks/__tests__/useSeedVerification.test.js:272:26)

    console.error
      The current testing environment is not configured to support act(...)

      114 |       }
      115 |     }
    > 116 |     setRequiredIndices(indices.sort((a, b) => a - b));
          |     ^
      117 |
      118 |     // Generate multiple choice options for each word
      119 |     const choices = {};

      at isConcurrentActEnvironment (node_modules/react-test-renderer/cjs/react-test-renderer.development.js:10243:17)
      at warnIfUpdatesNotWrappedWithActDEV (node_modules/react-test-renderer/cjs/react-test-renderer.development.js:11798:7)
      at scheduleUpdateOnFiber (node_modules/react-test-renderer/cjs/react-test-renderer.development.js:10326:9)
      at dispatchSetStateInternal (node_modules/react-test-renderer/cjs/react-test-renderer.development.js:4148:13)
      at dispatchSetState (node_modules/react-test-renderer/cjs/react-test-renderer.development.js:4107:7)
      at Object.setRequiredIndices [as proceedToVerification] (hooks/useSeedVerification.js:116:5)
      at proceedToVerification (hooks/__tests__/useSeedVerification.test.js:277:24)
      at process.env.NODE_ENV.exports.act (node_modules/react/cjs/react.development.js:789:22)
      at Object.<anonymous> (hooks/__tests__/useSeedVerification.test.js:276:10)

    console.error
      The current testing environment is not configured to support act(...)

      121 |       choices[index] = generateChoicesForWord(tempMnemonicWords[index], tempMnemonicWords);
      122 |     });
    > 123 |     setWordChoices(choices);
          |     ^
      124 |     setVerificationWords({});
      125 |     setShowingSeeds(false);
      126 |     setVerifyingSeeds(true);

      at isConcurrentActEnvironment (node_modules/react-test-renderer/cjs/react-test-renderer.development.js:10243:17)
      at warnIfUpdatesNotWrappedWithActDEV (node_modules/react-test-renderer/cjs/react-test-renderer.development.js:11798:7)
      at scheduleUpdateOnFiber (node_modules/react-test-renderer/cjs/react-test-renderer.development.js:10326:9)
      at dispatchSetStateInternal (node_modules/react-test-renderer/cjs/react-test-renderer.development.js:4148:13)
      at dispatchSetState (node_modules/react-test-renderer/cjs/react-test-renderer.development.js:4107:7)
      at Object.setWordChoices [as proceedToVerification] (hooks/useSeedVerification.js:123:5)
      at proceedToVerification (hooks/__tests__/useSeedVerification.test.js:277:24)
      at process.env.NODE_ENV.exports.act (node_modules/react/cjs/react.development.js:789:22)
      at Object.<anonymous> (hooks/__tests__/useSeedVerification.test.js:276:10)

    console.error
      The current testing environment is not configured to support act(...)

      122 |     });
      123 |     setWordChoices(choices);
    > 124 |     setVerificationWords({});
          |     ^
      125 |     setShowingSeeds(false);
      126 |     setVerifyingSeeds(true);
      127 |   };

      at isConcurrentActEnvironment (node_modules/react-test-renderer/cjs/react-test-renderer.development.js:10243:17)
      at warnIfUpdatesNotWrappedWithActDEV (node_modules/react-test-renderer/cjs/react-test-renderer.development.js:11798:7)
      at scheduleUpdateOnFiber (node_modules/react-test-renderer/cjs/react-test-renderer.development.js:10326:9)
      at dispatchSetStateInternal (node_modules/react-test-renderer/cjs/react-test-renderer.development.js:4148:13)
      at dispatchSetState (node_modules/react-test-renderer/cjs/react-test-renderer.development.js:4107:7)
      at Object.setVerificationWords [as proceedToVerification] (hooks/useSeedVerification.js:124:5)
      at proceedToVerification (hooks/__tests__/useSeedVerification.test.js:277:24)
      at process.env.NODE_ENV.exports.act (node_modules/react/cjs/react.development.js:789:22)
      at Object.<anonymous> (hooks/__tests__/useSeedVerification.test.js:276:10)

    console.error
      The current testing environment is not configured to support act(...)

      124 |     setVerificationWords({});
      125 |     setShowingSeeds(false);
    > 126 |     setVerifyingSeeds(true);
          |     ^
      127 |   };
      128 |
      129 |   /**

      at isConcurrentActEnvironment (node_modules/react-test-renderer/cjs/react-test-renderer.development.js:10243:17)
      at warnIfUpdatesNotWrappedWithActDEV (node_modules/react-test-renderer/cjs/react-test-renderer.development.js:11798:7)
      at scheduleUpdateOnFiber (node_modules/react-test-renderer/cjs/react-test-renderer.development.js:10326:9)
      at dispatchSetStateInternal (node_modules/react-test-renderer/cjs/react-test-renderer.development.js:4148:13)
      at dispatchSetState (node_modules/react-test-renderer/cjs/react-test-renderer.development.js:4107:7)
      at Object.setVerifyingSeeds [as proceedToVerification] (hooks/useSeedVerification.js:126:5)
      at proceedToVerification (hooks/__tests__/useSeedVerification.test.js:277:24)
      at process.env.NODE_ENV.exports.act (node_modules/react/cjs/react.development.js:789:22)
      at Object.<anonymous> (hooks/__tests__/useSeedVerification.test.js:276:10)

    console.error
      The current testing environment is not configured to support act(...)

      285 |
      286 |       act(() => {
    > 287 |         result.current.setVerificationWords(incorrectWords);
          |                        ^
      288 |       });
      289 |
      290 |       act(() => {

      at isConcurrentActEnvironment (node_modules/react-test-renderer/cjs/react-test-renderer.development.js:10243:17)
      at warnIfUpdatesNotWrappedWithActDEV (node_modules/react-test-renderer/cjs/react-test-renderer.development.js:11798:7)
      at scheduleUpdateOnFiber (node_modules/react-test-renderer/cjs/react-test-renderer.development.js:10326:9)
      at dispatchSetStateInternal (node_modules/react-test-renderer/cjs/react-test-renderer.development.js:4148:13)
      at dispatchSetState (node_modules/react-test-renderer/cjs/react-test-renderer.development.js:4107:7)
      at setVerificationWords (hooks/__tests__/useSeedVerification.test.js:287:24)
      at process.env.NODE_ENV.exports.act (node_modules/react/cjs/react.development.js:789:22)
      at Object.<anonymous> (hooks/__tests__/useSeedVerification.test.js:286:10)

    console.error
      The current testing environment is not configured to support act(...)

      157 |     } else {
      158 |       showToast(ERRORS.SEED_PHRASE_INCORRECT, 'error');
    > 159 |       setVerificationWords({});
          |       ^
      160 |     }
      161 |   };
      162 |

      at isConcurrentActEnvironment (node_modules/react-test-renderer/cjs/react-test-renderer.development.js:10243:17)
      at warnIfUpdatesNotWrappedWithActDEV (node_modules/react-test-renderer/cjs/react-test-renderer.development.js:11798:7)
      at scheduleUpdateOnFiber (node_modules/react-test-renderer/cjs/react-test-renderer.development.js:10326:9)
      at dispatchSetStateInternal (node_modules/react-test-renderer/cjs/react-test-renderer.development.js:4148:13)
      at dispatchSetState (node_modules/react-test-renderer/cjs/react-test-renderer.development.js:4107:7)
      at Object.setVerificationWords [as verifySeeds] (hooks/useSeedVerification.js:159:7)
      at verifySeeds (hooks/__tests__/useSeedVerification.test.js:291:24)
      at process.env.NODE_ENV.exports.act (node_modules/react/cjs/react.development.js:789:22)
      at Object.<anonymous> (hooks/__tests__/useSeedVerification.test.js:290:10)

    console.error
      react-test-renderer is deprecated. See https://react.dev/warnings/react-test-renderer

      27 |   let component;
      28 |   act(() => {
    > 29 |     component = create(<TestComponent hookProps={initialProps} />);
         |                       ^
      30 |   });
      31 |   return {
      32 |     result,

      at process.env.NODE_ENV.exports.create (node_modules/react-test-renderer/cjs/react-test-renderer.development.js:14598:17)
      at hooks/__tests__/useSeedVerification.test.js:29:23
      at process.env.NODE_ENV.exports.act (node_modules/react/cjs/react.development.js:789:22)
      at renderHook (hooks/__tests__/useSeedVerification.test.js:28:6)
      at Object.renderHook (hooks/__tests__/useSeedVerification.test.js:299:26)

    console.error
      The current testing environment is not configured to support act(...)

      27 |   let component;
      28 |   act(() => {
    > 29 |     component = create(<TestComponent hookProps={initialProps} />);
         |                       ^
      30 |   });
      31 |   return {
      32 |     result,

      at isConcurrentActEnvironment (node_modules/react-test-renderer/cjs/react-test-renderer.development.js:10243:17)
      at warnIfUpdatesNotWrappedWithActDEV (node_modules/react-test-renderer/cjs/react-test-renderer.development.js:11798:7)
      at scheduleUpdateOnFiber (node_modules/react-test-renderer/cjs/react-test-renderer.development.js:10326:9)
      at updateContainerImpl (node_modules/react-test-renderer/cjs/react-test-renderer.development.js:12382:10)
      at updateContainer (node_modules/react-test-renderer/cjs/react-test-renderer.development.js:12326:7)
      at process.env.NODE_ENV.exports.create (node_modules/react-test-renderer/cjs/react-test-renderer.development.js:14630:7)
      at hooks/__tests__/useSeedVerification.test.js:29:23
      at process.env.NODE_ENV.exports.act (node_modules/react/cjs/react.development.js:789:22)
      at renderHook (hooks/__tests__/useSeedVerification.test.js:28:6)
      at Object.renderHook (hooks/__tests__/useSeedVerification.test.js:299:26)

    console.error
      The current testing environment is not configured to support act(...)

      114 |       }
      115 |     }
    > 116 |     setRequiredIndices(indices.sort((a, b) => a - b));
          |     ^
      117 |
      118 |     // Generate multiple choice options for each word
      119 |     const choices = {};

      at isConcurrentActEnvironment (node_modules/react-test-renderer/cjs/react-test-renderer.development.js:10243:17)
      at warnIfUpdatesNotWrappedWithActDEV (node_modules/react-test-renderer/cjs/react-test-renderer.development.js:11798:7)
      at scheduleUpdateOnFiber (node_modules/react-test-renderer/cjs/react-test-renderer.development.js:10326:9)
      at dispatchSetStateInternal (node_modules/react-test-renderer/cjs/react-test-renderer.development.js:4148:13)
      at dispatchSetState (node_modules/react-test-renderer/cjs/react-test-renderer.development.js:4107:7)
      at Object.setRequiredIndices [as proceedToVerification] (hooks/useSeedVerification.js:116:5)
      at proceedToVerification (hooks/__tests__/useSeedVerification.test.js:304:24)
      at process.env.NODE_ENV.exports.act (node_modules/react/cjs/react.development.js:789:22)
      at Object.<anonymous> (hooks/__tests__/useSeedVerification.test.js:303:10)

    console.error
      The current testing environment is not configured to support act(...)

      121 |       choices[index] = generateChoicesForWord(tempMnemonicWords[index], tempMnemonicWords);
      122 |     });
    > 123 |     setWordChoices(choices);
          |     ^
      124 |     setVerificationWords({});
      125 |     setShowingSeeds(false);
      126 |     setVerifyingSeeds(true);

      at isConcurrentActEnvironment (node_modules/react-test-renderer/cjs/react-test-renderer.development.js:10243:17)
      at warnIfUpdatesNotWrappedWithActDEV (node_modules/react-test-renderer/cjs/react-test-renderer.development.js:11798:7)
      at scheduleUpdateOnFiber (node_modules/react-test-renderer/cjs/react-test-renderer.development.js:10326:9)
      at dispatchSetStateInternal (node_modules/react-test-renderer/cjs/react-test-renderer.development.js:4148:13)
      at dispatchSetState (node_modules/react-test-renderer/cjs/react-test-renderer.development.js:4107:7)
      at Object.setWordChoices [as proceedToVerification] (hooks/useSeedVerification.js:123:5)
      at proceedToVerification (hooks/__tests__/useSeedVerification.test.js:304:24)
      at process.env.NODE_ENV.exports.act (node_modules/react/cjs/react.development.js:789:22)
      at Object.<anonymous> (hooks/__tests__/useSeedVerification.test.js:303:10)

    console.error
      The current testing environment is not configured to support act(...)

      122 |     });
      123 |     setWordChoices(choices);
    > 124 |     setVerificationWords({});
          |     ^
      125 |     setShowingSeeds(false);
      126 |     setVerifyingSeeds(true);
      127 |   };

      at isConcurrentActEnvironment (node_modules/react-test-renderer/cjs/react-test-renderer.development.js:10243:17)
      at warnIfUpdatesNotWrappedWithActDEV (node_modules/react-test-renderer/cjs/react-test-renderer.development.js:11798:7)
      at scheduleUpdateOnFiber (node_modules/react-test-renderer/cjs/react-test-renderer.development.js:10326:9)
      at dispatchSetStateInternal (node_modules/react-test-renderer/cjs/react-test-renderer.development.js:4148:13)
      at dispatchSetState (node_modules/react-test-renderer/cjs/react-test-renderer.development.js:4107:7)
      at Object.setVerificationWords [as proceedToVerification] (hooks/useSeedVerification.js:124:5)
      at proceedToVerification (hooks/__tests__/useSeedVerification.test.js:304:24)
      at process.env.NODE_ENV.exports.act (node_modules/react/cjs/react.development.js:789:22)
      at Object.<anonymous> (hooks/__tests__/useSeedVerification.test.js:303:10)

    console.error
      The current testing environment is not configured to support act(...)

      124 |     setVerificationWords({});
      125 |     setShowingSeeds(false);
    > 126 |     setVerifyingSeeds(true);
          |     ^
      127 |   };
      128 |
      129 |   /**

      at isConcurrentActEnvironment (node_modules/react-test-renderer/cjs/react-test-renderer.development.js:10243:17)
      at warnIfUpdatesNotWrappedWithActDEV (node_modules/react-test-renderer/cjs/react-test-renderer.development.js:11798:7)
      at scheduleUpdateOnFiber (node_modules/react-test-renderer/cjs/react-test-renderer.development.js:10326:9)
      at dispatchSetStateInternal (node_modules/react-test-renderer/cjs/react-test-renderer.development.js:4148:13)
      at dispatchSetState (node_modules/react-test-renderer/cjs/react-test-renderer.development.js:4107:7)
      at Object.setVerifyingSeeds [as proceedToVerification] (hooks/useSeedVerification.js:126:5)
      at proceedToVerification (hooks/__tests__/useSeedVerification.test.js:304:24)
      at process.env.NODE_ENV.exports.act (node_modules/react/cjs/react.development.js:789:22)
      at Object.<anonymous> (hooks/__tests__/useSeedVerification.test.js:303:10)

    console.error
      The current testing environment is not configured to support act(...)

      312 |
      313 |       act(() => {
    > 314 |         result.current.setVerificationWords(incorrectWords);
          |                        ^
      315 |       });
      316 |
      317 |       act(() => {

      at isConcurrentActEnvironment (node_modules/react-test-renderer/cjs/react-test-renderer.development.js:10243:17)
      at warnIfUpdatesNotWrappedWithActDEV (node_modules/react-test-renderer/cjs/react-test-renderer.development.js:11798:7)
      at scheduleUpdateOnFiber (node_modules/react-test-renderer/cjs/react-test-renderer.development.js:10326:9)
      at dispatchSetStateInternal (node_modules/react-test-renderer/cjs/react-test-renderer.development.js:4148:13)
      at dispatchSetState (node_modules/react-test-renderer/cjs/react-test-renderer.development.js:4107:7)
      at setVerificationWords (hooks/__tests__/useSeedVerification.test.js:314:24)
      at process.env.NODE_ENV.exports.act (node_modules/react/cjs/react.development.js:789:22)
      at Object.<anonymous> (hooks/__tests__/useSeedVerification.test.js:313:10)

    console.error
      The current testing environment is not configured to support act(...)

      157 |     } else {
      158 |       showToast(ERRORS.SEED_PHRASE_INCORRECT, 'error');
    > 159 |       setVerificationWords({});
          |       ^
      160 |     }
      161 |   };
      162 |

      at isConcurrentActEnvironment (node_modules/react-test-renderer/cjs/react-test-renderer.development.js:10243:17)
      at warnIfUpdatesNotWrappedWithActDEV (node_modules/react-test-renderer/cjs/react-test-renderer.development.js:11798:7)
      at scheduleUpdateOnFiber (node_modules/react-test-renderer/cjs/react-test-renderer.development.js:10326:9)
      at dispatchSetStateInternal (node_modules/react-test-renderer/cjs/react-test-renderer.development.js:4148:13)
      at dispatchSetState (node_modules/react-test-renderer/cjs/react-test-renderer.development.js:4107:7)
      at Object.setVerificationWords [as verifySeeds] (hooks/useSeedVerification.js:159:7)
      at verifySeeds (hooks/__tests__/useSeedVerification.test.js:318:24)
      at process.env.NODE_ENV.exports.act (node_modules/react/cjs/react.development.js:789:22)
      at Object.<anonymous> (hooks/__tests__/useSeedVerification.test.js:317:10)

    console.error
      react-test-renderer is deprecated. See https://react.dev/warnings/react-test-renderer

      27 |   let component;
      28 |   act(() => {
    > 29 |     component = create(<TestComponent hookProps={initialProps} />);
         |                       ^
      30 |   });
      31 |   return {
      32 |     result,

      at process.env.NODE_ENV.exports.create (node_modules/react-test-renderer/cjs/react-test-renderer.development.js:14598:17)
      at hooks/__tests__/useSeedVerification.test.js:29:23
      at process.env.NODE_ENV.exports.act (node_modules/react/cjs/react.development.js:789:22)
      at renderHook (hooks/__tests__/useSeedVerification.test.js:28:6)
      at Object.renderHook (hooks/__tests__/useSeedVerification.test.js:325:26)

    console.error
      The current testing environment is not configured to support act(...)

      27 |   let component;
      28 |   act(() => {
    > 29 |     component = create(<TestComponent hookProps={initialProps} />);
         |                       ^
      30 |   });
      31 |   return {
      32 |     result,

      at isConcurrentActEnvironment (node_modules/react-test-renderer/cjs/react-test-renderer.development.js:10243:17)
      at warnIfUpdatesNotWrappedWithActDEV (node_modules/react-test-renderer/cjs/react-test-renderer.development.js:11798:7)
      at scheduleUpdateOnFiber (node_modules/react-test-renderer/cjs/react-test-renderer.development.js:10326:9)
      at updateContainerImpl (node_modules/react-test-renderer/cjs/react-test-renderer.development.js:12382:10)
      at updateContainer (node_modules/react-test-renderer/cjs/react-test-renderer.development.js:12326:7)
      at process.env.NODE_ENV.exports.create (node_modules/react-test-renderer/cjs/react-test-renderer.development.js:14630:7)
      at hooks/__tests__/useSeedVerification.test.js:29:23
      at process.env.NODE_ENV.exports.act (node_modules/react/cjs/react.development.js:789:22)
      at renderHook (hooks/__tests__/useSeedVerification.test.js:28:6)
      at Object.renderHook (hooks/__tests__/useSeedVerification.test.js:325:26)

    console.error
      The current testing environment is not configured to support act(...)

      114 |       }
      115 |     }
    > 116 |     setRequiredIndices(indices.sort((a, b) => a - b));
          |     ^
      117 |
      118 |     // Generate multiple choice options for each word
      119 |     const choices = {};

      at isConcurrentActEnvironment (node_modules/react-test-renderer/cjs/react-test-renderer.development.js:10243:17)
      at warnIfUpdatesNotWrappedWithActDEV (node_modules/react-test-renderer/cjs/react-test-renderer.development.js:11798:7)
      at scheduleUpdateOnFiber (node_modules/react-test-renderer/cjs/react-test-renderer.development.js:10326:9)
      at dispatchSetStateInternal (node_modules/react-test-renderer/cjs/react-test-renderer.development.js:4148:13)
      at dispatchSetState (node_modules/react-test-renderer/cjs/react-test-renderer.development.js:4107:7)
      at Object.setRequiredIndices [as proceedToVerification] (hooks/useSeedVerification.js:116:5)
      at proceedToVerification (hooks/__tests__/useSeedVerification.test.js:330:24)
      at process.env.NODE_ENV.exports.act (node_modules/react/cjs/react.development.js:789:22)
      at Object.<anonymous> (hooks/__tests__/useSeedVerification.test.js:329:10)

    console.error
      The current testing environment is not configured to support act(...)

      121 |       choices[index] = generateChoicesForWord(tempMnemonicWords[index], tempMnemonicWords);
      122 |     });
    > 123 |     setWordChoices(choices);
          |     ^
      124 |     setVerificationWords({});
      125 |     setShowingSeeds(false);
      126 |     setVerifyingSeeds(true);

      at isConcurrentActEnvironment (node_modules/react-test-renderer/cjs/react-test-renderer.development.js:10243:17)
      at warnIfUpdatesNotWrappedWithActDEV (node_modules/react-test-renderer/cjs/react-test-renderer.development.js:11798:7)
      at scheduleUpdateOnFiber (node_modules/react-test-renderer/cjs/react-test-renderer.development.js:10326:9)
      at dispatchSetStateInternal (node_modules/react-test-renderer/cjs/react-test-renderer.development.js:4148:13)
      at dispatchSetState (node_modules/react-test-renderer/cjs/react-test-renderer.development.js:4107:7)
      at Object.setWordChoices [as proceedToVerification] (hooks/useSeedVerification.js:123:5)
      at proceedToVerification (hooks/__tests__/useSeedVerification.test.js:330:24)
      at process.env.NODE_ENV.exports.act (node_modules/react/cjs/react.development.js:789:22)
      at Object.<anonymous> (hooks/__tests__/useSeedVerification.test.js:329:10)

    console.error
      The current testing environment is not configured to support act(...)

      122 |     });
      123 |     setWordChoices(choices);
    > 124 |     setVerificationWords({});
          |     ^
      125 |     setShowingSeeds(false);
      126 |     setVerifyingSeeds(true);
      127 |   };

      at isConcurrentActEnvironment (node_modules/react-test-renderer/cjs/react-test-renderer.development.js:10243:17)
      at warnIfUpdatesNotWrappedWithActDEV (node_modules/react-test-renderer/cjs/react-test-renderer.development.js:11798:7)
      at scheduleUpdateOnFiber (node_modules/react-test-renderer/cjs/react-test-renderer.development.js:10326:9)
      at dispatchSetStateInternal (node_modules/react-test-renderer/cjs/react-test-renderer.development.js:4148:13)
      at dispatchSetState (node_modules/react-test-renderer/cjs/react-test-renderer.development.js:4107:7)
      at Object.setVerificationWords [as proceedToVerification] (hooks/useSeedVerification.js:124:5)
      at proceedToVerification (hooks/__tests__/useSeedVerification.test.js:330:24)
      at process.env.NODE_ENV.exports.act (node_modules/react/cjs/react.development.js:789:22)
      at Object.<anonymous> (hooks/__tests__/useSeedVerification.test.js:329:10)

    console.error
      The current testing environment is not configured to support act(...)

      124 |     setVerificationWords({});
      125 |     setShowingSeeds(false);
    > 126 |     setVerifyingSeeds(true);
          |     ^
      127 |   };
      128 |
      129 |   /**

      at isConcurrentActEnvironment (node_modules/react-test-renderer/cjs/react-test-renderer.development.js:10243:17)
      at warnIfUpdatesNotWrappedWithActDEV (node_modules/react-test-renderer/cjs/react-test-renderer.development.js:11798:7)
      at scheduleUpdateOnFiber (node_modules/react-test-renderer/cjs/react-test-renderer.development.js:10326:9)
      at dispatchSetStateInternal (node_modules/react-test-renderer/cjs/react-test-renderer.development.js:4148:13)
      at dispatchSetState (node_modules/react-test-renderer/cjs/react-test-renderer.development.js:4107:7)
      at Object.setVerifyingSeeds [as proceedToVerification] (hooks/useSeedVerification.js:126:5)
      at proceedToVerification (hooks/__tests__/useSeedVerification.test.js:330:24)
      at process.env.NODE_ENV.exports.act (node_modules/react/cjs/react.development.js:789:22)
      at Object.<anonymous> (hooks/__tests__/useSeedVerification.test.js:329:10)

    console.error
      The current testing environment is not configured to support act(...)

      338 |
      339 |       act(() => {
    > 340 |         result.current.setVerificationWords(mixedCaseWords);
          |                        ^
      341 |       });
      342 |
      343 |       act(() => {

      at isConcurrentActEnvironment (node_modules/react-test-renderer/cjs/react-test-renderer.development.js:10243:17)
      at warnIfUpdatesNotWrappedWithActDEV (node_modules/react-test-renderer/cjs/react-test-renderer.development.js:11798:7)
      at scheduleUpdateOnFiber (node_modules/react-test-renderer/cjs/react-test-renderer.development.js:10326:9)
      at dispatchSetStateInternal (node_modules/react-test-renderer/cjs/react-test-renderer.development.js:4148:13)
      at dispatchSetState (node_modules/react-test-renderer/cjs/react-test-renderer.development.js:4107:7)
      at setVerificationWords (hooks/__tests__/useSeedVerification.test.js:340:24)
      at process.env.NODE_ENV.exports.act (node_modules/react/cjs/react.development.js:789:22)
      at Object.<anonymous> (hooks/__tests__/useSeedVerification.test.js:339:10)

    console.error
      The current testing environment is not configured to support act(...)

      150 |     if (allCorrect) {
      151 |       // Set both states immediately to prevent lock screen flash
    > 152 |       setVerifyingSeeds(false);
          |       ^
      153 |       setSettingUpPin(true);
      154 |
      155 |       // Clear persisted state

      at isConcurrentActEnvironment (node_modules/react-test-renderer/cjs/react-test-renderer.development.js:10243:17)
      at warnIfUpdatesNotWrappedWithActDEV (node_modules/react-test-renderer/cjs/react-test-renderer.development.js:11798:7)
      at scheduleUpdateOnFiber (node_modules/react-test-renderer/cjs/react-test-renderer.development.js:10326:9)
      at dispatchSetStateInternal (node_modules/react-test-renderer/cjs/react-test-renderer.development.js:4148:13)
      at dispatchSetState (node_modules/react-test-renderer/cjs/react-test-renderer.development.js:4107:7)
      at Object.setVerifyingSeeds [as verifySeeds] (hooks/useSeedVerification.js:152:7)
      at verifySeeds (hooks/__tests__/useSeedVerification.test.js:344:24)
      at process.env.NODE_ENV.exports.act (node_modules/react/cjs/react.development.js:789:22)
      at Object.<anonymous> (hooks/__tests__/useSeedVerification.test.js:343:10)

    console.error
      react-test-renderer is deprecated. See https://react.dev/warnings/react-test-renderer

      27 |   let component;
      28 |   act(() => {
    > 29 |     component = create(<TestComponent hookProps={initialProps} />);
         |                       ^
      30 |   });
      31 |   return {
      32 |     result,

      at process.env.NODE_ENV.exports.create (node_modules/react-test-renderer/cjs/react-test-renderer.development.js:14598:17)
      at hooks/__tests__/useSeedVerification.test.js:29:23
      at process.env.NODE_ENV.exports.act (node_modules/react/cjs/react.development.js:789:22)
      at renderHook (hooks/__tests__/useSeedVerification.test.js:28:6)
      at Object.renderHook (hooks/__tests__/useSeedVerification.test.js:351:26)

    console.error
      The current testing environment is not configured to support act(...)

      27 |   let component;
      28 |   act(() => {
    > 29 |     component = create(<TestComponent hookProps={initialProps} />);
         |                       ^
      30 |   });
      31 |   return {
      32 |     result,

      at isConcurrentActEnvironment (node_modules/react-test-renderer/cjs/react-test-renderer.development.js:10243:17)
      at warnIfUpdatesNotWrappedWithActDEV (node_modules/react-test-renderer/cjs/react-test-renderer.development.js:11798:7)
      at scheduleUpdateOnFiber (node_modules/react-test-renderer/cjs/react-test-renderer.development.js:10326:9)
      at updateContainerImpl (node_modules/react-test-renderer/cjs/react-test-renderer.development.js:12382:10)
      at updateContainer (node_modules/react-test-renderer/cjs/react-test-renderer.development.js:12326:7)
      at process.env.NODE_ENV.exports.create (node_modules/react-test-renderer/cjs/react-test-renderer.development.js:14630:7)
      at hooks/__tests__/useSeedVerification.test.js:29:23
      at process.env.NODE_ENV.exports.act (node_modules/react/cjs/react.development.js:789:22)
      at renderHook (hooks/__tests__/useSeedVerification.test.js:28:6)
      at Object.renderHook (hooks/__tests__/useSeedVerification.test.js:351:26)

    console.error
      The current testing environment is not configured to support act(...)

      114 |       }
      115 |     }
    > 116 |     setRequiredIndices(indices.sort((a, b) => a - b));
          |     ^
      117 |
      118 |     // Generate multiple choice options for each word
      119 |     const choices = {};

      at isConcurrentActEnvironment (node_modules/react-test-renderer/cjs/react-test-renderer.development.js:10243:17)
      at warnIfUpdatesNotWrappedWithActDEV (node_modules/react-test-renderer/cjs/react-test-renderer.development.js:11798:7)
      at scheduleUpdateOnFiber (node_modules/react-test-renderer/cjs/react-test-renderer.development.js:10326:9)
      at dispatchSetStateInternal (node_modules/react-test-renderer/cjs/react-test-renderer.development.js:4148:13)
      at dispatchSetState (node_modules/react-test-renderer/cjs/react-test-renderer.development.js:4107:7)
      at Object.setRequiredIndices [as proceedToVerification] (hooks/useSeedVerification.js:116:5)
      at proceedToVerification (hooks/__tests__/useSeedVerification.test.js:356:24)
      at process.env.NODE_ENV.exports.act (node_modules/react/cjs/react.development.js:789:22)
      at Object.<anonymous> (hooks/__tests__/useSeedVerification.test.js:355:10)

    console.error
      The current testing environment is not configured to support act(...)

      121 |       choices[index] = generateChoicesForWord(tempMnemonicWords[index], tempMnemonicWords);
      122 |     });
    > 123 |     setWordChoices(choices);
          |     ^
      124 |     setVerificationWords({});
      125 |     setShowingSeeds(false);
      126 |     setVerifyingSeeds(true);

      at isConcurrentActEnvironment (node_modules/react-test-renderer/cjs/react-test-renderer.development.js:10243:17)
      at warnIfUpdatesNotWrappedWithActDEV (node_modules/react-test-renderer/cjs/react-test-renderer.development.js:11798:7)
      at scheduleUpdateOnFiber (node_modules/react-test-renderer/cjs/react-test-renderer.development.js:10326:9)
      at dispatchSetStateInternal (node_modules/react-test-renderer/cjs/react-test-renderer.development.js:4148:13)
      at dispatchSetState (node_modules/react-test-renderer/cjs/react-test-renderer.development.js:4107:7)
      at Object.setWordChoices [as proceedToVerification] (hooks/useSeedVerification.js:123:5)
      at proceedToVerification (hooks/__tests__/useSeedVerification.test.js:356:24)
      at process.env.NODE_ENV.exports.act (node_modules/react/cjs/react.development.js:789:22)
      at Object.<anonymous> (hooks/__tests__/useSeedVerification.test.js:355:10)

    console.error
      The current testing environment is not configured to support act(...)

      122 |     });
      123 |     setWordChoices(choices);
    > 124 |     setVerificationWords({});
          |     ^
      125 |     setShowingSeeds(false);
      126 |     setVerifyingSeeds(true);
      127 |   };

      at isConcurrentActEnvironment (node_modules/react-test-renderer/cjs/react-test-renderer.development.js:10243:17)
      at warnIfUpdatesNotWrappedWithActDEV (node_modules/react-test-renderer/cjs/react-test-renderer.development.js:11798:7)
      at scheduleUpdateOnFiber (node_modules/react-test-renderer/cjs/react-test-renderer.development.js:10326:9)
      at dispatchSetStateInternal (node_modules/react-test-renderer/cjs/react-test-renderer.development.js:4148:13)
      at dispatchSetState (node_modules/react-test-renderer/cjs/react-test-renderer.development.js:4107:7)
      at Object.setVerificationWords [as proceedToVerification] (hooks/useSeedVerification.js:124:5)
      at proceedToVerification (hooks/__tests__/useSeedVerification.test.js:356:24)
      at process.env.NODE_ENV.exports.act (node_modules/react/cjs/react.development.js:789:22)
      at Object.<anonymous> (hooks/__tests__/useSeedVerification.test.js:355:10)

    console.error
      The current testing environment is not configured to support act(...)

      124 |     setVerificationWords({});
      125 |     setShowingSeeds(false);
    > 126 |     setVerifyingSeeds(true);
          |     ^
      127 |   };
      128 |
      129 |   /**

      at isConcurrentActEnvironment (node_modules/react-test-renderer/cjs/react-test-renderer.development.js:10243:17)
      at warnIfUpdatesNotWrappedWithActDEV (node_modules/react-test-renderer/cjs/react-test-renderer.development.js:11798:7)
      at scheduleUpdateOnFiber (node_modules/react-test-renderer/cjs/react-test-renderer.development.js:10326:9)
      at dispatchSetStateInternal (node_modules/react-test-renderer/cjs/react-test-renderer.development.js:4148:13)
      at dispatchSetState (node_modules/react-test-renderer/cjs/react-test-renderer.development.js:4107:7)
      at Object.setVerifyingSeeds [as proceedToVerification] (hooks/useSeedVerification.js:126:5)
      at proceedToVerification (hooks/__tests__/useSeedVerification.test.js:356:24)
      at process.env.NODE_ENV.exports.act (node_modules/react/cjs/react.development.js:789:22)
      at Object.<anonymous> (hooks/__tests__/useSeedVerification.test.js:355:10)

    console.error
      The current testing environment is not configured to support act(...)

      364 |
      365 |       act(() => {
    > 366 |         result.current.setVerificationWords(wordsWithSpaces);
          |                        ^
      367 |       });
      368 |
      369 |       act(() => {

      at isConcurrentActEnvironment (node_modules/react-test-renderer/cjs/react-test-renderer.development.js:10243:17)
      at warnIfUpdatesNotWrappedWithActDEV (node_modules/react-test-renderer/cjs/react-test-renderer.development.js:11798:7)
      at scheduleUpdateOnFiber (node_modules/react-test-renderer/cjs/react-test-renderer.development.js:10326:9)
      at dispatchSetStateInternal (node_modules/react-test-renderer/cjs/react-test-renderer.development.js:4148:13)
      at dispatchSetState (node_modules/react-test-renderer/cjs/react-test-renderer.development.js:4107:7)
      at setVerificationWords (hooks/__tests__/useSeedVerification.test.js:366:24)
      at process.env.NODE_ENV.exports.act (node_modules/react/cjs/react.development.js:789:22)
      at Object.<anonymous> (hooks/__tests__/useSeedVerification.test.js:365:10)

    console.error
      The current testing environment is not configured to support act(...)

      150 |     if (allCorrect) {
      151 |       // Set both states immediately to prevent lock screen flash
    > 152 |       setVerifyingSeeds(false);
          |       ^
      153 |       setSettingUpPin(true);
      154 |
      155 |       // Clear persisted state

      at isConcurrentActEnvironment (node_modules/react-test-renderer/cjs/react-test-renderer.development.js:10243:17)
      at warnIfUpdatesNotWrappedWithActDEV (node_modules/react-test-renderer/cjs/react-test-renderer.development.js:11798:7)
      at scheduleUpdateOnFiber (node_modules/react-test-renderer/cjs/react-test-renderer.development.js:10326:9)
      at dispatchSetStateInternal (node_modules/react-test-renderer/cjs/react-test-renderer.development.js:4148:13)
      at dispatchSetState (node_modules/react-test-renderer/cjs/react-test-renderer.development.js:4107:7)
      at Object.setVerifyingSeeds [as verifySeeds] (hooks/useSeedVerification.js:152:7)
      at verifySeeds (hooks/__tests__/useSeedVerification.test.js:370:24)
      at process.env.NODE_ENV.exports.act (node_modules/react/cjs/react.development.js:789:22)
      at Object.<anonymous> (hooks/__tests__/useSeedVerification.test.js:369:10)

    console.error
      react-test-renderer is deprecated. See https://react.dev/warnings/react-test-renderer

      27 |   let component;
      28 |   act(() => {
    > 29 |     component = create(<TestComponent hookProps={initialProps} />);
         |                       ^
      30 |   });
      31 |   return {
      32 |     result,

      at process.env.NODE_ENV.exports.create (node_modules/react-test-renderer/cjs/react-test-renderer.development.js:14598:17)
      at hooks/__tests__/useSeedVerification.test.js:29:23
      at process.env.NODE_ENV.exports.act (node_modules/react/cjs/react.development.js:789:22)
      at renderHook (hooks/__tests__/useSeedVerification.test.js:28:6)
      at Object.renderHook (hooks/__tests__/useSeedVerification.test.js:377:26)
      at asyncGeneratorStep (node_modules/@babel/runtime/helpers/asyncToGenerator.js:3:17)
      at _next (node_modules/@babel/runtime/helpers/asyncToGenerator.js:17:9)
      at node_modules/@babel/runtime/helpers/asyncToGenerator.js:22:7
      at Object.<anonymous> (node_modules/@babel/runtime/helpers/asyncToGenerator.js:14:12)

    console.error
      The current testing environment is not configured to support act(...)

      27 |   let component;
      28 |   act(() => {
    > 29 |     component = create(<TestComponent hookProps={initialProps} />);
         |                       ^
      30 |   });
      31 |   return {
      32 |     result,

      at isConcurrentActEnvironment (node_modules/react-test-renderer/cjs/react-test-renderer.development.js:10243:17)
      at warnIfUpdatesNotWrappedWithActDEV (node_modules/react-test-renderer/cjs/react-test-renderer.development.js:11798:7)
      at scheduleUpdateOnFiber (node_modules/react-test-renderer/cjs/react-test-renderer.development.js:10326:9)
      at updateContainerImpl (node_modules/react-test-renderer/cjs/react-test-renderer.development.js:12382:10)
      at updateContainer (node_modules/react-test-renderer/cjs/react-test-renderer.development.js:12326:7)
      at process.env.NODE_ENV.exports.create (node_modules/react-test-renderer/cjs/react-test-renderer.development.js:14630:7)
      at hooks/__tests__/useSeedVerification.test.js:29:23
      at process.env.NODE_ENV.exports.act (node_modules/react/cjs/react.development.js:789:22)
      at renderHook (hooks/__tests__/useSeedVerification.test.js:28:6)
      at Object.renderHook (hooks/__tests__/useSeedVerification.test.js:377:26)
      at asyncGeneratorStep (node_modules/@babel/runtime/helpers/asyncToGenerator.js:3:17)
      at _next (node_modules/@babel/runtime/helpers/asyncToGenerator.js:17:9)
      at node_modules/@babel/runtime/helpers/asyncToGenerator.js:22:7
      at Object.<anonymous> (node_modules/@babel/runtime/helpers/asyncToGenerator.js:14:12)

    console.error
      The current testing environment is not configured to support act(...)

      114 |       }
      115 |     }
    > 116 |     setRequiredIndices(indices.sort((a, b) => a - b));
          |     ^
      117 |
      118 |     // Generate multiple choice options for each word
      119 |     const choices = {};

      at isConcurrentActEnvironment (node_modules/react-test-renderer/cjs/react-test-renderer.development.js:10243:17)
      at warnIfUpdatesNotWrappedWithActDEV (node_modules/react-test-renderer/cjs/react-test-renderer.development.js:11798:7)
      at scheduleUpdateOnFiber (node_modules/react-test-renderer/cjs/react-test-renderer.development.js:10326:9)
      at dispatchSetStateInternal (node_modules/react-test-renderer/cjs/react-test-renderer.development.js:4148:13)
      at dispatchSetState (node_modules/react-test-renderer/cjs/react-test-renderer.development.js:4107:7)
      at Object.setRequiredIndices [as proceedToVerification] (hooks/useSeedVerification.js:116:5)
      at proceedToVerification (hooks/__tests__/useSeedVerification.test.js:382:24)
      at process.env.NODE_ENV.exports.act (node_modules/react/cjs/react.development.js:789:22)
      at Object.<anonymous> (hooks/__tests__/useSeedVerification.test.js:381:10)
      at asyncGeneratorStep (node_modules/@babel/runtime/helpers/asyncToGenerator.js:3:17)
      at _next (node_modules/@babel/runtime/helpers/asyncToGenerator.js:17:9)
      at node_modules/@babel/runtime/helpers/asyncToGenerator.js:22:7
      at Object.<anonymous> (node_modules/@babel/runtime/helpers/asyncToGenerator.js:14:12)

    console.error
      The current testing environment is not configured to support act(...)

      121 |       choices[index] = generateChoicesForWord(tempMnemonicWords[index], tempMnemonicWords);
      122 |     });
    > 123 |     setWordChoices(choices);
          |     ^
      124 |     setVerificationWords({});
      125 |     setShowingSeeds(false);
      126 |     setVerifyingSeeds(true);

      at isConcurrentActEnvironment (node_modules/react-test-renderer/cjs/react-test-renderer.development.js:10243:17)
      at warnIfUpdatesNotWrappedWithActDEV (node_modules/react-test-renderer/cjs/react-test-renderer.development.js:11798:7)
      at scheduleUpdateOnFiber (node_modules/react-test-renderer/cjs/react-test-renderer.development.js:10326:9)
      at dispatchSetStateInternal (node_modules/react-test-renderer/cjs/react-test-renderer.development.js:4148:13)
      at dispatchSetState (node_modules/react-test-renderer/cjs/react-test-renderer.development.js:4107:7)
      at Object.setWordChoices [as proceedToVerification] (hooks/useSeedVerification.js:123:5)
      at proceedToVerification (hooks/__tests__/useSeedVerification.test.js:382:24)
      at process.env.NODE_ENV.exports.act (node_modules/react/cjs/react.development.js:789:22)
      at Object.<anonymous> (hooks/__tests__/useSeedVerification.test.js:381:10)
      at asyncGeneratorStep (node_modules/@babel/runtime/helpers/asyncToGenerator.js:3:17)
      at _next (node_modules/@babel/runtime/helpers/asyncToGenerator.js:17:9)
      at node_modules/@babel/runtime/helpers/asyncToGenerator.js:22:7
      at Object.<anonymous> (node_modules/@babel/runtime/helpers/asyncToGenerator.js:14:12)

    console.error
      The current testing environment is not configured to support act(...)

      122 |     });
      123 |     setWordChoices(choices);
    > 124 |     setVerificationWords({});
          |     ^
      125 |     setShowingSeeds(false);
      126 |     setVerifyingSeeds(true);
      127 |   };

      at isConcurrentActEnvironment (node_modules/react-test-renderer/cjs/react-test-renderer.development.js:10243:17)
      at warnIfUpdatesNotWrappedWithActDEV (node_modules/react-test-renderer/cjs/react-test-renderer.development.js:11798:7)
      at scheduleUpdateOnFiber (node_modules/react-test-renderer/cjs/react-test-renderer.development.js:10326:9)
      at dispatchSetStateInternal (node_modules/react-test-renderer/cjs/react-test-renderer.development.js:4148:13)
      at dispatchSetState (node_modules/react-test-renderer/cjs/react-test-renderer.development.js:4107:7)
      at Object.setVerificationWords [as proceedToVerification] (hooks/useSeedVerification.js:124:5)
      at proceedToVerification (hooks/__tests__/useSeedVerification.test.js:382:24)
      at process.env.NODE_ENV.exports.act (node_modules/react/cjs/react.development.js:789:22)
      at Object.<anonymous> (hooks/__tests__/useSeedVerification.test.js:381:10)
      at asyncGeneratorStep (node_modules/@babel/runtime/helpers/asyncToGenerator.js:3:17)
      at _next (node_modules/@babel/runtime/helpers/asyncToGenerator.js:17:9)
      at node_modules/@babel/runtime/helpers/asyncToGenerator.js:22:7
      at Object.<anonymous> (node_modules/@babel/runtime/helpers/asyncToGenerator.js:14:12)

    console.error
      The current testing environment is not configured to support act(...)

      124 |     setVerificationWords({});
      125 |     setShowingSeeds(false);
    > 126 |     setVerifyingSeeds(true);
          |     ^
      127 |   };
      128 |
      129 |   /**

      at isConcurrentActEnvironment (node_modules/react-test-renderer/cjs/react-test-renderer.development.js:10243:17)
      at warnIfUpdatesNotWrappedWithActDEV (node_modules/react-test-renderer/cjs/react-test-renderer.development.js:11798:7)
      at scheduleUpdateOnFiber (node_modules/react-test-renderer/cjs/react-test-renderer.development.js:10326:9)
      at dispatchSetStateInternal (node_modules/react-test-renderer/cjs/react-test-renderer.development.js:4148:13)
      at dispatchSetState (node_modules/react-test-renderer/cjs/react-test-renderer.development.js:4107:7)
      at Object.setVerifyingSeeds [as proceedToVerification] (hooks/useSeedVerification.js:126:5)
      at proceedToVerification (hooks/__tests__/useSeedVerification.test.js:382:24)
      at process.env.NODE_ENV.exports.act (node_modules/react/cjs/react.development.js:789:22)
      at Object.<anonymous> (hooks/__tests__/useSeedVerification.test.js:381:10)
      at asyncGeneratorStep (node_modules/@babel/runtime/helpers/asyncToGenerator.js:3:17)
      at _next (node_modules/@babel/runtime/helpers/asyncToGenerator.js:17:9)
      at node_modules/@babel/runtime/helpers/asyncToGenerator.js:22:7
      at Object.<anonymous> (node_modules/@babel/runtime/helpers/asyncToGenerator.js:14:12)

    console.error
      The current testing environment is not configured to support act(...)

      390 |
      391 |       act(() => {
    > 392 |         result.current.setVerificationWords(correctWords);
          |                        ^
      393 |       });
      394 |
      395 |       await act(async () => {

      at isConcurrentActEnvironment (node_modules/react-test-renderer/cjs/react-test-renderer.development.js:10243:17)
      at warnIfUpdatesNotWrappedWithActDEV (node_modules/react-test-renderer/cjs/react-test-renderer.development.js:11798:7)
      at scheduleUpdateOnFiber (node_modules/react-test-renderer/cjs/react-test-renderer.development.js:10326:9)
      at dispatchSetStateInternal (node_modules/react-test-renderer/cjs/react-test-renderer.development.js:4148:13)
      at dispatchSetState (node_modules/react-test-renderer/cjs/react-test-renderer.development.js:4107:7)
      at setVerificationWords (hooks/__tests__/useSeedVerification.test.js:392:24)
      at process.env.NODE_ENV.exports.act (node_modules/react/cjs/react.development.js:789:22)
      at Object.<anonymous> (hooks/__tests__/useSeedVerification.test.js:391:10)
      at asyncGeneratorStep (node_modules/@babel/runtime/helpers/asyncToGenerator.js:3:17)
      at _next (node_modules/@babel/runtime/helpers/asyncToGenerator.js:17:9)
      at node_modules/@babel/runtime/helpers/asyncToGenerator.js:22:7
      at Object.<anonymous> (node_modules/@babel/runtime/helpers/asyncToGenerator.js:14:12)

    console.error
      The current testing environment is not configured to support act(...)

      150 |     if (allCorrect) {
      151 |       // Set both states immediately to prevent lock screen flash
    > 152 |       setVerifyingSeeds(false);
          |       ^
      153 |       setSettingUpPin(true);
      154 |
      155 |       // Clear persisted state

      at isConcurrentActEnvironment (node_modules/react-test-renderer/cjs/react-test-renderer.development.js:10243:17)
      at warnIfUpdatesNotWrappedWithActDEV (node_modules/react-test-renderer/cjs/react-test-renderer.development.js:11798:7)
      at scheduleUpdateOnFiber (node_modules/react-test-renderer/cjs/react-test-renderer.development.js:10326:9)
      at dispatchSetStateInternal (node_modules/react-test-renderer/cjs/react-test-renderer.development.js:4148:13)
      at dispatchSetState (node_modules/react-test-renderer/cjs/react-test-renderer.development.js:4107:7)
      at Object.setVerifyingSeeds [as verifySeeds] (hooks/useSeedVerification.js:152:7)
      at verifySeeds (hooks/__tests__/useSeedVerification.test.js:396:24)
      at asyncGeneratorStep (node_modules/@babel/runtime/helpers/asyncToGenerator.js:3:17)
      at _next (node_modules/@babel/runtime/helpers/asyncToGenerator.js:17:9)
      at node_modules/@babel/runtime/helpers/asyncToGenerator.js:22:7
      at node_modules/@babel/runtime/helpers/asyncToGenerator.js:14:12
      at process.env.NODE_ENV.exports.act (node_modules/react/cjs/react.development.js:789:22)
      at Object.<anonymous> (hooks/__tests__/useSeedVerification.test.js:395:16)
      at asyncGeneratorStep (node_modules/@babel/runtime/helpers/asyncToGenerator.js:3:17)
      at _next (node_modules/@babel/runtime/helpers/asyncToGenerator.js:17:9)
      at node_modules/@babel/runtime/helpers/asyncToGenerator.js:22:7
      at Object.<anonymous> (node_modules/@babel/runtime/helpers/asyncToGenerator.js:14:12)

    console.error
      The current testing environment is not configured to support act(...)

      44 |         // Silently fail
      45 |       } finally {
    > 46 |         setStateLoaded(true);
         |         ^
      47 |       }
      48 |     };
      49 |

      at isConcurrentActEnvironment (node_modules/react-test-renderer/cjs/react-test-renderer.development.js:10243:17)
      at warnIfUpdatesNotWrappedWithActDEV (node_modules/react-test-renderer/cjs/react-test-renderer.development.js:11798:7)
      at scheduleUpdateOnFiber (node_modules/react-test-renderer/cjs/react-test-renderer.development.js:10326:9)
      at dispatchSetStateInternal (node_modules/react-test-renderer/cjs/react-test-renderer.development.js:4148:13)
      at dispatchSetState (node_modules/react-test-renderer/cjs/react-test-renderer.development.js:4107:7)
      at setStateLoaded (hooks/useSeedVerification.js:46:9)
      at asyncGeneratorStep (node_modules/@babel/runtime/helpers/asyncToGenerator.js:3:17)
      at _next (node_modules/@babel/runtime/helpers/asyncToGenerator.js:17:9)

    console.error
      react-test-renderer is deprecated. See https://react.dev/warnings/react-test-renderer

      27 |   let component;
      28 |   act(() => {
    > 29 |     component = create(<TestComponent hookProps={initialProps} />);
         |                       ^
      30 |   });
      31 |   return {
      32 |     result,

      at process.env.NODE_ENV.exports.create (node_modules/react-test-renderer/cjs/react-test-renderer.development.js:14598:17)
      at hooks/__tests__/useSeedVerification.test.js:29:23
      at process.env.NODE_ENV.exports.act (node_modules/react/cjs/react.development.js:789:22)
      at renderHook (hooks/__tests__/useSeedVerification.test.js:28:6)
      at Object.renderHook (hooks/__tests__/useSeedVerification.test.js:406:26)
      at asyncGeneratorStep (node_modules/@babel/runtime/helpers/asyncToGenerator.js:3:17)
      at _next (node_modules/@babel/runtime/helpers/asyncToGenerator.js:17:9)
      at node_modules/@babel/runtime/helpers/asyncToGenerator.js:22:7
      at Object.<anonymous> (node_modules/@babel/runtime/helpers/asyncToGenerator.js:14:12)

    console.error
      The current testing environment is not configured to support act(...)

      27 |   let component;
      28 |   act(() => {
    > 29 |     component = create(<TestComponent hookProps={initialProps} />);
         |                       ^
      30 |   });
      31 |   return {
      32 |     result,

      at isConcurrentActEnvironment (node_modules/react-test-renderer/cjs/react-test-renderer.development.js:10243:17)
      at warnIfUpdatesNotWrappedWithActDEV (node_modules/react-test-renderer/cjs/react-test-renderer.development.js:11798:7)
      at scheduleUpdateOnFiber (node_modules/react-test-renderer/cjs/react-test-renderer.development.js:10326:9)
      at updateContainerImpl (node_modules/react-test-renderer/cjs/react-test-renderer.development.js:12382:10)
      at updateContainer (node_modules/react-test-renderer/cjs/react-test-renderer.development.js:12326:7)
      at process.env.NODE_ENV.exports.create (node_modules/react-test-renderer/cjs/react-test-renderer.development.js:14630:7)
      at hooks/__tests__/useSeedVerification.test.js:29:23
      at process.env.NODE_ENV.exports.act (node_modules/react/cjs/react.development.js:789:22)
      at renderHook (hooks/__tests__/useSeedVerification.test.js:28:6)
      at Object.renderHook (hooks/__tests__/useSeedVerification.test.js:406:26)
      at asyncGeneratorStep (node_modules/@babel/runtime/helpers/asyncToGenerator.js:3:17)
      at _next (node_modules/@babel/runtime/helpers/asyncToGenerator.js:17:9)
      at node_modules/@babel/runtime/helpers/asyncToGenerator.js:22:7
      at Object.<anonymous> (node_modules/@babel/runtime/helpers/asyncToGenerator.js:14:12)

    console.error
      The current testing environment is not configured to support act(...)

      114 |       }
      115 |     }
    > 116 |     setRequiredIndices(indices.sort((a, b) => a - b));
          |     ^
      117 |
      118 |     // Generate multiple choice options for each word
      119 |     const choices = {};

      at isConcurrentActEnvironment (node_modules/react-test-renderer/cjs/react-test-renderer.development.js:10243:17)
      at warnIfUpdatesNotWrappedWithActDEV (node_modules/react-test-renderer/cjs/react-test-renderer.development.js:11798:7)
      at scheduleUpdateOnFiber (node_modules/react-test-renderer/cjs/react-test-renderer.development.js:10326:9)
      at dispatchSetStateInternal (node_modules/react-test-renderer/cjs/react-test-renderer.development.js:4148:13)
      at dispatchSetState (node_modules/react-test-renderer/cjs/react-test-renderer.development.js:4107:7)
      at Object.setRequiredIndices [as proceedToVerification] (hooks/useSeedVerification.js:116:5)
      at proceedToVerification (hooks/__tests__/useSeedVerification.test.js:411:24)
      at process.env.NODE_ENV.exports.act (node_modules/react/cjs/react.development.js:789:22)
      at Object.<anonymous> (hooks/__tests__/useSeedVerification.test.js:410:10)
      at asyncGeneratorStep (node_modules/@babel/runtime/helpers/asyncToGenerator.js:3:17)
      at _next (node_modules/@babel/runtime/helpers/asyncToGenerator.js:17:9)
      at node_modules/@babel/runtime/helpers/asyncToGenerator.js:22:7
      at Object.<anonymous> (node_modules/@babel/runtime/helpers/asyncToGenerator.js:14:12)

    console.error
      The current testing environment is not configured to support act(...)

      121 |       choices[index] = generateChoicesForWord(tempMnemonicWords[index], tempMnemonicWords);
      122 |     });
    > 123 |     setWordChoices(choices);
          |     ^
      124 |     setVerificationWords({});
      125 |     setShowingSeeds(false);
      126 |     setVerifyingSeeds(true);

      at isConcurrentActEnvironment (node_modules/react-test-renderer/cjs/react-test-renderer.development.js:10243:17)
      at warnIfUpdatesNotWrappedWithActDEV (node_modules/react-test-renderer/cjs/react-test-renderer.development.js:11798:7)
      at scheduleUpdateOnFiber (node_modules/react-test-renderer/cjs/react-test-renderer.development.js:10326:9)
      at dispatchSetStateInternal (node_modules/react-test-renderer/cjs/react-test-renderer.development.js:4148:13)
      at dispatchSetState (node_modules/react-test-renderer/cjs/react-test-renderer.development.js:4107:7)
      at Object.setWordChoices [as proceedToVerification] (hooks/useSeedVerification.js:123:5)
      at proceedToVerification (hooks/__tests__/useSeedVerification.test.js:411:24)
      at process.env.NODE_ENV.exports.act (node_modules/react/cjs/react.development.js:789:22)
      at Object.<anonymous> (hooks/__tests__/useSeedVerification.test.js:410:10)
      at asyncGeneratorStep (node_modules/@babel/runtime/helpers/asyncToGenerator.js:3:17)
      at _next (node_modules/@babel/runtime/helpers/asyncToGenerator.js:17:9)
      at node_modules/@babel/runtime/helpers/asyncToGenerator.js:22:7
      at Object.<anonymous> (node_modules/@babel/runtime/helpers/asyncToGenerator.js:14:12)

    console.error
      The current testing environment is not configured to support act(...)

      122 |     });
      123 |     setWordChoices(choices);
    > 124 |     setVerificationWords({});
          |     ^
      125 |     setShowingSeeds(false);
      126 |     setVerifyingSeeds(true);
      127 |   };

      at isConcurrentActEnvironment (node_modules/react-test-renderer/cjs/react-test-renderer.development.js:10243:17)
      at warnIfUpdatesNotWrappedWithActDEV (node_modules/react-test-renderer/cjs/react-test-renderer.development.js:11798:7)
      at scheduleUpdateOnFiber (node_modules/react-test-renderer/cjs/react-test-renderer.development.js:10326:9)
      at dispatchSetStateInternal (node_modules/react-test-renderer/cjs/react-test-renderer.development.js:4148:13)
      at dispatchSetState (node_modules/react-test-renderer/cjs/react-test-renderer.development.js:4107:7)
      at Object.setVerificationWords [as proceedToVerification] (hooks/useSeedVerification.js:124:5)
      at proceedToVerification (hooks/__tests__/useSeedVerification.test.js:411:24)
      at process.env.NODE_ENV.exports.act (node_modules/react/cjs/react.development.js:789:22)
      at Object.<anonymous> (hooks/__tests__/useSeedVerification.test.js:410:10)
      at asyncGeneratorStep (node_modules/@babel/runtime/helpers/asyncToGenerator.js:3:17)
      at _next (node_modules/@babel/runtime/helpers/asyncToGenerator.js:17:9)
      at node_modules/@babel/runtime/helpers/asyncToGenerator.js:22:7
      at Object.<anonymous> (node_modules/@babel/runtime/helpers/asyncToGenerator.js:14:12)

    console.error
      The current testing environment is not configured to support act(...)

      124 |     setVerificationWords({});
      125 |     setShowingSeeds(false);
    > 126 |     setVerifyingSeeds(true);
          |     ^
      127 |   };
      128 |
      129 |   /**

      at isConcurrentActEnvironment (node_modules/react-test-renderer/cjs/react-test-renderer.development.js:10243:17)
      at warnIfUpdatesNotWrappedWithActDEV (node_modules/react-test-renderer/cjs/react-test-renderer.development.js:11798:7)
      at scheduleUpdateOnFiber (node_modules/react-test-renderer/cjs/react-test-renderer.development.js:10326:9)
      at dispatchSetStateInternal (node_modules/react-test-renderer/cjs/react-test-renderer.development.js:4148:13)
      at dispatchSetState (node_modules/react-test-renderer/cjs/react-test-renderer.development.js:4107:7)
      at Object.setVerifyingSeeds [as proceedToVerification] (hooks/useSeedVerification.js:126:5)
      at proceedToVerification (hooks/__tests__/useSeedVerification.test.js:411:24)
      at process.env.NODE_ENV.exports.act (node_modules/react/cjs/react.development.js:789:22)
      at Object.<anonymous> (hooks/__tests__/useSeedVerification.test.js:410:10)
      at asyncGeneratorStep (node_modules/@babel/runtime/helpers/asyncToGenerator.js:3:17)
      at _next (node_modules/@babel/runtime/helpers/asyncToGenerator.js:17:9)
      at node_modules/@babel/runtime/helpers/asyncToGenerator.js:22:7
      at Object.<anonymous> (node_modules/@babel/runtime/helpers/asyncToGenerator.js:14:12)

    console.error
      The current testing environment is not configured to support act(...)

      165 |    */
      166 |   const resetVerificationState = async () => {
    > 167 |     setVerifyingSeeds(false);
          |     ^
      168 |     setVerificationWords({});
      169 |     setRequiredIndices([]);
      170 |     setWordChoices({});

      at isConcurrentActEnvironment (node_modules/react-test-renderer/cjs/react-test-renderer.development.js:10243:17)
      at warnIfUpdatesNotWrappedWithActDEV (node_modules/react-test-renderer/cjs/react-test-renderer.development.js:11798:7)
      at scheduleUpdateOnFiber (node_modules/react-test-renderer/cjs/react-test-renderer.development.js:10326:9)
      at dispatchSetStateInternal (node_modules/react-test-renderer/cjs/react-test-renderer.development.js:4148:13)
      at dispatchSetState (node_modules/react-test-renderer/cjs/react-test-renderer.development.js:4107:7)
      at Object.setVerifyingSeeds (hooks/useSeedVerification.js:167:5)
      at asyncGeneratorStep (node_modules/@babel/runtime/helpers/asyncToGenerator.js:3:17)
      at _next (node_modules/@babel/runtime/helpers/asyncToGenerator.js:17:9)
      at node_modules/@babel/runtime/helpers/asyncToGenerator.js:22:7
      at Object.<anonymous> (node_modules/@babel/runtime/helpers/asyncToGenerator.js:14:12)
      at Object.apply [as resetVerificationState] (hooks/useSeedVerification.js:166:31)
      at resetVerificationState (hooks/__tests__/useSeedVerification.test.js:415:30)
      at asyncGeneratorStep (node_modules/@babel/runtime/helpers/asyncToGenerator.js:3:17)
      at _next (node_modules/@babel/runtime/helpers/asyncToGenerator.js:17:9)
      at node_modules/@babel/runtime/helpers/asyncToGenerator.js:22:7
      at node_modules/@babel/runtime/helpers/asyncToGenerator.js:14:12
      at process.env.NODE_ENV.exports.act (node_modules/react/cjs/react.development.js:789:22)
      at Object.<anonymous> (hooks/__tests__/useSeedVerification.test.js:414:16)
      at asyncGeneratorStep (node_modules/@babel/runtime/helpers/asyncToGenerator.js:3:17)
      at _next (node_modules/@babel/runtime/helpers/asyncToGenerator.js:17:9)
      at node_modules/@babel/runtime/helpers/asyncToGenerator.js:22:7
      at Object.<anonymous> (node_modules/@babel/runtime/helpers/asyncToGenerator.js:14:12)

    console.error
      The current testing environment is not configured to support act(...)

      166 |   const resetVerificationState = async () => {
      167 |     setVerifyingSeeds(false);
    > 168 |     setVerificationWords({});
          |     ^
      169 |     setRequiredIndices([]);
      170 |     setWordChoices({});
      171 |     await clearPersistedState();

      at isConcurrentActEnvironment (node_modules/react-test-renderer/cjs/react-test-renderer.development.js:10243:17)
      at warnIfUpdatesNotWrappedWithActDEV (node_modules/react-test-renderer/cjs/react-test-renderer.development.js:11798:7)
      at scheduleUpdateOnFiber (node_modules/react-test-renderer/cjs/react-test-renderer.development.js:10326:9)
      at dispatchSetStateInternal (node_modules/react-test-renderer/cjs/react-test-renderer.development.js:4148:13)
      at dispatchSetState (node_modules/react-test-renderer/cjs/react-test-renderer.development.js:4107:7)
      at Object.setVerificationWords (hooks/useSeedVerification.js:168:5)
      at asyncGeneratorStep (node_modules/@babel/runtime/helpers/asyncToGenerator.js:3:17)
      at _next (node_modules/@babel/runtime/helpers/asyncToGenerator.js:17:9)
      at node_modules/@babel/runtime/helpers/asyncToGenerator.js:22:7
      at Object.<anonymous> (node_modules/@babel/runtime/helpers/asyncToGenerator.js:14:12)
      at Object.apply [as resetVerificationState] (hooks/useSeedVerification.js:166:31)
      at resetVerificationState (hooks/__tests__/useSeedVerification.test.js:415:30)
      at asyncGeneratorStep (node_modules/@babel/runtime/helpers/asyncToGenerator.js:3:17)
      at _next (node_modules/@babel/runtime/helpers/asyncToGenerator.js:17:9)
      at node_modules/@babel/runtime/helpers/asyncToGenerator.js:22:7
      at node_modules/@babel/runtime/helpers/asyncToGenerator.js:14:12
      at process.env.NODE_ENV.exports.act (node_modules/react/cjs/react.development.js:789:22)
      at Object.<anonymous> (hooks/__tests__/useSeedVerification.test.js:414:16)
      at asyncGeneratorStep (node_modules/@babel/runtime/helpers/asyncToGenerator.js:3:17)
      at _next (node_modules/@babel/runtime/helpers/asyncToGenerator.js:17:9)
      at node_modules/@babel/runtime/helpers/asyncToGenerator.js:22:7
      at Object.<anonymous> (node_modules/@babel/runtime/helpers/asyncToGenerator.js:14:12)

    console.error
      The current testing environment is not configured to support act(...)

      167 |     setVerifyingSeeds(false);
      168 |     setVerificationWords({});
    > 169 |     setRequiredIndices([]);
          |     ^
      170 |     setWordChoices({});
      171 |     await clearPersistedState();
      172 |   };

      at isConcurrentActEnvironment (node_modules/react-test-renderer/cjs/react-test-renderer.development.js:10243:17)
      at warnIfUpdatesNotWrappedWithActDEV (node_modules/react-test-renderer/cjs/react-test-renderer.development.js:11798:7)
      at scheduleUpdateOnFiber (node_modules/react-test-renderer/cjs/react-test-renderer.development.js:10326:9)
      at dispatchSetStateInternal (node_modules/react-test-renderer/cjs/react-test-renderer.development.js:4148:13)
      at dispatchSetState (node_modules/react-test-renderer/cjs/react-test-renderer.development.js:4107:7)
      at Object.setRequiredIndices (hooks/useSeedVerification.js:169:5)
      at asyncGeneratorStep (node_modules/@babel/runtime/helpers/asyncToGenerator.js:3:17)
      at _next (node_modules/@babel/runtime/helpers/asyncToGenerator.js:17:9)
      at node_modules/@babel/runtime/helpers/asyncToGenerator.js:22:7
      at Object.<anonymous> (node_modules/@babel/runtime/helpers/asyncToGenerator.js:14:12)
      at Object.apply [as resetVerificationState] (hooks/useSeedVerification.js:166:31)
      at resetVerificationState (hooks/__tests__/useSeedVerification.test.js:415:30)
      at asyncGeneratorStep (node_modules/@babel/runtime/helpers/asyncToGenerator.js:3:17)
      at _next (node_modules/@babel/runtime/helpers/asyncToGenerator.js:17:9)
      at node_modules/@babel/runtime/helpers/asyncToGenerator.js:22:7
      at node_modules/@babel/runtime/helpers/asyncToGenerator.js:14:12
      at process.env.NODE_ENV.exports.act (node_modules/react/cjs/react.development.js:789:22)
      at Object.<anonymous> (hooks/__tests__/useSeedVerification.test.js:414:16)
      at asyncGeneratorStep (node_modules/@babel/runtime/helpers/asyncToGenerator.js:3:17)
      at _next (node_modules/@babel/runtime/helpers/asyncToGenerator.js:17:9)
      at node_modules/@babel/runtime/helpers/asyncToGenerator.js:22:7
      at Object.<anonymous> (node_modules/@babel/runtime/helpers/asyncToGenerator.js:14:12)

    console.error
      The current testing environment is not configured to support act(...)

      168 |     setVerificationWords({});
      169 |     setRequiredIndices([]);
    > 170 |     setWordChoices({});
          |     ^
      171 |     await clearPersistedState();
      172 |   };
      173 |

      at isConcurrentActEnvironment (node_modules/react-test-renderer/cjs/react-test-renderer.development.js:10243:17)
      at warnIfUpdatesNotWrappedWithActDEV (node_modules/react-test-renderer/cjs/react-test-renderer.development.js:11798:7)
      at scheduleUpdateOnFiber (node_modules/react-test-renderer/cjs/react-test-renderer.development.js:10326:9)
      at dispatchSetStateInternal (node_modules/react-test-renderer/cjs/react-test-renderer.development.js:4148:13)
      at dispatchSetState (node_modules/react-test-renderer/cjs/react-test-renderer.development.js:4107:7)
      at Object.setWordChoices (hooks/useSeedVerification.js:170:5)
      at asyncGeneratorStep (node_modules/@babel/runtime/helpers/asyncToGenerator.js:3:17)
      at _next (node_modules/@babel/runtime/helpers/asyncToGenerator.js:17:9)
      at node_modules/@babel/runtime/helpers/asyncToGenerator.js:22:7
      at Object.<anonymous> (node_modules/@babel/runtime/helpers/asyncToGenerator.js:14:12)
      at Object.apply [as resetVerificationState] (hooks/useSeedVerification.js:166:31)
      at resetVerificationState (hooks/__tests__/useSeedVerification.test.js:415:30)
      at asyncGeneratorStep (node_modules/@babel/runtime/helpers/asyncToGenerator.js:3:17)
      at _next (node_modules/@babel/runtime/helpers/asyncToGenerator.js:17:9)
      at node_modules/@babel/runtime/helpers/asyncToGenerator.js:22:7
      at node_modules/@babel/runtime/helpers/asyncToGenerator.js:14:12
      at process.env.NODE_ENV.exports.act (node_modules/react/cjs/react.development.js:789:22)
      at Object.<anonymous> (hooks/__tests__/useSeedVerification.test.js:414:16)
      at asyncGeneratorStep (node_modules/@babel/runtime/helpers/asyncToGenerator.js:3:17)
      at _next (node_modules/@babel/runtime/helpers/asyncToGenerator.js:17:9)
      at node_modules/@babel/runtime/helpers/asyncToGenerator.js:22:7
      at Object.<anonymous> (node_modules/@babel/runtime/helpers/asyncToGenerator.js:14:12)

    console.error
      The current testing environment is not configured to support act(...)

      44 |         // Silently fail
      45 |       } finally {
    > 46 |         setStateLoaded(true);
         |         ^
      47 |       }
      48 |     };
      49 |

      at isConcurrentActEnvironment (node_modules/react-test-renderer/cjs/react-test-renderer.development.js:10243:17)
      at warnIfUpdatesNotWrappedWithActDEV (node_modules/react-test-renderer/cjs/react-test-renderer.development.js:11798:7)
      at scheduleUpdateOnFiber (node_modules/react-test-renderer/cjs/react-test-renderer.development.js:10326:9)
      at dispatchSetStateInternal (node_modules/react-test-renderer/cjs/react-test-renderer.development.js:4148:13)
      at dispatchSetState (node_modules/react-test-renderer/cjs/react-test-renderer.development.js:4107:7)
      at setStateLoaded (hooks/useSeedVerification.js:46:9)
      at asyncGeneratorStep (node_modules/@babel/runtime/helpers/asyncToGenerator.js:3:17)
      at _next (node_modules/@babel/runtime/helpers/asyncToGenerator.js:17:9)

    console.error
      react-test-renderer is deprecated. See https://react.dev/warnings/react-test-renderer

      27 |   let component;
      28 |   act(() => {
    > 29 |     component = create(<TestComponent hookProps={initialProps} />);
         |                       ^
      30 |   });
      31 |   return {
      32 |     result,

      at process.env.NODE_ENV.exports.create (node_modules/react-test-renderer/cjs/react-test-renderer.development.js:14598:17)
      at hooks/__tests__/useSeedVerification.test.js:29:23
      at process.env.NODE_ENV.exports.act (node_modules/react/cjs/react.development.js:789:22)
      at renderHook (hooks/__tests__/useSeedVerification.test.js:28:6)
      at Object.renderHook (hooks/__tests__/useSeedVerification.test.js:425:26)
      at asyncGeneratorStep (node_modules/@babel/runtime/helpers/asyncToGenerator.js:3:17)
      at _next (node_modules/@babel/runtime/helpers/asyncToGenerator.js:17:9)
      at node_modules/@babel/runtime/helpers/asyncToGenerator.js:22:7
      at Object.<anonymous> (node_modules/@babel/runtime/helpers/asyncToGenerator.js:14:12)

    console.error
      The current testing environment is not configured to support act(...)

      27 |   let component;
      28 |   act(() => {
    > 29 |     component = create(<TestComponent hookProps={initialProps} />);
         |                       ^
      30 |   });
      31 |   return {
      32 |     result,

      at isConcurrentActEnvironment (node_modules/react-test-renderer/cjs/react-test-renderer.development.js:10243:17)
      at warnIfUpdatesNotWrappedWithActDEV (node_modules/react-test-renderer/cjs/react-test-renderer.development.js:11798:7)
      at scheduleUpdateOnFiber (node_modules/react-test-renderer/cjs/react-test-renderer.development.js:10326:9)
      at updateContainerImpl (node_modules/react-test-renderer/cjs/react-test-renderer.development.js:12382:10)
      at updateContainer (node_modules/react-test-renderer/cjs/react-test-renderer.development.js:12326:7)
      at process.env.NODE_ENV.exports.create (node_modules/react-test-renderer/cjs/react-test-renderer.development.js:14630:7)
      at hooks/__tests__/useSeedVerification.test.js:29:23
      at process.env.NODE_ENV.exports.act (node_modules/react/cjs/react.development.js:789:22)
      at renderHook (hooks/__tests__/useSeedVerification.test.js:28:6)
      at Object.renderHook (hooks/__tests__/useSeedVerification.test.js:425:26)
      at asyncGeneratorStep (node_modules/@babel/runtime/helpers/asyncToGenerator.js:3:17)
      at _next (node_modules/@babel/runtime/helpers/asyncToGenerator.js:17:9)
      at node_modules/@babel/runtime/helpers/asyncToGenerator.js:22:7
      at Object.<anonymous> (node_modules/@babel/runtime/helpers/asyncToGenerator.js:14:12)

    console.error
      The current testing environment is not configured to support act(...)

      166 |   const resetVerificationState = async () => {
      167 |     setVerifyingSeeds(false);
    > 168 |     setVerificationWords({});
          |     ^
      169 |     setRequiredIndices([]);
      170 |     setWordChoices({});
      171 |     await clearPersistedState();

      at isConcurrentActEnvironment (node_modules/react-test-renderer/cjs/react-test-renderer.development.js:10243:17)
      at warnIfUpdatesNotWrappedWithActDEV (node_modules/react-test-renderer/cjs/react-test-renderer.development.js:11798:7)
      at scheduleUpdateOnFiber (node_modules/react-test-renderer/cjs/react-test-renderer.development.js:10326:9)
      at dispatchSetStateInternal (node_modules/react-test-renderer/cjs/react-test-renderer.development.js:4148:13)
      at dispatchSetState (node_modules/react-test-renderer/cjs/react-test-renderer.development.js:4107:7)
      at Object.setVerificationWords (hooks/useSeedVerification.js:168:5)
      at asyncGeneratorStep (node_modules/@babel/runtime/helpers/asyncToGenerator.js:3:17)
      at _next (node_modules/@babel/runtime/helpers/asyncToGenerator.js:17:9)
      at node_modules/@babel/runtime/helpers/asyncToGenerator.js:22:7
      at Object.<anonymous> (node_modules/@babel/runtime/helpers/asyncToGenerator.js:14:12)
      at Object.apply [as resetVerificationState] (hooks/useSeedVerification.js:166:31)
      at resetVerificationState (hooks/__tests__/useSeedVerification.test.js:430:30)
      at asyncGeneratorStep (node_modules/@babel/runtime/helpers/asyncToGenerator.js:3:17)
      at _next (node_modules/@babel/runtime/helpers/asyncToGenerator.js:17:9)
      at node_modules/@babel/runtime/helpers/asyncToGenerator.js:22:7
      at node_modules/@babel/runtime/helpers/asyncToGenerator.js:14:12
      at process.env.NODE_ENV.exports.act (node_modules/react/cjs/react.development.js:789:22)
      at Object.<anonymous> (hooks/__tests__/useSeedVerification.test.js:429:16)
      at asyncGeneratorStep (node_modules/@babel/runtime/helpers/asyncToGenerator.js:3:17)
      at _next (node_modules/@babel/runtime/helpers/asyncToGenerator.js:17:9)
      at node_modules/@babel/runtime/helpers/asyncToGenerator.js:22:7
      at Object.<anonymous> (node_modules/@babel/runtime/helpers/asyncToGenerator.js:14:12)

    console.error
      The current testing environment is not configured to support act(...)

      167 |     setVerifyingSeeds(false);
      168 |     setVerificationWords({});
    > 169 |     setRequiredIndices([]);
          |     ^
      170 |     setWordChoices({});
      171 |     await clearPersistedState();
      172 |   };

      at isConcurrentActEnvironment (node_modules/react-test-renderer/cjs/react-test-renderer.development.js:10243:17)
      at warnIfUpdatesNotWrappedWithActDEV (node_modules/react-test-renderer/cjs/react-test-renderer.development.js:11798:7)
      at scheduleUpdateOnFiber (node_modules/react-test-renderer/cjs/react-test-renderer.development.js:10326:9)
      at dispatchSetStateInternal (node_modules/react-test-renderer/cjs/react-test-renderer.development.js:4148:13)
      at dispatchSetState (node_modules/react-test-renderer/cjs/react-test-renderer.development.js:4107:7)
      at Object.setRequiredIndices (hooks/useSeedVerification.js:169:5)
      at asyncGeneratorStep (node_modules/@babel/runtime/helpers/asyncToGenerator.js:3:17)
      at _next (node_modules/@babel/runtime/helpers/asyncToGenerator.js:17:9)
      at node_modules/@babel/runtime/helpers/asyncToGenerator.js:22:7
      at Object.<anonymous> (node_modules/@babel/runtime/helpers/asyncToGenerator.js:14:12)
      at Object.apply [as resetVerificationState] (hooks/useSeedVerification.js:166:31)
      at resetVerificationState (hooks/__tests__/useSeedVerification.test.js:430:30)
      at asyncGeneratorStep (node_modules/@babel/runtime/helpers/asyncToGenerator.js:3:17)
      at _next (node_modules/@babel/runtime/helpers/asyncToGenerator.js:17:9)
      at node_modules/@babel/runtime/helpers/asyncToGenerator.js:22:7
      at node_modules/@babel/runtime/helpers/asyncToGenerator.js:14:12
      at process.env.NODE_ENV.exports.act (node_modules/react/cjs/react.development.js:789:22)
      at Object.<anonymous> (hooks/__tests__/useSeedVerification.test.js:429:16)
      at asyncGeneratorStep (node_modules/@babel/runtime/helpers/asyncToGenerator.js:3:17)
      at _next (node_modules/@babel/runtime/helpers/asyncToGenerator.js:17:9)
      at node_modules/@babel/runtime/helpers/asyncToGenerator.js:22:7
      at Object.<anonymous> (node_modules/@babel/runtime/helpers/asyncToGenerator.js:14:12)

    console.error
      The current testing environment is not configured to support act(...)

      168 |     setVerificationWords({});
      169 |     setRequiredIndices([]);
    > 170 |     setWordChoices({});
          |     ^
      171 |     await clearPersistedState();
      172 |   };
      173 |

      at isConcurrentActEnvironment (node_modules/react-test-renderer/cjs/react-test-renderer.development.js:10243:17)
      at warnIfUpdatesNotWrappedWithActDEV (node_modules/react-test-renderer/cjs/react-test-renderer.development.js:11798:7)
      at scheduleUpdateOnFiber (node_modules/react-test-renderer/cjs/react-test-renderer.development.js:10326:9)
      at dispatchSetStateInternal (node_modules/react-test-renderer/cjs/react-test-renderer.development.js:4148:13)
      at dispatchSetState (node_modules/react-test-renderer/cjs/react-test-renderer.development.js:4107:7)
      at Object.setWordChoices (hooks/useSeedVerification.js:170:5)
      at asyncGeneratorStep (node_modules/@babel/runtime/helpers/asyncToGenerator.js:3:17)
      at _next (node_modules/@babel/runtime/helpers/asyncToGenerator.js:17:9)
      at node_modules/@babel/runtime/helpers/asyncToGenerator.js:22:7
      at Object.<anonymous> (node_modules/@babel/runtime/helpers/asyncToGenerator.js:14:12)
      at Object.apply [as resetVerificationState] (hooks/useSeedVerification.js:166:31)
      at resetVerificationState (hooks/__tests__/useSeedVerification.test.js:430:30)
      at asyncGeneratorStep (node_modules/@babel/runtime/helpers/asyncToGenerator.js:3:17)
      at _next (node_modules/@babel/runtime/helpers/asyncToGenerator.js:17:9)
      at node_modules/@babel/runtime/helpers/asyncToGenerator.js:22:7
      at node_modules/@babel/runtime/helpers/asyncToGenerator.js:14:12
      at process.env.NODE_ENV.exports.act (node_modules/react/cjs/react.development.js:789:22)
      at Object.<anonymous> (hooks/__tests__/useSeedVerification.test.js:429:16)
      at asyncGeneratorStep (node_modules/@babel/runtime/helpers/asyncToGenerator.js:3:17)
      at _next (node_modules/@babel/runtime/helpers/asyncToGenerator.js:17:9)
      at node_modules/@babel/runtime/helpers/asyncToGenerator.js:22:7
      at Object.<anonymous> (node_modules/@babel/runtime/helpers/asyncToGenerator.js:14:12)

    console.error
      The current testing environment is not configured to support act(...)

      44 |         // Silently fail
      45 |       } finally {
    > 46 |         setStateLoaded(true);
         |         ^
      47 |       }
      48 |     };
      49 |

      at isConcurrentActEnvironment (node_modules/react-test-renderer/cjs/react-test-renderer.development.js:10243:17)
      at warnIfUpdatesNotWrappedWithActDEV (node_modules/react-test-renderer/cjs/react-test-renderer.development.js:11798:7)
      at scheduleUpdateOnFiber (node_modules/react-test-renderer/cjs/react-test-renderer.development.js:10326:9)
      at dispatchSetStateInternal (node_modules/react-test-renderer/cjs/react-test-renderer.development.js:4148:13)
      at dispatchSetState (node_modules/react-test-renderer/cjs/react-test-renderer.development.js:4107:7)
      at setStateLoaded (hooks/useSeedVerification.js:46:9)
      at asyncGeneratorStep (node_modules/@babel/runtime/helpers/asyncToGenerator.js:3:17)
      at _next (node_modules/@babel/runtime/helpers/asyncToGenerator.js:17:9)

    console.error
      react-test-renderer is deprecated. See https://react.dev/warnings/react-test-renderer

      27 |   let component;
      28 |   act(() => {
    > 29 |     component = create(<TestComponent hookProps={initialProps} />);
         |                       ^
      30 |   });
      31 |   return {
      32 |     result,

      at process.env.NODE_ENV.exports.create (node_modules/react-test-renderer/cjs/react-test-renderer.development.js:14598:17)
      at hooks/__tests__/useSeedVerification.test.js:29:23
      at process.env.NODE_ENV.exports.act (node_modules/react/cjs/react.development.js:789:22)
      at renderHook (hooks/__tests__/useSeedVerification.test.js:28:6)
      at Object.renderHook (hooks/__tests__/useSeedVerification.test.js:439:26)
      at asyncGeneratorStep (node_modules/@babel/runtime/helpers/asyncToGenerator.js:3:17)
      at _next (node_modules/@babel/runtime/helpers/asyncToGenerator.js:17:9)
      at node_modules/@babel/runtime/helpers/asyncToGenerator.js:22:7
      at Object.<anonymous> (node_modules/@babel/runtime/helpers/asyncToGenerator.js:14:12)

    console.error
      The current testing environment is not configured to support act(...)

      27 |   let component;
      28 |   act(() => {
    > 29 |     component = create(<TestComponent hookProps={initialProps} />);
         |                       ^
      30 |   });
      31 |   return {
      32 |     result,

      at isConcurrentActEnvironment (node_modules/react-test-renderer/cjs/react-test-renderer.development.js:10243:17)
      at warnIfUpdatesNotWrappedWithActDEV (node_modules/react-test-renderer/cjs/react-test-renderer.development.js:11798:7)
      at scheduleUpdateOnFiber (node_modules/react-test-renderer/cjs/react-test-renderer.development.js:10326:9)
      at updateContainerImpl (node_modules/react-test-renderer/cjs/react-test-renderer.development.js:12382:10)
      at updateContainer (node_modules/react-test-renderer/cjs/react-test-renderer.development.js:12326:7)
      at process.env.NODE_ENV.exports.create (node_modules/react-test-renderer/cjs/react-test-renderer.development.js:14630:7)
      at hooks/__tests__/useSeedVerification.test.js:29:23
      at process.env.NODE_ENV.exports.act (node_modules/react/cjs/react.development.js:789:22)
      at renderHook (hooks/__tests__/useSeedVerification.test.js:28:6)
      at Object.renderHook (hooks/__tests__/useSeedVerification.test.js:439:26)
      at asyncGeneratorStep (node_modules/@babel/runtime/helpers/asyncToGenerator.js:3:17)
      at _next (node_modules/@babel/runtime/helpers/asyncToGenerator.js:17:9)
      at node_modules/@babel/runtime/helpers/asyncToGenerator.js:22:7
      at Object.<anonymous> (node_modules/@babel/runtime/helpers/asyncToGenerator.js:14:12)

    console.error
      The current testing environment is not configured to support act(...)

      44 |         // Silently fail
      45 |       } finally {
    > 46 |         setStateLoaded(true);
         |         ^
      47 |       }
      48 |     };
      49 |

      at isConcurrentActEnvironment (node_modules/react-test-renderer/cjs/react-test-renderer.development.js:10243:17)
      at warnIfUpdatesNotWrappedWithActDEV (node_modules/react-test-renderer/cjs/react-test-renderer.development.js:11798:7)
      at scheduleUpdateOnFiber (node_modules/react-test-renderer/cjs/react-test-renderer.development.js:10326:9)
      at dispatchSetStateInternal (node_modules/react-test-renderer/cjs/react-test-renderer.development.js:4148:13)
      at dispatchSetState (node_modules/react-test-renderer/cjs/react-test-renderer.development.js:4107:7)
      at setStateLoaded (hooks/useSeedVerification.js:46:9)
      at asyncGeneratorStep (node_modules/@babel/runtime/helpers/asyncToGenerator.js:3:17)
      at _next (node_modules/@babel/runtime/helpers/asyncToGenerator.js:17:9)

    console.error
      The current testing environment is not configured to support act(...)

      114 |       }
      115 |     }
    > 116 |     setRequiredIndices(indices.sort((a, b) => a - b));
          |     ^
      117 |
      118 |     // Generate multiple choice options for each word
      119 |     const choices = {};

      at isConcurrentActEnvironment (node_modules/react-test-renderer/cjs/react-test-renderer.development.js:10243:17)
      at warnIfUpdatesNotWrappedWithActDEV (node_modules/react-test-renderer/cjs/react-test-renderer.development.js:11798:7)
      at scheduleUpdateOnFiber (node_modules/react-test-renderer/cjs/react-test-renderer.development.js:10326:9)
      at dispatchSetStateInternal (node_modules/react-test-renderer/cjs/react-test-renderer.development.js:4148:13)
      at dispatchSetState (node_modules/react-test-renderer/cjs/react-test-renderer.development.js:4107:7)
      at Object.setRequiredIndices [as proceedToVerification] (hooks/useSeedVerification.js:116:5)
      at proceedToVerification (hooks/__tests__/useSeedVerification.test.js:448:24)
      at process.env.NODE_ENV.exports.act (node_modules/react/cjs/react.development.js:789:22)
      at Object.<anonymous> (hooks/__tests__/useSeedVerification.test.js:447:10)
      at asyncGeneratorStep (node_modules/@babel/runtime/helpers/asyncToGenerator.js:3:17)
      at _next (node_modules/@babel/runtime/helpers/asyncToGenerator.js:17:9)

    console.error
      The current testing environment is not configured to support act(...)

      121 |       choices[index] = generateChoicesForWord(tempMnemonicWords[index], tempMnemonicWords);
      122 |     });
    > 123 |     setWordChoices(choices);
          |     ^
      124 |     setVerificationWords({});
      125 |     setShowingSeeds(false);
      126 |     setVerifyingSeeds(true);

      at isConcurrentActEnvironment (node_modules/react-test-renderer/cjs/react-test-renderer.development.js:10243:17)
      at warnIfUpdatesNotWrappedWithActDEV (node_modules/react-test-renderer/cjs/react-test-renderer.development.js:11798:7)
      at scheduleUpdateOnFiber (node_modules/react-test-renderer/cjs/react-test-renderer.development.js:10326:9)
      at dispatchSetStateInternal (node_modules/react-test-renderer/cjs/react-test-renderer.development.js:4148:13)
      at dispatchSetState (node_modules/react-test-renderer/cjs/react-test-renderer.development.js:4107:7)
      at Object.setWordChoices [as proceedToVerification] (hooks/useSeedVerification.js:123:5)
      at proceedToVerification (hooks/__tests__/useSeedVerification.test.js:448:24)
      at process.env.NODE_ENV.exports.act (node_modules/react/cjs/react.development.js:789:22)
      at Object.<anonymous> (hooks/__tests__/useSeedVerification.test.js:447:10)
      at asyncGeneratorStep (node_modules/@babel/runtime/helpers/asyncToGenerator.js:3:17)
      at _next (node_modules/@babel/runtime/helpers/asyncToGenerator.js:17:9)

    console.error
      The current testing environment is not configured to support act(...)

      122 |     });
      123 |     setWordChoices(choices);
    > 124 |     setVerificationWords({});
          |     ^
      125 |     setShowingSeeds(false);
      126 |     setVerifyingSeeds(true);
      127 |   };

      at isConcurrentActEnvironment (node_modules/react-test-renderer/cjs/react-test-renderer.development.js:10243:17)
      at warnIfUpdatesNotWrappedWithActDEV (node_modules/react-test-renderer/cjs/react-test-renderer.development.js:11798:7)
      at scheduleUpdateOnFiber (node_modules/react-test-renderer/cjs/react-test-renderer.development.js:10326:9)
      at dispatchSetStateInternal (node_modules/react-test-renderer/cjs/react-test-renderer.development.js:4148:13)
      at dispatchSetState (node_modules/react-test-renderer/cjs/react-test-renderer.development.js:4107:7)
      at Object.setVerificationWords [as proceedToVerification] (hooks/useSeedVerification.js:124:5)
      at proceedToVerification (hooks/__tests__/useSeedVerification.test.js:448:24)
      at process.env.NODE_ENV.exports.act (node_modules/react/cjs/react.development.js:789:22)
      at Object.<anonymous> (hooks/__tests__/useSeedVerification.test.js:447:10)
      at asyncGeneratorStep (node_modules/@babel/runtime/helpers/asyncToGenerator.js:3:17)
      at _next (node_modules/@babel/runtime/helpers/asyncToGenerator.js:17:9)

    console.error
      The current testing environment is not configured to support act(...)

      124 |     setVerificationWords({});
      125 |     setShowingSeeds(false);
    > 126 |     setVerifyingSeeds(true);
          |     ^
      127 |   };
      128 |
      129 |   /**

      at isConcurrentActEnvironment (node_modules/react-test-renderer/cjs/react-test-renderer.development.js:10243:17)
      at warnIfUpdatesNotWrappedWithActDEV (node_modules/react-test-renderer/cjs/react-test-renderer.development.js:11798:7)
      at scheduleUpdateOnFiber (node_modules/react-test-renderer/cjs/react-test-renderer.development.js:10326:9)
      at dispatchSetStateInternal (node_modules/react-test-renderer/cjs/react-test-renderer.development.js:4148:13)
      at dispatchSetState (node_modules/react-test-renderer/cjs/react-test-renderer.development.js:4107:7)
      at Object.setVerifyingSeeds [as proceedToVerification] (hooks/useSeedVerification.js:126:5)
      at proceedToVerification (hooks/__tests__/useSeedVerification.test.js:448:24)
      at process.env.NODE_ENV.exports.act (node_modules/react/cjs/react.development.js:789:22)
      at Object.<anonymous> (hooks/__tests__/useSeedVerification.test.js:447:10)
      at asyncGeneratorStep (node_modules/@babel/runtime/helpers/asyncToGenerator.js:3:17)
      at _next (node_modules/@babel/runtime/helpers/asyncToGenerator.js:17:9)

    console.error
      react-test-renderer is deprecated. See https://react.dev/warnings/react-test-renderer

      27 |   let component;
      28 |   act(() => {
    > 29 |     component = create(<TestComponent hookProps={initialProps} />);
         |                       ^
      30 |   });
      31 |   return {
      32 |     result,

      at process.env.NODE_ENV.exports.create (node_modules/react-test-renderer/cjs/react-test-renderer.development.js:14598:17)
      at hooks/__tests__/useSeedVerification.test.js:29:23
      at process.env.NODE_ENV.exports.act (node_modules/react/cjs/react.development.js:789:22)
      at renderHook (hooks/__tests__/useSeedVerification.test.js:28:6)
      at Object.renderHook (hooks/__tests__/useSeedVerification.test.js:464:26)
      at asyncGeneratorStep (node_modules/@babel/runtime/helpers/asyncToGenerator.js:3:17)
      at _next (node_modules/@babel/runtime/helpers/asyncToGenerator.js:17:9)
      at node_modules/@babel/runtime/helpers/asyncToGenerator.js:22:7
      at Object.<anonymous> (node_modules/@babel/runtime/helpers/asyncToGenerator.js:14:12)

    console.error
      The current testing environment is not configured to support act(...)

      27 |   let component;
      28 |   act(() => {
    > 29 |     component = create(<TestComponent hookProps={initialProps} />);
         |                       ^
      30 |   });
      31 |   return {
      32 |     result,

      at isConcurrentActEnvironment (node_modules/react-test-renderer/cjs/react-test-renderer.development.js:10243:17)
      at warnIfUpdatesNotWrappedWithActDEV (node_modules/react-test-renderer/cjs/react-test-renderer.development.js:11798:7)
      at scheduleUpdateOnFiber (node_modules/react-test-renderer/cjs/react-test-renderer.development.js:10326:9)
      at updateContainerImpl (node_modules/react-test-renderer/cjs/react-test-renderer.development.js:12382:10)
      at updateContainer (node_modules/react-test-renderer/cjs/react-test-renderer.development.js:12326:7)
      at process.env.NODE_ENV.exports.create (node_modules/react-test-renderer/cjs/react-test-renderer.development.js:14630:7)
      at hooks/__tests__/useSeedVerification.test.js:29:23
      at process.env.NODE_ENV.exports.act (node_modules/react/cjs/react.development.js:789:22)
      at renderHook (hooks/__tests__/useSeedVerification.test.js:28:6)
      at Object.renderHook (hooks/__tests__/useSeedVerification.test.js:464:26)
      at asyncGeneratorStep (node_modules/@babel/runtime/helpers/asyncToGenerator.js:3:17)
      at _next (node_modules/@babel/runtime/helpers/asyncToGenerator.js:17:9)
      at node_modules/@babel/runtime/helpers/asyncToGenerator.js:22:7
      at Object.<anonymous> (node_modules/@babel/runtime/helpers/asyncToGenerator.js:14:12)

    console.error
      The current testing environment is not configured to support act(...)

      44 |         // Silently fail
      45 |       } finally {
    > 46 |         setStateLoaded(true);
         |         ^
      47 |       }
      48 |     };
      49 |

      at isConcurrentActEnvironment (node_modules/react-test-renderer/cjs/react-test-renderer.development.js:10243:17)
      at warnIfUpdatesNotWrappedWithActDEV (node_modules/react-test-renderer/cjs/react-test-renderer.development.js:11798:7)
      at scheduleUpdateOnFiber (node_modules/react-test-renderer/cjs/react-test-renderer.development.js:10326:9)
      at dispatchSetStateInternal (node_modules/react-test-renderer/cjs/react-test-renderer.development.js:4148:13)
      at dispatchSetState (node_modules/react-test-renderer/cjs/react-test-renderer.development.js:4107:7)
      at setStateLoaded (hooks/useSeedVerification.js:46:9)
      at asyncGeneratorStep (node_modules/@babel/runtime/helpers/asyncToGenerator.js:3:17)
      at _next (node_modules/@babel/runtime/helpers/asyncToGenerator.js:17:9)

    console.error
      The current testing environment is not configured to support act(...)

      114 |       }
      115 |     }
    > 116 |     setRequiredIndices(indices.sort((a, b) => a - b));
          |     ^
      117 |
      118 |     // Generate multiple choice options for each word
      119 |     const choices = {};

      at isConcurrentActEnvironment (node_modules/react-test-renderer/cjs/react-test-renderer.development.js:10243:17)
      at warnIfUpdatesNotWrappedWithActDEV (node_modules/react-test-renderer/cjs/react-test-renderer.development.js:11798:7)
      at scheduleUpdateOnFiber (node_modules/react-test-renderer/cjs/react-test-renderer.development.js:10326:9)
      at dispatchSetStateInternal (node_modules/react-test-renderer/cjs/react-test-renderer.development.js:4148:13)
      at dispatchSetState (node_modules/react-test-renderer/cjs/react-test-renderer.development.js:4107:7)
      at Object.setRequiredIndices [as proceedToVerification] (hooks/useSeedVerification.js:116:5)
      at proceedToVerification (hooks/__tests__/useSeedVerification.test.js:474:26)
      at process.env.NODE_ENV.exports.act (node_modules/react/cjs/react.development.js:789:22)
      at hooks/__tests__/useSeedVerification.test.js:473:12
      at Object.<anonymous> (node_modules/expect/build/index.js:1824:9)
      at Object.throwingMatcher [as toThrow] (node_modules/expect/build/index.js:2235:93)
      at Object.toThrow (hooks/__tests__/useSeedVerification.test.js:476:14)
      at asyncGeneratorStep (node_modules/@babel/runtime/helpers/asyncToGenerator.js:3:17)
      at _next (node_modules/@babel/runtime/helpers/asyncToGenerator.js:17:9)

    console.error
      The current testing environment is not configured to support act(...)

      121 |       choices[index] = generateChoicesForWord(tempMnemonicWords[index], tempMnemonicWords);
      122 |     });
    > 123 |     setWordChoices(choices);
          |     ^
      124 |     setVerificationWords({});
      125 |     setShowingSeeds(false);
      126 |     setVerifyingSeeds(true);

      at isConcurrentActEnvironment (node_modules/react-test-renderer/cjs/react-test-renderer.development.js:10243:17)
      at warnIfUpdatesNotWrappedWithActDEV (node_modules/react-test-renderer/cjs/react-test-renderer.development.js:11798:7)
      at scheduleUpdateOnFiber (node_modules/react-test-renderer/cjs/react-test-renderer.development.js:10326:9)
      at dispatchSetStateInternal (node_modules/react-test-renderer/cjs/react-test-renderer.development.js:4148:13)
      at dispatchSetState (node_modules/react-test-renderer/cjs/react-test-renderer.development.js:4107:7)
      at Object.setWordChoices [as proceedToVerification] (hooks/useSeedVerification.js:123:5)
      at proceedToVerification (hooks/__tests__/useSeedVerification.test.js:474:26)
      at process.env.NODE_ENV.exports.act (node_modules/react/cjs/react.development.js:789:22)
      at hooks/__tests__/useSeedVerification.test.js:473:12
      at Object.<anonymous> (node_modules/expect/build/index.js:1824:9)
      at Object.throwingMatcher [as toThrow] (node_modules/expect/build/index.js:2235:93)
      at Object.toThrow (hooks/__tests__/useSeedVerification.test.js:476:14)
      at asyncGeneratorStep (node_modules/@babel/runtime/helpers/asyncToGenerator.js:3:17)
      at _next (node_modules/@babel/runtime/helpers/asyncToGenerator.js:17:9)

    console.error
      The current testing environment is not configured to support act(...)

      122 |     });
      123 |     setWordChoices(choices);
    > 124 |     setVerificationWords({});
          |     ^
      125 |     setShowingSeeds(false);
      126 |     setVerifyingSeeds(true);
      127 |   };

      at isConcurrentActEnvironment (node_modules/react-test-renderer/cjs/react-test-renderer.development.js:10243:17)
      at warnIfUpdatesNotWrappedWithActDEV (node_modules/react-test-renderer/cjs/react-test-renderer.development.js:11798:7)
      at scheduleUpdateOnFiber (node_modules/react-test-renderer/cjs/react-test-renderer.development.js:10326:9)
      at dispatchSetStateInternal (node_modules/react-test-renderer/cjs/react-test-renderer.development.js:4148:13)
      at dispatchSetState (node_modules/react-test-renderer/cjs/react-test-renderer.development.js:4107:7)
      at Object.setVerificationWords [as proceedToVerification] (hooks/useSeedVerification.js:124:5)
      at proceedToVerification (hooks/__tests__/useSeedVerification.test.js:474:26)
      at process.env.NODE_ENV.exports.act (node_modules/react/cjs/react.development.js:789:22)
      at hooks/__tests__/useSeedVerification.test.js:473:12
      at Object.<anonymous> (node_modules/expect/build/index.js:1824:9)
      at Object.throwingMatcher [as toThrow] (node_modules/expect/build/index.js:2235:93)
      at Object.toThrow (hooks/__tests__/useSeedVerification.test.js:476:14)
      at asyncGeneratorStep (node_modules/@babel/runtime/helpers/asyncToGenerator.js:3:17)
      at _next (node_modules/@babel/runtime/helpers/asyncToGenerator.js:17:9)

    console.error
      The current testing environment is not configured to support act(...)

      124 |     setVerificationWords({});
      125 |     setShowingSeeds(false);
    > 126 |     setVerifyingSeeds(true);
          |     ^
      127 |   };
      128 |
      129 |   /**

      at isConcurrentActEnvironment (node_modules/react-test-renderer/cjs/react-test-renderer.development.js:10243:17)
      at warnIfUpdatesNotWrappedWithActDEV (node_modules/react-test-renderer/cjs/react-test-renderer.development.js:11798:7)
      at scheduleUpdateOnFiber (node_modules/react-test-renderer/cjs/react-test-renderer.development.js:10326:9)
      at dispatchSetStateInternal (node_modules/react-test-renderer/cjs/react-test-renderer.development.js:4148:13)
      at dispatchSetState (node_modules/react-test-renderer/cjs/react-test-renderer.development.js:4107:7)
      at Object.setVerifyingSeeds [as proceedToVerification] (hooks/useSeedVerification.js:126:5)
      at proceedToVerification (hooks/__tests__/useSeedVerification.test.js:474:26)
      at process.env.NODE_ENV.exports.act (node_modules/react/cjs/react.development.js:789:22)
      at hooks/__tests__/useSeedVerification.test.js:473:12
      at Object.<anonymous> (node_modules/expect/build/index.js:1824:9)
      at Object.throwingMatcher [as toThrow] (node_modules/expect/build/index.js:2235:93)
      at Object.toThrow (hooks/__tests__/useSeedVerification.test.js:476:14)
      at asyncGeneratorStep (node_modules/@babel/runtime/helpers/asyncToGenerator.js:3:17)
      at _next (node_modules/@babel/runtime/helpers/asyncToGenerator.js:17:9)

    console.error
      react-test-renderer is deprecated. See https://react.dev/warnings/react-test-renderer

      27 |   let component;
      28 |   act(() => {
    > 29 |     component = create(<TestComponent hookProps={initialProps} />);
         |                       ^
      30 |   });
      31 |   return {
      32 |     result,

      at process.env.NODE_ENV.exports.create (node_modules/react-test-renderer/cjs/react-test-renderer.development.js:14598:17)
      at hooks/__tests__/useSeedVerification.test.js:29:23
      at process.env.NODE_ENV.exports.act (node_modules/react/cjs/react.development.js:789:22)
      at renderHook (hooks/__tests__/useSeedVerification.test.js:28:6)
      at Object.renderHook (hooks/__tests__/useSeedVerification.test.js:482:26)

    console.error
      The current testing environment is not configured to support act(...)

      27 |   let component;
      28 |   act(() => {
    > 29 |     component = create(<TestComponent hookProps={initialProps} />);
         |                       ^
      30 |   });
      31 |   return {
      32 |     result,

      at isConcurrentActEnvironment (node_modules/react-test-renderer/cjs/react-test-renderer.development.js:10243:17)
      at warnIfUpdatesNotWrappedWithActDEV (node_modules/react-test-renderer/cjs/react-test-renderer.development.js:11798:7)
      at scheduleUpdateOnFiber (node_modules/react-test-renderer/cjs/react-test-renderer.development.js:10326:9)
      at updateContainerImpl (node_modules/react-test-renderer/cjs/react-test-renderer.development.js:12382:10)
      at updateContainer (node_modules/react-test-renderer/cjs/react-test-renderer.development.js:12326:7)
      at process.env.NODE_ENV.exports.create (node_modules/react-test-renderer/cjs/react-test-renderer.development.js:14630:7)
      at hooks/__tests__/useSeedVerification.test.js:29:23
      at process.env.NODE_ENV.exports.act (node_modules/react/cjs/react.development.js:789:22)
      at renderHook (hooks/__tests__/useSeedVerification.test.js:28:6)
      at Object.renderHook (hooks/__tests__/useSeedVerification.test.js:482:26)

    console.error
      The current testing environment is not configured to support act(...)

      114 |       }
      115 |     }
    > 116 |     setRequiredIndices(indices.sort((a, b) => a - b));
          |     ^
      117 |
      118 |     // Generate multiple choice options for each word
      119 |     const choices = {};

      at isConcurrentActEnvironment (node_modules/react-test-renderer/cjs/react-test-renderer.development.js:10243:17)
      at warnIfUpdatesNotWrappedWithActDEV (node_modules/react-test-renderer/cjs/react-test-renderer.development.js:11798:7)
      at scheduleUpdateOnFiber (node_modules/react-test-renderer/cjs/react-test-renderer.development.js:10326:9)
      at dispatchSetStateInternal (node_modules/react-test-renderer/cjs/react-test-renderer.development.js:4148:13)
      at dispatchSetState (node_modules/react-test-renderer/cjs/react-test-renderer.development.js:4107:7)
      at Object.setRequiredIndices [as proceedToVerification] (hooks/useSeedVerification.js:116:5)
      at proceedToVerification (hooks/__tests__/useSeedVerification.test.js:487:24)
      at process.env.NODE_ENV.exports.act (node_modules/react/cjs/react.development.js:789:22)
      at Object.<anonymous> (hooks/__tests__/useSeedVerification.test.js:486:10)

    console.error
      The current testing environment is not configured to support act(...)

      121 |       choices[index] = generateChoicesForWord(tempMnemonicWords[index], tempMnemonicWords);
      122 |     });
    > 123 |     setWordChoices(choices);
          |     ^
      124 |     setVerificationWords({});
      125 |     setShowingSeeds(false);
      126 |     setVerifyingSeeds(true);

      at isConcurrentActEnvironment (node_modules/react-test-renderer/cjs/react-test-renderer.development.js:10243:17)
      at warnIfUpdatesNotWrappedWithActDEV (node_modules/react-test-renderer/cjs/react-test-renderer.development.js:11798:7)
      at scheduleUpdateOnFiber (node_modules/react-test-renderer/cjs/react-test-renderer.development.js:10326:9)
      at dispatchSetStateInternal (node_modules/react-test-renderer/cjs/react-test-renderer.development.js:4148:13)
      at dispatchSetState (node_modules/react-test-renderer/cjs/react-test-renderer.development.js:4107:7)
      at Object.setWordChoices [as proceedToVerification] (hooks/useSeedVerification.js:123:5)
      at proceedToVerification (hooks/__tests__/useSeedVerification.test.js:487:24)
      at process.env.NODE_ENV.exports.act (node_modules/react/cjs/react.development.js:789:22)
      at Object.<anonymous> (hooks/__tests__/useSeedVerification.test.js:486:10)

    console.error
      The current testing environment is not configured to support act(...)

      122 |     });
      123 |     setWordChoices(choices);
    > 124 |     setVerificationWords({});
          |     ^
      125 |     setShowingSeeds(false);
      126 |     setVerifyingSeeds(true);
      127 |   };

      at isConcurrentActEnvironment (node_modules/react-test-renderer/cjs/react-test-renderer.development.js:10243:17)
      at warnIfUpdatesNotWrappedWithActDEV (node_modules/react-test-renderer/cjs/react-test-renderer.development.js:11798:7)
      at scheduleUpdateOnFiber (node_modules/react-test-renderer/cjs/react-test-renderer.development.js:10326:9)
      at dispatchSetStateInternal (node_modules/react-test-renderer/cjs/react-test-renderer.development.js:4148:13)
      at dispatchSetState (node_modules/react-test-renderer/cjs/react-test-renderer.development.js:4107:7)
      at Object.setVerificationWords [as proceedToVerification] (hooks/useSeedVerification.js:124:5)
      at proceedToVerification (hooks/__tests__/useSeedVerification.test.js:487:24)
      at process.env.NODE_ENV.exports.act (node_modules/react/cjs/react.development.js:789:22)
      at Object.<anonymous> (hooks/__tests__/useSeedVerification.test.js:486:10)

    console.error
      The current testing environment is not configured to support act(...)

      124 |     setVerificationWords({});
      125 |     setShowingSeeds(false);
    > 126 |     setVerifyingSeeds(true);
          |     ^
      127 |   };
      128 |
      129 |   /**

      at isConcurrentActEnvironment (node_modules/react-test-renderer/cjs/react-test-renderer.development.js:10243:17)
      at warnIfUpdatesNotWrappedWithActDEV (node_modules/react-test-renderer/cjs/react-test-renderer.development.js:11798:7)
      at scheduleUpdateOnFiber (node_modules/react-test-renderer/cjs/react-test-renderer.development.js:10326:9)
      at dispatchSetStateInternal (node_modules/react-test-renderer/cjs/react-test-renderer.development.js:4148:13)
      at dispatchSetState (node_modules/react-test-renderer/cjs/react-test-renderer.development.js:4107:7)
      at Object.setVerifyingSeeds [as proceedToVerification] (hooks/useSeedVerification.js:126:5)
      at proceedToVerification (hooks/__tests__/useSeedVerification.test.js:487:24)
      at process.env.NODE_ENV.exports.act (node_modules/react/cjs/react.development.js:789:22)
      at Object.<anonymous> (hooks/__tests__/useSeedVerification.test.js:486:10)

    console.error
      react-test-renderer is deprecated. See https://react.dev/warnings/react-test-renderer

      27 |   let component;
      28 |   act(() => {
    > 29 |     component = create(<TestComponent hookProps={initialProps} />);
         |                       ^
      30 |   });
      31 |   return {
      32 |     result,

      at process.env.NODE_ENV.exports.create (node_modules/react-test-renderer/cjs/react-test-renderer.development.js:14598:17)
      at hooks/__tests__/useSeedVerification.test.js:29:23
      at process.env.NODE_ENV.exports.act (node_modules/react/cjs/react.development.js:789:22)
      at renderHook (hooks/__tests__/useSeedVerification.test.js:28:6)
      at Object.renderHook (hooks/__tests__/useSeedVerification.test.js:499:26)

    console.error
      The current testing environment is not configured to support act(...)

      27 |   let component;
      28 |   act(() => {
    > 29 |     component = create(<TestComponent hookProps={initialProps} />);
         |                       ^
      30 |   });
      31 |   return {
      32 |     result,

      at isConcurrentActEnvironment (node_modules/react-test-renderer/cjs/react-test-renderer.development.js:10243:17)
      at warnIfUpdatesNotWrappedWithActDEV (node_modules/react-test-renderer/cjs/react-test-renderer.development.js:11798:7)
      at scheduleUpdateOnFiber (node_modules/react-test-renderer/cjs/react-test-renderer.development.js:10326:9)
      at updateContainerImpl (node_modules/react-test-renderer/cjs/react-test-renderer.development.js:12382:10)
      at updateContainer (node_modules/react-test-renderer/cjs/react-test-renderer.development.js:12326:7)
      at process.env.NODE_ENV.exports.create (node_modules/react-test-renderer/cjs/react-test-renderer.development.js:14630:7)
      at hooks/__tests__/useSeedVerification.test.js:29:23
      at process.env.NODE_ENV.exports.act (node_modules/react/cjs/react.development.js:789:22)
      at renderHook (hooks/__tests__/useSeedVerification.test.js:28:6)
      at Object.renderHook (hooks/__tests__/useSeedVerification.test.js:499:26)

    console.error
      The current testing environment is not configured to support act(...)

      114 |       }
      115 |     }
    > 116 |     setRequiredIndices(indices.sort((a, b) => a - b));
          |     ^
      117 |
      118 |     // Generate multiple choice options for each word
      119 |     const choices = {};

      at isConcurrentActEnvironment (node_modules/react-test-renderer/cjs/react-test-renderer.development.js:10243:17)
      at warnIfUpdatesNotWrappedWithActDEV (node_modules/react-test-renderer/cjs/react-test-renderer.development.js:11798:7)
      at scheduleUpdateOnFiber (node_modules/react-test-renderer/cjs/react-test-renderer.development.js:10326:9)
      at dispatchSetStateInternal (node_modules/react-test-renderer/cjs/react-test-renderer.development.js:4148:13)
      at dispatchSetState (node_modules/react-test-renderer/cjs/react-test-renderer.development.js:4107:7)
      at Object.setRequiredIndices [as proceedToVerification] (hooks/useSeedVerification.js:116:5)
      at proceedToVerification (hooks/__tests__/useSeedVerification.test.js:504:24)
      at process.env.NODE_ENV.exports.act (node_modules/react/cjs/react.development.js:789:22)
      at Object.<anonymous> (hooks/__tests__/useSeedVerification.test.js:503:10)

    console.error
      The current testing environment is not configured to support act(...)

      121 |       choices[index] = generateChoicesForWord(tempMnemonicWords[index], tempMnemonicWords);
      122 |     });
    > 123 |     setWordChoices(choices);
          |     ^
      124 |     setVerificationWords({});
      125 |     setShowingSeeds(false);
      126 |     setVerifyingSeeds(true);

      at isConcurrentActEnvironment (node_modules/react-test-renderer/cjs/react-test-renderer.development.js:10243:17)
      at warnIfUpdatesNotWrappedWithActDEV (node_modules/react-test-renderer/cjs/react-test-renderer.development.js:11798:7)
      at scheduleUpdateOnFiber (node_modules/react-test-renderer/cjs/react-test-renderer.development.js:10326:9)
      at dispatchSetStateInternal (node_modules/react-test-renderer/cjs/react-test-renderer.development.js:4148:13)
      at dispatchSetState (node_modules/react-test-renderer/cjs/react-test-renderer.development.js:4107:7)
      at Object.setWordChoices [as proceedToVerification] (hooks/useSeedVerification.js:123:5)
      at proceedToVerification (hooks/__tests__/useSeedVerification.test.js:504:24)
      at process.env.NODE_ENV.exports.act (node_modules/react/cjs/react.development.js:789:22)
      at Object.<anonymous> (hooks/__tests__/useSeedVerification.test.js:503:10)

    console.error
      The current testing environment is not configured to support act(...)

      122 |     });
      123 |     setWordChoices(choices);
    > 124 |     setVerificationWords({});
          |     ^
      125 |     setShowingSeeds(false);
      126 |     setVerifyingSeeds(true);
      127 |   };

      at isConcurrentActEnvironment (node_modules/react-test-renderer/cjs/react-test-renderer.development.js:10243:17)
      at warnIfUpdatesNotWrappedWithActDEV (node_modules/react-test-renderer/cjs/react-test-renderer.development.js:11798:7)
      at scheduleUpdateOnFiber (node_modules/react-test-renderer/cjs/react-test-renderer.development.js:10326:9)
      at dispatchSetStateInternal (node_modules/react-test-renderer/cjs/react-test-renderer.development.js:4148:13)
      at dispatchSetState (node_modules/react-test-renderer/cjs/react-test-renderer.development.js:4107:7)
      at Object.setVerificationWords [as proceedToVerification] (hooks/useSeedVerification.js:124:5)
      at proceedToVerification (hooks/__tests__/useSeedVerification.test.js:504:24)
      at process.env.NODE_ENV.exports.act (node_modules/react/cjs/react.development.js:789:22)
      at Object.<anonymous> (hooks/__tests__/useSeedVerification.test.js:503:10)

    console.error
      The current testing environment is not configured to support act(...)

      124 |     setVerificationWords({});
      125 |     setShowingSeeds(false);
    > 126 |     setVerifyingSeeds(true);
          |     ^
      127 |   };
      128 |
      129 |   /**

      at isConcurrentActEnvironment (node_modules/react-test-renderer/cjs/react-test-renderer.development.js:10243:17)
      at warnIfUpdatesNotWrappedWithActDEV (node_modules/react-test-renderer/cjs/react-test-renderer.development.js:11798:7)
      at scheduleUpdateOnFiber (node_modules/react-test-renderer/cjs/react-test-renderer.development.js:10326:9)
      at dispatchSetStateInternal (node_modules/react-test-renderer/cjs/react-test-renderer.development.js:4148:13)
      at dispatchSetState (node_modules/react-test-renderer/cjs/react-test-renderer.development.js:4107:7)
      at Object.setVerifyingSeeds [as proceedToVerification] (hooks/useSeedVerification.js:126:5)
      at proceedToVerification (hooks/__tests__/useSeedVerification.test.js:504:24)
      at process.env.NODE_ENV.exports.act (node_modules/react/cjs/react.development.js:789:22)
      at Object.<anonymous> (hooks/__tests__/useSeedVerification.test.js:503:10)

    console.error
      react-test-renderer is deprecated. See https://react.dev/warnings/react-test-renderer

      27 |   let component;
      28 |   act(() => {
    > 29 |     component = create(<TestComponent hookProps={initialProps} />);
         |                       ^
      30 |   });
      31 |   return {
      32 |     result,

      at process.env.NODE_ENV.exports.create (node_modules/react-test-renderer/cjs/react-test-renderer.development.js:14598:17)
      at hooks/__tests__/useSeedVerification.test.js:29:23
      at process.env.NODE_ENV.exports.act (node_modules/react/cjs/react.development.js:789:22)
      at renderHook (hooks/__tests__/useSeedVerification.test.js:28:6)
      at Object.renderHook (hooks/__tests__/useSeedVerification.test.js:527:26)
      at asyncGeneratorStep (node_modules/@babel/runtime/helpers/asyncToGenerator.js:3:17)
      at _next (node_modules/@babel/runtime/helpers/asyncToGenerator.js:17:9)
      at node_modules/@babel/runtime/helpers/asyncToGenerator.js:22:7
      at Object.<anonymous> (node_modules/@babel/runtime/helpers/asyncToGenerator.js:14:12)

    console.error
      The current testing environment is not configured to support act(...)

      27 |   let component;
      28 |   act(() => {
    > 29 |     component = create(<TestComponent hookProps={initialProps} />);
         |                       ^
      30 |   });
      31 |   return {
      32 |     result,

      at isConcurrentActEnvironment (node_modules/react-test-renderer/cjs/react-test-renderer.development.js:10243:17)
      at warnIfUpdatesNotWrappedWithActDEV (node_modules/react-test-renderer/cjs/react-test-renderer.development.js:11798:7)
      at scheduleUpdateOnFiber (node_modules/react-test-renderer/cjs/react-test-renderer.development.js:10326:9)
      at updateContainerImpl (node_modules/react-test-renderer/cjs/react-test-renderer.development.js:12382:10)
      at updateContainer (node_modules/react-test-renderer/cjs/react-test-renderer.development.js:12326:7)
      at process.env.NODE_ENV.exports.create (node_modules/react-test-renderer/cjs/react-test-renderer.development.js:14630:7)
      at hooks/__tests__/useSeedVerification.test.js:29:23
      at process.env.NODE_ENV.exports.act (node_modules/react/cjs/react.development.js:789:22)
      at renderHook (hooks/__tests__/useSeedVerification.test.js:28:6)
      at Object.renderHook (hooks/__tests__/useSeedVerification.test.js:527:26)
      at asyncGeneratorStep (node_modules/@babel/runtime/helpers/asyncToGenerator.js:3:17)
      at _next (node_modules/@babel/runtime/helpers/asyncToGenerator.js:17:9)
      at node_modules/@babel/runtime/helpers/asyncToGenerator.js:22:7
      at Object.<anonymous> (node_modules/@babel/runtime/helpers/asyncToGenerator.js:14:12)

    console.error
      The current testing environment is not configured to support act(...)

      36 |           const state = JSON.parse(savedState);
      37 |
    > 38 |           if (state.verifyingSeeds !== undefined) setVerifyingSeeds(state.verifyingSeeds);
         |                                                   ^
      39 |           if (state.verificationWords) setVerificationWords(state.verificationWords);
      40 |           if (state.requiredIndices) setRequiredIndices(state.requiredIndices);
      41 |           if (state.wordChoices) setWordChoices(state.wordChoices);

      at isConcurrentActEnvironment (node_modules/react-test-renderer/cjs/react-test-renderer.development.js:10243:17)
      at warnIfUpdatesNotWrappedWithActDEV (node_modules/react-test-renderer/cjs/react-test-renderer.development.js:11798:7)
      at scheduleUpdateOnFiber (node_modules/react-test-renderer/cjs/react-test-renderer.development.js:10326:9)
      at dispatchSetStateInternal (node_modules/react-test-renderer/cjs/react-test-renderer.development.js:4148:13)
      at dispatchSetState (node_modules/react-test-renderer/cjs/react-test-renderer.development.js:4107:7)
      at setVerifyingSeeds (hooks/useSeedVerification.js:38:51)
      at asyncGeneratorStep (node_modules/@babel/runtime/helpers/asyncToGenerator.js:3:17)
      at _next (node_modules/@babel/runtime/helpers/asyncToGenerator.js:17:9)

    console.error
      The current testing environment is not configured to support act(...)

      37 |
      38 |           if (state.verifyingSeeds !== undefined) setVerifyingSeeds(state.verifyingSeeds);
    > 39 |           if (state.verificationWords) setVerificationWords(state.verificationWords);
         |                                        ^
      40 |           if (state.requiredIndices) setRequiredIndices(state.requiredIndices);
      41 |           if (state.wordChoices) setWordChoices(state.wordChoices);
      42 |         }

      at isConcurrentActEnvironment (node_modules/react-test-renderer/cjs/react-test-renderer.development.js:10243:17)
      at warnIfUpdatesNotWrappedWithActDEV (node_modules/react-test-renderer/cjs/react-test-renderer.development.js:11798:7)
      at scheduleUpdateOnFiber (node_modules/react-test-renderer/cjs/react-test-renderer.development.js:10326:9)
      at dispatchSetStateInternal (node_modules/react-test-renderer/cjs/react-test-renderer.development.js:4148:13)
      at dispatchSetState (node_modules/react-test-renderer/cjs/react-test-renderer.development.js:4107:7)
      at setVerificationWords (hooks/useSeedVerification.js:39:40)
      at asyncGeneratorStep (node_modules/@babel/runtime/helpers/asyncToGenerator.js:3:17)
      at _next (node_modules/@babel/runtime/helpers/asyncToGenerator.js:17:9)

    console.error
      The current testing environment is not configured to support act(...)

      38 |           if (state.verifyingSeeds !== undefined) setVerifyingSeeds(state.verifyingSeeds);
      39 |           if (state.verificationWords) setVerificationWords(state.verificationWords);
    > 40 |           if (state.requiredIndices) setRequiredIndices(state.requiredIndices);
         |                                      ^
      41 |           if (state.wordChoices) setWordChoices(state.wordChoices);
      42 |         }
      43 |       } catch (error) {

      at isConcurrentActEnvironment (node_modules/react-test-renderer/cjs/react-test-renderer.development.js:10243:17)
      at warnIfUpdatesNotWrappedWithActDEV (node_modules/react-test-renderer/cjs/react-test-renderer.development.js:11798:7)
      at scheduleUpdateOnFiber (node_modules/react-test-renderer/cjs/react-test-renderer.development.js:10326:9)
      at dispatchSetStateInternal (node_modules/react-test-renderer/cjs/react-test-renderer.development.js:4148:13)
      at dispatchSetState (node_modules/react-test-renderer/cjs/react-test-renderer.development.js:4107:7)
      at setRequiredIndices (hooks/useSeedVerification.js:40:38)
      at asyncGeneratorStep (node_modules/@babel/runtime/helpers/asyncToGenerator.js:3:17)
      at _next (node_modules/@babel/runtime/helpers/asyncToGenerator.js:17:9)

    console.error
      The current testing environment is not configured to support act(...)

      39 |           if (state.verificationWords) setVerificationWords(state.verificationWords);
      40 |           if (state.requiredIndices) setRequiredIndices(state.requiredIndices);
    > 41 |           if (state.wordChoices) setWordChoices(state.wordChoices);
         |                                  ^
      42 |         }
      43 |       } catch (error) {
      44 |         // Silently fail

      at isConcurrentActEnvironment (node_modules/react-test-renderer/cjs/react-test-renderer.development.js:10243:17)
      at warnIfUpdatesNotWrappedWithActDEV (node_modules/react-test-renderer/cjs/react-test-renderer.development.js:11798:7)
      at scheduleUpdateOnFiber (node_modules/react-test-renderer/cjs/react-test-renderer.development.js:10326:9)
      at dispatchSetStateInternal (node_modules/react-test-renderer/cjs/react-test-renderer.development.js:4148:13)
      at dispatchSetState (node_modules/react-test-renderer/cjs/react-test-renderer.development.js:4107:7)
      at setWordChoices (hooks/useSeedVerification.js:41:34)
      at asyncGeneratorStep (node_modules/@babel/runtime/helpers/asyncToGenerator.js:3:17)
      at _next (node_modules/@babel/runtime/helpers/asyncToGenerator.js:17:9)

    console.error
      The current testing environment is not configured to support act(...)

      44 |         // Silently fail
      45 |       } finally {
    > 46 |         setStateLoaded(true);
         |         ^
      47 |       }
      48 |     };
      49 |

      at isConcurrentActEnvironment (node_modules/react-test-renderer/cjs/react-test-renderer.development.js:10243:17)
      at warnIfUpdatesNotWrappedWithActDEV (node_modules/react-test-renderer/cjs/react-test-renderer.development.js:11798:7)
      at scheduleUpdateOnFiber (node_modules/react-test-renderer/cjs/react-test-renderer.development.js:10326:9)
      at dispatchSetStateInternal (node_modules/react-test-renderer/cjs/react-test-renderer.development.js:4148:13)
      at dispatchSetState (node_modules/react-test-renderer/cjs/react-test-renderer.development.js:4107:7)
      at setStateLoaded (hooks/useSeedVerification.js:46:9)
      at asyncGeneratorStep (node_modules/@babel/runtime/helpers/asyncToGenerator.js:3:17)
      at _next (node_modules/@babel/runtime/helpers/asyncToGenerator.js:17:9)

    console.error
      react-test-renderer is deprecated. See https://react.dev/warnings/react-test-renderer

      27 |   let component;
      28 |   act(() => {
    > 29 |     component = create(<TestComponent hookProps={initialProps} />);
         |                       ^
      30 |   });
      31 |   return {
      32 |     result,

      at process.env.NODE_ENV.exports.create (node_modules/react-test-renderer/cjs/react-test-renderer.development.js:14598:17)
      at hooks/__tests__/useSeedVerification.test.js:29:23
      at process.env.NODE_ENV.exports.act (node_modules/react/cjs/react.development.js:789:22)
      at renderHook (hooks/__tests__/useSeedVerification.test.js:28:6)
      at Object.renderHook (hooks/__tests__/useSeedVerification.test.js:543:26)

    console.error
      The current testing environment is not configured to support act(...)

      27 |   let component;
      28 |   act(() => {
    > 29 |     component = create(<TestComponent hookProps={initialProps} />);
         |                       ^
      30 |   });
      31 |   return {
      32 |     result,

      at isConcurrentActEnvironment (node_modules/react-test-renderer/cjs/react-test-renderer.development.js:10243:17)
      at warnIfUpdatesNotWrappedWithActDEV (node_modules/react-test-renderer/cjs/react-test-renderer.development.js:11798:7)
      at scheduleUpdateOnFiber (node_modules/react-test-renderer/cjs/react-test-renderer.development.js:10326:9)
      at updateContainerImpl (node_modules/react-test-renderer/cjs/react-test-renderer.development.js:12382:10)
      at updateContainer (node_modules/react-test-renderer/cjs/react-test-renderer.development.js:12326:7)
      at process.env.NODE_ENV.exports.create (node_modules/react-test-renderer/cjs/react-test-renderer.development.js:14630:7)
      at hooks/__tests__/useSeedVerification.test.js:29:23
      at process.env.NODE_ENV.exports.act (node_modules/react/cjs/react.development.js:789:22)
      at renderHook (hooks/__tests__/useSeedVerification.test.js:28:6)
      at Object.renderHook (hooks/__tests__/useSeedVerification.test.js:543:26)

    console.error
      The current testing environment is not configured to support act(...)

      114 |       }
      115 |     }
    > 116 |     setRequiredIndices(indices.sort((a, b) => a - b));
          |     ^
      117 |
      118 |     // Generate multiple choice options for each word
      119 |     const choices = {};

      at isConcurrentActEnvironment (node_modules/react-test-renderer/cjs/react-test-renderer.development.js:10243:17)
      at warnIfUpdatesNotWrappedWithActDEV (node_modules/react-test-renderer/cjs/react-test-renderer.development.js:11798:7)
      at scheduleUpdateOnFiber (node_modules/react-test-renderer/cjs/react-test-renderer.development.js:10326:9)
      at dispatchSetStateInternal (node_modules/react-test-renderer/cjs/react-test-renderer.development.js:4148:13)
      at dispatchSetState (node_modules/react-test-renderer/cjs/react-test-renderer.development.js:4107:7)
      at Object.setRequiredIndices [as proceedToVerification] (hooks/useSeedVerification.js:116:5)
      at proceedToVerification (hooks/__tests__/useSeedVerification.test.js:548:24)
      at process.env.NODE_ENV.exports.act (node_modules/react/cjs/react.development.js:789:22)
      at Object.<anonymous> (hooks/__tests__/useSeedVerification.test.js:547:10)

    console.error
      The current testing environment is not configured to support act(...)

      121 |       choices[index] = generateChoicesForWord(tempMnemonicWords[index], tempMnemonicWords);
      122 |     });
    > 123 |     setWordChoices(choices);
          |     ^
      124 |     setVerificationWords({});
      125 |     setShowingSeeds(false);
      126 |     setVerifyingSeeds(true);

      at isConcurrentActEnvironment (node_modules/react-test-renderer/cjs/react-test-renderer.development.js:10243:17)
      at warnIfUpdatesNotWrappedWithActDEV (node_modules/react-test-renderer/cjs/react-test-renderer.development.js:11798:7)
      at scheduleUpdateOnFiber (node_modules/react-test-renderer/cjs/react-test-renderer.development.js:10326:9)
      at dispatchSetStateInternal (node_modules/react-test-renderer/cjs/react-test-renderer.development.js:4148:13)
      at dispatchSetState (node_modules/react-test-renderer/cjs/react-test-renderer.development.js:4107:7)
      at Object.setWordChoices [as proceedToVerification] (hooks/useSeedVerification.js:123:5)
      at proceedToVerification (hooks/__tests__/useSeedVerification.test.js:548:24)
      at process.env.NODE_ENV.exports.act (node_modules/react/cjs/react.development.js:789:22)
      at Object.<anonymous> (hooks/__tests__/useSeedVerification.test.js:547:10)

    console.error
      The current testing environment is not configured to support act(...)

      122 |     });
      123 |     setWordChoices(choices);
    > 124 |     setVerificationWords({});
          |     ^
      125 |     setShowingSeeds(false);
      126 |     setVerifyingSeeds(true);
      127 |   };

      at isConcurrentActEnvironment (node_modules/react-test-renderer/cjs/react-test-renderer.development.js:10243:17)
      at warnIfUpdatesNotWrappedWithActDEV (node_modules/react-test-renderer/cjs/react-test-renderer.development.js:11798:7)
      at scheduleUpdateOnFiber (node_modules/react-test-renderer/cjs/react-test-renderer.development.js:10326:9)
      at dispatchSetStateInternal (node_modules/react-test-renderer/cjs/react-test-renderer.development.js:4148:13)
      at dispatchSetState (node_modules/react-test-renderer/cjs/react-test-renderer.development.js:4107:7)
      at Object.setVerificationWords [as proceedToVerification] (hooks/useSeedVerification.js:124:5)
      at proceedToVerification (hooks/__tests__/useSeedVerification.test.js:548:24)
      at process.env.NODE_ENV.exports.act (node_modules/react/cjs/react.development.js:789:22)
      at Object.<anonymous> (hooks/__tests__/useSeedVerification.test.js:547:10)

    console.error
      The current testing environment is not configured to support act(...)

      124 |     setVerificationWords({});
      125 |     setShowingSeeds(false);
    > 126 |     setVerifyingSeeds(true);
          |     ^
      127 |   };
      128 |
      129 |   /**

      at isConcurrentActEnvironment (node_modules/react-test-renderer/cjs/react-test-renderer.development.js:10243:17)
      at warnIfUpdatesNotWrappedWithActDEV (node_modules/react-test-renderer/cjs/react-test-renderer.development.js:11798:7)
      at scheduleUpdateOnFiber (node_modules/react-test-renderer/cjs/react-test-renderer.development.js:10326:9)
      at dispatchSetStateInternal (node_modules/react-test-renderer/cjs/react-test-renderer.development.js:4148:13)
      at dispatchSetState (node_modules/react-test-renderer/cjs/react-test-renderer.development.js:4107:7)
      at Object.setVerifyingSeeds [as proceedToVerification] (hooks/useSeedVerification.js:126:5)
      at proceedToVerification (hooks/__tests__/useSeedVerification.test.js:548:24)
      at process.env.NODE_ENV.exports.act (node_modules/react/cjs/react.development.js:789:22)
      at Object.<anonymous> (hooks/__tests__/useSeedVerification.test.js:547:10)

    console.error
      The current testing environment is not configured to support act(...)

      557 |
      558 |       act(() => {
    > 559 |         result.current.setVerificationWords(wrongWords);
          |                        ^
      560 |       });
      561 |
      562 |       act(() => {

      at isConcurrentActEnvironment (node_modules/react-test-renderer/cjs/react-test-renderer.development.js:10243:17)
      at warnIfUpdatesNotWrappedWithActDEV (node_modules/react-test-renderer/cjs/react-test-renderer.development.js:11798:7)
      at scheduleUpdateOnFiber (node_modules/react-test-renderer/cjs/react-test-renderer.development.js:10326:9)
      at dispatchSetStateInternal (node_modules/react-test-renderer/cjs/react-test-renderer.development.js:4148:13)
      at dispatchSetState (node_modules/react-test-renderer/cjs/react-test-renderer.development.js:4107:7)
      at setVerificationWords (hooks/__tests__/useSeedVerification.test.js:559:24)
      at process.env.NODE_ENV.exports.act (node_modules/react/cjs/react.development.js:789:22)
      at Object.<anonymous> (hooks/__tests__/useSeedVerification.test.js:558:10)

    console.error
      The current testing environment is not configured to support act(...)

      157 |     } else {
      158 |       showToast(ERRORS.SEED_PHRASE_INCORRECT, 'error');
    > 159 |       setVerificationWords({});
          |       ^
      160 |     }
      161 |   };
      162 |

      at isConcurrentActEnvironment (node_modules/react-test-renderer/cjs/react-test-renderer.development.js:10243:17)
      at warnIfUpdatesNotWrappedWithActDEV (node_modules/react-test-renderer/cjs/react-test-renderer.development.js:11798:7)
      at scheduleUpdateOnFiber (node_modules/react-test-renderer/cjs/react-test-renderer.development.js:10326:9)
      at dispatchSetStateInternal (node_modules/react-test-renderer/cjs/react-test-renderer.development.js:4148:13)
      at dispatchSetState (node_modules/react-test-renderer/cjs/react-test-renderer.development.js:4107:7)
      at Object.setVerificationWords [as verifySeeds] (hooks/useSeedVerification.js:159:7)
      at verifySeeds (hooks/__tests__/useSeedVerification.test.js:563:24)
      at process.env.NODE_ENV.exports.act (node_modules/react/cjs/react.development.js:789:22)
      at Object.<anonymous> (hooks/__tests__/useSeedVerification.test.js:562:10)

PASS components/wallet/__tests__/AssetCard.test.js
PASS services/transaction/__tests__/runesTransaction.test.js
PASS utils/__tests__/sendHelpers.test.js
PASS hooks/__tests__/useReviewScreenData.test.js
  ● Console

    console.error
      react-test-renderer is deprecated. See https://react.dev/warnings/react-test-renderer

      16 |   let component;
      17 |   act(() => {
    > 18 |     component = create(<TestComponent />);
         |                       ^
      19 |   });
      20 |   return {
      21 |     result,

      at process.env.NODE_ENV.exports.create (node_modules/react-test-renderer/cjs/react-test-renderer.development.js:14598:17)
      at hooks/__tests__/useReviewScreenData.test.js:18:23
      at process.env.NODE_ENV.exports.act (node_modules/react/cjs/react.development.js:789:22)
      at renderHook (hooks/__tests__/useReviewScreenData.test.js:17:6)
      at Object.renderHook (hooks/__tests__/useReviewScreenData.test.js:84:24)

    console.error
      The current testing environment is not configured to support act(...)

      16 |   let component;
      17 |   act(() => {
    > 18 |     component = create(<TestComponent />);
         |                       ^
      19 |   });
      20 |   return {
      21 |     result,

      at isConcurrentActEnvironment (node_modules/react-test-renderer/cjs/react-test-renderer.development.js:10243:17)
      at warnIfUpdatesNotWrappedWithActDEV (node_modules/react-test-renderer/cjs/react-test-renderer.development.js:11798:7)
      at scheduleUpdateOnFiber (node_modules/react-test-renderer/cjs/react-test-renderer.development.js:10326:9)
      at updateContainerImpl (node_modules/react-test-renderer/cjs/react-test-renderer.development.js:12382:10)
      at updateContainer (node_modules/react-test-renderer/cjs/react-test-renderer.development.js:12326:7)
      at process.env.NODE_ENV.exports.create (node_modules/react-test-renderer/cjs/react-test-renderer.development.js:14630:7)
      at hooks/__tests__/useReviewScreenData.test.js:18:23
      at process.env.NODE_ENV.exports.act (node_modules/react/cjs/react.development.js:789:22)
      at renderHook (hooks/__tests__/useReviewScreenData.test.js:17:6)
      at Object.renderHook (hooks/__tests__/useReviewScreenData.test.js:84:24)

    console.error
      react-test-renderer is deprecated. See https://react.dev/warnings/react-test-renderer

      16 |   let component;
      17 |   act(() => {
    > 18 |     component = create(<TestComponent />);
         |                       ^
      19 |   });
      20 |   return {
      21 |     result,

      at process.env.NODE_ENV.exports.create (node_modules/react-test-renderer/cjs/react-test-renderer.development.js:14598:17)
      at hooks/__tests__/useReviewScreenData.test.js:18:23
      at process.env.NODE_ENV.exports.act (node_modules/react/cjs/react.development.js:789:22)
      at renderHook (hooks/__tests__/useReviewScreenData.test.js:17:6)
      at Object.renderHook (hooks/__tests__/useReviewScreenData.test.js:92:24)

    console.error
      The current testing environment is not configured to support act(...)

      16 |   let component;
      17 |   act(() => {
    > 18 |     component = create(<TestComponent />);
         |                       ^
      19 |   });
      20 |   return {
      21 |     result,

      at isConcurrentActEnvironment (node_modules/react-test-renderer/cjs/react-test-renderer.development.js:10243:17)
      at warnIfUpdatesNotWrappedWithActDEV (node_modules/react-test-renderer/cjs/react-test-renderer.development.js:11798:7)
      at scheduleUpdateOnFiber (node_modules/react-test-renderer/cjs/react-test-renderer.development.js:10326:9)
      at updateContainerImpl (node_modules/react-test-renderer/cjs/react-test-renderer.development.js:12382:10)
      at updateContainer (node_modules/react-test-renderer/cjs/react-test-renderer.development.js:12326:7)
      at process.env.NODE_ENV.exports.create (node_modules/react-test-renderer/cjs/react-test-renderer.development.js:14630:7)
      at hooks/__tests__/useReviewScreenData.test.js:18:23
      at process.env.NODE_ENV.exports.act (node_modules/react/cjs/react.development.js:789:22)
      at renderHook (hooks/__tests__/useReviewScreenData.test.js:17:6)
      at Object.renderHook (hooks/__tests__/useReviewScreenData.test.js:92:24)

    console.error
      react-test-renderer is deprecated. See https://react.dev/warnings/react-test-renderer

      16 |   let component;
      17 |   act(() => {
    > 18 |     component = create(<TestComponent />);
         |                       ^
      19 |   });
      20 |   return {
      21 |     result,

      at process.env.NODE_ENV.exports.create (node_modules/react-test-renderer/cjs/react-test-renderer.development.js:14598:17)
      at hooks/__tests__/useReviewScreenData.test.js:18:23
      at process.env.NODE_ENV.exports.act (node_modules/react/cjs/react.development.js:789:22)
      at renderHook (hooks/__tests__/useReviewScreenData.test.js:17:6)
      at Object.renderHook (hooks/__tests__/useReviewScreenData.test.js:98:24)

    console.error
      The current testing environment is not configured to support act(...)

      16 |   let component;
      17 |   act(() => {
    > 18 |     component = create(<TestComponent />);
         |                       ^
      19 |   });
      20 |   return {
      21 |     result,

      at isConcurrentActEnvironment (node_modules/react-test-renderer/cjs/react-test-renderer.development.js:10243:17)
      at warnIfUpdatesNotWrappedWithActDEV (node_modules/react-test-renderer/cjs/react-test-renderer.development.js:11798:7)
      at scheduleUpdateOnFiber (node_modules/react-test-renderer/cjs/react-test-renderer.development.js:10326:9)
      at updateContainerImpl (node_modules/react-test-renderer/cjs/react-test-renderer.development.js:12382:10)
      at updateContainer (node_modules/react-test-renderer/cjs/react-test-renderer.development.js:12326:7)
      at process.env.NODE_ENV.exports.create (node_modules/react-test-renderer/cjs/react-test-renderer.development.js:14630:7)
      at hooks/__tests__/useReviewScreenData.test.js:18:23
      at process.env.NODE_ENV.exports.act (node_modules/react/cjs/react.development.js:789:22)
      at renderHook (hooks/__tests__/useReviewScreenData.test.js:17:6)
      at Object.renderHook (hooks/__tests__/useReviewScreenData.test.js:98:24)

    console.error
      react-test-renderer is deprecated. See https://react.dev/warnings/react-test-renderer

      16 |   let component;
      17 |   act(() => {
    > 18 |     component = create(<TestComponent />);
         |                       ^
      19 |   });
      20 |   return {
      21 |     result,

      at process.env.NODE_ENV.exports.create (node_modules/react-test-renderer/cjs/react-test-renderer.development.js:14598:17)
      at hooks/__tests__/useReviewScreenData.test.js:18:23
      at process.env.NODE_ENV.exports.act (node_modules/react/cjs/react.development.js:789:22)
      at renderHook (hooks/__tests__/useReviewScreenData.test.js:17:6)
      at Object.renderHook (hooks/__tests__/useReviewScreenData.test.js:114:24)

    console.error
      The current testing environment is not configured to support act(...)

      16 |   let component;
      17 |   act(() => {
    > 18 |     component = create(<TestComponent />);
         |                       ^
      19 |   });
      20 |   return {
      21 |     result,

      at isConcurrentActEnvironment (node_modules/react-test-renderer/cjs/react-test-renderer.development.js:10243:17)
      at warnIfUpdatesNotWrappedWithActDEV (node_modules/react-test-renderer/cjs/react-test-renderer.development.js:11798:7)
      at scheduleUpdateOnFiber (node_modules/react-test-renderer/cjs/react-test-renderer.development.js:10326:9)
      at updateContainerImpl (node_modules/react-test-renderer/cjs/react-test-renderer.development.js:12382:10)
      at updateContainer (node_modules/react-test-renderer/cjs/react-test-renderer.development.js:12326:7)
      at process.env.NODE_ENV.exports.create (node_modules/react-test-renderer/cjs/react-test-renderer.development.js:14630:7)
      at hooks/__tests__/useReviewScreenData.test.js:18:23
      at process.env.NODE_ENV.exports.act (node_modules/react/cjs/react.development.js:789:22)
      at renderHook (hooks/__tests__/useReviewScreenData.test.js:17:6)
      at Object.renderHook (hooks/__tests__/useReviewScreenData.test.js:114:24)

    console.error
      react-test-renderer is deprecated. See https://react.dev/warnings/react-test-renderer

      16 |   let component;
      17 |   act(() => {
    > 18 |     component = create(<TestComponent />);
         |                       ^
      19 |   });
      20 |   return {
      21 |     result,

      at process.env.NODE_ENV.exports.create (node_modules/react-test-renderer/cjs/react-test-renderer.development.js:14598:17)
      at hooks/__tests__/useReviewScreenData.test.js:18:23
      at process.env.NODE_ENV.exports.act (node_modules/react/cjs/react.development.js:789:22)
      at renderHook (hooks/__tests__/useReviewScreenData.test.js:17:6)
      at Object.renderHook (hooks/__tests__/useReviewScreenData.test.js:130:24)

    console.error
      The current testing environment is not configured to support act(...)

      16 |   let component;
      17 |   act(() => {
    > 18 |     component = create(<TestComponent />);
         |                       ^
      19 |   });
      20 |   return {
      21 |     result,

      at isConcurrentActEnvironment (node_modules/react-test-renderer/cjs/react-test-renderer.development.js:10243:17)
      at warnIfUpdatesNotWrappedWithActDEV (node_modules/react-test-renderer/cjs/react-test-renderer.development.js:11798:7)
      at scheduleUpdateOnFiber (node_modules/react-test-renderer/cjs/react-test-renderer.development.js:10326:9)
      at updateContainerImpl (node_modules/react-test-renderer/cjs/react-test-renderer.development.js:12382:10)
      at updateContainer (node_modules/react-test-renderer/cjs/react-test-renderer.development.js:12326:7)
      at process.env.NODE_ENV.exports.create (node_modules/react-test-renderer/cjs/react-test-renderer.development.js:14630:7)
      at hooks/__tests__/useReviewScreenData.test.js:18:23
      at process.env.NODE_ENV.exports.act (node_modules/react/cjs/react.development.js:789:22)
      at renderHook (hooks/__tests__/useReviewScreenData.test.js:17:6)
      at Object.renderHook (hooks/__tests__/useReviewScreenData.test.js:130:24)

    console.error
      react-test-renderer is deprecated. See https://react.dev/warnings/react-test-renderer

      16 |   let component;
      17 |   act(() => {
    > 18 |     component = create(<TestComponent />);
         |                       ^
      19 |   });
      20 |   return {
      21 |     result,

      at process.env.NODE_ENV.exports.create (node_modules/react-test-renderer/cjs/react-test-renderer.development.js:14598:17)
      at hooks/__tests__/useReviewScreenData.test.js:18:23
      at process.env.NODE_ENV.exports.act (node_modules/react/cjs/react.development.js:789:22)
      at renderHook (hooks/__tests__/useReviewScreenData.test.js:17:6)
      at Object.renderHook (hooks/__tests__/useReviewScreenData.test.js:136:24)

    console.error
      The current testing environment is not configured to support act(...)

      16 |   let component;
      17 |   act(() => {
    > 18 |     component = create(<TestComponent />);
         |                       ^
      19 |   });
      20 |   return {
      21 |     result,

      at isConcurrentActEnvironment (node_modules/react-test-renderer/cjs/react-test-renderer.development.js:10243:17)
      at warnIfUpdatesNotWrappedWithActDEV (node_modules/react-test-renderer/cjs/react-test-renderer.development.js:11798:7)
      at scheduleUpdateOnFiber (node_modules/react-test-renderer/cjs/react-test-renderer.development.js:10326:9)
      at updateContainerImpl (node_modules/react-test-renderer/cjs/react-test-renderer.development.js:12382:10)
      at updateContainer (node_modules/react-test-renderer/cjs/react-test-renderer.development.js:12326:7)
      at process.env.NODE_ENV.exports.create (node_modules/react-test-renderer/cjs/react-test-renderer.development.js:14630:7)
      at hooks/__tests__/useReviewScreenData.test.js:18:23
      at process.env.NODE_ENV.exports.act (node_modules/react/cjs/react.development.js:789:22)
      at renderHook (hooks/__tests__/useReviewScreenData.test.js:17:6)
      at Object.renderHook (hooks/__tests__/useReviewScreenData.test.js:136:24)

    console.error
      The current testing environment is not configured to support act(...)

      139 |
      140 |     act(() => {
    > 141 |       result.current.setIsDetailsExpanded(true);
          |                      ^
      142 |     });
      143 |
      144 |     expect(result.current.isDetailsExpanded).toBe(true);

      at isConcurrentActEnvironment (node_modules/react-test-renderer/cjs/react-test-renderer.development.js:10243:17)
      at warnIfUpdatesNotWrappedWithActDEV (node_modules/react-test-renderer/cjs/react-test-renderer.development.js:11798:7)
      at scheduleUpdateOnFiber (node_modules/react-test-renderer/cjs/react-test-renderer.development.js:10326:9)
      at dispatchSetStateInternal (node_modules/react-test-renderer/cjs/react-test-renderer.development.js:4148:13)
      at dispatchSetState (node_modules/react-test-renderer/cjs/react-test-renderer.development.js:4107:7)
      at setIsDetailsExpanded (hooks/__tests__/useReviewScreenData.test.js:141:22)
      at process.env.NODE_ENV.exports.act (node_modules/react/cjs/react.development.js:789:22)
      at Object.<anonymous> (hooks/__tests__/useReviewScreenData.test.js:140:8)

    console.error
      react-test-renderer is deprecated. See https://react.dev/warnings/react-test-renderer

      16 |   let component;
      17 |   act(() => {
    > 18 |     component = create(<TestComponent />);
         |                       ^
      19 |   });
      20 |   return {
      21 |     result,

      at process.env.NODE_ENV.exports.create (node_modules/react-test-renderer/cjs/react-test-renderer.development.js:14598:17)
      at hooks/__tests__/useReviewScreenData.test.js:18:23
      at process.env.NODE_ENV.exports.act (node_modules/react/cjs/react.development.js:789:22)
      at renderHook (hooks/__tests__/useReviewScreenData.test.js:17:6)
      at Object.renderHook (hooks/__tests__/useReviewScreenData.test.js:148:24)

    console.error
      The current testing environment is not configured to support act(...)

      16 |   let component;
      17 |   act(() => {
    > 18 |     component = create(<TestComponent />);
         |                       ^
      19 |   });
      20 |   return {
      21 |     result,

      at isConcurrentActEnvironment (node_modules/react-test-renderer/cjs/react-test-renderer.development.js:10243:17)
      at warnIfUpdatesNotWrappedWithActDEV (node_modules/react-test-renderer/cjs/react-test-renderer.development.js:11798:7)
      at scheduleUpdateOnFiber (node_modules/react-test-renderer/cjs/react-test-renderer.development.js:10326:9)
      at updateContainerImpl (node_modules/react-test-renderer/cjs/react-test-renderer.development.js:12382:10)
      at updateContainer (node_modules/react-test-renderer/cjs/react-test-renderer.development.js:12326:7)
      at process.env.NODE_ENV.exports.create (node_modules/react-test-renderer/cjs/react-test-renderer.development.js:14630:7)
      at hooks/__tests__/useReviewScreenData.test.js:18:23
      at process.env.NODE_ENV.exports.act (node_modules/react/cjs/react.development.js:789:22)
      at renderHook (hooks/__tests__/useReviewScreenData.test.js:17:6)
      at Object.renderHook (hooks/__tests__/useReviewScreenData.test.js:148:24)

    console.error
      react-test-renderer is deprecated. See https://react.dev/warnings/react-test-renderer

      16 |   let component;
      17 |   act(() => {
    > 18 |     component = create(<TestComponent />);
         |                       ^
      19 |   });
      20 |   return {
      21 |     result,

      at process.env.NODE_ENV.exports.create (node_modules/react-test-renderer/cjs/react-test-renderer.development.js:14598:17)
      at hooks/__tests__/useReviewScreenData.test.js:18:23
      at process.env.NODE_ENV.exports.act (node_modules/react/cjs/react.development.js:789:22)
      at renderHook (hooks/__tests__/useReviewScreenData.test.js:17:6)
      at Object.renderHook (hooks/__tests__/useReviewScreenData.test.js:158:24)

    console.error
      The current testing environment is not configured to support act(...)

      16 |   let component;
      17 |   act(() => {
    > 18 |     component = create(<TestComponent />);
         |                       ^
      19 |   });
      20 |   return {
      21 |     result,

      at isConcurrentActEnvironment (node_modules/react-test-renderer/cjs/react-test-renderer.development.js:10243:17)
      at warnIfUpdatesNotWrappedWithActDEV (node_modules/react-test-renderer/cjs/react-test-renderer.development.js:11798:7)
      at scheduleUpdateOnFiber (node_modules/react-test-renderer/cjs/react-test-renderer.development.js:10326:9)
      at updateContainerImpl (node_modules/react-test-renderer/cjs/react-test-renderer.development.js:12382:10)
      at updateContainer (node_modules/react-test-renderer/cjs/react-test-renderer.development.js:12326:7)
      at process.env.NODE_ENV.exports.create (node_modules/react-test-renderer/cjs/react-test-renderer.development.js:14630:7)
      at hooks/__tests__/useReviewScreenData.test.js:18:23
      at process.env.NODE_ENV.exports.act (node_modules/react/cjs/react.development.js:789:22)
      at renderHook (hooks/__tests__/useReviewScreenData.test.js:17:6)
      at Object.renderHook (hooks/__tests__/useReviewScreenData.test.js:158:24)

    console.error
      react-test-renderer is deprecated. See https://react.dev/warnings/react-test-renderer

      16 |   let component;
      17 |   act(() => {
    > 18 |     component = create(<TestComponent />);
         |                       ^
      19 |   });
      20 |   return {
      21 |     result,

      at process.env.NODE_ENV.exports.create (node_modules/react-test-renderer/cjs/react-test-renderer.development.js:14598:17)
      at hooks/__tests__/useReviewScreenData.test.js:18:23
      at process.env.NODE_ENV.exports.act (node_modules/react/cjs/react.development.js:789:22)
      at renderHook (hooks/__tests__/useReviewScreenData.test.js:17:6)
      at Object.renderHook (hooks/__tests__/useReviewScreenData.test.js:174:24)

    console.error
      The current testing environment is not configured to support act(...)

      16 |   let component;
      17 |   act(() => {
    > 18 |     component = create(<TestComponent />);
         |                       ^
      19 |   });
      20 |   return {
      21 |     result,

      at isConcurrentActEnvironment (node_modules/react-test-renderer/cjs/react-test-renderer.development.js:10243:17)
      at warnIfUpdatesNotWrappedWithActDEV (node_modules/react-test-renderer/cjs/react-test-renderer.development.js:11798:7)
      at scheduleUpdateOnFiber (node_modules/react-test-renderer/cjs/react-test-renderer.development.js:10326:9)
      at updateContainerImpl (node_modules/react-test-renderer/cjs/react-test-renderer.development.js:12382:10)
      at updateContainer (node_modules/react-test-renderer/cjs/react-test-renderer.development.js:12326:7)
      at process.env.NODE_ENV.exports.create (node_modules/react-test-renderer/cjs/react-test-renderer.development.js:14630:7)
      at hooks/__tests__/useReviewScreenData.test.js:18:23
      at process.env.NODE_ENV.exports.act (node_modules/react/cjs/react.development.js:789:22)
      at renderHook (hooks/__tests__/useReviewScreenData.test.js:17:6)
      at Object.renderHook (hooks/__tests__/useReviewScreenData.test.js:174:24)

    console.error
      The current testing environment is not configured to support act(...)

      18 |   useEffect(() => {
      19 |     if (sendIntent?.assetType === 'UNIT' && sendIntent?.runeUtxo?.runeAmount) {
    > 20 |       setRuneUtxoBalance(sendIntent.runeUtxo.runeAmount);
         |       ^
      21 |     }
      22 |   }, [sendIntent]);
      23 |

      at isConcurrentActEnvironment (node_modules/react-test-renderer/cjs/react-test-renderer.development.js:10243:17)
      at warnIfUpdatesNotWrappedWithActDEV (node_modules/react-test-renderer/cjs/react-test-renderer.development.js:11798:7)
      at scheduleUpdateOnFiber (node_modules/react-test-renderer/cjs/react-test-renderer.development.js:10326:9)
      at dispatchSetStateInternal (node_modules/react-test-renderer/cjs/react-test-renderer.development.js:4148:13)
      at dispatchSetState (node_modules/react-test-renderer/cjs/react-test-renderer.development.js:4107:7)
      at setRuneUtxoBalance (hooks/useReviewScreenData.js:20:7)
      at Object.react-stack-bottom-frame (node_modules/react-test-renderer/cjs/react-test-renderer.development.js:14062:20)
      at runWithFiberInDEV (node_modules/react-test-renderer/cjs/react-test-renderer.development.js:1574:13)
      at commitHookEffectListMount (node_modules/react-test-renderer/cjs/react-test-renderer.development.js:8376:29)
      at commitHookPassiveMountEffects (node_modules/react-test-renderer/cjs/react-test-renderer.development.js:8465:11)
      at commitPassiveMountOnFiber (node_modules/react-test-renderer/cjs/react-test-renderer.development.js:9782:13)
      at recursivelyTraversePassiveMountEffects (node_modules/react-test-renderer/cjs/react-test-renderer.development.js:9756:11)
      at commitPassiveMountOnFiber (node_modules/react-test-renderer/cjs/react-test-renderer.development.js:9794:11)
      at flushPendingEffects (node_modules/react-test-renderer/cjs/react-test-renderer.development.js:11528:11)
      at performWorkOnRootViaSchedulerTask (node_modules/react-test-renderer/cjs/react-test-renderer.development.js:2082:11)
      at flushActQueue (node_modules/react/cjs/react.development.js:566:34)
      at process.env.NODE_ENV.exports.act (node_modules/react/cjs/react.development.js:859:10)
      at renderHook (hooks/__tests__/useReviewScreenData.test.js:17:6)
      at Object.renderHook (hooks/__tests__/useReviewScreenData.test.js:174:24)

    console.error
      react-test-renderer is deprecated. See https://react.dev/warnings/react-test-renderer

      16 |   let component;
      17 |   act(() => {
    > 18 |     component = create(<TestComponent />);
         |                       ^
      19 |   });
      20 |   return {
      21 |     result,

      at process.env.NODE_ENV.exports.create (node_modules/react-test-renderer/cjs/react-test-renderer.development.js:14598:17)
      at hooks/__tests__/useReviewScreenData.test.js:18:23
      at process.env.NODE_ENV.exports.act (node_modules/react/cjs/react.development.js:789:22)
      at renderHook (hooks/__tests__/useReviewScreenData.test.js:17:6)
      at Object.renderHook (hooks/__tests__/useReviewScreenData.test.js:186:24)

    console.error
      The current testing environment is not configured to support act(...)

      16 |   let component;
      17 |   act(() => {
    > 18 |     component = create(<TestComponent />);
         |                       ^
      19 |   });
      20 |   return {
      21 |     result,

      at isConcurrentActEnvironment (node_modules/react-test-renderer/cjs/react-test-renderer.development.js:10243:17)
      at warnIfUpdatesNotWrappedWithActDEV (node_modules/react-test-renderer/cjs/react-test-renderer.development.js:11798:7)
      at scheduleUpdateOnFiber (node_modules/react-test-renderer/cjs/react-test-renderer.development.js:10326:9)
      at updateContainerImpl (node_modules/react-test-renderer/cjs/react-test-renderer.development.js:12382:10)
      at updateContainer (node_modules/react-test-renderer/cjs/react-test-renderer.development.js:12326:7)
      at process.env.NODE_ENV.exports.create (node_modules/react-test-renderer/cjs/react-test-renderer.development.js:14630:7)
      at hooks/__tests__/useReviewScreenData.test.js:18:23
      at process.env.NODE_ENV.exports.act (node_modules/react/cjs/react.development.js:789:22)
      at renderHook (hooks/__tests__/useReviewScreenData.test.js:17:6)
      at Object.renderHook (hooks/__tests__/useReviewScreenData.test.js:186:24)

    console.error
      react-test-renderer is deprecated. See https://react.dev/warnings/react-test-renderer

      16 |   let component;
      17 |   act(() => {
    > 18 |     component = create(<TestComponent />);
         |                       ^
      19 |   });
      20 |   return {
      21 |     result,

      at process.env.NODE_ENV.exports.create (node_modules/react-test-renderer/cjs/react-test-renderer.development.js:14598:17)
      at hooks/__tests__/useReviewScreenData.test.js:18:23
      at process.env.NODE_ENV.exports.act (node_modules/react/cjs/react.development.js:789:22)
      at renderHook (hooks/__tests__/useReviewScreenData.test.js:17:6)
      at Object.renderHook (hooks/__tests__/useReviewScreenData.test.js:197:24)

    console.error
      The current testing environment is not configured to support act(...)

      16 |   let component;
      17 |   act(() => {
    > 18 |     component = create(<TestComponent />);
         |                       ^
      19 |   });
      20 |   return {
      21 |     result,

      at isConcurrentActEnvironment (node_modules/react-test-renderer/cjs/react-test-renderer.development.js:10243:17)
      at warnIfUpdatesNotWrappedWithActDEV (node_modules/react-test-renderer/cjs/react-test-renderer.development.js:11798:7)
      at scheduleUpdateOnFiber (node_modules/react-test-renderer/cjs/react-test-renderer.development.js:10326:9)
      at updateContainerImpl (node_modules/react-test-renderer/cjs/react-test-renderer.development.js:12382:10)
      at updateContainer (node_modules/react-test-renderer/cjs/react-test-renderer.development.js:12326:7)
      at process.env.NODE_ENV.exports.create (node_modules/react-test-renderer/cjs/react-test-renderer.development.js:14630:7)
      at hooks/__tests__/useReviewScreenData.test.js:18:23
      at process.env.NODE_ENV.exports.act (node_modules/react/cjs/react.development.js:789:22)
      at renderHook (hooks/__tests__/useReviewScreenData.test.js:17:6)
      at Object.renderHook (hooks/__tests__/useReviewScreenData.test.js:197:24)

    console.error
      react-test-renderer is deprecated. See https://react.dev/warnings/react-test-renderer

      16 |   let component;
      17 |   act(() => {
    > 18 |     component = create(<TestComponent />);
         |                       ^
      19 |   });
      20 |   return {
      21 |     result,

      at process.env.NODE_ENV.exports.create (node_modules/react-test-renderer/cjs/react-test-renderer.development.js:14598:17)
      at hooks/__tests__/useReviewScreenData.test.js:18:23
      at process.env.NODE_ENV.exports.act (node_modules/react/cjs/react.development.js:789:22)
      at renderHook (hooks/__tests__/useReviewScreenData.test.js:17:6)
      at Object.renderHook (hooks/__tests__/useReviewScreenData.test.js:205:34)

    console.error
      The current testing environment is not configured to support act(...)

      16 |   let component;
      17 |   act(() => {
    > 18 |     component = create(<TestComponent />);
         |                       ^
      19 |   });
      20 |   return {
      21 |     result,

      at isConcurrentActEnvironment (node_modules/react-test-renderer/cjs/react-test-renderer.development.js:10243:17)
      at warnIfUpdatesNotWrappedWithActDEV (node_modules/react-test-renderer/cjs/react-test-renderer.development.js:11798:7)
      at scheduleUpdateOnFiber (node_modules/react-test-renderer/cjs/react-test-renderer.development.js:10326:9)
      at updateContainerImpl (node_modules/react-test-renderer/cjs/react-test-renderer.development.js:12382:10)
      at updateContainer (node_modules/react-test-renderer/cjs/react-test-renderer.development.js:12326:7)
      at process.env.NODE_ENV.exports.create (node_modules/react-test-renderer/cjs/react-test-renderer.development.js:14630:7)
      at hooks/__tests__/useReviewScreenData.test.js:18:23
      at process.env.NODE_ENV.exports.act (node_modules/react/cjs/react.development.js:789:22)
      at renderHook (hooks/__tests__/useReviewScreenData.test.js:17:6)
      at Object.renderHook (hooks/__tests__/useReviewScreenData.test.js:205:34)

    console.error
      The current testing environment is not configured to support act(...)

      22 |     rerender: () => {
      23 |       act(() => {
    > 24 |         component.update(<TestComponent />);
         |                   ^
      25 |       });
      26 |     },
      27 |     unmount: () => component.unmount(),

      at isConcurrentActEnvironment (node_modules/react-test-renderer/cjs/react-test-renderer.development.js:10243:17)
      at warnIfUpdatesNotWrappedWithActDEV (node_modules/react-test-renderer/cjs/react-test-renderer.development.js:11798:7)
      at scheduleUpdateOnFiber (node_modules/react-test-renderer/cjs/react-test-renderer.development.js:10326:9)
      at updateContainerImpl (node_modules/react-test-renderer/cjs/react-test-renderer.development.js:12382:10)
      at updateContainer (node_modules/react-test-renderer/cjs/react-test-renderer.development.js:12326:7)
      at Object.update (node_modules/react-test-renderer/cjs/react-test-renderer.development.js:14669:13)
      at update (hooks/__tests__/useReviewScreenData.test.js:24:19)
      at process.env.NODE_ENV.exports.act (node_modules/react/cjs/react.development.js:789:22)
      at rerender (hooks/__tests__/useReviewScreenData.test.js:23:10)
      at Object.rerender (hooks/__tests__/useReviewScreenData.test.js:219:5)

    console.error
      react-test-renderer is deprecated. See https://react.dev/warnings/react-test-renderer

      16 |   let component;
      17 |   act(() => {
    > 18 |     component = create(<TestComponent />);
         |                       ^
      19 |   });
      20 |   return {
      21 |     result,

      at process.env.NODE_ENV.exports.create (node_modules/react-test-renderer/cjs/react-test-renderer.development.js:14598:17)
      at hooks/__tests__/useReviewScreenData.test.js:18:23
      at process.env.NODE_ENV.exports.act (node_modules/react/cjs/react.development.js:789:22)
      at renderHook (hooks/__tests__/useReviewScreenData.test.js:17:6)
      at Object.renderHook (hooks/__tests__/useReviewScreenData.test.js:225:34)

    console.error
      The current testing environment is not configured to support act(...)

      16 |   let component;
      17 |   act(() => {
    > 18 |     component = create(<TestComponent />);
         |                       ^
      19 |   });
      20 |   return {
      21 |     result,

      at isConcurrentActEnvironment (node_modules/react-test-renderer/cjs/react-test-renderer.development.js:10243:17)
      at warnIfUpdatesNotWrappedWithActDEV (node_modules/react-test-renderer/cjs/react-test-renderer.development.js:11798:7)
      at scheduleUpdateOnFiber (node_modules/react-test-renderer/cjs/react-test-renderer.development.js:10326:9)
      at updateContainerImpl (node_modules/react-test-renderer/cjs/react-test-renderer.development.js:12382:10)
      at updateContainer (node_modules/react-test-renderer/cjs/react-test-renderer.development.js:12326:7)
      at process.env.NODE_ENV.exports.create (node_modules/react-test-renderer/cjs/react-test-renderer.development.js:14630:7)
      at hooks/__tests__/useReviewScreenData.test.js:18:23
      at process.env.NODE_ENV.exports.act (node_modules/react/cjs/react.development.js:789:22)
      at renderHook (hooks/__tests__/useReviewScreenData.test.js:17:6)
      at Object.renderHook (hooks/__tests__/useReviewScreenData.test.js:225:34)

    console.error
      The current testing environment is not configured to support act(...)

      22 |     rerender: () => {
      23 |       act(() => {
    > 24 |         component.update(<TestComponent />);
         |                   ^
      25 |       });
      26 |     },
      27 |     unmount: () => component.unmount(),

      at isConcurrentActEnvironment (node_modules/react-test-renderer/cjs/react-test-renderer.development.js:10243:17)
      at warnIfUpdatesNotWrappedWithActDEV (node_modules/react-test-renderer/cjs/react-test-renderer.development.js:11798:7)
      at scheduleUpdateOnFiber (node_modules/react-test-renderer/cjs/react-test-renderer.development.js:10326:9)
      at updateContainerImpl (node_modules/react-test-renderer/cjs/react-test-renderer.development.js:12382:10)
      at updateContainer (node_modules/react-test-renderer/cjs/react-test-renderer.development.js:12326:7)
      at Object.update (node_modules/react-test-renderer/cjs/react-test-renderer.development.js:14669:13)
      at update (hooks/__tests__/useReviewScreenData.test.js:24:19)
      at process.env.NODE_ENV.exports.act (node_modules/react/cjs/react.development.js:789:22)
      at rerender (hooks/__tests__/useReviewScreenData.test.js:23:10)
      at Object.rerender (hooks/__tests__/useReviewScreenData.test.js:233:5)

PASS hooks/__tests__/useSettings.test.js
  ● Console

    console.error
      react-test-renderer is deprecated. See https://react.dev/warnings/react-test-renderer

      35 |   let component;
      36 |   act(() => {
    > 37 |     component = create(<TestComponent hookProps={initialProps} />);
         |                       ^
      38 |   });
      39 |   return {
      40 |     result,

      at process.env.NODE_ENV.exports.create (node_modules/react-test-renderer/cjs/react-test-renderer.development.js:14598:17)
      at hooks/__tests__/useSettings.test.js:37:23
      at process.env.NODE_ENV.exports.act (node_modules/react/cjs/react.development.js:789:22)
      at renderHook (hooks/__tests__/useSettings.test.js:36:6)
      at Object.renderHook (hooks/__tests__/useSettings.test.js:78:26)
      at asyncGeneratorStep (node_modules/@babel/runtime/helpers/asyncToGenerator.js:3:17)
      at _next (node_modules/@babel/runtime/helpers/asyncToGenerator.js:17:9)
      at node_modules/@babel/runtime/helpers/asyncToGenerator.js:22:7
      at Object.<anonymous> (node_modules/@babel/runtime/helpers/asyncToGenerator.js:14:12)

    console.error
      The current testing environment is not configured to support act(...)

      35 |   let component;
      36 |   act(() => {
    > 37 |     component = create(<TestComponent hookProps={initialProps} />);
         |                       ^
      38 |   });
      39 |   return {
      40 |     result,

      at isConcurrentActEnvironment (node_modules/react-test-renderer/cjs/react-test-renderer.development.js:10243:17)
      at warnIfUpdatesNotWrappedWithActDEV (node_modules/react-test-renderer/cjs/react-test-renderer.development.js:11798:7)
      at scheduleUpdateOnFiber (node_modules/react-test-renderer/cjs/react-test-renderer.development.js:10326:9)
      at updateContainerImpl (node_modules/react-test-renderer/cjs/react-test-renderer.development.js:12382:10)
      at updateContainer (node_modules/react-test-renderer/cjs/react-test-renderer.development.js:12326:7)
      at process.env.NODE_ENV.exports.create (node_modules/react-test-renderer/cjs/react-test-renderer.development.js:14630:7)
      at hooks/__tests__/useSettings.test.js:37:23
      at process.env.NODE_ENV.exports.act (node_modules/react/cjs/react.development.js:789:22)
      at renderHook (hooks/__tests__/useSettings.test.js:36:6)
      at Object.renderHook (hooks/__tests__/useSettings.test.js:78:26)
      at asyncGeneratorStep (node_modules/@babel/runtime/helpers/asyncToGenerator.js:3:17)
      at _next (node_modules/@babel/runtime/helpers/asyncToGenerator.js:17:9)
      at node_modules/@babel/runtime/helpers/asyncToGenerator.js:22:7
      at Object.<anonymous> (node_modules/@babel/runtime/helpers/asyncToGenerator.js:14:12)

    console.error
      The current testing environment is not configured to support act(...)

      20 |         const savedNotificationsEnabled = await SecureStore.getItemAsync('notificationsEnabled');
      21 |         if (savedNotificationsEnabled !== null) {
    > 22 |           setNotificationsEnabled(savedNotificationsEnabled === 'true');
         |           ^
      23 |         }
      24 |
      25 |         const savedShowZeroAssets = await SecureStore.getItemAsync('showZeroAssets');

      at isConcurrentActEnvironment (node_modules/react-test-renderer/cjs/react-test-renderer.development.js:10243:17)
      at warnIfUpdatesNotWrappedWithActDEV (node_modules/react-test-renderer/cjs/react-test-renderer.development.js:11798:7)
      at scheduleUpdateOnFiber (node_modules/react-test-renderer/cjs/react-test-renderer.development.js:10326:9)
      at dispatchSetStateInternal (node_modules/react-test-renderer/cjs/react-test-renderer.development.js:4148:13)
      at dispatchSetState (node_modules/react-test-renderer/cjs/react-test-renderer.development.js:4107:7)
      at setNotificationsEnabled (hooks/useAppSettings.js:22:11)
      at asyncGeneratorStep (node_modules/@babel/runtime/helpers/asyncToGenerator.js:3:17)
      at _next (node_modules/@babel/runtime/helpers/asyncToGenerator.js:17:9)

    console.error
      react-test-renderer is deprecated. See https://react.dev/warnings/react-test-renderer

      35 |   let component;
      36 |   act(() => {
    > 37 |     component = create(<TestComponent hookProps={initialProps} />);
         |                       ^
      38 |   });
      39 |   return {
      40 |     result,

      at process.env.NODE_ENV.exports.create (node_modules/react-test-renderer/cjs/react-test-renderer.development.js:14598:17)
      at hooks/__tests__/useSettings.test.js:37:23
      at process.env.NODE_ENV.exports.act (node_modules/react/cjs/react.development.js:789:22)
      at renderHook (hooks/__tests__/useSettings.test.js:36:6)
      at Object.renderHook (hooks/__tests__/useSettings.test.js:95:26)
      at asyncGeneratorStep (node_modules/@babel/runtime/helpers/asyncToGenerator.js:3:17)
      at _next (node_modules/@babel/runtime/helpers/asyncToGenerator.js:17:9)
      at node_modules/@babel/runtime/helpers/asyncToGenerator.js:22:7
      at Object.<anonymous> (node_modules/@babel/runtime/helpers/asyncToGenerator.js:14:12)

    console.error
      The current testing environment is not configured to support act(...)

      35 |   let component;
      36 |   act(() => {
    > 37 |     component = create(<TestComponent hookProps={initialProps} />);
         |                       ^
      38 |   });
      39 |   return {
      40 |     result,

      at isConcurrentActEnvironment (node_modules/react-test-renderer/cjs/react-test-renderer.development.js:10243:17)
      at warnIfUpdatesNotWrappedWithActDEV (node_modules/react-test-renderer/cjs/react-test-renderer.development.js:11798:7)
      at scheduleUpdateOnFiber (node_modules/react-test-renderer/cjs/react-test-renderer.development.js:10326:9)
      at updateContainerImpl (node_modules/react-test-renderer/cjs/react-test-renderer.development.js:12382:10)
      at updateContainer (node_modules/react-test-renderer/cjs/react-test-renderer.development.js:12326:7)
      at process.env.NODE_ENV.exports.create (node_modules/react-test-renderer/cjs/react-test-renderer.development.js:14630:7)
      at hooks/__tests__/useSettings.test.js:37:23
      at process.env.NODE_ENV.exports.act (node_modules/react/cjs/react.development.js:789:22)
      at renderHook (hooks/__tests__/useSettings.test.js:36:6)
      at Object.renderHook (hooks/__tests__/useSettings.test.js:95:26)
      at asyncGeneratorStep (node_modules/@babel/runtime/helpers/asyncToGenerator.js:3:17)
      at _next (node_modules/@babel/runtime/helpers/asyncToGenerator.js:17:9)
      at node_modules/@babel/runtime/helpers/asyncToGenerator.js:22:7
      at Object.<anonymous> (node_modules/@babel/runtime/helpers/asyncToGenerator.js:14:12)

    console.error
      The current testing environment is not configured to support act(...)

      25 |         const savedShowZeroAssets = await SecureStore.getItemAsync('showZeroAssets');
      26 |         if (savedShowZeroAssets !== null) {
    > 27 |           setShowZeroAssets(savedShowZeroAssets === 'true');
         |           ^
      28 |         }
      29 |       } catch (error) {}
      30 |     };

      at isConcurrentActEnvironment (node_modules/react-test-renderer/cjs/react-test-renderer.development.js:10243:17)
      at warnIfUpdatesNotWrappedWithActDEV (node_modules/react-test-renderer/cjs/react-test-renderer.development.js:11798:7)
      at scheduleUpdateOnFiber (node_modules/react-test-renderer/cjs/react-test-renderer.development.js:10326:9)
      at dispatchSetStateInternal (node_modules/react-test-renderer/cjs/react-test-renderer.development.js:4148:13)
      at dispatchSetState (node_modules/react-test-renderer/cjs/react-test-renderer.development.js:4107:7)
      at setShowZeroAssets (hooks/useAppSettings.js:27:11)
      at asyncGeneratorStep (node_modules/@babel/runtime/helpers/asyncToGenerator.js:3:17)
      at _next (node_modules/@babel/runtime/helpers/asyncToGenerator.js:17:9)

    console.error
      react-test-renderer is deprecated. See https://react.dev/warnings/react-test-renderer

      35 |   let component;
      36 |   act(() => {
    > 37 |     component = create(<TestComponent hookProps={initialProps} />);
         |                       ^
      38 |   });
      39 |   return {
      40 |     result,

      at process.env.NODE_ENV.exports.create (node_modules/react-test-renderer/cjs/react-test-renderer.development.js:14598:17)
      at hooks/__tests__/useSettings.test.js:37:23
      at process.env.NODE_ENV.exports.act (node_modules/react/cjs/react.development.js:789:22)
      at renderHook (hooks/__tests__/useSettings.test.js:36:6)
      at renderHook (hooks/__tests__/useSettings.test.js:110:9)
      at Object.<anonymous> (node_modules/expect/build/index.js:1824:9)
      at Object.throwingMatcher [as toThrow] (node_modules/expect/build/index.js:2235:93)
      at Object.toThrow (hooks/__tests__/useSettings.test.js:113:14)
      at asyncGeneratorStep (node_modules/@babel/runtime/helpers/asyncToGenerator.js:3:17)
      at _next (node_modules/@babel/runtime/helpers/asyncToGenerator.js:17:9)
      at node_modules/@babel/runtime/helpers/asyncToGenerator.js:22:7
      at Object.<anonymous> (node_modules/@babel/runtime/helpers/asyncToGenerator.js:14:12)

    console.error
      The current testing environment is not configured to support act(...)

      35 |   let component;
      36 |   act(() => {
    > 37 |     component = create(<TestComponent hookProps={initialProps} />);
         |                       ^
      38 |   });
      39 |   return {
      40 |     result,

      at isConcurrentActEnvironment (node_modules/react-test-renderer/cjs/react-test-renderer.development.js:10243:17)
      at warnIfUpdatesNotWrappedWithActDEV (node_modules/react-test-renderer/cjs/react-test-renderer.development.js:11798:7)
      at scheduleUpdateOnFiber (node_modules/react-test-renderer/cjs/react-test-renderer.development.js:10326:9)
      at updateContainerImpl (node_modules/react-test-renderer/cjs/react-test-renderer.development.js:12382:10)
      at updateContainer (node_modules/react-test-renderer/cjs/react-test-renderer.development.js:12326:7)
      at process.env.NODE_ENV.exports.create (node_modules/react-test-renderer/cjs/react-test-renderer.development.js:14630:7)
      at hooks/__tests__/useSettings.test.js:37:23
      at process.env.NODE_ENV.exports.act (node_modules/react/cjs/react.development.js:789:22)
      at renderHook (hooks/__tests__/useSettings.test.js:36:6)
      at renderHook (hooks/__tests__/useSettings.test.js:110:9)
      at Object.<anonymous> (node_modules/expect/build/index.js:1824:9)
      at Object.throwingMatcher [as toThrow] (node_modules/expect/build/index.js:2235:93)
      at Object.toThrow (hooks/__tests__/useSettings.test.js:113:14)
      at asyncGeneratorStep (node_modules/@babel/runtime/helpers/asyncToGenerator.js:3:17)
      at _next (node_modules/@babel/runtime/helpers/asyncToGenerator.js:17:9)
      at node_modules/@babel/runtime/helpers/asyncToGenerator.js:22:7
      at Object.<anonymous> (node_modules/@babel/runtime/helpers/asyncToGenerator.js:14:12)

    console.error
      react-test-renderer is deprecated. See https://react.dev/warnings/react-test-renderer

      35 |   let component;
      36 |   act(() => {
    > 37 |     component = create(<TestComponent hookProps={initialProps} />);
         |                       ^
      38 |   });
      39 |   return {
      40 |     result,

      at process.env.NODE_ENV.exports.create (node_modules/react-test-renderer/cjs/react-test-renderer.development.js:14598:17)
      at hooks/__tests__/useSettings.test.js:37:23
      at process.env.NODE_ENV.exports.act (node_modules/react/cjs/react.development.js:789:22)
      at renderHook (hooks/__tests__/useSettings.test.js:36:6)
      at Object.renderHook (hooks/__tests__/useSettings.test.js:119:26)

    console.error
      The current testing environment is not configured to support act(...)

      35 |   let component;
      36 |   act(() => {
    > 37 |     component = create(<TestComponent hookProps={initialProps} />);
         |                       ^
      38 |   });
      39 |   return {
      40 |     result,

      at isConcurrentActEnvironment (node_modules/react-test-renderer/cjs/react-test-renderer.development.js:10243:17)
      at warnIfUpdatesNotWrappedWithActDEV (node_modules/react-test-renderer/cjs/react-test-renderer.development.js:11798:7)
      at scheduleUpdateOnFiber (node_modules/react-test-renderer/cjs/react-test-renderer.development.js:10326:9)
      at updateContainerImpl (node_modules/react-test-renderer/cjs/react-test-renderer.development.js:12382:10)
      at updateContainer (node_modules/react-test-renderer/cjs/react-test-renderer.development.js:12326:7)
      at process.env.NODE_ENV.exports.create (node_modules/react-test-renderer/cjs/react-test-renderer.development.js:14630:7)
      at hooks/__tests__/useSettings.test.js:37:23
      at process.env.NODE_ENV.exports.act (node_modules/react/cjs/react.development.js:789:22)
      at renderHook (hooks/__tests__/useSettings.test.js:36:6)
      at Object.renderHook (hooks/__tests__/useSettings.test.js:119:26)

    console.error
      The current testing environment is not configured to support act(...)

      14 |
      15 |   const handleLogout = useCallback(() => {
    > 16 |     setShowLogoutModal(true);
         |     ^
      17 |   }, []);
      18 |
      19 |   const confirmLogout = useCallback(() => {

      at isConcurrentActEnvironment (node_modules/react-test-renderer/cjs/react-test-renderer.development.js:10243:17)
      at warnIfUpdatesNotWrappedWithActDEV (node_modules/react-test-renderer/cjs/react-test-renderer.development.js:11798:7)
      at scheduleUpdateOnFiber (node_modules/react-test-renderer/cjs/react-test-renderer.development.js:10326:9)
      at dispatchSetStateInternal (node_modules/react-test-renderer/cjs/react-test-renderer.development.js:4148:13)
      at dispatchSetState (node_modules/react-test-renderer/cjs/react-test-renderer.development.js:4107:7)
      at Object.setShowLogoutModal [as handleLogout] (hooks/useWalletActions.js:16:5)
      at handleLogout (hooks/__tests__/useSettings.test.js:124:24)
      at process.env.NODE_ENV.exports.act (node_modules/react/cjs/react.development.js:789:22)
      at Object.<anonymous> (hooks/__tests__/useSettings.test.js:123:10)

    console.error
      react-test-renderer is deprecated. See https://react.dev/warnings/react-test-renderer

      35 |   let component;
      36 |   act(() => {
    > 37 |     component = create(<TestComponent hookProps={initialProps} />);
         |                       ^
      38 |   });
      39 |   return {
      40 |     result,

      at process.env.NODE_ENV.exports.create (node_modules/react-test-renderer/cjs/react-test-renderer.development.js:14598:17)
      at hooks/__tests__/useSettings.test.js:37:23
      at process.env.NODE_ENV.exports.act (node_modules/react/cjs/react.development.js:789:22)
      at renderHook (hooks/__tests__/useSettings.test.js:36:6)
      at Object.renderHook (hooks/__tests__/useSettings.test.js:131:26)

    console.error
      The current testing environment is not configured to support act(...)

      35 |   let component;
      36 |   act(() => {
    > 37 |     component = create(<TestComponent hookProps={initialProps} />);
         |                       ^
      38 |   });
      39 |   return {
      40 |     result,

      at isConcurrentActEnvironment (node_modules/react-test-renderer/cjs/react-test-renderer.development.js:10243:17)
      at warnIfUpdatesNotWrappedWithActDEV (node_modules/react-test-renderer/cjs/react-test-renderer.development.js:11798:7)
      at scheduleUpdateOnFiber (node_modules/react-test-renderer/cjs/react-test-renderer.development.js:10326:9)
      at updateContainerImpl (node_modules/react-test-renderer/cjs/react-test-renderer.development.js:12382:10)
      at updateContainer (node_modules/react-test-renderer/cjs/react-test-renderer.development.js:12326:7)
      at process.env.NODE_ENV.exports.create (node_modules/react-test-renderer/cjs/react-test-renderer.development.js:14630:7)
      at hooks/__tests__/useSettings.test.js:37:23
      at process.env.NODE_ENV.exports.act (node_modules/react/cjs/react.development.js:789:22)
      at renderHook (hooks/__tests__/useSettings.test.js:36:6)
      at Object.renderHook (hooks/__tests__/useSettings.test.js:131:26)

    console.error
      The current testing environment is not configured to support act(...)

      14 |
      15 |   const handleLogout = useCallback(() => {
    > 16 |     setShowLogoutModal(true);
         |     ^
      17 |   }, []);
      18 |
      19 |   const confirmLogout = useCallback(() => {

      at isConcurrentActEnvironment (node_modules/react-test-renderer/cjs/react-test-renderer.development.js:10243:17)
      at warnIfUpdatesNotWrappedWithActDEV (node_modules/react-test-renderer/cjs/react-test-renderer.development.js:11798:7)
      at scheduleUpdateOnFiber (node_modules/react-test-renderer/cjs/react-test-renderer.development.js:10326:9)
      at dispatchSetStateInternal (node_modules/react-test-renderer/cjs/react-test-renderer.development.js:4148:13)
      at dispatchSetState (node_modules/react-test-renderer/cjs/react-test-renderer.development.js:4107:7)
      at Object.setShowLogoutModal [as handleLogout] (hooks/useWalletActions.js:16:5)
      at handleLogout (hooks/__tests__/useSettings.test.js:136:24)
      at process.env.NODE_ENV.exports.act (node_modules/react/cjs/react.development.js:789:22)
      at Object.<anonymous> (hooks/__tests__/useSettings.test.js:135:10)

    console.error
      The current testing environment is not configured to support act(...)

      18 |
      19 |   const confirmLogout = useCallback(() => {
    > 20 |     setShowLogoutModal(false);
         |     ^
      21 |     setIsAuthenticated(false);
      22 |   }, [setIsAuthenticated]);
      23 |

      at isConcurrentActEnvironment (node_modules/react-test-renderer/cjs/react-test-renderer.development.js:10243:17)
      at warnIfUpdatesNotWrappedWithActDEV (node_modules/react-test-renderer/cjs/react-test-renderer.development.js:11798:7)
      at scheduleUpdateOnFiber (node_modules/react-test-renderer/cjs/react-test-renderer.development.js:10326:9)
      at dispatchSetStateInternal (node_modules/react-test-renderer/cjs/react-test-renderer.development.js:4148:13)
      at dispatchSetState (node_modules/react-test-renderer/cjs/react-test-renderer.development.js:4107:7)
      at Object.setShowLogoutModal [as confirmLogout] (hooks/useWalletActions.js:20:5)
      at confirmLogout (hooks/__tests__/useSettings.test.js:140:24)
      at process.env.NODE_ENV.exports.act (node_modules/react/cjs/react.development.js:789:22)
      at Object.<anonymous> (hooks/__tests__/useSettings.test.js:139:10)

    console.error
      react-test-renderer is deprecated. See https://react.dev/warnings/react-test-renderer

      35 |   let component;
      36 |   act(() => {
    > 37 |     component = create(<TestComponent hookProps={initialProps} />);
         |                       ^
      38 |   });
      39 |   return {
      40 |     result,

      at process.env.NODE_ENV.exports.create (node_modules/react-test-renderer/cjs/react-test-renderer.development.js:14598:17)
      at hooks/__tests__/useSettings.test.js:37:23
      at process.env.NODE_ENV.exports.act (node_modules/react/cjs/react.development.js:789:22)
      at renderHook (hooks/__tests__/useSettings.test.js:36:6)
      at Object.renderHook (hooks/__tests__/useSettings.test.js:148:26)

    console.error
      The current testing environment is not configured to support act(...)

      35 |   let component;
      36 |   act(() => {
    > 37 |     component = create(<TestComponent hookProps={initialProps} />);
         |                       ^
      38 |   });
      39 |   return {
      40 |     result,

      at isConcurrentActEnvironment (node_modules/react-test-renderer/cjs/react-test-renderer.development.js:10243:17)
      at warnIfUpdatesNotWrappedWithActDEV (node_modules/react-test-renderer/cjs/react-test-renderer.development.js:11798:7)
      at scheduleUpdateOnFiber (node_modules/react-test-renderer/cjs/react-test-renderer.development.js:10326:9)
      at updateContainerImpl (node_modules/react-test-renderer/cjs/react-test-renderer.development.js:12382:10)
      at updateContainer (node_modules/react-test-renderer/cjs/react-test-renderer.development.js:12326:7)
      at process.env.NODE_ENV.exports.create (node_modules/react-test-renderer/cjs/react-test-renderer.development.js:14630:7)
      at hooks/__tests__/useSettings.test.js:37:23
      at process.env.NODE_ENV.exports.act (node_modules/react/cjs/react.development.js:789:22)
      at renderHook (hooks/__tests__/useSettings.test.js:36:6)
      at Object.renderHook (hooks/__tests__/useSettings.test.js:148:26)

    console.error
      The current testing environment is not configured to support act(...)

      14 |
      15 |   const handleLogout = useCallback(() => {
    > 16 |     setShowLogoutModal(true);
         |     ^
      17 |   }, []);
      18 |
      19 |   const confirmLogout = useCallback(() => {

      at isConcurrentActEnvironment (node_modules/react-test-renderer/cjs/react-test-renderer.development.js:10243:17)
      at warnIfUpdatesNotWrappedWithActDEV (node_modules/react-test-renderer/cjs/react-test-renderer.development.js:11798:7)
      at scheduleUpdateOnFiber (node_modules/react-test-renderer/cjs/react-test-renderer.development.js:10326:9)
      at dispatchSetStateInternal (node_modules/react-test-renderer/cjs/react-test-renderer.development.js:4148:13)
      at dispatchSetState (node_modules/react-test-renderer/cjs/react-test-renderer.development.js:4107:7)
      at Object.setShowLogoutModal [as handleLogout] (hooks/useWalletActions.js:16:5)
      at handleLogout (hooks/__tests__/useSettings.test.js:153:24)
      at process.env.NODE_ENV.exports.act (node_modules/react/cjs/react.development.js:789:22)
      at Object.<anonymous> (hooks/__tests__/useSettings.test.js:152:10)

    console.error
      The current testing environment is not configured to support act(...)

      23 |
      24 |   const cancelLogout = useCallback(() => {
    > 25 |     setShowLogoutModal(false);
         |     ^
      26 |   }, []);
      27 |
      28 |   const handleDeleteWallet = useCallback(() => {

      at isConcurrentActEnvironment (node_modules/react-test-renderer/cjs/react-test-renderer.development.js:10243:17)
      at warnIfUpdatesNotWrappedWithActDEV (node_modules/react-test-renderer/cjs/react-test-renderer.development.js:11798:7)
      at scheduleUpdateOnFiber (node_modules/react-test-renderer/cjs/react-test-renderer.development.js:10326:9)
      at dispatchSetStateInternal (node_modules/react-test-renderer/cjs/react-test-renderer.development.js:4148:13)
      at dispatchSetState (node_modules/react-test-renderer/cjs/react-test-renderer.development.js:4107:7)
      at Object.setShowLogoutModal [as cancelLogout] (hooks/useWalletActions.js:25:5)
      at cancelLogout (hooks/__tests__/useSettings.test.js:157:24)
      at process.env.NODE_ENV.exports.act (node_modules/react/cjs/react.development.js:789:22)
      at Object.<anonymous> (hooks/__tests__/useSettings.test.js:156:10)

    console.error
      react-test-renderer is deprecated. See https://react.dev/warnings/react-test-renderer

      35 |   let component;
      36 |   act(() => {
    > 37 |     component = create(<TestComponent hookProps={initialProps} />);
         |                       ^
      38 |   });
      39 |   return {
      40 |     result,

      at process.env.NODE_ENV.exports.create (node_modules/react-test-renderer/cjs/react-test-renderer.development.js:14598:17)
      at hooks/__tests__/useSettings.test.js:37:23
      at process.env.NODE_ENV.exports.act (node_modules/react/cjs/react.development.js:789:22)
      at renderHook (hooks/__tests__/useSettings.test.js:36:6)
      at Object.renderHook (hooks/__tests__/useSettings.test.js:167:26)

    console.error
      The current testing environment is not configured to support act(...)

      35 |   let component;
      36 |   act(() => {
    > 37 |     component = create(<TestComponent hookProps={initialProps} />);
         |                       ^
      38 |   });
      39 |   return {
      40 |     result,

      at isConcurrentActEnvironment (node_modules/react-test-renderer/cjs/react-test-renderer.development.js:10243:17)
      at warnIfUpdatesNotWrappedWithActDEV (node_modules/react-test-renderer/cjs/react-test-renderer.development.js:11798:7)
      at scheduleUpdateOnFiber (node_modules/react-test-renderer/cjs/react-test-renderer.development.js:10326:9)
      at updateContainerImpl (node_modules/react-test-renderer/cjs/react-test-renderer.development.js:12382:10)
      at updateContainer (node_modules/react-test-renderer/cjs/react-test-renderer.development.js:12326:7)
      at process.env.NODE_ENV.exports.create (node_modules/react-test-renderer/cjs/react-test-renderer.development.js:14630:7)
      at hooks/__tests__/useSettings.test.js:37:23
      at process.env.NODE_ENV.exports.act (node_modules/react/cjs/react.development.js:789:22)
      at renderHook (hooks/__tests__/useSettings.test.js:36:6)
      at Object.renderHook (hooks/__tests__/useSettings.test.js:167:26)

    console.error
      The current testing environment is not configured to support act(...)

      27 |
      28 |   const handleDeleteWallet = useCallback(() => {
    > 29 |     setShowDeleteModal(true);
         |     ^
      30 |   }, []);
      31 |
      32 |   const confirmDeleteWallet = useCallback(async () => {

      at isConcurrentActEnvironment (node_modules/react-test-renderer/cjs/react-test-renderer.development.js:10243:17)
      at warnIfUpdatesNotWrappedWithActDEV (node_modules/react-test-renderer/cjs/react-test-renderer.development.js:11798:7)
      at scheduleUpdateOnFiber (node_modules/react-test-renderer/cjs/react-test-renderer.development.js:10326:9)
      at dispatchSetStateInternal (node_modules/react-test-renderer/cjs/react-test-renderer.development.js:4148:13)
      at dispatchSetState (node_modules/react-test-renderer/cjs/react-test-renderer.development.js:4107:7)
      at Object.setShowDeleteModal (hooks/useWalletActions.js:29:5)
      at handleDeleteWallet (hooks/__tests__/useSettings.test.js:172:24)
      at process.env.NODE_ENV.exports.act (node_modules/react/cjs/react.development.js:789:22)
      at Object.<anonymous> (hooks/__tests__/useSettings.test.js:171:10)

    console.error
      react-test-renderer is deprecated. See https://react.dev/warnings/react-test-renderer

      35 |   let component;
      36 |   act(() => {
    > 37 |     component = create(<TestComponent hookProps={initialProps} />);
         |                       ^
      38 |   });
      39 |   return {
      40 |     result,

      at process.env.NODE_ENV.exports.create (node_modules/react-test-renderer/cjs/react-test-renderer.development.js:14598:17)
      at hooks/__tests__/useSettings.test.js:37:23
      at process.env.NODE_ENV.exports.act (node_modules/react/cjs/react.development.js:789:22)
      at renderHook (hooks/__tests__/useSettings.test.js:36:6)
      at Object.renderHook (hooks/__tests__/useSettings.test.js:182:26)
      at asyncGeneratorStep (node_modules/@babel/runtime/helpers/asyncToGenerator.js:3:17)
      at _next (node_modules/@babel/runtime/helpers/asyncToGenerator.js:17:9)
      at node_modules/@babel/runtime/helpers/asyncToGenerator.js:22:7
      at Object.<anonymous> (node_modules/@babel/runtime/helpers/asyncToGenerator.js:14:12)

    console.error
      The current testing environment is not configured to support act(...)

      35 |   let component;
      36 |   act(() => {
    > 37 |     component = create(<TestComponent hookProps={initialProps} />);
         |                       ^
      38 |   });
      39 |   return {
      40 |     result,

      at isConcurrentActEnvironment (node_modules/react-test-renderer/cjs/react-test-renderer.development.js:10243:17)
      at warnIfUpdatesNotWrappedWithActDEV (node_modules/react-test-renderer/cjs/react-test-renderer.development.js:11798:7)
      at scheduleUpdateOnFiber (node_modules/react-test-renderer/cjs/react-test-renderer.development.js:10326:9)
      at updateContainerImpl (node_modules/react-test-renderer/cjs/react-test-renderer.development.js:12382:10)
      at updateContainer (node_modules/react-test-renderer/cjs/react-test-renderer.development.js:12326:7)
      at process.env.NODE_ENV.exports.create (node_modules/react-test-renderer/cjs/react-test-renderer.development.js:14630:7)
      at hooks/__tests__/useSettings.test.js:37:23
      at process.env.NODE_ENV.exports.act (node_modules/react/cjs/react.development.js:789:22)
      at renderHook (hooks/__tests__/useSettings.test.js:36:6)
      at Object.renderHook (hooks/__tests__/useSettings.test.js:182:26)
      at asyncGeneratorStep (node_modules/@babel/runtime/helpers/asyncToGenerator.js:3:17)
      at _next (node_modules/@babel/runtime/helpers/asyncToGenerator.js:17:9)
      at node_modules/@babel/runtime/helpers/asyncToGenerator.js:22:7
      at Object.<anonymous> (node_modules/@babel/runtime/helpers/asyncToGenerator.js:14:12)

    console.error
      The current testing environment is not configured to support act(...)

      27 |
      28 |   const handleDeleteWallet = useCallback(() => {
    > 29 |     setShowDeleteModal(true);
         |     ^
      30 |   }, []);
      31 |
      32 |   const confirmDeleteWallet = useCallback(async () => {

      at isConcurrentActEnvironment (node_modules/react-test-renderer/cjs/react-test-renderer.development.js:10243:17)
      at warnIfUpdatesNotWrappedWithActDEV (node_modules/react-test-renderer/cjs/react-test-renderer.development.js:11798:7)
      at scheduleUpdateOnFiber (node_modules/react-test-renderer/cjs/react-test-renderer.development.js:10326:9)
      at dispatchSetStateInternal (node_modules/react-test-renderer/cjs/react-test-renderer.development.js:4148:13)
      at dispatchSetState (node_modules/react-test-renderer/cjs/react-test-renderer.development.js:4107:7)
      at Object.setShowDeleteModal (hooks/useWalletActions.js:29:5)
      at handleDeleteWallet (hooks/__tests__/useSettings.test.js:187:24)
      at process.env.NODE_ENV.exports.act (node_modules/react/cjs/react.development.js:789:22)
      at Object.<anonymous> (hooks/__tests__/useSettings.test.js:186:10)
      at asyncGeneratorStep (node_modules/@babel/runtime/helpers/asyncToGenerator.js:3:17)
      at _next (node_modules/@babel/runtime/helpers/asyncToGenerator.js:17:9)
      at node_modules/@babel/runtime/helpers/asyncToGenerator.js:22:7
      at Object.<anonymous> (node_modules/@babel/runtime/helpers/asyncToGenerator.js:14:12)

    console.error
      The current testing environment is not configured to support act(...)

      31 |
      32 |   const confirmDeleteWallet = useCallback(async () => {
    > 33 |     setShowDeleteModal(false);
         |     ^
      34 |
      35 |     // Require authentication before deleting wallet
      36 |     try {

      at isConcurrentActEnvironment (node_modules/react-test-renderer/cjs/react-test-renderer.development.js:10243:17)
      at warnIfUpdatesNotWrappedWithActDEV (node_modules/react-test-renderer/cjs/react-test-renderer.development.js:11798:7)
      at scheduleUpdateOnFiber (node_modules/react-test-renderer/cjs/react-test-renderer.development.js:10326:9)
      at dispatchSetStateInternal (node_modules/react-test-renderer/cjs/react-test-renderer.development.js:4148:13)
      at dispatchSetState (node_modules/react-test-renderer/cjs/react-test-renderer.development.js:4107:7)
      at Object.setShowDeleteModal (hooks/useWalletActions.js:33:5)
      at asyncGeneratorStep (node_modules/@babel/runtime/helpers/asyncToGenerator.js:3:17)
      at _next (node_modules/@babel/runtime/helpers/asyncToGenerator.js:17:9)
      at node_modules/@babel/runtime/helpers/asyncToGenerator.js:22:7
      at Object.confirmDeleteWallet (node_modules/@babel/runtime/helpers/asyncToGenerator.js:14:12)
      at confirmDeleteWallet (hooks/__tests__/useSettings.test.js:191:30)
      at asyncGeneratorStep (node_modules/@babel/runtime/helpers/asyncToGenerator.js:3:17)
      at _next (node_modules/@babel/runtime/helpers/asyncToGenerator.js:17:9)
      at node_modules/@babel/runtime/helpers/asyncToGenerator.js:22:7
      at node_modules/@babel/runtime/helpers/asyncToGenerator.js:14:12
      at process.env.NODE_ENV.exports.act (node_modules/react/cjs/react.development.js:789:22)
      at Object.<anonymous> (hooks/__tests__/useSettings.test.js:190:16)
      at asyncGeneratorStep (node_modules/@babel/runtime/helpers/asyncToGenerator.js:3:17)
      at _next (node_modules/@babel/runtime/helpers/asyncToGenerator.js:17:9)
      at node_modules/@babel/runtime/helpers/asyncToGenerator.js:22:7
      at Object.<anonymous> (node_modules/@babel/runtime/helpers/asyncToGenerator.js:14:12)

    console.error
      react-test-renderer is deprecated. See https://react.dev/warnings/react-test-renderer

      35 |   let component;
      36 |   act(() => {
    > 37 |     component = create(<TestComponent hookProps={initialProps} />);
         |                       ^
      38 |   });
      39 |   return {
      40 |     result,

      at process.env.NODE_ENV.exports.create (node_modules/react-test-renderer/cjs/react-test-renderer.development.js:14598:17)
      at hooks/__tests__/useSettings.test.js:37:23
      at process.env.NODE_ENV.exports.act (node_modules/react/cjs/react.development.js:789:22)
      at renderHook (hooks/__tests__/useSettings.test.js:36:6)
      at Object.renderHook (hooks/__tests__/useSettings.test.js:203:26)
      at asyncGeneratorStep (node_modules/@babel/runtime/helpers/asyncToGenerator.js:3:17)
      at _next (node_modules/@babel/runtime/helpers/asyncToGenerator.js:17:9)
      at node_modules/@babel/runtime/helpers/asyncToGenerator.js:22:7
      at Object.<anonymous> (node_modules/@babel/runtime/helpers/asyncToGenerator.js:14:12)

    console.error
      The current testing environment is not configured to support act(...)

      35 |   let component;
      36 |   act(() => {
    > 37 |     component = create(<TestComponent hookProps={initialProps} />);
         |                       ^
      38 |   });
      39 |   return {
      40 |     result,

      at isConcurrentActEnvironment (node_modules/react-test-renderer/cjs/react-test-renderer.development.js:10243:17)
      at warnIfUpdatesNotWrappedWithActDEV (node_modules/react-test-renderer/cjs/react-test-renderer.development.js:11798:7)
      at scheduleUpdateOnFiber (node_modules/react-test-renderer/cjs/react-test-renderer.development.js:10326:9)
      at updateContainerImpl (node_modules/react-test-renderer/cjs/react-test-renderer.development.js:12382:10)
      at updateContainer (node_modules/react-test-renderer/cjs/react-test-renderer.development.js:12326:7)
      at process.env.NODE_ENV.exports.create (node_modules/react-test-renderer/cjs/react-test-renderer.development.js:14630:7)
      at hooks/__tests__/useSettings.test.js:37:23
      at process.env.NODE_ENV.exports.act (node_modules/react/cjs/react.development.js:789:22)
      at renderHook (hooks/__tests__/useSettings.test.js:36:6)
      at Object.renderHook (hooks/__tests__/useSettings.test.js:203:26)
      at asyncGeneratorStep (node_modules/@babel/runtime/helpers/asyncToGenerator.js:3:17)
      at _next (node_modules/@babel/runtime/helpers/asyncToGenerator.js:17:9)
      at node_modules/@babel/runtime/helpers/asyncToGenerator.js:22:7
      at Object.<anonymous> (node_modules/@babel/runtime/helpers/asyncToGenerator.js:14:12)

    console.error
      The current testing environment is not configured to support act(...)

      27 |
      28 |   const handleDeleteWallet = useCallback(() => {
    > 29 |     setShowDeleteModal(true);
         |     ^
      30 |   }, []);
      31 |
      32 |   const confirmDeleteWallet = useCallback(async () => {

      at isConcurrentActEnvironment (node_modules/react-test-renderer/cjs/react-test-renderer.development.js:10243:17)
      at warnIfUpdatesNotWrappedWithActDEV (node_modules/react-test-renderer/cjs/react-test-renderer.development.js:11798:7)
      at scheduleUpdateOnFiber (node_modules/react-test-renderer/cjs/react-test-renderer.development.js:10326:9)
      at dispatchSetStateInternal (node_modules/react-test-renderer/cjs/react-test-renderer.development.js:4148:13)
      at dispatchSetState (node_modules/react-test-renderer/cjs/react-test-renderer.development.js:4107:7)
      at Object.setShowDeleteModal (hooks/useWalletActions.js:29:5)
      at handleDeleteWallet (hooks/__tests__/useSettings.test.js:208:24)
      at process.env.NODE_ENV.exports.act (node_modules/react/cjs/react.development.js:789:22)
      at Object.<anonymous> (hooks/__tests__/useSettings.test.js:207:10)
      at asyncGeneratorStep (node_modules/@babel/runtime/helpers/asyncToGenerator.js:3:17)
      at _next (node_modules/@babel/runtime/helpers/asyncToGenerator.js:17:9)
      at node_modules/@babel/runtime/helpers/asyncToGenerator.js:22:7
      at Object.<anonymous> (node_modules/@babel/runtime/helpers/asyncToGenerator.js:14:12)

    console.error
      The current testing environment is not configured to support act(...)

      31 |
      32 |   const confirmDeleteWallet = useCallback(async () => {
    > 33 |     setShowDeleteModal(false);
         |     ^
      34 |
      35 |     // Require authentication before deleting wallet
      36 |     try {

      at isConcurrentActEnvironment (node_modules/react-test-renderer/cjs/react-test-renderer.development.js:10243:17)
      at warnIfUpdatesNotWrappedWithActDEV (node_modules/react-test-renderer/cjs/react-test-renderer.development.js:11798:7)
      at scheduleUpdateOnFiber (node_modules/react-test-renderer/cjs/react-test-renderer.development.js:10326:9)
      at dispatchSetStateInternal (node_modules/react-test-renderer/cjs/react-test-renderer.development.js:4148:13)
      at dispatchSetState (node_modules/react-test-renderer/cjs/react-test-renderer.development.js:4107:7)
      at Object.setShowDeleteModal (hooks/useWalletActions.js:33:5)
      at asyncGeneratorStep (node_modules/@babel/runtime/helpers/asyncToGenerator.js:3:17)
      at _next (node_modules/@babel/runtime/helpers/asyncToGenerator.js:17:9)
      at node_modules/@babel/runtime/helpers/asyncToGenerator.js:22:7
      at Object.confirmDeleteWallet (node_modules/@babel/runtime/helpers/asyncToGenerator.js:14:12)
      at confirmDeleteWallet (hooks/__tests__/useSettings.test.js:212:30)
      at asyncGeneratorStep (node_modules/@babel/runtime/helpers/asyncToGenerator.js:3:17)
      at _next (node_modules/@babel/runtime/helpers/asyncToGenerator.js:17:9)
      at node_modules/@babel/runtime/helpers/asyncToGenerator.js:22:7
      at node_modules/@babel/runtime/helpers/asyncToGenerator.js:14:12
      at process.env.NODE_ENV.exports.act (node_modules/react/cjs/react.development.js:789:22)
      at Object.<anonymous> (hooks/__tests__/useSettings.test.js:211:16)
      at asyncGeneratorStep (node_modules/@babel/runtime/helpers/asyncToGenerator.js:3:17)
      at _next (node_modules/@babel/runtime/helpers/asyncToGenerator.js:17:9)
      at node_modules/@babel/runtime/helpers/asyncToGenerator.js:22:7
      at Object.<anonymous> (node_modules/@babel/runtime/helpers/asyncToGenerator.js:14:12)

    console.error
      react-test-renderer is deprecated. See https://react.dev/warnings/react-test-renderer

      35 |   let component;
      36 |   act(() => {
    > 37 |     component = create(<TestComponent hookProps={initialProps} />);
         |                       ^
      38 |   });
      39 |   return {
      40 |     result,

      at process.env.NODE_ENV.exports.create (node_modules/react-test-renderer/cjs/react-test-renderer.development.js:14598:17)
      at hooks/__tests__/useSettings.test.js:37:23
      at process.env.NODE_ENV.exports.act (node_modules/react/cjs/react.development.js:789:22)
      at renderHook (hooks/__tests__/useSettings.test.js:36:6)
      at Object.renderHook (hooks/__tests__/useSettings.test.js:223:26)
      at asyncGeneratorStep (node_modules/@babel/runtime/helpers/asyncToGenerator.js:3:17)
      at _next (node_modules/@babel/runtime/helpers/asyncToGenerator.js:17:9)
      at node_modules/@babel/runtime/helpers/asyncToGenerator.js:22:7
      at Object.<anonymous> (node_modules/@babel/runtime/helpers/asyncToGenerator.js:14:12)

    console.error
      The current testing environment is not configured to support act(...)

      35 |   let component;
      36 |   act(() => {
    > 37 |     component = create(<TestComponent hookProps={initialProps} />);
         |                       ^
      38 |   });
      39 |   return {
      40 |     result,

      at isConcurrentActEnvironment (node_modules/react-test-renderer/cjs/react-test-renderer.development.js:10243:17)
      at warnIfUpdatesNotWrappedWithActDEV (node_modules/react-test-renderer/cjs/react-test-renderer.development.js:11798:7)
      at scheduleUpdateOnFiber (node_modules/react-test-renderer/cjs/react-test-renderer.development.js:10326:9)
      at updateContainerImpl (node_modules/react-test-renderer/cjs/react-test-renderer.development.js:12382:10)
      at updateContainer (node_modules/react-test-renderer/cjs/react-test-renderer.development.js:12326:7)
      at process.env.NODE_ENV.exports.create (node_modules/react-test-renderer/cjs/react-test-renderer.development.js:14630:7)
      at hooks/__tests__/useSettings.test.js:37:23
      at process.env.NODE_ENV.exports.act (node_modules/react/cjs/react.development.js:789:22)
      at renderHook (hooks/__tests__/useSettings.test.js:36:6)
      at Object.renderHook (hooks/__tests__/useSettings.test.js:223:26)
      at asyncGeneratorStep (node_modules/@babel/runtime/helpers/asyncToGenerator.js:3:17)
      at _next (node_modules/@babel/runtime/helpers/asyncToGenerator.js:17:9)
      at node_modules/@babel/runtime/helpers/asyncToGenerator.js:22:7
      at Object.<anonymous> (node_modules/@babel/runtime/helpers/asyncToGenerator.js:14:12)

    console.error
      The current testing environment is not configured to support act(...)

      27 |
      28 |   const handleDeleteWallet = useCallback(() => {
    > 29 |     setShowDeleteModal(true);
         |     ^
      30 |   }, []);
      31 |
      32 |   const confirmDeleteWallet = useCallback(async () => {

      at isConcurrentActEnvironment (node_modules/react-test-renderer/cjs/react-test-renderer.development.js:10243:17)
      at warnIfUpdatesNotWrappedWithActDEV (node_modules/react-test-renderer/cjs/react-test-renderer.development.js:11798:7)
      at scheduleUpdateOnFiber (node_modules/react-test-renderer/cjs/react-test-renderer.development.js:10326:9)
      at dispatchSetStateInternal (node_modules/react-test-renderer/cjs/react-test-renderer.development.js:4148:13)
      at dispatchSetState (node_modules/react-test-renderer/cjs/react-test-renderer.development.js:4107:7)
      at Object.setShowDeleteModal (hooks/useWalletActions.js:29:5)
      at handleDeleteWallet (hooks/__tests__/useSettings.test.js:228:24)
      at process.env.NODE_ENV.exports.act (node_modules/react/cjs/react.development.js:789:22)
      at Object.<anonymous> (hooks/__tests__/useSettings.test.js:227:10)
      at asyncGeneratorStep (node_modules/@babel/runtime/helpers/asyncToGenerator.js:3:17)
      at _next (node_modules/@babel/runtime/helpers/asyncToGenerator.js:17:9)
      at node_modules/@babel/runtime/helpers/asyncToGenerator.js:22:7
      at Object.<anonymous> (node_modules/@babel/runtime/helpers/asyncToGenerator.js:14:12)

    console.error
      The current testing environment is not configured to support act(...)

      31 |
      32 |   const confirmDeleteWallet = useCallback(async () => {
    > 33 |     setShowDeleteModal(false);
         |     ^
      34 |
      35 |     // Require authentication before deleting wallet
      36 |     try {

      at isConcurrentActEnvironment (node_modules/react-test-renderer/cjs/react-test-renderer.development.js:10243:17)
      at warnIfUpdatesNotWrappedWithActDEV (node_modules/react-test-renderer/cjs/react-test-renderer.development.js:11798:7)
      at scheduleUpdateOnFiber (node_modules/react-test-renderer/cjs/react-test-renderer.development.js:10326:9)
      at dispatchSetStateInternal (node_modules/react-test-renderer/cjs/react-test-renderer.development.js:4148:13)
      at dispatchSetState (node_modules/react-test-renderer/cjs/react-test-renderer.development.js:4107:7)
      at Object.setShowDeleteModal (hooks/useWalletActions.js:33:5)
      at asyncGeneratorStep (node_modules/@babel/runtime/helpers/asyncToGenerator.js:3:17)
      at _next (node_modules/@babel/runtime/helpers/asyncToGenerator.js:17:9)
      at node_modules/@babel/runtime/helpers/asyncToGenerator.js:22:7
      at Object.confirmDeleteWallet (node_modules/@babel/runtime/helpers/asyncToGenerator.js:14:12)
      at confirmDeleteWallet (hooks/__tests__/useSettings.test.js:232:30)
      at asyncGeneratorStep (node_modules/@babel/runtime/helpers/asyncToGenerator.js:3:17)
      at _next (node_modules/@babel/runtime/helpers/asyncToGenerator.js:17:9)
      at node_modules/@babel/runtime/helpers/asyncToGenerator.js:22:7
      at node_modules/@babel/runtime/helpers/asyncToGenerator.js:14:12
      at process.env.NODE_ENV.exports.act (node_modules/react/cjs/react.development.js:789:22)
      at Object.<anonymous> (hooks/__tests__/useSettings.test.js:231:16)
      at asyncGeneratorStep (node_modules/@babel/runtime/helpers/asyncToGenerator.js:3:17)
      at _next (node_modules/@babel/runtime/helpers/asyncToGenerator.js:17:9)
      at node_modules/@babel/runtime/helpers/asyncToGenerator.js:22:7
      at Object.<anonymous> (node_modules/@babel/runtime/helpers/asyncToGenerator.js:14:12)

    console.error
      react-test-renderer is deprecated. See https://react.dev/warnings/react-test-renderer

      35 |   let component;
      36 |   act(() => {
    > 37 |     component = create(<TestComponent hookProps={initialProps} />);
         |                       ^
      38 |   });
      39 |   return {
      40 |     result,

      at process.env.NODE_ENV.exports.create (node_modules/react-test-renderer/cjs/react-test-renderer.development.js:14598:17)
      at hooks/__tests__/useSettings.test.js:37:23
      at process.env.NODE_ENV.exports.act (node_modules/react/cjs/react.development.js:789:22)
      at renderHook (hooks/__tests__/useSettings.test.js:36:6)
      at Object.renderHook (hooks/__tests__/useSettings.test.js:242:26)
      at asyncGeneratorStep (node_modules/@babel/runtime/helpers/asyncToGenerator.js:3:17)
      at _next (node_modules/@babel/runtime/helpers/asyncToGenerator.js:17:9)
      at node_modules/@babel/runtime/helpers/asyncToGenerator.js:22:7
      at Object.<anonymous> (node_modules/@babel/runtime/helpers/asyncToGenerator.js:14:12)

    console.error
      The current testing environment is not configured to support act(...)

      35 |   let component;
      36 |   act(() => {
    > 37 |     component = create(<TestComponent hookProps={initialProps} />);
         |                       ^
      38 |   });
      39 |   return {
      40 |     result,

      at isConcurrentActEnvironment (node_modules/react-test-renderer/cjs/react-test-renderer.development.js:10243:17)
      at warnIfUpdatesNotWrappedWithActDEV (node_modules/react-test-renderer/cjs/react-test-renderer.development.js:11798:7)
      at scheduleUpdateOnFiber (node_modules/react-test-renderer/cjs/react-test-renderer.development.js:10326:9)
      at updateContainerImpl (node_modules/react-test-renderer/cjs/react-test-renderer.development.js:12382:10)
      at updateContainer (node_modules/react-test-renderer/cjs/react-test-renderer.development.js:12326:7)
      at process.env.NODE_ENV.exports.create (node_modules/react-test-renderer/cjs/react-test-renderer.development.js:14630:7)
      at hooks/__tests__/useSettings.test.js:37:23
      at process.env.NODE_ENV.exports.act (node_modules/react/cjs/react.development.js:789:22)
      at renderHook (hooks/__tests__/useSettings.test.js:36:6)
      at Object.renderHook (hooks/__tests__/useSettings.test.js:242:26)
      at asyncGeneratorStep (node_modules/@babel/runtime/helpers/asyncToGenerator.js:3:17)
      at _next (node_modules/@babel/runtime/helpers/asyncToGenerator.js:17:9)
      at node_modules/@babel/runtime/helpers/asyncToGenerator.js:22:7
      at Object.<anonymous> (node_modules/@babel/runtime/helpers/asyncToGenerator.js:14:12)

    console.error
      The current testing environment is not configured to support act(...)

      27 |
      28 |   const handleDeleteWallet = useCallback(() => {
    > 29 |     setShowDeleteModal(true);
         |     ^
      30 |   }, []);
      31 |
      32 |   const confirmDeleteWallet = useCallback(async () => {

      at isConcurrentActEnvironment (node_modules/react-test-renderer/cjs/react-test-renderer.development.js:10243:17)
      at warnIfUpdatesNotWrappedWithActDEV (node_modules/react-test-renderer/cjs/react-test-renderer.development.js:11798:7)
      at scheduleUpdateOnFiber (node_modules/react-test-renderer/cjs/react-test-renderer.development.js:10326:9)
      at dispatchSetStateInternal (node_modules/react-test-renderer/cjs/react-test-renderer.development.js:4148:13)
      at dispatchSetState (node_modules/react-test-renderer/cjs/react-test-renderer.development.js:4107:7)
      at Object.setShowDeleteModal (hooks/useWalletActions.js:29:5)
      at handleDeleteWallet (hooks/__tests__/useSettings.test.js:247:24)
      at process.env.NODE_ENV.exports.act (node_modules/react/cjs/react.development.js:789:22)
      at Object.<anonymous> (hooks/__tests__/useSettings.test.js:246:10)
      at asyncGeneratorStep (node_modules/@babel/runtime/helpers/asyncToGenerator.js:3:17)
      at _next (node_modules/@babel/runtime/helpers/asyncToGenerator.js:17:9)
      at node_modules/@babel/runtime/helpers/asyncToGenerator.js:22:7
      at Object.<anonymous> (node_modules/@babel/runtime/helpers/asyncToGenerator.js:14:12)

    console.error
      The current testing environment is not configured to support act(...)

      31 |
      32 |   const confirmDeleteWallet = useCallback(async () => {
    > 33 |     setShowDeleteModal(false);
         |     ^
      34 |
      35 |     // Require authentication before deleting wallet
      36 |     try {

      at isConcurrentActEnvironment (node_modules/react-test-renderer/cjs/react-test-renderer.development.js:10243:17)
      at warnIfUpdatesNotWrappedWithActDEV (node_modules/react-test-renderer/cjs/react-test-renderer.development.js:11798:7)
      at scheduleUpdateOnFiber (node_modules/react-test-renderer/cjs/react-test-renderer.development.js:10326:9)
      at dispatchSetStateInternal (node_modules/react-test-renderer/cjs/react-test-renderer.development.js:4148:13)
      at dispatchSetState (node_modules/react-test-renderer/cjs/react-test-renderer.development.js:4107:7)
      at Object.setShowDeleteModal (hooks/useWalletActions.js:33:5)
      at asyncGeneratorStep (node_modules/@babel/runtime/helpers/asyncToGenerator.js:3:17)
      at _next (node_modules/@babel/runtime/helpers/asyncToGenerator.js:17:9)
      at node_modules/@babel/runtime/helpers/asyncToGenerator.js:22:7
      at Object.confirmDeleteWallet (node_modules/@babel/runtime/helpers/asyncToGenerator.js:14:12)
      at confirmDeleteWallet (hooks/__tests__/useSettings.test.js:251:30)
      at asyncGeneratorStep (node_modules/@babel/runtime/helpers/asyncToGenerator.js:3:17)
      at _next (node_modules/@babel/runtime/helpers/asyncToGenerator.js:17:9)
      at node_modules/@babel/runtime/helpers/asyncToGenerator.js:22:7
      at node_modules/@babel/runtime/helpers/asyncToGenerator.js:14:12
      at process.env.NODE_ENV.exports.act (node_modules/react/cjs/react.development.js:789:22)
      at Object.<anonymous> (hooks/__tests__/useSettings.test.js:250:16)
      at asyncGeneratorStep (node_modules/@babel/runtime/helpers/asyncToGenerator.js:3:17)
      at _next (node_modules/@babel/runtime/helpers/asyncToGenerator.js:17:9)
      at node_modules/@babel/runtime/helpers/asyncToGenerator.js:22:7
      at Object.<anonymous> (node_modules/@babel/runtime/helpers/asyncToGenerator.js:14:12)

    console.error
      react-test-renderer is deprecated. See https://react.dev/warnings/react-test-renderer

      35 |   let component;
      36 |   act(() => {
    > 37 |     component = create(<TestComponent hookProps={initialProps} />);
         |                       ^
      38 |   });
      39 |   return {
      40 |     result,

      at process.env.NODE_ENV.exports.create (node_modules/react-test-renderer/cjs/react-test-renderer.development.js:14598:17)
      at hooks/__tests__/useSettings.test.js:37:23
      at process.env.NODE_ENV.exports.act (node_modules/react/cjs/react.development.js:789:22)
      at renderHook (hooks/__tests__/useSettings.test.js:36:6)
      at Object.renderHook (hooks/__tests__/useSettings.test.js:258:26)

    console.error
      The current testing environment is not configured to support act(...)

      35 |   let component;
      36 |   act(() => {
    > 37 |     component = create(<TestComponent hookProps={initialProps} />);
         |                       ^
      38 |   });
      39 |   return {
      40 |     result,

      at isConcurrentActEnvironment (node_modules/react-test-renderer/cjs/react-test-renderer.development.js:10243:17)
      at warnIfUpdatesNotWrappedWithActDEV (node_modules/react-test-renderer/cjs/react-test-renderer.development.js:11798:7)
      at scheduleUpdateOnFiber (node_modules/react-test-renderer/cjs/react-test-renderer.development.js:10326:9)
      at updateContainerImpl (node_modules/react-test-renderer/cjs/react-test-renderer.development.js:12382:10)
      at updateContainer (node_modules/react-test-renderer/cjs/react-test-renderer.development.js:12326:7)
      at process.env.NODE_ENV.exports.create (node_modules/react-test-renderer/cjs/react-test-renderer.development.js:14630:7)
      at hooks/__tests__/useSettings.test.js:37:23
      at process.env.NODE_ENV.exports.act (node_modules/react/cjs/react.development.js:789:22)
      at renderHook (hooks/__tests__/useSettings.test.js:36:6)
      at Object.renderHook (hooks/__tests__/useSettings.test.js:258:26)

    console.error
      The current testing environment is not configured to support act(...)

      27 |
      28 |   const handleDeleteWallet = useCallback(() => {
    > 29 |     setShowDeleteModal(true);
         |     ^
      30 |   }, []);
      31 |
      32 |   const confirmDeleteWallet = useCallback(async () => {

      at isConcurrentActEnvironment (node_modules/react-test-renderer/cjs/react-test-renderer.development.js:10243:17)
      at warnIfUpdatesNotWrappedWithActDEV (node_modules/react-test-renderer/cjs/react-test-renderer.development.js:11798:7)
      at scheduleUpdateOnFiber (node_modules/react-test-renderer/cjs/react-test-renderer.development.js:10326:9)
      at dispatchSetStateInternal (node_modules/react-test-renderer/cjs/react-test-renderer.development.js:4148:13)
      at dispatchSetState (node_modules/react-test-renderer/cjs/react-test-renderer.development.js:4107:7)
      at Object.setShowDeleteModal (hooks/useWalletActions.js:29:5)
      at handleDeleteWallet (hooks/__tests__/useSettings.test.js:263:24)
      at process.env.NODE_ENV.exports.act (node_modules/react/cjs/react.development.js:789:22)
      at Object.<anonymous> (hooks/__tests__/useSettings.test.js:262:10)

    console.error
      The current testing environment is not configured to support act(...)

      83 |
      84 |   const cancelDeleteWallet = useCallback(() => {
    > 85 |     setShowDeleteModal(false);
         |     ^
      86 |   }, []);
      87 |
      88 |   const handleViewSeedPhrase = useCallback(() => {

      at isConcurrentActEnvironment (node_modules/react-test-renderer/cjs/react-test-renderer.development.js:10243:17)
      at warnIfUpdatesNotWrappedWithActDEV (node_modules/react-test-renderer/cjs/react-test-renderer.development.js:11798:7)
      at scheduleUpdateOnFiber (node_modules/react-test-renderer/cjs/react-test-renderer.development.js:10326:9)
      at dispatchSetStateInternal (node_modules/react-test-renderer/cjs/react-test-renderer.development.js:4148:13)
      at dispatchSetState (node_modules/react-test-renderer/cjs/react-test-renderer.development.js:4107:7)
      at Object.setShowDeleteModal (hooks/useWalletActions.js:85:5)
      at cancelDeleteWallet (hooks/__tests__/useSettings.test.js:267:24)
      at process.env.NODE_ENV.exports.act (node_modules/react/cjs/react.development.js:789:22)
      at Object.<anonymous> (hooks/__tests__/useSettings.test.js:266:10)

    console.error
      react-test-renderer is deprecated. See https://react.dev/warnings/react-test-renderer

      35 |   let component;
      36 |   act(() => {
    > 37 |     component = create(<TestComponent hookProps={initialProps} />);
         |                       ^
      38 |   });
      39 |   return {
      40 |     result,

      at process.env.NODE_ENV.exports.create (node_modules/react-test-renderer/cjs/react-test-renderer.development.js:14598:17)
      at hooks/__tests__/useSettings.test.js:37:23
      at process.env.NODE_ENV.exports.act (node_modules/react/cjs/react.development.js:789:22)
      at renderHook (hooks/__tests__/useSettings.test.js:36:6)
      at Object.renderHook (hooks/__tests__/useSettings.test.js:276:26)

    console.error
      The current testing environment is not configured to support act(...)

      35 |   let component;
      36 |   act(() => {
    > 37 |     component = create(<TestComponent hookProps={initialProps} />);
         |                       ^
      38 |   });
      39 |   return {
      40 |     result,

      at isConcurrentActEnvironment (node_modules/react-test-renderer/cjs/react-test-renderer.development.js:10243:17)
      at warnIfUpdatesNotWrappedWithActDEV (node_modules/react-test-renderer/cjs/react-test-renderer.development.js:11798:7)
      at scheduleUpdateOnFiber (node_modules/react-test-renderer/cjs/react-test-renderer.development.js:10326:9)
      at updateContainerImpl (node_modules/react-test-renderer/cjs/react-test-renderer.development.js:12382:10)
      at updateContainer (node_modules/react-test-renderer/cjs/react-test-renderer.development.js:12326:7)
      at process.env.NODE_ENV.exports.create (node_modules/react-test-renderer/cjs/react-test-renderer.development.js:14630:7)
      at hooks/__tests__/useSettings.test.js:37:23
      at process.env.NODE_ENV.exports.act (node_modules/react/cjs/react.development.js:789:22)
      at renderHook (hooks/__tests__/useSettings.test.js:36:6)
      at Object.renderHook (hooks/__tests__/useSettings.test.js:276:26)

    console.error
      react-test-renderer is deprecated. See https://react.dev/warnings/react-test-renderer

      35 |   let component;
      36 |   act(() => {
    > 37 |     component = create(<TestComponent hookProps={initialProps} />);
         |                       ^
      38 |   });
      39 |   return {
      40 |     result,

      at process.env.NODE_ENV.exports.create (node_modules/react-test-renderer/cjs/react-test-renderer.development.js:14598:17)
      at hooks/__tests__/useSettings.test.js:37:23
      at process.env.NODE_ENV.exports.act (node_modules/react/cjs/react.development.js:789:22)
      at renderHook (hooks/__tests__/useSettings.test.js:36:6)
      at Object.renderHook (hooks/__tests__/useSettings.test.js:290:26)

    console.error
      The current testing environment is not configured to support act(...)

      35 |   let component;
      36 |   act(() => {
    > 37 |     component = create(<TestComponent hookProps={initialProps} />);
         |                       ^
      38 |   });
      39 |   return {
      40 |     result,

      at isConcurrentActEnvironment (node_modules/react-test-renderer/cjs/react-test-renderer.development.js:10243:17)
      at warnIfUpdatesNotWrappedWithActDEV (node_modules/react-test-renderer/cjs/react-test-renderer.development.js:11798:7)
      at scheduleUpdateOnFiber (node_modules/react-test-renderer/cjs/react-test-renderer.development.js:10326:9)
      at updateContainerImpl (node_modules/react-test-renderer/cjs/react-test-renderer.development.js:12382:10)
      at updateContainer (node_modules/react-test-renderer/cjs/react-test-renderer.development.js:12326:7)
      at process.env.NODE_ENV.exports.create (node_modules/react-test-renderer/cjs/react-test-renderer.development.js:14630:7)
      at hooks/__tests__/useSettings.test.js:37:23
      at process.env.NODE_ENV.exports.act (node_modules/react/cjs/react.development.js:789:22)
      at renderHook (hooks/__tests__/useSettings.test.js:36:6)
      at Object.renderHook (hooks/__tests__/useSettings.test.js:290:26)

    console.error
      react-test-renderer is deprecated. See https://react.dev/warnings/react-test-renderer

      35 |   let component;
      36 |   act(() => {
    > 37 |     component = create(<TestComponent hookProps={initialProps} />);
         |                       ^
      38 |   });
      39 |   return {
      40 |     result,

      at process.env.NODE_ENV.exports.create (node_modules/react-test-renderer/cjs/react-test-renderer.development.js:14598:17)
      at hooks/__tests__/useSettings.test.js:37:23
      at process.env.NODE_ENV.exports.act (node_modules/react/cjs/react.development.js:789:22)
      at renderHook (hooks/__tests__/useSettings.test.js:36:6)
      at Object.renderHook (hooks/__tests__/useSettings.test.js:304:26)

    console.error
      The current testing environment is not configured to support act(...)

      35 |   let component;
      36 |   act(() => {
    > 37 |     component = create(<TestComponent hookProps={initialProps} />);
         |                       ^
      38 |   });
      39 |   return {
      40 |     result,

      at isConcurrentActEnvironment (node_modules/react-test-renderer/cjs/react-test-renderer.development.js:10243:17)
      at warnIfUpdatesNotWrappedWithActDEV (node_modules/react-test-renderer/cjs/react-test-renderer.development.js:11798:7)
      at scheduleUpdateOnFiber (node_modules/react-test-renderer/cjs/react-test-renderer.development.js:10326:9)
      at updateContainerImpl (node_modules/react-test-renderer/cjs/react-test-renderer.development.js:12382:10)
      at updateContainer (node_modules/react-test-renderer/cjs/react-test-renderer.development.js:12326:7)
      at process.env.NODE_ENV.exports.create (node_modules/react-test-renderer/cjs/react-test-renderer.development.js:14630:7)
      at hooks/__tests__/useSettings.test.js:37:23
      at process.env.NODE_ENV.exports.act (node_modules/react/cjs/react.development.js:789:22)
      at renderHook (hooks/__tests__/useSettings.test.js:36:6)
      at Object.renderHook (hooks/__tests__/useSettings.test.js:304:26)

    console.error
      The current testing environment is not configured to support act(...)

      19 |     const newValue = !biometricEnabled;
      20 |     setPendingFaceIdValue(newValue);
    > 21 |     setShowFaceIdModal(true);
         |     ^
      22 |   }, [biometricEnabled]);
      23 |
      24 |   const confirmFaceIdToggle = useCallback(async () => {

      at isConcurrentActEnvironment (node_modules/react-test-renderer/cjs/react-test-renderer.development.js:10243:17)
      at warnIfUpdatesNotWrappedWithActDEV (node_modules/react-test-renderer/cjs/react-test-renderer.development.js:11798:7)
      at scheduleUpdateOnFiber (node_modules/react-test-renderer/cjs/react-test-renderer.development.js:10326:9)
      at dispatchSetStateInternal (node_modules/react-test-renderer/cjs/react-test-renderer.development.js:4148:13)
      at dispatchSetState (node_modules/react-test-renderer/cjs/react-test-renderer.development.js:4107:7)
      at Object.setShowFaceIdModal (hooks/useAuthSettings.js:21:5)
      at handleFaceIdToggle (hooks/__tests__/useSettings.test.js:309:24)
      at process.env.NODE_ENV.exports.act (node_modules/react/cjs/react.development.js:789:22)
      at Object.<anonymous> (hooks/__tests__/useSettings.test.js:308:10)

    console.error
      react-test-renderer is deprecated. See https://react.dev/warnings/react-test-renderer

      35 |   let component;
      36 |   act(() => {
    > 37 |     component = create(<TestComponent hookProps={initialProps} />);
         |                       ^
      38 |   });
      39 |   return {
      40 |     result,

      at process.env.NODE_ENV.exports.create (node_modules/react-test-renderer/cjs/react-test-renderer.development.js:14598:17)
      at hooks/__tests__/useSettings.test.js:37:23
      at process.env.NODE_ENV.exports.act (node_modules/react/cjs/react.development.js:789:22)
      at renderHook (hooks/__tests__/useSettings.test.js:36:6)
      at Object.renderHook (hooks/__tests__/useSettings.test.js:318:26)
      at asyncGeneratorStep (node_modules/@babel/runtime/helpers/asyncToGenerator.js:3:17)
      at _next (node_modules/@babel/runtime/helpers/asyncToGenerator.js:17:9)
      at node_modules/@babel/runtime/helpers/asyncToGenerator.js:22:7
      at Object.<anonymous> (node_modules/@babel/runtime/helpers/asyncToGenerator.js:14:12)

    console.error
      The current testing environment is not configured to support act(...)

      35 |   let component;
      36 |   act(() => {
    > 37 |     component = create(<TestComponent hookProps={initialProps} />);
         |                       ^
      38 |   });
      39 |   return {
      40 |     result,

      at isConcurrentActEnvironment (node_modules/react-test-renderer/cjs/react-test-renderer.development.js:10243:17)
      at warnIfUpdatesNotWrappedWithActDEV (node_modules/react-test-renderer/cjs/react-test-renderer.development.js:11798:7)
      at scheduleUpdateOnFiber (node_modules/react-test-renderer/cjs/react-test-renderer.development.js:10326:9)
      at updateContainerImpl (node_modules/react-test-renderer/cjs/react-test-renderer.development.js:12382:10)
      at updateContainer (node_modules/react-test-renderer/cjs/react-test-renderer.development.js:12326:7)
      at process.env.NODE_ENV.exports.create (node_modules/react-test-renderer/cjs/react-test-renderer.development.js:14630:7)
      at hooks/__tests__/useSettings.test.js:37:23
      at process.env.NODE_ENV.exports.act (node_modules/react/cjs/react.development.js:789:22)
      at renderHook (hooks/__tests__/useSettings.test.js:36:6)
      at Object.renderHook (hooks/__tests__/useSettings.test.js:318:26)
      at asyncGeneratorStep (node_modules/@babel/runtime/helpers/asyncToGenerator.js:3:17)
      at _next (node_modules/@babel/runtime/helpers/asyncToGenerator.js:17:9)
      at node_modules/@babel/runtime/helpers/asyncToGenerator.js:22:7
      at Object.<anonymous> (node_modules/@babel/runtime/helpers/asyncToGenerator.js:14:12)

    console.error
      The current testing environment is not configured to support act(...)

      19 |     const newValue = !biometricEnabled;
      20 |     setPendingFaceIdValue(newValue);
    > 21 |     setShowFaceIdModal(true);
         |     ^
      22 |   }, [biometricEnabled]);
      23 |
      24 |   const confirmFaceIdToggle = useCallback(async () => {

      at isConcurrentActEnvironment (node_modules/react-test-renderer/cjs/react-test-renderer.development.js:10243:17)
      at warnIfUpdatesNotWrappedWithActDEV (node_modules/react-test-renderer/cjs/react-test-renderer.development.js:11798:7)
      at scheduleUpdateOnFiber (node_modules/react-test-renderer/cjs/react-test-renderer.development.js:10326:9)
      at dispatchSetStateInternal (node_modules/react-test-renderer/cjs/react-test-renderer.development.js:4148:13)
      at dispatchSetState (node_modules/react-test-renderer/cjs/react-test-renderer.development.js:4107:7)
      at Object.setShowFaceIdModal (hooks/useAuthSettings.js:21:5)
      at handleFaceIdToggle (hooks/__tests__/useSettings.test.js:323:24)
      at process.env.NODE_ENV.exports.act (node_modules/react/cjs/react.development.js:789:22)
      at Object.<anonymous> (hooks/__tests__/useSettings.test.js:322:10)
      at asyncGeneratorStep (node_modules/@babel/runtime/helpers/asyncToGenerator.js:3:17)
      at _next (node_modules/@babel/runtime/helpers/asyncToGenerator.js:17:9)
      at node_modules/@babel/runtime/helpers/asyncToGenerator.js:22:7
      at Object.<anonymous> (node_modules/@babel/runtime/helpers/asyncToGenerator.js:14:12)

    console.error
      The current testing environment is not configured to support act(...)

      23 |
      24 |   const confirmFaceIdToggle = useCallback(async () => {
    > 25 |     setShowFaceIdModal(false);
         |     ^
      26 |     const newValue = pendingFaceIdValue;
      27 |
      28 |     // If enabling, require authentication first

      at isConcurrentActEnvironment (node_modules/react-test-renderer/cjs/react-test-renderer.development.js:10243:17)
      at warnIfUpdatesNotWrappedWithActDEV (node_modules/react-test-renderer/cjs/react-test-renderer.development.js:11798:7)
      at scheduleUpdateOnFiber (node_modules/react-test-renderer/cjs/react-test-renderer.development.js:10326:9)
      at dispatchSetStateInternal (node_modules/react-test-renderer/cjs/react-test-renderer.development.js:4148:13)
      at dispatchSetState (node_modules/react-test-renderer/cjs/react-test-renderer.development.js:4107:7)
      at Object.setShowFaceIdModal (hooks/useAuthSettings.js:25:5)
      at asyncGeneratorStep (node_modules/@babel/runtime/helpers/asyncToGenerator.js:3:17)
      at _next (node_modules/@babel/runtime/helpers/asyncToGenerator.js:17:9)
      at node_modules/@babel/runtime/helpers/asyncToGenerator.js:22:7
      at Object.confirmFaceIdToggle (node_modules/@babel/runtime/helpers/asyncToGenerator.js:14:12)
      at confirmFaceIdToggle (hooks/__tests__/useSettings.test.js:327:30)
      at asyncGeneratorStep (node_modules/@babel/runtime/helpers/asyncToGenerator.js:3:17)
      at _next (node_modules/@babel/runtime/helpers/asyncToGenerator.js:17:9)
      at node_modules/@babel/runtime/helpers/asyncToGenerator.js:22:7
      at node_modules/@babel/runtime/helpers/asyncToGenerator.js:14:12
      at process.env.NODE_ENV.exports.act (node_modules/react/cjs/react.development.js:789:22)
      at Object.<anonymous> (hooks/__tests__/useSettings.test.js:326:16)
      at asyncGeneratorStep (node_modules/@babel/runtime/helpers/asyncToGenerator.js:3:17)
      at _next (node_modules/@babel/runtime/helpers/asyncToGenerator.js:17:9)
      at node_modules/@babel/runtime/helpers/asyncToGenerator.js:22:7
      at Object.<anonymous> (node_modules/@babel/runtime/helpers/asyncToGenerator.js:14:12)

    console.error
      react-test-renderer is deprecated. See https://react.dev/warnings/react-test-renderer

      35 |   let component;
      36 |   act(() => {
    > 37 |     component = create(<TestComponent hookProps={initialProps} />);
         |                       ^
      38 |   });
      39 |   return {
      40 |     result,

      at process.env.NODE_ENV.exports.create (node_modules/react-test-renderer/cjs/react-test-renderer.development.js:14598:17)
      at hooks/__tests__/useSettings.test.js:37:23
      at process.env.NODE_ENV.exports.act (node_modules/react/cjs/react.development.js:789:22)
      at renderHook (hooks/__tests__/useSettings.test.js:36:6)
      at Object.renderHook (hooks/__tests__/useSettings.test.js:336:26)

    console.error
      The current testing environment is not configured to support act(...)

      35 |   let component;
      36 |   act(() => {
    > 37 |     component = create(<TestComponent hookProps={initialProps} />);
         |                       ^
      38 |   });
      39 |   return {
      40 |     result,

      at isConcurrentActEnvironment (node_modules/react-test-renderer/cjs/react-test-renderer.development.js:10243:17)
      at warnIfUpdatesNotWrappedWithActDEV (node_modules/react-test-renderer/cjs/react-test-renderer.development.js:11798:7)
      at scheduleUpdateOnFiber (node_modules/react-test-renderer/cjs/react-test-renderer.development.js:10326:9)
      at updateContainerImpl (node_modules/react-test-renderer/cjs/react-test-renderer.development.js:12382:10)
      at updateContainer (node_modules/react-test-renderer/cjs/react-test-renderer.development.js:12326:7)
      at process.env.NODE_ENV.exports.create (node_modules/react-test-renderer/cjs/react-test-renderer.development.js:14630:7)
      at hooks/__tests__/useSettings.test.js:37:23
      at process.env.NODE_ENV.exports.act (node_modules/react/cjs/react.development.js:789:22)
      at renderHook (hooks/__tests__/useSettings.test.js:36:6)
      at Object.renderHook (hooks/__tests__/useSettings.test.js:336:26)

    console.error
      The current testing environment is not configured to support act(...)

      18 |   const handleFaceIdToggle = useCallback(() => {
      19 |     const newValue = !biometricEnabled;
    > 20 |     setPendingFaceIdValue(newValue);
         |     ^
      21 |     setShowFaceIdModal(true);
      22 |   }, [biometricEnabled]);
      23 |

      at isConcurrentActEnvironment (node_modules/react-test-renderer/cjs/react-test-renderer.development.js:10243:17)
      at warnIfUpdatesNotWrappedWithActDEV (node_modules/react-test-renderer/cjs/react-test-renderer.development.js:11798:7)
      at scheduleUpdateOnFiber (node_modules/react-test-renderer/cjs/react-test-renderer.development.js:10326:9)
      at dispatchSetStateInternal (node_modules/react-test-renderer/cjs/react-test-renderer.development.js:4148:13)
      at dispatchSetState (node_modules/react-test-renderer/cjs/react-test-renderer.development.js:4107:7)
      at Object.setPendingFaceIdValue [as handleFaceIdToggle] (hooks/useAuthSettings.js:20:5)
      at handleFaceIdToggle (hooks/__tests__/useSettings.test.js:341:24)
      at process.env.NODE_ENV.exports.act (node_modules/react/cjs/react.development.js:789:22)
      at Object.<anonymous> (hooks/__tests__/useSettings.test.js:340:10)

    console.error
      The current testing environment is not configured to support act(...)

      19 |     const newValue = !biometricEnabled;
      20 |     setPendingFaceIdValue(newValue);
    > 21 |     setShowFaceIdModal(true);
         |     ^
      22 |   }, [biometricEnabled]);
      23 |
      24 |   const confirmFaceIdToggle = useCallback(async () => {

      at isConcurrentActEnvironment (node_modules/react-test-renderer/cjs/react-test-renderer.development.js:10243:17)
      at warnIfUpdatesNotWrappedWithActDEV (node_modules/react-test-renderer/cjs/react-test-renderer.development.js:11798:7)
      at scheduleUpdateOnFiber (node_modules/react-test-renderer/cjs/react-test-renderer.development.js:10326:9)
      at dispatchSetStateInternal (node_modules/react-test-renderer/cjs/react-test-renderer.development.js:4148:13)
      at dispatchSetState (node_modules/react-test-renderer/cjs/react-test-renderer.development.js:4107:7)
      at Object.setShowFaceIdModal (hooks/useAuthSettings.js:21:5)
      at handleFaceIdToggle (hooks/__tests__/useSettings.test.js:341:24)
      at process.env.NODE_ENV.exports.act (node_modules/react/cjs/react.development.js:789:22)
      at Object.<anonymous> (hooks/__tests__/useSettings.test.js:340:10)

    console.error
      react-test-renderer is deprecated. See https://react.dev/warnings/react-test-renderer

      35 |   let component;
      36 |   act(() => {
    > 37 |     component = create(<TestComponent hookProps={initialProps} />);
         |                       ^
      38 |   });
      39 |   return {
      40 |     result,

      at process.env.NODE_ENV.exports.create (node_modules/react-test-renderer/cjs/react-test-renderer.development.js:14598:17)
      at hooks/__tests__/useSettings.test.js:37:23
      at process.env.NODE_ENV.exports.act (node_modules/react/cjs/react.development.js:789:22)
      at renderHook (hooks/__tests__/useSettings.test.js:36:6)
      at Object.renderHook (hooks/__tests__/useSettings.test.js:350:26)
      at asyncGeneratorStep (node_modules/@babel/runtime/helpers/asyncToGenerator.js:3:17)
      at _next (node_modules/@babel/runtime/helpers/asyncToGenerator.js:17:9)
      at node_modules/@babel/runtime/helpers/asyncToGenerator.js:22:7
      at Object.<anonymous> (node_modules/@babel/runtime/helpers/asyncToGenerator.js:14:12)

    console.error
      The current testing environment is not configured to support act(...)

      35 |   let component;
      36 |   act(() => {
    > 37 |     component = create(<TestComponent hookProps={initialProps} />);
         |                       ^
      38 |   });
      39 |   return {
      40 |     result,

      at isConcurrentActEnvironment (node_modules/react-test-renderer/cjs/react-test-renderer.development.js:10243:17)
      at warnIfUpdatesNotWrappedWithActDEV (node_modules/react-test-renderer/cjs/react-test-renderer.development.js:11798:7)
      at scheduleUpdateOnFiber (node_modules/react-test-renderer/cjs/react-test-renderer.development.js:10326:9)
      at updateContainerImpl (node_modules/react-test-renderer/cjs/react-test-renderer.development.js:12382:10)
      at updateContainer (node_modules/react-test-renderer/cjs/react-test-renderer.development.js:12326:7)
      at process.env.NODE_ENV.exports.create (node_modules/react-test-renderer/cjs/react-test-renderer.development.js:14630:7)
      at hooks/__tests__/useSettings.test.js:37:23
      at process.env.NODE_ENV.exports.act (node_modules/react/cjs/react.development.js:789:22)
      at renderHook (hooks/__tests__/useSettings.test.js:36:6)
      at Object.renderHook (hooks/__tests__/useSettings.test.js:350:26)
      at asyncGeneratorStep (node_modules/@babel/runtime/helpers/asyncToGenerator.js:3:17)
      at _next (node_modules/@babel/runtime/helpers/asyncToGenerator.js:17:9)
      at node_modules/@babel/runtime/helpers/asyncToGenerator.js:22:7
      at Object.<anonymous> (node_modules/@babel/runtime/helpers/asyncToGenerator.js:14:12)

    console.error
      The current testing environment is not configured to support act(...)

      18 |   const handleFaceIdToggle = useCallback(() => {
      19 |     const newValue = !biometricEnabled;
    > 20 |     setPendingFaceIdValue(newValue);
         |     ^
      21 |     setShowFaceIdModal(true);
      22 |   }, [biometricEnabled]);
      23 |

      at isConcurrentActEnvironment (node_modules/react-test-renderer/cjs/react-test-renderer.development.js:10243:17)
      at warnIfUpdatesNotWrappedWithActDEV (node_modules/react-test-renderer/cjs/react-test-renderer.development.js:11798:7)
      at scheduleUpdateOnFiber (node_modules/react-test-renderer/cjs/react-test-renderer.development.js:10326:9)
      at dispatchSetStateInternal (node_modules/react-test-renderer/cjs/react-test-renderer.development.js:4148:13)
      at dispatchSetState (node_modules/react-test-renderer/cjs/react-test-renderer.development.js:4107:7)
      at Object.setPendingFaceIdValue [as handleFaceIdToggle] (hooks/useAuthSettings.js:20:5)
      at handleFaceIdToggle (hooks/__tests__/useSettings.test.js:355:24)
      at process.env.NODE_ENV.exports.act (node_modules/react/cjs/react.development.js:789:22)
      at Object.<anonymous> (hooks/__tests__/useSettings.test.js:354:10)
      at asyncGeneratorStep (node_modules/@babel/runtime/helpers/asyncToGenerator.js:3:17)
      at _next (node_modules/@babel/runtime/helpers/asyncToGenerator.js:17:9)
      at node_modules/@babel/runtime/helpers/asyncToGenerator.js:22:7
      at Object.<anonymous> (node_modules/@babel/runtime/helpers/asyncToGenerator.js:14:12)

    console.error
      The current testing environment is not configured to support act(...)

      19 |     const newValue = !biometricEnabled;
      20 |     setPendingFaceIdValue(newValue);
    > 21 |     setShowFaceIdModal(true);
         |     ^
      22 |   }, [biometricEnabled]);
      23 |
      24 |   const confirmFaceIdToggle = useCallback(async () => {

      at isConcurrentActEnvironment (node_modules/react-test-renderer/cjs/react-test-renderer.development.js:10243:17)
      at warnIfUpdatesNotWrappedWithActDEV (node_modules/react-test-renderer/cjs/react-test-renderer.development.js:11798:7)
      at scheduleUpdateOnFiber (node_modules/react-test-renderer/cjs/react-test-renderer.development.js:10326:9)
      at dispatchSetStateInternal (node_modules/react-test-renderer/cjs/react-test-renderer.development.js:4148:13)
      at dispatchSetState (node_modules/react-test-renderer/cjs/react-test-renderer.development.js:4107:7)
      at Object.setShowFaceIdModal (hooks/useAuthSettings.js:21:5)
      at handleFaceIdToggle (hooks/__tests__/useSettings.test.js:355:24)
      at process.env.NODE_ENV.exports.act (node_modules/react/cjs/react.development.js:789:22)
      at Object.<anonymous> (hooks/__tests__/useSettings.test.js:354:10)
      at asyncGeneratorStep (node_modules/@babel/runtime/helpers/asyncToGenerator.js:3:17)
      at _next (node_modules/@babel/runtime/helpers/asyncToGenerator.js:17:9)
      at node_modules/@babel/runtime/helpers/asyncToGenerator.js:22:7
      at Object.<anonymous> (node_modules/@babel/runtime/helpers/asyncToGenerator.js:14:12)

    console.error
      The current testing environment is not configured to support act(...)

      23 |
      24 |   const confirmFaceIdToggle = useCallback(async () => {
    > 25 |     setShowFaceIdModal(false);
         |     ^
      26 |     const newValue = pendingFaceIdValue;
      27 |
      28 |     // If enabling, require authentication first

      at isConcurrentActEnvironment (node_modules/react-test-renderer/cjs/react-test-renderer.development.js:10243:17)
      at warnIfUpdatesNotWrappedWithActDEV (node_modules/react-test-renderer/cjs/react-test-renderer.development.js:11798:7)
      at scheduleUpdateOnFiber (node_modules/react-test-renderer/cjs/react-test-renderer.development.js:10326:9)
      at dispatchSetStateInternal (node_modules/react-test-renderer/cjs/react-test-renderer.development.js:4148:13)
      at dispatchSetState (node_modules/react-test-renderer/cjs/react-test-renderer.development.js:4107:7)
      at Object.setShowFaceIdModal (hooks/useAuthSettings.js:25:5)
      at asyncGeneratorStep (node_modules/@babel/runtime/helpers/asyncToGenerator.js:3:17)
      at _next (node_modules/@babel/runtime/helpers/asyncToGenerator.js:17:9)
      at node_modules/@babel/runtime/helpers/asyncToGenerator.js:22:7
      at Object.confirmFaceIdToggle (node_modules/@babel/runtime/helpers/asyncToGenerator.js:14:12)
      at confirmFaceIdToggle (hooks/__tests__/useSettings.test.js:359:30)
      at asyncGeneratorStep (node_modules/@babel/runtime/helpers/asyncToGenerator.js:3:17)
      at _next (node_modules/@babel/runtime/helpers/asyncToGenerator.js:17:9)
      at node_modules/@babel/runtime/helpers/asyncToGenerator.js:22:7
      at node_modules/@babel/runtime/helpers/asyncToGenerator.js:14:12
      at process.env.NODE_ENV.exports.act (node_modules/react/cjs/react.development.js:789:22)
      at Object.<anonymous> (hooks/__tests__/useSettings.test.js:358:16)
      at asyncGeneratorStep (node_modules/@babel/runtime/helpers/asyncToGenerator.js:3:17)
      at _next (node_modules/@babel/runtime/helpers/asyncToGenerator.js:17:9)
      at node_modules/@babel/runtime/helpers/asyncToGenerator.js:22:7
      at Object.<anonymous> (node_modules/@babel/runtime/helpers/asyncToGenerator.js:14:12)

    console.error
      react-test-renderer is deprecated. See https://react.dev/warnings/react-test-renderer

      35 |   let component;
      36 |   act(() => {
    > 37 |     component = create(<TestComponent hookProps={initialProps} />);
         |                       ^
      38 |   });
      39 |   return {
      40 |     result,

      at process.env.NODE_ENV.exports.create (node_modules/react-test-renderer/cjs/react-test-renderer.development.js:14598:17)
      at hooks/__tests__/useSettings.test.js:37:23
      at process.env.NODE_ENV.exports.act (node_modules/react/cjs/react.development.js:789:22)
      at renderHook (hooks/__tests__/useSettings.test.js:36:6)
      at Object.renderHook (hooks/__tests__/useSettings.test.js:377:26)
      at asyncGeneratorStep (node_modules/@babel/runtime/helpers/asyncToGenerator.js:3:17)
      at _next (node_modules/@babel/runtime/helpers/asyncToGenerator.js:17:9)
      at node_modules/@babel/runtime/helpers/asyncToGenerator.js:22:7
      at Object.<anonymous> (node_modules/@babel/runtime/helpers/asyncToGenerator.js:14:12)

    console.error
      The current testing environment is not configured to support act(...)

      35 |   let component;
      36 |   act(() => {
    > 37 |     component = create(<TestComponent hookProps={initialProps} />);
         |                       ^
      38 |   });
      39 |   return {
      40 |     result,

      at isConcurrentActEnvironment (node_modules/react-test-renderer/cjs/react-test-renderer.development.js:10243:17)
      at warnIfUpdatesNotWrappedWithActDEV (node_modules/react-test-renderer/cjs/react-test-renderer.development.js:11798:7)
      at scheduleUpdateOnFiber (node_modules/react-test-renderer/cjs/react-test-renderer.development.js:10326:9)
      at updateContainerImpl (node_modules/react-test-renderer/cjs/react-test-renderer.development.js:12382:10)
      at updateContainer (node_modules/react-test-renderer/cjs/react-test-renderer.development.js:12326:7)
      at process.env.NODE_ENV.exports.create (node_modules/react-test-renderer/cjs/react-test-renderer.development.js:14630:7)
      at hooks/__tests__/useSettings.test.js:37:23
      at process.env.NODE_ENV.exports.act (node_modules/react/cjs/react.development.js:789:22)
      at renderHook (hooks/__tests__/useSettings.test.js:36:6)
      at Object.renderHook (hooks/__tests__/useSettings.test.js:377:26)
      at asyncGeneratorStep (node_modules/@babel/runtime/helpers/asyncToGenerator.js:3:17)
      at _next (node_modules/@babel/runtime/helpers/asyncToGenerator.js:17:9)
      at node_modules/@babel/runtime/helpers/asyncToGenerator.js:22:7
      at Object.<anonymous> (node_modules/@babel/runtime/helpers/asyncToGenerator.js:14:12)

    console.error
      The current testing environment is not configured to support act(...)

      18 |   const handleFaceIdToggle = useCallback(() => {
      19 |     const newValue = !biometricEnabled;
    > 20 |     setPendingFaceIdValue(newValue);
         |     ^
      21 |     setShowFaceIdModal(true);
      22 |   }, [biometricEnabled]);
      23 |

      at isConcurrentActEnvironment (node_modules/react-test-renderer/cjs/react-test-renderer.development.js:10243:17)
      at warnIfUpdatesNotWrappedWithActDEV (node_modules/react-test-renderer/cjs/react-test-renderer.development.js:11798:7)
      at scheduleUpdateOnFiber (node_modules/react-test-renderer/cjs/react-test-renderer.development.js:10326:9)
      at dispatchSetStateInternal (node_modules/react-test-renderer/cjs/react-test-renderer.development.js:4148:13)
      at dispatchSetState (node_modules/react-test-renderer/cjs/react-test-renderer.development.js:4107:7)
      at Object.setPendingFaceIdValue [as handleFaceIdToggle] (hooks/useAuthSettings.js:20:5)
      at handleFaceIdToggle (hooks/__tests__/useSettings.test.js:382:24)
      at process.env.NODE_ENV.exports.act (node_modules/react/cjs/react.development.js:789:22)
      at Object.<anonymous> (hooks/__tests__/useSettings.test.js:381:10)
      at asyncGeneratorStep (node_modules/@babel/runtime/helpers/asyncToGenerator.js:3:17)
      at _next (node_modules/@babel/runtime/helpers/asyncToGenerator.js:17:9)
      at node_modules/@babel/runtime/helpers/asyncToGenerator.js:22:7
      at Object.<anonymous> (node_modules/@babel/runtime/helpers/asyncToGenerator.js:14:12)

    console.error
      The current testing environment is not configured to support act(...)

      19 |     const newValue = !biometricEnabled;
      20 |     setPendingFaceIdValue(newValue);
    > 21 |     setShowFaceIdModal(true);
         |     ^
      22 |   }, [biometricEnabled]);
      23 |
      24 |   const confirmFaceIdToggle = useCallback(async () => {

      at isConcurrentActEnvironment (node_modules/react-test-renderer/cjs/react-test-renderer.development.js:10243:17)
      at warnIfUpdatesNotWrappedWithActDEV (node_modules/react-test-renderer/cjs/react-test-renderer.development.js:11798:7)
      at scheduleUpdateOnFiber (node_modules/react-test-renderer/cjs/react-test-renderer.development.js:10326:9)
      at dispatchSetStateInternal (node_modules/react-test-renderer/cjs/react-test-renderer.development.js:4148:13)
      at dispatchSetState (node_modules/react-test-renderer/cjs/react-test-renderer.development.js:4107:7)
      at Object.setShowFaceIdModal (hooks/useAuthSettings.js:21:5)
      at handleFaceIdToggle (hooks/__tests__/useSettings.test.js:382:24)
      at process.env.NODE_ENV.exports.act (node_modules/react/cjs/react.development.js:789:22)
      at Object.<anonymous> (hooks/__tests__/useSettings.test.js:381:10)
      at asyncGeneratorStep (node_modules/@babel/runtime/helpers/asyncToGenerator.js:3:17)
      at _next (node_modules/@babel/runtime/helpers/asyncToGenerator.js:17:9)
      at node_modules/@babel/runtime/helpers/asyncToGenerator.js:22:7
      at Object.<anonymous> (node_modules/@babel/runtime/helpers/asyncToGenerator.js:14:12)

    console.error
      The current testing environment is not configured to support act(...)

      23 |
      24 |   const confirmFaceIdToggle = useCallback(async () => {
    > 25 |     setShowFaceIdModal(false);
         |     ^
      26 |     const newValue = pendingFaceIdValue;
      27 |
      28 |     // If enabling, require authentication first

      at isConcurrentActEnvironment (node_modules/react-test-renderer/cjs/react-test-renderer.development.js:10243:17)
      at warnIfUpdatesNotWrappedWithActDEV (node_modules/react-test-renderer/cjs/react-test-renderer.development.js:11798:7)
      at scheduleUpdateOnFiber (node_modules/react-test-renderer/cjs/react-test-renderer.development.js:10326:9)
      at dispatchSetStateInternal (node_modules/react-test-renderer/cjs/react-test-renderer.development.js:4148:13)
      at dispatchSetState (node_modules/react-test-renderer/cjs/react-test-renderer.development.js:4107:7)
      at Object.setShowFaceIdModal (hooks/useAuthSettings.js:25:5)
      at asyncGeneratorStep (node_modules/@babel/runtime/helpers/asyncToGenerator.js:3:17)
      at _next (node_modules/@babel/runtime/helpers/asyncToGenerator.js:17:9)
      at node_modules/@babel/runtime/helpers/asyncToGenerator.js:22:7
      at Object.confirmFaceIdToggle (node_modules/@babel/runtime/helpers/asyncToGenerator.js:14:12)
      at confirmFaceIdToggle (hooks/__tests__/useSettings.test.js:386:30)
      at asyncGeneratorStep (node_modules/@babel/runtime/helpers/asyncToGenerator.js:3:17)
      at _next (node_modules/@babel/runtime/helpers/asyncToGenerator.js:17:9)
      at node_modules/@babel/runtime/helpers/asyncToGenerator.js:22:7
      at node_modules/@babel/runtime/helpers/asyncToGenerator.js:14:12
      at process.env.NODE_ENV.exports.act (node_modules/react/cjs/react.development.js:789:22)
      at Object.<anonymous> (hooks/__tests__/useSettings.test.js:385:16)
      at asyncGeneratorStep (node_modules/@babel/runtime/helpers/asyncToGenerator.js:3:17)
      at _next (node_modules/@babel/runtime/helpers/asyncToGenerator.js:17:9)
      at node_modules/@babel/runtime/helpers/asyncToGenerator.js:22:7
      at Object.<anonymous> (node_modules/@babel/runtime/helpers/asyncToGenerator.js:14:12)

    console.error
      react-test-renderer is deprecated. See https://react.dev/warnings/react-test-renderer

      35 |   let component;
      36 |   act(() => {
    > 37 |     component = create(<TestComponent hookProps={initialProps} />);
         |                       ^
      38 |   });
      39 |   return {
      40 |     result,

      at process.env.NODE_ENV.exports.create (node_modules/react-test-renderer/cjs/react-test-renderer.development.js:14598:17)
      at hooks/__tests__/useSettings.test.js:37:23
      at process.env.NODE_ENV.exports.act (node_modules/react/cjs/react.development.js:789:22)
      at renderHook (hooks/__tests__/useSettings.test.js:36:6)
      at Object.renderHook (hooks/__tests__/useSettings.test.js:398:26)
      at asyncGeneratorStep (node_modules/@babel/runtime/helpers/asyncToGenerator.js:3:17)
      at _next (node_modules/@babel/runtime/helpers/asyncToGenerator.js:17:9)
      at node_modules/@babel/runtime/helpers/asyncToGenerator.js:22:7
      at Object.<anonymous> (node_modules/@babel/runtime/helpers/asyncToGenerator.js:14:12)

    console.error
      The current testing environment is not configured to support act(...)

      35 |   let component;
      36 |   act(() => {
    > 37 |     component = create(<TestComponent hookProps={initialProps} />);
         |                       ^
      38 |   });
      39 |   return {
      40 |     result,

      at isConcurrentActEnvironment (node_modules/react-test-renderer/cjs/react-test-renderer.development.js:10243:17)
      at warnIfUpdatesNotWrappedWithActDEV (node_modules/react-test-renderer/cjs/react-test-renderer.development.js:11798:7)
      at scheduleUpdateOnFiber (node_modules/react-test-renderer/cjs/react-test-renderer.development.js:10326:9)
      at updateContainerImpl (node_modules/react-test-renderer/cjs/react-test-renderer.development.js:12382:10)
      at updateContainer (node_modules/react-test-renderer/cjs/react-test-renderer.development.js:12326:7)
      at process.env.NODE_ENV.exports.create (node_modules/react-test-renderer/cjs/react-test-renderer.development.js:14630:7)
      at hooks/__tests__/useSettings.test.js:37:23
      at process.env.NODE_ENV.exports.act (node_modules/react/cjs/react.development.js:789:22)
      at renderHook (hooks/__tests__/useSettings.test.js:36:6)
      at Object.renderHook (hooks/__tests__/useSettings.test.js:398:26)
      at asyncGeneratorStep (node_modules/@babel/runtime/helpers/asyncToGenerator.js:3:17)
      at _next (node_modules/@babel/runtime/helpers/asyncToGenerator.js:17:9)
      at node_modules/@babel/runtime/helpers/asyncToGenerator.js:22:7
      at Object.<anonymous> (node_modules/@babel/runtime/helpers/asyncToGenerator.js:14:12)

    console.error
      The current testing environment is not configured to support act(...)

      18 |   const handleFaceIdToggle = useCallback(() => {
      19 |     const newValue = !biometricEnabled;
    > 20 |     setPendingFaceIdValue(newValue);
         |     ^
      21 |     setShowFaceIdModal(true);
      22 |   }, [biometricEnabled]);
      23 |

      at isConcurrentActEnvironment (node_modules/react-test-renderer/cjs/react-test-renderer.development.js:10243:17)
      at warnIfUpdatesNotWrappedWithActDEV (node_modules/react-test-renderer/cjs/react-test-renderer.development.js:11798:7)
      at scheduleUpdateOnFiber (node_modules/react-test-renderer/cjs/react-test-renderer.development.js:10326:9)
      at dispatchSetStateInternal (node_modules/react-test-renderer/cjs/react-test-renderer.development.js:4148:13)
      at dispatchSetState (node_modules/react-test-renderer/cjs/react-test-renderer.development.js:4107:7)
      at Object.setPendingFaceIdValue [as handleFaceIdToggle] (hooks/useAuthSettings.js:20:5)
      at handleFaceIdToggle (hooks/__tests__/useSettings.test.js:403:24)
      at process.env.NODE_ENV.exports.act (node_modules/react/cjs/react.development.js:789:22)
      at Object.<anonymous> (hooks/__tests__/useSettings.test.js:402:10)
      at asyncGeneratorStep (node_modules/@babel/runtime/helpers/asyncToGenerator.js:3:17)
      at _next (node_modules/@babel/runtime/helpers/asyncToGenerator.js:17:9)
      at node_modules/@babel/runtime/helpers/asyncToGenerator.js:22:7
      at Object.<anonymous> (node_modules/@babel/runtime/helpers/asyncToGenerator.js:14:12)

    console.error
      The current testing environment is not configured to support act(...)

      19 |     const newValue = !biometricEnabled;
      20 |     setPendingFaceIdValue(newValue);
    > 21 |     setShowFaceIdModal(true);
         |     ^
      22 |   }, [biometricEnabled]);
      23 |
      24 |   const confirmFaceIdToggle = useCallback(async () => {

      at isConcurrentActEnvironment (node_modules/react-test-renderer/cjs/react-test-renderer.development.js:10243:17)
      at warnIfUpdatesNotWrappedWithActDEV (node_modules/react-test-renderer/cjs/react-test-renderer.development.js:11798:7)
      at scheduleUpdateOnFiber (node_modules/react-test-renderer/cjs/react-test-renderer.development.js:10326:9)
      at dispatchSetStateInternal (node_modules/react-test-renderer/cjs/react-test-renderer.development.js:4148:13)
      at dispatchSetState (node_modules/react-test-renderer/cjs/react-test-renderer.development.js:4107:7)
      at Object.setShowFaceIdModal (hooks/useAuthSettings.js:21:5)
      at handleFaceIdToggle (hooks/__tests__/useSettings.test.js:403:24)
      at process.env.NODE_ENV.exports.act (node_modules/react/cjs/react.development.js:789:22)
      at Object.<anonymous> (hooks/__tests__/useSettings.test.js:402:10)
      at asyncGeneratorStep (node_modules/@babel/runtime/helpers/asyncToGenerator.js:3:17)
      at _next (node_modules/@babel/runtime/helpers/asyncToGenerator.js:17:9)
      at node_modules/@babel/runtime/helpers/asyncToGenerator.js:22:7
      at Object.<anonymous> (node_modules/@babel/runtime/helpers/asyncToGenerator.js:14:12)

    console.error
      The current testing environment is not configured to support act(...)

      23 |
      24 |   const confirmFaceIdToggle = useCallback(async () => {
    > 25 |     setShowFaceIdModal(false);
         |     ^
      26 |     const newValue = pendingFaceIdValue;
      27 |
      28 |     // If enabling, require authentication first

      at isConcurrentActEnvironment (node_modules/react-test-renderer/cjs/react-test-renderer.development.js:10243:17)
      at warnIfUpdatesNotWrappedWithActDEV (node_modules/react-test-renderer/cjs/react-test-renderer.development.js:11798:7)
      at scheduleUpdateOnFiber (node_modules/react-test-renderer/cjs/react-test-renderer.development.js:10326:9)
      at dispatchSetStateInternal (node_modules/react-test-renderer/cjs/react-test-renderer.development.js:4148:13)
      at dispatchSetState (node_modules/react-test-renderer/cjs/react-test-renderer.development.js:4107:7)
      at Object.setShowFaceIdModal (hooks/useAuthSettings.js:25:5)
      at asyncGeneratorStep (node_modules/@babel/runtime/helpers/asyncToGenerator.js:3:17)
      at _next (node_modules/@babel/runtime/helpers/asyncToGenerator.js:17:9)
      at node_modules/@babel/runtime/helpers/asyncToGenerator.js:22:7
      at Object.confirmFaceIdToggle (node_modules/@babel/runtime/helpers/asyncToGenerator.js:14:12)
      at confirmFaceIdToggle (hooks/__tests__/useSettings.test.js:407:30)
      at asyncGeneratorStep (node_modules/@babel/runtime/helpers/asyncToGenerator.js:3:17)
      at _next (node_modules/@babel/runtime/helpers/asyncToGenerator.js:17:9)
      at node_modules/@babel/runtime/helpers/asyncToGenerator.js:22:7
      at node_modules/@babel/runtime/helpers/asyncToGenerator.js:14:12
      at process.env.NODE_ENV.exports.act (node_modules/react/cjs/react.development.js:789:22)
      at Object.<anonymous> (hooks/__tests__/useSettings.test.js:406:16)
      at asyncGeneratorStep (node_modules/@babel/runtime/helpers/asyncToGenerator.js:3:17)
      at _next (node_modules/@babel/runtime/helpers/asyncToGenerator.js:17:9)
      at node_modules/@babel/runtime/helpers/asyncToGenerator.js:22:7
      at Object.<anonymous> (node_modules/@babel/runtime/helpers/asyncToGenerator.js:14:12)

    console.error
      react-test-renderer is deprecated. See https://react.dev/warnings/react-test-renderer

      35 |   let component;
      36 |   act(() => {
    > 37 |     component = create(<TestComponent hookProps={initialProps} />);
         |                       ^
      38 |   });
      39 |   return {
      40 |     result,

      at process.env.NODE_ENV.exports.create (node_modules/react-test-renderer/cjs/react-test-renderer.development.js:14598:17)
      at hooks/__tests__/useSettings.test.js:37:23
      at process.env.NODE_ENV.exports.act (node_modules/react/cjs/react.development.js:789:22)
      at renderHook (hooks/__tests__/useSettings.test.js:36:6)
      at Object.renderHook (hooks/__tests__/useSettings.test.js:419:26)
      at asyncGeneratorStep (node_modules/@babel/runtime/helpers/asyncToGenerator.js:3:17)
      at _next (node_modules/@babel/runtime/helpers/asyncToGenerator.js:17:9)
      at node_modules/@babel/runtime/helpers/asyncToGenerator.js:22:7
      at Object.<anonymous> (node_modules/@babel/runtime/helpers/asyncToGenerator.js:14:12)

    console.error
      The current testing environment is not configured to support act(...)

      35 |   let component;
      36 |   act(() => {
    > 37 |     component = create(<TestComponent hookProps={initialProps} />);
         |                       ^
      38 |   });
      39 |   return {
      40 |     result,

      at isConcurrentActEnvironment (node_modules/react-test-renderer/cjs/react-test-renderer.development.js:10243:17)
      at warnIfUpdatesNotWrappedWithActDEV (node_modules/react-test-renderer/cjs/react-test-renderer.development.js:11798:7)
      at scheduleUpdateOnFiber (node_modules/react-test-renderer/cjs/react-test-renderer.development.js:10326:9)
      at updateContainerImpl (node_modules/react-test-renderer/cjs/react-test-renderer.development.js:12382:10)
      at updateContainer (node_modules/react-test-renderer/cjs/react-test-renderer.development.js:12326:7)
      at process.env.NODE_ENV.exports.create (node_modules/react-test-renderer/cjs/react-test-renderer.development.js:14630:7)
      at hooks/__tests__/useSettings.test.js:37:23
      at process.env.NODE_ENV.exports.act (node_modules/react/cjs/react.development.js:789:22)
      at renderHook (hooks/__tests__/useSettings.test.js:36:6)
      at Object.renderHook (hooks/__tests__/useSettings.test.js:419:26)
      at asyncGeneratorStep (node_modules/@babel/runtime/helpers/asyncToGenerator.js:3:17)
      at _next (node_modules/@babel/runtime/helpers/asyncToGenerator.js:17:9)
      at node_modules/@babel/runtime/helpers/asyncToGenerator.js:22:7
      at Object.<anonymous> (node_modules/@babel/runtime/helpers/asyncToGenerator.js:14:12)

    console.error
      The current testing environment is not configured to support act(...)

      18 |   const handleFaceIdToggle = useCallback(() => {
      19 |     const newValue = !biometricEnabled;
    > 20 |     setPendingFaceIdValue(newValue);
         |     ^
      21 |     setShowFaceIdModal(true);
      22 |   }, [biometricEnabled]);
      23 |

      at isConcurrentActEnvironment (node_modules/react-test-renderer/cjs/react-test-renderer.development.js:10243:17)
      at warnIfUpdatesNotWrappedWithActDEV (node_modules/react-test-renderer/cjs/react-test-renderer.development.js:11798:7)
      at scheduleUpdateOnFiber (node_modules/react-test-renderer/cjs/react-test-renderer.development.js:10326:9)
      at dispatchSetStateInternal (node_modules/react-test-renderer/cjs/react-test-renderer.development.js:4148:13)
      at dispatchSetState (node_modules/react-test-renderer/cjs/react-test-renderer.development.js:4107:7)
      at Object.setPendingFaceIdValue [as handleFaceIdToggle] (hooks/useAuthSettings.js:20:5)
      at handleFaceIdToggle (hooks/__tests__/useSettings.test.js:424:24)
      at process.env.NODE_ENV.exports.act (node_modules/react/cjs/react.development.js:789:22)
      at Object.<anonymous> (hooks/__tests__/useSettings.test.js:423:10)
      at asyncGeneratorStep (node_modules/@babel/runtime/helpers/asyncToGenerator.js:3:17)
      at _next (node_modules/@babel/runtime/helpers/asyncToGenerator.js:17:9)
      at node_modules/@babel/runtime/helpers/asyncToGenerator.js:22:7
      at Object.<anonymous> (node_modules/@babel/runtime/helpers/asyncToGenerator.js:14:12)

    console.error
      The current testing environment is not configured to support act(...)

      19 |     const newValue = !biometricEnabled;
      20 |     setPendingFaceIdValue(newValue);
    > 21 |     setShowFaceIdModal(true);
         |     ^
      22 |   }, [biometricEnabled]);
      23 |
      24 |   const confirmFaceIdToggle = useCallback(async () => {

      at isConcurrentActEnvironment (node_modules/react-test-renderer/cjs/react-test-renderer.development.js:10243:17)
      at warnIfUpdatesNotWrappedWithActDEV (node_modules/react-test-renderer/cjs/react-test-renderer.development.js:11798:7)
      at scheduleUpdateOnFiber (node_modules/react-test-renderer/cjs/react-test-renderer.development.js:10326:9)
      at dispatchSetStateInternal (node_modules/react-test-renderer/cjs/react-test-renderer.development.js:4148:13)
      at dispatchSetState (node_modules/react-test-renderer/cjs/react-test-renderer.development.js:4107:7)
      at Object.setShowFaceIdModal (hooks/useAuthSettings.js:21:5)
      at handleFaceIdToggle (hooks/__tests__/useSettings.test.js:424:24)
      at process.env.NODE_ENV.exports.act (node_modules/react/cjs/react.development.js:789:22)
      at Object.<anonymous> (hooks/__tests__/useSettings.test.js:423:10)
      at asyncGeneratorStep (node_modules/@babel/runtime/helpers/asyncToGenerator.js:3:17)
      at _next (node_modules/@babel/runtime/helpers/asyncToGenerator.js:17:9)
      at node_modules/@babel/runtime/helpers/asyncToGenerator.js:22:7
      at Object.<anonymous> (node_modules/@babel/runtime/helpers/asyncToGenerator.js:14:12)

    console.error
      The current testing environment is not configured to support act(...)

      23 |
      24 |   const confirmFaceIdToggle = useCallback(async () => {
    > 25 |     setShowFaceIdModal(false);
         |     ^
      26 |     const newValue = pendingFaceIdValue;
      27 |
      28 |     // If enabling, require authentication first

      at isConcurrentActEnvironment (node_modules/react-test-renderer/cjs/react-test-renderer.development.js:10243:17)
      at warnIfUpdatesNotWrappedWithActDEV (node_modules/react-test-renderer/cjs/react-test-renderer.development.js:11798:7)
      at scheduleUpdateOnFiber (node_modules/react-test-renderer/cjs/react-test-renderer.development.js:10326:9)
      at dispatchSetStateInternal (node_modules/react-test-renderer/cjs/react-test-renderer.development.js:4148:13)
      at dispatchSetState (node_modules/react-test-renderer/cjs/react-test-renderer.development.js:4107:7)
      at Object.setShowFaceIdModal (hooks/useAuthSettings.js:25:5)
      at asyncGeneratorStep (node_modules/@babel/runtime/helpers/asyncToGenerator.js:3:17)
      at _next (node_modules/@babel/runtime/helpers/asyncToGenerator.js:17:9)
      at node_modules/@babel/runtime/helpers/asyncToGenerator.js:22:7
      at Object.confirmFaceIdToggle (node_modules/@babel/runtime/helpers/asyncToGenerator.js:14:12)
      at confirmFaceIdToggle (hooks/__tests__/useSettings.test.js:428:30)
      at asyncGeneratorStep (node_modules/@babel/runtime/helpers/asyncToGenerator.js:3:17)
      at _next (node_modules/@babel/runtime/helpers/asyncToGenerator.js:17:9)
      at node_modules/@babel/runtime/helpers/asyncToGenerator.js:22:7
      at node_modules/@babel/runtime/helpers/asyncToGenerator.js:14:12
      at process.env.NODE_ENV.exports.act (node_modules/react/cjs/react.development.js:789:22)
      at Object.<anonymous> (hooks/__tests__/useSettings.test.js:427:16)
      at asyncGeneratorStep (node_modules/@babel/runtime/helpers/asyncToGenerator.js:3:17)
      at _next (node_modules/@babel/runtime/helpers/asyncToGenerator.js:17:9)
      at node_modules/@babel/runtime/helpers/asyncToGenerator.js:22:7
      at Object.<anonymous> (node_modules/@babel/runtime/helpers/asyncToGenerator.js:14:12)

    console.error
      react-test-renderer is deprecated. See https://react.dev/warnings/react-test-renderer

      35 |   let component;
      36 |   act(() => {
    > 37 |     component = create(<TestComponent hookProps={initialProps} />);
         |                       ^
      38 |   });
      39 |   return {
      40 |     result,

      at process.env.NODE_ENV.exports.create (node_modules/react-test-renderer/cjs/react-test-renderer.development.js:14598:17)
      at hooks/__tests__/useSettings.test.js:37:23
      at process.env.NODE_ENV.exports.act (node_modules/react/cjs/react.development.js:789:22)
      at renderHook (hooks/__tests__/useSettings.test.js:36:6)
      at Object.renderHook (hooks/__tests__/useSettings.test.js:437:26)

    console.error
      The current testing environment is not configured to support act(...)

      35 |   let component;
      36 |   act(() => {
    > 37 |     component = create(<TestComponent hookProps={initialProps} />);
         |                       ^
      38 |   });
      39 |   return {
      40 |     result,

      at isConcurrentActEnvironment (node_modules/react-test-renderer/cjs/react-test-renderer.development.js:10243:17)
      at warnIfUpdatesNotWrappedWithActDEV (node_modules/react-test-renderer/cjs/react-test-renderer.development.js:11798:7)
      at scheduleUpdateOnFiber (node_modules/react-test-renderer/cjs/react-test-renderer.development.js:10326:9)
      at updateContainerImpl (node_modules/react-test-renderer/cjs/react-test-renderer.development.js:12382:10)
      at updateContainer (node_modules/react-test-renderer/cjs/react-test-renderer.development.js:12326:7)
      at process.env.NODE_ENV.exports.create (node_modules/react-test-renderer/cjs/react-test-renderer.development.js:14630:7)
      at hooks/__tests__/useSettings.test.js:37:23
      at process.env.NODE_ENV.exports.act (node_modules/react/cjs/react.development.js:789:22)
      at renderHook (hooks/__tests__/useSettings.test.js:36:6)
      at Object.renderHook (hooks/__tests__/useSettings.test.js:437:26)

    console.error
      The current testing environment is not configured to support act(...)

      18 |   const handleFaceIdToggle = useCallback(() => {
      19 |     const newValue = !biometricEnabled;
    > 20 |     setPendingFaceIdValue(newValue);
         |     ^
      21 |     setShowFaceIdModal(true);
      22 |   }, [biometricEnabled]);
      23 |

      at isConcurrentActEnvironment (node_modules/react-test-renderer/cjs/react-test-renderer.development.js:10243:17)
      at warnIfUpdatesNotWrappedWithActDEV (node_modules/react-test-renderer/cjs/react-test-renderer.development.js:11798:7)
      at scheduleUpdateOnFiber (node_modules/react-test-renderer/cjs/react-test-renderer.development.js:10326:9)
      at dispatchSetStateInternal (node_modules/react-test-renderer/cjs/react-test-renderer.development.js:4148:13)
      at dispatchSetState (node_modules/react-test-renderer/cjs/react-test-renderer.development.js:4107:7)
      at Object.setPendingFaceIdValue [as handleFaceIdToggle] (hooks/useAuthSettings.js:20:5)
      at handleFaceIdToggle (hooks/__tests__/useSettings.test.js:442:24)
      at process.env.NODE_ENV.exports.act (node_modules/react/cjs/react.development.js:789:22)
      at Object.<anonymous> (hooks/__tests__/useSettings.test.js:441:10)

    console.error
      The current testing environment is not configured to support act(...)

      19 |     const newValue = !biometricEnabled;
      20 |     setPendingFaceIdValue(newValue);
    > 21 |     setShowFaceIdModal(true);
         |     ^
      22 |   }, [biometricEnabled]);
      23 |
      24 |   const confirmFaceIdToggle = useCallback(async () => {

      at isConcurrentActEnvironment (node_modules/react-test-renderer/cjs/react-test-renderer.development.js:10243:17)
      at warnIfUpdatesNotWrappedWithActDEV (node_modules/react-test-renderer/cjs/react-test-renderer.development.js:11798:7)
      at scheduleUpdateOnFiber (node_modules/react-test-renderer/cjs/react-test-renderer.development.js:10326:9)
      at dispatchSetStateInternal (node_modules/react-test-renderer/cjs/react-test-renderer.development.js:4148:13)
      at dispatchSetState (node_modules/react-test-renderer/cjs/react-test-renderer.development.js:4107:7)
      at Object.setShowFaceIdModal (hooks/useAuthSettings.js:21:5)
      at handleFaceIdToggle (hooks/__tests__/useSettings.test.js:442:24)
      at process.env.NODE_ENV.exports.act (node_modules/react/cjs/react.development.js:789:22)
      at Object.<anonymous> (hooks/__tests__/useSettings.test.js:441:10)

    console.error
      The current testing environment is not configured to support act(...)

      67 |
      68 |   const cancelFaceIdToggle = useCallback(() => {
    > 69 |     setShowFaceIdModal(false);
         |     ^
      70 |   }, []);
      71 |
      72 |   return useMemo(

      at isConcurrentActEnvironment (node_modules/react-test-renderer/cjs/react-test-renderer.development.js:10243:17)
      at warnIfUpdatesNotWrappedWithActDEV (node_modules/react-test-renderer/cjs/react-test-renderer.development.js:11798:7)
      at scheduleUpdateOnFiber (node_modules/react-test-renderer/cjs/react-test-renderer.development.js:10326:9)
      at dispatchSetStateInternal (node_modules/react-test-renderer/cjs/react-test-renderer.development.js:4148:13)
      at dispatchSetState (node_modules/react-test-renderer/cjs/react-test-renderer.development.js:4107:7)
      at Object.setShowFaceIdModal (hooks/useAuthSettings.js:69:5)
      at cancelFaceIdToggle (hooks/__tests__/useSettings.test.js:446:24)
      at process.env.NODE_ENV.exports.act (node_modules/react/cjs/react.development.js:789:22)
      at Object.<anonymous> (hooks/__tests__/useSettings.test.js:445:10)

    console.error
      react-test-renderer is deprecated. See https://react.dev/warnings/react-test-renderer

      35 |   let component;
      36 |   act(() => {
    > 37 |     component = create(<TestComponent hookProps={initialProps} />);
         |                       ^
      38 |   });
      39 |   return {
      40 |     result,

      at process.env.NODE_ENV.exports.create (node_modules/react-test-renderer/cjs/react-test-renderer.development.js:14598:17)
      at hooks/__tests__/useSettings.test.js:37:23
      at process.env.NODE_ENV.exports.act (node_modules/react/cjs/react.development.js:789:22)
      at renderHook (hooks/__tests__/useSettings.test.js:36:6)
      at Object.renderHook (hooks/__tests__/useSettings.test.js:461:26)
      at asyncGeneratorStep (node_modules/@babel/runtime/helpers/asyncToGenerator.js:3:17)
      at _next (node_modules/@babel/runtime/helpers/asyncToGenerator.js:17:9)
      at node_modules/@babel/runtime/helpers/asyncToGenerator.js:22:7
      at Object.<anonymous> (node_modules/@babel/runtime/helpers/asyncToGenerator.js:14:12)

    console.error
      The current testing environment is not configured to support act(...)

      35 |   let component;
      36 |   act(() => {
    > 37 |     component = create(<TestComponent hookProps={initialProps} />);
         |                       ^
      38 |   });
      39 |   return {
      40 |     result,

      at isConcurrentActEnvironment (node_modules/react-test-renderer/cjs/react-test-renderer.development.js:10243:17)
      at warnIfUpdatesNotWrappedWithActDEV (node_modules/react-test-renderer/cjs/react-test-renderer.development.js:11798:7)
      at scheduleUpdateOnFiber (node_modules/react-test-renderer/cjs/react-test-renderer.development.js:10326:9)
      at updateContainerImpl (node_modules/react-test-renderer/cjs/react-test-renderer.development.js:12382:10)
      at updateContainer (node_modules/react-test-renderer/cjs/react-test-renderer.development.js:12326:7)
      at process.env.NODE_ENV.exports.create (node_modules/react-test-renderer/cjs/react-test-renderer.development.js:14630:7)
      at hooks/__tests__/useSettings.test.js:37:23
      at process.env.NODE_ENV.exports.act (node_modules/react/cjs/react.development.js:789:22)
      at renderHook (hooks/__tests__/useSettings.test.js:36:6)
      at Object.renderHook (hooks/__tests__/useSettings.test.js:461:26)
      at asyncGeneratorStep (node_modules/@babel/runtime/helpers/asyncToGenerator.js:3:17)
      at _next (node_modules/@babel/runtime/helpers/asyncToGenerator.js:17:9)
      at node_modules/@babel/runtime/helpers/asyncToGenerator.js:22:7
      at Object.<anonymous> (node_modules/@babel/runtime/helpers/asyncToGenerator.js:14:12)

    console.error
      The current testing environment is not configured to support act(...)

      20 |         const savedNotificationsEnabled = await SecureStore.getItemAsync('notificationsEnabled');
      21 |         if (savedNotificationsEnabled !== null) {
    > 22 |           setNotificationsEnabled(savedNotificationsEnabled === 'true');
         |           ^
      23 |         }
      24 |
      25 |         const savedShowZeroAssets = await SecureStore.getItemAsync('showZeroAssets');

      at isConcurrentActEnvironment (node_modules/react-test-renderer/cjs/react-test-renderer.development.js:10243:17)
      at warnIfUpdatesNotWrappedWithActDEV (node_modules/react-test-renderer/cjs/react-test-renderer.development.js:11798:7)
      at scheduleUpdateOnFiber (node_modules/react-test-renderer/cjs/react-test-renderer.development.js:10326:9)
      at dispatchSetStateInternal (node_modules/react-test-renderer/cjs/react-test-renderer.development.js:4148:13)
      at dispatchSetState (node_modules/react-test-renderer/cjs/react-test-renderer.development.js:4107:7)
      at setNotificationsEnabled (hooks/useAppSettings.js:22:11)
      at asyncGeneratorStep (node_modules/@babel/runtime/helpers/asyncToGenerator.js:3:17)
      at _next (node_modules/@babel/runtime/helpers/asyncToGenerator.js:17:9)

    console.error
      The current testing environment is not configured to support act(...)

      40 |   const handleNotificationsToggle = useCallback(() => {
      41 |     const newValue = !notificationsEnabled;
    > 42 |     setPendingNotificationsValue(newValue);
         |     ^
      43 |     setShowNotificationsModal(true);
      44 |   }, [notificationsEnabled]);
      45 |

      at isConcurrentActEnvironment (node_modules/react-test-renderer/cjs/react-test-renderer.development.js:10243:17)
      at warnIfUpdatesNotWrappedWithActDEV (node_modules/react-test-renderer/cjs/react-test-renderer.development.js:11798:7)
      at scheduleUpdateOnFiber (node_modules/react-test-renderer/cjs/react-test-renderer.development.js:10326:9)
      at dispatchSetStateInternal (node_modules/react-test-renderer/cjs/react-test-renderer.development.js:4148:13)
      at dispatchSetState (node_modules/react-test-renderer/cjs/react-test-renderer.development.js:4107:7)
      at Object.setPendingNotificationsValue [as handleNotificationsToggle] (hooks/useAppSettings.js:42:5)
      at handleNotificationsToggle (hooks/__tests__/useSettings.test.js:470:24)
      at process.env.NODE_ENV.exports.act (node_modules/react/cjs/react.development.js:789:22)
      at Object.<anonymous> (hooks/__tests__/useSettings.test.js:469:10)
      at asyncGeneratorStep (node_modules/@babel/runtime/helpers/asyncToGenerator.js:3:17)
      at _next (node_modules/@babel/runtime/helpers/asyncToGenerator.js:17:9)

    console.error
      The current testing environment is not configured to support act(...)

      41 |     const newValue = !notificationsEnabled;
      42 |     setPendingNotificationsValue(newValue);
    > 43 |     setShowNotificationsModal(true);
         |     ^
      44 |   }, [notificationsEnabled]);
      45 |
      46 |   const confirmNotificationsToggle = useCallback(async () => {

      at isConcurrentActEnvironment (node_modules/react-test-renderer/cjs/react-test-renderer.development.js:10243:17)
      at warnIfUpdatesNotWrappedWithActDEV (node_modules/react-test-renderer/cjs/react-test-renderer.development.js:11798:7)
      at scheduleUpdateOnFiber (node_modules/react-test-renderer/cjs/react-test-renderer.development.js:10326:9)
      at dispatchSetStateInternal (node_modules/react-test-renderer/cjs/react-test-renderer.development.js:4148:13)
      at dispatchSetState (node_modules/react-test-renderer/cjs/react-test-renderer.development.js:4107:7)
      at Object.setShowNotificationsModal (hooks/useAppSettings.js:43:5)
      at handleNotificationsToggle (hooks/__tests__/useSettings.test.js:470:24)
      at process.env.NODE_ENV.exports.act (node_modules/react/cjs/react.development.js:789:22)
      at Object.<anonymous> (hooks/__tests__/useSettings.test.js:469:10)
      at asyncGeneratorStep (node_modules/@babel/runtime/helpers/asyncToGenerator.js:3:17)
      at _next (node_modules/@babel/runtime/helpers/asyncToGenerator.js:17:9)

    console.error
      react-test-renderer is deprecated. See https://react.dev/warnings/react-test-renderer

      35 |   let component;
      36 |   act(() => {
    > 37 |     component = create(<TestComponent hookProps={initialProps} />);
         |                       ^
      38 |   });
      39 |   return {
      40 |     result,

      at process.env.NODE_ENV.exports.create (node_modules/react-test-renderer/cjs/react-test-renderer.development.js:14598:17)
      at hooks/__tests__/useSettings.test.js:37:23
      at process.env.NODE_ENV.exports.act (node_modules/react/cjs/react.development.js:789:22)
      at renderHook (hooks/__tests__/useSettings.test.js:36:6)
      at Object.renderHook (hooks/__tests__/useSettings.test.js:482:26)
      at asyncGeneratorStep (node_modules/@babel/runtime/helpers/asyncToGenerator.js:3:17)
      at _next (node_modules/@babel/runtime/helpers/asyncToGenerator.js:17:9)
      at node_modules/@babel/runtime/helpers/asyncToGenerator.js:22:7
      at Object.<anonymous> (node_modules/@babel/runtime/helpers/asyncToGenerator.js:14:12)

    console.error
      The current testing environment is not configured to support act(...)

      35 |   let component;
      36 |   act(() => {
    > 37 |     component = create(<TestComponent hookProps={initialProps} />);
         |                       ^
      38 |   });
      39 |   return {
      40 |     result,

      at isConcurrentActEnvironment (node_modules/react-test-renderer/cjs/react-test-renderer.development.js:10243:17)
      at warnIfUpdatesNotWrappedWithActDEV (node_modules/react-test-renderer/cjs/react-test-renderer.development.js:11798:7)
      at scheduleUpdateOnFiber (node_modules/react-test-renderer/cjs/react-test-renderer.development.js:10326:9)
      at updateContainerImpl (node_modules/react-test-renderer/cjs/react-test-renderer.development.js:12382:10)
      at updateContainer (node_modules/react-test-renderer/cjs/react-test-renderer.development.js:12326:7)
      at process.env.NODE_ENV.exports.create (node_modules/react-test-renderer/cjs/react-test-renderer.development.js:14630:7)
      at hooks/__tests__/useSettings.test.js:37:23
      at process.env.NODE_ENV.exports.act (node_modules/react/cjs/react.development.js:789:22)
      at renderHook (hooks/__tests__/useSettings.test.js:36:6)
      at Object.renderHook (hooks/__tests__/useSettings.test.js:482:26)
      at asyncGeneratorStep (node_modules/@babel/runtime/helpers/asyncToGenerator.js:3:17)
      at _next (node_modules/@babel/runtime/helpers/asyncToGenerator.js:17:9)
      at node_modules/@babel/runtime/helpers/asyncToGenerator.js:22:7
      at Object.<anonymous> (node_modules/@babel/runtime/helpers/asyncToGenerator.js:14:12)

    console.error
      The current testing environment is not configured to support act(...)

      20 |         const savedNotificationsEnabled = await SecureStore.getItemAsync('notificationsEnabled');
      21 |         if (savedNotificationsEnabled !== null) {
    > 22 |           setNotificationsEnabled(savedNotificationsEnabled === 'true');
         |           ^
      23 |         }
      24 |
      25 |         const savedShowZeroAssets = await SecureStore.getItemAsync('showZeroAssets');

      at isConcurrentActEnvironment (node_modules/react-test-renderer/cjs/react-test-renderer.development.js:10243:17)
      at warnIfUpdatesNotWrappedWithActDEV (node_modules/react-test-renderer/cjs/react-test-renderer.development.js:11798:7)
      at scheduleUpdateOnFiber (node_modules/react-test-renderer/cjs/react-test-renderer.development.js:10326:9)
      at dispatchSetStateInternal (node_modules/react-test-renderer/cjs/react-test-renderer.development.js:4148:13)
      at dispatchSetState (node_modules/react-test-renderer/cjs/react-test-renderer.development.js:4107:7)
      at setNotificationsEnabled (hooks/useAppSettings.js:22:11)
      at asyncGeneratorStep (node_modules/@babel/runtime/helpers/asyncToGenerator.js:3:17)
      at _next (node_modules/@babel/runtime/helpers/asyncToGenerator.js:17:9)

    console.error
      The current testing environment is not configured to support act(...)

      40 |   const handleNotificationsToggle = useCallback(() => {
      41 |     const newValue = !notificationsEnabled;
    > 42 |     setPendingNotificationsValue(newValue);
         |     ^
      43 |     setShowNotificationsModal(true);
      44 |   }, [notificationsEnabled]);
      45 |

      at isConcurrentActEnvironment (node_modules/react-test-renderer/cjs/react-test-renderer.development.js:10243:17)
      at warnIfUpdatesNotWrappedWithActDEV (node_modules/react-test-renderer/cjs/react-test-renderer.development.js:11798:7)
      at scheduleUpdateOnFiber (node_modules/react-test-renderer/cjs/react-test-renderer.development.js:10326:9)
      at dispatchSetStateInternal (node_modules/react-test-renderer/cjs/react-test-renderer.development.js:4148:13)
      at dispatchSetState (node_modules/react-test-renderer/cjs/react-test-renderer.development.js:4107:7)
      at Object.setPendingNotificationsValue [as handleNotificationsToggle] (hooks/useAppSettings.js:42:5)
      at handleNotificationsToggle (hooks/__tests__/useSettings.test.js:491:24)
      at process.env.NODE_ENV.exports.act (node_modules/react/cjs/react.development.js:789:22)
      at Object.<anonymous> (hooks/__tests__/useSettings.test.js:490:10)
      at asyncGeneratorStep (node_modules/@babel/runtime/helpers/asyncToGenerator.js:3:17)
      at _next (node_modules/@babel/runtime/helpers/asyncToGenerator.js:17:9)

    console.error
      The current testing environment is not configured to support act(...)

      41 |     const newValue = !notificationsEnabled;
      42 |     setPendingNotificationsValue(newValue);
    > 43 |     setShowNotificationsModal(true);
         |     ^
      44 |   }, [notificationsEnabled]);
      45 |
      46 |   const confirmNotificationsToggle = useCallback(async () => {

      at isConcurrentActEnvironment (node_modules/react-test-renderer/cjs/react-test-renderer.development.js:10243:17)
      at warnIfUpdatesNotWrappedWithActDEV (node_modules/react-test-renderer/cjs/react-test-renderer.development.js:11798:7)
      at scheduleUpdateOnFiber (node_modules/react-test-renderer/cjs/react-test-renderer.development.js:10326:9)
      at dispatchSetStateInternal (node_modules/react-test-renderer/cjs/react-test-renderer.development.js:4148:13)
      at dispatchSetState (node_modules/react-test-renderer/cjs/react-test-renderer.development.js:4107:7)
      at Object.setShowNotificationsModal (hooks/useAppSettings.js:43:5)
      at handleNotificationsToggle (hooks/__tests__/useSettings.test.js:491:24)
      at process.env.NODE_ENV.exports.act (node_modules/react/cjs/react.development.js:789:22)
      at Object.<anonymous> (hooks/__tests__/useSettings.test.js:490:10)
      at asyncGeneratorStep (node_modules/@babel/runtime/helpers/asyncToGenerator.js:3:17)
      at _next (node_modules/@babel/runtime/helpers/asyncToGenerator.js:17:9)

    console.error
      The current testing environment is not configured to support act(...)

      45 |
      46 |   const confirmNotificationsToggle = useCallback(async () => {
    > 47 |     setShowNotificationsModal(false);
         |     ^
      48 |     const newValue = pendingNotificationsValue;
      49 |
      50 |     // If enabling, require authentication first

      at isConcurrentActEnvironment (node_modules/react-test-renderer/cjs/react-test-renderer.development.js:10243:17)
      at warnIfUpdatesNotWrappedWithActDEV (node_modules/react-test-renderer/cjs/react-test-renderer.development.js:11798:7)
      at scheduleUpdateOnFiber (node_modules/react-test-renderer/cjs/react-test-renderer.development.js:10326:9)
      at dispatchSetStateInternal (node_modules/react-test-renderer/cjs/react-test-renderer.development.js:4148:13)
      at dispatchSetState (node_modules/react-test-renderer/cjs/react-test-renderer.development.js:4107:7)
      at Object.setShowNotificationsModal (hooks/useAppSettings.js:47:5)
      at asyncGeneratorStep (node_modules/@babel/runtime/helpers/asyncToGenerator.js:3:17)
      at _next (node_modules/@babel/runtime/helpers/asyncToGenerator.js:17:9)
      at node_modules/@babel/runtime/helpers/asyncToGenerator.js:22:7
      at Object.confirmNotificationsToggle (node_modules/@babel/runtime/helpers/asyncToGenerator.js:14:12)
      at confirmNotificationsToggle (hooks/__tests__/useSettings.test.js:495:30)
      at asyncGeneratorStep (node_modules/@babel/runtime/helpers/asyncToGenerator.js:3:17)
      at _next (node_modules/@babel/runtime/helpers/asyncToGenerator.js:17:9)
      at node_modules/@babel/runtime/helpers/asyncToGenerator.js:22:7
      at node_modules/@babel/runtime/helpers/asyncToGenerator.js:14:12
      at process.env.NODE_ENV.exports.act (node_modules/react/cjs/react.development.js:789:22)
      at Object.<anonymous> (hooks/__tests__/useSettings.test.js:494:16)
      at asyncGeneratorStep (node_modules/@babel/runtime/helpers/asyncToGenerator.js:3:17)
      at _next (node_modules/@babel/runtime/helpers/asyncToGenerator.js:17:9)

    console.error
      The current testing environment is not configured to support act(...)

      80 |
      81 |     // Authentication successful or disabling, proceed with toggle
    > 82 |     setNotificationsEnabled(newValue);
         |     ^
      83 |     try {
      84 |       await SecureStore.setItemAsync('notificationsEnabled', String(newValue));
      85 |       if (showToast) {

      at isConcurrentActEnvironment (node_modules/react-test-renderer/cjs/react-test-renderer.development.js:10243:17)
      at warnIfUpdatesNotWrappedWithActDEV (node_modules/react-test-renderer/cjs/react-test-renderer.development.js:11798:7)
      at scheduleUpdateOnFiber (node_modules/react-test-renderer/cjs/react-test-renderer.development.js:10326:9)
      at dispatchSetStateInternal (node_modules/react-test-renderer/cjs/react-test-renderer.development.js:4148:13)
      at dispatchSetState (node_modules/react-test-renderer/cjs/react-test-renderer.development.js:4107:7)
      at Object.setNotificationsEnabled (hooks/useAppSettings.js:82:5)
      at asyncGeneratorStep (node_modules/@babel/runtime/helpers/asyncToGenerator.js:3:17)
      at _next (node_modules/@babel/runtime/helpers/asyncToGenerator.js:17:9)
      at node_modules/@babel/runtime/helpers/asyncToGenerator.js:22:7
      at Object.confirmNotificationsToggle (node_modules/@babel/runtime/helpers/asyncToGenerator.js:14:12)
      at confirmNotificationsToggle (hooks/__tests__/useSettings.test.js:495:30)
      at asyncGeneratorStep (node_modules/@babel/runtime/helpers/asyncToGenerator.js:3:17)
      at _next (node_modules/@babel/runtime/helpers/asyncToGenerator.js:17:9)
      at node_modules/@babel/runtime/helpers/asyncToGenerator.js:22:7
      at node_modules/@babel/runtime/helpers/asyncToGenerator.js:14:12
      at process.env.NODE_ENV.exports.act (node_modules/react/cjs/react.development.js:789:22)
      at Object.<anonymous> (hooks/__tests__/useSettings.test.js:494:16)
      at asyncGeneratorStep (node_modules/@babel/runtime/helpers/asyncToGenerator.js:3:17)
      at _next (node_modules/@babel/runtime/helpers/asyncToGenerator.js:17:9)

    console.error
      react-test-renderer is deprecated. See https://react.dev/warnings/react-test-renderer

      35 |   let component;
      36 |   act(() => {
    > 37 |     component = create(<TestComponent hookProps={initialProps} />);
         |                       ^
      38 |   });
      39 |   return {
      40 |     result,

      at process.env.NODE_ENV.exports.create (node_modules/react-test-renderer/cjs/react-test-renderer.development.js:14598:17)
      at hooks/__tests__/useSettings.test.js:37:23
      at process.env.NODE_ENV.exports.act (node_modules/react/cjs/react.development.js:789:22)
      at renderHook (hooks/__tests__/useSettings.test.js:36:6)
      at Object.renderHook (hooks/__tests__/useSettings.test.js:504:26)
      at asyncGeneratorStep (node_modules/@babel/runtime/helpers/asyncToGenerator.js:3:17)
      at _next (node_modules/@babel/runtime/helpers/asyncToGenerator.js:17:9)
      at node_modules/@babel/runtime/helpers/asyncToGenerator.js:22:7
      at Object.<anonymous> (node_modules/@babel/runtime/helpers/asyncToGenerator.js:14:12)

    console.error
      The current testing environment is not configured to support act(...)

      35 |   let component;
      36 |   act(() => {
    > 37 |     component = create(<TestComponent hookProps={initialProps} />);
         |                       ^
      38 |   });
      39 |   return {
      40 |     result,

      at isConcurrentActEnvironment (node_modules/react-test-renderer/cjs/react-test-renderer.development.js:10243:17)
      at warnIfUpdatesNotWrappedWithActDEV (node_modules/react-test-renderer/cjs/react-test-renderer.development.js:11798:7)
      at scheduleUpdateOnFiber (node_modules/react-test-renderer/cjs/react-test-renderer.development.js:10326:9)
      at updateContainerImpl (node_modules/react-test-renderer/cjs/react-test-renderer.development.js:12382:10)
      at updateContainer (node_modules/react-test-renderer/cjs/react-test-renderer.development.js:12326:7)
      at process.env.NODE_ENV.exports.create (node_modules/react-test-renderer/cjs/react-test-renderer.development.js:14630:7)
      at hooks/__tests__/useSettings.test.js:37:23
      at process.env.NODE_ENV.exports.act (node_modules/react/cjs/react.development.js:789:22)
      at renderHook (hooks/__tests__/useSettings.test.js:36:6)
      at Object.renderHook (hooks/__tests__/useSettings.test.js:504:26)
      at asyncGeneratorStep (node_modules/@babel/runtime/helpers/asyncToGenerator.js:3:17)
      at _next (node_modules/@babel/runtime/helpers/asyncToGenerator.js:17:9)
      at node_modules/@babel/runtime/helpers/asyncToGenerator.js:22:7
      at Object.<anonymous> (node_modules/@babel/runtime/helpers/asyncToGenerator.js:14:12)

    console.error
      The current testing environment is not configured to support act(...)

      40 |   const handleNotificationsToggle = useCallback(() => {
      41 |     const newValue = !notificationsEnabled;
    > 42 |     setPendingNotificationsValue(newValue);
         |     ^
      43 |     setShowNotificationsModal(true);
      44 |   }, [notificationsEnabled]);
      45 |

      at isConcurrentActEnvironment (node_modules/react-test-renderer/cjs/react-test-renderer.development.js:10243:17)
      at warnIfUpdatesNotWrappedWithActDEV (node_modules/react-test-renderer/cjs/react-test-renderer.development.js:11798:7)
      at scheduleUpdateOnFiber (node_modules/react-test-renderer/cjs/react-test-renderer.development.js:10326:9)
      at dispatchSetStateInternal (node_modules/react-test-renderer/cjs/react-test-renderer.development.js:4148:13)
      at dispatchSetState (node_modules/react-test-renderer/cjs/react-test-renderer.development.js:4107:7)
      at Object.setPendingNotificationsValue [as handleNotificationsToggle] (hooks/useAppSettings.js:42:5)
      at handleNotificationsToggle (hooks/__tests__/useSettings.test.js:509:24)
      at asyncGeneratorStep (node_modules/@babel/runtime/helpers/asyncToGenerator.js:3:17)
      at _next (node_modules/@babel/runtime/helpers/asyncToGenerator.js:17:9)
      at node_modules/@babel/runtime/helpers/asyncToGenerator.js:22:7
      at node_modules/@babel/runtime/helpers/asyncToGenerator.js:14:12
      at process.env.NODE_ENV.exports.act (node_modules/react/cjs/react.development.js:789:22)
      at Object.<anonymous> (hooks/__tests__/useSettings.test.js:508:16)
      at asyncGeneratorStep (node_modules/@babel/runtime/helpers/asyncToGenerator.js:3:17)
      at _next (node_modules/@babel/runtime/helpers/asyncToGenerator.js:17:9)
      at node_modules/@babel/runtime/helpers/asyncToGenerator.js:22:7
      at Object.<anonymous> (node_modules/@babel/runtime/helpers/asyncToGenerator.js:14:12)

    console.error
      The current testing environment is not configured to support act(...)

      41 |     const newValue = !notificationsEnabled;
      42 |     setPendingNotificationsValue(newValue);
    > 43 |     setShowNotificationsModal(true);
         |     ^
      44 |   }, [notificationsEnabled]);
      45 |
      46 |   const confirmNotificationsToggle = useCallback(async () => {

      at isConcurrentActEnvironment (node_modules/react-test-renderer/cjs/react-test-renderer.development.js:10243:17)
      at warnIfUpdatesNotWrappedWithActDEV (node_modules/react-test-renderer/cjs/react-test-renderer.development.js:11798:7)
      at scheduleUpdateOnFiber (node_modules/react-test-renderer/cjs/react-test-renderer.development.js:10326:9)
      at dispatchSetStateInternal (node_modules/react-test-renderer/cjs/react-test-renderer.development.js:4148:13)
      at dispatchSetState (node_modules/react-test-renderer/cjs/react-test-renderer.development.js:4107:7)
      at Object.setShowNotificationsModal (hooks/useAppSettings.js:43:5)
      at handleNotificationsToggle (hooks/__tests__/useSettings.test.js:509:24)
      at asyncGeneratorStep (node_modules/@babel/runtime/helpers/asyncToGenerator.js:3:17)
      at _next (node_modules/@babel/runtime/helpers/asyncToGenerator.js:17:9)
      at node_modules/@babel/runtime/helpers/asyncToGenerator.js:22:7
      at node_modules/@babel/runtime/helpers/asyncToGenerator.js:14:12
      at process.env.NODE_ENV.exports.act (node_modules/react/cjs/react.development.js:789:22)
      at Object.<anonymous> (hooks/__tests__/useSettings.test.js:508:16)
      at asyncGeneratorStep (node_modules/@babel/runtime/helpers/asyncToGenerator.js:3:17)
      at _next (node_modules/@babel/runtime/helpers/asyncToGenerator.js:17:9)
      at node_modules/@babel/runtime/helpers/asyncToGenerator.js:22:7
      at Object.<anonymous> (node_modules/@babel/runtime/helpers/asyncToGenerator.js:14:12)

    console.error
      react-test-renderer is deprecated. See https://react.dev/warnings/react-test-renderer

      35 |   let component;
      36 |   act(() => {
    > 37 |     component = create(<TestComponent hookProps={initialProps} />);
         |                       ^
      38 |   });
      39 |   return {
      40 |     result,

      at process.env.NODE_ENV.exports.create (node_modules/react-test-renderer/cjs/react-test-renderer.development.js:14598:17)
      at hooks/__tests__/useSettings.test.js:37:23
      at process.env.NODE_ENV.exports.act (node_modules/react/cjs/react.development.js:789:22)
      at renderHook (hooks/__tests__/useSettings.test.js:36:6)
      at Object.renderHook (hooks/__tests__/useSettings.test.js:519:26)
      at asyncGeneratorStep (node_modules/@babel/runtime/helpers/asyncToGenerator.js:3:17)
      at _next (node_modules/@babel/runtime/helpers/asyncToGenerator.js:17:9)
      at node_modules/@babel/runtime/helpers/asyncToGenerator.js:22:7
      at Object.<anonymous> (node_modules/@babel/runtime/helpers/asyncToGenerator.js:14:12)

    console.error
      The current testing environment is not configured to support act(...)

      35 |   let component;
      36 |   act(() => {
    > 37 |     component = create(<TestComponent hookProps={initialProps} />);
         |                       ^
      38 |   });
      39 |   return {
      40 |     result,

      at isConcurrentActEnvironment (node_modules/react-test-renderer/cjs/react-test-renderer.development.js:10243:17)
      at warnIfUpdatesNotWrappedWithActDEV (node_modules/react-test-renderer/cjs/react-test-renderer.development.js:11798:7)
      at scheduleUpdateOnFiber (node_modules/react-test-renderer/cjs/react-test-renderer.development.js:10326:9)
      at updateContainerImpl (node_modules/react-test-renderer/cjs/react-test-renderer.development.js:12382:10)
      at updateContainer (node_modules/react-test-renderer/cjs/react-test-renderer.development.js:12326:7)
      at process.env.NODE_ENV.exports.create (node_modules/react-test-renderer/cjs/react-test-renderer.development.js:14630:7)
      at hooks/__tests__/useSettings.test.js:37:23
      at process.env.NODE_ENV.exports.act (node_modules/react/cjs/react.development.js:789:22)
      at renderHook (hooks/__tests__/useSettings.test.js:36:6)
      at Object.renderHook (hooks/__tests__/useSettings.test.js:519:26)
      at asyncGeneratorStep (node_modules/@babel/runtime/helpers/asyncToGenerator.js:3:17)
      at _next (node_modules/@babel/runtime/helpers/asyncToGenerator.js:17:9)
      at node_modules/@babel/runtime/helpers/asyncToGenerator.js:22:7
      at Object.<anonymous> (node_modules/@babel/runtime/helpers/asyncToGenerator.js:14:12)

    console.error
      The current testing environment is not configured to support act(...)

      40 |   const handleNotificationsToggle = useCallback(() => {
      41 |     const newValue = !notificationsEnabled;
    > 42 |     setPendingNotificationsValue(newValue);
         |     ^
      43 |     setShowNotificationsModal(true);
      44 |   }, [notificationsEnabled]);
      45 |

      at isConcurrentActEnvironment (node_modules/react-test-renderer/cjs/react-test-renderer.development.js:10243:17)
      at warnIfUpdatesNotWrappedWithActDEV (node_modules/react-test-renderer/cjs/react-test-renderer.development.js:11798:7)
      at scheduleUpdateOnFiber (node_modules/react-test-renderer/cjs/react-test-renderer.development.js:10326:9)
      at dispatchSetStateInternal (node_modules/react-test-renderer/cjs/react-test-renderer.development.js:4148:13)
      at dispatchSetState (node_modules/react-test-renderer/cjs/react-test-renderer.development.js:4107:7)
      at Object.setPendingNotificationsValue [as handleNotificationsToggle] (hooks/useAppSettings.js:42:5)
      at handleNotificationsToggle (hooks/__tests__/useSettings.test.js:524:24)
      at process.env.NODE_ENV.exports.act (node_modules/react/cjs/react.development.js:789:22)
      at Object.<anonymous> (hooks/__tests__/useSettings.test.js:523:10)
      at asyncGeneratorStep (node_modules/@babel/runtime/helpers/asyncToGenerator.js:3:17)
      at _next (node_modules/@babel/runtime/helpers/asyncToGenerator.js:17:9)
      at node_modules/@babel/runtime/helpers/asyncToGenerator.js:22:7
      at Object.<anonymous> (node_modules/@babel/runtime/helpers/asyncToGenerator.js:14:12)

    console.error
      The current testing environment is not configured to support act(...)

      41 |     const newValue = !notificationsEnabled;
      42 |     setPendingNotificationsValue(newValue);
    > 43 |     setShowNotificationsModal(true);
         |     ^
      44 |   }, [notificationsEnabled]);
      45 |
      46 |   const confirmNotificationsToggle = useCallback(async () => {

      at isConcurrentActEnvironment (node_modules/react-test-renderer/cjs/react-test-renderer.development.js:10243:17)
      at warnIfUpdatesNotWrappedWithActDEV (node_modules/react-test-renderer/cjs/react-test-renderer.development.js:11798:7)
      at scheduleUpdateOnFiber (node_modules/react-test-renderer/cjs/react-test-renderer.development.js:10326:9)
      at dispatchSetStateInternal (node_modules/react-test-renderer/cjs/react-test-renderer.development.js:4148:13)
      at dispatchSetState (node_modules/react-test-renderer/cjs/react-test-renderer.development.js:4107:7)
      at Object.setShowNotificationsModal (hooks/useAppSettings.js:43:5)
      at handleNotificationsToggle (hooks/__tests__/useSettings.test.js:524:24)
      at process.env.NODE_ENV.exports.act (node_modules/react/cjs/react.development.js:789:22)
      at Object.<anonymous> (hooks/__tests__/useSettings.test.js:523:10)
      at asyncGeneratorStep (node_modules/@babel/runtime/helpers/asyncToGenerator.js:3:17)
      at _next (node_modules/@babel/runtime/helpers/asyncToGenerator.js:17:9)
      at node_modules/@babel/runtime/helpers/asyncToGenerator.js:22:7
      at Object.<anonymous> (node_modules/@babel/runtime/helpers/asyncToGenerator.js:14:12)

    console.error
      The current testing environment is not configured to support act(...)

      45 |
      46 |   const confirmNotificationsToggle = useCallback(async () => {
    > 47 |     setShowNotificationsModal(false);
         |     ^
      48 |     const newValue = pendingNotificationsValue;
      49 |
      50 |     // If enabling, require authentication first

      at isConcurrentActEnvironment (node_modules/react-test-renderer/cjs/react-test-renderer.development.js:10243:17)
      at warnIfUpdatesNotWrappedWithActDEV (node_modules/react-test-renderer/cjs/react-test-renderer.development.js:11798:7)
      at scheduleUpdateOnFiber (node_modules/react-test-renderer/cjs/react-test-renderer.development.js:10326:9)
      at dispatchSetStateInternal (node_modules/react-test-renderer/cjs/react-test-renderer.development.js:4148:13)
      at dispatchSetState (node_modules/react-test-renderer/cjs/react-test-renderer.development.js:4107:7)
      at Object.setShowNotificationsModal (hooks/useAppSettings.js:47:5)
      at asyncGeneratorStep (node_modules/@babel/runtime/helpers/asyncToGenerator.js:3:17)
      at _next (node_modules/@babel/runtime/helpers/asyncToGenerator.js:17:9)
      at node_modules/@babel/runtime/helpers/asyncToGenerator.js:22:7
      at Object.confirmNotificationsToggle (node_modules/@babel/runtime/helpers/asyncToGenerator.js:14:12)
      at confirmNotificationsToggle (hooks/__tests__/useSettings.test.js:528:30)
      at asyncGeneratorStep (node_modules/@babel/runtime/helpers/asyncToGenerator.js:3:17)
      at _next (node_modules/@babel/runtime/helpers/asyncToGenerator.js:17:9)
      at node_modules/@babel/runtime/helpers/asyncToGenerator.js:22:7
      at node_modules/@babel/runtime/helpers/asyncToGenerator.js:14:12
      at process.env.NODE_ENV.exports.act (node_modules/react/cjs/react.development.js:789:22)
      at Object.<anonymous> (hooks/__tests__/useSettings.test.js:527:16)
      at asyncGeneratorStep (node_modules/@babel/runtime/helpers/asyncToGenerator.js:3:17)
      at _next (node_modules/@babel/runtime/helpers/asyncToGenerator.js:17:9)
      at node_modules/@babel/runtime/helpers/asyncToGenerator.js:22:7
      at Object.<anonymous> (node_modules/@babel/runtime/helpers/asyncToGenerator.js:14:12)

    console.error
      The current testing environment is not configured to support act(...)

      80 |
      81 |     // Authentication successful or disabling, proceed with toggle
    > 82 |     setNotificationsEnabled(newValue);
         |     ^
      83 |     try {
      84 |       await SecureStore.setItemAsync('notificationsEnabled', String(newValue));
      85 |       if (showToast) {

      at isConcurrentActEnvironment (node_modules/react-test-renderer/cjs/react-test-renderer.development.js:10243:17)
      at warnIfUpdatesNotWrappedWithActDEV (node_modules/react-test-renderer/cjs/react-test-renderer.development.js:11798:7)
      at scheduleUpdateOnFiber (node_modules/react-test-renderer/cjs/react-test-renderer.development.js:10326:9)
      at dispatchSetStateInternal (node_modules/react-test-renderer/cjs/react-test-renderer.development.js:4148:13)
      at dispatchSetState (node_modules/react-test-renderer/cjs/react-test-renderer.development.js:4107:7)
      at Object.setNotificationsEnabled (hooks/useAppSettings.js:82:5)
      at asyncGeneratorStep (node_modules/@babel/runtime/helpers/asyncToGenerator.js:3:17)
      at _next (node_modules/@babel/runtime/helpers/asyncToGenerator.js:17:9)

    console.error
      react-test-renderer is deprecated. See https://react.dev/warnings/react-test-renderer

      35 |   let component;
      36 |   act(() => {
    > 37 |     component = create(<TestComponent hookProps={initialProps} />);
         |                       ^
      38 |   });
      39 |   return {
      40 |     result,

      at process.env.NODE_ENV.exports.create (node_modules/react-test-renderer/cjs/react-test-renderer.development.js:14598:17)
      at hooks/__tests__/useSettings.test.js:37:23
      at process.env.NODE_ENV.exports.act (node_modules/react/cjs/react.development.js:789:22)
      at renderHook (hooks/__tests__/useSettings.test.js:36:6)
      at Object.renderHook (hooks/__tests__/useSettings.test.js:540:26)
      at asyncGeneratorStep (node_modules/@babel/runtime/helpers/asyncToGenerator.js:3:17)
      at _next (node_modules/@babel/runtime/helpers/asyncToGenerator.js:17:9)
      at node_modules/@babel/runtime/helpers/asyncToGenerator.js:22:7
      at Object.<anonymous> (node_modules/@babel/runtime/helpers/asyncToGenerator.js:14:12)

    console.error
      The current testing environment is not configured to support act(...)

      35 |   let component;
      36 |   act(() => {
    > 37 |     component = create(<TestComponent hookProps={initialProps} />);
         |                       ^
      38 |   });
      39 |   return {
      40 |     result,

      at isConcurrentActEnvironment (node_modules/react-test-renderer/cjs/react-test-renderer.development.js:10243:17)
      at warnIfUpdatesNotWrappedWithActDEV (node_modules/react-test-renderer/cjs/react-test-renderer.development.js:11798:7)
      at scheduleUpdateOnFiber (node_modules/react-test-renderer/cjs/react-test-renderer.development.js:10326:9)
      at updateContainerImpl (node_modules/react-test-renderer/cjs/react-test-renderer.development.js:12382:10)
      at updateContainer (node_modules/react-test-renderer/cjs/react-test-renderer.development.js:12326:7)
      at process.env.NODE_ENV.exports.create (node_modules/react-test-renderer/cjs/react-test-renderer.development.js:14630:7)
      at hooks/__tests__/useSettings.test.js:37:23
      at process.env.NODE_ENV.exports.act (node_modules/react/cjs/react.development.js:789:22)
      at renderHook (hooks/__tests__/useSettings.test.js:36:6)
      at Object.renderHook (hooks/__tests__/useSettings.test.js:540:26)
      at asyncGeneratorStep (node_modules/@babel/runtime/helpers/asyncToGenerator.js:3:17)
      at _next (node_modules/@babel/runtime/helpers/asyncToGenerator.js:17:9)
      at node_modules/@babel/runtime/helpers/asyncToGenerator.js:22:7
      at Object.<anonymous> (node_modules/@babel/runtime/helpers/asyncToGenerator.js:14:12)

    console.error
      The current testing environment is not configured to support act(...)

      40 |   const handleNotificationsToggle = useCallback(() => {
      41 |     const newValue = !notificationsEnabled;
    > 42 |     setPendingNotificationsValue(newValue);
         |     ^
      43 |     setShowNotificationsModal(true);
      44 |   }, [notificationsEnabled]);
      45 |

      at isConcurrentActEnvironment (node_modules/react-test-renderer/cjs/react-test-renderer.development.js:10243:17)
      at warnIfUpdatesNotWrappedWithActDEV (node_modules/react-test-renderer/cjs/react-test-renderer.development.js:11798:7)
      at scheduleUpdateOnFiber (node_modules/react-test-renderer/cjs/react-test-renderer.development.js:10326:9)
      at dispatchSetStateInternal (node_modules/react-test-renderer/cjs/react-test-renderer.development.js:4148:13)
      at dispatchSetState (node_modules/react-test-renderer/cjs/react-test-renderer.development.js:4107:7)
      at Object.setPendingNotificationsValue [as handleNotificationsToggle] (hooks/useAppSettings.js:42:5)
      at handleNotificationsToggle (hooks/__tests__/useSettings.test.js:545:24)
      at process.env.NODE_ENV.exports.act (node_modules/react/cjs/react.development.js:789:22)
      at Object.<anonymous> (hooks/__tests__/useSettings.test.js:544:10)
      at asyncGeneratorStep (node_modules/@babel/runtime/helpers/asyncToGenerator.js:3:17)
      at _next (node_modules/@babel/runtime/helpers/asyncToGenerator.js:17:9)
      at node_modules/@babel/runtime/helpers/asyncToGenerator.js:22:7
      at Object.<anonymous> (node_modules/@babel/runtime/helpers/asyncToGenerator.js:14:12)

    console.error
      The current testing environment is not configured to support act(...)

      41 |     const newValue = !notificationsEnabled;
      42 |     setPendingNotificationsValue(newValue);
    > 43 |     setShowNotificationsModal(true);
         |     ^
      44 |   }, [notificationsEnabled]);
      45 |
      46 |   const confirmNotificationsToggle = useCallback(async () => {

      at isConcurrentActEnvironment (node_modules/react-test-renderer/cjs/react-test-renderer.development.js:10243:17)
      at warnIfUpdatesNotWrappedWithActDEV (node_modules/react-test-renderer/cjs/react-test-renderer.development.js:11798:7)
      at scheduleUpdateOnFiber (node_modules/react-test-renderer/cjs/react-test-renderer.development.js:10326:9)
      at dispatchSetStateInternal (node_modules/react-test-renderer/cjs/react-test-renderer.development.js:4148:13)
      at dispatchSetState (node_modules/react-test-renderer/cjs/react-test-renderer.development.js:4107:7)
      at Object.setShowNotificationsModal (hooks/useAppSettings.js:43:5)
      at handleNotificationsToggle (hooks/__tests__/useSettings.test.js:545:24)
      at process.env.NODE_ENV.exports.act (node_modules/react/cjs/react.development.js:789:22)
      at Object.<anonymous> (hooks/__tests__/useSettings.test.js:544:10)
      at asyncGeneratorStep (node_modules/@babel/runtime/helpers/asyncToGenerator.js:3:17)
      at _next (node_modules/@babel/runtime/helpers/asyncToGenerator.js:17:9)
      at node_modules/@babel/runtime/helpers/asyncToGenerator.js:22:7
      at Object.<anonymous> (node_modules/@babel/runtime/helpers/asyncToGenerator.js:14:12)

    console.error
      The current testing environment is not configured to support act(...)

      45 |
      46 |   const confirmNotificationsToggle = useCallback(async () => {
    > 47 |     setShowNotificationsModal(false);
         |     ^
      48 |     const newValue = pendingNotificationsValue;
      49 |
      50 |     // If enabling, require authentication first

      at isConcurrentActEnvironment (node_modules/react-test-renderer/cjs/react-test-renderer.development.js:10243:17)
      at warnIfUpdatesNotWrappedWithActDEV (node_modules/react-test-renderer/cjs/react-test-renderer.development.js:11798:7)
      at scheduleUpdateOnFiber (node_modules/react-test-renderer/cjs/react-test-renderer.development.js:10326:9)
      at dispatchSetStateInternal (node_modules/react-test-renderer/cjs/react-test-renderer.development.js:4148:13)
      at dispatchSetState (node_modules/react-test-renderer/cjs/react-test-renderer.development.js:4107:7)
      at Object.setShowNotificationsModal (hooks/useAppSettings.js:47:5)
      at asyncGeneratorStep (node_modules/@babel/runtime/helpers/asyncToGenerator.js:3:17)
      at _next (node_modules/@babel/runtime/helpers/asyncToGenerator.js:17:9)
      at node_modules/@babel/runtime/helpers/asyncToGenerator.js:22:7
      at Object.confirmNotificationsToggle (node_modules/@babel/runtime/helpers/asyncToGenerator.js:14:12)
      at confirmNotificationsToggle (hooks/__tests__/useSettings.test.js:549:30)
      at asyncGeneratorStep (node_modules/@babel/runtime/helpers/asyncToGenerator.js:3:17)
      at _next (node_modules/@babel/runtime/helpers/asyncToGenerator.js:17:9)
      at node_modules/@babel/runtime/helpers/asyncToGenerator.js:22:7
      at node_modules/@babel/runtime/helpers/asyncToGenerator.js:14:12
      at process.env.NODE_ENV.exports.act (node_modules/react/cjs/react.development.js:789:22)
      at Object.<anonymous> (hooks/__tests__/useSettings.test.js:548:16)
      at asyncGeneratorStep (node_modules/@babel/runtime/helpers/asyncToGenerator.js:3:17)
      at _next (node_modules/@babel/runtime/helpers/asyncToGenerator.js:17:9)
      at node_modules/@babel/runtime/helpers/asyncToGenerator.js:22:7
      at Object.<anonymous> (node_modules/@babel/runtime/helpers/asyncToGenerator.js:14:12)

    console.error
      react-test-renderer is deprecated. See https://react.dev/warnings/react-test-renderer

      35 |   let component;
      36 |   act(() => {
    > 37 |     component = create(<TestComponent hookProps={initialProps} />);
         |                       ^
      38 |   });
      39 |   return {
      40 |     result,

      at process.env.NODE_ENV.exports.create (node_modules/react-test-renderer/cjs/react-test-renderer.development.js:14598:17)
      at hooks/__tests__/useSettings.test.js:37:23
      at process.env.NODE_ENV.exports.act (node_modules/react/cjs/react.development.js:789:22)
      at renderHook (hooks/__tests__/useSettings.test.js:36:6)
      at Object.renderHook (hooks/__tests__/useSettings.test.js:561:26)
      at asyncGeneratorStep (node_modules/@babel/runtime/helpers/asyncToGenerator.js:3:17)
      at _next (node_modules/@babel/runtime/helpers/asyncToGenerator.js:17:9)
      at node_modules/@babel/runtime/helpers/asyncToGenerator.js:22:7
      at Object.<anonymous> (node_modules/@babel/runtime/helpers/asyncToGenerator.js:14:12)

    console.error
      The current testing environment is not configured to support act(...)

      35 |   let component;
      36 |   act(() => {
    > 37 |     component = create(<TestComponent hookProps={initialProps} />);
         |                       ^
      38 |   });
      39 |   return {
      40 |     result,

      at isConcurrentActEnvironment (node_modules/react-test-renderer/cjs/react-test-renderer.development.js:10243:17)
      at warnIfUpdatesNotWrappedWithActDEV (node_modules/react-test-renderer/cjs/react-test-renderer.development.js:11798:7)
      at scheduleUpdateOnFiber (node_modules/react-test-renderer/cjs/react-test-renderer.development.js:10326:9)
      at updateContainerImpl (node_modules/react-test-renderer/cjs/react-test-renderer.development.js:12382:10)
      at updateContainer (node_modules/react-test-renderer/cjs/react-test-renderer.development.js:12326:7)
      at process.env.NODE_ENV.exports.create (node_modules/react-test-renderer/cjs/react-test-renderer.development.js:14630:7)
      at hooks/__tests__/useSettings.test.js:37:23
      at process.env.NODE_ENV.exports.act (node_modules/react/cjs/react.development.js:789:22)
      at renderHook (hooks/__tests__/useSettings.test.js:36:6)
      at Object.renderHook (hooks/__tests__/useSettings.test.js:561:26)
      at asyncGeneratorStep (node_modules/@babel/runtime/helpers/asyncToGenerator.js:3:17)
      at _next (node_modules/@babel/runtime/helpers/asyncToGenerator.js:17:9)
      at node_modules/@babel/runtime/helpers/asyncToGenerator.js:22:7
      at Object.<anonymous> (node_modules/@babel/runtime/helpers/asyncToGenerator.js:14:12)

    console.error
      The current testing environment is not configured to support act(...)

      40 |   const handleNotificationsToggle = useCallback(() => {
      41 |     const newValue = !notificationsEnabled;
    > 42 |     setPendingNotificationsValue(newValue);
         |     ^
      43 |     setShowNotificationsModal(true);
      44 |   }, [notificationsEnabled]);
      45 |

      at isConcurrentActEnvironment (node_modules/react-test-renderer/cjs/react-test-renderer.development.js:10243:17)
      at warnIfUpdatesNotWrappedWithActDEV (node_modules/react-test-renderer/cjs/react-test-renderer.development.js:11798:7)
      at scheduleUpdateOnFiber (node_modules/react-test-renderer/cjs/react-test-renderer.development.js:10326:9)
      at dispatchSetStateInternal (node_modules/react-test-renderer/cjs/react-test-renderer.development.js:4148:13)
      at dispatchSetState (node_modules/react-test-renderer/cjs/react-test-renderer.development.js:4107:7)
      at Object.setPendingNotificationsValue [as handleNotificationsToggle] (hooks/useAppSettings.js:42:5)
      at handleNotificationsToggle (hooks/__tests__/useSettings.test.js:566:24)
      at process.env.NODE_ENV.exports.act (node_modules/react/cjs/react.development.js:789:22)
      at Object.<anonymous> (hooks/__tests__/useSettings.test.js:565:10)
      at asyncGeneratorStep (node_modules/@babel/runtime/helpers/asyncToGenerator.js:3:17)
      at _next (node_modules/@babel/runtime/helpers/asyncToGenerator.js:17:9)
      at node_modules/@babel/runtime/helpers/asyncToGenerator.js:22:7
      at Object.<anonymous> (node_modules/@babel/runtime/helpers/asyncToGenerator.js:14:12)

    console.error
      The current testing environment is not configured to support act(...)

      41 |     const newValue = !notificationsEnabled;
      42 |     setPendingNotificationsValue(newValue);
    > 43 |     setShowNotificationsModal(true);
         |     ^
      44 |   }, [notificationsEnabled]);
      45 |
      46 |   const confirmNotificationsToggle = useCallback(async () => {

      at isConcurrentActEnvironment (node_modules/react-test-renderer/cjs/react-test-renderer.development.js:10243:17)
      at warnIfUpdatesNotWrappedWithActDEV (node_modules/react-test-renderer/cjs/react-test-renderer.development.js:11798:7)
      at scheduleUpdateOnFiber (node_modules/react-test-renderer/cjs/react-test-renderer.development.js:10326:9)
      at dispatchSetStateInternal (node_modules/react-test-renderer/cjs/react-test-renderer.development.js:4148:13)
      at dispatchSetState (node_modules/react-test-renderer/cjs/react-test-renderer.development.js:4107:7)
      at Object.setShowNotificationsModal (hooks/useAppSettings.js:43:5)
      at handleNotificationsToggle (hooks/__tests__/useSettings.test.js:566:24)
      at process.env.NODE_ENV.exports.act (node_modules/react/cjs/react.development.js:789:22)
      at Object.<anonymous> (hooks/__tests__/useSettings.test.js:565:10)
      at asyncGeneratorStep (node_modules/@babel/runtime/helpers/asyncToGenerator.js:3:17)
      at _next (node_modules/@babel/runtime/helpers/asyncToGenerator.js:17:9)
      at node_modules/@babel/runtime/helpers/asyncToGenerator.js:22:7
      at Object.<anonymous> (node_modules/@babel/runtime/helpers/asyncToGenerator.js:14:12)

    console.error
      The current testing environment is not configured to support act(...)

      45 |
      46 |   const confirmNotificationsToggle = useCallback(async () => {
    > 47 |     setShowNotificationsModal(false);
         |     ^
      48 |     const newValue = pendingNotificationsValue;
      49 |
      50 |     // If enabling, require authentication first

      at isConcurrentActEnvironment (node_modules/react-test-renderer/cjs/react-test-renderer.development.js:10243:17)
      at warnIfUpdatesNotWrappedWithActDEV (node_modules/react-test-renderer/cjs/react-test-renderer.development.js:11798:7)
      at scheduleUpdateOnFiber (node_modules/react-test-renderer/cjs/react-test-renderer.development.js:10326:9)
      at dispatchSetStateInternal (node_modules/react-test-renderer/cjs/react-test-renderer.development.js:4148:13)
      at dispatchSetState (node_modules/react-test-renderer/cjs/react-test-renderer.development.js:4107:7)
      at Object.setShowNotificationsModal (hooks/useAppSettings.js:47:5)
      at asyncGeneratorStep (node_modules/@babel/runtime/helpers/asyncToGenerator.js:3:17)
      at _next (node_modules/@babel/runtime/helpers/asyncToGenerator.js:17:9)
      at node_modules/@babel/runtime/helpers/asyncToGenerator.js:22:7
      at Object.confirmNotificationsToggle (node_modules/@babel/runtime/helpers/asyncToGenerator.js:14:12)
      at confirmNotificationsToggle (hooks/__tests__/useSettings.test.js:570:30)
      at asyncGeneratorStep (node_modules/@babel/runtime/helpers/asyncToGenerator.js:3:17)
      at _next (node_modules/@babel/runtime/helpers/asyncToGenerator.js:17:9)
      at node_modules/@babel/runtime/helpers/asyncToGenerator.js:22:7
      at node_modules/@babel/runtime/helpers/asyncToGenerator.js:14:12
      at process.env.NODE_ENV.exports.act (node_modules/react/cjs/react.development.js:789:22)
      at Object.<anonymous> (hooks/__tests__/useSettings.test.js:569:16)
      at asyncGeneratorStep (node_modules/@babel/runtime/helpers/asyncToGenerator.js:3:17)
      at _next (node_modules/@babel/runtime/helpers/asyncToGenerator.js:17:9)
      at node_modules/@babel/runtime/helpers/asyncToGenerator.js:22:7
      at Object.<anonymous> (node_modules/@babel/runtime/helpers/asyncToGenerator.js:14:12)

    console.error
      react-test-renderer is deprecated. See https://react.dev/warnings/react-test-renderer

      35 |   let component;
      36 |   act(() => {
    > 37 |     component = create(<TestComponent hookProps={initialProps} />);
         |                       ^
      38 |   });
      39 |   return {
      40 |     result,

      at process.env.NODE_ENV.exports.create (node_modules/react-test-renderer/cjs/react-test-renderer.development.js:14598:17)
      at hooks/__tests__/useSettings.test.js:37:23
      at process.env.NODE_ENV.exports.act (node_modules/react/cjs/react.development.js:789:22)
      at renderHook (hooks/__tests__/useSettings.test.js:36:6)
      at Object.renderHook (hooks/__tests__/useSettings.test.js:589:26)
      at asyncGeneratorStep (node_modules/@babel/runtime/helpers/asyncToGenerator.js:3:17)
      at _next (node_modules/@babel/runtime/helpers/asyncToGenerator.js:17:9)
      at node_modules/@babel/runtime/helpers/asyncToGenerator.js:22:7
      at Object.<anonymous> (node_modules/@babel/runtime/helpers/asyncToGenerator.js:14:12)

    console.error
      The current testing environment is not configured to support act(...)

      35 |   let component;
      36 |   act(() => {
    > 37 |     component = create(<TestComponent hookProps={initialProps} />);
         |                       ^
      38 |   });
      39 |   return {
      40 |     result,

      at isConcurrentActEnvironment (node_modules/react-test-renderer/cjs/react-test-renderer.development.js:10243:17)
      at warnIfUpdatesNotWrappedWithActDEV (node_modules/react-test-renderer/cjs/react-test-renderer.development.js:11798:7)
      at scheduleUpdateOnFiber (node_modules/react-test-renderer/cjs/react-test-renderer.development.js:10326:9)
      at updateContainerImpl (node_modules/react-test-renderer/cjs/react-test-renderer.development.js:12382:10)
      at updateContainer (node_modules/react-test-renderer/cjs/react-test-renderer.development.js:12326:7)
      at process.env.NODE_ENV.exports.create (node_modules/react-test-renderer/cjs/react-test-renderer.development.js:14630:7)
      at hooks/__tests__/useSettings.test.js:37:23
      at process.env.NODE_ENV.exports.act (node_modules/react/cjs/react.development.js:789:22)
      at renderHook (hooks/__tests__/useSettings.test.js:36:6)
      at Object.renderHook (hooks/__tests__/useSettings.test.js:589:26)
      at asyncGeneratorStep (node_modules/@babel/runtime/helpers/asyncToGenerator.js:3:17)
      at _next (node_modules/@babel/runtime/helpers/asyncToGenerator.js:17:9)
      at node_modules/@babel/runtime/helpers/asyncToGenerator.js:22:7
      at Object.<anonymous> (node_modules/@babel/runtime/helpers/asyncToGenerator.js:14:12)

    console.error
      The current testing environment is not configured to support act(...)

      40 |   const handleNotificationsToggle = useCallback(() => {
      41 |     const newValue = !notificationsEnabled;
    > 42 |     setPendingNotificationsValue(newValue);
         |     ^
      43 |     setShowNotificationsModal(true);
      44 |   }, [notificationsEnabled]);
      45 |

      at isConcurrentActEnvironment (node_modules/react-test-renderer/cjs/react-test-renderer.development.js:10243:17)
      at warnIfUpdatesNotWrappedWithActDEV (node_modules/react-test-renderer/cjs/react-test-renderer.development.js:11798:7)
      at scheduleUpdateOnFiber (node_modules/react-test-renderer/cjs/react-test-renderer.development.js:10326:9)
      at dispatchSetStateInternal (node_modules/react-test-renderer/cjs/react-test-renderer.development.js:4148:13)
      at dispatchSetState (node_modules/react-test-renderer/cjs/react-test-renderer.development.js:4107:7)
      at Object.setPendingNotificationsValue [as handleNotificationsToggle] (hooks/useAppSettings.js:42:5)
      at handleNotificationsToggle (hooks/__tests__/useSettings.test.js:594:24)
      at process.env.NODE_ENV.exports.act (node_modules/react/cjs/react.development.js:789:22)
      at Object.<anonymous> (hooks/__tests__/useSettings.test.js:593:10)
      at asyncGeneratorStep (node_modules/@babel/runtime/helpers/asyncToGenerator.js:3:17)
      at _next (node_modules/@babel/runtime/helpers/asyncToGenerator.js:17:9)
      at node_modules/@babel/runtime/helpers/asyncToGenerator.js:22:7
      at Object.<anonymous> (node_modules/@babel/runtime/helpers/asyncToGenerator.js:14:12)

    console.error
      The current testing environment is not configured to support act(...)

      41 |     const newValue = !notificationsEnabled;
      42 |     setPendingNotificationsValue(newValue);
    > 43 |     setShowNotificationsModal(true);
         |     ^
      44 |   }, [notificationsEnabled]);
      45 |
      46 |   const confirmNotificationsToggle = useCallback(async () => {

      at isConcurrentActEnvironment (node_modules/react-test-renderer/cjs/react-test-renderer.development.js:10243:17)
      at warnIfUpdatesNotWrappedWithActDEV (node_modules/react-test-renderer/cjs/react-test-renderer.development.js:11798:7)
      at scheduleUpdateOnFiber (node_modules/react-test-renderer/cjs/react-test-renderer.development.js:10326:9)
      at dispatchSetStateInternal (node_modules/react-test-renderer/cjs/react-test-renderer.development.js:4148:13)
      at dispatchSetState (node_modules/react-test-renderer/cjs/react-test-renderer.development.js:4107:7)
      at Object.setShowNotificationsModal (hooks/useAppSettings.js:43:5)
      at handleNotificationsToggle (hooks/__tests__/useSettings.test.js:594:24)
      at process.env.NODE_ENV.exports.act (node_modules/react/cjs/react.development.js:789:22)
      at Object.<anonymous> (hooks/__tests__/useSettings.test.js:593:10)
      at asyncGeneratorStep (node_modules/@babel/runtime/helpers/asyncToGenerator.js:3:17)
      at _next (node_modules/@babel/runtime/helpers/asyncToGenerator.js:17:9)
      at node_modules/@babel/runtime/helpers/asyncToGenerator.js:22:7
      at Object.<anonymous> (node_modules/@babel/runtime/helpers/asyncToGenerator.js:14:12)

    console.error
      The current testing environment is not configured to support act(...)

      45 |
      46 |   const confirmNotificationsToggle = useCallback(async () => {
    > 47 |     setShowNotificationsModal(false);
         |     ^
      48 |     const newValue = pendingNotificationsValue;
      49 |
      50 |     // If enabling, require authentication first

      at isConcurrentActEnvironment (node_modules/react-test-renderer/cjs/react-test-renderer.development.js:10243:17)
      at warnIfUpdatesNotWrappedWithActDEV (node_modules/react-test-renderer/cjs/react-test-renderer.development.js:11798:7)
      at scheduleUpdateOnFiber (node_modules/react-test-renderer/cjs/react-test-renderer.development.js:10326:9)
      at dispatchSetStateInternal (node_modules/react-test-renderer/cjs/react-test-renderer.development.js:4148:13)
      at dispatchSetState (node_modules/react-test-renderer/cjs/react-test-renderer.development.js:4107:7)
      at Object.setShowNotificationsModal (hooks/useAppSettings.js:47:5)
      at asyncGeneratorStep (node_modules/@babel/runtime/helpers/asyncToGenerator.js:3:17)
      at _next (node_modules/@babel/runtime/helpers/asyncToGenerator.js:17:9)
      at node_modules/@babel/runtime/helpers/asyncToGenerator.js:22:7
      at Object.confirmNotificationsToggle (node_modules/@babel/runtime/helpers/asyncToGenerator.js:14:12)
      at confirmNotificationsToggle (hooks/__tests__/useSettings.test.js:598:30)
      at asyncGeneratorStep (node_modules/@babel/runtime/helpers/asyncToGenerator.js:3:17)
      at _next (node_modules/@babel/runtime/helpers/asyncToGenerator.js:17:9)
      at node_modules/@babel/runtime/helpers/asyncToGenerator.js:22:7
      at node_modules/@babel/runtime/helpers/asyncToGenerator.js:14:12
      at process.env.NODE_ENV.exports.act (node_modules/react/cjs/react.development.js:789:22)
      at Object.<anonymous> (hooks/__tests__/useSettings.test.js:597:16)
      at asyncGeneratorStep (node_modules/@babel/runtime/helpers/asyncToGenerator.js:3:17)
      at _next (node_modules/@babel/runtime/helpers/asyncToGenerator.js:17:9)
      at node_modules/@babel/runtime/helpers/asyncToGenerator.js:22:7
      at Object.<anonymous> (node_modules/@babel/runtime/helpers/asyncToGenerator.js:14:12)

    console.error
      The current testing environment is not configured to support act(...)

      80 |
      81 |     // Authentication successful or disabling, proceed with toggle
    > 82 |     setNotificationsEnabled(newValue);
         |     ^
      83 |     try {
      84 |       await SecureStore.setItemAsync('notificationsEnabled', String(newValue));
      85 |       if (showToast) {

      at isConcurrentActEnvironment (node_modules/react-test-renderer/cjs/react-test-renderer.development.js:10243:17)
      at warnIfUpdatesNotWrappedWithActDEV (node_modules/react-test-renderer/cjs/react-test-renderer.development.js:11798:7)
      at scheduleUpdateOnFiber (node_modules/react-test-renderer/cjs/react-test-renderer.development.js:10326:9)
      at dispatchSetStateInternal (node_modules/react-test-renderer/cjs/react-test-renderer.development.js:4148:13)
      at dispatchSetState (node_modules/react-test-renderer/cjs/react-test-renderer.development.js:4107:7)
      at Object.setNotificationsEnabled (hooks/useAppSettings.js:82:5)
      at asyncGeneratorStep (node_modules/@babel/runtime/helpers/asyncToGenerator.js:3:17)
      at _next (node_modules/@babel/runtime/helpers/asyncToGenerator.js:17:9)

    console.error
      react-test-renderer is deprecated. See https://react.dev/warnings/react-test-renderer

      35 |   let component;
      36 |   act(() => {
    > 37 |     component = create(<TestComponent hookProps={initialProps} />);
         |                       ^
      38 |   });
      39 |   return {
      40 |     result,

      at process.env.NODE_ENV.exports.create (node_modules/react-test-renderer/cjs/react-test-renderer.development.js:14598:17)
      at hooks/__tests__/useSettings.test.js:37:23
      at process.env.NODE_ENV.exports.act (node_modules/react/cjs/react.development.js:789:22)
      at renderHook (hooks/__tests__/useSettings.test.js:36:6)
      at Object.renderHook (hooks/__tests__/useSettings.test.js:614:26)
      at asyncGeneratorStep (node_modules/@babel/runtime/helpers/asyncToGenerator.js:3:17)
      at _next (node_modules/@babel/runtime/helpers/asyncToGenerator.js:17:9)
      at node_modules/@babel/runtime/helpers/asyncToGenerator.js:22:7
      at Object.<anonymous> (node_modules/@babel/runtime/helpers/asyncToGenerator.js:14:12)

    console.error
      The current testing environment is not configured to support act(...)

      35 |   let component;
      36 |   act(() => {
    > 37 |     component = create(<TestComponent hookProps={initialProps} />);
         |                       ^
      38 |   });
      39 |   return {
      40 |     result,

      at isConcurrentActEnvironment (node_modules/react-test-renderer/cjs/react-test-renderer.development.js:10243:17)
      at warnIfUpdatesNotWrappedWithActDEV (node_modules/react-test-renderer/cjs/react-test-renderer.development.js:11798:7)
      at scheduleUpdateOnFiber (node_modules/react-test-renderer/cjs/react-test-renderer.development.js:10326:9)
      at updateContainerImpl (node_modules/react-test-renderer/cjs/react-test-renderer.development.js:12382:10)
      at updateContainer (node_modules/react-test-renderer/cjs/react-test-renderer.development.js:12326:7)
      at process.env.NODE_ENV.exports.create (node_modules/react-test-renderer/cjs/react-test-renderer.development.js:14630:7)
      at hooks/__tests__/useSettings.test.js:37:23
      at process.env.NODE_ENV.exports.act (node_modules/react/cjs/react.development.js:789:22)
      at renderHook (hooks/__tests__/useSettings.test.js:36:6)
      at Object.renderHook (hooks/__tests__/useSettings.test.js:614:26)
      at asyncGeneratorStep (node_modules/@babel/runtime/helpers/asyncToGenerator.js:3:17)
      at _next (node_modules/@babel/runtime/helpers/asyncToGenerator.js:17:9)
      at node_modules/@babel/runtime/helpers/asyncToGenerator.js:22:7
      at Object.<anonymous> (node_modules/@babel/runtime/helpers/asyncToGenerator.js:14:12)

    console.error
      The current testing environment is not configured to support act(...)

      20 |         const savedNotificationsEnabled = await SecureStore.getItemAsync('notificationsEnabled');
      21 |         if (savedNotificationsEnabled !== null) {
    > 22 |           setNotificationsEnabled(savedNotificationsEnabled === 'true');
         |           ^
      23 |         }
      24 |
      25 |         const savedShowZeroAssets = await SecureStore.getItemAsync('showZeroAssets');

      at isConcurrentActEnvironment (node_modules/react-test-renderer/cjs/react-test-renderer.development.js:10243:17)
      at warnIfUpdatesNotWrappedWithActDEV (node_modules/react-test-renderer/cjs/react-test-renderer.development.js:11798:7)
      at scheduleUpdateOnFiber (node_modules/react-test-renderer/cjs/react-test-renderer.development.js:10326:9)
      at dispatchSetStateInternal (node_modules/react-test-renderer/cjs/react-test-renderer.development.js:4148:13)
      at dispatchSetState (node_modules/react-test-renderer/cjs/react-test-renderer.development.js:4107:7)
      at setNotificationsEnabled (hooks/useAppSettings.js:22:11)
      at asyncGeneratorStep (node_modules/@babel/runtime/helpers/asyncToGenerator.js:3:17)
      at _next (node_modules/@babel/runtime/helpers/asyncToGenerator.js:17:9)

    console.error
      The current testing environment is not configured to support act(...)

      40 |   const handleNotificationsToggle = useCallback(() => {
      41 |     const newValue = !notificationsEnabled;
    > 42 |     setPendingNotificationsValue(newValue);
         |     ^
      43 |     setShowNotificationsModal(true);
      44 |   }, [notificationsEnabled]);
      45 |

      at isConcurrentActEnvironment (node_modules/react-test-renderer/cjs/react-test-renderer.development.js:10243:17)
      at warnIfUpdatesNotWrappedWithActDEV (node_modules/react-test-renderer/cjs/react-test-renderer.development.js:11798:7)
      at scheduleUpdateOnFiber (node_modules/react-test-renderer/cjs/react-test-renderer.development.js:10326:9)
      at dispatchSetStateInternal (node_modules/react-test-renderer/cjs/react-test-renderer.development.js:4148:13)
      at dispatchSetState (node_modules/react-test-renderer/cjs/react-test-renderer.development.js:4107:7)
      at Object.setPendingNotificationsValue [as handleNotificationsToggle] (hooks/useAppSettings.js:42:5)
      at handleNotificationsToggle (hooks/__tests__/useSettings.test.js:623:24)
      at process.env.NODE_ENV.exports.act (node_modules/react/cjs/react.development.js:789:22)
      at Object.<anonymous> (hooks/__tests__/useSettings.test.js:622:10)
      at asyncGeneratorStep (node_modules/@babel/runtime/helpers/asyncToGenerator.js:3:17)
      at _next (node_modules/@babel/runtime/helpers/asyncToGenerator.js:17:9)

    console.error
      The current testing environment is not configured to support act(...)

      41 |     const newValue = !notificationsEnabled;
      42 |     setPendingNotificationsValue(newValue);
    > 43 |     setShowNotificationsModal(true);
         |     ^
      44 |   }, [notificationsEnabled]);
      45 |
      46 |   const confirmNotificationsToggle = useCallback(async () => {

      at isConcurrentActEnvironment (node_modules/react-test-renderer/cjs/react-test-renderer.development.js:10243:17)
      at warnIfUpdatesNotWrappedWithActDEV (node_modules/react-test-renderer/cjs/react-test-renderer.development.js:11798:7)
      at scheduleUpdateOnFiber (node_modules/react-test-renderer/cjs/react-test-renderer.development.js:10326:9)
      at dispatchSetStateInternal (node_modules/react-test-renderer/cjs/react-test-renderer.development.js:4148:13)
      at dispatchSetState (node_modules/react-test-renderer/cjs/react-test-renderer.development.js:4107:7)
      at Object.setShowNotificationsModal (hooks/useAppSettings.js:43:5)
      at handleNotificationsToggle (hooks/__tests__/useSettings.test.js:623:24)
      at process.env.NODE_ENV.exports.act (node_modules/react/cjs/react.development.js:789:22)
      at Object.<anonymous> (hooks/__tests__/useSettings.test.js:622:10)
      at asyncGeneratorStep (node_modules/@babel/runtime/helpers/asyncToGenerator.js:3:17)
      at _next (node_modules/@babel/runtime/helpers/asyncToGenerator.js:17:9)

    console.error
      The current testing environment is not configured to support act(...)

      45 |
      46 |   const confirmNotificationsToggle = useCallback(async () => {
    > 47 |     setShowNotificationsModal(false);
         |     ^
      48 |     const newValue = pendingNotificationsValue;
      49 |
      50 |     // If enabling, require authentication first

      at isConcurrentActEnvironment (node_modules/react-test-renderer/cjs/react-test-renderer.development.js:10243:17)
      at warnIfUpdatesNotWrappedWithActDEV (node_modules/react-test-renderer/cjs/react-test-renderer.development.js:11798:7)
      at scheduleUpdateOnFiber (node_modules/react-test-renderer/cjs/react-test-renderer.development.js:10326:9)
      at dispatchSetStateInternal (node_modules/react-test-renderer/cjs/react-test-renderer.development.js:4148:13)
      at dispatchSetState (node_modules/react-test-renderer/cjs/react-test-renderer.development.js:4107:7)
      at Object.setShowNotificationsModal (hooks/useAppSettings.js:47:5)
      at asyncGeneratorStep (node_modules/@babel/runtime/helpers/asyncToGenerator.js:3:17)
      at _next (node_modules/@babel/runtime/helpers/asyncToGenerator.js:17:9)
      at node_modules/@babel/runtime/helpers/asyncToGenerator.js:22:7
      at Object.confirmNotificationsToggle (node_modules/@babel/runtime/helpers/asyncToGenerator.js:14:12)
      at confirmNotificationsToggle (hooks/__tests__/useSettings.test.js:627:30)
      at asyncGeneratorStep (node_modules/@babel/runtime/helpers/asyncToGenerator.js:3:17)
      at _next (node_modules/@babel/runtime/helpers/asyncToGenerator.js:17:9)
      at node_modules/@babel/runtime/helpers/asyncToGenerator.js:22:7
      at node_modules/@babel/runtime/helpers/asyncToGenerator.js:14:12
      at process.env.NODE_ENV.exports.act (node_modules/react/cjs/react.development.js:789:22)
      at Object.<anonymous> (hooks/__tests__/useSettings.test.js:626:16)
      at asyncGeneratorStep (node_modules/@babel/runtime/helpers/asyncToGenerator.js:3:17)
      at _next (node_modules/@babel/runtime/helpers/asyncToGenerator.js:17:9)

    console.error
      The current testing environment is not configured to support act(...)

      80 |
      81 |     // Authentication successful or disabling, proceed with toggle
    > 82 |     setNotificationsEnabled(newValue);
         |     ^
      83 |     try {
      84 |       await SecureStore.setItemAsync('notificationsEnabled', String(newValue));
      85 |       if (showToast) {

      at isConcurrentActEnvironment (node_modules/react-test-renderer/cjs/react-test-renderer.development.js:10243:17)
      at warnIfUpdatesNotWrappedWithActDEV (node_modules/react-test-renderer/cjs/react-test-renderer.development.js:11798:7)
      at scheduleUpdateOnFiber (node_modules/react-test-renderer/cjs/react-test-renderer.development.js:10326:9)
      at dispatchSetStateInternal (node_modules/react-test-renderer/cjs/react-test-renderer.development.js:4148:13)
      at dispatchSetState (node_modules/react-test-renderer/cjs/react-test-renderer.development.js:4107:7)
      at Object.setNotificationsEnabled (hooks/useAppSettings.js:82:5)
      at asyncGeneratorStep (node_modules/@babel/runtime/helpers/asyncToGenerator.js:3:17)
      at _next (node_modules/@babel/runtime/helpers/asyncToGenerator.js:17:9)
      at node_modules/@babel/runtime/helpers/asyncToGenerator.js:22:7
      at Object.confirmNotificationsToggle (node_modules/@babel/runtime/helpers/asyncToGenerator.js:14:12)
      at confirmNotificationsToggle (hooks/__tests__/useSettings.test.js:627:30)
      at asyncGeneratorStep (node_modules/@babel/runtime/helpers/asyncToGenerator.js:3:17)
      at _next (node_modules/@babel/runtime/helpers/asyncToGenerator.js:17:9)
      at node_modules/@babel/runtime/helpers/asyncToGenerator.js:22:7
      at node_modules/@babel/runtime/helpers/asyncToGenerator.js:14:12
      at process.env.NODE_ENV.exports.act (node_modules/react/cjs/react.development.js:789:22)
      at Object.<anonymous> (hooks/__tests__/useSettings.test.js:626:16)
      at asyncGeneratorStep (node_modules/@babel/runtime/helpers/asyncToGenerator.js:3:17)
      at _next (node_modules/@babel/runtime/helpers/asyncToGenerator.js:17:9)

    console.error
      react-test-renderer is deprecated. See https://react.dev/warnings/react-test-renderer

      35 |   let component;
      36 |   act(() => {
    > 37 |     component = create(<TestComponent hookProps={initialProps} />);
         |                       ^
      38 |   });
      39 |   return {
      40 |     result,

      at process.env.NODE_ENV.exports.create (node_modules/react-test-renderer/cjs/react-test-renderer.development.js:14598:17)
      at hooks/__tests__/useSettings.test.js:37:23
      at process.env.NODE_ENV.exports.act (node_modules/react/cjs/react.development.js:789:22)
      at renderHook (hooks/__tests__/useSettings.test.js:36:6)
      at Object.renderHook (hooks/__tests__/useSettings.test.js:637:26)
      at asyncGeneratorStep (node_modules/@babel/runtime/helpers/asyncToGenerator.js:3:17)
      at _next (node_modules/@babel/runtime/helpers/asyncToGenerator.js:17:9)
      at node_modules/@babel/runtime/helpers/asyncToGenerator.js:22:7
      at Object.<anonymous> (node_modules/@babel/runtime/helpers/asyncToGenerator.js:14:12)

    console.error
      The current testing environment is not configured to support act(...)

      35 |   let component;
      36 |   act(() => {
    > 37 |     component = create(<TestComponent hookProps={initialProps} />);
         |                       ^
      38 |   });
      39 |   return {
      40 |     result,

      at isConcurrentActEnvironment (node_modules/react-test-renderer/cjs/react-test-renderer.development.js:10243:17)
      at warnIfUpdatesNotWrappedWithActDEV (node_modules/react-test-renderer/cjs/react-test-renderer.development.js:11798:7)
      at scheduleUpdateOnFiber (node_modules/react-test-renderer/cjs/react-test-renderer.development.js:10326:9)
      at updateContainerImpl (node_modules/react-test-renderer/cjs/react-test-renderer.development.js:12382:10)
      at updateContainer (node_modules/react-test-renderer/cjs/react-test-renderer.development.js:12326:7)
      at process.env.NODE_ENV.exports.create (node_modules/react-test-renderer/cjs/react-test-renderer.development.js:14630:7)
      at hooks/__tests__/useSettings.test.js:37:23
      at process.env.NODE_ENV.exports.act (node_modules/react/cjs/react.development.js:789:22)
      at renderHook (hooks/__tests__/useSettings.test.js:36:6)
      at Object.renderHook (hooks/__tests__/useSettings.test.js:637:26)
      at asyncGeneratorStep (node_modules/@babel/runtime/helpers/asyncToGenerator.js:3:17)
      at _next (node_modules/@babel/runtime/helpers/asyncToGenerator.js:17:9)
      at node_modules/@babel/runtime/helpers/asyncToGenerator.js:22:7
      at Object.<anonymous> (node_modules/@babel/runtime/helpers/asyncToGenerator.js:14:12)

    console.error
      The current testing environment is not configured to support act(...)

      40 |   const handleNotificationsToggle = useCallback(() => {
      41 |     const newValue = !notificationsEnabled;
    > 42 |     setPendingNotificationsValue(newValue);
         |     ^
      43 |     setShowNotificationsModal(true);
      44 |   }, [notificationsEnabled]);
      45 |

      at isConcurrentActEnvironment (node_modules/react-test-renderer/cjs/react-test-renderer.development.js:10243:17)
      at warnIfUpdatesNotWrappedWithActDEV (node_modules/react-test-renderer/cjs/react-test-renderer.development.js:11798:7)
      at scheduleUpdateOnFiber (node_modules/react-test-renderer/cjs/react-test-renderer.development.js:10326:9)
      at dispatchSetStateInternal (node_modules/react-test-renderer/cjs/react-test-renderer.development.js:4148:13)
      at dispatchSetState (node_modules/react-test-renderer/cjs/react-test-renderer.development.js:4107:7)
      at Object.setPendingNotificationsValue [as handleNotificationsToggle] (hooks/useAppSettings.js:42:5)
      at handleNotificationsToggle (hooks/__tests__/useSettings.test.js:642:24)
      at asyncGeneratorStep (node_modules/@babel/runtime/helpers/asyncToGenerator.js:3:17)
      at _next (node_modules/@babel/runtime/helpers/asyncToGenerator.js:17:9)
      at node_modules/@babel/runtime/helpers/asyncToGenerator.js:22:7
      at node_modules/@babel/runtime/helpers/asyncToGenerator.js:14:12
      at process.env.NODE_ENV.exports.act (node_modules/react/cjs/react.development.js:789:22)
      at Object.<anonymous> (hooks/__tests__/useSettings.test.js:641:16)
      at asyncGeneratorStep (node_modules/@babel/runtime/helpers/asyncToGenerator.js:3:17)
      at _next (node_modules/@babel/runtime/helpers/asyncToGenerator.js:17:9)
      at node_modules/@babel/runtime/helpers/asyncToGenerator.js:22:7
      at Object.<anonymous> (node_modules/@babel/runtime/helpers/asyncToGenerator.js:14:12)

    console.error
      The current testing environment is not configured to support act(...)

      41 |     const newValue = !notificationsEnabled;
      42 |     setPendingNotificationsValue(newValue);
    > 43 |     setShowNotificationsModal(true);
         |     ^
      44 |   }, [notificationsEnabled]);
      45 |
      46 |   const confirmNotificationsToggle = useCallback(async () => {

      at isConcurrentActEnvironment (node_modules/react-test-renderer/cjs/react-test-renderer.development.js:10243:17)
      at warnIfUpdatesNotWrappedWithActDEV (node_modules/react-test-renderer/cjs/react-test-renderer.development.js:11798:7)
      at scheduleUpdateOnFiber (node_modules/react-test-renderer/cjs/react-test-renderer.development.js:10326:9)
      at dispatchSetStateInternal (node_modules/react-test-renderer/cjs/react-test-renderer.development.js:4148:13)
      at dispatchSetState (node_modules/react-test-renderer/cjs/react-test-renderer.development.js:4107:7)
      at Object.setShowNotificationsModal (hooks/useAppSettings.js:43:5)
      at handleNotificationsToggle (hooks/__tests__/useSettings.test.js:642:24)
      at asyncGeneratorStep (node_modules/@babel/runtime/helpers/asyncToGenerator.js:3:17)
      at _next (node_modules/@babel/runtime/helpers/asyncToGenerator.js:17:9)
      at node_modules/@babel/runtime/helpers/asyncToGenerator.js:22:7
      at node_modules/@babel/runtime/helpers/asyncToGenerator.js:14:12
      at process.env.NODE_ENV.exports.act (node_modules/react/cjs/react.development.js:789:22)
      at Object.<anonymous> (hooks/__tests__/useSettings.test.js:641:16)
      at asyncGeneratorStep (node_modules/@babel/runtime/helpers/asyncToGenerator.js:3:17)
      at _next (node_modules/@babel/runtime/helpers/asyncToGenerator.js:17:9)
      at node_modules/@babel/runtime/helpers/asyncToGenerator.js:22:7
      at Object.<anonymous> (node_modules/@babel/runtime/helpers/asyncToGenerator.js:14:12)

    console.error
      The current testing environment is not configured to support act(...)

      94 |
      95 |   const cancelNotificationsToggle = useCallback(() => {
    > 96 |     setShowNotificationsModal(false);
         |     ^
      97 |   }, []);
      98 |
      99 |   return useMemo(

      at isConcurrentActEnvironment (node_modules/react-test-renderer/cjs/react-test-renderer.development.js:10243:17)
      at warnIfUpdatesNotWrappedWithActDEV (node_modules/react-test-renderer/cjs/react-test-renderer.development.js:11798:7)
      at scheduleUpdateOnFiber (node_modules/react-test-renderer/cjs/react-test-renderer.development.js:10326:9)
      at dispatchSetStateInternal (node_modules/react-test-renderer/cjs/react-test-renderer.development.js:4148:13)
      at dispatchSetState (node_modules/react-test-renderer/cjs/react-test-renderer.development.js:4107:7)
      at Object.setShowNotificationsModal (hooks/useAppSettings.js:96:5)
      at cancelNotificationsToggle (hooks/__tests__/useSettings.test.js:646:24)
      at process.env.NODE_ENV.exports.act (node_modules/react/cjs/react.development.js:789:22)
      at Object.<anonymous> (hooks/__tests__/useSettings.test.js:645:10)
      at asyncGeneratorStep (node_modules/@babel/runtime/helpers/asyncToGenerator.js:3:17)
      at _next (node_modules/@babel/runtime/helpers/asyncToGenerator.js:17:9)

    console.error
      react-test-renderer is deprecated. See https://react.dev/warnings/react-test-renderer

      35 |   let component;
      36 |   act(() => {
    > 37 |     component = create(<TestComponent hookProps={initialProps} />);
         |                       ^
      38 |   });
      39 |   return {
      40 |     result,

      at process.env.NODE_ENV.exports.create (node_modules/react-test-renderer/cjs/react-test-renderer.development.js:14598:17)
      at hooks/__tests__/useSettings.test.js:37:23
      at process.env.NODE_ENV.exports.act (node_modules/react/cjs/react.development.js:789:22)
      at renderHook (hooks/__tests__/useSettings.test.js:36:6)
      at Object.renderHook (hooks/__tests__/useSettings.test.js:655:26)
      at asyncGeneratorStep (node_modules/@babel/runtime/helpers/asyncToGenerator.js:3:17)
      at _next (node_modules/@babel/runtime/helpers/asyncToGenerator.js:17:9)
      at node_modules/@babel/runtime/helpers/asyncToGenerator.js:22:7
      at Object.<anonymous> (node_modules/@babel/runtime/helpers/asyncToGenerator.js:14:12)

    console.error
      The current testing environment is not configured to support act(...)

      35 |   let component;
      36 |   act(() => {
    > 37 |     component = create(<TestComponent hookProps={initialProps} />);
         |                       ^
      38 |   });
      39 |   return {
      40 |     result,

      at isConcurrentActEnvironment (node_modules/react-test-renderer/cjs/react-test-renderer.development.js:10243:17)
      at warnIfUpdatesNotWrappedWithActDEV (node_modules/react-test-renderer/cjs/react-test-renderer.development.js:11798:7)
      at scheduleUpdateOnFiber (node_modules/react-test-renderer/cjs/react-test-renderer.development.js:10326:9)
      at updateContainerImpl (node_modules/react-test-renderer/cjs/react-test-renderer.development.js:12382:10)
      at updateContainer (node_modules/react-test-renderer/cjs/react-test-renderer.development.js:12326:7)
      at process.env.NODE_ENV.exports.create (node_modules/react-test-renderer/cjs/react-test-renderer.development.js:14630:7)
      at hooks/__tests__/useSettings.test.js:37:23
      at process.env.NODE_ENV.exports.act (node_modules/react/cjs/react.development.js:789:22)
      at renderHook (hooks/__tests__/useSettings.test.js:36:6)
      at Object.renderHook (hooks/__tests__/useSettings.test.js:655:26)
      at asyncGeneratorStep (node_modules/@babel/runtime/helpers/asyncToGenerator.js:3:17)
      at _next (node_modules/@babel/runtime/helpers/asyncToGenerator.js:17:9)
      at node_modules/@babel/runtime/helpers/asyncToGenerator.js:22:7
      at Object.<anonymous> (node_modules/@babel/runtime/helpers/asyncToGenerator.js:14:12)

    console.error
      The current testing environment is not configured to support act(...)

      34 |   const handleShowZeroAssetsToggle = useCallback(async () => {
      35 |     const newValue = !showZeroAssets;
    > 36 |     setShowZeroAssets(newValue);
         |     ^
      37 |     await SecureStore.setItemAsync('showZeroAssets', newValue.toString());
      38 |   }, [showZeroAssets]);
      39 |

      at isConcurrentActEnvironment (node_modules/react-test-renderer/cjs/react-test-renderer.development.js:10243:17)
      at warnIfUpdatesNotWrappedWithActDEV (node_modules/react-test-renderer/cjs/react-test-renderer.development.js:11798:7)
      at scheduleUpdateOnFiber (node_modules/react-test-renderer/cjs/react-test-renderer.development.js:10326:9)
      at dispatchSetStateInternal (node_modules/react-test-renderer/cjs/react-test-renderer.development.js:4148:13)
      at dispatchSetState (node_modules/react-test-renderer/cjs/react-test-renderer.development.js:4107:7)
      at Object.setShowZeroAssets (hooks/useAppSettings.js:36:5)
      at asyncGeneratorStep (node_modules/@babel/runtime/helpers/asyncToGenerator.js:3:17)
      at _next (node_modules/@babel/runtime/helpers/asyncToGenerator.js:17:9)
      at node_modules/@babel/runtime/helpers/asyncToGenerator.js:22:7
      at Object.handleShowZeroAssetsToggle (node_modules/@babel/runtime/helpers/asyncToGenerator.js:14:12)
      at handleShowZeroAssetsToggle (hooks/__tests__/useSettings.test.js:662:30)
      at asyncGeneratorStep (node_modules/@babel/runtime/helpers/asyncToGenerator.js:3:17)
      at _next (node_modules/@babel/runtime/helpers/asyncToGenerator.js:17:9)
      at node_modules/@babel/runtime/helpers/asyncToGenerator.js:22:7
      at node_modules/@babel/runtime/helpers/asyncToGenerator.js:14:12
      at process.env.NODE_ENV.exports.act (node_modules/react/cjs/react.development.js:789:22)
      at Object.<anonymous> (hooks/__tests__/useSettings.test.js:661:16)
      at asyncGeneratorStep (node_modules/@babel/runtime/helpers/asyncToGenerator.js:3:17)
      at _next (node_modules/@babel/runtime/helpers/asyncToGenerator.js:17:9)
      at node_modules/@babel/runtime/helpers/asyncToGenerator.js:22:7
      at Object.<anonymous> (node_modules/@babel/runtime/helpers/asyncToGenerator.js:14:12)

    console.error
      The current testing environment is not configured to support act(...)

      34 |   const handleShowZeroAssetsToggle = useCallback(async () => {
      35 |     const newValue = !showZeroAssets;
    > 36 |     setShowZeroAssets(newValue);
         |     ^
      37 |     await SecureStore.setItemAsync('showZeroAssets', newValue.toString());
      38 |   }, [showZeroAssets]);
      39 |

      at isConcurrentActEnvironment (node_modules/react-test-renderer/cjs/react-test-renderer.development.js:10243:17)
      at warnIfUpdatesNotWrappedWithActDEV (node_modules/react-test-renderer/cjs/react-test-renderer.development.js:11798:7)
      at scheduleUpdateOnFiber (node_modules/react-test-renderer/cjs/react-test-renderer.development.js:10326:9)
      at dispatchSetStateInternal (node_modules/react-test-renderer/cjs/react-test-renderer.development.js:4148:13)
      at dispatchSetState (node_modules/react-test-renderer/cjs/react-test-renderer.development.js:4107:7)
      at Object.setShowZeroAssets (hooks/useAppSettings.js:36:5)
      at asyncGeneratorStep (node_modules/@babel/runtime/helpers/asyncToGenerator.js:3:17)
      at _next (node_modules/@babel/runtime/helpers/asyncToGenerator.js:17:9)
      at node_modules/@babel/runtime/helpers/asyncToGenerator.js:22:7
      at Object.handleShowZeroAssetsToggle (node_modules/@babel/runtime/helpers/asyncToGenerator.js:14:12)
      at handleShowZeroAssetsToggle (hooks/__tests__/useSettings.test.js:669:30)
      at asyncGeneratorStep (node_modules/@babel/runtime/helpers/asyncToGenerator.js:3:17)
      at _next (node_modules/@babel/runtime/helpers/asyncToGenerator.js:17:9)
      at node_modules/@babel/runtime/helpers/asyncToGenerator.js:22:7
      at node_modules/@babel/runtime/helpers/asyncToGenerator.js:14:12
      at process.env.NODE_ENV.exports.act (node_modules/react/cjs/react.development.js:789:22)
      at Object.<anonymous> (hooks/__tests__/useSettings.test.js:668:16)
      at asyncGeneratorStep (node_modules/@babel/runtime/helpers/asyncToGenerator.js:3:17)
      at _next (node_modules/@babel/runtime/helpers/asyncToGenerator.js:17:9)

    console.error
      react-test-renderer is deprecated. See https://react.dev/warnings/react-test-renderer

      35 |   let component;
      36 |   act(() => {
    > 37 |     component = create(<TestComponent hookProps={initialProps} />);
         |                       ^
      38 |   });
      39 |   return {
      40 |     result,

      at process.env.NODE_ENV.exports.create (node_modules/react-test-renderer/cjs/react-test-renderer.development.js:14598:17)
      at hooks/__tests__/useSettings.test.js:37:23
      at process.env.NODE_ENV.exports.act (node_modules/react/cjs/react.development.js:789:22)
      at renderHook (hooks/__tests__/useSettings.test.js:36:6)
      at Object.renderHook (hooks/__tests__/useSettings.test.js:682:26)
      at asyncGeneratorStep (node_modules/@babel/runtime/helpers/asyncToGenerator.js:3:17)
      at _next (node_modules/@babel/runtime/helpers/asyncToGenerator.js:17:9)
      at node_modules/@babel/runtime/helpers/asyncToGenerator.js:22:7
      at Object.<anonymous> (node_modules/@babel/runtime/helpers/asyncToGenerator.js:14:12)

    console.error
      The current testing environment is not configured to support act(...)

      35 |   let component;
      36 |   act(() => {
    > 37 |     component = create(<TestComponent hookProps={initialProps} />);
         |                       ^
      38 |   });
      39 |   return {
      40 |     result,

      at isConcurrentActEnvironment (node_modules/react-test-renderer/cjs/react-test-renderer.development.js:10243:17)
      at warnIfUpdatesNotWrappedWithActDEV (node_modules/react-test-renderer/cjs/react-test-renderer.development.js:11798:7)
      at scheduleUpdateOnFiber (node_modules/react-test-renderer/cjs/react-test-renderer.development.js:10326:9)
      at updateContainerImpl (node_modules/react-test-renderer/cjs/react-test-renderer.development.js:12382:10)
      at updateContainer (node_modules/react-test-renderer/cjs/react-test-renderer.development.js:12326:7)
      at process.env.NODE_ENV.exports.create (node_modules/react-test-renderer/cjs/react-test-renderer.development.js:14630:7)
      at hooks/__tests__/useSettings.test.js:37:23
      at process.env.NODE_ENV.exports.act (node_modules/react/cjs/react.development.js:789:22)
      at renderHook (hooks/__tests__/useSettings.test.js:36:6)
      at Object.renderHook (hooks/__tests__/useSettings.test.js:682:26)
      at asyncGeneratorStep (node_modules/@babel/runtime/helpers/asyncToGenerator.js:3:17)
      at _next (node_modules/@babel/runtime/helpers/asyncToGenerator.js:17:9)
      at node_modules/@babel/runtime/helpers/asyncToGenerator.js:22:7
      at Object.<anonymous> (node_modules/@babel/runtime/helpers/asyncToGenerator.js:14:12)

    console.error
      The current testing environment is not configured to support act(...)

      19 |     const newValue = !biometricEnabled;
      20 |     setPendingFaceIdValue(newValue);
    > 21 |     setShowFaceIdModal(true);
         |     ^
      22 |   }, [biometricEnabled]);
      23 |
      24 |   const confirmFaceIdToggle = useCallback(async () => {

      at isConcurrentActEnvironment (node_modules/react-test-renderer/cjs/react-test-renderer.development.js:10243:17)
      at warnIfUpdatesNotWrappedWithActDEV (node_modules/react-test-renderer/cjs/react-test-renderer.development.js:11798:7)
      at scheduleUpdateOnFiber (node_modules/react-test-renderer/cjs/react-test-renderer.development.js:10326:9)
      at dispatchSetStateInternal (node_modules/react-test-renderer/cjs/react-test-renderer.development.js:4148:13)
      at dispatchSetState (node_modules/react-test-renderer/cjs/react-test-renderer.development.js:4107:7)
      at Object.setShowFaceIdModal (hooks/useAuthSettings.js:21:5)
      at handleFaceIdToggle (hooks/__tests__/useSettings.test.js:687:24)
      at process.env.NODE_ENV.exports.act (node_modules/react/cjs/react.development.js:789:22)
      at Object.<anonymous> (hooks/__tests__/useSettings.test.js:686:10)
      at asyncGeneratorStep (node_modules/@babel/runtime/helpers/asyncToGenerator.js:3:17)
      at _next (node_modules/@babel/runtime/helpers/asyncToGenerator.js:17:9)
      at node_modules/@babel/runtime/helpers/asyncToGenerator.js:22:7
      at Object.<anonymous> (node_modules/@babel/runtime/helpers/asyncToGenerator.js:14:12)

    console.error
      The current testing environment is not configured to support act(...)

      23 |
      24 |   const confirmFaceIdToggle = useCallback(async () => {
    > 25 |     setShowFaceIdModal(false);
         |     ^
      26 |     const newValue = pendingFaceIdValue;
      27 |
      28 |     // If enabling, require authentication first

      at isConcurrentActEnvironment (node_modules/react-test-renderer/cjs/react-test-renderer.development.js:10243:17)
      at warnIfUpdatesNotWrappedWithActDEV (node_modules/react-test-renderer/cjs/react-test-renderer.development.js:11798:7)
      at scheduleUpdateOnFiber (node_modules/react-test-renderer/cjs/react-test-renderer.development.js:10326:9)
      at dispatchSetStateInternal (node_modules/react-test-renderer/cjs/react-test-renderer.development.js:4148:13)
      at dispatchSetState (node_modules/react-test-renderer/cjs/react-test-renderer.development.js:4107:7)
      at Object.setShowFaceIdModal (hooks/useAuthSettings.js:25:5)
      at asyncGeneratorStep (node_modules/@babel/runtime/helpers/asyncToGenerator.js:3:17)
      at _next (node_modules/@babel/runtime/helpers/asyncToGenerator.js:17:9)
      at node_modules/@babel/runtime/helpers/asyncToGenerator.js:22:7
      at Object.confirmFaceIdToggle (node_modules/@babel/runtime/helpers/asyncToGenerator.js:14:12)
      at confirmFaceIdToggle (hooks/__tests__/useSettings.test.js:691:30)
      at asyncGeneratorStep (node_modules/@babel/runtime/helpers/asyncToGenerator.js:3:17)
      at _next (node_modules/@babel/runtime/helpers/asyncToGenerator.js:17:9)
      at node_modules/@babel/runtime/helpers/asyncToGenerator.js:22:7
      at node_modules/@babel/runtime/helpers/asyncToGenerator.js:14:12
      at process.env.NODE_ENV.exports.act (node_modules/react/cjs/react.development.js:789:22)
      at Object.<anonymous> (hooks/__tests__/useSettings.test.js:690:16)
      at asyncGeneratorStep (node_modules/@babel/runtime/helpers/asyncToGenerator.js:3:17)
      at _next (node_modules/@babel/runtime/helpers/asyncToGenerator.js:17:9)
      at node_modules/@babel/runtime/helpers/asyncToGenerator.js:22:7
      at Object.<anonymous> (node_modules/@babel/runtime/helpers/asyncToGenerator.js:14:12)

    console.error
      react-test-renderer is deprecated. See https://react.dev/warnings/react-test-renderer

      35 |   let component;
      36 |   act(() => {
    > 37 |     component = create(<TestComponent hookProps={initialProps} />);
         |                       ^
      38 |   });
      39 |   return {
      40 |     result,

      at process.env.NODE_ENV.exports.create (node_modules/react-test-renderer/cjs/react-test-renderer.development.js:14598:17)
      at hooks/__tests__/useSettings.test.js:37:23
      at process.env.NODE_ENV.exports.act (node_modules/react/cjs/react.development.js:789:22)
      at renderHook (hooks/__tests__/useSettings.test.js:36:6)
      at Object.renderHook (hooks/__tests__/useSettings.test.js:703:26)
      at asyncGeneratorStep (node_modules/@babel/runtime/helpers/asyncToGenerator.js:3:17)
      at _next (node_modules/@babel/runtime/helpers/asyncToGenerator.js:17:9)
      at node_modules/@babel/runtime/helpers/asyncToGenerator.js:22:7
      at Object.<anonymous> (node_modules/@babel/runtime/helpers/asyncToGenerator.js:14:12)

    console.error
      The current testing environment is not configured to support act(...)

      35 |   let component;
      36 |   act(() => {
    > 37 |     component = create(<TestComponent hookProps={initialProps} />);
         |                       ^
      38 |   });
      39 |   return {
      40 |     result,

      at isConcurrentActEnvironment (node_modules/react-test-renderer/cjs/react-test-renderer.development.js:10243:17)
      at warnIfUpdatesNotWrappedWithActDEV (node_modules/react-test-renderer/cjs/react-test-renderer.development.js:11798:7)
      at scheduleUpdateOnFiber (node_modules/react-test-renderer/cjs/react-test-renderer.development.js:10326:9)
      at updateContainerImpl (node_modules/react-test-renderer/cjs/react-test-renderer.development.js:12382:10)
      at updateContainer (node_modules/react-test-renderer/cjs/react-test-renderer.development.js:12326:7)
      at process.env.NODE_ENV.exports.create (node_modules/react-test-renderer/cjs/react-test-renderer.development.js:14630:7)
      at hooks/__tests__/useSettings.test.js:37:23
      at process.env.NODE_ENV.exports.act (node_modules/react/cjs/react.development.js:789:22)
      at renderHook (hooks/__tests__/useSettings.test.js:36:6)
      at Object.renderHook (hooks/__tests__/useSettings.test.js:703:26)
      at asyncGeneratorStep (node_modules/@babel/runtime/helpers/asyncToGenerator.js:3:17)
      at _next (node_modules/@babel/runtime/helpers/asyncToGenerator.js:17:9)
      at node_modules/@babel/runtime/helpers/asyncToGenerator.js:22:7
      at Object.<anonymous> (node_modules/@babel/runtime/helpers/asyncToGenerator.js:14:12)

    console.error
      The current testing environment is not configured to support act(...)

      27 |
      28 |   const handleDeleteWallet = useCallback(() => {
    > 29 |     setShowDeleteModal(true);
         |     ^
      30 |   }, []);
      31 |
      32 |   const confirmDeleteWallet = useCallback(async () => {

      at isConcurrentActEnvironment (node_modules/react-test-renderer/cjs/react-test-renderer.development.js:10243:17)
      at warnIfUpdatesNotWrappedWithActDEV (node_modules/react-test-renderer/cjs/react-test-renderer.development.js:11798:7)
      at scheduleUpdateOnFiber (node_modules/react-test-renderer/cjs/react-test-renderer.development.js:10326:9)
      at dispatchSetStateInternal (node_modules/react-test-renderer/cjs/react-test-renderer.development.js:4148:13)
      at dispatchSetState (node_modules/react-test-renderer/cjs/react-test-renderer.development.js:4107:7)
      at Object.setShowDeleteModal (hooks/useWalletActions.js:29:5)
      at handleDeleteWallet (hooks/__tests__/useSettings.test.js:708:24)
      at process.env.NODE_ENV.exports.act (node_modules/react/cjs/react.development.js:789:22)
      at Object.<anonymous> (hooks/__tests__/useSettings.test.js:707:10)
      at asyncGeneratorStep (node_modules/@babel/runtime/helpers/asyncToGenerator.js:3:17)
      at _next (node_modules/@babel/runtime/helpers/asyncToGenerator.js:17:9)
      at node_modules/@babel/runtime/helpers/asyncToGenerator.js:22:7
      at Object.<anonymous> (node_modules/@babel/runtime/helpers/asyncToGenerator.js:14:12)

    console.error
      The current testing environment is not configured to support act(...)

      31 |
      32 |   const confirmDeleteWallet = useCallback(async () => {
    > 33 |     setShowDeleteModal(false);
         |     ^
      34 |
      35 |     // Require authentication before deleting wallet
      36 |     try {

      at isConcurrentActEnvironment (node_modules/react-test-renderer/cjs/react-test-renderer.development.js:10243:17)
      at warnIfUpdatesNotWrappedWithActDEV (node_modules/react-test-renderer/cjs/react-test-renderer.development.js:11798:7)
      at scheduleUpdateOnFiber (node_modules/react-test-renderer/cjs/react-test-renderer.development.js:10326:9)
      at dispatchSetStateInternal (node_modules/react-test-renderer/cjs/react-test-renderer.development.js:4148:13)
      at dispatchSetState (node_modules/react-test-renderer/cjs/react-test-renderer.development.js:4107:7)
      at Object.setShowDeleteModal (hooks/useWalletActions.js:33:5)
      at asyncGeneratorStep (node_modules/@babel/runtime/helpers/asyncToGenerator.js:3:17)
      at _next (node_modules/@babel/runtime/helpers/asyncToGenerator.js:17:9)
      at node_modules/@babel/runtime/helpers/asyncToGenerator.js:22:7
      at Object.confirmDeleteWallet (node_modules/@babel/runtime/helpers/asyncToGenerator.js:14:12)
      at confirmDeleteWallet (hooks/__tests__/useSettings.test.js:712:30)
      at asyncGeneratorStep (node_modules/@babel/runtime/helpers/asyncToGenerator.js:3:17)
      at _next (node_modules/@babel/runtime/helpers/asyncToGenerator.js:17:9)
      at node_modules/@babel/runtime/helpers/asyncToGenerator.js:22:7
      at node_modules/@babel/runtime/helpers/asyncToGenerator.js:14:12
      at process.env.NODE_ENV.exports.act (node_modules/react/cjs/react.development.js:789:22)
      at Object.<anonymous> (hooks/__tests__/useSettings.test.js:711:16)
      at asyncGeneratorStep (node_modules/@babel/runtime/helpers/asyncToGenerator.js:3:17)
      at _next (node_modules/@babel/runtime/helpers/asyncToGenerator.js:17:9)
      at node_modules/@babel/runtime/helpers/asyncToGenerator.js:22:7
      at Object.<anonymous> (node_modules/@babel/runtime/helpers/asyncToGenerator.js:14:12)

    console.error
      react-test-renderer is deprecated. See https://react.dev/warnings/react-test-renderer

      35 |   let component;
      36 |   act(() => {
    > 37 |     component = create(<TestComponent hookProps={initialProps} />);
         |                       ^
      38 |   });
      39 |   return {
      40 |     result,

      at process.env.NODE_ENV.exports.create (node_modules/react-test-renderer/cjs/react-test-renderer.development.js:14598:17)
      at hooks/__tests__/useSettings.test.js:37:23
      at process.env.NODE_ENV.exports.act (node_modules/react/cjs/react.development.js:789:22)
      at renderHook (hooks/__tests__/useSettings.test.js:36:6)
      at Object.renderHook (hooks/__tests__/useSettings.test.js:730:26)
      at asyncGeneratorStep (node_modules/@babel/runtime/helpers/asyncToGenerator.js:3:17)
      at _next (node_modules/@babel/runtime/helpers/asyncToGenerator.js:17:9)
      at node_modules/@babel/runtime/helpers/asyncToGenerator.js:22:7
      at Object.<anonymous> (node_modules/@babel/runtime/helpers/asyncToGenerator.js:14:12)

    console.error
      The current testing environment is not configured to support act(...)

      35 |   let component;
      36 |   act(() => {
    > 37 |     component = create(<TestComponent hookProps={initialProps} />);
         |                       ^
      38 |   });
      39 |   return {
      40 |     result,

      at isConcurrentActEnvironment (node_modules/react-test-renderer/cjs/react-test-renderer.development.js:10243:17)
      at warnIfUpdatesNotWrappedWithActDEV (node_modules/react-test-renderer/cjs/react-test-renderer.development.js:11798:7)
      at scheduleUpdateOnFiber (node_modules/react-test-renderer/cjs/react-test-renderer.development.js:10326:9)
      at updateContainerImpl (node_modules/react-test-renderer/cjs/react-test-renderer.development.js:12382:10)
      at updateContainer (node_modules/react-test-renderer/cjs/react-test-renderer.development.js:12326:7)
      at process.env.NODE_ENV.exports.create (node_modules/react-test-renderer/cjs/react-test-renderer.development.js:14630:7)
      at hooks/__tests__/useSettings.test.js:37:23
      at process.env.NODE_ENV.exports.act (node_modules/react/cjs/react.development.js:789:22)
      at renderHook (hooks/__tests__/useSettings.test.js:36:6)
      at Object.renderHook (hooks/__tests__/useSettings.test.js:730:26)
      at asyncGeneratorStep (node_modules/@babel/runtime/helpers/asyncToGenerator.js:3:17)
      at _next (node_modules/@babel/runtime/helpers/asyncToGenerator.js:17:9)
      at node_modules/@babel/runtime/helpers/asyncToGenerator.js:22:7
      at Object.<anonymous> (node_modules/@babel/runtime/helpers/asyncToGenerator.js:14:12)

    console.error
      The current testing environment is not configured to support act(...)

      27 |
      28 |   const handleDeleteWallet = useCallback(() => {
    > 29 |     setShowDeleteModal(true);
         |     ^
      30 |   }, []);
      31 |
      32 |   const confirmDeleteWallet = useCallback(async () => {

      at isConcurrentActEnvironment (node_modules/react-test-renderer/cjs/react-test-renderer.development.js:10243:17)
      at warnIfUpdatesNotWrappedWithActDEV (node_modules/react-test-renderer/cjs/react-test-renderer.development.js:11798:7)
      at scheduleUpdateOnFiber (node_modules/react-test-renderer/cjs/react-test-renderer.development.js:10326:9)
      at dispatchSetStateInternal (node_modules/react-test-renderer/cjs/react-test-renderer.development.js:4148:13)
      at dispatchSetState (node_modules/react-test-renderer/cjs/react-test-renderer.development.js:4107:7)
      at Object.setShowDeleteModal (hooks/useWalletActions.js:29:5)
      at handleDeleteWallet (hooks/__tests__/useSettings.test.js:735:24)
      at process.env.NODE_ENV.exports.act (node_modules/react/cjs/react.development.js:789:22)
      at Object.<anonymous> (hooks/__tests__/useSettings.test.js:734:10)
      at asyncGeneratorStep (node_modules/@babel/runtime/helpers/asyncToGenerator.js:3:17)
      at _next (node_modules/@babel/runtime/helpers/asyncToGenerator.js:17:9)
      at node_modules/@babel/runtime/helpers/asyncToGenerator.js:22:7
      at Object.<anonymous> (node_modules/@babel/runtime/helpers/asyncToGenerator.js:14:12)

    console.error
      The current testing environment is not configured to support act(...)

      31 |
      32 |   const confirmDeleteWallet = useCallback(async () => {
    > 33 |     setShowDeleteModal(false);
         |     ^
      34 |
      35 |     // Require authentication before deleting wallet
      36 |     try {

      at isConcurrentActEnvironment (node_modules/react-test-renderer/cjs/react-test-renderer.development.js:10243:17)
      at warnIfUpdatesNotWrappedWithActDEV (node_modules/react-test-renderer/cjs/react-test-renderer.development.js:11798:7)
      at scheduleUpdateOnFiber (node_modules/react-test-renderer/cjs/react-test-renderer.development.js:10326:9)
      at dispatchSetStateInternal (node_modules/react-test-renderer/cjs/react-test-renderer.development.js:4148:13)
      at dispatchSetState (node_modules/react-test-renderer/cjs/react-test-renderer.development.js:4107:7)
      at Object.setShowDeleteModal (hooks/useWalletActions.js:33:5)
      at asyncGeneratorStep (node_modules/@babel/runtime/helpers/asyncToGenerator.js:3:17)
      at _next (node_modules/@babel/runtime/helpers/asyncToGenerator.js:17:9)
      at node_modules/@babel/runtime/helpers/asyncToGenerator.js:22:7
      at Object.confirmDeleteWallet (node_modules/@babel/runtime/helpers/asyncToGenerator.js:14:12)
      at confirmDeleteWallet (hooks/__tests__/useSettings.test.js:739:30)
      at asyncGeneratorStep (node_modules/@babel/runtime/helpers/asyncToGenerator.js:3:17)
      at _next (node_modules/@babel/runtime/helpers/asyncToGenerator.js:17:9)
      at node_modules/@babel/runtime/helpers/asyncToGenerator.js:22:7
      at node_modules/@babel/runtime/helpers/asyncToGenerator.js:14:12
      at process.env.NODE_ENV.exports.act (node_modules/react/cjs/react.development.js:789:22)
      at Object.<anonymous> (hooks/__tests__/useSettings.test.js:738:16)
      at asyncGeneratorStep (node_modules/@babel/runtime/helpers/asyncToGenerator.js:3:17)
      at _next (node_modules/@babel/runtime/helpers/asyncToGenerator.js:17:9)
      at node_modules/@babel/runtime/helpers/asyncToGenerator.js:22:7
      at Object.<anonymous> (node_modules/@babel/runtime/helpers/asyncToGenerator.js:14:12)

    console.error
      react-test-renderer is deprecated. See https://react.dev/warnings/react-test-renderer

      35 |   let component;
      36 |   act(() => {
    > 37 |     component = create(<TestComponent hookProps={initialProps} />);
         |                       ^
      38 |   });
      39 |   return {
      40 |     result,

      at process.env.NODE_ENV.exports.create (node_modules/react-test-renderer/cjs/react-test-renderer.development.js:14598:17)
      at hooks/__tests__/useSettings.test.js:37:23
      at process.env.NODE_ENV.exports.act (node_modules/react/cjs/react.development.js:789:22)
      at renderHook (hooks/__tests__/useSettings.test.js:36:6)
      at Object.renderHook (hooks/__tests__/useSettings.test.js:749:26)
      at asyncGeneratorStep (node_modules/@babel/runtime/helpers/asyncToGenerator.js:3:17)
      at _next (node_modules/@babel/runtime/helpers/asyncToGenerator.js:17:9)
      at node_modules/@babel/runtime/helpers/asyncToGenerator.js:22:7
      at Object.<anonymous> (node_modules/@babel/runtime/helpers/asyncToGenerator.js:14:12)

    console.error
      The current testing environment is not configured to support act(...)

      35 |   let component;
      36 |   act(() => {
    > 37 |     component = create(<TestComponent hookProps={initialProps} />);
         |                       ^
      38 |   });
      39 |   return {
      40 |     result,

      at isConcurrentActEnvironment (node_modules/react-test-renderer/cjs/react-test-renderer.development.js:10243:17)
      at warnIfUpdatesNotWrappedWithActDEV (node_modules/react-test-renderer/cjs/react-test-renderer.development.js:11798:7)
      at scheduleUpdateOnFiber (node_modules/react-test-renderer/cjs/react-test-renderer.development.js:10326:9)
      at updateContainerImpl (node_modules/react-test-renderer/cjs/react-test-renderer.development.js:12382:10)
      at updateContainer (node_modules/react-test-renderer/cjs/react-test-renderer.development.js:12326:7)
      at process.env.NODE_ENV.exports.create (node_modules/react-test-renderer/cjs/react-test-renderer.development.js:14630:7)
      at hooks/__tests__/useSettings.test.js:37:23
      at process.env.NODE_ENV.exports.act (node_modules/react/cjs/react.development.js:789:22)
      at renderHook (hooks/__tests__/useSettings.test.js:36:6)
      at Object.renderHook (hooks/__tests__/useSettings.test.js:749:26)
      at asyncGeneratorStep (node_modules/@babel/runtime/helpers/asyncToGenerator.js:3:17)
      at _next (node_modules/@babel/runtime/helpers/asyncToGenerator.js:17:9)
      at node_modules/@babel/runtime/helpers/asyncToGenerator.js:22:7
      at Object.<anonymous> (node_modules/@babel/runtime/helpers/asyncToGenerator.js:14:12)

    console.error
      The current testing environment is not configured to support act(...)

      27 |
      28 |   const handleDeleteWallet = useCallback(() => {
    > 29 |     setShowDeleteModal(true);
         |     ^
      30 |   }, []);
      31 |
      32 |   const confirmDeleteWallet = useCallback(async () => {

      at isConcurrentActEnvironment (node_modules/react-test-renderer/cjs/react-test-renderer.development.js:10243:17)
      at warnIfUpdatesNotWrappedWithActDEV (node_modules/react-test-renderer/cjs/react-test-renderer.development.js:11798:7)
      at scheduleUpdateOnFiber (node_modules/react-test-renderer/cjs/react-test-renderer.development.js:10326:9)
      at dispatchSetStateInternal (node_modules/react-test-renderer/cjs/react-test-renderer.development.js:4148:13)
      at dispatchSetState (node_modules/react-test-renderer/cjs/react-test-renderer.development.js:4107:7)
      at Object.setShowDeleteModal (hooks/useWalletActions.js:29:5)
      at handleDeleteWallet (hooks/__tests__/useSettings.test.js:754:24)
      at process.env.NODE_ENV.exports.act (node_modules/react/cjs/react.development.js:789:22)
      at Object.<anonymous> (hooks/__tests__/useSettings.test.js:753:10)
      at asyncGeneratorStep (node_modules/@babel/runtime/helpers/asyncToGenerator.js:3:17)
      at _next (node_modules/@babel/runtime/helpers/asyncToGenerator.js:17:9)
      at node_modules/@babel/runtime/helpers/asyncToGenerator.js:22:7
      at Object.<anonymous> (node_modules/@babel/runtime/helpers/asyncToGenerator.js:14:12)

    console.error
      The current testing environment is not configured to support act(...)

      31 |
      32 |   const confirmDeleteWallet = useCallback(async () => {
    > 33 |     setShowDeleteModal(false);
         |     ^
      34 |
      35 |     // Require authentication before deleting wallet
      36 |     try {

      at isConcurrentActEnvironment (node_modules/react-test-renderer/cjs/react-test-renderer.development.js:10243:17)
      at warnIfUpdatesNotWrappedWithActDEV (node_modules/react-test-renderer/cjs/react-test-renderer.development.js:11798:7)
      at scheduleUpdateOnFiber (node_modules/react-test-renderer/cjs/react-test-renderer.development.js:10326:9)
      at dispatchSetStateInternal (node_modules/react-test-renderer/cjs/react-test-renderer.development.js:4148:13)
      at dispatchSetState (node_modules/react-test-renderer/cjs/react-test-renderer.development.js:4107:7)
      at Object.setShowDeleteModal (hooks/useWalletActions.js:33:5)
      at asyncGeneratorStep (node_modules/@babel/runtime/helpers/asyncToGenerator.js:3:17)
      at _next (node_modules/@babel/runtime/helpers/asyncToGenerator.js:17:9)
      at node_modules/@babel/runtime/helpers/asyncToGenerator.js:22:7
      at Object.confirmDeleteWallet (node_modules/@babel/runtime/helpers/asyncToGenerator.js:14:12)
      at confirmDeleteWallet (hooks/__tests__/useSettings.test.js:758:30)
      at asyncGeneratorStep (node_modules/@babel/runtime/helpers/asyncToGenerator.js:3:17)
      at _next (node_modules/@babel/runtime/helpers/asyncToGenerator.js:17:9)
      at node_modules/@babel/runtime/helpers/asyncToGenerator.js:22:7
      at node_modules/@babel/runtime/helpers/asyncToGenerator.js:14:12
      at process.env.NODE_ENV.exports.act (node_modules/react/cjs/react.development.js:789:22)
      at Object.<anonymous> (hooks/__tests__/useSettings.test.js:757:16)
      at asyncGeneratorStep (node_modules/@babel/runtime/helpers/asyncToGenerator.js:3:17)
      at _next (node_modules/@babel/runtime/helpers/asyncToGenerator.js:17:9)
      at node_modules/@babel/runtime/helpers/asyncToGenerator.js:22:7
      at Object.<anonymous> (node_modules/@babel/runtime/helpers/asyncToGenerator.js:14:12)

    console.error
      react-test-renderer is deprecated. See https://react.dev/warnings/react-test-renderer

      35 |   let component;
      36 |   act(() => {
    > 37 |     component = create(<TestComponent hookProps={initialProps} />);
         |                       ^
      38 |   });
      39 |   return {
      40 |     result,

      at process.env.NODE_ENV.exports.create (node_modules/react-test-renderer/cjs/react-test-renderer.development.js:14598:17)
      at hooks/__tests__/useSettings.test.js:37:23
      at process.env.NODE_ENV.exports.act (node_modules/react/cjs/react.development.js:789:22)
      at renderHook (hooks/__tests__/useSettings.test.js:36:6)
      at Object.renderHook (hooks/__tests__/useSettings.test.js:768:26)
      at asyncGeneratorStep (node_modules/@babel/runtime/helpers/asyncToGenerator.js:3:17)
      at _next (node_modules/@babel/runtime/helpers/asyncToGenerator.js:17:9)
      at node_modules/@babel/runtime/helpers/asyncToGenerator.js:22:7
      at Object.<anonymous> (node_modules/@babel/runtime/helpers/asyncToGenerator.js:14:12)

    console.error
      The current testing environment is not configured to support act(...)

      35 |   let component;
      36 |   act(() => {
    > 37 |     component = create(<TestComponent hookProps={initialProps} />);
         |                       ^
      38 |   });
      39 |   return {
      40 |     result,

      at isConcurrentActEnvironment (node_modules/react-test-renderer/cjs/react-test-renderer.development.js:10243:17)
      at warnIfUpdatesNotWrappedWithActDEV (node_modules/react-test-renderer/cjs/react-test-renderer.development.js:11798:7)
      at scheduleUpdateOnFiber (node_modules/react-test-renderer/cjs/react-test-renderer.development.js:10326:9)
      at updateContainerImpl (node_modules/react-test-renderer/cjs/react-test-renderer.development.js:12382:10)
      at updateContainer (node_modules/react-test-renderer/cjs/react-test-renderer.development.js:12326:7)
      at process.env.NODE_ENV.exports.create (node_modules/react-test-renderer/cjs/react-test-renderer.development.js:14630:7)
      at hooks/__tests__/useSettings.test.js:37:23
      at process.env.NODE_ENV.exports.act (node_modules/react/cjs/react.development.js:789:22)
      at renderHook (hooks/__tests__/useSettings.test.js:36:6)
      at Object.renderHook (hooks/__tests__/useSettings.test.js:768:26)
      at asyncGeneratorStep (node_modules/@babel/runtime/helpers/asyncToGenerator.js:3:17)
      at _next (node_modules/@babel/runtime/helpers/asyncToGenerator.js:17:9)
      at node_modules/@babel/runtime/helpers/asyncToGenerator.js:22:7
      at Object.<anonymous> (node_modules/@babel/runtime/helpers/asyncToGenerator.js:14:12)

    console.error
      The current testing environment is not configured to support act(...)

      27 |
      28 |   const handleDeleteWallet = useCallback(() => {
    > 29 |     setShowDeleteModal(true);
         |     ^
      30 |   }, []);
      31 |
      32 |   const confirmDeleteWallet = useCallback(async () => {

      at isConcurrentActEnvironment (node_modules/react-test-renderer/cjs/react-test-renderer.development.js:10243:17)
      at warnIfUpdatesNotWrappedWithActDEV (node_modules/react-test-renderer/cjs/react-test-renderer.development.js:11798:7)
      at scheduleUpdateOnFiber (node_modules/react-test-renderer/cjs/react-test-renderer.development.js:10326:9)
      at dispatchSetStateInternal (node_modules/react-test-renderer/cjs/react-test-renderer.development.js:4148:13)
      at dispatchSetState (node_modules/react-test-renderer/cjs/react-test-renderer.development.js:4107:7)
      at Object.setShowDeleteModal (hooks/useWalletActions.js:29:5)
      at handleDeleteWallet (hooks/__tests__/useSettings.test.js:773:24)
      at process.env.NODE_ENV.exports.act (node_modules/react/cjs/react.development.js:789:22)
      at Object.<anonymous> (hooks/__tests__/useSettings.test.js:772:10)
      at asyncGeneratorStep (node_modules/@babel/runtime/helpers/asyncToGenerator.js:3:17)
      at _next (node_modules/@babel/runtime/helpers/asyncToGenerator.js:17:9)
      at node_modules/@babel/runtime/helpers/asyncToGenerator.js:22:7
      at Object.<anonymous> (node_modules/@babel/runtime/helpers/asyncToGenerator.js:14:12)

    console.error
      The current testing environment is not configured to support act(...)

      31 |
      32 |   const confirmDeleteWallet = useCallback(async () => {
    > 33 |     setShowDeleteModal(false);
         |     ^
      34 |
      35 |     // Require authentication before deleting wallet
      36 |     try {

      at isConcurrentActEnvironment (node_modules/react-test-renderer/cjs/react-test-renderer.development.js:10243:17)
      at warnIfUpdatesNotWrappedWithActDEV (node_modules/react-test-renderer/cjs/react-test-renderer.development.js:11798:7)
      at scheduleUpdateOnFiber (node_modules/react-test-renderer/cjs/react-test-renderer.development.js:10326:9)
      at dispatchSetStateInternal (node_modules/react-test-renderer/cjs/react-test-renderer.development.js:4148:13)
      at dispatchSetState (node_modules/react-test-renderer/cjs/react-test-renderer.development.js:4107:7)
      at Object.setShowDeleteModal (hooks/useWalletActions.js:33:5)
      at asyncGeneratorStep (node_modules/@babel/runtime/helpers/asyncToGenerator.js:3:17)
      at _next (node_modules/@babel/runtime/helpers/asyncToGenerator.js:17:9)
      at node_modules/@babel/runtime/helpers/asyncToGenerator.js:22:7
      at Object.confirmDeleteWallet (node_modules/@babel/runtime/helpers/asyncToGenerator.js:14:12)
      at confirmDeleteWallet (hooks/__tests__/useSettings.test.js:777:30)
      at asyncGeneratorStep (node_modules/@babel/runtime/helpers/asyncToGenerator.js:3:17)
      at _next (node_modules/@babel/runtime/helpers/asyncToGenerator.js:17:9)
      at node_modules/@babel/runtime/helpers/asyncToGenerator.js:22:7
      at node_modules/@babel/runtime/helpers/asyncToGenerator.js:14:12
      at process.env.NODE_ENV.exports.act (node_modules/react/cjs/react.development.js:789:22)
      at Object.<anonymous> (hooks/__tests__/useSettings.test.js:776:16)
      at asyncGeneratorStep (node_modules/@babel/runtime/helpers/asyncToGenerator.js:3:17)
      at _next (node_modules/@babel/runtime/helpers/asyncToGenerator.js:17:9)
      at node_modules/@babel/runtime/helpers/asyncToGenerator.js:22:7
      at Object.<anonymous> (node_modules/@babel/runtime/helpers/asyncToGenerator.js:14:12)

    console.error
      react-test-renderer is deprecated. See https://react.dev/warnings/react-test-renderer

      35 |   let component;
      36 |   act(() => {
    > 37 |     component = create(<TestComponent hookProps={initialProps} />);
         |                       ^
      38 |   });
      39 |   return {
      40 |     result,

      at process.env.NODE_ENV.exports.create (node_modules/react-test-renderer/cjs/react-test-renderer.development.js:14598:17)
      at hooks/__tests__/useSettings.test.js:37:23
      at process.env.NODE_ENV.exports.act (node_modules/react/cjs/react.development.js:789:22)
      at renderHook (hooks/__tests__/useSettings.test.js:36:6)
      at Object.renderHook (hooks/__tests__/useSettings.test.js:787:26)
      at asyncGeneratorStep (node_modules/@babel/runtime/helpers/asyncToGenerator.js:3:17)
      at _next (node_modules/@babel/runtime/helpers/asyncToGenerator.js:17:9)
      at node_modules/@babel/runtime/helpers/asyncToGenerator.js:22:7
      at Object.<anonymous> (node_modules/@babel/runtime/helpers/asyncToGenerator.js:14:12)

    console.error
      The current testing environment is not configured to support act(...)

      35 |   let component;
      36 |   act(() => {
    > 37 |     component = create(<TestComponent hookProps={initialProps} />);
         |                       ^
      38 |   });
      39 |   return {
      40 |     result,

      at isConcurrentActEnvironment (node_modules/react-test-renderer/cjs/react-test-renderer.development.js:10243:17)
      at warnIfUpdatesNotWrappedWithActDEV (node_modules/react-test-renderer/cjs/react-test-renderer.development.js:11798:7)
      at scheduleUpdateOnFiber (node_modules/react-test-renderer/cjs/react-test-renderer.development.js:10326:9)
      at updateContainerImpl (node_modules/react-test-renderer/cjs/react-test-renderer.development.js:12382:10)
      at updateContainer (node_modules/react-test-renderer/cjs/react-test-renderer.development.js:12326:7)
      at process.env.NODE_ENV.exports.create (node_modules/react-test-renderer/cjs/react-test-renderer.development.js:14630:7)
      at hooks/__tests__/useSettings.test.js:37:23
      at process.env.NODE_ENV.exports.act (node_modules/react/cjs/react.development.js:789:22)
      at renderHook (hooks/__tests__/useSettings.test.js:36:6)
      at Object.renderHook (hooks/__tests__/useSettings.test.js:787:26)
      at asyncGeneratorStep (node_modules/@babel/runtime/helpers/asyncToGenerator.js:3:17)
      at _next (node_modules/@babel/runtime/helpers/asyncToGenerator.js:17:9)
      at node_modules/@babel/runtime/helpers/asyncToGenerator.js:22:7
      at Object.<anonymous> (node_modules/@babel/runtime/helpers/asyncToGenerator.js:14:12)

    console.error
      The current testing environment is not configured to support act(...)

      27 |
      28 |   const handleDeleteWallet = useCallback(() => {
    > 29 |     setShowDeleteModal(true);
         |     ^
      30 |   }, []);
      31 |
      32 |   const confirmDeleteWallet = useCallback(async () => {

      at isConcurrentActEnvironment (node_modules/react-test-renderer/cjs/react-test-renderer.development.js:10243:17)
      at warnIfUpdatesNotWrappedWithActDEV (node_modules/react-test-renderer/cjs/react-test-renderer.development.js:11798:7)
      at scheduleUpdateOnFiber (node_modules/react-test-renderer/cjs/react-test-renderer.development.js:10326:9)
      at dispatchSetStateInternal (node_modules/react-test-renderer/cjs/react-test-renderer.development.js:4148:13)
      at dispatchSetState (node_modules/react-test-renderer/cjs/react-test-renderer.development.js:4107:7)
      at Object.setShowDeleteModal (hooks/useWalletActions.js:29:5)
      at handleDeleteWallet (hooks/__tests__/useSettings.test.js:792:24)
      at process.env.NODE_ENV.exports.act (node_modules/react/cjs/react.development.js:789:22)
      at Object.<anonymous> (hooks/__tests__/useSettings.test.js:791:10)
      at asyncGeneratorStep (node_modules/@babel/runtime/helpers/asyncToGenerator.js:3:17)
      at _next (node_modules/@babel/runtime/helpers/asyncToGenerator.js:17:9)
      at node_modules/@babel/runtime/helpers/asyncToGenerator.js:22:7
      at Object.<anonymous> (node_modules/@babel/runtime/helpers/asyncToGenerator.js:14:12)

    console.error
      The current testing environment is not configured to support act(...)

      31 |
      32 |   const confirmDeleteWallet = useCallback(async () => {
    > 33 |     setShowDeleteModal(false);
         |     ^
      34 |
      35 |     // Require authentication before deleting wallet
      36 |     try {

      at isConcurrentActEnvironment (node_modules/react-test-renderer/cjs/react-test-renderer.development.js:10243:17)
      at warnIfUpdatesNotWrappedWithActDEV (node_modules/react-test-renderer/cjs/react-test-renderer.development.js:11798:7)
      at scheduleUpdateOnFiber (node_modules/react-test-renderer/cjs/react-test-renderer.development.js:10326:9)
      at dispatchSetStateInternal (node_modules/react-test-renderer/cjs/react-test-renderer.development.js:4148:13)
      at dispatchSetState (node_modules/react-test-renderer/cjs/react-test-renderer.development.js:4107:7)
      at Object.setShowDeleteModal (hooks/useWalletActions.js:33:5)
      at asyncGeneratorStep (node_modules/@babel/runtime/helpers/asyncToGenerator.js:3:17)
      at _next (node_modules/@babel/runtime/helpers/asyncToGenerator.js:17:9)
      at node_modules/@babel/runtime/helpers/asyncToGenerator.js:22:7
      at Object.confirmDeleteWallet (node_modules/@babel/runtime/helpers/asyncToGenerator.js:14:12)
      at confirmDeleteWallet (hooks/__tests__/useSettings.test.js:796:30)
      at asyncGeneratorStep (node_modules/@babel/runtime/helpers/asyncToGenerator.js:3:17)
      at _next (node_modules/@babel/runtime/helpers/asyncToGenerator.js:17:9)
      at node_modules/@babel/runtime/helpers/asyncToGenerator.js:22:7
      at node_modules/@babel/runtime/helpers/asyncToGenerator.js:14:12
      at process.env.NODE_ENV.exports.act (node_modules/react/cjs/react.development.js:789:22)
      at Object.<anonymous> (hooks/__tests__/useSettings.test.js:795:16)
      at asyncGeneratorStep (node_modules/@babel/runtime/helpers/asyncToGenerator.js:3:17)
      at _next (node_modules/@babel/runtime/helpers/asyncToGenerator.js:17:9)
      at node_modules/@babel/runtime/helpers/asyncToGenerator.js:22:7
      at Object.<anonymous> (node_modules/@babel/runtime/helpers/asyncToGenerator.js:14:12)

    console.error
      react-test-renderer is deprecated. See https://react.dev/warnings/react-test-renderer

      35 |   let component;
      36 |   act(() => {
    > 37 |     component = create(<TestComponent hookProps={initialProps} />);
         |                       ^
      38 |   });
      39 |   return {
      40 |     result,

      at process.env.NODE_ENV.exports.create (node_modules/react-test-renderer/cjs/react-test-renderer.development.js:14598:17)
      at hooks/__tests__/useSettings.test.js:37:23
      at process.env.NODE_ENV.exports.act (node_modules/react/cjs/react.development.js:789:22)
      at renderHook (hooks/__tests__/useSettings.test.js:36:6)
      at Object.renderHook (hooks/__tests__/useSettings.test.js:805:26)
      at asyncGeneratorStep (node_modules/@babel/runtime/helpers/asyncToGenerator.js:3:17)
      at _next (node_modules/@babel/runtime/helpers/asyncToGenerator.js:17:9)
      at node_modules/@babel/runtime/helpers/asyncToGenerator.js:22:7
      at Object.<anonymous> (node_modules/@babel/runtime/helpers/asyncToGenerator.js:14:12)

    console.error
      The current testing environment is not configured to support act(...)

      35 |   let component;
      36 |   act(() => {
    > 37 |     component = create(<TestComponent hookProps={initialProps} />);
         |                       ^
      38 |   });
      39 |   return {
      40 |     result,

      at isConcurrentActEnvironment (node_modules/react-test-renderer/cjs/react-test-renderer.development.js:10243:17)
      at warnIfUpdatesNotWrappedWithActDEV (node_modules/react-test-renderer/cjs/react-test-renderer.development.js:11798:7)
      at scheduleUpdateOnFiber (node_modules/react-test-renderer/cjs/react-test-renderer.development.js:10326:9)
      at updateContainerImpl (node_modules/react-test-renderer/cjs/react-test-renderer.development.js:12382:10)
      at updateContainer (node_modules/react-test-renderer/cjs/react-test-renderer.development.js:12326:7)
      at process.env.NODE_ENV.exports.create (node_modules/react-test-renderer/cjs/react-test-renderer.development.js:14630:7)
      at hooks/__tests__/useSettings.test.js:37:23
      at process.env.NODE_ENV.exports.act (node_modules/react/cjs/react.development.js:789:22)
      at renderHook (hooks/__tests__/useSettings.test.js:36:6)
      at Object.renderHook (hooks/__tests__/useSettings.test.js:805:26)
      at asyncGeneratorStep (node_modules/@babel/runtime/helpers/asyncToGenerator.js:3:17)
      at _next (node_modules/@babel/runtime/helpers/asyncToGenerator.js:17:9)
      at node_modules/@babel/runtime/helpers/asyncToGenerator.js:22:7
      at Object.<anonymous> (node_modules/@babel/runtime/helpers/asyncToGenerator.js:14:12)

    console.error
      The current testing environment is not configured to support act(...)

      19 |     const newValue = !biometricEnabled;
      20 |     setPendingFaceIdValue(newValue);
    > 21 |     setShowFaceIdModal(true);
         |     ^
      22 |   }, [biometricEnabled]);
      23 |
      24 |   const confirmFaceIdToggle = useCallback(async () => {

      at isConcurrentActEnvironment (node_modules/react-test-renderer/cjs/react-test-renderer.development.js:10243:17)
      at warnIfUpdatesNotWrappedWithActDEV (node_modules/react-test-renderer/cjs/react-test-renderer.development.js:11798:7)
      at scheduleUpdateOnFiber (node_modules/react-test-renderer/cjs/react-test-renderer.development.js:10326:9)
      at dispatchSetStateInternal (node_modules/react-test-renderer/cjs/react-test-renderer.development.js:4148:13)
      at dispatchSetState (node_modules/react-test-renderer/cjs/react-test-renderer.development.js:4107:7)
      at Object.setShowFaceIdModal (hooks/useAuthSettings.js:21:5)
      at handleFaceIdToggle (hooks/__tests__/useSettings.test.js:810:24)
      at process.env.NODE_ENV.exports.act (node_modules/react/cjs/react.development.js:789:22)
      at Object.<anonymous> (hooks/__tests__/useSettings.test.js:809:10)
      at asyncGeneratorStep (node_modules/@babel/runtime/helpers/asyncToGenerator.js:3:17)
      at _next (node_modules/@babel/runtime/helpers/asyncToGenerator.js:17:9)
      at node_modules/@babel/runtime/helpers/asyncToGenerator.js:22:7
      at Object.<anonymous> (node_modules/@babel/runtime/helpers/asyncToGenerator.js:14:12)

    console.error
      The current testing environment is not configured to support act(...)

      23 |
      24 |   const confirmFaceIdToggle = useCallback(async () => {
    > 25 |     setShowFaceIdModal(false);
         |     ^
      26 |     const newValue = pendingFaceIdValue;
      27 |
      28 |     // If enabling, require authentication first

      at isConcurrentActEnvironment (node_modules/react-test-renderer/cjs/react-test-renderer.development.js:10243:17)
      at warnIfUpdatesNotWrappedWithActDEV (node_modules/react-test-renderer/cjs/react-test-renderer.development.js:11798:7)
      at scheduleUpdateOnFiber (node_modules/react-test-renderer/cjs/react-test-renderer.development.js:10326:9)
      at dispatchSetStateInternal (node_modules/react-test-renderer/cjs/react-test-renderer.development.js:4148:13)
      at dispatchSetState (node_modules/react-test-renderer/cjs/react-test-renderer.development.js:4107:7)
      at Object.setShowFaceIdModal (hooks/useAuthSettings.js:25:5)
      at asyncGeneratorStep (node_modules/@babel/runtime/helpers/asyncToGenerator.js:3:17)
      at _next (node_modules/@babel/runtime/helpers/asyncToGenerator.js:17:9)
      at node_modules/@babel/runtime/helpers/asyncToGenerator.js:22:7
      at Object.confirmFaceIdToggle (node_modules/@babel/runtime/helpers/asyncToGenerator.js:14:12)
      at confirmFaceIdToggle (hooks/__tests__/useSettings.test.js:814:30)
      at asyncGeneratorStep (node_modules/@babel/runtime/helpers/asyncToGenerator.js:3:17)
      at _next (node_modules/@babel/runtime/helpers/asyncToGenerator.js:17:9)
      at node_modules/@babel/runtime/helpers/asyncToGenerator.js:22:7
      at node_modules/@babel/runtime/helpers/asyncToGenerator.js:14:12
      at process.env.NODE_ENV.exports.act (node_modules/react/cjs/react.development.js:789:22)
      at Object.<anonymous> (hooks/__tests__/useSettings.test.js:813:16)
      at asyncGeneratorStep (node_modules/@babel/runtime/helpers/asyncToGenerator.js:3:17)
      at _next (node_modules/@babel/runtime/helpers/asyncToGenerator.js:17:9)
      at node_modules/@babel/runtime/helpers/asyncToGenerator.js:22:7
      at Object.<anonymous> (node_modules/@babel/runtime/helpers/asyncToGenerator.js:14:12)

    console.error
      react-test-renderer is deprecated. See https://react.dev/warnings/react-test-renderer

      35 |   let component;
      36 |   act(() => {
    > 37 |     component = create(<TestComponent hookProps={initialProps} />);
         |                       ^
      38 |   });
      39 |   return {
      40 |     result,

      at process.env.NODE_ENV.exports.create (node_modules/react-test-renderer/cjs/react-test-renderer.development.js:14598:17)
      at hooks/__tests__/useSettings.test.js:37:23
      at process.env.NODE_ENV.exports.act (node_modules/react/cjs/react.development.js:789:22)
      at renderHook (hooks/__tests__/useSettings.test.js:36:6)
      at Object.renderHook (hooks/__tests__/useSettings.test.js:824:26)
      at asyncGeneratorStep (node_modules/@babel/runtime/helpers/asyncToGenerator.js:3:17)
      at _next (node_modules/@babel/runtime/helpers/asyncToGenerator.js:17:9)
      at node_modules/@babel/runtime/helpers/asyncToGenerator.js:22:7
      at Object.<anonymous> (node_modules/@babel/runtime/helpers/asyncToGenerator.js:14:12)

    console.error
      The current testing environment is not configured to support act(...)

      35 |   let component;
      36 |   act(() => {
    > 37 |     component = create(<TestComponent hookProps={initialProps} />);
         |                       ^
      38 |   });
      39 |   return {
      40 |     result,

      at isConcurrentActEnvironment (node_modules/react-test-renderer/cjs/react-test-renderer.development.js:10243:17)
      at warnIfUpdatesNotWrappedWithActDEV (node_modules/react-test-renderer/cjs/react-test-renderer.development.js:11798:7)
      at scheduleUpdateOnFiber (node_modules/react-test-renderer/cjs/react-test-renderer.development.js:10326:9)
      at updateContainerImpl (node_modules/react-test-renderer/cjs/react-test-renderer.development.js:12382:10)
      at updateContainer (node_modules/react-test-renderer/cjs/react-test-renderer.development.js:12326:7)
      at process.env.NODE_ENV.exports.create (node_modules/react-test-renderer/cjs/react-test-renderer.development.js:14630:7)
      at hooks/__tests__/useSettings.test.js:37:23
      at process.env.NODE_ENV.exports.act (node_modules/react/cjs/react.development.js:789:22)
      at renderHook (hooks/__tests__/useSettings.test.js:36:6)
      at Object.renderHook (hooks/__tests__/useSettings.test.js:824:26)
      at asyncGeneratorStep (node_modules/@babel/runtime/helpers/asyncToGenerator.js:3:17)
      at _next (node_modules/@babel/runtime/helpers/asyncToGenerator.js:17:9)
      at node_modules/@babel/runtime/helpers/asyncToGenerator.js:22:7
      at Object.<anonymous> (node_modules/@babel/runtime/helpers/asyncToGenerator.js:14:12)

    console.error
      The current testing environment is not configured to support act(...)

      19 |     const newValue = !biometricEnabled;
      20 |     setPendingFaceIdValue(newValue);
    > 21 |     setShowFaceIdModal(true);
         |     ^
      22 |   }, [biometricEnabled]);
      23 |
      24 |   const confirmFaceIdToggle = useCallback(async () => {

      at isConcurrentActEnvironment (node_modules/react-test-renderer/cjs/react-test-renderer.development.js:10243:17)
      at warnIfUpdatesNotWrappedWithActDEV (node_modules/react-test-renderer/cjs/react-test-renderer.development.js:11798:7)
      at scheduleUpdateOnFiber (node_modules/react-test-renderer/cjs/react-test-renderer.development.js:10326:9)
      at dispatchSetStateInternal (node_modules/react-test-renderer/cjs/react-test-renderer.development.js:4148:13)
      at dispatchSetState (node_modules/react-test-renderer/cjs/react-test-renderer.development.js:4107:7)
      at Object.setShowFaceIdModal (hooks/useAuthSettings.js:21:5)
      at handleFaceIdToggle (hooks/__tests__/useSettings.test.js:829:24)
      at process.env.NODE_ENV.exports.act (node_modules/react/cjs/react.development.js:789:22)
      at Object.<anonymous> (hooks/__tests__/useSettings.test.js:828:10)
      at asyncGeneratorStep (node_modules/@babel/runtime/helpers/asyncToGenerator.js:3:17)
      at _next (node_modules/@babel/runtime/helpers/asyncToGenerator.js:17:9)
      at node_modules/@babel/runtime/helpers/asyncToGenerator.js:22:7
      at Object.<anonymous> (node_modules/@babel/runtime/helpers/asyncToGenerator.js:14:12)

    console.error
      The current testing environment is not configured to support act(...)

      23 |
      24 |   const confirmFaceIdToggle = useCallback(async () => {
    > 25 |     setShowFaceIdModal(false);
         |     ^
      26 |     const newValue = pendingFaceIdValue;
      27 |
      28 |     // If enabling, require authentication first

      at isConcurrentActEnvironment (node_modules/react-test-renderer/cjs/react-test-renderer.development.js:10243:17)
      at warnIfUpdatesNotWrappedWithActDEV (node_modules/react-test-renderer/cjs/react-test-renderer.development.js:11798:7)
      at scheduleUpdateOnFiber (node_modules/react-test-renderer/cjs/react-test-renderer.development.js:10326:9)
      at dispatchSetStateInternal (node_modules/react-test-renderer/cjs/react-test-renderer.development.js:4148:13)
      at dispatchSetState (node_modules/react-test-renderer/cjs/react-test-renderer.development.js:4107:7)
      at Object.setShowFaceIdModal (hooks/useAuthSettings.js:25:5)
      at asyncGeneratorStep (node_modules/@babel/runtime/helpers/asyncToGenerator.js:3:17)
      at _next (node_modules/@babel/runtime/helpers/asyncToGenerator.js:17:9)
      at node_modules/@babel/runtime/helpers/asyncToGenerator.js:22:7
      at Object.confirmFaceIdToggle (node_modules/@babel/runtime/helpers/asyncToGenerator.js:14:12)
      at confirmFaceIdToggle (hooks/__tests__/useSettings.test.js:833:30)
      at asyncGeneratorStep (node_modules/@babel/runtime/helpers/asyncToGenerator.js:3:17)
      at _next (node_modules/@babel/runtime/helpers/asyncToGenerator.js:17:9)
      at node_modules/@babel/runtime/helpers/asyncToGenerator.js:22:7
      at node_modules/@babel/runtime/helpers/asyncToGenerator.js:14:12
      at process.env.NODE_ENV.exports.act (node_modules/react/cjs/react.development.js:789:22)
      at Object.<anonymous> (hooks/__tests__/useSettings.test.js:832:16)
      at asyncGeneratorStep (node_modules/@babel/runtime/helpers/asyncToGenerator.js:3:17)
      at _next (node_modules/@babel/runtime/helpers/asyncToGenerator.js:17:9)
      at node_modules/@babel/runtime/helpers/asyncToGenerator.js:22:7
      at Object.<anonymous> (node_modules/@babel/runtime/helpers/asyncToGenerator.js:14:12)

    console.error
      react-test-renderer is deprecated. See https://react.dev/warnings/react-test-renderer

      35 |   let component;
      36 |   act(() => {
    > 37 |     component = create(<TestComponent hookProps={initialProps} />);
         |                       ^
      38 |   });
      39 |   return {
      40 |     result,

      at process.env.NODE_ENV.exports.create (node_modules/react-test-renderer/cjs/react-test-renderer.development.js:14598:17)
      at hooks/__tests__/useSettings.test.js:37:23
      at process.env.NODE_ENV.exports.act (node_modules/react/cjs/react.development.js:789:22)
      at renderHook (hooks/__tests__/useSettings.test.js:36:6)
      at Object.renderHook (hooks/__tests__/useSettings.test.js:842:26)
      at asyncGeneratorStep (node_modules/@babel/runtime/helpers/asyncToGenerator.js:3:17)
      at _next (node_modules/@babel/runtime/helpers/asyncToGenerator.js:17:9)
      at node_modules/@babel/runtime/helpers/asyncToGenerator.js:22:7
      at Object.<anonymous> (node_modules/@babel/runtime/helpers/asyncToGenerator.js:14:12)

    console.error
      The current testing environment is not configured to support act(...)

      35 |   let component;
      36 |   act(() => {
    > 37 |     component = create(<TestComponent hookProps={initialProps} />);
         |                       ^
      38 |   });
      39 |   return {
      40 |     result,

      at isConcurrentActEnvironment (node_modules/react-test-renderer/cjs/react-test-renderer.development.js:10243:17)
      at warnIfUpdatesNotWrappedWithActDEV (node_modules/react-test-renderer/cjs/react-test-renderer.development.js:11798:7)
      at scheduleUpdateOnFiber (node_modules/react-test-renderer/cjs/react-test-renderer.development.js:10326:9)
      at updateContainerImpl (node_modules/react-test-renderer/cjs/react-test-renderer.development.js:12382:10)
      at updateContainer (node_modules/react-test-renderer/cjs/react-test-renderer.development.js:12326:7)
      at process.env.NODE_ENV.exports.create (node_modules/react-test-renderer/cjs/react-test-renderer.development.js:14630:7)
      at hooks/__tests__/useSettings.test.js:37:23
      at process.env.NODE_ENV.exports.act (node_modules/react/cjs/react.development.js:789:22)
      at renderHook (hooks/__tests__/useSettings.test.js:36:6)
      at Object.renderHook (hooks/__tests__/useSettings.test.js:842:26)
      at asyncGeneratorStep (node_modules/@babel/runtime/helpers/asyncToGenerator.js:3:17)
      at _next (node_modules/@babel/runtime/helpers/asyncToGenerator.js:17:9)
      at node_modules/@babel/runtime/helpers/asyncToGenerator.js:22:7
      at Object.<anonymous> (node_modules/@babel/runtime/helpers/asyncToGenerator.js:14:12)

    console.error
      The current testing environment is not configured to support act(...)

      18 |   const handleFaceIdToggle = useCallback(() => {
      19 |     const newValue = !biometricEnabled;
    > 20 |     setPendingFaceIdValue(newValue);
         |     ^
      21 |     setShowFaceIdModal(true);
      22 |   }, [biometricEnabled]);
      23 |

      at isConcurrentActEnvironment (node_modules/react-test-renderer/cjs/react-test-renderer.development.js:10243:17)
      at warnIfUpdatesNotWrappedWithActDEV (node_modules/react-test-renderer/cjs/react-test-renderer.development.js:11798:7)
      at scheduleUpdateOnFiber (node_modules/react-test-renderer/cjs/react-test-renderer.development.js:10326:9)
      at dispatchSetStateInternal (node_modules/react-test-renderer/cjs/react-test-renderer.development.js:4148:13)
      at dispatchSetState (node_modules/react-test-renderer/cjs/react-test-renderer.development.js:4107:7)
      at Object.setPendingFaceIdValue [as handleFaceIdToggle] (hooks/useAuthSettings.js:20:5)
      at handleFaceIdToggle (hooks/__tests__/useSettings.test.js:847:24)
      at process.env.NODE_ENV.exports.act (node_modules/react/cjs/react.development.js:789:22)
      at Object.<anonymous> (hooks/__tests__/useSettings.test.js:846:10)
      at asyncGeneratorStep (node_modules/@babel/runtime/helpers/asyncToGenerator.js:3:17)
      at _next (node_modules/@babel/runtime/helpers/asyncToGenerator.js:17:9)
      at node_modules/@babel/runtime/helpers/asyncToGenerator.js:22:7
      at Object.<anonymous> (node_modules/@babel/runtime/helpers/asyncToGenerator.js:14:12)

    console.error
      The current testing environment is not configured to support act(...)

      19 |     const newValue = !biometricEnabled;
      20 |     setPendingFaceIdValue(newValue);
    > 21 |     setShowFaceIdModal(true);
         |     ^
      22 |   }, [biometricEnabled]);
      23 |
      24 |   const confirmFaceIdToggle = useCallback(async () => {

      at isConcurrentActEnvironment (node_modules/react-test-renderer/cjs/react-test-renderer.development.js:10243:17)
      at warnIfUpdatesNotWrappedWithActDEV (node_modules/react-test-renderer/cjs/react-test-renderer.development.js:11798:7)
      at scheduleUpdateOnFiber (node_modules/react-test-renderer/cjs/react-test-renderer.development.js:10326:9)
      at dispatchSetStateInternal (node_modules/react-test-renderer/cjs/react-test-renderer.development.js:4148:13)
      at dispatchSetState (node_modules/react-test-renderer/cjs/react-test-renderer.development.js:4107:7)
      at Object.setShowFaceIdModal (hooks/useAuthSettings.js:21:5)
      at handleFaceIdToggle (hooks/__tests__/useSettings.test.js:847:24)
      at process.env.NODE_ENV.exports.act (node_modules/react/cjs/react.development.js:789:22)
      at Object.<anonymous> (hooks/__tests__/useSettings.test.js:846:10)
      at asyncGeneratorStep (node_modules/@babel/runtime/helpers/asyncToGenerator.js:3:17)
      at _next (node_modules/@babel/runtime/helpers/asyncToGenerator.js:17:9)
      at node_modules/@babel/runtime/helpers/asyncToGenerator.js:22:7
      at Object.<anonymous> (node_modules/@babel/runtime/helpers/asyncToGenerator.js:14:12)

    console.error
      The current testing environment is not configured to support act(...)

      23 |
      24 |   const confirmFaceIdToggle = useCallback(async () => {
    > 25 |     setShowFaceIdModal(false);
         |     ^
      26 |     const newValue = pendingFaceIdValue;
      27 |
      28 |     // If enabling, require authentication first

      at isConcurrentActEnvironment (node_modules/react-test-renderer/cjs/react-test-renderer.development.js:10243:17)
      at warnIfUpdatesNotWrappedWithActDEV (node_modules/react-test-renderer/cjs/react-test-renderer.development.js:11798:7)
      at scheduleUpdateOnFiber (node_modules/react-test-renderer/cjs/react-test-renderer.development.js:10326:9)
      at dispatchSetStateInternal (node_modules/react-test-renderer/cjs/react-test-renderer.development.js:4148:13)
      at dispatchSetState (node_modules/react-test-renderer/cjs/react-test-renderer.development.js:4107:7)
      at Object.setShowFaceIdModal (hooks/useAuthSettings.js:25:5)
      at asyncGeneratorStep (node_modules/@babel/runtime/helpers/asyncToGenerator.js:3:17)
      at _next (node_modules/@babel/runtime/helpers/asyncToGenerator.js:17:9)
      at node_modules/@babel/runtime/helpers/asyncToGenerator.js:22:7
      at Object.confirmFaceIdToggle (node_modules/@babel/runtime/helpers/asyncToGenerator.js:14:12)
      at confirmFaceIdToggle (hooks/__tests__/useSettings.test.js:851:30)
      at asyncGeneratorStep (node_modules/@babel/runtime/helpers/asyncToGenerator.js:3:17)
      at _next (node_modules/@babel/runtime/helpers/asyncToGenerator.js:17:9)
      at node_modules/@babel/runtime/helpers/asyncToGenerator.js:22:7
      at node_modules/@babel/runtime/helpers/asyncToGenerator.js:14:12
      at process.env.NODE_ENV.exports.act (node_modules/react/cjs/react.development.js:789:22)
      at Object.<anonymous> (hooks/__tests__/useSettings.test.js:850:16)
      at asyncGeneratorStep (node_modules/@babel/runtime/helpers/asyncToGenerator.js:3:17)
      at _next (node_modules/@babel/runtime/helpers/asyncToGenerator.js:17:9)
      at node_modules/@babel/runtime/helpers/asyncToGenerator.js:22:7
      at Object.<anonymous> (node_modules/@babel/runtime/helpers/asyncToGenerator.js:14:12)

    console.error
      react-test-renderer is deprecated. See https://react.dev/warnings/react-test-renderer

      35 |   let component;
      36 |   act(() => {
    > 37 |     component = create(<TestComponent hookProps={initialProps} />);
         |                       ^
      38 |   });
      39 |   return {
      40 |     result,

      at process.env.NODE_ENV.exports.create (node_modules/react-test-renderer/cjs/react-test-renderer.development.js:14598:17)
      at hooks/__tests__/useSettings.test.js:37:23
      at process.env.NODE_ENV.exports.act (node_modules/react/cjs/react.development.js:789:22)
      at renderHook (hooks/__tests__/useSettings.test.js:36:6)
      at Object.renderHook (hooks/__tests__/useSettings.test.js:860:26)
      at asyncGeneratorStep (node_modules/@babel/runtime/helpers/asyncToGenerator.js:3:17)
      at _next (node_modules/@babel/runtime/helpers/asyncToGenerator.js:17:9)
      at node_modules/@babel/runtime/helpers/asyncToGenerator.js:22:7
      at Object.<anonymous> (node_modules/@babel/runtime/helpers/asyncToGenerator.js:14:12)

    console.error
      The current testing environment is not configured to support act(...)

      35 |   let component;
      36 |   act(() => {
    > 37 |     component = create(<TestComponent hookProps={initialProps} />);
         |                       ^
      38 |   });
      39 |   return {
      40 |     result,

      at isConcurrentActEnvironment (node_modules/react-test-renderer/cjs/react-test-renderer.development.js:10243:17)
      at warnIfUpdatesNotWrappedWithActDEV (node_modules/react-test-renderer/cjs/react-test-renderer.development.js:11798:7)
      at scheduleUpdateOnFiber (node_modules/react-test-renderer/cjs/react-test-renderer.development.js:10326:9)
      at updateContainerImpl (node_modules/react-test-renderer/cjs/react-test-renderer.development.js:12382:10)
      at updateContainer (node_modules/react-test-renderer/cjs/react-test-renderer.development.js:12326:7)
      at process.env.NODE_ENV.exports.create (node_modules/react-test-renderer/cjs/react-test-renderer.development.js:14630:7)
      at hooks/__tests__/useSettings.test.js:37:23
      at process.env.NODE_ENV.exports.act (node_modules/react/cjs/react.development.js:789:22)
      at renderHook (hooks/__tests__/useSettings.test.js:36:6)
      at Object.renderHook (hooks/__tests__/useSettings.test.js:860:26)
      at asyncGeneratorStep (node_modules/@babel/runtime/helpers/asyncToGenerator.js:3:17)
      at _next (node_modules/@babel/runtime/helpers/asyncToGenerator.js:17:9)
      at node_modules/@babel/runtime/helpers/asyncToGenerator.js:22:7
      at Object.<anonymous> (node_modules/@babel/runtime/helpers/asyncToGenerator.js:14:12)

    console.error
      The current testing environment is not configured to support act(...)

      18 |   const handleFaceIdToggle = useCallback(() => {
      19 |     const newValue = !biometricEnabled;
    > 20 |     setPendingFaceIdValue(newValue);
         |     ^
      21 |     setShowFaceIdModal(true);
      22 |   }, [biometricEnabled]);
      23 |

      at isConcurrentActEnvironment (node_modules/react-test-renderer/cjs/react-test-renderer.development.js:10243:17)
      at warnIfUpdatesNotWrappedWithActDEV (node_modules/react-test-renderer/cjs/react-test-renderer.development.js:11798:7)
      at scheduleUpdateOnFiber (node_modules/react-test-renderer/cjs/react-test-renderer.development.js:10326:9)
      at dispatchSetStateInternal (node_modules/react-test-renderer/cjs/react-test-renderer.development.js:4148:13)
      at dispatchSetState (node_modules/react-test-renderer/cjs/react-test-renderer.development.js:4107:7)
      at Object.setPendingFaceIdValue [as handleFaceIdToggle] (hooks/useAuthSettings.js:20:5)
      at handleFaceIdToggle (hooks/__tests__/useSettings.test.js:865:24)
      at process.env.NODE_ENV.exports.act (node_modules/react/cjs/react.development.js:789:22)
      at Object.<anonymous> (hooks/__tests__/useSettings.test.js:864:10)
      at asyncGeneratorStep (node_modules/@babel/runtime/helpers/asyncToGenerator.js:3:17)
      at _next (node_modules/@babel/runtime/helpers/asyncToGenerator.js:17:9)
      at node_modules/@babel/runtime/helpers/asyncToGenerator.js:22:7
      at Object.<anonymous> (node_modules/@babel/runtime/helpers/asyncToGenerator.js:14:12)

    console.error
      The current testing environment is not configured to support act(...)

      19 |     const newValue = !biometricEnabled;
      20 |     setPendingFaceIdValue(newValue);
    > 21 |     setShowFaceIdModal(true);
         |     ^
      22 |   }, [biometricEnabled]);
      23 |
      24 |   const confirmFaceIdToggle = useCallback(async () => {

      at isConcurrentActEnvironment (node_modules/react-test-renderer/cjs/react-test-renderer.development.js:10243:17)
      at warnIfUpdatesNotWrappedWithActDEV (node_modules/react-test-renderer/cjs/react-test-renderer.development.js:11798:7)
      at scheduleUpdateOnFiber (node_modules/react-test-renderer/cjs/react-test-renderer.development.js:10326:9)
      at dispatchSetStateInternal (node_modules/react-test-renderer/cjs/react-test-renderer.development.js:4148:13)
      at dispatchSetState (node_modules/react-test-renderer/cjs/react-test-renderer.development.js:4107:7)
      at Object.setShowFaceIdModal (hooks/useAuthSettings.js:21:5)
      at handleFaceIdToggle (hooks/__tests__/useSettings.test.js:865:24)
      at process.env.NODE_ENV.exports.act (node_modules/react/cjs/react.development.js:789:22)
      at Object.<anonymous> (hooks/__tests__/useSettings.test.js:864:10)
      at asyncGeneratorStep (node_modules/@babel/runtime/helpers/asyncToGenerator.js:3:17)
      at _next (node_modules/@babel/runtime/helpers/asyncToGenerator.js:17:9)
      at node_modules/@babel/runtime/helpers/asyncToGenerator.js:22:7
      at Object.<anonymous> (node_modules/@babel/runtime/helpers/asyncToGenerator.js:14:12)

    console.error
      The current testing environment is not configured to support act(...)

      23 |
      24 |   const confirmFaceIdToggle = useCallback(async () => {
    > 25 |     setShowFaceIdModal(false);
         |     ^
      26 |     const newValue = pendingFaceIdValue;
      27 |
      28 |     // If enabling, require authentication first

      at isConcurrentActEnvironment (node_modules/react-test-renderer/cjs/react-test-renderer.development.js:10243:17)
      at warnIfUpdatesNotWrappedWithActDEV (node_modules/react-test-renderer/cjs/react-test-renderer.development.js:11798:7)
      at scheduleUpdateOnFiber (node_modules/react-test-renderer/cjs/react-test-renderer.development.js:10326:9)
      at dispatchSetStateInternal (node_modules/react-test-renderer/cjs/react-test-renderer.development.js:4148:13)
      at dispatchSetState (node_modules/react-test-renderer/cjs/react-test-renderer.development.js:4107:7)
      at Object.setShowFaceIdModal (hooks/useAuthSettings.js:25:5)
      at asyncGeneratorStep (node_modules/@babel/runtime/helpers/asyncToGenerator.js:3:17)
      at _next (node_modules/@babel/runtime/helpers/asyncToGenerator.js:17:9)
      at node_modules/@babel/runtime/helpers/asyncToGenerator.js:22:7
      at Object.confirmFaceIdToggle (node_modules/@babel/runtime/helpers/asyncToGenerator.js:14:12)
      at confirmFaceIdToggle (hooks/__tests__/useSettings.test.js:869:30)
      at asyncGeneratorStep (node_modules/@babel/runtime/helpers/asyncToGenerator.js:3:17)
      at _next (node_modules/@babel/runtime/helpers/asyncToGenerator.js:17:9)
      at node_modules/@babel/runtime/helpers/asyncToGenerator.js:22:7
      at node_modules/@babel/runtime/helpers/asyncToGenerator.js:14:12
      at process.env.NODE_ENV.exports.act (node_modules/react/cjs/react.development.js:789:22)
      at Object.<anonymous> (hooks/__tests__/useSettings.test.js:868:16)
      at asyncGeneratorStep (node_modules/@babel/runtime/helpers/asyncToGenerator.js:3:17)
      at _next (node_modules/@babel/runtime/helpers/asyncToGenerator.js:17:9)
      at node_modules/@babel/runtime/helpers/asyncToGenerator.js:22:7
      at Object.<anonymous> (node_modules/@babel/runtime/helpers/asyncToGenerator.js:14:12)

    console.error
      react-test-renderer is deprecated. See https://react.dev/warnings/react-test-renderer

      35 |   let component;
      36 |   act(() => {
    > 37 |     component = create(<TestComponent hookProps={initialProps} />);
         |                       ^
      38 |   });
      39 |   return {
      40 |     result,

      at process.env.NODE_ENV.exports.create (node_modules/react-test-renderer/cjs/react-test-renderer.development.js:14598:17)
      at hooks/__tests__/useSettings.test.js:37:23
      at process.env.NODE_ENV.exports.act (node_modules/react/cjs/react.development.js:789:22)
      at renderHook (hooks/__tests__/useSettings.test.js:36:6)
      at Object.renderHook (hooks/__tests__/useSettings.test.js:884:26)
      at asyncGeneratorStep (node_modules/@babel/runtime/helpers/asyncToGenerator.js:3:17)
      at _next (node_modules/@babel/runtime/helpers/asyncToGenerator.js:17:9)
      at node_modules/@babel/runtime/helpers/asyncToGenerator.js:22:7
      at Object.<anonymous> (node_modules/@babel/runtime/helpers/asyncToGenerator.js:14:12)

    console.error
      The current testing environment is not configured to support act(...)

      35 |   let component;
      36 |   act(() => {
    > 37 |     component = create(<TestComponent hookProps={initialProps} />);
         |                       ^
      38 |   });
      39 |   return {
      40 |     result,

      at isConcurrentActEnvironment (node_modules/react-test-renderer/cjs/react-test-renderer.development.js:10243:17)
      at warnIfUpdatesNotWrappedWithActDEV (node_modules/react-test-renderer/cjs/react-test-renderer.development.js:11798:7)
      at scheduleUpdateOnFiber (node_modules/react-test-renderer/cjs/react-test-renderer.development.js:10326:9)
      at updateContainerImpl (node_modules/react-test-renderer/cjs/react-test-renderer.development.js:12382:10)
      at updateContainer (node_modules/react-test-renderer/cjs/react-test-renderer.development.js:12326:7)
      at process.env.NODE_ENV.exports.create (node_modules/react-test-renderer/cjs/react-test-renderer.development.js:14630:7)
      at hooks/__tests__/useSettings.test.js:37:23
      at process.env.NODE_ENV.exports.act (node_modules/react/cjs/react.development.js:789:22)
      at renderHook (hooks/__tests__/useSettings.test.js:36:6)
      at Object.renderHook (hooks/__tests__/useSettings.test.js:884:26)
      at asyncGeneratorStep (node_modules/@babel/runtime/helpers/asyncToGenerator.js:3:17)
      at _next (node_modules/@babel/runtime/helpers/asyncToGenerator.js:17:9)
      at node_modules/@babel/runtime/helpers/asyncToGenerator.js:22:7
      at Object.<anonymous> (node_modules/@babel/runtime/helpers/asyncToGenerator.js:14:12)

    console.error
      The current testing environment is not configured to support act(...)

      18 |   const handleFaceIdToggle = useCallback(() => {
      19 |     const newValue = !biometricEnabled;
    > 20 |     setPendingFaceIdValue(newValue);
         |     ^
      21 |     setShowFaceIdModal(true);
      22 |   }, [biometricEnabled]);
      23 |

      at isConcurrentActEnvironment (node_modules/react-test-renderer/cjs/react-test-renderer.development.js:10243:17)
      at warnIfUpdatesNotWrappedWithActDEV (node_modules/react-test-renderer/cjs/react-test-renderer.development.js:11798:7)
      at scheduleUpdateOnFiber (node_modules/react-test-renderer/cjs/react-test-renderer.development.js:10326:9)
      at dispatchSetStateInternal (node_modules/react-test-renderer/cjs/react-test-renderer.development.js:4148:13)
      at dispatchSetState (node_modules/react-test-renderer/cjs/react-test-renderer.development.js:4107:7)
      at Object.setPendingFaceIdValue [as handleFaceIdToggle] (hooks/useAuthSettings.js:20:5)
      at handleFaceIdToggle (hooks/__tests__/useSettings.test.js:889:24)
      at process.env.NODE_ENV.exports.act (node_modules/react/cjs/react.development.js:789:22)
      at Object.<anonymous> (hooks/__tests__/useSettings.test.js:888:10)
      at asyncGeneratorStep (node_modules/@babel/runtime/helpers/asyncToGenerator.js:3:17)
      at _next (node_modules/@babel/runtime/helpers/asyncToGenerator.js:17:9)
      at node_modules/@babel/runtime/helpers/asyncToGenerator.js:22:7
      at Object.<anonymous> (node_modules/@babel/runtime/helpers/asyncToGenerator.js:14:12)

    console.error
      The current testing environment is not configured to support act(...)

      19 |     const newValue = !biometricEnabled;
      20 |     setPendingFaceIdValue(newValue);
    > 21 |     setShowFaceIdModal(true);
         |     ^
      22 |   }, [biometricEnabled]);
      23 |
      24 |   const confirmFaceIdToggle = useCallback(async () => {

      at isConcurrentActEnvironment (node_modules/react-test-renderer/cjs/react-test-renderer.development.js:10243:17)
      at warnIfUpdatesNotWrappedWithActDEV (node_modules/react-test-renderer/cjs/react-test-renderer.development.js:11798:7)
      at scheduleUpdateOnFiber (node_modules/react-test-renderer/cjs/react-test-renderer.development.js:10326:9)
      at dispatchSetStateInternal (node_modules/react-test-renderer/cjs/react-test-renderer.development.js:4148:13)
      at dispatchSetState (node_modules/react-test-renderer/cjs/react-test-renderer.development.js:4107:7)
      at Object.setShowFaceIdModal (hooks/useAuthSettings.js:21:5)
      at handleFaceIdToggle (hooks/__tests__/useSettings.test.js:889:24)
      at process.env.NODE_ENV.exports.act (node_modules/react/cjs/react.development.js:789:22)
      at Object.<anonymous> (hooks/__tests__/useSettings.test.js:888:10)
      at asyncGeneratorStep (node_modules/@babel/runtime/helpers/asyncToGenerator.js:3:17)
      at _next (node_modules/@babel/runtime/helpers/asyncToGenerator.js:17:9)
      at node_modules/@babel/runtime/helpers/asyncToGenerator.js:22:7
      at Object.<anonymous> (node_modules/@babel/runtime/helpers/asyncToGenerator.js:14:12)

    console.error
      The current testing environment is not configured to support act(...)

      23 |
      24 |   const confirmFaceIdToggle = useCallback(async () => {
    > 25 |     setShowFaceIdModal(false);
         |     ^
      26 |     const newValue = pendingFaceIdValue;
      27 |
      28 |     // If enabling, require authentication first

      at isConcurrentActEnvironment (node_modules/react-test-renderer/cjs/react-test-renderer.development.js:10243:17)
      at warnIfUpdatesNotWrappedWithActDEV (node_modules/react-test-renderer/cjs/react-test-renderer.development.js:11798:7)
      at scheduleUpdateOnFiber (node_modules/react-test-renderer/cjs/react-test-renderer.development.js:10326:9)
      at dispatchSetStateInternal (node_modules/react-test-renderer/cjs/react-test-renderer.development.js:4148:13)
      at dispatchSetState (node_modules/react-test-renderer/cjs/react-test-renderer.development.js:4107:7)
      at Object.setShowFaceIdModal (hooks/useAuthSettings.js:25:5)
      at asyncGeneratorStep (node_modules/@babel/runtime/helpers/asyncToGenerator.js:3:17)
      at _next (node_modules/@babel/runtime/helpers/asyncToGenerator.js:17:9)
      at node_modules/@babel/runtime/helpers/asyncToGenerator.js:22:7
      at Object.confirmFaceIdToggle (node_modules/@babel/runtime/helpers/asyncToGenerator.js:14:12)
      at confirmFaceIdToggle (hooks/__tests__/useSettings.test.js:893:30)
      at asyncGeneratorStep (node_modules/@babel/runtime/helpers/asyncToGenerator.js:3:17)
      at _next (node_modules/@babel/runtime/helpers/asyncToGenerator.js:17:9)
      at node_modules/@babel/runtime/helpers/asyncToGenerator.js:22:7
      at node_modules/@babel/runtime/helpers/asyncToGenerator.js:14:12
      at process.env.NODE_ENV.exports.act (node_modules/react/cjs/react.development.js:789:22)
      at Object.<anonymous> (hooks/__tests__/useSettings.test.js:892:16)
      at asyncGeneratorStep (node_modules/@babel/runtime/helpers/asyncToGenerator.js:3:17)
      at _next (node_modules/@babel/runtime/helpers/asyncToGenerator.js:17:9)
      at node_modules/@babel/runtime/helpers/asyncToGenerator.js:22:7
      at Object.<anonymous> (node_modules/@babel/runtime/helpers/asyncToGenerator.js:14:12)

    console.error
      react-test-renderer is deprecated. See https://react.dev/warnings/react-test-renderer

      35 |   let component;
      36 |   act(() => {
    > 37 |     component = create(<TestComponent hookProps={initialProps} />);
         |                       ^
      38 |   });
      39 |   return {
      40 |     result,

      at process.env.NODE_ENV.exports.create (node_modules/react-test-renderer/cjs/react-test-renderer.development.js:14598:17)
      at hooks/__tests__/useSettings.test.js:37:23
      at process.env.NODE_ENV.exports.act (node_modules/react/cjs/react.development.js:789:22)
      at renderHook (hooks/__tests__/useSettings.test.js:36:6)
      at Object.renderHook (hooks/__tests__/useSettings.test.js:905:26)
      at asyncGeneratorStep (node_modules/@babel/runtime/helpers/asyncToGenerator.js:3:17)
      at _next (node_modules/@babel/runtime/helpers/asyncToGenerator.js:17:9)
      at node_modules/@babel/runtime/helpers/asyncToGenerator.js:22:7
      at Object.<anonymous> (node_modules/@babel/runtime/helpers/asyncToGenerator.js:14:12)

    console.error
      The current testing environment is not configured to support act(...)

      35 |   let component;
      36 |   act(() => {
    > 37 |     component = create(<TestComponent hookProps={initialProps} />);
         |                       ^
      38 |   });
      39 |   return {
      40 |     result,

      at isConcurrentActEnvironment (node_modules/react-test-renderer/cjs/react-test-renderer.development.js:10243:17)
      at warnIfUpdatesNotWrappedWithActDEV (node_modules/react-test-renderer/cjs/react-test-renderer.development.js:11798:7)
      at scheduleUpdateOnFiber (node_modules/react-test-renderer/cjs/react-test-renderer.development.js:10326:9)
      at updateContainerImpl (node_modules/react-test-renderer/cjs/react-test-renderer.development.js:12382:10)
      at updateContainer (node_modules/react-test-renderer/cjs/react-test-renderer.development.js:12326:7)
      at process.env.NODE_ENV.exports.create (node_modules/react-test-renderer/cjs/react-test-renderer.development.js:14630:7)
      at hooks/__tests__/useSettings.test.js:37:23
      at process.env.NODE_ENV.exports.act (node_modules/react/cjs/react.development.js:789:22)
      at renderHook (hooks/__tests__/useSettings.test.js:36:6)
      at Object.renderHook (hooks/__tests__/useSettings.test.js:905:26)
      at asyncGeneratorStep (node_modules/@babel/runtime/helpers/asyncToGenerator.js:3:17)
      at _next (node_modules/@babel/runtime/helpers/asyncToGenerator.js:17:9)
      at node_modules/@babel/runtime/helpers/asyncToGenerator.js:22:7
      at Object.<anonymous> (node_modules/@babel/runtime/helpers/asyncToGenerator.js:14:12)

    console.error
      The current testing environment is not configured to support act(...)

      20 |         const savedNotificationsEnabled = await SecureStore.getItemAsync('notificationsEnabled');
      21 |         if (savedNotificationsEnabled !== null) {
    > 22 |           setNotificationsEnabled(savedNotificationsEnabled === 'true');
         |           ^
      23 |         }
      24 |
      25 |         const savedShowZeroAssets = await SecureStore.getItemAsync('showZeroAssets');

      at isConcurrentActEnvironment (node_modules/react-test-renderer/cjs/react-test-renderer.development.js:10243:17)
      at warnIfUpdatesNotWrappedWithActDEV (node_modules/react-test-renderer/cjs/react-test-renderer.development.js:11798:7)
      at scheduleUpdateOnFiber (node_modules/react-test-renderer/cjs/react-test-renderer.development.js:10326:9)
      at dispatchSetStateInternal (node_modules/react-test-renderer/cjs/react-test-renderer.development.js:4148:13)
      at dispatchSetState (node_modules/react-test-renderer/cjs/react-test-renderer.development.js:4107:7)
      at setNotificationsEnabled (hooks/useAppSettings.js:22:11)
      at asyncGeneratorStep (node_modules/@babel/runtime/helpers/asyncToGenerator.js:3:17)
      at _next (node_modules/@babel/runtime/helpers/asyncToGenerator.js:17:9)

    console.error
      The current testing environment is not configured to support act(...)

      40 |   const handleNotificationsToggle = useCallback(() => {
      41 |     const newValue = !notificationsEnabled;
    > 42 |     setPendingNotificationsValue(newValue);
         |     ^
      43 |     setShowNotificationsModal(true);
      44 |   }, [notificationsEnabled]);
      45 |

      at isConcurrentActEnvironment (node_modules/react-test-renderer/cjs/react-test-renderer.development.js:10243:17)
      at warnIfUpdatesNotWrappedWithActDEV (node_modules/react-test-renderer/cjs/react-test-renderer.development.js:11798:7)
      at scheduleUpdateOnFiber (node_modules/react-test-renderer/cjs/react-test-renderer.development.js:10326:9)
      at dispatchSetStateInternal (node_modules/react-test-renderer/cjs/react-test-renderer.development.js:4148:13)
      at dispatchSetState (node_modules/react-test-renderer/cjs/react-test-renderer.development.js:4107:7)
      at Object.setPendingNotificationsValue [as handleNotificationsToggle] (hooks/useAppSettings.js:42:5)
      at handleNotificationsToggle (hooks/__tests__/useSettings.test.js:914:24)
      at process.env.NODE_ENV.exports.act (node_modules/react/cjs/react.development.js:789:22)
      at Object.<anonymous> (hooks/__tests__/useSettings.test.js:913:10)
      at asyncGeneratorStep (node_modules/@babel/runtime/helpers/asyncToGenerator.js:3:17)
      at _next (node_modules/@babel/runtime/helpers/asyncToGenerator.js:17:9)

    console.error
      The current testing environment is not configured to support act(...)

      41 |     const newValue = !notificationsEnabled;
      42 |     setPendingNotificationsValue(newValue);
    > 43 |     setShowNotificationsModal(true);
         |     ^
      44 |   }, [notificationsEnabled]);
      45 |
      46 |   const confirmNotificationsToggle = useCallback(async () => {

      at isConcurrentActEnvironment (node_modules/react-test-renderer/cjs/react-test-renderer.development.js:10243:17)
      at warnIfUpdatesNotWrappedWithActDEV (node_modules/react-test-renderer/cjs/react-test-renderer.development.js:11798:7)
      at scheduleUpdateOnFiber (node_modules/react-test-renderer/cjs/react-test-renderer.development.js:10326:9)
      at dispatchSetStateInternal (node_modules/react-test-renderer/cjs/react-test-renderer.development.js:4148:13)
      at dispatchSetState (node_modules/react-test-renderer/cjs/react-test-renderer.development.js:4107:7)
      at Object.setShowNotificationsModal (hooks/useAppSettings.js:43:5)
      at handleNotificationsToggle (hooks/__tests__/useSettings.test.js:914:24)
      at process.env.NODE_ENV.exports.act (node_modules/react/cjs/react.development.js:789:22)
      at Object.<anonymous> (hooks/__tests__/useSettings.test.js:913:10)
      at asyncGeneratorStep (node_modules/@babel/runtime/helpers/asyncToGenerator.js:3:17)
      at _next (node_modules/@babel/runtime/helpers/asyncToGenerator.js:17:9)

    console.error
      The current testing environment is not configured to support act(...)

      45 |
      46 |   const confirmNotificationsToggle = useCallback(async () => {
    > 47 |     setShowNotificationsModal(false);
         |     ^
      48 |     const newValue = pendingNotificationsValue;
      49 |
      50 |     // If enabling, require authentication first

      at isConcurrentActEnvironment (node_modules/react-test-renderer/cjs/react-test-renderer.development.js:10243:17)
      at warnIfUpdatesNotWrappedWithActDEV (node_modules/react-test-renderer/cjs/react-test-renderer.development.js:11798:7)
      at scheduleUpdateOnFiber (node_modules/react-test-renderer/cjs/react-test-renderer.development.js:10326:9)
      at dispatchSetStateInternal (node_modules/react-test-renderer/cjs/react-test-renderer.development.js:4148:13)
      at dispatchSetState (node_modules/react-test-renderer/cjs/react-test-renderer.development.js:4107:7)
      at Object.setShowNotificationsModal (hooks/useAppSettings.js:47:5)
      at asyncGeneratorStep (node_modules/@babel/runtime/helpers/asyncToGenerator.js:3:17)
      at _next (node_modules/@babel/runtime/helpers/asyncToGenerator.js:17:9)
      at node_modules/@babel/runtime/helpers/asyncToGenerator.js:22:7
      at Object.confirmNotificationsToggle (node_modules/@babel/runtime/helpers/asyncToGenerator.js:14:12)
      at confirmNotificationsToggle (hooks/__tests__/useSettings.test.js:918:30)
      at asyncGeneratorStep (node_modules/@babel/runtime/helpers/asyncToGenerator.js:3:17)
      at _next (node_modules/@babel/runtime/helpers/asyncToGenerator.js:17:9)
      at node_modules/@babel/runtime/helpers/asyncToGenerator.js:22:7
      at node_modules/@babel/runtime/helpers/asyncToGenerator.js:14:12
      at process.env.NODE_ENV.exports.act (node_modules/react/cjs/react.development.js:789:22)
      at Object.<anonymous> (hooks/__tests__/useSettings.test.js:917:16)
      at asyncGeneratorStep (node_modules/@babel/runtime/helpers/asyncToGenerator.js:3:17)
      at _next (node_modules/@babel/runtime/helpers/asyncToGenerator.js:17:9)

    console.error
      The current testing environment is not configured to support act(...)

      80 |
      81 |     // Authentication successful or disabling, proceed with toggle
    > 82 |     setNotificationsEnabled(newValue);
         |     ^
      83 |     try {
      84 |       await SecureStore.setItemAsync('notificationsEnabled', String(newValue));
      85 |       if (showToast) {

      at isConcurrentActEnvironment (node_modules/react-test-renderer/cjs/react-test-renderer.development.js:10243:17)
      at warnIfUpdatesNotWrappedWithActDEV (node_modules/react-test-renderer/cjs/react-test-renderer.development.js:11798:7)
      at scheduleUpdateOnFiber (node_modules/react-test-renderer/cjs/react-test-renderer.development.js:10326:9)
      at dispatchSetStateInternal (node_modules/react-test-renderer/cjs/react-test-renderer.development.js:4148:13)
      at dispatchSetState (node_modules/react-test-renderer/cjs/react-test-renderer.development.js:4107:7)
      at Object.setNotificationsEnabled (hooks/useAppSettings.js:82:5)
      at asyncGeneratorStep (node_modules/@babel/runtime/helpers/asyncToGenerator.js:3:17)
      at _next (node_modules/@babel/runtime/helpers/asyncToGenerator.js:17:9)
      at node_modules/@babel/runtime/helpers/asyncToGenerator.js:22:7
      at Object.confirmNotificationsToggle (node_modules/@babel/runtime/helpers/asyncToGenerator.js:14:12)
      at confirmNotificationsToggle (hooks/__tests__/useSettings.test.js:918:30)
      at asyncGeneratorStep (node_modules/@babel/runtime/helpers/asyncToGenerator.js:3:17)
      at _next (node_modules/@babel/runtime/helpers/asyncToGenerator.js:17:9)
      at node_modules/@babel/runtime/helpers/asyncToGenerator.js:22:7
      at node_modules/@babel/runtime/helpers/asyncToGenerator.js:14:12
      at process.env.NODE_ENV.exports.act (node_modules/react/cjs/react.development.js:789:22)
      at Object.<anonymous> (hooks/__tests__/useSettings.test.js:917:16)
      at asyncGeneratorStep (node_modules/@babel/runtime/helpers/asyncToGenerator.js:3:17)
      at _next (node_modules/@babel/runtime/helpers/asyncToGenerator.js:17:9)

    console.error
      react-test-renderer is deprecated. See https://react.dev/warnings/react-test-renderer

      35 |   let component;
      36 |   act(() => {
    > 37 |     component = create(<TestComponent hookProps={initialProps} />);
         |                       ^
      38 |   });
      39 |   return {
      40 |     result,

      at process.env.NODE_ENV.exports.create (node_modules/react-test-renderer/cjs/react-test-renderer.development.js:14598:17)
      at hooks/__tests__/useSettings.test.js:37:23
      at process.env.NODE_ENV.exports.act (node_modules/react/cjs/react.development.js:789:22)
      at renderHook (hooks/__tests__/useSettings.test.js:36:6)
      at Object.renderHook (hooks/__tests__/useSettings.test.js:931:26)
      at asyncGeneratorStep (node_modules/@babel/runtime/helpers/asyncToGenerator.js:3:17)
      at _next (node_modules/@babel/runtime/helpers/asyncToGenerator.js:17:9)
      at node_modules/@babel/runtime/helpers/asyncToGenerator.js:22:7
      at Object.<anonymous> (node_modules/@babel/runtime/helpers/asyncToGenerator.js:14:12)

    console.error
      The current testing environment is not configured to support act(...)

      35 |   let component;
      36 |   act(() => {
    > 37 |     component = create(<TestComponent hookProps={initialProps} />);
         |                       ^
      38 |   });
      39 |   return {
      40 |     result,

      at isConcurrentActEnvironment (node_modules/react-test-renderer/cjs/react-test-renderer.development.js:10243:17)
      at warnIfUpdatesNotWrappedWithActDEV (node_modules/react-test-renderer/cjs/react-test-renderer.development.js:11798:7)
      at scheduleUpdateOnFiber (node_modules/react-test-renderer/cjs/react-test-renderer.development.js:10326:9)
      at updateContainerImpl (node_modules/react-test-renderer/cjs/react-test-renderer.development.js:12382:10)
      at updateContainer (node_modules/react-test-renderer/cjs/react-test-renderer.development.js:12326:7)
      at process.env.NODE_ENV.exports.create (node_modules/react-test-renderer/cjs/react-test-renderer.development.js:14630:7)
      at hooks/__tests__/useSettings.test.js:37:23
      at process.env.NODE_ENV.exports.act (node_modules/react/cjs/react.development.js:789:22)
      at renderHook (hooks/__tests__/useSettings.test.js:36:6)
      at Object.renderHook (hooks/__tests__/useSettings.test.js:931:26)
      at asyncGeneratorStep (node_modules/@babel/runtime/helpers/asyncToGenerator.js:3:17)
      at _next (node_modules/@babel/runtime/helpers/asyncToGenerator.js:17:9)
      at node_modules/@babel/runtime/helpers/asyncToGenerator.js:22:7
      at Object.<anonymous> (node_modules/@babel/runtime/helpers/asyncToGenerator.js:14:12)

    console.error
      The current testing environment is not configured to support act(...)

      20 |         const savedNotificationsEnabled = await SecureStore.getItemAsync('notificationsEnabled');
      21 |         if (savedNotificationsEnabled !== null) {
    > 22 |           setNotificationsEnabled(savedNotificationsEnabled === 'true');
         |           ^
      23 |         }
      24 |
      25 |         const savedShowZeroAssets = await SecureStore.getItemAsync('showZeroAssets');

      at isConcurrentActEnvironment (node_modules/react-test-renderer/cjs/react-test-renderer.development.js:10243:17)
      at warnIfUpdatesNotWrappedWithActDEV (node_modules/react-test-renderer/cjs/react-test-renderer.development.js:11798:7)
      at scheduleUpdateOnFiber (node_modules/react-test-renderer/cjs/react-test-renderer.development.js:10326:9)
      at dispatchSetStateInternal (node_modules/react-test-renderer/cjs/react-test-renderer.development.js:4148:13)
      at dispatchSetState (node_modules/react-test-renderer/cjs/react-test-renderer.development.js:4107:7)
      at setNotificationsEnabled (hooks/useAppSettings.js:22:11)
      at asyncGeneratorStep (node_modules/@babel/runtime/helpers/asyncToGenerator.js:3:17)
      at _next (node_modules/@babel/runtime/helpers/asyncToGenerator.js:17:9)

    console.error
      The current testing environment is not configured to support act(...)

      40 |   const handleNotificationsToggle = useCallback(() => {
      41 |     const newValue = !notificationsEnabled;
    > 42 |     setPendingNotificationsValue(newValue);
         |     ^
      43 |     setShowNotificationsModal(true);
      44 |   }, [notificationsEnabled]);
      45 |

      at isConcurrentActEnvironment (node_modules/react-test-renderer/cjs/react-test-renderer.development.js:10243:17)
      at warnIfUpdatesNotWrappedWithActDEV (node_modules/react-test-renderer/cjs/react-test-renderer.development.js:11798:7)
      at scheduleUpdateOnFiber (node_modules/react-test-renderer/cjs/react-test-renderer.development.js:10326:9)
      at dispatchSetStateInternal (node_modules/react-test-renderer/cjs/react-test-renderer.development.js:4148:13)
      at dispatchSetState (node_modules/react-test-renderer/cjs/react-test-renderer.development.js:4107:7)
      at Object.setPendingNotificationsValue [as handleNotificationsToggle] (hooks/useAppSettings.js:42:5)
      at handleNotificationsToggle (hooks/__tests__/useSettings.test.js:940:24)
      at process.env.NODE_ENV.exports.act (node_modules/react/cjs/react.development.js:789:22)
      at Object.<anonymous> (hooks/__tests__/useSettings.test.js:939:10)
      at asyncGeneratorStep (node_modules/@babel/runtime/helpers/asyncToGenerator.js:3:17)
      at _next (node_modules/@babel/runtime/helpers/asyncToGenerator.js:17:9)

    console.error
      The current testing environment is not configured to support act(...)

      41 |     const newValue = !notificationsEnabled;
      42 |     setPendingNotificationsValue(newValue);
    > 43 |     setShowNotificationsModal(true);
         |     ^
      44 |   }, [notificationsEnabled]);
      45 |
      46 |   const confirmNotificationsToggle = useCallback(async () => {

      at isConcurrentActEnvironment (node_modules/react-test-renderer/cjs/react-test-renderer.development.js:10243:17)
      at warnIfUpdatesNotWrappedWithActDEV (node_modules/react-test-renderer/cjs/react-test-renderer.development.js:11798:7)
      at scheduleUpdateOnFiber (node_modules/react-test-renderer/cjs/react-test-renderer.development.js:10326:9)
      at dispatchSetStateInternal (node_modules/react-test-renderer/cjs/react-test-renderer.development.js:4148:13)
      at dispatchSetState (node_modules/react-test-renderer/cjs/react-test-renderer.development.js:4107:7)
      at Object.setShowNotificationsModal (hooks/useAppSettings.js:43:5)
      at handleNotificationsToggle (hooks/__tests__/useSettings.test.js:940:24)
      at process.env.NODE_ENV.exports.act (node_modules/react/cjs/react.development.js:789:22)
      at Object.<anonymous> (hooks/__tests__/useSettings.test.js:939:10)
      at asyncGeneratorStep (node_modules/@babel/runtime/helpers/asyncToGenerator.js:3:17)
      at _next (node_modules/@babel/runtime/helpers/asyncToGenerator.js:17:9)

    console.error
      The current testing environment is not configured to support act(...)

      45 |
      46 |   const confirmNotificationsToggle = useCallback(async () => {
    > 47 |     setShowNotificationsModal(false);
         |     ^
      48 |     const newValue = pendingNotificationsValue;
      49 |
      50 |     // If enabling, require authentication first

      at isConcurrentActEnvironment (node_modules/react-test-renderer/cjs/react-test-renderer.development.js:10243:17)
      at warnIfUpdatesNotWrappedWithActDEV (node_modules/react-test-renderer/cjs/react-test-renderer.development.js:11798:7)
      at scheduleUpdateOnFiber (node_modules/react-test-renderer/cjs/react-test-renderer.development.js:10326:9)
      at dispatchSetStateInternal (node_modules/react-test-renderer/cjs/react-test-renderer.development.js:4148:13)
      at dispatchSetState (node_modules/react-test-renderer/cjs/react-test-renderer.development.js:4107:7)
      at Object.setShowNotificationsModal (hooks/useAppSettings.js:47:5)
      at asyncGeneratorStep (node_modules/@babel/runtime/helpers/asyncToGenerator.js:3:17)
      at _next (node_modules/@babel/runtime/helpers/asyncToGenerator.js:17:9)
      at node_modules/@babel/runtime/helpers/asyncToGenerator.js:22:7
      at Object.confirmNotificationsToggle (node_modules/@babel/runtime/helpers/asyncToGenerator.js:14:12)
      at confirmNotificationsToggle (hooks/__tests__/useSettings.test.js:944:30)
      at asyncGeneratorStep (node_modules/@babel/runtime/helpers/asyncToGenerator.js:3:17)
      at _next (node_modules/@babel/runtime/helpers/asyncToGenerator.js:17:9)
      at node_modules/@babel/runtime/helpers/asyncToGenerator.js:22:7
      at node_modules/@babel/runtime/helpers/asyncToGenerator.js:14:12
      at process.env.NODE_ENV.exports.act (node_modules/react/cjs/react.development.js:789:22)
      at Object.<anonymous> (hooks/__tests__/useSettings.test.js:943:16)
      at asyncGeneratorStep (node_modules/@babel/runtime/helpers/asyncToGenerator.js:3:17)
      at _next (node_modules/@babel/runtime/helpers/asyncToGenerator.js:17:9)

    console.error
      The current testing environment is not configured to support act(...)

      80 |
      81 |     // Authentication successful or disabling, proceed with toggle
    > 82 |     setNotificationsEnabled(newValue);
         |     ^
      83 |     try {
      84 |       await SecureStore.setItemAsync('notificationsEnabled', String(newValue));
      85 |       if (showToast) {

      at isConcurrentActEnvironment (node_modules/react-test-renderer/cjs/react-test-renderer.development.js:10243:17)
      at warnIfUpdatesNotWrappedWithActDEV (node_modules/react-test-renderer/cjs/react-test-renderer.development.js:11798:7)
      at scheduleUpdateOnFiber (node_modules/react-test-renderer/cjs/react-test-renderer.development.js:10326:9)
      at dispatchSetStateInternal (node_modules/react-test-renderer/cjs/react-test-renderer.development.js:4148:13)
      at dispatchSetState (node_modules/react-test-renderer/cjs/react-test-renderer.development.js:4107:7)
      at Object.setNotificationsEnabled (hooks/useAppSettings.js:82:5)
      at asyncGeneratorStep (node_modules/@babel/runtime/helpers/asyncToGenerator.js:3:17)
      at _next (node_modules/@babel/runtime/helpers/asyncToGenerator.js:17:9)
      at node_modules/@babel/runtime/helpers/asyncToGenerator.js:22:7
      at Object.confirmNotificationsToggle (node_modules/@babel/runtime/helpers/asyncToGenerator.js:14:12)
      at confirmNotificationsToggle (hooks/__tests__/useSettings.test.js:944:30)
      at asyncGeneratorStep (node_modules/@babel/runtime/helpers/asyncToGenerator.js:3:17)
      at _next (node_modules/@babel/runtime/helpers/asyncToGenerator.js:17:9)
      at node_modules/@babel/runtime/helpers/asyncToGenerator.js:22:7
      at node_modules/@babel/runtime/helpers/asyncToGenerator.js:14:12
      at process.env.NODE_ENV.exports.act (node_modules/react/cjs/react.development.js:789:22)
      at Object.<anonymous> (hooks/__tests__/useSettings.test.js:943:16)
      at asyncGeneratorStep (node_modules/@babel/runtime/helpers/asyncToGenerator.js:3:17)
      at _next (node_modules/@babel/runtime/helpers/asyncToGenerator.js:17:9)

    console.error
      react-test-renderer is deprecated. See https://react.dev/warnings/react-test-renderer

      35 |   let component;
      36 |   act(() => {
    > 37 |     component = create(<TestComponent hookProps={initialProps} />);
         |                       ^
      38 |   });
      39 |   return {
      40 |     result,

      at process.env.NODE_ENV.exports.create (node_modules/react-test-renderer/cjs/react-test-renderer.development.js:14598:17)
      at hooks/__tests__/useSettings.test.js:37:23
      at process.env.NODE_ENV.exports.act (node_modules/react/cjs/react.development.js:789:22)
      at renderHook (hooks/__tests__/useSettings.test.js:36:6)
      at Object.renderHook (hooks/__tests__/useSettings.test.js:953:26)
      at asyncGeneratorStep (node_modules/@babel/runtime/helpers/asyncToGenerator.js:3:17)
      at _next (node_modules/@babel/runtime/helpers/asyncToGenerator.js:17:9)
      at node_modules/@babel/runtime/helpers/asyncToGenerator.js:22:7
      at Object.<anonymous> (node_modules/@babel/runtime/helpers/asyncToGenerator.js:14:12)

    console.error
      The current testing environment is not configured to support act(...)

      35 |   let component;
      36 |   act(() => {
    > 37 |     component = create(<TestComponent hookProps={initialProps} />);
         |                       ^
      38 |   });
      39 |   return {
      40 |     result,

      at isConcurrentActEnvironment (node_modules/react-test-renderer/cjs/react-test-renderer.development.js:10243:17)
      at warnIfUpdatesNotWrappedWithActDEV (node_modules/react-test-renderer/cjs/react-test-renderer.development.js:11798:7)
      at scheduleUpdateOnFiber (node_modules/react-test-renderer/cjs/react-test-renderer.development.js:10326:9)
      at updateContainerImpl (node_modules/react-test-renderer/cjs/react-test-renderer.development.js:12382:10)
      at updateContainer (node_modules/react-test-renderer/cjs/react-test-renderer.development.js:12326:7)
      at process.env.NODE_ENV.exports.create (node_modules/react-test-renderer/cjs/react-test-renderer.development.js:14630:7)
      at hooks/__tests__/useSettings.test.js:37:23
      at process.env.NODE_ENV.exports.act (node_modules/react/cjs/react.development.js:789:22)
      at renderHook (hooks/__tests__/useSettings.test.js:36:6)
      at Object.renderHook (hooks/__tests__/useSettings.test.js:953:26)
      at asyncGeneratorStep (node_modules/@babel/runtime/helpers/asyncToGenerator.js:3:17)
      at _next (node_modules/@babel/runtime/helpers/asyncToGenerator.js:17:9)
      at node_modules/@babel/runtime/helpers/asyncToGenerator.js:22:7
      at Object.<anonymous> (node_modules/@babel/runtime/helpers/asyncToGenerator.js:14:12)

    console.error
      The current testing environment is not configured to support act(...)

      40 |   const handleNotificationsToggle = useCallback(() => {
      41 |     const newValue = !notificationsEnabled;
    > 42 |     setPendingNotificationsValue(newValue);
         |     ^
      43 |     setShowNotificationsModal(true);
      44 |   }, [notificationsEnabled]);
      45 |

      at isConcurrentActEnvironment (node_modules/react-test-renderer/cjs/react-test-renderer.development.js:10243:17)
      at warnIfUpdatesNotWrappedWithActDEV (node_modules/react-test-renderer/cjs/react-test-renderer.development.js:11798:7)
      at scheduleUpdateOnFiber (node_modules/react-test-renderer/cjs/react-test-renderer.development.js:10326:9)
      at dispatchSetStateInternal (node_modules/react-test-renderer/cjs/react-test-renderer.development.js:4148:13)
      at dispatchSetState (node_modules/react-test-renderer/cjs/react-test-renderer.development.js:4107:7)
      at Object.setPendingNotificationsValue [as handleNotificationsToggle] (hooks/useAppSettings.js:42:5)
      at handleNotificationsToggle (hooks/__tests__/useSettings.test.js:958:24)
      at process.env.NODE_ENV.exports.act (node_modules/react/cjs/react.development.js:789:22)
      at Object.<anonymous> (hooks/__tests__/useSettings.test.js:957:10)
      at asyncGeneratorStep (node_modules/@babel/runtime/helpers/asyncToGenerator.js:3:17)
      at _next (node_modules/@babel/runtime/helpers/asyncToGenerator.js:17:9)
      at node_modules/@babel/runtime/helpers/asyncToGenerator.js:22:7
      at Object.<anonymous> (node_modules/@babel/runtime/helpers/asyncToGenerator.js:14:12)

    console.error
      The current testing environment is not configured to support act(...)

      41 |     const newValue = !notificationsEnabled;
      42 |     setPendingNotificationsValue(newValue);
    > 43 |     setShowNotificationsModal(true);
         |     ^
      44 |   }, [notificationsEnabled]);
      45 |
      46 |   const confirmNotificationsToggle = useCallback(async () => {

      at isConcurrentActEnvironment (node_modules/react-test-renderer/cjs/react-test-renderer.development.js:10243:17)
      at warnIfUpdatesNotWrappedWithActDEV (node_modules/react-test-renderer/cjs/react-test-renderer.development.js:11798:7)
      at scheduleUpdateOnFiber (node_modules/react-test-renderer/cjs/react-test-renderer.development.js:10326:9)
      at dispatchSetStateInternal (node_modules/react-test-renderer/cjs/react-test-renderer.development.js:4148:13)
      at dispatchSetState (node_modules/react-test-renderer/cjs/react-test-renderer.development.js:4107:7)
      at Object.setShowNotificationsModal (hooks/useAppSettings.js:43:5)
      at handleNotificationsToggle (hooks/__tests__/useSettings.test.js:958:24)
      at process.env.NODE_ENV.exports.act (node_modules/react/cjs/react.development.js:789:22)
      at Object.<anonymous> (hooks/__tests__/useSettings.test.js:957:10)
      at asyncGeneratorStep (node_modules/@babel/runtime/helpers/asyncToGenerator.js:3:17)
      at _next (node_modules/@babel/runtime/helpers/asyncToGenerator.js:17:9)
      at node_modules/@babel/runtime/helpers/asyncToGenerator.js:22:7
      at Object.<anonymous> (node_modules/@babel/runtime/helpers/asyncToGenerator.js:14:12)

    console.error
      The current testing environment is not configured to support act(...)

      45 |
      46 |   const confirmNotificationsToggle = useCallback(async () => {
    > 47 |     setShowNotificationsModal(false);
         |     ^
      48 |     const newValue = pendingNotificationsValue;
      49 |
      50 |     // If enabling, require authentication first

      at isConcurrentActEnvironment (node_modules/react-test-renderer/cjs/react-test-renderer.development.js:10243:17)
      at warnIfUpdatesNotWrappedWithActDEV (node_modules/react-test-renderer/cjs/react-test-renderer.development.js:11798:7)
      at scheduleUpdateOnFiber (node_modules/react-test-renderer/cjs/react-test-renderer.development.js:10326:9)
      at dispatchSetStateInternal (node_modules/react-test-renderer/cjs/react-test-renderer.development.js:4148:13)
      at dispatchSetState (node_modules/react-test-renderer/cjs/react-test-renderer.development.js:4107:7)
      at Object.setShowNotificationsModal (hooks/useAppSettings.js:47:5)
      at asyncGeneratorStep (node_modules/@babel/runtime/helpers/asyncToGenerator.js:3:17)
      at _next (node_modules/@babel/runtime/helpers/asyncToGenerator.js:17:9)
      at node_modules/@babel/runtime/helpers/asyncToGenerator.js:22:7
      at Object.confirmNotificationsToggle (node_modules/@babel/runtime/helpers/asyncToGenerator.js:14:12)
      at confirmNotificationsToggle (hooks/__tests__/useSettings.test.js:962:30)
      at asyncGeneratorStep (node_modules/@babel/runtime/helpers/asyncToGenerator.js:3:17)
      at _next (node_modules/@babel/runtime/helpers/asyncToGenerator.js:17:9)
      at node_modules/@babel/runtime/helpers/asyncToGenerator.js:22:7
      at node_modules/@babel/runtime/helpers/asyncToGenerator.js:14:12
      at process.env.NODE_ENV.exports.act (node_modules/react/cjs/react.development.js:789:22)
      at Object.<anonymous> (hooks/__tests__/useSettings.test.js:961:16)
      at asyncGeneratorStep (node_modules/@babel/runtime/helpers/asyncToGenerator.js:3:17)
      at _next (node_modules/@babel/runtime/helpers/asyncToGenerator.js:17:9)
      at node_modules/@babel/runtime/helpers/asyncToGenerator.js:22:7
      at Object.<anonymous> (node_modules/@babel/runtime/helpers/asyncToGenerator.js:14:12)

    console.error
      react-test-renderer is deprecated. See https://react.dev/warnings/react-test-renderer

      35 |   let component;
      36 |   act(() => {
    > 37 |     component = create(<TestComponent hookProps={initialProps} />);
         |                       ^
      38 |   });
      39 |   return {
      40 |     result,

      at process.env.NODE_ENV.exports.create (node_modules/react-test-renderer/cjs/react-test-renderer.development.js:14598:17)
      at hooks/__tests__/useSettings.test.js:37:23
      at process.env.NODE_ENV.exports.act (node_modules/react/cjs/react.development.js:789:22)
      at renderHook (hooks/__tests__/useSettings.test.js:36:6)
      at Object.renderHook (hooks/__tests__/useSettings.test.js:972:26)
      at asyncGeneratorStep (node_modules/@babel/runtime/helpers/asyncToGenerator.js:3:17)
      at _next (node_modules/@babel/runtime/helpers/asyncToGenerator.js:17:9)
      at node_modules/@babel/runtime/helpers/asyncToGenerator.js:22:7
      at Object.<anonymous> (node_modules/@babel/runtime/helpers/asyncToGenerator.js:14:12)

    console.error
      The current testing environment is not configured to support act(...)

      35 |   let component;
      36 |   act(() => {
    > 37 |     component = create(<TestComponent hookProps={initialProps} />);
         |                       ^
      38 |   });
      39 |   return {
      40 |     result,

      at isConcurrentActEnvironment (node_modules/react-test-renderer/cjs/react-test-renderer.development.js:10243:17)
      at warnIfUpdatesNotWrappedWithActDEV (node_modules/react-test-renderer/cjs/react-test-renderer.development.js:11798:7)
      at scheduleUpdateOnFiber (node_modules/react-test-renderer/cjs/react-test-renderer.development.js:10326:9)
      at updateContainerImpl (node_modules/react-test-renderer/cjs/react-test-renderer.development.js:12382:10)
      at updateContainer (node_modules/react-test-renderer/cjs/react-test-renderer.development.js:12326:7)
      at process.env.NODE_ENV.exports.create (node_modules/react-test-renderer/cjs/react-test-renderer.development.js:14630:7)
      at hooks/__tests__/useSettings.test.js:37:23
      at process.env.NODE_ENV.exports.act (node_modules/react/cjs/react.development.js:789:22)
      at renderHook (hooks/__tests__/useSettings.test.js:36:6)
      at Object.renderHook (hooks/__tests__/useSettings.test.js:972:26)
      at asyncGeneratorStep (node_modules/@babel/runtime/helpers/asyncToGenerator.js:3:17)
      at _next (node_modules/@babel/runtime/helpers/asyncToGenerator.js:17:9)
      at node_modules/@babel/runtime/helpers/asyncToGenerator.js:22:7
      at Object.<anonymous> (node_modules/@babel/runtime/helpers/asyncToGenerator.js:14:12)

    console.error
      The current testing environment is not configured to support act(...)

      40 |   const handleNotificationsToggle = useCallback(() => {
      41 |     const newValue = !notificationsEnabled;
    > 42 |     setPendingNotificationsValue(newValue);
         |     ^
      43 |     setShowNotificationsModal(true);
      44 |   }, [notificationsEnabled]);
      45 |

      at isConcurrentActEnvironment (node_modules/react-test-renderer/cjs/react-test-renderer.development.js:10243:17)
      at warnIfUpdatesNotWrappedWithActDEV (node_modules/react-test-renderer/cjs/react-test-renderer.development.js:11798:7)
      at scheduleUpdateOnFiber (node_modules/react-test-renderer/cjs/react-test-renderer.development.js:10326:9)
      at dispatchSetStateInternal (node_modules/react-test-renderer/cjs/react-test-renderer.development.js:4148:13)
      at dispatchSetState (node_modules/react-test-renderer/cjs/react-test-renderer.development.js:4107:7)
      at Object.setPendingNotificationsValue [as handleNotificationsToggle] (hooks/useAppSettings.js:42:5)
      at handleNotificationsToggle (hooks/__tests__/useSettings.test.js:977:24)
      at process.env.NODE_ENV.exports.act (node_modules/react/cjs/react.development.js:789:22)
      at Object.<anonymous> (hooks/__tests__/useSettings.test.js:976:10)
      at asyncGeneratorStep (node_modules/@babel/runtime/helpers/asyncToGenerator.js:3:17)
      at _next (node_modules/@babel/runtime/helpers/asyncToGenerator.js:17:9)
      at node_modules/@babel/runtime/helpers/asyncToGenerator.js:22:7
      at Object.<anonymous> (node_modules/@babel/runtime/helpers/asyncToGenerator.js:14:12)

    console.error
      The current testing environment is not configured to support act(...)

      41 |     const newValue = !notificationsEnabled;
      42 |     setPendingNotificationsValue(newValue);
    > 43 |     setShowNotificationsModal(true);
         |     ^
      44 |   }, [notificationsEnabled]);
      45 |
      46 |   const confirmNotificationsToggle = useCallback(async () => {

      at isConcurrentActEnvironment (node_modules/react-test-renderer/cjs/react-test-renderer.development.js:10243:17)
      at warnIfUpdatesNotWrappedWithActDEV (node_modules/react-test-renderer/cjs/react-test-renderer.development.js:11798:7)
      at scheduleUpdateOnFiber (node_modules/react-test-renderer/cjs/react-test-renderer.development.js:10326:9)
      at dispatchSetStateInternal (node_modules/react-test-renderer/cjs/react-test-renderer.development.js:4148:13)
      at dispatchSetState (node_modules/react-test-renderer/cjs/react-test-renderer.development.js:4107:7)
      at Object.setShowNotificationsModal (hooks/useAppSettings.js:43:5)
      at handleNotificationsToggle (hooks/__tests__/useSettings.test.js:977:24)
      at process.env.NODE_ENV.exports.act (node_modules/react/cjs/react.development.js:789:22)
      at Object.<anonymous> (hooks/__tests__/useSettings.test.js:976:10)
      at asyncGeneratorStep (node_modules/@babel/runtime/helpers/asyncToGenerator.js:3:17)
      at _next (node_modules/@babel/runtime/helpers/asyncToGenerator.js:17:9)
      at node_modules/@babel/runtime/helpers/asyncToGenerator.js:22:7
      at Object.<anonymous> (node_modules/@babel/runtime/helpers/asyncToGenerator.js:14:12)

    console.error
      The current testing environment is not configured to support act(...)

      45 |
      46 |   const confirmNotificationsToggle = useCallback(async () => {
    > 47 |     setShowNotificationsModal(false);
         |     ^
      48 |     const newValue = pendingNotificationsValue;
      49 |
      50 |     // If enabling, require authentication first

      at isConcurrentActEnvironment (node_modules/react-test-renderer/cjs/react-test-renderer.development.js:10243:17)
      at warnIfUpdatesNotWrappedWithActDEV (node_modules/react-test-renderer/cjs/react-test-renderer.development.js:11798:7)
      at scheduleUpdateOnFiber (node_modules/react-test-renderer/cjs/react-test-renderer.development.js:10326:9)
      at dispatchSetStateInternal (node_modules/react-test-renderer/cjs/react-test-renderer.development.js:4148:13)
      at dispatchSetState (node_modules/react-test-renderer/cjs/react-test-renderer.development.js:4107:7)
      at Object.setShowNotificationsModal (hooks/useAppSettings.js:47:5)
      at asyncGeneratorStep (node_modules/@babel/runtime/helpers/asyncToGenerator.js:3:17)
      at _next (node_modules/@babel/runtime/helpers/asyncToGenerator.js:17:9)
      at node_modules/@babel/runtime/helpers/asyncToGenerator.js:22:7
      at Object.confirmNotificationsToggle (node_modules/@babel/runtime/helpers/asyncToGenerator.js:14:12)
      at confirmNotificationsToggle (hooks/__tests__/useSettings.test.js:981:30)
      at asyncGeneratorStep (node_modules/@babel/runtime/helpers/asyncToGenerator.js:3:17)
      at _next (node_modules/@babel/runtime/helpers/asyncToGenerator.js:17:9)
      at node_modules/@babel/runtime/helpers/asyncToGenerator.js:22:7
      at node_modules/@babel/runtime/helpers/asyncToGenerator.js:14:12
      at process.env.NODE_ENV.exports.act (node_modules/react/cjs/react.development.js:789:22)
      at Object.<anonymous> (hooks/__tests__/useSettings.test.js:980:16)
      at asyncGeneratorStep (node_modules/@babel/runtime/helpers/asyncToGenerator.js:3:17)
      at _next (node_modules/@babel/runtime/helpers/asyncToGenerator.js:17:9)
      at node_modules/@babel/runtime/helpers/asyncToGenerator.js:22:7
      at Object.<anonymous> (node_modules/@babel/runtime/helpers/asyncToGenerator.js:14:12)

    console.error
      The current testing environment is not configured to support act(...)

      80 |
      81 |     // Authentication successful or disabling, proceed with toggle
    > 82 |     setNotificationsEnabled(newValue);
         |     ^
      83 |     try {
      84 |       await SecureStore.setItemAsync('notificationsEnabled', String(newValue));
      85 |       if (showToast) {

      at isConcurrentActEnvironment (node_modules/react-test-renderer/cjs/react-test-renderer.development.js:10243:17)
      at warnIfUpdatesNotWrappedWithActDEV (node_modules/react-test-renderer/cjs/react-test-renderer.development.js:11798:7)
      at scheduleUpdateOnFiber (node_modules/react-test-renderer/cjs/react-test-renderer.development.js:10326:9)
      at dispatchSetStateInternal (node_modules/react-test-renderer/cjs/react-test-renderer.development.js:4148:13)
      at dispatchSetState (node_modules/react-test-renderer/cjs/react-test-renderer.development.js:4107:7)
      at Object.setNotificationsEnabled (hooks/useAppSettings.js:82:5)
      at asyncGeneratorStep (node_modules/@babel/runtime/helpers/asyncToGenerator.js:3:17)
      at _next (node_modules/@babel/runtime/helpers/asyncToGenerator.js:17:9)

    console.error
      react-test-renderer is deprecated. See https://react.dev/warnings/react-test-renderer

      35 |   let component;
      36 |   act(() => {
    > 37 |     component = create(<TestComponent hookProps={initialProps} />);
         |                       ^
      38 |   });
      39 |   return {
      40 |     result,

      at process.env.NODE_ENV.exports.create (node_modules/react-test-renderer/cjs/react-test-renderer.development.js:14598:17)
      at hooks/__tests__/useSettings.test.js:37:23
      at process.env.NODE_ENV.exports.act (node_modules/react/cjs/react.development.js:789:22)
      at renderHook (hooks/__tests__/useSettings.test.js:36:6)
      at Object.renderHook (hooks/__tests__/useSettings.test.js:997:26)
      at asyncGeneratorStep (node_modules/@babel/runtime/helpers/asyncToGenerator.js:3:17)
      at _next (node_modules/@babel/runtime/helpers/asyncToGenerator.js:17:9)
      at node_modules/@babel/runtime/helpers/asyncToGenerator.js:22:7
      at Object.<anonymous> (node_modules/@babel/runtime/helpers/asyncToGenerator.js:14:12)

    console.error
      The current testing environment is not configured to support act(...)

      35 |   let component;
      36 |   act(() => {
    > 37 |     component = create(<TestComponent hookProps={initialProps} />);
         |                       ^
      38 |   });
      39 |   return {
      40 |     result,

      at isConcurrentActEnvironment (node_modules/react-test-renderer/cjs/react-test-renderer.development.js:10243:17)
      at warnIfUpdatesNotWrappedWithActDEV (node_modules/react-test-renderer/cjs/react-test-renderer.development.js:11798:7)
      at scheduleUpdateOnFiber (node_modules/react-test-renderer/cjs/react-test-renderer.development.js:10326:9)
      at updateContainerImpl (node_modules/react-test-renderer/cjs/react-test-renderer.development.js:12382:10)
      at updateContainer (node_modules/react-test-renderer/cjs/react-test-renderer.development.js:12326:7)
      at process.env.NODE_ENV.exports.create (node_modules/react-test-renderer/cjs/react-test-renderer.development.js:14630:7)
      at hooks/__tests__/useSettings.test.js:37:23
      at process.env.NODE_ENV.exports.act (node_modules/react/cjs/react.development.js:789:22)
      at renderHook (hooks/__tests__/useSettings.test.js:36:6)
      at Object.renderHook (hooks/__tests__/useSettings.test.js:997:26)
      at asyncGeneratorStep (node_modules/@babel/runtime/helpers/asyncToGenerator.js:3:17)
      at _next (node_modules/@babel/runtime/helpers/asyncToGenerator.js:17:9)
      at node_modules/@babel/runtime/helpers/asyncToGenerator.js:22:7
      at Object.<anonymous> (node_modules/@babel/runtime/helpers/asyncToGenerator.js:14:12)

    console.error
      The current testing environment is not configured to support act(...)

      40 |   const handleNotificationsToggle = useCallback(() => {
      41 |     const newValue = !notificationsEnabled;
    > 42 |     setPendingNotificationsValue(newValue);
         |     ^
      43 |     setShowNotificationsModal(true);
      44 |   }, [notificationsEnabled]);
      45 |

      at isConcurrentActEnvironment (node_modules/react-test-renderer/cjs/react-test-renderer.development.js:10243:17)
      at warnIfUpdatesNotWrappedWithActDEV (node_modules/react-test-renderer/cjs/react-test-renderer.development.js:11798:7)
      at scheduleUpdateOnFiber (node_modules/react-test-renderer/cjs/react-test-renderer.development.js:10326:9)
      at dispatchSetStateInternal (node_modules/react-test-renderer/cjs/react-test-renderer.development.js:4148:13)
      at dispatchSetState (node_modules/react-test-renderer/cjs/react-test-renderer.development.js:4107:7)
      at Object.setPendingNotificationsValue [as handleNotificationsToggle] (hooks/useAppSettings.js:42:5)
      at handleNotificationsToggle (hooks/__tests__/useSettings.test.js:1002:24)
      at process.env.NODE_ENV.exports.act (node_modules/react/cjs/react.development.js:789:22)
      at Object.<anonymous> (hooks/__tests__/useSettings.test.js:1001:10)
      at asyncGeneratorStep (node_modules/@babel/runtime/helpers/asyncToGenerator.js:3:17)
      at _next (node_modules/@babel/runtime/helpers/asyncToGenerator.js:17:9)
      at node_modules/@babel/runtime/helpers/asyncToGenerator.js:22:7
      at Object.<anonymous> (node_modules/@babel/runtime/helpers/asyncToGenerator.js:14:12)

    console.error
      The current testing environment is not configured to support act(...)

      41 |     const newValue = !notificationsEnabled;
      42 |     setPendingNotificationsValue(newValue);
    > 43 |     setShowNotificationsModal(true);
         |     ^
      44 |   }, [notificationsEnabled]);
      45 |
      46 |   const confirmNotificationsToggle = useCallback(async () => {

      at isConcurrentActEnvironment (node_modules/react-test-renderer/cjs/react-test-renderer.development.js:10243:17)
      at warnIfUpdatesNotWrappedWithActDEV (node_modules/react-test-renderer/cjs/react-test-renderer.development.js:11798:7)
      at scheduleUpdateOnFiber (node_modules/react-test-renderer/cjs/react-test-renderer.development.js:10326:9)
      at dispatchSetStateInternal (node_modules/react-test-renderer/cjs/react-test-renderer.development.js:4148:13)
      at dispatchSetState (node_modules/react-test-renderer/cjs/react-test-renderer.development.js:4107:7)
      at Object.setShowNotificationsModal (hooks/useAppSettings.js:43:5)
      at handleNotificationsToggle (hooks/__tests__/useSettings.test.js:1002:24)
      at process.env.NODE_ENV.exports.act (node_modules/react/cjs/react.development.js:789:22)
      at Object.<anonymous> (hooks/__tests__/useSettings.test.js:1001:10)
      at asyncGeneratorStep (node_modules/@babel/runtime/helpers/asyncToGenerator.js:3:17)
      at _next (node_modules/@babel/runtime/helpers/asyncToGenerator.js:17:9)
      at node_modules/@babel/runtime/helpers/asyncToGenerator.js:22:7
      at Object.<anonymous> (node_modules/@babel/runtime/helpers/asyncToGenerator.js:14:12)

    console.error
      The current testing environment is not configured to support act(...)

      45 |
      46 |   const confirmNotificationsToggle = useCallback(async () => {
    > 47 |     setShowNotificationsModal(false);
         |     ^
      48 |     const newValue = pendingNotificationsValue;
      49 |
      50 |     // If enabling, require authentication first

      at isConcurrentActEnvironment (node_modules/react-test-renderer/cjs/react-test-renderer.development.js:10243:17)
      at warnIfUpdatesNotWrappedWithActDEV (node_modules/react-test-renderer/cjs/react-test-renderer.development.js:11798:7)
      at scheduleUpdateOnFiber (node_modules/react-test-renderer/cjs/react-test-renderer.development.js:10326:9)
      at dispatchSetStateInternal (node_modules/react-test-renderer/cjs/react-test-renderer.development.js:4148:13)
      at dispatchSetState (node_modules/react-test-renderer/cjs/react-test-renderer.development.js:4107:7)
      at Object.setShowNotificationsModal (hooks/useAppSettings.js:47:5)
      at asyncGeneratorStep (node_modules/@babel/runtime/helpers/asyncToGenerator.js:3:17)
      at _next (node_modules/@babel/runtime/helpers/asyncToGenerator.js:17:9)
      at node_modules/@babel/runtime/helpers/asyncToGenerator.js:22:7
      at Object.confirmNotificationsToggle (node_modules/@babel/runtime/helpers/asyncToGenerator.js:14:12)
      at confirmNotificationsToggle (hooks/__tests__/useSettings.test.js:1006:30)
      at asyncGeneratorStep (node_modules/@babel/runtime/helpers/asyncToGenerator.js:3:17)
      at _next (node_modules/@babel/runtime/helpers/asyncToGenerator.js:17:9)
      at node_modules/@babel/runtime/helpers/asyncToGenerator.js:22:7
      at node_modules/@babel/runtime/helpers/asyncToGenerator.js:14:12
      at process.env.NODE_ENV.exports.act (node_modules/react/cjs/react.development.js:789:22)
      at Object.<anonymous> (hooks/__tests__/useSettings.test.js:1005:16)
      at asyncGeneratorStep (node_modules/@babel/runtime/helpers/asyncToGenerator.js:3:17)
      at _next (node_modules/@babel/runtime/helpers/asyncToGenerator.js:17:9)
      at node_modules/@babel/runtime/helpers/asyncToGenerator.js:22:7
      at Object.<anonymous> (node_modules/@babel/runtime/helpers/asyncToGenerator.js:14:12)

    console.error
      The current testing environment is not configured to support act(...)

      80 |
      81 |     // Authentication successful or disabling, proceed with toggle
    > 82 |     setNotificationsEnabled(newValue);
         |     ^
      83 |     try {
      84 |       await SecureStore.setItemAsync('notificationsEnabled', String(newValue));
      85 |       if (showToast) {

      at isConcurrentActEnvironment (node_modules/react-test-renderer/cjs/react-test-renderer.development.js:10243:17)
      at warnIfUpdatesNotWrappedWithActDEV (node_modules/react-test-renderer/cjs/react-test-renderer.development.js:11798:7)
      at scheduleUpdateOnFiber (node_modules/react-test-renderer/cjs/react-test-renderer.development.js:10326:9)
      at dispatchSetStateInternal (node_modules/react-test-renderer/cjs/react-test-renderer.development.js:4148:13)
      at dispatchSetState (node_modules/react-test-renderer/cjs/react-test-renderer.development.js:4107:7)
      at Object.setNotificationsEnabled (hooks/useAppSettings.js:82:5)
      at asyncGeneratorStep (node_modules/@babel/runtime/helpers/asyncToGenerator.js:3:17)
      at _next (node_modules/@babel/runtime/helpers/asyncToGenerator.js:17:9)

    console.error
      react-test-renderer is deprecated. See https://react.dev/warnings/react-test-renderer

      35 |   let component;
      36 |   act(() => {
    > 37 |     component = create(<TestComponent hookProps={initialProps} />);
         |                       ^
      38 |   });
      39 |   return {
      40 |     result,

      at process.env.NODE_ENV.exports.create (node_modules/react-test-renderer/cjs/react-test-renderer.development.js:14598:17)
      at hooks/__tests__/useSettings.test.js:37:23
      at process.env.NODE_ENV.exports.act (node_modules/react/cjs/react.development.js:789:22)
      at renderHook (hooks/__tests__/useSettings.test.js:36:6)
      at Object.renderHook (hooks/__tests__/useSettings.test.js:1019:26)
      at asyncGeneratorStep (node_modules/@babel/runtime/helpers/asyncToGenerator.js:3:17)
      at _next (node_modules/@babel/runtime/helpers/asyncToGenerator.js:17:9)
      at node_modules/@babel/runtime/helpers/asyncToGenerator.js:22:7
      at Object.<anonymous> (node_modules/@babel/runtime/helpers/asyncToGenerator.js:14:12)

    console.error
      The current testing environment is not configured to support act(...)

      35 |   let component;
      36 |   act(() => {
    > 37 |     component = create(<TestComponent hookProps={initialProps} />);
         |                       ^
      38 |   });
      39 |   return {
      40 |     result,

      at isConcurrentActEnvironment (node_modules/react-test-renderer/cjs/react-test-renderer.development.js:10243:17)
      at warnIfUpdatesNotWrappedWithActDEV (node_modules/react-test-renderer/cjs/react-test-renderer.development.js:11798:7)
      at scheduleUpdateOnFiber (node_modules/react-test-renderer/cjs/react-test-renderer.development.js:10326:9)
      at updateContainerImpl (node_modules/react-test-renderer/cjs/react-test-renderer.development.js:12382:10)
      at updateContainer (node_modules/react-test-renderer/cjs/react-test-renderer.development.js:12326:7)
      at process.env.NODE_ENV.exports.create (node_modules/react-test-renderer/cjs/react-test-renderer.development.js:14630:7)
      at hooks/__tests__/useSettings.test.js:37:23
      at process.env.NODE_ENV.exports.act (node_modules/react/cjs/react.development.js:789:22)
      at renderHook (hooks/__tests__/useSettings.test.js:36:6)
      at Object.renderHook (hooks/__tests__/useSettings.test.js:1019:26)
      at asyncGeneratorStep (node_modules/@babel/runtime/helpers/asyncToGenerator.js:3:17)
      at _next (node_modules/@babel/runtime/helpers/asyncToGenerator.js:17:9)
      at node_modules/@babel/runtime/helpers/asyncToGenerator.js:22:7
      at Object.<anonymous> (node_modules/@babel/runtime/helpers/asyncToGenerator.js:14:12)

    console.error
      The current testing environment is not configured to support act(...)

      27 |
      28 |   const handleDeleteWallet = useCallback(() => {
    > 29 |     setShowDeleteModal(true);
         |     ^
      30 |   }, []);
      31 |
      32 |   const confirmDeleteWallet = useCallback(async () => {

      at isConcurrentActEnvironment (node_modules/react-test-renderer/cjs/react-test-renderer.development.js:10243:17)
      at warnIfUpdatesNotWrappedWithActDEV (node_modules/react-test-renderer/cjs/react-test-renderer.development.js:11798:7)
      at scheduleUpdateOnFiber (node_modules/react-test-renderer/cjs/react-test-renderer.development.js:10326:9)
      at dispatchSetStateInternal (node_modules/react-test-renderer/cjs/react-test-renderer.development.js:4148:13)
      at dispatchSetState (node_modules/react-test-renderer/cjs/react-test-renderer.development.js:4107:7)
      at Object.setShowDeleteModal (hooks/useWalletActions.js:29:5)
      at handleDeleteWallet (hooks/__tests__/useSettings.test.js:1024:24)
      at process.env.NODE_ENV.exports.act (node_modules/react/cjs/react.development.js:789:22)
      at Object.<anonymous> (hooks/__tests__/useSettings.test.js:1023:10)
      at asyncGeneratorStep (node_modules/@babel/runtime/helpers/asyncToGenerator.js:3:17)
      at _next (node_modules/@babel/runtime/helpers/asyncToGenerator.js:17:9)
      at node_modules/@babel/runtime/helpers/asyncToGenerator.js:22:7
      at Object.<anonymous> (node_modules/@babel/runtime/helpers/asyncToGenerator.js:14:12)

    console.error
      The current testing environment is not configured to support act(...)

      31 |
      32 |   const confirmDeleteWallet = useCallback(async () => {
    > 33 |     setShowDeleteModal(false);
         |     ^
      34 |
      35 |     // Require authentication before deleting wallet
      36 |     try {

      at isConcurrentActEnvironment (node_modules/react-test-renderer/cjs/react-test-renderer.development.js:10243:17)
      at warnIfUpdatesNotWrappedWithActDEV (node_modules/react-test-renderer/cjs/react-test-renderer.development.js:11798:7)
      at scheduleUpdateOnFiber (node_modules/react-test-renderer/cjs/react-test-renderer.development.js:10326:9)
      at dispatchSetStateInternal (node_modules/react-test-renderer/cjs/react-test-renderer.development.js:4148:13)
      at dispatchSetState (node_modules/react-test-renderer/cjs/react-test-renderer.development.js:4107:7)
      at Object.setShowDeleteModal (hooks/useWalletActions.js:33:5)
      at asyncGeneratorStep (node_modules/@babel/runtime/helpers/asyncToGenerator.js:3:17)
      at _next (node_modules/@babel/runtime/helpers/asyncToGenerator.js:17:9)
      at node_modules/@babel/runtime/helpers/asyncToGenerator.js:22:7
      at Object.confirmDeleteWallet (node_modules/@babel/runtime/helpers/asyncToGenerator.js:14:12)
      at confirmDeleteWallet (hooks/__tests__/useSettings.test.js:1028:30)
      at asyncGeneratorStep (node_modules/@babel/runtime/helpers/asyncToGenerator.js:3:17)
      at _next (node_modules/@babel/runtime/helpers/asyncToGenerator.js:17:9)
      at node_modules/@babel/runtime/helpers/asyncToGenerator.js:22:7
      at node_modules/@babel/runtime/helpers/asyncToGenerator.js:14:12
      at process.env.NODE_ENV.exports.act (node_modules/react/cjs/react.development.js:789:22)
      at Object.<anonymous> (hooks/__tests__/useSettings.test.js:1027:16)
      at asyncGeneratorStep (node_modules/@babel/runtime/helpers/asyncToGenerator.js:3:17)
      at _next (node_modules/@babel/runtime/helpers/asyncToGenerator.js:17:9)
      at node_modules/@babel/runtime/helpers/asyncToGenerator.js:22:7
      at Object.<anonymous> (node_modules/@babel/runtime/helpers/asyncToGenerator.js:14:12)

    console.error
      react-test-renderer is deprecated. See https://react.dev/warnings/react-test-renderer

      35 |   let component;
      36 |   act(() => {
    > 37 |     component = create(<TestComponent hookProps={initialProps} />);
         |                       ^
      38 |   });
      39 |   return {
      40 |     result,

      at process.env.NODE_ENV.exports.create (node_modules/react-test-renderer/cjs/react-test-renderer.development.js:14598:17)
      at hooks/__tests__/useSettings.test.js:37:23
      at process.env.NODE_ENV.exports.act (node_modules/react/cjs/react.development.js:789:22)
      at renderHook (hooks/__tests__/useSettings.test.js:36:6)
      at Object.renderHook (hooks/__tests__/useSettings.test.js:1039:26)
      at asyncGeneratorStep (node_modules/@babel/runtime/helpers/asyncToGenerator.js:3:17)
      at _next (node_modules/@babel/runtime/helpers/asyncToGenerator.js:17:9)
      at node_modules/@babel/runtime/helpers/asyncToGenerator.js:22:7
      at Object.<anonymous> (node_modules/@babel/runtime/helpers/asyncToGenerator.js:14:12)

    console.error
      The current testing environment is not configured to support act(...)

      35 |   let component;
      36 |   act(() => {
    > 37 |     component = create(<TestComponent hookProps={initialProps} />);
         |                       ^
      38 |   });
      39 |   return {
      40 |     result,

      at isConcurrentActEnvironment (node_modules/react-test-renderer/cjs/react-test-renderer.development.js:10243:17)
      at warnIfUpdatesNotWrappedWithActDEV (node_modules/react-test-renderer/cjs/react-test-renderer.development.js:11798:7)
      at scheduleUpdateOnFiber (node_modules/react-test-renderer/cjs/react-test-renderer.development.js:10326:9)
      at updateContainerImpl (node_modules/react-test-renderer/cjs/react-test-renderer.development.js:12382:10)
      at updateContainer (node_modules/react-test-renderer/cjs/react-test-renderer.development.js:12326:7)
      at process.env.NODE_ENV.exports.create (node_modules/react-test-renderer/cjs/react-test-renderer.development.js:14630:7)
      at hooks/__tests__/useSettings.test.js:37:23
      at process.env.NODE_ENV.exports.act (node_modules/react/cjs/react.development.js:789:22)
      at renderHook (hooks/__tests__/useSettings.test.js:36:6)
      at Object.renderHook (hooks/__tests__/useSettings.test.js:1039:26)
      at asyncGeneratorStep (node_modules/@babel/runtime/helpers/asyncToGenerator.js:3:17)
      at _next (node_modules/@babel/runtime/helpers/asyncToGenerator.js:17:9)
      at node_modules/@babel/runtime/helpers/asyncToGenerator.js:22:7
      at Object.<anonymous> (node_modules/@babel/runtime/helpers/asyncToGenerator.js:14:12)

    console.error
      The current testing environment is not configured to support act(...)

      27 |
      28 |   const handleDeleteWallet = useCallback(() => {
    > 29 |     setShowDeleteModal(true);
         |     ^
      30 |   }, []);
      31 |
      32 |   const confirmDeleteWallet = useCallback(async () => {

      at isConcurrentActEnvironment (node_modules/react-test-renderer/cjs/react-test-renderer.development.js:10243:17)
      at warnIfUpdatesNotWrappedWithActDEV (node_modules/react-test-renderer/cjs/react-test-renderer.development.js:11798:7)
      at scheduleUpdateOnFiber (node_modules/react-test-renderer/cjs/react-test-renderer.development.js:10326:9)
      at dispatchSetStateInternal (node_modules/react-test-renderer/cjs/react-test-renderer.development.js:4148:13)
      at dispatchSetState (node_modules/react-test-renderer/cjs/react-test-renderer.development.js:4107:7)
      at Object.setShowDeleteModal (hooks/useWalletActions.js:29:5)
      at handleDeleteWallet (hooks/__tests__/useSettings.test.js:1044:24)
      at process.env.NODE_ENV.exports.act (node_modules/react/cjs/react.development.js:789:22)
      at Object.<anonymous> (hooks/__tests__/useSettings.test.js:1043:10)
      at asyncGeneratorStep (node_modules/@babel/runtime/helpers/asyncToGenerator.js:3:17)
      at _next (node_modules/@babel/runtime/helpers/asyncToGenerator.js:17:9)
      at node_modules/@babel/runtime/helpers/asyncToGenerator.js:22:7
      at Object.<anonymous> (node_modules/@babel/runtime/helpers/asyncToGenerator.js:14:12)

    console.error
      The current testing environment is not configured to support act(...)

      31 |
      32 |   const confirmDeleteWallet = useCallback(async () => {
    > 33 |     setShowDeleteModal(false);
         |     ^
      34 |
      35 |     // Require authentication before deleting wallet
      36 |     try {

      at isConcurrentActEnvironment (node_modules/react-test-renderer/cjs/react-test-renderer.development.js:10243:17)
      at warnIfUpdatesNotWrappedWithActDEV (node_modules/react-test-renderer/cjs/react-test-renderer.development.js:11798:7)
      at scheduleUpdateOnFiber (node_modules/react-test-renderer/cjs/react-test-renderer.development.js:10326:9)
      at dispatchSetStateInternal (node_modules/react-test-renderer/cjs/react-test-renderer.development.js:4148:13)
      at dispatchSetState (node_modules/react-test-renderer/cjs/react-test-renderer.development.js:4107:7)
      at Object.setShowDeleteModal (hooks/useWalletActions.js:33:5)
      at asyncGeneratorStep (node_modules/@babel/runtime/helpers/asyncToGenerator.js:3:17)
      at _next (node_modules/@babel/runtime/helpers/asyncToGenerator.js:17:9)
      at node_modules/@babel/runtime/helpers/asyncToGenerator.js:22:7
      at Object.confirmDeleteWallet (node_modules/@babel/runtime/helpers/asyncToGenerator.js:14:12)
      at confirmDeleteWallet (hooks/__tests__/useSettings.test.js:1048:30)
      at asyncGeneratorStep (node_modules/@babel/runtime/helpers/asyncToGenerator.js:3:17)
      at _next (node_modules/@babel/runtime/helpers/asyncToGenerator.js:17:9)
      at node_modules/@babel/runtime/helpers/asyncToGenerator.js:22:7
      at node_modules/@babel/runtime/helpers/asyncToGenerator.js:14:12
      at process.env.NODE_ENV.exports.act (node_modules/react/cjs/react.development.js:789:22)
      at Object.<anonymous> (hooks/__tests__/useSettings.test.js:1047:16)
      at asyncGeneratorStep (node_modules/@babel/runtime/helpers/asyncToGenerator.js:3:17)
      at _next (node_modules/@babel/runtime/helpers/asyncToGenerator.js:17:9)
      at node_modules/@babel/runtime/helpers/asyncToGenerator.js:22:7
      at Object.<anonymous> (node_modules/@babel/runtime/helpers/asyncToGenerator.js:14:12)

PASS components/wallet/__tests__/WalletHeader.test.js
PASS components/wallet/__tests__/TotalBalanceSection.test.js
PASS contexts/__tests__/PriceContext.test.js
  ● Console

    console.error
      react-test-renderer is deprecated. See https://react.dev/warnings/react-test-renderer

      20 |   act(() => {
      21 |     component = Wrapper
    > 22 |       ? create(<Wrapper><TestComponent /></Wrapper>)
         |               ^
      23 |       : create(<TestComponent />);
      24 |   });
      25 |

      at process.env.NODE_ENV.exports.create (node_modules/react-test-renderer/cjs/react-test-renderer.development.js:14598:17)
      at contexts/__tests__/PriceContext.test.js:22:15
      at process.env.NODE_ENV.exports.act (node_modules/react/cjs/react.development.js:789:22)
      at renderHook (contexts/__tests__/PriceContext.test.js:20:6)
      at Object.renderHook (contexts/__tests__/PriceContext.test.js:57:24)
      at asyncGeneratorStep (node_modules/@babel/runtime/helpers/asyncToGenerator.js:3:17)
      at _next (node_modules/@babel/runtime/helpers/asyncToGenerator.js:17:9)
      at node_modules/@babel/runtime/helpers/asyncToGenerator.js:22:7
      at Object.<anonymous> (node_modules/@babel/runtime/helpers/asyncToGenerator.js:14:12)

    console.error
      The current testing environment is not configured to support act(...)

      20 |   act(() => {
      21 |     component = Wrapper
    > 22 |       ? create(<Wrapper><TestComponent /></Wrapper>)
         |               ^
      23 |       : create(<TestComponent />);
      24 |   });
      25 |

      at isConcurrentActEnvironment (node_modules/react-test-renderer/cjs/react-test-renderer.development.js:10243:17)
      at warnIfUpdatesNotWrappedWithActDEV (node_modules/react-test-renderer/cjs/react-test-renderer.development.js:11798:7)
      at scheduleUpdateOnFiber (node_modules/react-test-renderer/cjs/react-test-renderer.development.js:10326:9)
      at updateContainerImpl (node_modules/react-test-renderer/cjs/react-test-renderer.development.js:12382:10)
      at updateContainer (node_modules/react-test-renderer/cjs/react-test-renderer.development.js:12326:7)
      at process.env.NODE_ENV.exports.create (node_modules/react-test-renderer/cjs/react-test-renderer.development.js:14630:7)
      at contexts/__tests__/PriceContext.test.js:22:15
      at process.env.NODE_ENV.exports.act (node_modules/react/cjs/react.development.js:789:22)
      at renderHook (contexts/__tests__/PriceContext.test.js:20:6)
      at Object.renderHook (contexts/__tests__/PriceContext.test.js:57:24)
      at asyncGeneratorStep (node_modules/@babel/runtime/helpers/asyncToGenerator.js:3:17)
      at _next (node_modules/@babel/runtime/helpers/asyncToGenerator.js:17:9)
      at node_modules/@babel/runtime/helpers/asyncToGenerator.js:22:7
      at Object.<anonymous> (node_modules/@babel/runtime/helpers/asyncToGenerator.js:14:12)

    console.error
      The current testing environment is not configured to support act(...)

      22 |   const fetchBtcPrice = useCallback(async () => {
      23 |     try {
    > 24 |       setLoadingBtcPrice(true);
         |       ^
      25 |       const price = await fetchBtcPriceService();
      26 |       setBtcPrice(price);
      27 |     } catch (error) {

      at isConcurrentActEnvironment (node_modules/react-test-renderer/cjs/react-test-renderer.development.js:10243:17)
      at warnIfUpdatesNotWrappedWithActDEV (node_modules/react-test-renderer/cjs/react-test-renderer.development.js:11798:7)
      at scheduleUpdateOnFiber (node_modules/react-test-renderer/cjs/react-test-renderer.development.js:10326:9)
      at dispatchSetStateInternal (node_modules/react-test-renderer/cjs/react-test-renderer.development.js:4148:13)
      at dispatchSetState (node_modules/react-test-renderer/cjs/react-test-renderer.development.js:4107:7)
      at setLoadingBtcPrice (contexts/PriceContext.js:24:7)
      at asyncGeneratorStep (node_modules/@babel/runtime/helpers/asyncToGenerator.js:3:17)
      at _next (node_modules/@babel/runtime/helpers/asyncToGenerator.js:17:9)
      at node_modules/@babel/runtime/helpers/asyncToGenerator.js:22:7
      at node_modules/@babel/runtime/helpers/asyncToGenerator.js:14:12
      at fetchBtcPrice (contexts/PriceContext.js:36:5)
      at Object.react-stack-bottom-frame (node_modules/react-test-renderer/cjs/react-test-renderer.development.js:14062:20)
      at runWithFiberInDEV (node_modules/react-test-renderer/cjs/react-test-renderer.development.js:1574:13)
      at commitHookEffectListMount (node_modules/react-test-renderer/cjs/react-test-renderer.development.js:8376:29)
      at commitHookPassiveMountEffects (node_modules/react-test-renderer/cjs/react-test-renderer.development.js:8465:11)
      at commitPassiveMountOnFiber (node_modules/react-test-renderer/cjs/react-test-renderer.development.js:9782:13)
      at recursivelyTraversePassiveMountEffects (node_modules/react-test-renderer/cjs/react-test-renderer.development.js:9756:11)
      at commitPassiveMountOnFiber (node_modules/react-test-renderer/cjs/react-test-renderer.development.js:9775:11)
      at recursivelyTraversePassiveMountEffects (node_modules/react-test-renderer/cjs/react-test-renderer.development.js:9756:11)
      at commitPassiveMountOnFiber (node_modules/react-test-renderer/cjs/react-test-renderer.development.js:9794:11)
      at flushPendingEffects (node_modules/react-test-renderer/cjs/react-test-renderer.development.js:11528:11)
      at performWorkOnRootViaSchedulerTask (node_modules/react-test-renderer/cjs/react-test-renderer.development.js:2082:11)
      at flushActQueue (node_modules/react/cjs/react.development.js:566:34)
      at process.env.NODE_ENV.exports.act (node_modules/react/cjs/react.development.js:859:10)
      at renderHook (contexts/__tests__/PriceContext.test.js:20:6)
      at Object.renderHook (contexts/__tests__/PriceContext.test.js:57:24)
      at asyncGeneratorStep (node_modules/@babel/runtime/helpers/asyncToGenerator.js:3:17)
      at _next (node_modules/@babel/runtime/helpers/asyncToGenerator.js:17:9)
      at node_modules/@babel/runtime/helpers/asyncToGenerator.js:22:7
      at Object.<anonymous> (node_modules/@babel/runtime/helpers/asyncToGenerator.js:14:12)

    console.error
      The current testing environment is not configured to support act(...)

      24 |       setLoadingBtcPrice(true);
      25 |       const price = await fetchBtcPriceService();
    > 26 |       setBtcPrice(price);
         |       ^
      27 |     } catch (error) {
      28 |       setBtcPrice(null);
      29 |     } finally {

      at isConcurrentActEnvironment (node_modules/react-test-renderer/cjs/react-test-renderer.development.js:10243:17)
      at warnIfUpdatesNotWrappedWithActDEV (node_modules/react-test-renderer/cjs/react-test-renderer.development.js:11798:7)
      at scheduleUpdateOnFiber (node_modules/react-test-renderer/cjs/react-test-renderer.development.js:10326:9)
      at dispatchSetStateInternal (node_modules/react-test-renderer/cjs/react-test-renderer.development.js:4148:13)
      at dispatchSetState (node_modules/react-test-renderer/cjs/react-test-renderer.development.js:4107:7)
      at setBtcPrice (contexts/PriceContext.js:26:7)
      at asyncGeneratorStep (node_modules/@babel/runtime/helpers/asyncToGenerator.js:3:17)
      at _next (node_modules/@babel/runtime/helpers/asyncToGenerator.js:17:9)

    console.error
      The current testing environment is not configured to support act(...)

      28 |       setBtcPrice(null);
      29 |     } finally {
    > 30 |       setLoadingBtcPrice(false);
         |       ^
      31 |     }
      32 |   }, []);
      33 |

      at isConcurrentActEnvironment (node_modules/react-test-renderer/cjs/react-test-renderer.development.js:10243:17)
      at warnIfUpdatesNotWrappedWithActDEV (node_modules/react-test-renderer/cjs/react-test-renderer.development.js:11798:7)
      at scheduleUpdateOnFiber (node_modules/react-test-renderer/cjs/react-test-renderer.development.js:10326:9)
      at dispatchSetStateInternal (node_modules/react-test-renderer/cjs/react-test-renderer.development.js:4148:13)
      at dispatchSetState (node_modules/react-test-renderer/cjs/react-test-renderer.development.js:4107:7)
      at setLoadingBtcPrice (contexts/PriceContext.js:30:7)
      at asyncGeneratorStep (node_modules/@babel/runtime/helpers/asyncToGenerator.js:3:17)
      at _next (node_modules/@babel/runtime/helpers/asyncToGenerator.js:17:9)

    console.error
      react-test-renderer is deprecated. See https://react.dev/warnings/react-test-renderer

      20 |   act(() => {
      21 |     component = Wrapper
    > 22 |       ? create(<Wrapper><TestComponent /></Wrapper>)
         |               ^
      23 |       : create(<TestComponent />);
      24 |   });
      25 |

      at process.env.NODE_ENV.exports.create (node_modules/react-test-renderer/cjs/react-test-renderer.development.js:14598:17)
      at contexts/__tests__/PriceContext.test.js:22:15
      at process.env.NODE_ENV.exports.act (node_modules/react/cjs/react.development.js:789:22)
      at renderHook (contexts/__tests__/PriceContext.test.js:20:6)
      at Object.renderHook (contexts/__tests__/PriceContext.test.js:73:24)
      at asyncGeneratorStep (node_modules/@babel/runtime/helpers/asyncToGenerator.js:3:17)
      at _next (node_modules/@babel/runtime/helpers/asyncToGenerator.js:17:9)
      at node_modules/@babel/runtime/helpers/asyncToGenerator.js:22:7
      at Object.<anonymous> (node_modules/@babel/runtime/helpers/asyncToGenerator.js:14:12)

    console.error
      The current testing environment is not configured to support act(...)

      20 |   act(() => {
      21 |     component = Wrapper
    > 22 |       ? create(<Wrapper><TestComponent /></Wrapper>)
         |               ^
      23 |       : create(<TestComponent />);
      24 |   });
      25 |

      at isConcurrentActEnvironment (node_modules/react-test-renderer/cjs/react-test-renderer.development.js:10243:17)
      at warnIfUpdatesNotWrappedWithActDEV (node_modules/react-test-renderer/cjs/react-test-renderer.development.js:11798:7)
      at scheduleUpdateOnFiber (node_modules/react-test-renderer/cjs/react-test-renderer.development.js:10326:9)
      at updateContainerImpl (node_modules/react-test-renderer/cjs/react-test-renderer.development.js:12382:10)
      at updateContainer (node_modules/react-test-renderer/cjs/react-test-renderer.development.js:12326:7)
      at process.env.NODE_ENV.exports.create (node_modules/react-test-renderer/cjs/react-test-renderer.development.js:14630:7)
      at contexts/__tests__/PriceContext.test.js:22:15
      at process.env.NODE_ENV.exports.act (node_modules/react/cjs/react.development.js:789:22)
      at renderHook (contexts/__tests__/PriceContext.test.js:20:6)
      at Object.renderHook (contexts/__tests__/PriceContext.test.js:73:24)
      at asyncGeneratorStep (node_modules/@babel/runtime/helpers/asyncToGenerator.js:3:17)
      at _next (node_modules/@babel/runtime/helpers/asyncToGenerator.js:17:9)
      at node_modules/@babel/runtime/helpers/asyncToGenerator.js:22:7
      at Object.<anonymous> (node_modules/@babel/runtime/helpers/asyncToGenerator.js:14:12)

    console.error
      The current testing environment is not configured to support act(...)

      22 |   const fetchBtcPrice = useCallback(async () => {
      23 |     try {
    > 24 |       setLoadingBtcPrice(true);
         |       ^
      25 |       const price = await fetchBtcPriceService();
      26 |       setBtcPrice(price);
      27 |     } catch (error) {

      at isConcurrentActEnvironment (node_modules/react-test-renderer/cjs/react-test-renderer.development.js:10243:17)
      at warnIfUpdatesNotWrappedWithActDEV (node_modules/react-test-renderer/cjs/react-test-renderer.development.js:11798:7)
      at scheduleUpdateOnFiber (node_modules/react-test-renderer/cjs/react-test-renderer.development.js:10326:9)
      at dispatchSetStateInternal (node_modules/react-test-renderer/cjs/react-test-renderer.development.js:4148:13)
      at dispatchSetState (node_modules/react-test-renderer/cjs/react-test-renderer.development.js:4107:7)
      at setLoadingBtcPrice (contexts/PriceContext.js:24:7)
      at asyncGeneratorStep (node_modules/@babel/runtime/helpers/asyncToGenerator.js:3:17)
      at _next (node_modules/@babel/runtime/helpers/asyncToGenerator.js:17:9)
      at node_modules/@babel/runtime/helpers/asyncToGenerator.js:22:7
      at node_modules/@babel/runtime/helpers/asyncToGenerator.js:14:12
      at fetchBtcPrice (contexts/PriceContext.js:36:5)
      at Object.react-stack-bottom-frame (node_modules/react-test-renderer/cjs/react-test-renderer.development.js:14062:20)
      at runWithFiberInDEV (node_modules/react-test-renderer/cjs/react-test-renderer.development.js:1574:13)
      at commitHookEffectListMount (node_modules/react-test-renderer/cjs/react-test-renderer.development.js:8376:29)
      at commitHookPassiveMountEffects (node_modules/react-test-renderer/cjs/react-test-renderer.development.js:8465:11)
      at commitPassiveMountOnFiber (node_modules/react-test-renderer/cjs/react-test-renderer.development.js:9782:13)
      at recursivelyTraversePassiveMountEffects (node_modules/react-test-renderer/cjs/react-test-renderer.development.js:9756:11)
      at commitPassiveMountOnFiber (node_modules/react-test-renderer/cjs/react-test-renderer.development.js:9775:11)
      at recursivelyTraversePassiveMountEffects (node_modules/react-test-renderer/cjs/react-test-renderer.development.js:9756:11)
      at commitPassiveMountOnFiber (node_modules/react-test-renderer/cjs/react-test-renderer.development.js:9794:11)
      at flushPendingEffects (node_modules/react-test-renderer/cjs/react-test-renderer.development.js:11528:11)
      at performWorkOnRootViaSchedulerTask (node_modules/react-test-renderer/cjs/react-test-renderer.development.js:2082:11)
      at flushActQueue (node_modules/react/cjs/react.development.js:566:34)
      at process.env.NODE_ENV.exports.act (node_modules/react/cjs/react.development.js:859:10)
      at renderHook (contexts/__tests__/PriceContext.test.js:20:6)
      at Object.renderHook (contexts/__tests__/PriceContext.test.js:73:24)
      at asyncGeneratorStep (node_modules/@babel/runtime/helpers/asyncToGenerator.js:3:17)
      at _next (node_modules/@babel/runtime/helpers/asyncToGenerator.js:17:9)
      at node_modules/@babel/runtime/helpers/asyncToGenerator.js:22:7
      at Object.<anonymous> (node_modules/@babel/runtime/helpers/asyncToGenerator.js:14:12)

    console.error
      The current testing environment is not configured to support act(...)

      24 |       setLoadingBtcPrice(true);
      25 |       const price = await fetchBtcPriceService();
    > 26 |       setBtcPrice(price);
         |       ^
      27 |     } catch (error) {
      28 |       setBtcPrice(null);
      29 |     } finally {

      at isConcurrentActEnvironment (node_modules/react-test-renderer/cjs/react-test-renderer.development.js:10243:17)
      at warnIfUpdatesNotWrappedWithActDEV (node_modules/react-test-renderer/cjs/react-test-renderer.development.js:11798:7)
      at scheduleUpdateOnFiber (node_modules/react-test-renderer/cjs/react-test-renderer.development.js:10326:9)
      at dispatchSetStateInternal (node_modules/react-test-renderer/cjs/react-test-renderer.development.js:4148:13)
      at dispatchSetState (node_modules/react-test-renderer/cjs/react-test-renderer.development.js:4107:7)
      at setBtcPrice (contexts/PriceContext.js:26:7)
      at asyncGeneratorStep (node_modules/@babel/runtime/helpers/asyncToGenerator.js:3:17)
      at _next (node_modules/@babel/runtime/helpers/asyncToGenerator.js:17:9)

    console.error
      The current testing environment is not configured to support act(...)

      28 |       setBtcPrice(null);
      29 |     } finally {
    > 30 |       setLoadingBtcPrice(false);
         |       ^
      31 |     }
      32 |   }, []);
      33 |

      at isConcurrentActEnvironment (node_modules/react-test-renderer/cjs/react-test-renderer.development.js:10243:17)
      at warnIfUpdatesNotWrappedWithActDEV (node_modules/react-test-renderer/cjs/react-test-renderer.development.js:11798:7)
      at scheduleUpdateOnFiber (node_modules/react-test-renderer/cjs/react-test-renderer.development.js:10326:9)
      at dispatchSetStateInternal (node_modules/react-test-renderer/cjs/react-test-renderer.development.js:4148:13)
      at dispatchSetState (node_modules/react-test-renderer/cjs/react-test-renderer.development.js:4107:7)
      at setLoadingBtcPrice (contexts/PriceContext.js:30:7)
      at asyncGeneratorStep (node_modules/@babel/runtime/helpers/asyncToGenerator.js:3:17)
      at _next (node_modules/@babel/runtime/helpers/asyncToGenerator.js:17:9)

    console.error
      react-test-renderer is deprecated. See https://react.dev/warnings/react-test-renderer

      20 |   act(() => {
      21 |     component = Wrapper
    > 22 |       ? create(<Wrapper><TestComponent /></Wrapper>)
         |               ^
      23 |       : create(<TestComponent />);
      24 |   });
      25 |

      at process.env.NODE_ENV.exports.create (node_modules/react-test-renderer/cjs/react-test-renderer.development.js:14598:17)
      at contexts/__tests__/PriceContext.test.js:22:15
      at process.env.NODE_ENV.exports.act (node_modules/react/cjs/react.development.js:789:22)
      at renderHook (contexts/__tests__/PriceContext.test.js:20:6)
      at Object.renderHook (contexts/__tests__/PriceContext.test.js:90:5)
      at asyncGeneratorStep (node_modules/@babel/runtime/helpers/asyncToGenerator.js:3:17)
      at _next (node_modules/@babel/runtime/helpers/asyncToGenerator.js:17:9)
      at node_modules/@babel/runtime/helpers/asyncToGenerator.js:22:7
      at Object.<anonymous> (node_modules/@babel/runtime/helpers/asyncToGenerator.js:14:12)

    console.error
      The current testing environment is not configured to support act(...)

      20 |   act(() => {
      21 |     component = Wrapper
    > 22 |       ? create(<Wrapper><TestComponent /></Wrapper>)
         |               ^
      23 |       : create(<TestComponent />);
      24 |   });
      25 |

      at isConcurrentActEnvironment (node_modules/react-test-renderer/cjs/react-test-renderer.development.js:10243:17)
      at warnIfUpdatesNotWrappedWithActDEV (node_modules/react-test-renderer/cjs/react-test-renderer.development.js:11798:7)
      at scheduleUpdateOnFiber (node_modules/react-test-renderer/cjs/react-test-renderer.development.js:10326:9)
      at updateContainerImpl (node_modules/react-test-renderer/cjs/react-test-renderer.development.js:12382:10)
      at updateContainer (node_modules/react-test-renderer/cjs/react-test-renderer.development.js:12326:7)
      at process.env.NODE_ENV.exports.create (node_modules/react-test-renderer/cjs/react-test-renderer.development.js:14630:7)
      at contexts/__tests__/PriceContext.test.js:22:15
      at process.env.NODE_ENV.exports.act (node_modules/react/cjs/react.development.js:789:22)
      at renderHook (contexts/__tests__/PriceContext.test.js:20:6)
      at Object.renderHook (contexts/__tests__/PriceContext.test.js:90:5)
      at asyncGeneratorStep (node_modules/@babel/runtime/helpers/asyncToGenerator.js:3:17)
      at _next (node_modules/@babel/runtime/helpers/asyncToGenerator.js:17:9)
      at node_modules/@babel/runtime/helpers/asyncToGenerator.js:22:7
      at Object.<anonymous> (node_modules/@babel/runtime/helpers/asyncToGenerator.js:14:12)

    console.error
      The current testing environment is not configured to support act(...)

      22 |   const fetchBtcPrice = useCallback(async () => {
      23 |     try {
    > 24 |       setLoadingBtcPrice(true);
         |       ^
      25 |       const price = await fetchBtcPriceService();
      26 |       setBtcPrice(price);
      27 |     } catch (error) {

      at isConcurrentActEnvironment (node_modules/react-test-renderer/cjs/react-test-renderer.development.js:10243:17)
      at warnIfUpdatesNotWrappedWithActDEV (node_modules/react-test-renderer/cjs/react-test-renderer.development.js:11798:7)
      at scheduleUpdateOnFiber (node_modules/react-test-renderer/cjs/react-test-renderer.development.js:10326:9)
      at dispatchSetStateInternal (node_modules/react-test-renderer/cjs/react-test-renderer.development.js:4148:13)
      at dispatchSetState (node_modules/react-test-renderer/cjs/react-test-renderer.development.js:4107:7)
      at setLoadingBtcPrice (contexts/PriceContext.js:24:7)
      at asyncGeneratorStep (node_modules/@babel/runtime/helpers/asyncToGenerator.js:3:17)
      at _next (node_modules/@babel/runtime/helpers/asyncToGenerator.js:17:9)
      at node_modules/@babel/runtime/helpers/asyncToGenerator.js:22:7
      at node_modules/@babel/runtime/helpers/asyncToGenerator.js:14:12
      at fetchBtcPrice (contexts/PriceContext.js:36:5)
      at Object.react-stack-bottom-frame (node_modules/react-test-renderer/cjs/react-test-renderer.development.js:14062:20)
      at runWithFiberInDEV (node_modules/react-test-renderer/cjs/react-test-renderer.development.js:1574:13)
      at commitHookEffectListMount (node_modules/react-test-renderer/cjs/react-test-renderer.development.js:8376:29)
      at commitHookPassiveMountEffects (node_modules/react-test-renderer/cjs/react-test-renderer.development.js:8465:11)
      at commitPassiveMountOnFiber (node_modules/react-test-renderer/cjs/react-test-renderer.development.js:9782:13)
      at recursivelyTraversePassiveMountEffects (node_modules/react-test-renderer/cjs/react-test-renderer.development.js:9756:11)
      at commitPassiveMountOnFiber (node_modules/react-test-renderer/cjs/react-test-renderer.development.js:9775:11)
      at recursivelyTraversePassiveMountEffects (node_modules/react-test-renderer/cjs/react-test-renderer.development.js:9756:11)
      at commitPassiveMountOnFiber (node_modules/react-test-renderer/cjs/react-test-renderer.development.js:9794:11)
      at flushPendingEffects (node_modules/react-test-renderer/cjs/react-test-renderer.development.js:11528:11)
      at performWorkOnRootViaSchedulerTask (node_modules/react-test-renderer/cjs/react-test-renderer.development.js:2082:11)
      at flushActQueue (node_modules/react/cjs/react.development.js:566:34)
      at process.env.NODE_ENV.exports.act (node_modules/react/cjs/react.development.js:859:10)
      at renderHook (contexts/__tests__/PriceContext.test.js:20:6)
      at Object.renderHook (contexts/__tests__/PriceContext.test.js:90:5)
      at asyncGeneratorStep (node_modules/@babel/runtime/helpers/asyncToGenerator.js:3:17)
      at _next (node_modules/@babel/runtime/helpers/asyncToGenerator.js:17:9)
      at node_modules/@babel/runtime/helpers/asyncToGenerator.js:22:7
      at Object.<anonymous> (node_modules/@babel/runtime/helpers/asyncToGenerator.js:14:12)

    console.error
      The current testing environment is not configured to support act(...)

      24 |       setLoadingBtcPrice(true);
      25 |       const price = await fetchBtcPriceService();
    > 26 |       setBtcPrice(price);
         |       ^
      27 |     } catch (error) {
      28 |       setBtcPrice(null);
      29 |     } finally {

      at isConcurrentActEnvironment (node_modules/react-test-renderer/cjs/react-test-renderer.development.js:10243:17)
      at warnIfUpdatesNotWrappedWithActDEV (node_modules/react-test-renderer/cjs/react-test-renderer.development.js:11798:7)
      at scheduleUpdateOnFiber (node_modules/react-test-renderer/cjs/react-test-renderer.development.js:10326:9)
      at dispatchSetStateInternal (node_modules/react-test-renderer/cjs/react-test-renderer.development.js:4148:13)
      at dispatchSetState (node_modules/react-test-renderer/cjs/react-test-renderer.development.js:4107:7)
      at setBtcPrice (contexts/PriceContext.js:26:7)
      at asyncGeneratorStep (node_modules/@babel/runtime/helpers/asyncToGenerator.js:3:17)
      at _next (node_modules/@babel/runtime/helpers/asyncToGenerator.js:17:9)

    console.error
      The current testing environment is not configured to support act(...)

      28 |       setBtcPrice(null);
      29 |     } finally {
    > 30 |       setLoadingBtcPrice(false);
         |       ^
      31 |     }
      32 |   }, []);
      33 |

      at isConcurrentActEnvironment (node_modules/react-test-renderer/cjs/react-test-renderer.development.js:10243:17)
      at warnIfUpdatesNotWrappedWithActDEV (node_modules/react-test-renderer/cjs/react-test-renderer.development.js:11798:7)
      at scheduleUpdateOnFiber (node_modules/react-test-renderer/cjs/react-test-renderer.development.js:10326:9)
      at dispatchSetStateInternal (node_modules/react-test-renderer/cjs/react-test-renderer.development.js:4148:13)
      at dispatchSetState (node_modules/react-test-renderer/cjs/react-test-renderer.development.js:4107:7)
      at setLoadingBtcPrice (contexts/PriceContext.js:30:7)
      at asyncGeneratorStep (node_modules/@babel/runtime/helpers/asyncToGenerator.js:3:17)
      at _next (node_modules/@babel/runtime/helpers/asyncToGenerator.js:17:9)

    console.error
      The current testing environment is not configured to support act(...)

      22 |   const fetchBtcPrice = useCallback(async () => {
      23 |     try {
    > 24 |       setLoadingBtcPrice(true);
         |       ^
      25 |       const price = await fetchBtcPriceService();
      26 |       setBtcPrice(price);
      27 |     } catch (error) {

      at isConcurrentActEnvironment (node_modules/react-test-renderer/cjs/react-test-renderer.development.js:10243:17)
      at warnIfUpdatesNotWrappedWithActDEV (node_modules/react-test-renderer/cjs/react-test-renderer.development.js:11798:7)
      at scheduleUpdateOnFiber (node_modules/react-test-renderer/cjs/react-test-renderer.development.js:10326:9)
      at dispatchSetStateInternal (node_modules/react-test-renderer/cjs/react-test-renderer.development.js:4148:13)
      at dispatchSetState (node_modules/react-test-renderer/cjs/react-test-renderer.development.js:4107:7)
      at setLoadingBtcPrice (contexts/PriceContext.js:24:7)
      at asyncGeneratorStep (node_modules/@babel/runtime/helpers/asyncToGenerator.js:3:17)
      at _next (node_modules/@babel/runtime/helpers/asyncToGenerator.js:17:9)
      at node_modules/@babel/runtime/helpers/asyncToGenerator.js:22:7
      at node_modules/@babel/runtime/helpers/asyncToGenerator.js:14:12
      at fetchBtcPrice (contexts/PriceContext.js:38:7)
      at callTimer (node_modules/@sinonjs/fake-timers/src/fake-timers-src.js:806:24)
      at doTickInner (node_modules/@sinonjs/fake-timers/src/fake-timers-src.js:1413:29)
      at doTick (node_modules/@sinonjs/fake-timers/src/fake-timers-src.js:1494:20)
      at Object.tick (node_modules/@sinonjs/fake-timers/src/fake-timers-src.js:1502:20)
      at FakeTimers.advanceTimersByTime (node_modules/@jest/fake-timers/build/index.js:576:19)
      at advanceTimersByTime (contexts/__tests__/PriceContext.test.js:101:12)
      at asyncGeneratorStep (node_modules/@babel/runtime/helpers/asyncToGenerator.js:3:17)
      at _next (node_modules/@babel/runtime/helpers/asyncToGenerator.js:17:9)
      at node_modules/@babel/runtime/helpers/asyncToGenerator.js:22:7
      at node_modules/@babel/runtime/helpers/asyncToGenerator.js:14:12
      at process.env.NODE_ENV.exports.act (node_modules/react/cjs/react.development.js:789:22)
      at Object.<anonymous> (contexts/__tests__/PriceContext.test.js:100:14)
      at asyncGeneratorStep (node_modules/@babel/runtime/helpers/asyncToGenerator.js:3:17)
      at _next (node_modules/@babel/runtime/helpers/asyncToGenerator.js:17:9)

    console.error
      The current testing environment is not configured to support act(...)

      24 |       setLoadingBtcPrice(true);
      25 |       const price = await fetchBtcPriceService();
    > 26 |       setBtcPrice(price);
         |       ^
      27 |     } catch (error) {
      28 |       setBtcPrice(null);
      29 |     } finally {

      at isConcurrentActEnvironment (node_modules/react-test-renderer/cjs/react-test-renderer.development.js:10243:17)
      at warnIfUpdatesNotWrappedWithActDEV (node_modules/react-test-renderer/cjs/react-test-renderer.development.js:11798:7)
      at scheduleUpdateOnFiber (node_modules/react-test-renderer/cjs/react-test-renderer.development.js:10326:9)
      at dispatchSetStateInternal (node_modules/react-test-renderer/cjs/react-test-renderer.development.js:4148:13)
      at dispatchSetState (node_modules/react-test-renderer/cjs/react-test-renderer.development.js:4107:7)
      at setBtcPrice (contexts/PriceContext.js:26:7)
      at asyncGeneratorStep (node_modules/@babel/runtime/helpers/asyncToGenerator.js:3:17)
      at _next (node_modules/@babel/runtime/helpers/asyncToGenerator.js:17:9)

    console.error
      The current testing environment is not configured to support act(...)

      28 |       setBtcPrice(null);
      29 |     } finally {
    > 30 |       setLoadingBtcPrice(false);
         |       ^
      31 |     }
      32 |   }, []);
      33 |

      at isConcurrentActEnvironment (node_modules/react-test-renderer/cjs/react-test-renderer.development.js:10243:17)
      at warnIfUpdatesNotWrappedWithActDEV (node_modules/react-test-renderer/cjs/react-test-renderer.development.js:11798:7)
      at scheduleUpdateOnFiber (node_modules/react-test-renderer/cjs/react-test-renderer.development.js:10326:9)
      at dispatchSetStateInternal (node_modules/react-test-renderer/cjs/react-test-renderer.development.js:4148:13)
      at dispatchSetState (node_modules/react-test-renderer/cjs/react-test-renderer.development.js:4107:7)
      at setLoadingBtcPrice (contexts/PriceContext.js:30:7)
      at asyncGeneratorStep (node_modules/@babel/runtime/helpers/asyncToGenerator.js:3:17)
      at _next (node_modules/@babel/runtime/helpers/asyncToGenerator.js:17:9)

    console.error
      The current testing environment is not configured to support act(...)

      22 |   const fetchBtcPrice = useCallback(async () => {
      23 |     try {
    > 24 |       setLoadingBtcPrice(true);
         |       ^
      25 |       const price = await fetchBtcPriceService();
      26 |       setBtcPrice(price);
      27 |     } catch (error) {

      at isConcurrentActEnvironment (node_modules/react-test-renderer/cjs/react-test-renderer.development.js:10243:17)
      at warnIfUpdatesNotWrappedWithActDEV (node_modules/react-test-renderer/cjs/react-test-renderer.development.js:11798:7)
      at scheduleUpdateOnFiber (node_modules/react-test-renderer/cjs/react-test-renderer.development.js:10326:9)
      at dispatchSetStateInternal (node_modules/react-test-renderer/cjs/react-test-renderer.development.js:4148:13)
      at dispatchSetState (node_modules/react-test-renderer/cjs/react-test-renderer.development.js:4107:7)
      at setLoadingBtcPrice (contexts/PriceContext.js:24:7)
      at asyncGeneratorStep (node_modules/@babel/runtime/helpers/asyncToGenerator.js:3:17)
      at _next (node_modules/@babel/runtime/helpers/asyncToGenerator.js:17:9)
      at node_modules/@babel/runtime/helpers/asyncToGenerator.js:22:7
      at node_modules/@babel/runtime/helpers/asyncToGenerator.js:14:12
      at fetchBtcPrice (contexts/PriceContext.js:38:7)
      at callTimer (node_modules/@sinonjs/fake-timers/src/fake-timers-src.js:806:24)
      at doTickInner (node_modules/@sinonjs/fake-timers/src/fake-timers-src.js:1413:29)
      at doTick (node_modules/@sinonjs/fake-timers/src/fake-timers-src.js:1494:20)
      at Object.tick (node_modules/@sinonjs/fake-timers/src/fake-timers-src.js:1502:20)
      at FakeTimers.advanceTimersByTime (node_modules/@jest/fake-timers/build/index.js:576:19)
      at advanceTimersByTime (contexts/__tests__/PriceContext.test.js:109:12)
      at asyncGeneratorStep (node_modules/@babel/runtime/helpers/asyncToGenerator.js:3:17)
      at _next (node_modules/@babel/runtime/helpers/asyncToGenerator.js:17:9)
      at node_modules/@babel/runtime/helpers/asyncToGenerator.js:22:7
      at node_modules/@babel/runtime/helpers/asyncToGenerator.js:14:12
      at process.env.NODE_ENV.exports.act (node_modules/react/cjs/react.development.js:789:22)
      at Object.<anonymous> (contexts/__tests__/PriceContext.test.js:108:14)
      at asyncGeneratorStep (node_modules/@babel/runtime/helpers/asyncToGenerator.js:3:17)
      at _next (node_modules/@babel/runtime/helpers/asyncToGenerator.js:17:9)

    console.error
      The current testing environment is not configured to support act(...)

      24 |       setLoadingBtcPrice(true);
      25 |       const price = await fetchBtcPriceService();
    > 26 |       setBtcPrice(price);
         |       ^
      27 |     } catch (error) {
      28 |       setBtcPrice(null);
      29 |     } finally {

      at isConcurrentActEnvironment (node_modules/react-test-renderer/cjs/react-test-renderer.development.js:10243:17)
      at warnIfUpdatesNotWrappedWithActDEV (node_modules/react-test-renderer/cjs/react-test-renderer.development.js:11798:7)
      at scheduleUpdateOnFiber (node_modules/react-test-renderer/cjs/react-test-renderer.development.js:10326:9)
      at dispatchSetStateInternal (node_modules/react-test-renderer/cjs/react-test-renderer.development.js:4148:13)
      at dispatchSetState (node_modules/react-test-renderer/cjs/react-test-renderer.development.js:4107:7)
      at setBtcPrice (contexts/PriceContext.js:26:7)
      at asyncGeneratorStep (node_modules/@babel/runtime/helpers/asyncToGenerator.js:3:17)
      at _next (node_modules/@babel/runtime/helpers/asyncToGenerator.js:17:9)

    console.error
      The current testing environment is not configured to support act(...)

      28 |       setBtcPrice(null);
      29 |     } finally {
    > 30 |       setLoadingBtcPrice(false);
         |       ^
      31 |     }
      32 |   }, []);
      33 |

      at isConcurrentActEnvironment (node_modules/react-test-renderer/cjs/react-test-renderer.development.js:10243:17)
      at warnIfUpdatesNotWrappedWithActDEV (node_modules/react-test-renderer/cjs/react-test-renderer.development.js:11798:7)
      at scheduleUpdateOnFiber (node_modules/react-test-renderer/cjs/react-test-renderer.development.js:10326:9)
      at dispatchSetStateInternal (node_modules/react-test-renderer/cjs/react-test-renderer.development.js:4148:13)
      at dispatchSetState (node_modules/react-test-renderer/cjs/react-test-renderer.development.js:4107:7)
      at setLoadingBtcPrice (contexts/PriceContext.js:30:7)
      at asyncGeneratorStep (node_modules/@babel/runtime/helpers/asyncToGenerator.js:3:17)
      at _next (node_modules/@babel/runtime/helpers/asyncToGenerator.js:17:9)

    console.error
      react-test-renderer is deprecated. See https://react.dev/warnings/react-test-renderer

      20 |   act(() => {
      21 |     component = Wrapper
    > 22 |       ? create(<Wrapper><TestComponent /></Wrapper>)
         |               ^
      23 |       : create(<TestComponent />);
      24 |   });
      25 |

      at process.env.NODE_ENV.exports.create (node_modules/react-test-renderer/cjs/react-test-renderer.development.js:14598:17)
      at contexts/__tests__/PriceContext.test.js:22:15
      at process.env.NODE_ENV.exports.act (node_modules/react/cjs/react.development.js:789:22)
      at renderHook (contexts/__tests__/PriceContext.test.js:20:6)
      at Object.renderHook (contexts/__tests__/PriceContext.test.js:120:24)
      at asyncGeneratorStep (node_modules/@babel/runtime/helpers/asyncToGenerator.js:3:17)
      at _next (node_modules/@babel/runtime/helpers/asyncToGenerator.js:17:9)
      at node_modules/@babel/runtime/helpers/asyncToGenerator.js:22:7
      at Object.<anonymous> (node_modules/@babel/runtime/helpers/asyncToGenerator.js:14:12)

    console.error
      The current testing environment is not configured to support act(...)

      20 |   act(() => {
      21 |     component = Wrapper
    > 22 |       ? create(<Wrapper><TestComponent /></Wrapper>)
         |               ^
      23 |       : create(<TestComponent />);
      24 |   });
      25 |

      at isConcurrentActEnvironment (node_modules/react-test-renderer/cjs/react-test-renderer.development.js:10243:17)
      at warnIfUpdatesNotWrappedWithActDEV (node_modules/react-test-renderer/cjs/react-test-renderer.development.js:11798:7)
      at scheduleUpdateOnFiber (node_modules/react-test-renderer/cjs/react-test-renderer.development.js:10326:9)
      at updateContainerImpl (node_modules/react-test-renderer/cjs/react-test-renderer.development.js:12382:10)
      at updateContainer (node_modules/react-test-renderer/cjs/react-test-renderer.development.js:12326:7)
      at process.env.NODE_ENV.exports.create (node_modules/react-test-renderer/cjs/react-test-renderer.development.js:14630:7)
      at contexts/__tests__/PriceContext.test.js:22:15
      at process.env.NODE_ENV.exports.act (node_modules/react/cjs/react.development.js:789:22)
      at renderHook (contexts/__tests__/PriceContext.test.js:20:6)
      at Object.renderHook (contexts/__tests__/PriceContext.test.js:120:24)
      at asyncGeneratorStep (node_modules/@babel/runtime/helpers/asyncToGenerator.js:3:17)
      at _next (node_modules/@babel/runtime/helpers/asyncToGenerator.js:17:9)
      at node_modules/@babel/runtime/helpers/asyncToGenerator.js:22:7
      at Object.<anonymous> (node_modules/@babel/runtime/helpers/asyncToGenerator.js:14:12)

    console.error
      The current testing environment is not configured to support act(...)

      22 |   const fetchBtcPrice = useCallback(async () => {
      23 |     try {
    > 24 |       setLoadingBtcPrice(true);
         |       ^
      25 |       const price = await fetchBtcPriceService();
      26 |       setBtcPrice(price);
      27 |     } catch (error) {

      at isConcurrentActEnvironment (node_modules/react-test-renderer/cjs/react-test-renderer.development.js:10243:17)
      at warnIfUpdatesNotWrappedWithActDEV (node_modules/react-test-renderer/cjs/react-test-renderer.development.js:11798:7)
      at scheduleUpdateOnFiber (node_modules/react-test-renderer/cjs/react-test-renderer.development.js:10326:9)
      at dispatchSetStateInternal (node_modules/react-test-renderer/cjs/react-test-renderer.development.js:4148:13)
      at dispatchSetState (node_modules/react-test-renderer/cjs/react-test-renderer.development.js:4107:7)
      at setLoadingBtcPrice (contexts/PriceContext.js:24:7)
      at asyncGeneratorStep (node_modules/@babel/runtime/helpers/asyncToGenerator.js:3:17)
      at _next (node_modules/@babel/runtime/helpers/asyncToGenerator.js:17:9)
      at node_modules/@babel/runtime/helpers/asyncToGenerator.js:22:7
      at node_modules/@babel/runtime/helpers/asyncToGenerator.js:14:12
      at fetchBtcPrice (contexts/PriceContext.js:36:5)
      at Object.react-stack-bottom-frame (node_modules/react-test-renderer/cjs/react-test-renderer.development.js:14062:20)
      at runWithFiberInDEV (node_modules/react-test-renderer/cjs/react-test-renderer.development.js:1574:13)
      at commitHookEffectListMount (node_modules/react-test-renderer/cjs/react-test-renderer.development.js:8376:29)
      at commitHookPassiveMountEffects (node_modules/react-test-renderer/cjs/react-test-renderer.development.js:8465:11)
      at commitPassiveMountOnFiber (node_modules/react-test-renderer/cjs/react-test-renderer.development.js:9782:13)
      at recursivelyTraversePassiveMountEffects (node_modules/react-test-renderer/cjs/react-test-renderer.development.js:9756:11)
      at commitPassiveMountOnFiber (node_modules/react-test-renderer/cjs/react-test-renderer.development.js:9775:11)
      at recursivelyTraversePassiveMountEffects (node_modules/react-test-renderer/cjs/react-test-renderer.development.js:9756:11)
      at commitPassiveMountOnFiber (node_modules/react-test-renderer/cjs/react-test-renderer.development.js:9794:11)
      at flushPendingEffects (node_modules/react-test-renderer/cjs/react-test-renderer.development.js:11528:11)
      at performWorkOnRootViaSchedulerTask (node_modules/react-test-renderer/cjs/react-test-renderer.development.js:2082:11)
      at flushActQueue (node_modules/react/cjs/react.development.js:566:34)
      at process.env.NODE_ENV.exports.act (node_modules/react/cjs/react.development.js:859:10)
      at renderHook (contexts/__tests__/PriceContext.test.js:20:6)
      at Object.renderHook (contexts/__tests__/PriceContext.test.js:120:24)
      at asyncGeneratorStep (node_modules/@babel/runtime/helpers/asyncToGenerator.js:3:17)
      at _next (node_modules/@babel/runtime/helpers/asyncToGenerator.js:17:9)
      at node_modules/@babel/runtime/helpers/asyncToGenerator.js:22:7
      at Object.<anonymous> (node_modules/@babel/runtime/helpers/asyncToGenerator.js:14:12)

    console.error
      The current testing environment is not configured to support act(...)

      26 |       setBtcPrice(price);
      27 |     } catch (error) {
    > 28 |       setBtcPrice(null);
         |       ^
      29 |     } finally {
      30 |       setLoadingBtcPrice(false);
      31 |     }

      at isConcurrentActEnvironment (node_modules/react-test-renderer/cjs/react-test-renderer.development.js:10243:17)
      at warnIfUpdatesNotWrappedWithActDEV (node_modules/react-test-renderer/cjs/react-test-renderer.development.js:11798:7)
      at scheduleUpdateOnFiber (node_modules/react-test-renderer/cjs/react-test-renderer.development.js:10326:9)
      at dispatchSetStateInternal (node_modules/react-test-renderer/cjs/react-test-renderer.development.js:4148:13)
      at dispatchSetState (node_modules/react-test-renderer/cjs/react-test-renderer.development.js:4107:7)
      at setBtcPrice (contexts/PriceContext.js:28:7)
          at Generator.throw (<anonymous>)
      at asyncGeneratorStep (node_modules/@babel/runtime/helpers/asyncToGenerator.js:3:17)
      at _throw (node_modules/@babel/runtime/helpers/asyncToGenerator.js:20:9)

    console.error
      The current testing environment is not configured to support act(...)

      28 |       setBtcPrice(null);
      29 |     } finally {
    > 30 |       setLoadingBtcPrice(false);
         |       ^
      31 |     }
      32 |   }, []);
      33 |

      at isConcurrentActEnvironment (node_modules/react-test-renderer/cjs/react-test-renderer.development.js:10243:17)
      at warnIfUpdatesNotWrappedWithActDEV (node_modules/react-test-renderer/cjs/react-test-renderer.development.js:11798:7)
      at scheduleUpdateOnFiber (node_modules/react-test-renderer/cjs/react-test-renderer.development.js:10326:9)
      at dispatchSetStateInternal (node_modules/react-test-renderer/cjs/react-test-renderer.development.js:4148:13)
      at dispatchSetState (node_modules/react-test-renderer/cjs/react-test-renderer.development.js:4107:7)
      at setLoadingBtcPrice (contexts/PriceContext.js:30:7)
          at Generator.throw (<anonymous>)
      at asyncGeneratorStep (node_modules/@babel/runtime/helpers/asyncToGenerator.js:3:17)
      at _throw (node_modules/@babel/runtime/helpers/asyncToGenerator.js:20:9)

    console.error
      react-test-renderer is deprecated. See https://react.dev/warnings/react-test-renderer

      20 |   act(() => {
      21 |     component = Wrapper
    > 22 |       ? create(<Wrapper><TestComponent /></Wrapper>)
         |               ^
      23 |       : create(<TestComponent />);
      24 |   });
      25 |

      at process.env.NODE_ENV.exports.create (node_modules/react-test-renderer/cjs/react-test-renderer.development.js:14598:17)
      at contexts/__tests__/PriceContext.test.js:22:15
      at process.env.NODE_ENV.exports.act (node_modules/react/cjs/react.development.js:789:22)
      at renderHook (contexts/__tests__/PriceContext.test.js:20:6)
      at Object.renderHook (contexts/__tests__/PriceContext.test.js:139:24)
      at asyncGeneratorStep (node_modules/@babel/runtime/helpers/asyncToGenerator.js:3:17)
      at _next (node_modules/@babel/runtime/helpers/asyncToGenerator.js:17:9)
      at node_modules/@babel/runtime/helpers/asyncToGenerator.js:22:7
      at Object.<anonymous> (node_modules/@babel/runtime/helpers/asyncToGenerator.js:14:12)

    console.error
      The current testing environment is not configured to support act(...)

      20 |   act(() => {
      21 |     component = Wrapper
    > 22 |       ? create(<Wrapper><TestComponent /></Wrapper>)
         |               ^
      23 |       : create(<TestComponent />);
      24 |   });
      25 |

      at isConcurrentActEnvironment (node_modules/react-test-renderer/cjs/react-test-renderer.development.js:10243:17)
      at warnIfUpdatesNotWrappedWithActDEV (node_modules/react-test-renderer/cjs/react-test-renderer.development.js:11798:7)
      at scheduleUpdateOnFiber (node_modules/react-test-renderer/cjs/react-test-renderer.development.js:10326:9)
      at updateContainerImpl (node_modules/react-test-renderer/cjs/react-test-renderer.development.js:12382:10)
      at updateContainer (node_modules/react-test-renderer/cjs/react-test-renderer.development.js:12326:7)
      at process.env.NODE_ENV.exports.create (node_modules/react-test-renderer/cjs/react-test-renderer.development.js:14630:7)
      at contexts/__tests__/PriceContext.test.js:22:15
      at process.env.NODE_ENV.exports.act (node_modules/react/cjs/react.development.js:789:22)
      at renderHook (contexts/__tests__/PriceContext.test.js:20:6)
      at Object.renderHook (contexts/__tests__/PriceContext.test.js:139:24)
      at asyncGeneratorStep (node_modules/@babel/runtime/helpers/asyncToGenerator.js:3:17)
      at _next (node_modules/@babel/runtime/helpers/asyncToGenerator.js:17:9)
      at node_modules/@babel/runtime/helpers/asyncToGenerator.js:22:7
      at Object.<anonymous> (node_modules/@babel/runtime/helpers/asyncToGenerator.js:14:12)

    console.error
      The current testing environment is not configured to support act(...)

      22 |   const fetchBtcPrice = useCallback(async () => {
      23 |     try {
    > 24 |       setLoadingBtcPrice(true);
         |       ^
      25 |       const price = await fetchBtcPriceService();
      26 |       setBtcPrice(price);
      27 |     } catch (error) {

      at isConcurrentActEnvironment (node_modules/react-test-renderer/cjs/react-test-renderer.development.js:10243:17)
      at warnIfUpdatesNotWrappedWithActDEV (node_modules/react-test-renderer/cjs/react-test-renderer.development.js:11798:7)
      at scheduleUpdateOnFiber (node_modules/react-test-renderer/cjs/react-test-renderer.development.js:10326:9)
      at dispatchSetStateInternal (node_modules/react-test-renderer/cjs/react-test-renderer.development.js:4148:13)
      at dispatchSetState (node_modules/react-test-renderer/cjs/react-test-renderer.development.js:4107:7)
      at setLoadingBtcPrice (contexts/PriceContext.js:24:7)
      at asyncGeneratorStep (node_modules/@babel/runtime/helpers/asyncToGenerator.js:3:17)
      at _next (node_modules/@babel/runtime/helpers/asyncToGenerator.js:17:9)
      at node_modules/@babel/runtime/helpers/asyncToGenerator.js:22:7
      at node_modules/@babel/runtime/helpers/asyncToGenerator.js:14:12
      at fetchBtcPrice (contexts/PriceContext.js:36:5)
      at Object.react-stack-bottom-frame (node_modules/react-test-renderer/cjs/react-test-renderer.development.js:14062:20)
      at runWithFiberInDEV (node_modules/react-test-renderer/cjs/react-test-renderer.development.js:1574:13)
      at commitHookEffectListMount (node_modules/react-test-renderer/cjs/react-test-renderer.development.js:8376:29)
      at commitHookPassiveMountEffects (node_modules/react-test-renderer/cjs/react-test-renderer.development.js:8465:11)
      at commitPassiveMountOnFiber (node_modules/react-test-renderer/cjs/react-test-renderer.development.js:9782:13)
      at recursivelyTraversePassiveMountEffects (node_modules/react-test-renderer/cjs/react-test-renderer.development.js:9756:11)
      at commitPassiveMountOnFiber (node_modules/react-test-renderer/cjs/react-test-renderer.development.js:9775:11)
      at recursivelyTraversePassiveMountEffects (node_modules/react-test-renderer/cjs/react-test-renderer.development.js:9756:11)
      at commitPassiveMountOnFiber (node_modules/react-test-renderer/cjs/react-test-renderer.development.js:9794:11)
      at flushPendingEffects (node_modules/react-test-renderer/cjs/react-test-renderer.development.js:11528:11)
      at performWorkOnRootViaSchedulerTask (node_modules/react-test-renderer/cjs/react-test-renderer.development.js:2082:11)
      at flushActQueue (node_modules/react/cjs/react.development.js:566:34)
      at process.env.NODE_ENV.exports.act (node_modules/react/cjs/react.development.js:859:10)
      at renderHook (contexts/__tests__/PriceContext.test.js:20:6)
      at Object.renderHook (contexts/__tests__/PriceContext.test.js:139:24)
      at asyncGeneratorStep (node_modules/@babel/runtime/helpers/asyncToGenerator.js:3:17)
      at _next (node_modules/@babel/runtime/helpers/asyncToGenerator.js:17:9)
      at node_modules/@babel/runtime/helpers/asyncToGenerator.js:22:7
      at Object.<anonymous> (node_modules/@babel/runtime/helpers/asyncToGenerator.js:14:12)

    console.error
      The current testing environment is not configured to support act(...)

      24 |       setLoadingBtcPrice(true);
      25 |       const price = await fetchBtcPriceService();
    > 26 |       setBtcPrice(price);
         |       ^
      27 |     } catch (error) {
      28 |       setBtcPrice(null);
      29 |     } finally {

      at isConcurrentActEnvironment (node_modules/react-test-renderer/cjs/react-test-renderer.development.js:10243:17)
      at warnIfUpdatesNotWrappedWithActDEV (node_modules/react-test-renderer/cjs/react-test-renderer.development.js:11798:7)
      at scheduleUpdateOnFiber (node_modules/react-test-renderer/cjs/react-test-renderer.development.js:10326:9)
      at dispatchSetStateInternal (node_modules/react-test-renderer/cjs/react-test-renderer.development.js:4148:13)
      at dispatchSetState (node_modules/react-test-renderer/cjs/react-test-renderer.development.js:4107:7)
      at setBtcPrice (contexts/PriceContext.js:26:7)
      at asyncGeneratorStep (node_modules/@babel/runtime/helpers/asyncToGenerator.js:3:17)
      at _next (node_modules/@babel/runtime/helpers/asyncToGenerator.js:17:9)

    console.error
      The current testing environment is not configured to support act(...)

      28 |       setBtcPrice(null);
      29 |     } finally {
    > 30 |       setLoadingBtcPrice(false);
         |       ^
      31 |     }
      32 |   }, []);
      33 |

      at isConcurrentActEnvironment (node_modules/react-test-renderer/cjs/react-test-renderer.development.js:10243:17)
      at warnIfUpdatesNotWrappedWithActDEV (node_modules/react-test-renderer/cjs/react-test-renderer.development.js:11798:7)
      at scheduleUpdateOnFiber (node_modules/react-test-renderer/cjs/react-test-renderer.development.js:10326:9)
      at dispatchSetStateInternal (node_modules/react-test-renderer/cjs/react-test-renderer.development.js:4148:13)
      at dispatchSetState (node_modules/react-test-renderer/cjs/react-test-renderer.development.js:4107:7)
      at setLoadingBtcPrice (contexts/PriceContext.js:30:7)
      at asyncGeneratorStep (node_modules/@babel/runtime/helpers/asyncToGenerator.js:3:17)
      at _next (node_modules/@babel/runtime/helpers/asyncToGenerator.js:17:9)

    console.error
      The current testing environment is not configured to support act(...)

      22 |   const fetchBtcPrice = useCallback(async () => {
      23 |     try {
    > 24 |       setLoadingBtcPrice(true);
         |       ^
      25 |       const price = await fetchBtcPriceService();
      26 |       setBtcPrice(price);
      27 |     } catch (error) {

      at isConcurrentActEnvironment (node_modules/react-test-renderer/cjs/react-test-renderer.development.js:10243:17)
      at warnIfUpdatesNotWrappedWithActDEV (node_modules/react-test-renderer/cjs/react-test-renderer.development.js:11798:7)
      at scheduleUpdateOnFiber (node_modules/react-test-renderer/cjs/react-test-renderer.development.js:10326:9)
      at dispatchSetStateInternal (node_modules/react-test-renderer/cjs/react-test-renderer.development.js:4148:13)
      at dispatchSetState (node_modules/react-test-renderer/cjs/react-test-renderer.development.js:4107:7)
      at Object.setLoadingBtcPrice (contexts/PriceContext.js:24:7)
      at asyncGeneratorStep (node_modules/@babel/runtime/helpers/asyncToGenerator.js:3:17)
      at _next (node_modules/@babel/runtime/helpers/asyncToGenerator.js:17:9)
      at node_modules/@babel/runtime/helpers/asyncToGenerator.js:22:7
      at Object.fetchBtcPrice (node_modules/@babel/runtime/helpers/asyncToGenerator.js:14:12)
      at fetchBtcPrice (contexts/__tests__/PriceContext.test.js:150:28)
      at asyncGeneratorStep (node_modules/@babel/runtime/helpers/asyncToGenerator.js:3:17)
      at _next (node_modules/@babel/runtime/helpers/asyncToGenerator.js:17:9)
      at node_modules/@babel/runtime/helpers/asyncToGenerator.js:22:7
      at node_modules/@babel/runtime/helpers/asyncToGenerator.js:14:12
      at process.env.NODE_ENV.exports.act (node_modules/react/cjs/react.development.js:789:22)
      at Object.<anonymous> (contexts/__tests__/PriceContext.test.js:149:14)
      at asyncGeneratorStep (node_modules/@babel/runtime/helpers/asyncToGenerator.js:3:17)
      at _next (node_modules/@babel/runtime/helpers/asyncToGenerator.js:17:9)

    console.error
      The current testing environment is not configured to support act(...)

      24 |       setLoadingBtcPrice(true);
      25 |       const price = await fetchBtcPriceService();
    > 26 |       setBtcPrice(price);
         |       ^
      27 |     } catch (error) {
      28 |       setBtcPrice(null);
      29 |     } finally {

      at isConcurrentActEnvironment (node_modules/react-test-renderer/cjs/react-test-renderer.development.js:10243:17)
      at warnIfUpdatesNotWrappedWithActDEV (node_modules/react-test-renderer/cjs/react-test-renderer.development.js:11798:7)
      at scheduleUpdateOnFiber (node_modules/react-test-renderer/cjs/react-test-renderer.development.js:10326:9)
      at dispatchSetStateInternal (node_modules/react-test-renderer/cjs/react-test-renderer.development.js:4148:13)
      at dispatchSetState (node_modules/react-test-renderer/cjs/react-test-renderer.development.js:4107:7)
      at Object.setBtcPrice (contexts/PriceContext.js:26:7)
      at asyncGeneratorStep (node_modules/@babel/runtime/helpers/asyncToGenerator.js:3:17)
      at _next (node_modules/@babel/runtime/helpers/asyncToGenerator.js:17:9)

    console.error
      The current testing environment is not configured to support act(...)

      28 |       setBtcPrice(null);
      29 |     } finally {
    > 30 |       setLoadingBtcPrice(false);
         |       ^
      31 |     }
      32 |   }, []);
      33 |

      at isConcurrentActEnvironment (node_modules/react-test-renderer/cjs/react-test-renderer.development.js:10243:17)
      at warnIfUpdatesNotWrappedWithActDEV (node_modules/react-test-renderer/cjs/react-test-renderer.development.js:11798:7)
      at scheduleUpdateOnFiber (node_modules/react-test-renderer/cjs/react-test-renderer.development.js:10326:9)
      at dispatchSetStateInternal (node_modules/react-test-renderer/cjs/react-test-renderer.development.js:4148:13)
      at dispatchSetState (node_modules/react-test-renderer/cjs/react-test-renderer.development.js:4107:7)
      at Object.setLoadingBtcPrice (contexts/PriceContext.js:30:7)
      at asyncGeneratorStep (node_modules/@babel/runtime/helpers/asyncToGenerator.js:3:17)
      at _next (node_modules/@babel/runtime/helpers/asyncToGenerator.js:17:9)

    console.error
      react-test-renderer is deprecated. See https://react.dev/warnings/react-test-renderer

      20 |   act(() => {
      21 |     component = Wrapper
    > 22 |       ? create(<Wrapper><TestComponent /></Wrapper>)
         |               ^
      23 |       : create(<TestComponent />);
      24 |   });
      25 |

      at process.env.NODE_ENV.exports.create (node_modules/react-test-renderer/cjs/react-test-renderer.development.js:14598:17)
      at contexts/__tests__/PriceContext.test.js:22:15
      at process.env.NODE_ENV.exports.act (node_modules/react/cjs/react.development.js:789:22)
      at renderHook (contexts/__tests__/PriceContext.test.js:20:6)
      at Object.renderHook (contexts/__tests__/PriceContext.test.js:165:24)
      at asyncGeneratorStep (node_modules/@babel/runtime/helpers/asyncToGenerator.js:3:17)
      at _next (node_modules/@babel/runtime/helpers/asyncToGenerator.js:17:9)
      at node_modules/@babel/runtime/helpers/asyncToGenerator.js:22:7
      at Object.<anonymous> (node_modules/@babel/runtime/helpers/asyncToGenerator.js:14:12)

    console.error
      The current testing environment is not configured to support act(...)

      20 |   act(() => {
      21 |     component = Wrapper
    > 22 |       ? create(<Wrapper><TestComponent /></Wrapper>)
         |               ^
      23 |       : create(<TestComponent />);
      24 |   });
      25 |

      at isConcurrentActEnvironment (node_modules/react-test-renderer/cjs/react-test-renderer.development.js:10243:17)
      at warnIfUpdatesNotWrappedWithActDEV (node_modules/react-test-renderer/cjs/react-test-renderer.development.js:11798:7)
      at scheduleUpdateOnFiber (node_modules/react-test-renderer/cjs/react-test-renderer.development.js:10326:9)
      at updateContainerImpl (node_modules/react-test-renderer/cjs/react-test-renderer.development.js:12382:10)
      at updateContainer (node_modules/react-test-renderer/cjs/react-test-renderer.development.js:12326:7)
      at process.env.NODE_ENV.exports.create (node_modules/react-test-renderer/cjs/react-test-renderer.development.js:14630:7)
      at contexts/__tests__/PriceContext.test.js:22:15
      at process.env.NODE_ENV.exports.act (node_modules/react/cjs/react.development.js:789:22)
      at renderHook (contexts/__tests__/PriceContext.test.js:20:6)
      at Object.renderHook (contexts/__tests__/PriceContext.test.js:165:24)
      at asyncGeneratorStep (node_modules/@babel/runtime/helpers/asyncToGenerator.js:3:17)
      at _next (node_modules/@babel/runtime/helpers/asyncToGenerator.js:17:9)
      at node_modules/@babel/runtime/helpers/asyncToGenerator.js:22:7
      at Object.<anonymous> (node_modules/@babel/runtime/helpers/asyncToGenerator.js:14:12)

    console.error
      The current testing environment is not configured to support act(...)

      22 |   const fetchBtcPrice = useCallback(async () => {
      23 |     try {
    > 24 |       setLoadingBtcPrice(true);
         |       ^
      25 |       const price = await fetchBtcPriceService();
      26 |       setBtcPrice(price);
      27 |     } catch (error) {

      at isConcurrentActEnvironment (node_modules/react-test-renderer/cjs/react-test-renderer.development.js:10243:17)
      at warnIfUpdatesNotWrappedWithActDEV (node_modules/react-test-renderer/cjs/react-test-renderer.development.js:11798:7)
      at scheduleUpdateOnFiber (node_modules/react-test-renderer/cjs/react-test-renderer.development.js:10326:9)
      at dispatchSetStateInternal (node_modules/react-test-renderer/cjs/react-test-renderer.development.js:4148:13)
      at dispatchSetState (node_modules/react-test-renderer/cjs/react-test-renderer.development.js:4107:7)
      at setLoadingBtcPrice (contexts/PriceContext.js:24:7)
      at asyncGeneratorStep (node_modules/@babel/runtime/helpers/asyncToGenerator.js:3:17)
      at _next (node_modules/@babel/runtime/helpers/asyncToGenerator.js:17:9)
      at node_modules/@babel/runtime/helpers/asyncToGenerator.js:22:7
      at node_modules/@babel/runtime/helpers/asyncToGenerator.js:14:12
      at fetchBtcPrice (contexts/PriceContext.js:36:5)
      at Object.react-stack-bottom-frame (node_modules/react-test-renderer/cjs/react-test-renderer.development.js:14062:20)
      at runWithFiberInDEV (node_modules/react-test-renderer/cjs/react-test-renderer.development.js:1574:13)
      at commitHookEffectListMount (node_modules/react-test-renderer/cjs/react-test-renderer.development.js:8376:29)
      at commitHookPassiveMountEffects (node_modules/react-test-renderer/cjs/react-test-renderer.development.js:8465:11)
      at commitPassiveMountOnFiber (node_modules/react-test-renderer/cjs/react-test-renderer.development.js:9782:13)
      at recursivelyTraversePassiveMountEffects (node_modules/react-test-renderer/cjs/react-test-renderer.development.js:9756:11)
      at commitPassiveMountOnFiber (node_modules/react-test-renderer/cjs/react-test-renderer.development.js:9775:11)
      at recursivelyTraversePassiveMountEffects (node_modules/react-test-renderer/cjs/react-test-renderer.development.js:9756:11)
      at commitPassiveMountOnFiber (node_modules/react-test-renderer/cjs/react-test-renderer.development.js:9794:11)
      at flushPendingEffects (node_modules/react-test-renderer/cjs/react-test-renderer.development.js:11528:11)
      at performWorkOnRootViaSchedulerTask (node_modules/react-test-renderer/cjs/react-test-renderer.development.js:2082:11)
      at flushActQueue (node_modules/react/cjs/react.development.js:566:34)
      at process.env.NODE_ENV.exports.act (node_modules/react/cjs/react.development.js:859:10)
      at renderHook (contexts/__tests__/PriceContext.test.js:20:6)
      at Object.renderHook (contexts/__tests__/PriceContext.test.js:165:24)
      at asyncGeneratorStep (node_modules/@babel/runtime/helpers/asyncToGenerator.js:3:17)
      at _next (node_modules/@babel/runtime/helpers/asyncToGenerator.js:17:9)
      at node_modules/@babel/runtime/helpers/asyncToGenerator.js:22:7
      at Object.<anonymous> (node_modules/@babel/runtime/helpers/asyncToGenerator.js:14:12)

    console.error
      The current testing environment is not configured to support act(...)

      24 |       setLoadingBtcPrice(true);
      25 |       const price = await fetchBtcPriceService();
    > 26 |       setBtcPrice(price);
         |       ^
      27 |     } catch (error) {
      28 |       setBtcPrice(null);
      29 |     } finally {

      at isConcurrentActEnvironment (node_modules/react-test-renderer/cjs/react-test-renderer.development.js:10243:17)
      at warnIfUpdatesNotWrappedWithActDEV (node_modules/react-test-renderer/cjs/react-test-renderer.development.js:11798:7)
      at scheduleUpdateOnFiber (node_modules/react-test-renderer/cjs/react-test-renderer.development.js:10326:9)
      at dispatchSetStateInternal (node_modules/react-test-renderer/cjs/react-test-renderer.development.js:4148:13)
      at dispatchSetState (node_modules/react-test-renderer/cjs/react-test-renderer.development.js:4107:7)
      at setBtcPrice (contexts/PriceContext.js:26:7)
      at asyncGeneratorStep (node_modules/@babel/runtime/helpers/asyncToGenerator.js:3:17)
      at _next (node_modules/@babel/runtime/helpers/asyncToGenerator.js:17:9)

    console.error
      The current testing environment is not configured to support act(...)

      28 |       setBtcPrice(null);
      29 |     } finally {
    > 30 |       setLoadingBtcPrice(false);
         |       ^
      31 |     }
      32 |   }, []);
      33 |

      at isConcurrentActEnvironment (node_modules/react-test-renderer/cjs/react-test-renderer.development.js:10243:17)
      at warnIfUpdatesNotWrappedWithActDEV (node_modules/react-test-renderer/cjs/react-test-renderer.development.js:11798:7)
      at scheduleUpdateOnFiber (node_modules/react-test-renderer/cjs/react-test-renderer.development.js:10326:9)
      at dispatchSetStateInternal (node_modules/react-test-renderer/cjs/react-test-renderer.development.js:4148:13)
      at dispatchSetState (node_modules/react-test-renderer/cjs/react-test-renderer.development.js:4107:7)
      at setLoadingBtcPrice (contexts/PriceContext.js:30:7)
      at asyncGeneratorStep (node_modules/@babel/runtime/helpers/asyncToGenerator.js:3:17)
      at _next (node_modules/@babel/runtime/helpers/asyncToGenerator.js:17:9)

    console.error
      react-test-renderer is deprecated. See https://react.dev/warnings/react-test-renderer

      20 |   act(() => {
      21 |     component = Wrapper
    > 22 |       ? create(<Wrapper><TestComponent /></Wrapper>)
         |               ^
      23 |       : create(<TestComponent />);
      24 |   });
      25 |

      at process.env.NODE_ENV.exports.create (node_modules/react-test-renderer/cjs/react-test-renderer.development.js:14598:17)
      at contexts/__tests__/PriceContext.test.js:22:15
      at process.env.NODE_ENV.exports.act (node_modules/react/cjs/react.development.js:789:22)
      at renderHook (contexts/__tests__/PriceContext.test.js:20:6)
      at Object.renderHook (contexts/__tests__/PriceContext.test.js:188:25)
      at asyncGeneratorStep (node_modules/@babel/runtime/helpers/asyncToGenerator.js:3:17)
      at _next (node_modules/@babel/runtime/helpers/asyncToGenerator.js:17:9)
      at node_modules/@babel/runtime/helpers/asyncToGenerator.js:22:7
      at Object.<anonymous> (node_modules/@babel/runtime/helpers/asyncToGenerator.js:14:12)

    console.error
      The current testing environment is not configured to support act(...)

      20 |   act(() => {
      21 |     component = Wrapper
    > 22 |       ? create(<Wrapper><TestComponent /></Wrapper>)
         |               ^
      23 |       : create(<TestComponent />);
      24 |   });
      25 |

      at isConcurrentActEnvironment (node_modules/react-test-renderer/cjs/react-test-renderer.development.js:10243:17)
      at warnIfUpdatesNotWrappedWithActDEV (node_modules/react-test-renderer/cjs/react-test-renderer.development.js:11798:7)
      at scheduleUpdateOnFiber (node_modules/react-test-renderer/cjs/react-test-renderer.development.js:10326:9)
      at updateContainerImpl (node_modules/react-test-renderer/cjs/react-test-renderer.development.js:12382:10)
      at updateContainer (node_modules/react-test-renderer/cjs/react-test-renderer.development.js:12326:7)
      at process.env.NODE_ENV.exports.create (node_modules/react-test-renderer/cjs/react-test-renderer.development.js:14630:7)
      at contexts/__tests__/PriceContext.test.js:22:15
      at process.env.NODE_ENV.exports.act (node_modules/react/cjs/react.development.js:789:22)
      at renderHook (contexts/__tests__/PriceContext.test.js:20:6)
      at Object.renderHook (contexts/__tests__/PriceContext.test.js:188:25)
      at asyncGeneratorStep (node_modules/@babel/runtime/helpers/asyncToGenerator.js:3:17)
      at _next (node_modules/@babel/runtime/helpers/asyncToGenerator.js:17:9)
      at node_modules/@babel/runtime/helpers/asyncToGenerator.js:22:7
      at Object.<anonymous> (node_modules/@babel/runtime/helpers/asyncToGenerator.js:14:12)

    console.error
      The current testing environment is not configured to support act(...)

      22 |   const fetchBtcPrice = useCallback(async () => {
      23 |     try {
    > 24 |       setLoadingBtcPrice(true);
         |       ^
      25 |       const price = await fetchBtcPriceService();
      26 |       setBtcPrice(price);
      27 |     } catch (error) {

      at isConcurrentActEnvironment (node_modules/react-test-renderer/cjs/react-test-renderer.development.js:10243:17)
      at warnIfUpdatesNotWrappedWithActDEV (node_modules/react-test-renderer/cjs/react-test-renderer.development.js:11798:7)
      at scheduleUpdateOnFiber (node_modules/react-test-renderer/cjs/react-test-renderer.development.js:10326:9)
      at dispatchSetStateInternal (node_modules/react-test-renderer/cjs/react-test-renderer.development.js:4148:13)
      at dispatchSetState (node_modules/react-test-renderer/cjs/react-test-renderer.development.js:4107:7)
      at setLoadingBtcPrice (contexts/PriceContext.js:24:7)
      at asyncGeneratorStep (node_modules/@babel/runtime/helpers/asyncToGenerator.js:3:17)
      at _next (node_modules/@babel/runtime/helpers/asyncToGenerator.js:17:9)
      at node_modules/@babel/runtime/helpers/asyncToGenerator.js:22:7
      at node_modules/@babel/runtime/helpers/asyncToGenerator.js:14:12
      at fetchBtcPrice (contexts/PriceContext.js:36:5)
      at Object.react-stack-bottom-frame (node_modules/react-test-renderer/cjs/react-test-renderer.development.js:14062:20)
      at runWithFiberInDEV (node_modules/react-test-renderer/cjs/react-test-renderer.development.js:1574:13)
      at commitHookEffectListMount (node_modules/react-test-renderer/cjs/react-test-renderer.development.js:8376:29)
      at commitHookPassiveMountEffects (node_modules/react-test-renderer/cjs/react-test-renderer.development.js:8465:11)
      at commitPassiveMountOnFiber (node_modules/react-test-renderer/cjs/react-test-renderer.development.js:9782:13)
      at recursivelyTraversePassiveMountEffects (node_modules/react-test-renderer/cjs/react-test-renderer.development.js:9756:11)
      at commitPassiveMountOnFiber (node_modules/react-test-renderer/cjs/react-test-renderer.development.js:9775:11)
      at recursivelyTraversePassiveMountEffects (node_modules/react-test-renderer/cjs/react-test-renderer.development.js:9756:11)
      at commitPassiveMountOnFiber (node_modules/react-test-renderer/cjs/react-test-renderer.development.js:9794:11)
      at flushPendingEffects (node_modules/react-test-renderer/cjs/react-test-renderer.development.js:11528:11)
      at performWorkOnRootViaSchedulerTask (node_modules/react-test-renderer/cjs/react-test-renderer.development.js:2082:11)
      at flushActQueue (node_modules/react/cjs/react.development.js:566:34)
      at process.env.NODE_ENV.exports.act (node_modules/react/cjs/react.development.js:859:10)
      at renderHook (contexts/__tests__/PriceContext.test.js:20:6)
      at Object.renderHook (contexts/__tests__/PriceContext.test.js:188:25)
      at asyncGeneratorStep (node_modules/@babel/runtime/helpers/asyncToGenerator.js:3:17)
      at _next (node_modules/@babel/runtime/helpers/asyncToGenerator.js:17:9)
      at node_modules/@babel/runtime/helpers/asyncToGenerator.js:22:7
      at Object.<anonymous> (node_modules/@babel/runtime/helpers/asyncToGenerator.js:14:12)

    console.error
      The current testing environment is not configured to support act(...)

      24 |       setLoadingBtcPrice(true);
      25 |       const price = await fetchBtcPriceService();
    > 26 |       setBtcPrice(price);
         |       ^
      27 |     } catch (error) {
      28 |       setBtcPrice(null);
      29 |     } finally {

      at isConcurrentActEnvironment (node_modules/react-test-renderer/cjs/react-test-renderer.development.js:10243:17)
      at warnIfUpdatesNotWrappedWithActDEV (node_modules/react-test-renderer/cjs/react-test-renderer.development.js:11798:7)
      at scheduleUpdateOnFiber (node_modules/react-test-renderer/cjs/react-test-renderer.development.js:10326:9)
      at dispatchSetStateInternal (node_modules/react-test-renderer/cjs/react-test-renderer.development.js:4148:13)
      at dispatchSetState (node_modules/react-test-renderer/cjs/react-test-renderer.development.js:4107:7)
      at setBtcPrice (contexts/PriceContext.js:26:7)
      at asyncGeneratorStep (node_modules/@babel/runtime/helpers/asyncToGenerator.js:3:17)
      at _next (node_modules/@babel/runtime/helpers/asyncToGenerator.js:17:9)

    console.error
      The current testing environment is not configured to support act(...)

      28 |       setBtcPrice(null);
      29 |     } finally {
    > 30 |       setLoadingBtcPrice(false);
         |       ^
      31 |     }
      32 |   }, []);
      33 |

      at isConcurrentActEnvironment (node_modules/react-test-renderer/cjs/react-test-renderer.development.js:10243:17)
      at warnIfUpdatesNotWrappedWithActDEV (node_modules/react-test-renderer/cjs/react-test-renderer.development.js:11798:7)
      at scheduleUpdateOnFiber (node_modules/react-test-renderer/cjs/react-test-renderer.development.js:10326:9)
      at dispatchSetStateInternal (node_modules/react-test-renderer/cjs/react-test-renderer.development.js:4148:13)
      at dispatchSetState (node_modules/react-test-renderer/cjs/react-test-renderer.development.js:4107:7)
      at setLoadingBtcPrice (contexts/PriceContext.js:30:7)
      at asyncGeneratorStep (node_modules/@babel/runtime/helpers/asyncToGenerator.js:3:17)
      at _next (node_modules/@babel/runtime/helpers/asyncToGenerator.js:17:9)

    console.error
      The current testing environment is not configured to support act(...)

      196 |     // Unmount
      197 |     act(() => {
    > 198 |       unmount();
          |       ^
      199 |     });
      200 |
      201 |     // Advance time

      at isConcurrentActEnvironment (node_modules/react-test-renderer/cjs/react-test-renderer.development.js:10243:17)
      at warnIfUpdatesNotWrappedWithActDEV (node_modules/react-test-renderer/cjs/react-test-renderer.development.js:11798:7)
      at scheduleUpdateOnFiber (node_modules/react-test-renderer/cjs/react-test-renderer.development.js:10326:9)
      at updateContainerImpl (node_modules/react-test-renderer/cjs/react-test-renderer.development.js:12382:10)
      at updateContainer (node_modules/react-test-renderer/cjs/react-test-renderer.development.js:12326:7)
      at unmount (node_modules/react-test-renderer/cjs/react-test-renderer.development.js:14674:14)
      at unmount (contexts/__tests__/PriceContext.test.js:198:7)
      at process.env.NODE_ENV.exports.act (node_modules/react/cjs/react.development.js:789:22)
      at Object.<anonymous> (contexts/__tests__/PriceContext.test.js:197:8)
      at asyncGeneratorStep (node_modules/@babel/runtime/helpers/asyncToGenerator.js:3:17)
      at _next (node_modules/@babel/runtime/helpers/asyncToGenerator.js:17:9)

PASS contexts/__tests__/SendFlowContext.test.js
  ● Console

    console.error
      react-test-renderer is deprecated. See https://react.dev/warnings/react-test-renderer

      19 |   act(() => {
      20 |     component = Wrapper
    > 21 |       ? create(<Wrapper><TestComponent /></Wrapper>)
         |               ^
      22 |       : create(<TestComponent />);
      23 |   });
      24 |

      at process.env.NODE_ENV.exports.create (node_modules/react-test-renderer/cjs/react-test-renderer.development.js:14598:17)
      at contexts/__tests__/SendFlowContext.test.js:21:15
      at process.env.NODE_ENV.exports.act (node_modules/react/cjs/react.development.js:789:22)
      at renderHook (contexts/__tests__/SendFlowContext.test.js:19:6)
      at Object.renderHook (contexts/__tests__/SendFlowContext.test.js:50:24)

    console.error
      The current testing environment is not configured to support act(...)

      19 |   act(() => {
      20 |     component = Wrapper
    > 21 |       ? create(<Wrapper><TestComponent /></Wrapper>)
         |               ^
      22 |       : create(<TestComponent />);
      23 |   });
      24 |

      at isConcurrentActEnvironment (node_modules/react-test-renderer/cjs/react-test-renderer.development.js:10243:17)
      at warnIfUpdatesNotWrappedWithActDEV (node_modules/react-test-renderer/cjs/react-test-renderer.development.js:11798:7)
      at scheduleUpdateOnFiber (node_modules/react-test-renderer/cjs/react-test-renderer.development.js:10326:9)
      at updateContainerImpl (node_modules/react-test-renderer/cjs/react-test-renderer.development.js:12382:10)
      at updateContainer (node_modules/react-test-renderer/cjs/react-test-renderer.development.js:12326:7)
      at process.env.NODE_ENV.exports.create (node_modules/react-test-renderer/cjs/react-test-renderer.development.js:14630:7)
      at contexts/__tests__/SendFlowContext.test.js:21:15
      at process.env.NODE_ENV.exports.act (node_modules/react/cjs/react.development.js:789:22)
      at renderHook (contexts/__tests__/SendFlowContext.test.js:19:6)
      at Object.renderHook (contexts/__tests__/SendFlowContext.test.js:50:24)

    console.error
      react-test-renderer is deprecated. See https://react.dev/warnings/react-test-renderer

      19 |   act(() => {
      20 |     component = Wrapper
    > 21 |       ? create(<Wrapper><TestComponent /></Wrapper>)
         |               ^
      22 |       : create(<TestComponent />);
      23 |   });
      24 |

      at process.env.NODE_ENV.exports.create (node_modules/react-test-renderer/cjs/react-test-renderer.development.js:14598:17)
      at contexts/__tests__/SendFlowContext.test.js:21:15
      at process.env.NODE_ENV.exports.act (node_modules/react/cjs/react.development.js:789:22)
      at renderHook (contexts/__tests__/SendFlowContext.test.js:19:6)
      at Object.renderHook (contexts/__tests__/SendFlowContext.test.js:61:24)

    console.error
      The current testing environment is not configured to support act(...)

      19 |   act(() => {
      20 |     component = Wrapper
    > 21 |       ? create(<Wrapper><TestComponent /></Wrapper>)
         |               ^
      22 |       : create(<TestComponent />);
      23 |   });
      24 |

      at isConcurrentActEnvironment (node_modules/react-test-renderer/cjs/react-test-renderer.development.js:10243:17)
      at warnIfUpdatesNotWrappedWithActDEV (node_modules/react-test-renderer/cjs/react-test-renderer.development.js:11798:7)
      at scheduleUpdateOnFiber (node_modules/react-test-renderer/cjs/react-test-renderer.development.js:10326:9)
      at updateContainerImpl (node_modules/react-test-renderer/cjs/react-test-renderer.development.js:12382:10)
      at updateContainer (node_modules/react-test-renderer/cjs/react-test-renderer.development.js:12326:7)
      at process.env.NODE_ENV.exports.create (node_modules/react-test-renderer/cjs/react-test-renderer.development.js:14630:7)
      at contexts/__tests__/SendFlowContext.test.js:21:15
      at process.env.NODE_ENV.exports.act (node_modules/react/cjs/react.development.js:789:22)
      at renderHook (contexts/__tests__/SendFlowContext.test.js:19:6)
      at Object.renderHook (contexts/__tests__/SendFlowContext.test.js:61:24)

    console.error
      The current testing environment is not configured to support act(...)

      62 |
      63 |     act(() => {
    > 64 |       result.current.setIntentStep('selecting_asset');
         |                      ^
      65 |     });
      66 |
      67 |     expect(result.current.intentStep).toBe('selecting_asset');

      at isConcurrentActEnvironment (node_modules/react-test-renderer/cjs/react-test-renderer.development.js:10243:17)
      at warnIfUpdatesNotWrappedWithActDEV (node_modules/react-test-renderer/cjs/react-test-renderer.development.js:11798:7)
      at scheduleUpdateOnFiber (node_modules/react-test-renderer/cjs/react-test-renderer.development.js:10326:9)
      at dispatchSetStateInternal (node_modules/react-test-renderer/cjs/react-test-renderer.development.js:4148:13)
      at dispatchSetState (node_modules/react-test-renderer/cjs/react-test-renderer.development.js:4107:7)
      at setIntentStep (contexts/__tests__/SendFlowContext.test.js:64:22)
      at process.env.NODE_ENV.exports.act (node_modules/react/cjs/react.development.js:789:22)
      at Object.<anonymous> (contexts/__tests__/SendFlowContext.test.js:63:8)

    console.error
      The current testing environment is not configured to support act(...)

      68 |
      69 |     act(() => {
    > 70 |       result.current.setIntentStep('entering_address');
         |                      ^
      71 |     });
      72 |
      73 |     expect(result.current.intentStep).toBe('entering_address');

      at isConcurrentActEnvironment (node_modules/react-test-renderer/cjs/react-test-renderer.development.js:10243:17)
      at warnIfUpdatesNotWrappedWithActDEV (node_modules/react-test-renderer/cjs/react-test-renderer.development.js:11798:7)
      at scheduleUpdateOnFiber (node_modules/react-test-renderer/cjs/react-test-renderer.development.js:10326:9)
      at dispatchSetStateInternal (node_modules/react-test-renderer/cjs/react-test-renderer.development.js:4148:13)
      at dispatchSetState (node_modules/react-test-renderer/cjs/react-test-renderer.development.js:4107:7)
      at setIntentStep (contexts/__tests__/SendFlowContext.test.js:70:22)
      at process.env.NODE_ENV.exports.act (node_modules/react/cjs/react.development.js:789:22)
      at Object.<anonymous> (contexts/__tests__/SendFlowContext.test.js:69:8)

    console.error
      react-test-renderer is deprecated. See https://react.dev/warnings/react-test-renderer

      19 |   act(() => {
      20 |     component = Wrapper
    > 21 |       ? create(<Wrapper><TestComponent /></Wrapper>)
         |               ^
      22 |       : create(<TestComponent />);
      23 |   });
      24 |

      at process.env.NODE_ENV.exports.create (node_modules/react-test-renderer/cjs/react-test-renderer.development.js:14598:17)
      at contexts/__tests__/SendFlowContext.test.js:21:15
      at process.env.NODE_ENV.exports.act (node_modules/react/cjs/react.development.js:789:22)
      at renderHook (contexts/__tests__/SendFlowContext.test.js:19:6)
      at Object.renderHook (contexts/__tests__/SendFlowContext.test.js:78:24)

    console.error
      The current testing environment is not configured to support act(...)

      19 |   act(() => {
      20 |     component = Wrapper
    > 21 |       ? create(<Wrapper><TestComponent /></Wrapper>)
         |               ^
      22 |       : create(<TestComponent />);
      23 |   });
      24 |

      at isConcurrentActEnvironment (node_modules/react-test-renderer/cjs/react-test-renderer.development.js:10243:17)
      at warnIfUpdatesNotWrappedWithActDEV (node_modules/react-test-renderer/cjs/react-test-renderer.development.js:11798:7)
      at scheduleUpdateOnFiber (node_modules/react-test-renderer/cjs/react-test-renderer.development.js:10326:9)
      at updateContainerImpl (node_modules/react-test-renderer/cjs/react-test-renderer.development.js:12382:10)
      at updateContainer (node_modules/react-test-renderer/cjs/react-test-renderer.development.js:12326:7)
      at process.env.NODE_ENV.exports.create (node_modules/react-test-renderer/cjs/react-test-renderer.development.js:14630:7)
      at contexts/__tests__/SendFlowContext.test.js:21:15
      at process.env.NODE_ENV.exports.act (node_modules/react/cjs/react.development.js:789:22)
      at renderHook (contexts/__tests__/SendFlowContext.test.js:19:6)
      at Object.renderHook (contexts/__tests__/SendFlowContext.test.js:78:24)

    console.error
      The current testing environment is not configured to support act(...)

      79 |
      80 |     act(() => {
    > 81 |       result.current.setSendAssetType('btc');
         |                      ^
      82 |     });
      83 |
      84 |     expect(result.current.sendAssetType).toBe('btc');

      at isConcurrentActEnvironment (node_modules/react-test-renderer/cjs/react-test-renderer.development.js:10243:17)
      at warnIfUpdatesNotWrappedWithActDEV (node_modules/react-test-renderer/cjs/react-test-renderer.development.js:11798:7)
      at scheduleUpdateOnFiber (node_modules/react-test-renderer/cjs/react-test-renderer.development.js:10326:9)
      at dispatchSetStateInternal (node_modules/react-test-renderer/cjs/react-test-renderer.development.js:4148:13)
      at dispatchSetState (node_modules/react-test-renderer/cjs/react-test-renderer.development.js:4107:7)
      at setSendAssetType (contexts/__tests__/SendFlowContext.test.js:81:22)
      at process.env.NODE_ENV.exports.act (node_modules/react/cjs/react.development.js:789:22)
      at Object.<anonymous> (contexts/__tests__/SendFlowContext.test.js:80:8)

    console.error
      The current testing environment is not configured to support act(...)

      85 |
      86 |     act(() => {
    > 87 |       result.current.setSendAssetType('unit');
         |                      ^
      88 |     });
      89 |
      90 |     expect(result.current.sendAssetType).toBe('unit');

      at isConcurrentActEnvironment (node_modules/react-test-renderer/cjs/react-test-renderer.development.js:10243:17)
      at warnIfUpdatesNotWrappedWithActDEV (node_modules/react-test-renderer/cjs/react-test-renderer.development.js:11798:7)
      at scheduleUpdateOnFiber (node_modules/react-test-renderer/cjs/react-test-renderer.development.js:10326:9)
      at dispatchSetStateInternal (node_modules/react-test-renderer/cjs/react-test-renderer.development.js:4148:13)
      at dispatchSetState (node_modules/react-test-renderer/cjs/react-test-renderer.development.js:4107:7)
      at setSendAssetType (contexts/__tests__/SendFlowContext.test.js:87:22)
      at process.env.NODE_ENV.exports.act (node_modules/react/cjs/react.development.js:789:22)
      at Object.<anonymous> (contexts/__tests__/SendFlowContext.test.js:86:8)

    console.error
      react-test-renderer is deprecated. See https://react.dev/warnings/react-test-renderer

      19 |   act(() => {
      20 |     component = Wrapper
    > 21 |       ? create(<Wrapper><TestComponent /></Wrapper>)
         |               ^
      22 |       : create(<TestComponent />);
      23 |   });
      24 |

      at process.env.NODE_ENV.exports.create (node_modules/react-test-renderer/cjs/react-test-renderer.development.js:14598:17)
      at contexts/__tests__/SendFlowContext.test.js:21:15
      at process.env.NODE_ENV.exports.act (node_modules/react/cjs/react.development.js:789:22)
      at renderHook (contexts/__tests__/SendFlowContext.test.js:19:6)
      at Object.renderHook (contexts/__tests__/SendFlowContext.test.js:95:24)

    console.error
      The current testing environment is not configured to support act(...)

      19 |   act(() => {
      20 |     component = Wrapper
    > 21 |       ? create(<Wrapper><TestComponent /></Wrapper>)
         |               ^
      22 |       : create(<TestComponent />);
      23 |   });
      24 |

      at isConcurrentActEnvironment (node_modules/react-test-renderer/cjs/react-test-renderer.development.js:10243:17)
      at warnIfUpdatesNotWrappedWithActDEV (node_modules/react-test-renderer/cjs/react-test-renderer.development.js:11798:7)
      at scheduleUpdateOnFiber (node_modules/react-test-renderer/cjs/react-test-renderer.development.js:10326:9)
      at updateContainerImpl (node_modules/react-test-renderer/cjs/react-test-renderer.development.js:12382:10)
      at updateContainer (node_modules/react-test-renderer/cjs/react-test-renderer.development.js:12326:7)
      at process.env.NODE_ENV.exports.create (node_modules/react-test-renderer/cjs/react-test-renderer.development.js:14630:7)
      at contexts/__tests__/SendFlowContext.test.js:21:15
      at process.env.NODE_ENV.exports.act (node_modules/react/cjs/react.development.js:789:22)
      at renderHook (contexts/__tests__/SendFlowContext.test.js:19:6)
      at Object.renderHook (contexts/__tests__/SendFlowContext.test.js:95:24)

    console.error
      The current testing environment is not configured to support act(...)

       96 |
       97 |     act(() => {
    >  98 |       result.current.setSendAmount('0.001');
          |                      ^
       99 |     });
      100 |
      101 |     expect(result.current.sendAmount).toBe('0.001');

      at isConcurrentActEnvironment (node_modules/react-test-renderer/cjs/react-test-renderer.development.js:10243:17)
      at warnIfUpdatesNotWrappedWithActDEV (node_modules/react-test-renderer/cjs/react-test-renderer.development.js:11798:7)
      at scheduleUpdateOnFiber (node_modules/react-test-renderer/cjs/react-test-renderer.development.js:10326:9)
      at dispatchSetStateInternal (node_modules/react-test-renderer/cjs/react-test-renderer.development.js:4148:13)
      at dispatchSetState (node_modules/react-test-renderer/cjs/react-test-renderer.development.js:4107:7)
      at setSendAmount (contexts/__tests__/SendFlowContext.test.js:98:22)
      at process.env.NODE_ENV.exports.act (node_modules/react/cjs/react.development.js:789:22)
      at Object.<anonymous> (contexts/__tests__/SendFlowContext.test.js:97:8)

    console.error
      react-test-renderer is deprecated. See https://react.dev/warnings/react-test-renderer

      19 |   act(() => {
      20 |     component = Wrapper
    > 21 |       ? create(<Wrapper><TestComponent /></Wrapper>)
         |               ^
      22 |       : create(<TestComponent />);
      23 |   });
      24 |

      at process.env.NODE_ENV.exports.create (node_modules/react-test-renderer/cjs/react-test-renderer.development.js:14598:17)
      at contexts/__tests__/SendFlowContext.test.js:21:15
      at process.env.NODE_ENV.exports.act (node_modules/react/cjs/react.development.js:789:22)
      at renderHook (contexts/__tests__/SendFlowContext.test.js:19:6)
      at Object.renderHook (contexts/__tests__/SendFlowContext.test.js:106:24)

    console.error
      The current testing environment is not configured to support act(...)

      19 |   act(() => {
      20 |     component = Wrapper
    > 21 |       ? create(<Wrapper><TestComponent /></Wrapper>)
         |               ^
      22 |       : create(<TestComponent />);
      23 |   });
      24 |

      at isConcurrentActEnvironment (node_modules/react-test-renderer/cjs/react-test-renderer.development.js:10243:17)
      at warnIfUpdatesNotWrappedWithActDEV (node_modules/react-test-renderer/cjs/react-test-renderer.development.js:11798:7)
      at scheduleUpdateOnFiber (node_modules/react-test-renderer/cjs/react-test-renderer.development.js:10326:9)
      at updateContainerImpl (node_modules/react-test-renderer/cjs/react-test-renderer.development.js:12382:10)
      at updateContainer (node_modules/react-test-renderer/cjs/react-test-renderer.development.js:12326:7)
      at process.env.NODE_ENV.exports.create (node_modules/react-test-renderer/cjs/react-test-renderer.development.js:14630:7)
      at contexts/__tests__/SendFlowContext.test.js:21:15
      at process.env.NODE_ENV.exports.act (node_modules/react/cjs/react.development.js:789:22)
      at renderHook (contexts/__tests__/SendFlowContext.test.js:19:6)
      at Object.renderHook (contexts/__tests__/SendFlowContext.test.js:106:24)

    console.error
      The current testing environment is not configured to support act(...)

      107 |
      108 |     act(() => {
    > 109 |       result.current.setSendRecipient('bc1qrecipient');
          |                      ^
      110 |     });
      111 |
      112 |     expect(result.current.sendRecipient).toBe('bc1qrecipient');

      at isConcurrentActEnvironment (node_modules/react-test-renderer/cjs/react-test-renderer.development.js:10243:17)
      at warnIfUpdatesNotWrappedWithActDEV (node_modules/react-test-renderer/cjs/react-test-renderer.development.js:11798:7)
      at scheduleUpdateOnFiber (node_modules/react-test-renderer/cjs/react-test-renderer.development.js:10326:9)
      at dispatchSetStateInternal (node_modules/react-test-renderer/cjs/react-test-renderer.development.js:4148:13)
      at dispatchSetState (node_modules/react-test-renderer/cjs/react-test-renderer.development.js:4107:7)
      at setSendRecipient (contexts/__tests__/SendFlowContext.test.js:109:22)
      at process.env.NODE_ENV.exports.act (node_modules/react/cjs/react.development.js:789:22)
      at Object.<anonymous> (contexts/__tests__/SendFlowContext.test.js:108:8)

    console.error
      react-test-renderer is deprecated. See https://react.dev/warnings/react-test-renderer

      19 |   act(() => {
      20 |     component = Wrapper
    > 21 |       ? create(<Wrapper><TestComponent /></Wrapper>)
         |               ^
      22 |       : create(<TestComponent />);
      23 |   });
      24 |

      at process.env.NODE_ENV.exports.create (node_modules/react-test-renderer/cjs/react-test-renderer.development.js:14598:17)
      at contexts/__tests__/SendFlowContext.test.js:21:15
      at process.env.NODE_ENV.exports.act (node_modules/react/cjs/react.development.js:789:22)
      at renderHook (contexts/__tests__/SendFlowContext.test.js:19:6)
      at Object.renderHook (contexts/__tests__/SendFlowContext.test.js:117:24)

    console.error
      The current testing environment is not configured to support act(...)

      19 |   act(() => {
      20 |     component = Wrapper
    > 21 |       ? create(<Wrapper><TestComponent /></Wrapper>)
         |               ^
      22 |       : create(<TestComponent />);
      23 |   });
      24 |

      at isConcurrentActEnvironment (node_modules/react-test-renderer/cjs/react-test-renderer.development.js:10243:17)
      at warnIfUpdatesNotWrappedWithActDEV (node_modules/react-test-renderer/cjs/react-test-renderer.development.js:11798:7)
      at scheduleUpdateOnFiber (node_modules/react-test-renderer/cjs/react-test-renderer.development.js:10326:9)
      at updateContainerImpl (node_modules/react-test-renderer/cjs/react-test-renderer.development.js:12382:10)
      at updateContainer (node_modules/react-test-renderer/cjs/react-test-renderer.development.js:12326:7)
      at process.env.NODE_ENV.exports.create (node_modules/react-test-renderer/cjs/react-test-renderer.development.js:14630:7)
      at contexts/__tests__/SendFlowContext.test.js:21:15
      at process.env.NODE_ENV.exports.act (node_modules/react/cjs/react.development.js:789:22)
      at renderHook (contexts/__tests__/SendFlowContext.test.js:19:6)
      at Object.renderHook (contexts/__tests__/SendFlowContext.test.js:117:24)

    console.error
      The current testing environment is not configured to support act(...)

      120 |
      121 |     act(() => {
    > 122 |       result.current.setSendAddressType('segwit');
          |                      ^
      123 |     });
      124 |
      125 |     expect(result.current.sendAddressType).toBe('segwit');

      at isConcurrentActEnvironment (node_modules/react-test-renderer/cjs/react-test-renderer.development.js:10243:17)
      at warnIfUpdatesNotWrappedWithActDEV (node_modules/react-test-renderer/cjs/react-test-renderer.development.js:11798:7)
      at scheduleUpdateOnFiber (node_modules/react-test-renderer/cjs/react-test-renderer.development.js:10326:9)
      at dispatchSetStateInternal (node_modules/react-test-renderer/cjs/react-test-renderer.development.js:4148:13)
      at dispatchSetState (node_modules/react-test-renderer/cjs/react-test-renderer.development.js:4107:7)
      at setSendAddressType (contexts/__tests__/SendFlowContext.test.js:122:22)
      at process.env.NODE_ENV.exports.act (node_modules/react/cjs/react.development.js:789:22)
      at Object.<anonymous> (contexts/__tests__/SendFlowContext.test.js:121:8)

    console.error
      react-test-renderer is deprecated. See https://react.dev/warnings/react-test-renderer

      19 |   act(() => {
      20 |     component = Wrapper
    > 21 |       ? create(<Wrapper><TestComponent /></Wrapper>)
         |               ^
      22 |       : create(<TestComponent />);
      23 |   });
      24 |

      at process.env.NODE_ENV.exports.create (node_modules/react-test-renderer/cjs/react-test-renderer.development.js:14598:17)
      at contexts/__tests__/SendFlowContext.test.js:21:15
      at process.env.NODE_ENV.exports.act (node_modules/react/cjs/react.development.js:789:22)
      at renderHook (contexts/__tests__/SendFlowContext.test.js:19:6)
      at Object.renderHook (contexts/__tests__/SendFlowContext.test.js:130:24)

    console.error
      The current testing environment is not configured to support act(...)

      19 |   act(() => {
      20 |     component = Wrapper
    > 21 |       ? create(<Wrapper><TestComponent /></Wrapper>)
         |               ^
      22 |       : create(<TestComponent />);
      23 |   });
      24 |

      at isConcurrentActEnvironment (node_modules/react-test-renderer/cjs/react-test-renderer.development.js:10243:17)
      at warnIfUpdatesNotWrappedWithActDEV (node_modules/react-test-renderer/cjs/react-test-renderer.development.js:11798:7)
      at scheduleUpdateOnFiber (node_modules/react-test-renderer/cjs/react-test-renderer.development.js:10326:9)
      at updateContainerImpl (node_modules/react-test-renderer/cjs/react-test-renderer.development.js:12382:10)
      at updateContainer (node_modules/react-test-renderer/cjs/react-test-renderer.development.js:12326:7)
      at process.env.NODE_ENV.exports.create (node_modules/react-test-renderer/cjs/react-test-renderer.development.js:14630:7)
      at contexts/__tests__/SendFlowContext.test.js:21:15
      at process.env.NODE_ENV.exports.act (node_modules/react/cjs/react.development.js:789:22)
      at renderHook (contexts/__tests__/SendFlowContext.test.js:19:6)
      at Object.renderHook (contexts/__tests__/SendFlowContext.test.js:130:24)

    console.error
      The current testing environment is not configured to support act(...)

      132 |     // Set up transaction data
      133 |     act(() => {
    > 134 |       result.current.setSendAssetType('btc');
          |                      ^
      135 |       result.current.setSendAmount('0.001');
      136 |       result.current.setSendRecipient('bc1qrecipient');
      137 |     });

      at isConcurrentActEnvironment (node_modules/react-test-renderer/cjs/react-test-renderer.development.js:10243:17)
      at warnIfUpdatesNotWrappedWithActDEV (node_modules/react-test-renderer/cjs/react-test-renderer.development.js:11798:7)
      at scheduleUpdateOnFiber (node_modules/react-test-renderer/cjs/react-test-renderer.development.js:10326:9)
      at dispatchSetStateInternal (node_modules/react-test-renderer/cjs/react-test-renderer.development.js:4148:13)
      at dispatchSetState (node_modules/react-test-renderer/cjs/react-test-renderer.development.js:4107:7)
      at setSendAssetType (contexts/__tests__/SendFlowContext.test.js:134:22)
      at process.env.NODE_ENV.exports.act (node_modules/react/cjs/react.development.js:789:22)
      at Object.<anonymous> (contexts/__tests__/SendFlowContext.test.js:133:8)

    console.error
      The current testing environment is not configured to support act(...)

      133 |     act(() => {
      134 |       result.current.setSendAssetType('btc');
    > 135 |       result.current.setSendAmount('0.001');
          |                      ^
      136 |       result.current.setSendRecipient('bc1qrecipient');
      137 |     });
      138 |

      at isConcurrentActEnvironment (node_modules/react-test-renderer/cjs/react-test-renderer.development.js:10243:17)
      at warnIfUpdatesNotWrappedWithActDEV (node_modules/react-test-renderer/cjs/react-test-renderer.development.js:11798:7)
      at scheduleUpdateOnFiber (node_modules/react-test-renderer/cjs/react-test-renderer.development.js:10326:9)
      at dispatchSetStateInternal (node_modules/react-test-renderer/cjs/react-test-renderer.development.js:4148:13)
      at dispatchSetState (node_modules/react-test-renderer/cjs/react-test-renderer.development.js:4107:7)
      at setSendAmount (contexts/__tests__/SendFlowContext.test.js:135:22)
      at process.env.NODE_ENV.exports.act (node_modules/react/cjs/react.development.js:789:22)
      at Object.<anonymous> (contexts/__tests__/SendFlowContext.test.js:133:8)

    console.error
      The current testing environment is not configured to support act(...)

      134 |       result.current.setSendAssetType('btc');
      135 |       result.current.setSendAmount('0.001');
    > 136 |       result.current.setSendRecipient('bc1qrecipient');
          |                      ^
      137 |     });
      138 |
      139 |     expect(result.current.sendAssetType).toBe('btc');

      at isConcurrentActEnvironment (node_modules/react-test-renderer/cjs/react-test-renderer.development.js:10243:17)
      at warnIfUpdatesNotWrappedWithActDEV (node_modules/react-test-renderer/cjs/react-test-renderer.development.js:11798:7)
      at scheduleUpdateOnFiber (node_modules/react-test-renderer/cjs/react-test-renderer.development.js:10326:9)
      at dispatchSetStateInternal (node_modules/react-test-renderer/cjs/react-test-renderer.development.js:4148:13)
      at dispatchSetState (node_modules/react-test-renderer/cjs/react-test-renderer.development.js:4107:7)
      at setSendRecipient (contexts/__tests__/SendFlowContext.test.js:136:22)
      at process.env.NODE_ENV.exports.act (node_modules/react/cjs/react.development.js:789:22)
      at Object.<anonymous> (contexts/__tests__/SendFlowContext.test.js:133:8)

    console.error
      The current testing environment is not configured to support act(...)

      143 |     // Set to confirmed
      144 |     act(() => {
    > 145 |       result.current.setIntentStep('confirmed');
          |                      ^
      146 |     });
      147 |
      148 |     // Should clear fields immediately

      at isConcurrentActEnvironment (node_modules/react-test-renderer/cjs/react-test-renderer.development.js:10243:17)
      at warnIfUpdatesNotWrappedWithActDEV (node_modules/react-test-renderer/cjs/react-test-renderer.development.js:11798:7)
      at scheduleUpdateOnFiber (node_modules/react-test-renderer/cjs/react-test-renderer.development.js:10326:9)
      at dispatchSetStateInternal (node_modules/react-test-renderer/cjs/react-test-renderer.development.js:4148:13)
      at dispatchSetState (node_modules/react-test-renderer/cjs/react-test-renderer.development.js:4107:7)
      at setIntentStep (contexts/__tests__/SendFlowContext.test.js:145:22)
      at process.env.NODE_ENV.exports.act (node_modules/react/cjs/react.development.js:789:22)
      at Object.<anonymous> (contexts/__tests__/SendFlowContext.test.js:144:8)

    console.error
      The current testing environment is not configured to support act(...)

      31 |     if (intentStep === 'confirmed') {
      32 |       // Clear transaction fields so they don't persist
    > 33 |       setSendRecipient('');
         |       ^
      34 |       setSendAmount('');
      35 |       setSendAssetType(null);
      36 |

      at isConcurrentActEnvironment (node_modules/react-test-renderer/cjs/react-test-renderer.development.js:10243:17)
      at warnIfUpdatesNotWrappedWithActDEV (node_modules/react-test-renderer/cjs/react-test-renderer.development.js:11798:7)
      at scheduleUpdateOnFiber (node_modules/react-test-renderer/cjs/react-test-renderer.development.js:10326:9)
      at dispatchSetStateInternal (node_modules/react-test-renderer/cjs/react-test-renderer.development.js:4148:13)
      at dispatchSetState (node_modules/react-test-renderer/cjs/react-test-renderer.development.js:4107:7)
      at setSendRecipient (contexts/SendFlowContext.js:33:7)
      at Object.react-stack-bottom-frame (node_modules/react-test-renderer/cjs/react-test-renderer.development.js:14062:20)
      at runWithFiberInDEV (node_modules/react-test-renderer/cjs/react-test-renderer.development.js:1574:13)
      at commitHookEffectListMount (node_modules/react-test-renderer/cjs/react-test-renderer.development.js:8376:29)
      at commitHookPassiveMountEffects (node_modules/react-test-renderer/cjs/react-test-renderer.development.js:8465:11)
      at commitPassiveMountOnFiber (node_modules/react-test-renderer/cjs/react-test-renderer.development.js:9782:13)
      at recursivelyTraversePassiveMountEffects (node_modules/react-test-renderer/cjs/react-test-renderer.development.js:9756:11)
      at commitPassiveMountOnFiber (node_modules/react-test-renderer/cjs/react-test-renderer.development.js:9775:11)
      at recursivelyTraversePassiveMountEffects (node_modules/react-test-renderer/cjs/react-test-renderer.development.js:9756:11)
      at commitPassiveMountOnFiber (node_modules/react-test-renderer/cjs/react-test-renderer.development.js:9794:11)
      at flushPendingEffects (node_modules/react-test-renderer/cjs/react-test-renderer.development.js:11528:11)
      at performWorkOnRootViaSchedulerTask (node_modules/react-test-renderer/cjs/react-test-renderer.development.js:2082:11)
      at flushActQueue (node_modules/react/cjs/react.development.js:566:34)
      at process.env.NODE_ENV.exports.act (node_modules/react/cjs/react.development.js:859:10)
      at Object.<anonymous> (contexts/__tests__/SendFlowContext.test.js:144:8)

    console.error
      The current testing environment is not configured to support act(...)

      32 |       // Clear transaction fields so they don't persist
      33 |       setSendRecipient('');
    > 34 |       setSendAmount('');
         |       ^
      35 |       setSendAssetType(null);
      36 |
      37 |       // Auto-reset to idle after 10 seconds when confirmed

      at isConcurrentActEnvironment (node_modules/react-test-renderer/cjs/react-test-renderer.development.js:10243:17)
      at warnIfUpdatesNotWrappedWithActDEV (node_modules/react-test-renderer/cjs/react-test-renderer.development.js:11798:7)
      at scheduleUpdateOnFiber (node_modules/react-test-renderer/cjs/react-test-renderer.development.js:10326:9)
      at dispatchSetStateInternal (node_modules/react-test-renderer/cjs/react-test-renderer.development.js:4148:13)
      at dispatchSetState (node_modules/react-test-renderer/cjs/react-test-renderer.development.js:4107:7)
      at setSendAmount (contexts/SendFlowContext.js:34:7)
      at Object.react-stack-bottom-frame (node_modules/react-test-renderer/cjs/react-test-renderer.development.js:14062:20)
      at runWithFiberInDEV (node_modules/react-test-renderer/cjs/react-test-renderer.development.js:1574:13)
      at commitHookEffectListMount (node_modules/react-test-renderer/cjs/react-test-renderer.development.js:8376:29)
      at commitHookPassiveMountEffects (node_modules/react-test-renderer/cjs/react-test-renderer.development.js:8465:11)
      at commitPassiveMountOnFiber (node_modules/react-test-renderer/cjs/react-test-renderer.development.js:9782:13)
      at recursivelyTraversePassiveMountEffects (node_modules/react-test-renderer/cjs/react-test-renderer.development.js:9756:11)
      at commitPassiveMountOnFiber (node_modules/react-test-renderer/cjs/react-test-renderer.development.js:9775:11)
      at recursivelyTraversePassiveMountEffects (node_modules/react-test-renderer/cjs/react-test-renderer.development.js:9756:11)
      at commitPassiveMountOnFiber (node_modules/react-test-renderer/cjs/react-test-renderer.development.js:9794:11)
      at flushPendingEffects (node_modules/react-test-renderer/cjs/react-test-renderer.development.js:11528:11)
      at performWorkOnRootViaSchedulerTask (node_modules/react-test-renderer/cjs/react-test-renderer.development.js:2082:11)
      at flushActQueue (node_modules/react/cjs/react.development.js:566:34)
      at process.env.NODE_ENV.exports.act (node_modules/react/cjs/react.development.js:859:10)
      at Object.<anonymous> (contexts/__tests__/SendFlowContext.test.js:144:8)

    console.error
      The current testing environment is not configured to support act(...)

      33 |       setSendRecipient('');
      34 |       setSendAmount('');
    > 35 |       setSendAssetType(null);
         |       ^
      36 |
      37 |       // Auto-reset to idle after 10 seconds when confirmed
      38 |       const timer = setTimeout(() => {

      at isConcurrentActEnvironment (node_modules/react-test-renderer/cjs/react-test-renderer.development.js:10243:17)
      at warnIfUpdatesNotWrappedWithActDEV (node_modules/react-test-renderer/cjs/react-test-renderer.development.js:11798:7)
      at scheduleUpdateOnFiber (node_modules/react-test-renderer/cjs/react-test-renderer.development.js:10326:9)
      at dispatchSetStateInternal (node_modules/react-test-renderer/cjs/react-test-renderer.development.js:4148:13)
      at dispatchSetState (node_modules/react-test-renderer/cjs/react-test-renderer.development.js:4107:7)
      at setSendAssetType (contexts/SendFlowContext.js:35:7)
      at Object.react-stack-bottom-frame (node_modules/react-test-renderer/cjs/react-test-renderer.development.js:14062:20)
      at runWithFiberInDEV (node_modules/react-test-renderer/cjs/react-test-renderer.development.js:1574:13)
      at commitHookEffectListMount (node_modules/react-test-renderer/cjs/react-test-renderer.development.js:8376:29)
      at commitHookPassiveMountEffects (node_modules/react-test-renderer/cjs/react-test-renderer.development.js:8465:11)
      at commitPassiveMountOnFiber (node_modules/react-test-renderer/cjs/react-test-renderer.development.js:9782:13)
      at recursivelyTraversePassiveMountEffects (node_modules/react-test-renderer/cjs/react-test-renderer.development.js:9756:11)
      at commitPassiveMountOnFiber (node_modules/react-test-renderer/cjs/react-test-renderer.development.js:9775:11)
      at recursivelyTraversePassiveMountEffects (node_modules/react-test-renderer/cjs/react-test-renderer.development.js:9756:11)
      at commitPassiveMountOnFiber (node_modules/react-test-renderer/cjs/react-test-renderer.development.js:9794:11)
      at flushPendingEffects (node_modules/react-test-renderer/cjs/react-test-renderer.development.js:11528:11)
      at performWorkOnRootViaSchedulerTask (node_modules/react-test-renderer/cjs/react-test-renderer.development.js:2082:11)
      at flushActQueue (node_modules/react/cjs/react.development.js:566:34)
      at process.env.NODE_ENV.exports.act (node_modules/react/cjs/react.development.js:859:10)
      at Object.<anonymous> (contexts/__tests__/SendFlowContext.test.js:144:8)

    console.error
      react-test-renderer is deprecated. See https://react.dev/warnings/react-test-renderer

      19 |   act(() => {
      20 |     component = Wrapper
    > 21 |       ? create(<Wrapper><TestComponent /></Wrapper>)
         |               ^
      22 |       : create(<TestComponent />);
      23 |   });
      24 |

      at process.env.NODE_ENV.exports.create (node_modules/react-test-renderer/cjs/react-test-renderer.development.js:14598:17)
      at contexts/__tests__/SendFlowContext.test.js:21:15
      at process.env.NODE_ENV.exports.act (node_modules/react/cjs/react.development.js:789:22)
      at renderHook (contexts/__tests__/SendFlowContext.test.js:19:6)
      at Object.renderHook (contexts/__tests__/SendFlowContext.test.js:157:24)

    console.error
      The current testing environment is not configured to support act(...)

      19 |   act(() => {
      20 |     component = Wrapper
    > 21 |       ? create(<Wrapper><TestComponent /></Wrapper>)
         |               ^
      22 |       : create(<TestComponent />);
      23 |   });
      24 |

      at isConcurrentActEnvironment (node_modules/react-test-renderer/cjs/react-test-renderer.development.js:10243:17)
      at warnIfUpdatesNotWrappedWithActDEV (node_modules/react-test-renderer/cjs/react-test-renderer.development.js:11798:7)
      at scheduleUpdateOnFiber (node_modules/react-test-renderer/cjs/react-test-renderer.development.js:10326:9)
      at updateContainerImpl (node_modules/react-test-renderer/cjs/react-test-renderer.development.js:12382:10)
      at updateContainer (node_modules/react-test-renderer/cjs/react-test-renderer.development.js:12326:7)
      at process.env.NODE_ENV.exports.create (node_modules/react-test-renderer/cjs/react-test-renderer.development.js:14630:7)
      at contexts/__tests__/SendFlowContext.test.js:21:15
      at process.env.NODE_ENV.exports.act (node_modules/react/cjs/react.development.js:789:22)
      at renderHook (contexts/__tests__/SendFlowContext.test.js:19:6)
      at Object.renderHook (contexts/__tests__/SendFlowContext.test.js:157:24)

    console.error
      The current testing environment is not configured to support act(...)

      159 |     // Set to confirmed
      160 |     act(() => {
    > 161 |       result.current.setIntentStep('confirmed');
          |                      ^
      162 |     });
      163 |
      164 |     expect(result.current.intentStep).toBe('confirmed');

      at isConcurrentActEnvironment (node_modules/react-test-renderer/cjs/react-test-renderer.development.js:10243:17)
      at warnIfUpdatesNotWrappedWithActDEV (node_modules/react-test-renderer/cjs/react-test-renderer.development.js:11798:7)
      at scheduleUpdateOnFiber (node_modules/react-test-renderer/cjs/react-test-renderer.development.js:10326:9)
      at dispatchSetStateInternal (node_modules/react-test-renderer/cjs/react-test-renderer.development.js:4148:13)
      at dispatchSetState (node_modules/react-test-renderer/cjs/react-test-renderer.development.js:4107:7)
      at setIntentStep (contexts/__tests__/SendFlowContext.test.js:161:22)
      at process.env.NODE_ENV.exports.act (node_modules/react/cjs/react.development.js:789:22)
      at Object.<anonymous> (contexts/__tests__/SendFlowContext.test.js:160:8)

    console.error
      The current testing environment is not configured to support act(...)

      31 |     if (intentStep === 'confirmed') {
      32 |       // Clear transaction fields so they don't persist
    > 33 |       setSendRecipient('');
         |       ^
      34 |       setSendAmount('');
      35 |       setSendAssetType(null);
      36 |

      at isConcurrentActEnvironment (node_modules/react-test-renderer/cjs/react-test-renderer.development.js:10243:17)
      at warnIfUpdatesNotWrappedWithActDEV (node_modules/react-test-renderer/cjs/react-test-renderer.development.js:11798:7)
      at scheduleUpdateOnFiber (node_modules/react-test-renderer/cjs/react-test-renderer.development.js:10326:9)
      at dispatchSetStateInternal (node_modules/react-test-renderer/cjs/react-test-renderer.development.js:4148:13)
      at dispatchSetState (node_modules/react-test-renderer/cjs/react-test-renderer.development.js:4107:7)
      at setSendRecipient (contexts/SendFlowContext.js:33:7)
      at Object.react-stack-bottom-frame (node_modules/react-test-renderer/cjs/react-test-renderer.development.js:14062:20)
      at runWithFiberInDEV (node_modules/react-test-renderer/cjs/react-test-renderer.development.js:1574:13)
      at commitHookEffectListMount (node_modules/react-test-renderer/cjs/react-test-renderer.development.js:8376:29)
      at commitHookPassiveMountEffects (node_modules/react-test-renderer/cjs/react-test-renderer.development.js:8465:11)
      at commitPassiveMountOnFiber (node_modules/react-test-renderer/cjs/react-test-renderer.development.js:9782:13)
      at recursivelyTraversePassiveMountEffects (node_modules/react-test-renderer/cjs/react-test-renderer.development.js:9756:11)
      at commitPassiveMountOnFiber (node_modules/react-test-renderer/cjs/react-test-renderer.development.js:9775:11)
      at recursivelyTraversePassiveMountEffects (node_modules/react-test-renderer/cjs/react-test-renderer.development.js:9756:11)
      at commitPassiveMountOnFiber (node_modules/react-test-renderer/cjs/react-test-renderer.development.js:9794:11)
      at flushPendingEffects (node_modules/react-test-renderer/cjs/react-test-renderer.development.js:11528:11)
      at performWorkOnRootViaSchedulerTask (node_modules/react-test-renderer/cjs/react-test-renderer.development.js:2082:11)
      at flushActQueue (node_modules/react/cjs/react.development.js:566:34)
      at process.env.NODE_ENV.exports.act (node_modules/react/cjs/react.development.js:859:10)
      at Object.<anonymous> (contexts/__tests__/SendFlowContext.test.js:160:8)

    console.error
      The current testing environment is not configured to support act(...)

      32 |       // Clear transaction fields so they don't persist
      33 |       setSendRecipient('');
    > 34 |       setSendAmount('');
         |       ^
      35 |       setSendAssetType(null);
      36 |
      37 |       // Auto-reset to idle after 10 seconds when confirmed

      at isConcurrentActEnvironment (node_modules/react-test-renderer/cjs/react-test-renderer.development.js:10243:17)
      at warnIfUpdatesNotWrappedWithActDEV (node_modules/react-test-renderer/cjs/react-test-renderer.development.js:11798:7)
      at scheduleUpdateOnFiber (node_modules/react-test-renderer/cjs/react-test-renderer.development.js:10326:9)
      at dispatchSetStateInternal (node_modules/react-test-renderer/cjs/react-test-renderer.development.js:4148:13)
      at dispatchSetState (node_modules/react-test-renderer/cjs/react-test-renderer.development.js:4107:7)
      at setSendAmount (contexts/SendFlowContext.js:34:7)
      at Object.react-stack-bottom-frame (node_modules/react-test-renderer/cjs/react-test-renderer.development.js:14062:20)
      at runWithFiberInDEV (node_modules/react-test-renderer/cjs/react-test-renderer.development.js:1574:13)
      at commitHookEffectListMount (node_modules/react-test-renderer/cjs/react-test-renderer.development.js:8376:29)
      at commitHookPassiveMountEffects (node_modules/react-test-renderer/cjs/react-test-renderer.development.js:8465:11)
      at commitPassiveMountOnFiber (node_modules/react-test-renderer/cjs/react-test-renderer.development.js:9782:13)
      at recursivelyTraversePassiveMountEffects (node_modules/react-test-renderer/cjs/react-test-renderer.development.js:9756:11)
      at commitPassiveMountOnFiber (node_modules/react-test-renderer/cjs/react-test-renderer.development.js:9775:11)
      at recursivelyTraversePassiveMountEffects (node_modules/react-test-renderer/cjs/react-test-renderer.development.js:9756:11)
      at commitPassiveMountOnFiber (node_modules/react-test-renderer/cjs/react-test-renderer.development.js:9794:11)
      at flushPendingEffects (node_modules/react-test-renderer/cjs/react-test-renderer.development.js:11528:11)
      at performWorkOnRootViaSchedulerTask (node_modules/react-test-renderer/cjs/react-test-renderer.development.js:2082:11)
      at flushActQueue (node_modules/react/cjs/react.development.js:566:34)
      at process.env.NODE_ENV.exports.act (node_modules/react/cjs/react.development.js:859:10)
      at Object.<anonymous> (contexts/__tests__/SendFlowContext.test.js:160:8)

    console.error
      The current testing environment is not configured to support act(...)

      33 |       setSendRecipient('');
      34 |       setSendAmount('');
    > 35 |       setSendAssetType(null);
         |       ^
      36 |
      37 |       // Auto-reset to idle after 10 seconds when confirmed
      38 |       const timer = setTimeout(() => {

      at isConcurrentActEnvironment (node_modules/react-test-renderer/cjs/react-test-renderer.development.js:10243:17)
      at warnIfUpdatesNotWrappedWithActDEV (node_modules/react-test-renderer/cjs/react-test-renderer.development.js:11798:7)
      at scheduleUpdateOnFiber (node_modules/react-test-renderer/cjs/react-test-renderer.development.js:10326:9)
      at dispatchSetStateInternal (node_modules/react-test-renderer/cjs/react-test-renderer.development.js:4148:13)
      at dispatchSetState (node_modules/react-test-renderer/cjs/react-test-renderer.development.js:4107:7)
      at setSendAssetType (contexts/SendFlowContext.js:35:7)
      at Object.react-stack-bottom-frame (node_modules/react-test-renderer/cjs/react-test-renderer.development.js:14062:20)
      at runWithFiberInDEV (node_modules/react-test-renderer/cjs/react-test-renderer.development.js:1574:13)
      at commitHookEffectListMount (node_modules/react-test-renderer/cjs/react-test-renderer.development.js:8376:29)
      at commitHookPassiveMountEffects (node_modules/react-test-renderer/cjs/react-test-renderer.development.js:8465:11)
      at commitPassiveMountOnFiber (node_modules/react-test-renderer/cjs/react-test-renderer.development.js:9782:13)
      at recursivelyTraversePassiveMountEffects (node_modules/react-test-renderer/cjs/react-test-renderer.development.js:9756:11)
      at commitPassiveMountOnFiber (node_modules/react-test-renderer/cjs/react-test-renderer.development.js:9775:11)
      at recursivelyTraversePassiveMountEffects (node_modules/react-test-renderer/cjs/react-test-renderer.development.js:9756:11)
      at commitPassiveMountOnFiber (node_modules/react-test-renderer/cjs/react-test-renderer.development.js:9794:11)
      at flushPendingEffects (node_modules/react-test-renderer/cjs/react-test-renderer.development.js:11528:11)
      at performWorkOnRootViaSchedulerTask (node_modules/react-test-renderer/cjs/react-test-renderer.development.js:2082:11)
      at flushActQueue (node_modules/react/cjs/react.development.js:566:34)
      at process.env.NODE_ENV.exports.act (node_modules/react/cjs/react.development.js:859:10)
      at Object.<anonymous> (contexts/__tests__/SendFlowContext.test.js:160:8)

    console.error
      The current testing environment is not configured to support act(...)

      37 |       // Auto-reset to idle after 10 seconds when confirmed
      38 |       const timer = setTimeout(() => {
    > 39 |         setIntentStep('idle');
         |         ^
      40 |       }, 10000);
      41 |
      42 |       return () => clearTimeout(timer);

      at isConcurrentActEnvironment (node_modules/react-test-renderer/cjs/react-test-renderer.development.js:10243:17)
      at warnIfUpdatesNotWrappedWithActDEV (node_modules/react-test-renderer/cjs/react-test-renderer.development.js:11798:7)
      at scheduleUpdateOnFiber (node_modules/react-test-renderer/cjs/react-test-renderer.development.js:10326:9)
      at dispatchSetStateInternal (node_modules/react-test-renderer/cjs/react-test-renderer.development.js:4148:13)
      at dispatchSetState (node_modules/react-test-renderer/cjs/react-test-renderer.development.js:4107:7)
      at setIntentStep (contexts/SendFlowContext.js:39:9)
      at callTimer (node_modules/@sinonjs/fake-timers/src/fake-timers-src.js:806:24)
      at doTickInner (node_modules/@sinonjs/fake-timers/src/fake-timers-src.js:1413:29)
      at doTick (node_modules/@sinonjs/fake-timers/src/fake-timers-src.js:1494:20)
      at Object.tick (node_modules/@sinonjs/fake-timers/src/fake-timers-src.js:1502:20)
      at FakeTimers.advanceTimersByTime (node_modules/@jest/fake-timers/build/index.js:576:19)
      at advanceTimersByTime (contexts/__tests__/SendFlowContext.test.js:168:12)
      at process.env.NODE_ENV.exports.act (node_modules/react/cjs/react.development.js:789:22)
      at Object.<anonymous> (contexts/__tests__/SendFlowContext.test.js:167:8)

    console.error
      react-test-renderer is deprecated. See https://react.dev/warnings/react-test-renderer

      19 |   act(() => {
      20 |     component = Wrapper
    > 21 |       ? create(<Wrapper><TestComponent /></Wrapper>)
         |               ^
      22 |       : create(<TestComponent />);
      23 |   });
      24 |

      at process.env.NODE_ENV.exports.create (node_modules/react-test-renderer/cjs/react-test-renderer.development.js:14598:17)
      at contexts/__tests__/SendFlowContext.test.js:21:15
      at process.env.NODE_ENV.exports.act (node_modules/react/cjs/react.development.js:789:22)
      at renderHook (contexts/__tests__/SendFlowContext.test.js:19:6)
      at Object.renderHook (contexts/__tests__/SendFlowContext.test.js:176:24)

    console.error
      The current testing environment is not configured to support act(...)

      19 |   act(() => {
      20 |     component = Wrapper
    > 21 |       ? create(<Wrapper><TestComponent /></Wrapper>)
         |               ^
      22 |       : create(<TestComponent />);
      23 |   });
      24 |

      at isConcurrentActEnvironment (node_modules/react-test-renderer/cjs/react-test-renderer.development.js:10243:17)
      at warnIfUpdatesNotWrappedWithActDEV (node_modules/react-test-renderer/cjs/react-test-renderer.development.js:11798:7)
      at scheduleUpdateOnFiber (node_modules/react-test-renderer/cjs/react-test-renderer.development.js:10326:9)
      at updateContainerImpl (node_modules/react-test-renderer/cjs/react-test-renderer.development.js:12382:10)
      at updateContainer (node_modules/react-test-renderer/cjs/react-test-renderer.development.js:12326:7)
      at process.env.NODE_ENV.exports.create (node_modules/react-test-renderer/cjs/react-test-renderer.development.js:14630:7)
      at contexts/__tests__/SendFlowContext.test.js:21:15
      at process.env.NODE_ENV.exports.act (node_modules/react/cjs/react.development.js:789:22)
      at renderHook (contexts/__tests__/SendFlowContext.test.js:19:6)
      at Object.renderHook (contexts/__tests__/SendFlowContext.test.js:176:24)

    console.error
      The current testing environment is not configured to support act(...)

      178 |     // Set to confirmed
      179 |     act(() => {
    > 180 |       result.current.setIntentStep('confirmed');
          |                      ^
      181 |     });
      182 |
      183 |     expect(result.current.intentStep).toBe('confirmed');

      at isConcurrentActEnvironment (node_modules/react-test-renderer/cjs/react-test-renderer.development.js:10243:17)
      at warnIfUpdatesNotWrappedWithActDEV (node_modules/react-test-renderer/cjs/react-test-renderer.development.js:11798:7)
      at scheduleUpdateOnFiber (node_modules/react-test-renderer/cjs/react-test-renderer.development.js:10326:9)
      at dispatchSetStateInternal (node_modules/react-test-renderer/cjs/react-test-renderer.development.js:4148:13)
      at dispatchSetState (node_modules/react-test-renderer/cjs/react-test-renderer.development.js:4107:7)
      at setIntentStep (contexts/__tests__/SendFlowContext.test.js:180:22)
      at process.env.NODE_ENV.exports.act (node_modules/react/cjs/react.development.js:789:22)
      at Object.<anonymous> (contexts/__tests__/SendFlowContext.test.js:179:8)

    console.error
      The current testing environment is not configured to support act(...)

      31 |     if (intentStep === 'confirmed') {
      32 |       // Clear transaction fields so they don't persist
    > 33 |       setSendRecipient('');
         |       ^
      34 |       setSendAmount('');
      35 |       setSendAssetType(null);
      36 |

      at isConcurrentActEnvironment (node_modules/react-test-renderer/cjs/react-test-renderer.development.js:10243:17)
      at warnIfUpdatesNotWrappedWithActDEV (node_modules/react-test-renderer/cjs/react-test-renderer.development.js:11798:7)
      at scheduleUpdateOnFiber (node_modules/react-test-renderer/cjs/react-test-renderer.development.js:10326:9)
      at dispatchSetStateInternal (node_modules/react-test-renderer/cjs/react-test-renderer.development.js:4148:13)
      at dispatchSetState (node_modules/react-test-renderer/cjs/react-test-renderer.development.js:4107:7)
      at setSendRecipient (contexts/SendFlowContext.js:33:7)
      at Object.react-stack-bottom-frame (node_modules/react-test-renderer/cjs/react-test-renderer.development.js:14062:20)
      at runWithFiberInDEV (node_modules/react-test-renderer/cjs/react-test-renderer.development.js:1574:13)
      at commitHookEffectListMount (node_modules/react-test-renderer/cjs/react-test-renderer.development.js:8376:29)
      at commitHookPassiveMountEffects (node_modules/react-test-renderer/cjs/react-test-renderer.development.js:8465:11)
      at commitPassiveMountOnFiber (node_modules/react-test-renderer/cjs/react-test-renderer.development.js:9782:13)
      at recursivelyTraversePassiveMountEffects (node_modules/react-test-renderer/cjs/react-test-renderer.development.js:9756:11)
      at commitPassiveMountOnFiber (node_modules/react-test-renderer/cjs/react-test-renderer.development.js:9775:11)
      at recursivelyTraversePassiveMountEffects (node_modules/react-test-renderer/cjs/react-test-renderer.development.js:9756:11)
      at commitPassiveMountOnFiber (node_modules/react-test-renderer/cjs/react-test-renderer.development.js:9794:11)
      at flushPendingEffects (node_modules/react-test-renderer/cjs/react-test-renderer.development.js:11528:11)
      at performWorkOnRootViaSchedulerTask (node_modules/react-test-renderer/cjs/react-test-renderer.development.js:2082:11)
      at flushActQueue (node_modules/react/cjs/react.development.js:566:34)
      at process.env.NODE_ENV.exports.act (node_modules/react/cjs/react.development.js:859:10)
      at Object.<anonymous> (contexts/__tests__/SendFlowContext.test.js:179:8)

    console.error
      The current testing environment is not configured to support act(...)

      32 |       // Clear transaction fields so they don't persist
      33 |       setSendRecipient('');
    > 34 |       setSendAmount('');
         |       ^
      35 |       setSendAssetType(null);
      36 |
      37 |       // Auto-reset to idle after 10 seconds when confirmed

      at isConcurrentActEnvironment (node_modules/react-test-renderer/cjs/react-test-renderer.development.js:10243:17)
      at warnIfUpdatesNotWrappedWithActDEV (node_modules/react-test-renderer/cjs/react-test-renderer.development.js:11798:7)
      at scheduleUpdateOnFiber (node_modules/react-test-renderer/cjs/react-test-renderer.development.js:10326:9)
      at dispatchSetStateInternal (node_modules/react-test-renderer/cjs/react-test-renderer.development.js:4148:13)
      at dispatchSetState (node_modules/react-test-renderer/cjs/react-test-renderer.development.js:4107:7)
      at setSendAmount (contexts/SendFlowContext.js:34:7)
      at Object.react-stack-bottom-frame (node_modules/react-test-renderer/cjs/react-test-renderer.development.js:14062:20)
      at runWithFiberInDEV (node_modules/react-test-renderer/cjs/react-test-renderer.development.js:1574:13)
      at commitHookEffectListMount (node_modules/react-test-renderer/cjs/react-test-renderer.development.js:8376:29)
      at commitHookPassiveMountEffects (node_modules/react-test-renderer/cjs/react-test-renderer.development.js:8465:11)
      at commitPassiveMountOnFiber (node_modules/react-test-renderer/cjs/react-test-renderer.development.js:9782:13)
      at recursivelyTraversePassiveMountEffects (node_modules/react-test-renderer/cjs/react-test-renderer.development.js:9756:11)
      at commitPassiveMountOnFiber (node_modules/react-test-renderer/cjs/react-test-renderer.development.js:9775:11)
      at recursivelyTraversePassiveMountEffects (node_modules/react-test-renderer/cjs/react-test-renderer.development.js:9756:11)
      at commitPassiveMountOnFiber (node_modules/react-test-renderer/cjs/react-test-renderer.development.js:9794:11)
      at flushPendingEffects (node_modules/react-test-renderer/cjs/react-test-renderer.development.js:11528:11)
      at performWorkOnRootViaSchedulerTask (node_modules/react-test-renderer/cjs/react-test-renderer.development.js:2082:11)
      at flushActQueue (node_modules/react/cjs/react.development.js:566:34)
      at process.env.NODE_ENV.exports.act (node_modules/react/cjs/react.development.js:859:10)
      at Object.<anonymous> (contexts/__tests__/SendFlowContext.test.js:179:8)

    console.error
      The current testing environment is not configured to support act(...)

      33 |       setSendRecipient('');
      34 |       setSendAmount('');
    > 35 |       setSendAssetType(null);
         |       ^
      36 |
      37 |       // Auto-reset to idle after 10 seconds when confirmed
      38 |       const timer = setTimeout(() => {

      at isConcurrentActEnvironment (node_modules/react-test-renderer/cjs/react-test-renderer.development.js:10243:17)
      at warnIfUpdatesNotWrappedWithActDEV (node_modules/react-test-renderer/cjs/react-test-renderer.development.js:11798:7)
      at scheduleUpdateOnFiber (node_modules/react-test-renderer/cjs/react-test-renderer.development.js:10326:9)
      at dispatchSetStateInternal (node_modules/react-test-renderer/cjs/react-test-renderer.development.js:4148:13)
      at dispatchSetState (node_modules/react-test-renderer/cjs/react-test-renderer.development.js:4107:7)
      at setSendAssetType (contexts/SendFlowContext.js:35:7)
      at Object.react-stack-bottom-frame (node_modules/react-test-renderer/cjs/react-test-renderer.development.js:14062:20)
      at runWithFiberInDEV (node_modules/react-test-renderer/cjs/react-test-renderer.development.js:1574:13)
      at commitHookEffectListMount (node_modules/react-test-renderer/cjs/react-test-renderer.development.js:8376:29)
      at commitHookPassiveMountEffects (node_modules/react-test-renderer/cjs/react-test-renderer.development.js:8465:11)
      at commitPassiveMountOnFiber (node_modules/react-test-renderer/cjs/react-test-renderer.development.js:9782:13)
      at recursivelyTraversePassiveMountEffects (node_modules/react-test-renderer/cjs/react-test-renderer.development.js:9756:11)
      at commitPassiveMountOnFiber (node_modules/react-test-renderer/cjs/react-test-renderer.development.js:9775:11)
      at recursivelyTraversePassiveMountEffects (node_modules/react-test-renderer/cjs/react-test-renderer.development.js:9756:11)
      at commitPassiveMountOnFiber (node_modules/react-test-renderer/cjs/react-test-renderer.development.js:9794:11)
      at flushPendingEffects (node_modules/react-test-renderer/cjs/react-test-renderer.development.js:11528:11)
      at performWorkOnRootViaSchedulerTask (node_modules/react-test-renderer/cjs/react-test-renderer.development.js:2082:11)
      at flushActQueue (node_modules/react/cjs/react.development.js:566:34)
      at process.env.NODE_ENV.exports.act (node_modules/react/cjs/react.development.js:859:10)
      at Object.<anonymous> (contexts/__tests__/SendFlowContext.test.js:179:8)

    console.error
      The current testing environment is not configured to support act(...)

      186 |     act(() => {
      187 |       jest.advanceTimersByTime(5000);
    > 188 |       result.current.setIntentStep('reviewing');
          |                      ^
      189 |     });
      190 |
      191 |     expect(result.current.intentStep).toBe('reviewing');

      at isConcurrentActEnvironment (node_modules/react-test-renderer/cjs/react-test-renderer.development.js:10243:17)
      at warnIfUpdatesNotWrappedWithActDEV (node_modules/react-test-renderer/cjs/react-test-renderer.development.js:11798:7)
      at scheduleUpdateOnFiber (node_modules/react-test-renderer/cjs/react-test-renderer.development.js:10326:9)
      at dispatchSetStateInternal (node_modules/react-test-renderer/cjs/react-test-renderer.development.js:4148:13)
      at dispatchSetState (node_modules/react-test-renderer/cjs/react-test-renderer.development.js:4107:7)
      at setIntentStep (contexts/__tests__/SendFlowContext.test.js:188:22)
      at process.env.NODE_ENV.exports.act (node_modules/react/cjs/react.development.js:789:22)
      at Object.<anonymous> (contexts/__tests__/SendFlowContext.test.js:186:8)

    console.error
      react-test-renderer is deprecated. See https://react.dev/warnings/react-test-renderer

      19 |   act(() => {
      20 |     component = Wrapper
    > 21 |       ? create(<Wrapper><TestComponent /></Wrapper>)
         |               ^
      22 |       : create(<TestComponent />);
      23 |   });
      24 |

      at process.env.NODE_ENV.exports.create (node_modules/react-test-renderer/cjs/react-test-renderer.development.js:14598:17)
      at contexts/__tests__/SendFlowContext.test.js:21:15
      at process.env.NODE_ENV.exports.act (node_modules/react/cjs/react.development.js:789:22)
      at renderHook (contexts/__tests__/SendFlowContext.test.js:19:6)
      at Object.renderHook (contexts/__tests__/SendFlowContext.test.js:204:33)

    console.error
      The current testing environment is not configured to support act(...)

      19 |   act(() => {
      20 |     component = Wrapper
    > 21 |       ? create(<Wrapper><TestComponent /></Wrapper>)
         |               ^
      22 |       : create(<TestComponent />);
      23 |   });
      24 |

      at isConcurrentActEnvironment (node_modules/react-test-renderer/cjs/react-test-renderer.development.js:10243:17)
      at warnIfUpdatesNotWrappedWithActDEV (node_modules/react-test-renderer/cjs/react-test-renderer.development.js:11798:7)
      at scheduleUpdateOnFiber (node_modules/react-test-renderer/cjs/react-test-renderer.development.js:10326:9)
      at updateContainerImpl (node_modules/react-test-renderer/cjs/react-test-renderer.development.js:12382:10)
      at updateContainer (node_modules/react-test-renderer/cjs/react-test-renderer.development.js:12326:7)
      at process.env.NODE_ENV.exports.create (node_modules/react-test-renderer/cjs/react-test-renderer.development.js:14630:7)
      at contexts/__tests__/SendFlowContext.test.js:21:15
      at process.env.NODE_ENV.exports.act (node_modules/react/cjs/react.development.js:789:22)
      at renderHook (contexts/__tests__/SendFlowContext.test.js:19:6)
      at Object.renderHook (contexts/__tests__/SendFlowContext.test.js:204:33)

    console.error
      The current testing environment is not configured to support act(...)

      206 |     // Set to confirmed
      207 |     act(() => {
    > 208 |       result.current.setIntentStep('confirmed');
          |                      ^
      209 |     });
      210 |
      211 |     // Unmount before timer fires

      at isConcurrentActEnvironment (node_modules/react-test-renderer/cjs/react-test-renderer.development.js:10243:17)
      at warnIfUpdatesNotWrappedWithActDEV (node_modules/react-test-renderer/cjs/react-test-renderer.development.js:11798:7)
      at scheduleUpdateOnFiber (node_modules/react-test-renderer/cjs/react-test-renderer.development.js:10326:9)
      at dispatchSetStateInternal (node_modules/react-test-renderer/cjs/react-test-renderer.development.js:4148:13)
      at dispatchSetState (node_modules/react-test-renderer/cjs/react-test-renderer.development.js:4107:7)
      at setIntentStep (contexts/__tests__/SendFlowContext.test.js:208:22)
      at process.env.NODE_ENV.exports.act (node_modules/react/cjs/react.development.js:789:22)
      at Object.<anonymous> (contexts/__tests__/SendFlowContext.test.js:207:8)

    console.error
      The current testing environment is not configured to support act(...)

      31 |     if (intentStep === 'confirmed') {
      32 |       // Clear transaction fields so they don't persist
    > 33 |       setSendRecipient('');
         |       ^
      34 |       setSendAmount('');
      35 |       setSendAssetType(null);
      36 |

      at isConcurrentActEnvironment (node_modules/react-test-renderer/cjs/react-test-renderer.development.js:10243:17)
      at warnIfUpdatesNotWrappedWithActDEV (node_modules/react-test-renderer/cjs/react-test-renderer.development.js:11798:7)
      at scheduleUpdateOnFiber (node_modules/react-test-renderer/cjs/react-test-renderer.development.js:10326:9)
      at dispatchSetStateInternal (node_modules/react-test-renderer/cjs/react-test-renderer.development.js:4148:13)
      at dispatchSetState (node_modules/react-test-renderer/cjs/react-test-renderer.development.js:4107:7)
      at setSendRecipient (contexts/SendFlowContext.js:33:7)
      at Object.react-stack-bottom-frame (node_modules/react-test-renderer/cjs/react-test-renderer.development.js:14062:20)
      at runWithFiberInDEV (node_modules/react-test-renderer/cjs/react-test-renderer.development.js:1574:13)
      at commitHookEffectListMount (node_modules/react-test-renderer/cjs/react-test-renderer.development.js:8376:29)
      at commitHookPassiveMountEffects (node_modules/react-test-renderer/cjs/react-test-renderer.development.js:8465:11)
      at commitPassiveMountOnFiber (node_modules/react-test-renderer/cjs/react-test-renderer.development.js:9782:13)
      at recursivelyTraversePassiveMountEffects (node_modules/react-test-renderer/cjs/react-test-renderer.development.js:9756:11)
      at commitPassiveMountOnFiber (node_modules/react-test-renderer/cjs/react-test-renderer.development.js:9775:11)
      at recursivelyTraversePassiveMountEffects (node_modules/react-test-renderer/cjs/react-test-renderer.development.js:9756:11)
      at commitPassiveMountOnFiber (node_modules/react-test-renderer/cjs/react-test-renderer.development.js:9794:11)
      at flushPendingEffects (node_modules/react-test-renderer/cjs/react-test-renderer.development.js:11528:11)
      at performWorkOnRootViaSchedulerTask (node_modules/react-test-renderer/cjs/react-test-renderer.development.js:2082:11)
      at flushActQueue (node_modules/react/cjs/react.development.js:566:34)
      at process.env.NODE_ENV.exports.act (node_modules/react/cjs/react.development.js:859:10)
      at Object.<anonymous> (contexts/__tests__/SendFlowContext.test.js:207:8)

    console.error
      The current testing environment is not configured to support act(...)

      32 |       // Clear transaction fields so they don't persist
      33 |       setSendRecipient('');
    > 34 |       setSendAmount('');
         |       ^
      35 |       setSendAssetType(null);
      36 |
      37 |       // Auto-reset to idle after 10 seconds when confirmed

      at isConcurrentActEnvironment (node_modules/react-test-renderer/cjs/react-test-renderer.development.js:10243:17)
      at warnIfUpdatesNotWrappedWithActDEV (node_modules/react-test-renderer/cjs/react-test-renderer.development.js:11798:7)
      at scheduleUpdateOnFiber (node_modules/react-test-renderer/cjs/react-test-renderer.development.js:10326:9)
      at dispatchSetStateInternal (node_modules/react-test-renderer/cjs/react-test-renderer.development.js:4148:13)
      at dispatchSetState (node_modules/react-test-renderer/cjs/react-test-renderer.development.js:4107:7)
      at setSendAmount (contexts/SendFlowContext.js:34:7)
      at Object.react-stack-bottom-frame (node_modules/react-test-renderer/cjs/react-test-renderer.development.js:14062:20)
      at runWithFiberInDEV (node_modules/react-test-renderer/cjs/react-test-renderer.development.js:1574:13)
      at commitHookEffectListMount (node_modules/react-test-renderer/cjs/react-test-renderer.development.js:8376:29)
      at commitHookPassiveMountEffects (node_modules/react-test-renderer/cjs/react-test-renderer.development.js:8465:11)
      at commitPassiveMountOnFiber (node_modules/react-test-renderer/cjs/react-test-renderer.development.js:9782:13)
      at recursivelyTraversePassiveMountEffects (node_modules/react-test-renderer/cjs/react-test-renderer.development.js:9756:11)
      at commitPassiveMountOnFiber (node_modules/react-test-renderer/cjs/react-test-renderer.development.js:9775:11)
      at recursivelyTraversePassiveMountEffects (node_modules/react-test-renderer/cjs/react-test-renderer.development.js:9756:11)
      at commitPassiveMountOnFiber (node_modules/react-test-renderer/cjs/react-test-renderer.development.js:9794:11)
      at flushPendingEffects (node_modules/react-test-renderer/cjs/react-test-renderer.development.js:11528:11)
      at performWorkOnRootViaSchedulerTask (node_modules/react-test-renderer/cjs/react-test-renderer.development.js:2082:11)
      at flushActQueue (node_modules/react/cjs/react.development.js:566:34)
      at process.env.NODE_ENV.exports.act (node_modules/react/cjs/react.development.js:859:10)
      at Object.<anonymous> (contexts/__tests__/SendFlowContext.test.js:207:8)

    console.error
      The current testing environment is not configured to support act(...)

      33 |       setSendRecipient('');
      34 |       setSendAmount('');
    > 35 |       setSendAssetType(null);
         |       ^
      36 |
      37 |       // Auto-reset to idle after 10 seconds when confirmed
      38 |       const timer = setTimeout(() => {

      at isConcurrentActEnvironment (node_modules/react-test-renderer/cjs/react-test-renderer.development.js:10243:17)
      at warnIfUpdatesNotWrappedWithActDEV (node_modules/react-test-renderer/cjs/react-test-renderer.development.js:11798:7)
      at scheduleUpdateOnFiber (node_modules/react-test-renderer/cjs/react-test-renderer.development.js:10326:9)
      at dispatchSetStateInternal (node_modules/react-test-renderer/cjs/react-test-renderer.development.js:4148:13)
      at dispatchSetState (node_modules/react-test-renderer/cjs/react-test-renderer.development.js:4107:7)
      at setSendAssetType (contexts/SendFlowContext.js:35:7)
      at Object.react-stack-bottom-frame (node_modules/react-test-renderer/cjs/react-test-renderer.development.js:14062:20)
      at runWithFiberInDEV (node_modules/react-test-renderer/cjs/react-test-renderer.development.js:1574:13)
      at commitHookEffectListMount (node_modules/react-test-renderer/cjs/react-test-renderer.development.js:8376:29)
      at commitHookPassiveMountEffects (node_modules/react-test-renderer/cjs/react-test-renderer.development.js:8465:11)
      at commitPassiveMountOnFiber (node_modules/react-test-renderer/cjs/react-test-renderer.development.js:9782:13)
      at recursivelyTraversePassiveMountEffects (node_modules/react-test-renderer/cjs/react-test-renderer.development.js:9756:11)
      at commitPassiveMountOnFiber (node_modules/react-test-renderer/cjs/react-test-renderer.development.js:9775:11)
      at recursivelyTraversePassiveMountEffects (node_modules/react-test-renderer/cjs/react-test-renderer.development.js:9756:11)
      at commitPassiveMountOnFiber (node_modules/react-test-renderer/cjs/react-test-renderer.development.js:9794:11)
      at flushPendingEffects (node_modules/react-test-renderer/cjs/react-test-renderer.development.js:11528:11)
      at performWorkOnRootViaSchedulerTask (node_modules/react-test-renderer/cjs/react-test-renderer.development.js:2082:11)
      at flushActQueue (node_modules/react/cjs/react.development.js:566:34)
      at process.env.NODE_ENV.exports.act (node_modules/react/cjs/react.development.js:859:10)
      at Object.<anonymous> (contexts/__tests__/SendFlowContext.test.js:207:8)

    console.error
      The current testing environment is not configured to support act(...)

      211 |     // Unmount before timer fires
      212 |     act(() => {
    > 213 |       unmount();
          |       ^
      214 |     });
      215 |
      216 |     // Should not throw error when timer tries to fire

      at isConcurrentActEnvironment (node_modules/react-test-renderer/cjs/react-test-renderer.development.js:10243:17)
      at warnIfUpdatesNotWrappedWithActDEV (node_modules/react-test-renderer/cjs/react-test-renderer.development.js:11798:7)
      at scheduleUpdateOnFiber (node_modules/react-test-renderer/cjs/react-test-renderer.development.js:10326:9)
      at updateContainerImpl (node_modules/react-test-renderer/cjs/react-test-renderer.development.js:12382:10)
      at updateContainer (node_modules/react-test-renderer/cjs/react-test-renderer.development.js:12326:7)
      at unmount (node_modules/react-test-renderer/cjs/react-test-renderer.development.js:14674:14)
      at unmount (contexts/__tests__/SendFlowContext.test.js:213:7)
      at process.env.NODE_ENV.exports.act (node_modules/react/cjs/react.development.js:789:22)
      at Object.<anonymous> (contexts/__tests__/SendFlowContext.test.js:212:8)

PASS contexts/__tests__/UIContext.test.js
  ● Console

    console.error
      react-test-renderer is deprecated. See https://react.dev/warnings/react-test-renderer

      17 |   act(() => {
      18 |     component = Wrapper
    > 19 |       ? create(<Wrapper><TestComponent /></Wrapper>)
         |               ^
      20 |       : create(<TestComponent />);
      21 |   });
      22 |   return { result, rerender: component.update, unmount: component.unmount };

      at process.env.NODE_ENV.exports.create (node_modules/react-test-renderer/cjs/react-test-renderer.development.js:14598:17)
      at contexts/__tests__/UIContext.test.js:19:15
      at process.env.NODE_ENV.exports.act (node_modules/react/cjs/react.development.js:789:22)
      at renderHook (contexts/__tests__/UIContext.test.js:17:6)
      at Object.renderHook (contexts/__tests__/UIContext.test.js:37:24)

    console.error
      The current testing environment is not configured to support act(...)

      17 |   act(() => {
      18 |     component = Wrapper
    > 19 |       ? create(<Wrapper><TestComponent /></Wrapper>)
         |               ^
      20 |       : create(<TestComponent />);
      21 |   });
      22 |   return { result, rerender: component.update, unmount: component.unmount };

      at isConcurrentActEnvironment (node_modules/react-test-renderer/cjs/react-test-renderer.development.js:10243:17)
      at warnIfUpdatesNotWrappedWithActDEV (node_modules/react-test-renderer/cjs/react-test-renderer.development.js:11798:7)
      at scheduleUpdateOnFiber (node_modules/react-test-renderer/cjs/react-test-renderer.development.js:10326:9)
      at updateContainerImpl (node_modules/react-test-renderer/cjs/react-test-renderer.development.js:12382:10)
      at updateContainer (node_modules/react-test-renderer/cjs/react-test-renderer.development.js:12326:7)
      at process.env.NODE_ENV.exports.create (node_modules/react-test-renderer/cjs/react-test-renderer.development.js:14630:7)
      at contexts/__tests__/UIContext.test.js:19:15
      at process.env.NODE_ENV.exports.act (node_modules/react/cjs/react.development.js:789:22)
      at renderHook (contexts/__tests__/UIContext.test.js:17:6)
      at Object.renderHook (contexts/__tests__/UIContext.test.js:37:24)

    console.error
      react-test-renderer is deprecated. See https://react.dev/warnings/react-test-renderer

      17 |   act(() => {
      18 |     component = Wrapper
    > 19 |       ? create(<Wrapper><TestComponent /></Wrapper>)
         |               ^
      20 |       : create(<TestComponent />);
      21 |   });
      22 |   return { result, rerender: component.update, unmount: component.unmount };

      at process.env.NODE_ENV.exports.create (node_modules/react-test-renderer/cjs/react-test-renderer.development.js:14598:17)
      at contexts/__tests__/UIContext.test.js:19:15
      at process.env.NODE_ENV.exports.act (node_modules/react/cjs/react.development.js:789:22)
      at renderHook (contexts/__tests__/UIContext.test.js:17:6)
      at Object.renderHook (contexts/__tests__/UIContext.test.js:46:24)

    console.error
      The current testing environment is not configured to support act(...)

      17 |   act(() => {
      18 |     component = Wrapper
    > 19 |       ? create(<Wrapper><TestComponent /></Wrapper>)
         |               ^
      20 |       : create(<TestComponent />);
      21 |   });
      22 |   return { result, rerender: component.update, unmount: component.unmount };

      at isConcurrentActEnvironment (node_modules/react-test-renderer/cjs/react-test-renderer.development.js:10243:17)
      at warnIfUpdatesNotWrappedWithActDEV (node_modules/react-test-renderer/cjs/react-test-renderer.development.js:11798:7)
      at scheduleUpdateOnFiber (node_modules/react-test-renderer/cjs/react-test-renderer.development.js:10326:9)
      at updateContainerImpl (node_modules/react-test-renderer/cjs/react-test-renderer.development.js:12382:10)
      at updateContainer (node_modules/react-test-renderer/cjs/react-test-renderer.development.js:12326:7)
      at process.env.NODE_ENV.exports.create (node_modules/react-test-renderer/cjs/react-test-renderer.development.js:14630:7)
      at contexts/__tests__/UIContext.test.js:19:15
      at process.env.NODE_ENV.exports.act (node_modules/react/cjs/react.development.js:789:22)
      at renderHook (contexts/__tests__/UIContext.test.js:17:6)
      at Object.renderHook (contexts/__tests__/UIContext.test.js:46:24)

    console.error
      react-test-renderer is deprecated. See https://react.dev/warnings/react-test-renderer

      17 |   act(() => {
      18 |     component = Wrapper
    > 19 |       ? create(<Wrapper><TestComponent /></Wrapper>)
         |               ^
      20 |       : create(<TestComponent />);
      21 |   });
      22 |   return { result, rerender: component.update, unmount: component.unmount };

      at process.env.NODE_ENV.exports.create (node_modules/react-test-renderer/cjs/react-test-renderer.development.js:14598:17)
      at contexts/__tests__/UIContext.test.js:19:15
      at process.env.NODE_ENV.exports.act (node_modules/react/cjs/react.development.js:789:22)
      at renderHook (contexts/__tests__/UIContext.test.js:17:6)
      at Object.renderHook (contexts/__tests__/UIContext.test.js:55:24)

    console.error
      The current testing environment is not configured to support act(...)

      17 |   act(() => {
      18 |     component = Wrapper
    > 19 |       ? create(<Wrapper><TestComponent /></Wrapper>)
         |               ^
      20 |       : create(<TestComponent />);
      21 |   });
      22 |   return { result, rerender: component.update, unmount: component.unmount };

      at isConcurrentActEnvironment (node_modules/react-test-renderer/cjs/react-test-renderer.development.js:10243:17)
      at warnIfUpdatesNotWrappedWithActDEV (node_modules/react-test-renderer/cjs/react-test-renderer.development.js:11798:7)
      at scheduleUpdateOnFiber (node_modules/react-test-renderer/cjs/react-test-renderer.development.js:10326:9)
      at updateContainerImpl (node_modules/react-test-renderer/cjs/react-test-renderer.development.js:12382:10)
      at updateContainer (node_modules/react-test-renderer/cjs/react-test-renderer.development.js:12326:7)
      at process.env.NODE_ENV.exports.create (node_modules/react-test-renderer/cjs/react-test-renderer.development.js:14630:7)
      at contexts/__tests__/UIContext.test.js:19:15
      at process.env.NODE_ENV.exports.act (node_modules/react/cjs/react.development.js:789:22)
      at renderHook (contexts/__tests__/UIContext.test.js:17:6)
      at Object.renderHook (contexts/__tests__/UIContext.test.js:55:24)

    console.error
      The current testing environment is not configured to support act(...)

      56 |
      57 |     act(() => {
    > 58 |       result.current.setShowTotalInBTC(true);
         |                      ^
      59 |     });
      60 |
      61 |     expect(result.current.showTotalInBTC).toBe(true);

      at isConcurrentActEnvironment (node_modules/react-test-renderer/cjs/react-test-renderer.development.js:10243:17)
      at warnIfUpdatesNotWrappedWithActDEV (node_modules/react-test-renderer/cjs/react-test-renderer.development.js:11798:7)
      at scheduleUpdateOnFiber (node_modules/react-test-renderer/cjs/react-test-renderer.development.js:10326:9)
      at dispatchSetStateInternal (node_modules/react-test-renderer/cjs/react-test-renderer.development.js:4148:13)
      at dispatchSetState (node_modules/react-test-renderer/cjs/react-test-renderer.development.js:4107:7)
      at setShowTotalInBTC (contexts/__tests__/UIContext.test.js:58:22)
      at process.env.NODE_ENV.exports.act (node_modules/react/cjs/react.development.js:789:22)
      at Object.<anonymous> (contexts/__tests__/UIContext.test.js:57:8)

    console.error
      react-test-renderer is deprecated. See https://react.dev/warnings/react-test-renderer

      17 |   act(() => {
      18 |     component = Wrapper
    > 19 |       ? create(<Wrapper><TestComponent /></Wrapper>)
         |               ^
      20 |       : create(<TestComponent />);
      21 |   });
      22 |   return { result, rerender: component.update, unmount: component.unmount };

      at process.env.NODE_ENV.exports.create (node_modules/react-test-renderer/cjs/react-test-renderer.development.js:14598:17)
      at contexts/__tests__/UIContext.test.js:19:15
      at process.env.NODE_ENV.exports.act (node_modules/react/cjs/react.development.js:789:22)
      at renderHook (contexts/__tests__/UIContext.test.js:17:6)
      at Object.renderHook (contexts/__tests__/UIContext.test.js:66:24)

    console.error
      The current testing environment is not configured to support act(...)

      17 |   act(() => {
      18 |     component = Wrapper
    > 19 |       ? create(<Wrapper><TestComponent /></Wrapper>)
         |               ^
      20 |       : create(<TestComponent />);
      21 |   });
      22 |   return { result, rerender: component.update, unmount: component.unmount };

      at isConcurrentActEnvironment (node_modules/react-test-renderer/cjs/react-test-renderer.development.js:10243:17)
      at warnIfUpdatesNotWrappedWithActDEV (node_modules/react-test-renderer/cjs/react-test-renderer.development.js:11798:7)
      at scheduleUpdateOnFiber (node_modules/react-test-renderer/cjs/react-test-renderer.development.js:10326:9)
      at updateContainerImpl (node_modules/react-test-renderer/cjs/react-test-renderer.development.js:12382:10)
      at updateContainer (node_modules/react-test-renderer/cjs/react-test-renderer.development.js:12326:7)
      at process.env.NODE_ENV.exports.create (node_modules/react-test-renderer/cjs/react-test-renderer.development.js:14630:7)
      at contexts/__tests__/UIContext.test.js:19:15
      at process.env.NODE_ENV.exports.act (node_modules/react/cjs/react.development.js:789:22)
      at renderHook (contexts/__tests__/UIContext.test.js:17:6)
      at Object.renderHook (contexts/__tests__/UIContext.test.js:66:24)

    console.error
      The current testing environment is not configured to support act(...)

      67 |
      68 |     act(() => {
    > 69 |       result.current.setShowBTCInBTC(true);
         |                      ^
      70 |     });
      71 |
      72 |     expect(result.current.showBTCInBTC).toBe(true);

      at isConcurrentActEnvironment (node_modules/react-test-renderer/cjs/react-test-renderer.development.js:10243:17)
      at warnIfUpdatesNotWrappedWithActDEV (node_modules/react-test-renderer/cjs/react-test-renderer.development.js:11798:7)
      at scheduleUpdateOnFiber (node_modules/react-test-renderer/cjs/react-test-renderer.development.js:10326:9)
      at dispatchSetStateInternal (node_modules/react-test-renderer/cjs/react-test-renderer.development.js:4148:13)
      at dispatchSetState (node_modules/react-test-renderer/cjs/react-test-renderer.development.js:4107:7)
      at setShowBTCInBTC (contexts/__tests__/UIContext.test.js:69:22)
      at process.env.NODE_ENV.exports.act (node_modules/react/cjs/react.development.js:789:22)
      at Object.<anonymous> (contexts/__tests__/UIContext.test.js:68:8)

    console.error
      react-test-renderer is deprecated. See https://react.dev/warnings/react-test-renderer

      17 |   act(() => {
      18 |     component = Wrapper
    > 19 |       ? create(<Wrapper><TestComponent /></Wrapper>)
         |               ^
      20 |       : create(<TestComponent />);
      21 |   });
      22 |   return { result, rerender: component.update, unmount: component.unmount };

      at process.env.NODE_ENV.exports.create (node_modules/react-test-renderer/cjs/react-test-renderer.development.js:14598:17)
      at contexts/__tests__/UIContext.test.js:19:15
      at process.env.NODE_ENV.exports.act (node_modules/react/cjs/react.development.js:789:22)
      at renderHook (contexts/__tests__/UIContext.test.js:17:6)
      at Object.renderHook (contexts/__tests__/UIContext.test.js:77:24)

    console.error
      The current testing environment is not configured to support act(...)

      17 |   act(() => {
      18 |     component = Wrapper
    > 19 |       ? create(<Wrapper><TestComponent /></Wrapper>)
         |               ^
      20 |       : create(<TestComponent />);
      21 |   });
      22 |   return { result, rerender: component.update, unmount: component.unmount };

      at isConcurrentActEnvironment (node_modules/react-test-renderer/cjs/react-test-renderer.development.js:10243:17)
      at warnIfUpdatesNotWrappedWithActDEV (node_modules/react-test-renderer/cjs/react-test-renderer.development.js:11798:7)
      at scheduleUpdateOnFiber (node_modules/react-test-renderer/cjs/react-test-renderer.development.js:10326:9)
      at updateContainerImpl (node_modules/react-test-renderer/cjs/react-test-renderer.development.js:12382:10)
      at updateContainer (node_modules/react-test-renderer/cjs/react-test-renderer.development.js:12326:7)
      at process.env.NODE_ENV.exports.create (node_modules/react-test-renderer/cjs/react-test-renderer.development.js:14630:7)
      at contexts/__tests__/UIContext.test.js:19:15
      at process.env.NODE_ENV.exports.act (node_modules/react/cjs/react.development.js:789:22)
      at renderHook (contexts/__tests__/UIContext.test.js:17:6)
      at Object.renderHook (contexts/__tests__/UIContext.test.js:77:24)

    console.error
      The current testing environment is not configured to support act(...)

      78 |
      79 |     act(() => {
    > 80 |       result.current.setShowUnitInUnit(true);
         |                      ^
      81 |     });
      82 |
      83 |     expect(result.current.showUnitInUnit).toBe(true);

      at isConcurrentActEnvironment (node_modules/react-test-renderer/cjs/react-test-renderer.development.js:10243:17)
      at warnIfUpdatesNotWrappedWithActDEV (node_modules/react-test-renderer/cjs/react-test-renderer.development.js:11798:7)
      at scheduleUpdateOnFiber (node_modules/react-test-renderer/cjs/react-test-renderer.development.js:10326:9)
      at dispatchSetStateInternal (node_modules/react-test-renderer/cjs/react-test-renderer.development.js:4148:13)
      at dispatchSetState (node_modules/react-test-renderer/cjs/react-test-renderer.development.js:4107:7)
      at setShowUnitInUnit (contexts/__tests__/UIContext.test.js:80:22)
      at process.env.NODE_ENV.exports.act (node_modules/react/cjs/react.development.js:789:22)
      at Object.<anonymous> (contexts/__tests__/UIContext.test.js:79:8)

    console.error
      react-test-renderer is deprecated. See https://react.dev/warnings/react-test-renderer

      17 |   act(() => {
      18 |     component = Wrapper
    > 19 |       ? create(<Wrapper><TestComponent /></Wrapper>)
         |               ^
      20 |       : create(<TestComponent />);
      21 |   });
      22 |   return { result, rerender: component.update, unmount: component.unmount };

      at process.env.NODE_ENV.exports.create (node_modules/react-test-renderer/cjs/react-test-renderer.development.js:14598:17)
      at contexts/__tests__/UIContext.test.js:19:15
      at process.env.NODE_ENV.exports.act (node_modules/react/cjs/react.development.js:789:22)
      at renderHook (contexts/__tests__/UIContext.test.js:17:6)
      at Object.renderHook (contexts/__tests__/UIContext.test.js:88:24)

    console.error
      The current testing environment is not configured to support act(...)

      17 |   act(() => {
      18 |     component = Wrapper
    > 19 |       ? create(<Wrapper><TestComponent /></Wrapper>)
         |               ^
      20 |       : create(<TestComponent />);
      21 |   });
      22 |   return { result, rerender: component.update, unmount: component.unmount };

      at isConcurrentActEnvironment (node_modules/react-test-renderer/cjs/react-test-renderer.development.js:10243:17)
      at warnIfUpdatesNotWrappedWithActDEV (node_modules/react-test-renderer/cjs/react-test-renderer.development.js:11798:7)
      at scheduleUpdateOnFiber (node_modules/react-test-renderer/cjs/react-test-renderer.development.js:10326:9)
      at updateContainerImpl (node_modules/react-test-renderer/cjs/react-test-renderer.development.js:12382:10)
      at updateContainer (node_modules/react-test-renderer/cjs/react-test-renderer.development.js:12326:7)
      at process.env.NODE_ENV.exports.create (node_modules/react-test-renderer/cjs/react-test-renderer.development.js:14630:7)
      at contexts/__tests__/UIContext.test.js:19:15
      at process.env.NODE_ENV.exports.act (node_modules/react/cjs/react.development.js:789:22)
      at renderHook (contexts/__tests__/UIContext.test.js:17:6)
      at Object.renderHook (contexts/__tests__/UIContext.test.js:88:24)

    console.error
      react-test-renderer is deprecated. See https://react.dev/warnings/react-test-renderer

      17 |   act(() => {
      18 |     component = Wrapper
    > 19 |       ? create(<Wrapper><TestComponent /></Wrapper>)
         |               ^
      20 |       : create(<TestComponent />);
      21 |   });
      22 |   return { result, rerender: component.update, unmount: component.unmount };

      at process.env.NODE_ENV.exports.create (node_modules/react-test-renderer/cjs/react-test-renderer.development.js:14598:17)
      at contexts/__tests__/UIContext.test.js:19:15
      at process.env.NODE_ENV.exports.act (node_modules/react/cjs/react.development.js:789:22)
      at renderHook (contexts/__tests__/UIContext.test.js:17:6)
      at Object.renderHook (contexts/__tests__/UIContext.test.js:98:24)

    console.error
      The current testing environment is not configured to support act(...)

      17 |   act(() => {
      18 |     component = Wrapper
    > 19 |       ? create(<Wrapper><TestComponent /></Wrapper>)
         |               ^
      20 |       : create(<TestComponent />);
      21 |   });
      22 |   return { result, rerender: component.update, unmount: component.unmount };

      at isConcurrentActEnvironment (node_modules/react-test-renderer/cjs/react-test-renderer.development.js:10243:17)
      at warnIfUpdatesNotWrappedWithActDEV (node_modules/react-test-renderer/cjs/react-test-renderer.development.js:11798:7)
      at scheduleUpdateOnFiber (node_modules/react-test-renderer/cjs/react-test-renderer.development.js:10326:9)
      at updateContainerImpl (node_modules/react-test-renderer/cjs/react-test-renderer.development.js:12382:10)
      at updateContainer (node_modules/react-test-renderer/cjs/react-test-renderer.development.js:12326:7)
      at process.env.NODE_ENV.exports.create (node_modules/react-test-renderer/cjs/react-test-renderer.development.js:14630:7)
      at contexts/__tests__/UIContext.test.js:19:15
      at process.env.NODE_ENV.exports.act (node_modules/react/cjs/react.development.js:789:22)
      at renderHook (contexts/__tests__/UIContext.test.js:17:6)
      at Object.renderHook (contexts/__tests__/UIContext.test.js:98:24)

    console.error
      react-test-renderer is deprecated. See https://react.dev/warnings/react-test-renderer

      17 |   act(() => {
      18 |     component = Wrapper
    > 19 |       ? create(<Wrapper><TestComponent /></Wrapper>)
         |               ^
      20 |       : create(<TestComponent />);
      21 |   });
      22 |   return { result, rerender: component.update, unmount: component.unmount };

      at process.env.NODE_ENV.exports.create (node_modules/react-test-renderer/cjs/react-test-renderer.development.js:14598:17)
      at contexts/__tests__/UIContext.test.js:19:15
      at process.env.NODE_ENV.exports.act (node_modules/react/cjs/react.development.js:789:22)
      at renderHook (contexts/__tests__/UIContext.test.js:17:6)
      at Object.renderHook (contexts/__tests__/UIContext.test.js:107:24)

    console.error
      The current testing environment is not configured to support act(...)

      17 |   act(() => {
      18 |     component = Wrapper
    > 19 |       ? create(<Wrapper><TestComponent /></Wrapper>)
         |               ^
      20 |       : create(<TestComponent />);
      21 |   });
      22 |   return { result, rerender: component.update, unmount: component.unmount };

      at isConcurrentActEnvironment (node_modules/react-test-renderer/cjs/react-test-renderer.development.js:10243:17)
      at warnIfUpdatesNotWrappedWithActDEV (node_modules/react-test-renderer/cjs/react-test-renderer.development.js:11798:7)
      at scheduleUpdateOnFiber (node_modules/react-test-renderer/cjs/react-test-renderer.development.js:10326:9)
      at updateContainerImpl (node_modules/react-test-renderer/cjs/react-test-renderer.development.js:12382:10)
      at updateContainer (node_modules/react-test-renderer/cjs/react-test-renderer.development.js:12326:7)
      at process.env.NODE_ENV.exports.create (node_modules/react-test-renderer/cjs/react-test-renderer.development.js:14630:7)
      at contexts/__tests__/UIContext.test.js:19:15
      at process.env.NODE_ENV.exports.act (node_modules/react/cjs/react.development.js:789:22)
      at renderHook (contexts/__tests__/UIContext.test.js:17:6)
      at Object.renderHook (contexts/__tests__/UIContext.test.js:107:24)

    console.error
      The current testing environment is not configured to support act(...)

      40 |     // Replace all toasts with just this new one
      41 |     const newToast = { id, message, type };
    > 42 |     setToasts([newToast]);
         |     ^
      43 |
      44 |     // Auto-hide after duration
      45 |     timeoutsRef.current[id] = setTimeout(() => {

      at isConcurrentActEnvironment (node_modules/react-test-renderer/cjs/react-test-renderer.development.js:10243:17)
      at warnIfUpdatesNotWrappedWithActDEV (node_modules/react-test-renderer/cjs/react-test-renderer.development.js:11798:7)
      at scheduleUpdateOnFiber (node_modules/react-test-renderer/cjs/react-test-renderer.development.js:10326:9)
      at dispatchSetStateInternal (node_modules/react-test-renderer/cjs/react-test-renderer.development.js:4148:13)
      at dispatchSetState (node_modules/react-test-renderer/cjs/react-test-renderer.development.js:4107:7)
      at Object.setToasts (contexts/NotificationContext.js:42:5)
      at showToast (contexts/__tests__/UIContext.test.js:110:22)
      at process.env.NODE_ENV.exports.act (node_modules/react/cjs/react.development.js:789:22)
      at Object.<anonymous> (contexts/__tests__/UIContext.test.js:109:8)

    console.error
      react-test-renderer is deprecated. See https://react.dev/warnings/react-test-renderer

      17 |   act(() => {
      18 |     component = Wrapper
    > 19 |       ? create(<Wrapper><TestComponent /></Wrapper>)
         |               ^
      20 |       : create(<TestComponent />);
      21 |   });
      22 |   return { result, rerender: component.update, unmount: component.unmount };

      at process.env.NODE_ENV.exports.create (node_modules/react-test-renderer/cjs/react-test-renderer.development.js:14598:17)
      at contexts/__tests__/UIContext.test.js:19:15
      at process.env.NODE_ENV.exports.act (node_modules/react/cjs/react.development.js:789:22)
      at renderHook (contexts/__tests__/UIContext.test.js:17:6)
      at Object.renderHook (contexts/__tests__/UIContext.test.js:123:24)

    console.error
      The current testing environment is not configured to support act(...)

      17 |   act(() => {
      18 |     component = Wrapper
    > 19 |       ? create(<Wrapper><TestComponent /></Wrapper>)
         |               ^
      20 |       : create(<TestComponent />);
      21 |   });
      22 |   return { result, rerender: component.update, unmount: component.unmount };

      at isConcurrentActEnvironment (node_modules/react-test-renderer/cjs/react-test-renderer.development.js:10243:17)
      at warnIfUpdatesNotWrappedWithActDEV (node_modules/react-test-renderer/cjs/react-test-renderer.development.js:11798:7)
      at scheduleUpdateOnFiber (node_modules/react-test-renderer/cjs/react-test-renderer.development.js:10326:9)
      at updateContainerImpl (node_modules/react-test-renderer/cjs/react-test-renderer.development.js:12382:10)
      at updateContainer (node_modules/react-test-renderer/cjs/react-test-renderer.development.js:12326:7)
      at process.env.NODE_ENV.exports.create (node_modules/react-test-renderer/cjs/react-test-renderer.development.js:14630:7)
      at contexts/__tests__/UIContext.test.js:19:15
      at process.env.NODE_ENV.exports.act (node_modules/react/cjs/react.development.js:789:22)
      at renderHook (contexts/__tests__/UIContext.test.js:17:6)
      at Object.renderHook (contexts/__tests__/UIContext.test.js:123:24)

    console.error
      The current testing environment is not configured to support act(...)

      40 |     // Replace all toasts with just this new one
      41 |     const newToast = { id, message, type };
    > 42 |     setToasts([newToast]);
         |     ^
      43 |
      44 |     // Auto-hide after duration
      45 |     timeoutsRef.current[id] = setTimeout(() => {

      at isConcurrentActEnvironment (node_modules/react-test-renderer/cjs/react-test-renderer.development.js:10243:17)
      at warnIfUpdatesNotWrappedWithActDEV (node_modules/react-test-renderer/cjs/react-test-renderer.development.js:11798:7)
      at scheduleUpdateOnFiber (node_modules/react-test-renderer/cjs/react-test-renderer.development.js:10326:9)
      at dispatchSetStateInternal (node_modules/react-test-renderer/cjs/react-test-renderer.development.js:4148:13)
      at dispatchSetState (node_modules/react-test-renderer/cjs/react-test-renderer.development.js:4107:7)
      at Object.setToasts (contexts/NotificationContext.js:42:5)
      at showToast (contexts/__tests__/UIContext.test.js:126:22)
      at process.env.NODE_ENV.exports.act (node_modules/react/cjs/react.development.js:789:22)
      at Object.<anonymous> (contexts/__tests__/UIContext.test.js:125:8)

    console.error
      react-test-renderer is deprecated. See https://react.dev/warnings/react-test-renderer

      17 |   act(() => {
      18 |     component = Wrapper
    > 19 |       ? create(<Wrapper><TestComponent /></Wrapper>)
         |               ^
      20 |       : create(<TestComponent />);
      21 |   });
      22 |   return { result, rerender: component.update, unmount: component.unmount };

      at process.env.NODE_ENV.exports.create (node_modules/react-test-renderer/cjs/react-test-renderer.development.js:14598:17)
      at contexts/__tests__/UIContext.test.js:19:15
      at process.env.NODE_ENV.exports.act (node_modules/react/cjs/react.development.js:789:22)
      at renderHook (contexts/__tests__/UIContext.test.js:17:6)
      at Object.renderHook (contexts/__tests__/UIContext.test.js:135:24)

    console.error
      The current testing environment is not configured to support act(...)

      17 |   act(() => {
      18 |     component = Wrapper
    > 19 |       ? create(<Wrapper><TestComponent /></Wrapper>)
         |               ^
      20 |       : create(<TestComponent />);
      21 |   });
      22 |   return { result, rerender: component.update, unmount: component.unmount };

      at isConcurrentActEnvironment (node_modules/react-test-renderer/cjs/react-test-renderer.development.js:10243:17)
      at warnIfUpdatesNotWrappedWithActDEV (node_modules/react-test-renderer/cjs/react-test-renderer.development.js:11798:7)
      at scheduleUpdateOnFiber (node_modules/react-test-renderer/cjs/react-test-renderer.development.js:10326:9)
      at updateContainerImpl (node_modules/react-test-renderer/cjs/react-test-renderer.development.js:12382:10)
      at updateContainer (node_modules/react-test-renderer/cjs/react-test-renderer.development.js:12326:7)
      at process.env.NODE_ENV.exports.create (node_modules/react-test-renderer/cjs/react-test-renderer.development.js:14630:7)
      at contexts/__tests__/UIContext.test.js:19:15
      at process.env.NODE_ENV.exports.act (node_modules/react/cjs/react.development.js:789:22)
      at renderHook (contexts/__tests__/UIContext.test.js:17:6)
      at Object.renderHook (contexts/__tests__/UIContext.test.js:135:24)

    console.error
      The current testing environment is not configured to support act(...)

      40 |     // Replace all toasts with just this new one
      41 |     const newToast = { id, message, type };
    > 42 |     setToasts([newToast]);
         |     ^
      43 |
      44 |     // Auto-hide after duration
      45 |     timeoutsRef.current[id] = setTimeout(() => {

      at isConcurrentActEnvironment (node_modules/react-test-renderer/cjs/react-test-renderer.development.js:10243:17)
      at warnIfUpdatesNotWrappedWithActDEV (node_modules/react-test-renderer/cjs/react-test-renderer.development.js:11798:7)
      at scheduleUpdateOnFiber (node_modules/react-test-renderer/cjs/react-test-renderer.development.js:10326:9)
      at dispatchSetStateInternal (node_modules/react-test-renderer/cjs/react-test-renderer.development.js:4148:13)
      at dispatchSetState (node_modules/react-test-renderer/cjs/react-test-renderer.development.js:4107:7)
      at Object.setToasts (contexts/NotificationContext.js:42:5)
      at showToast (contexts/__tests__/UIContext.test.js:138:22)
      at process.env.NODE_ENV.exports.act (node_modules/react/cjs/react.development.js:789:22)
      at Object.<anonymous> (contexts/__tests__/UIContext.test.js:137:8)

    console.error
      The current testing environment is not configured to support act(...)

      44 |     // Auto-hide after duration
      45 |     timeoutsRef.current[id] = setTimeout(() => {
    > 46 |       setToasts([]);
         |       ^
      47 |       delete timeoutsRef.current[id];
      48 |     }, duration);
      49 |   }, []);

      at isConcurrentActEnvironment (node_modules/react-test-renderer/cjs/react-test-renderer.development.js:10243:17)
      at warnIfUpdatesNotWrappedWithActDEV (node_modules/react-test-renderer/cjs/react-test-renderer.development.js:11798:7)
      at scheduleUpdateOnFiber (node_modules/react-test-renderer/cjs/react-test-renderer.development.js:10326:9)
      at dispatchSetStateInternal (node_modules/react-test-renderer/cjs/react-test-renderer.development.js:4148:13)
      at dispatchSetState (node_modules/react-test-renderer/cjs/react-test-renderer.development.js:4107:7)
      at setToasts (contexts/NotificationContext.js:46:7)
      at callTimer (node_modules/@sinonjs/fake-timers/src/fake-timers-src.js:806:24)
      at doTickInner (node_modules/@sinonjs/fake-timers/src/fake-timers-src.js:1413:29)
      at doTick (node_modules/@sinonjs/fake-timers/src/fake-timers-src.js:1494:20)
      at Object.tick (node_modules/@sinonjs/fake-timers/src/fake-timers-src.js:1502:20)
      at FakeTimers.advanceTimersByTime (node_modules/@jest/fake-timers/build/index.js:576:19)
      at advanceTimersByTime (contexts/__tests__/UIContext.test.js:144:12)
      at process.env.NODE_ENV.exports.act (node_modules/react/cjs/react.development.js:789:22)
      at Object.<anonymous> (contexts/__tests__/UIContext.test.js:143:8)

    console.error
      react-test-renderer is deprecated. See https://react.dev/warnings/react-test-renderer

      17 |   act(() => {
      18 |     component = Wrapper
    > 19 |       ? create(<Wrapper><TestComponent /></Wrapper>)
         |               ^
      20 |       : create(<TestComponent />);
      21 |   });
      22 |   return { result, rerender: component.update, unmount: component.unmount };

      at process.env.NODE_ENV.exports.create (node_modules/react-test-renderer/cjs/react-test-renderer.development.js:14598:17)
      at contexts/__tests__/UIContext.test.js:19:15
      at process.env.NODE_ENV.exports.act (node_modules/react/cjs/react.development.js:789:22)
      at renderHook (contexts/__tests__/UIContext.test.js:17:6)
      at Object.renderHook (contexts/__tests__/UIContext.test.js:153:24)

    console.error
      The current testing environment is not configured to support act(...)

      17 |   act(() => {
      18 |     component = Wrapper
    > 19 |       ? create(<Wrapper><TestComponent /></Wrapper>)
         |               ^
      20 |       : create(<TestComponent />);
      21 |   });
      22 |   return { result, rerender: component.update, unmount: component.unmount };

      at isConcurrentActEnvironment (node_modules/react-test-renderer/cjs/react-test-renderer.development.js:10243:17)
      at warnIfUpdatesNotWrappedWithActDEV (node_modules/react-test-renderer/cjs/react-test-renderer.development.js:11798:7)
      at scheduleUpdateOnFiber (node_modules/react-test-renderer/cjs/react-test-renderer.development.js:10326:9)
      at updateContainerImpl (node_modules/react-test-renderer/cjs/react-test-renderer.development.js:12382:10)
      at updateContainer (node_modules/react-test-renderer/cjs/react-test-renderer.development.js:12326:7)
      at process.env.NODE_ENV.exports.create (node_modules/react-test-renderer/cjs/react-test-renderer.development.js:14630:7)
      at contexts/__tests__/UIContext.test.js:19:15
      at process.env.NODE_ENV.exports.act (node_modules/react/cjs/react.development.js:789:22)
      at renderHook (contexts/__tests__/UIContext.test.js:17:6)
      at Object.renderHook (contexts/__tests__/UIContext.test.js:153:24)

    console.error
      The current testing environment is not configured to support act(...)

      40 |     // Replace all toasts with just this new one
      41 |     const newToast = { id, message, type };
    > 42 |     setToasts([newToast]);
         |     ^
      43 |
      44 |     // Auto-hide after duration
      45 |     timeoutsRef.current[id] = setTimeout(() => {

      at isConcurrentActEnvironment (node_modules/react-test-renderer/cjs/react-test-renderer.development.js:10243:17)
      at warnIfUpdatesNotWrappedWithActDEV (node_modules/react-test-renderer/cjs/react-test-renderer.development.js:11798:7)
      at scheduleUpdateOnFiber (node_modules/react-test-renderer/cjs/react-test-renderer.development.js:10326:9)
      at dispatchSetStateInternal (node_modules/react-test-renderer/cjs/react-test-renderer.development.js:4148:13)
      at dispatchSetState (node_modules/react-test-renderer/cjs/react-test-renderer.development.js:4107:7)
      at Object.setToasts (contexts/NotificationContext.js:42:5)
      at showToast (contexts/__tests__/UIContext.test.js:156:22)
      at process.env.NODE_ENV.exports.act (node_modules/react/cjs/react.development.js:789:22)
      at Object.<anonymous> (contexts/__tests__/UIContext.test.js:155:8)

    console.error
      The current testing environment is not configured to support act(...)

      44 |     // Auto-hide after duration
      45 |     timeoutsRef.current[id] = setTimeout(() => {
    > 46 |       setToasts([]);
         |       ^
      47 |       delete timeoutsRef.current[id];
      48 |     }, duration);
      49 |   }, []);

      at isConcurrentActEnvironment (node_modules/react-test-renderer/cjs/react-test-renderer.development.js:10243:17)
      at warnIfUpdatesNotWrappedWithActDEV (node_modules/react-test-renderer/cjs/react-test-renderer.development.js:11798:7)
      at scheduleUpdateOnFiber (node_modules/react-test-renderer/cjs/react-test-renderer.development.js:10326:9)
      at dispatchSetStateInternal (node_modules/react-test-renderer/cjs/react-test-renderer.development.js:4148:13)
      at dispatchSetState (node_modules/react-test-renderer/cjs/react-test-renderer.development.js:4107:7)
      at setToasts (contexts/NotificationContext.js:46:7)
      at callTimer (node_modules/@sinonjs/fake-timers/src/fake-timers-src.js:806:24)
      at doTickInner (node_modules/@sinonjs/fake-timers/src/fake-timers-src.js:1413:29)
      at doTick (node_modules/@sinonjs/fake-timers/src/fake-timers-src.js:1494:20)
      at Object.tick (node_modules/@sinonjs/fake-timers/src/fake-timers-src.js:1502:20)
      at FakeTimers.advanceTimersByTime (node_modules/@jest/fake-timers/build/index.js:576:19)
      at advanceTimersByTime (contexts/__tests__/UIContext.test.js:169:12)
      at process.env.NODE_ENV.exports.act (node_modules/react/cjs/react.development.js:789:22)
      at Object.<anonymous> (contexts/__tests__/UIContext.test.js:168:8)

    console.error
      react-test-renderer is deprecated. See https://react.dev/warnings/react-test-renderer

      17 |   act(() => {
      18 |     component = Wrapper
    > 19 |       ? create(<Wrapper><TestComponent /></Wrapper>)
         |               ^
      20 |       : create(<TestComponent />);
      21 |   });
      22 |   return { result, rerender: component.update, unmount: component.unmount };

      at process.env.NODE_ENV.exports.create (node_modules/react-test-renderer/cjs/react-test-renderer.development.js:14598:17)
      at contexts/__tests__/UIContext.test.js:19:15
      at process.env.NODE_ENV.exports.act (node_modules/react/cjs/react.development.js:789:22)
      at renderHook (contexts/__tests__/UIContext.test.js:17:6)
      at Object.renderHook (contexts/__tests__/UIContext.test.js:176:24)

    console.error
      The current testing environment is not configured to support act(...)

      17 |   act(() => {
      18 |     component = Wrapper
    > 19 |       ? create(<Wrapper><TestComponent /></Wrapper>)
         |               ^
      20 |       : create(<TestComponent />);
      21 |   });
      22 |   return { result, rerender: component.update, unmount: component.unmount };

      at isConcurrentActEnvironment (node_modules/react-test-renderer/cjs/react-test-renderer.development.js:10243:17)
      at warnIfUpdatesNotWrappedWithActDEV (node_modules/react-test-renderer/cjs/react-test-renderer.development.js:11798:7)
      at scheduleUpdateOnFiber (node_modules/react-test-renderer/cjs/react-test-renderer.development.js:10326:9)
      at updateContainerImpl (node_modules/react-test-renderer/cjs/react-test-renderer.development.js:12382:10)
      at updateContainer (node_modules/react-test-renderer/cjs/react-test-renderer.development.js:12326:7)
      at process.env.NODE_ENV.exports.create (node_modules/react-test-renderer/cjs/react-test-renderer.development.js:14630:7)
      at contexts/__tests__/UIContext.test.js:19:15
      at process.env.NODE_ENV.exports.act (node_modules/react/cjs/react.development.js:789:22)
      at renderHook (contexts/__tests__/UIContext.test.js:17:6)
      at Object.renderHook (contexts/__tests__/UIContext.test.js:176:24)

    console.error
      The current testing environment is not configured to support act(...)

      40 |     // Replace all toasts with just this new one
      41 |     const newToast = { id, message, type };
    > 42 |     setToasts([newToast]);
         |     ^
      43 |
      44 |     // Auto-hide after duration
      45 |     timeoutsRef.current[id] = setTimeout(() => {

      at isConcurrentActEnvironment (node_modules/react-test-renderer/cjs/react-test-renderer.development.js:10243:17)
      at warnIfUpdatesNotWrappedWithActDEV (node_modules/react-test-renderer/cjs/react-test-renderer.development.js:11798:7)
      at scheduleUpdateOnFiber (node_modules/react-test-renderer/cjs/react-test-renderer.development.js:10326:9)
      at dispatchSetStateInternal (node_modules/react-test-renderer/cjs/react-test-renderer.development.js:4148:13)
      at dispatchSetState (node_modules/react-test-renderer/cjs/react-test-renderer.development.js:4107:7)
      at Object.setToasts (contexts/NotificationContext.js:42:5)
      at showToast (contexts/__tests__/UIContext.test.js:179:22)
      at process.env.NODE_ENV.exports.act (node_modules/react/cjs/react.development.js:789:22)
      at Object.<anonymous> (contexts/__tests__/UIContext.test.js:178:8)

    console.error
      The current testing environment is not configured to support act(...)

      40 |     // Replace all toasts with just this new one
      41 |     const newToast = { id, message, type };
    > 42 |     setToasts([newToast]);
         |     ^
      43 |
      44 |     // Auto-hide after duration
      45 |     timeoutsRef.current[id] = setTimeout(() => {

      at isConcurrentActEnvironment (node_modules/react-test-renderer/cjs/react-test-renderer.development.js:10243:17)
      at warnIfUpdatesNotWrappedWithActDEV (node_modules/react-test-renderer/cjs/react-test-renderer.development.js:11798:7)
      at scheduleUpdateOnFiber (node_modules/react-test-renderer/cjs/react-test-renderer.development.js:10326:9)
      at dispatchSetStateInternal (node_modules/react-test-renderer/cjs/react-test-renderer.development.js:4148:13)
      at dispatchSetState (node_modules/react-test-renderer/cjs/react-test-renderer.development.js:4107:7)
      at Object.setToasts (contexts/NotificationContext.js:42:5)
      at showToast (contexts/__tests__/UIContext.test.js:186:22)
      at process.env.NODE_ENV.exports.act (node_modules/react/cjs/react.development.js:789:22)
      at Object.<anonymous> (contexts/__tests__/UIContext.test.js:185:8)

    console.error
      react-test-renderer is deprecated. See https://react.dev/warnings/react-test-renderer

      17 |   act(() => {
      18 |     component = Wrapper
    > 19 |       ? create(<Wrapper><TestComponent /></Wrapper>)
         |               ^
      20 |       : create(<TestComponent />);
      21 |   });
      22 |   return { result, rerender: component.update, unmount: component.unmount };

      at process.env.NODE_ENV.exports.create (node_modules/react-test-renderer/cjs/react-test-renderer.development.js:14598:17)
      at contexts/__tests__/UIContext.test.js:19:15
      at process.env.NODE_ENV.exports.act (node_modules/react/cjs/react.development.js:789:22)
      at renderHook (contexts/__tests__/UIContext.test.js:17:6)
      at Object.renderHook (contexts/__tests__/UIContext.test.js:195:24)

    console.error
      The current testing environment is not configured to support act(...)

      17 |   act(() => {
      18 |     component = Wrapper
    > 19 |       ? create(<Wrapper><TestComponent /></Wrapper>)
         |               ^
      20 |       : create(<TestComponent />);
      21 |   });
      22 |   return { result, rerender: component.update, unmount: component.unmount };

      at isConcurrentActEnvironment (node_modules/react-test-renderer/cjs/react-test-renderer.development.js:10243:17)
      at warnIfUpdatesNotWrappedWithActDEV (node_modules/react-test-renderer/cjs/react-test-renderer.development.js:11798:7)
      at scheduleUpdateOnFiber (node_modules/react-test-renderer/cjs/react-test-renderer.development.js:10326:9)
      at updateContainerImpl (node_modules/react-test-renderer/cjs/react-test-renderer.development.js:12382:10)
      at updateContainer (node_modules/react-test-renderer/cjs/react-test-renderer.development.js:12326:7)
      at process.env.NODE_ENV.exports.create (node_modules/react-test-renderer/cjs/react-test-renderer.development.js:14630:7)
      at contexts/__tests__/UIContext.test.js:19:15
      at process.env.NODE_ENV.exports.act (node_modules/react/cjs/react.development.js:789:22)
      at renderHook (contexts/__tests__/UIContext.test.js:17:6)
      at Object.renderHook (contexts/__tests__/UIContext.test.js:195:24)

    console.error
      The current testing environment is not configured to support act(...)

      40 |     // Replace all toasts with just this new one
      41 |     const newToast = { id, message, type };
    > 42 |     setToasts([newToast]);
         |     ^
      43 |
      44 |     // Auto-hide after duration
      45 |     timeoutsRef.current[id] = setTimeout(() => {

      at isConcurrentActEnvironment (node_modules/react-test-renderer/cjs/react-test-renderer.development.js:10243:17)
      at warnIfUpdatesNotWrappedWithActDEV (node_modules/react-test-renderer/cjs/react-test-renderer.development.js:11798:7)
      at scheduleUpdateOnFiber (node_modules/react-test-renderer/cjs/react-test-renderer.development.js:10326:9)
      at dispatchSetStateInternal (node_modules/react-test-renderer/cjs/react-test-renderer.development.js:4148:13)
      at dispatchSetState (node_modules/react-test-renderer/cjs/react-test-renderer.development.js:4107:7)
      at Object.setToasts (contexts/NotificationContext.js:42:5)
      at showToast (contexts/__tests__/UIContext.test.js:198:22)
      at process.env.NODE_ENV.exports.act (node_modules/react/cjs/react.development.js:789:22)
      at Object.<anonymous> (contexts/__tests__/UIContext.test.js:197:8)

    console.error
      The current testing environment is not configured to support act(...)

      57 |
      58 |     // Remove toast
    > 59 |     setToasts((prev) => prev.filter((toast) => toast.id !== id));
         |     ^
      60 |   }, []);
      61 |
      62 |   // ============================================================

      at isConcurrentActEnvironment (node_modules/react-test-renderer/cjs/react-test-renderer.development.js:10243:17)
      at warnIfUpdatesNotWrappedWithActDEV (node_modules/react-test-renderer/cjs/react-test-renderer.development.js:11798:7)
      at scheduleUpdateOnFiber (node_modules/react-test-renderer/cjs/react-test-renderer.development.js:10326:9)
      at dispatchSetStateInternal (node_modules/react-test-renderer/cjs/react-test-renderer.development.js:4148:13)
      at dispatchSetState (node_modules/react-test-renderer/cjs/react-test-renderer.development.js:4107:7)
      at Object.setToasts [as dismissToast] (contexts/NotificationContext.js:59:5)
      at dismissToast (contexts/__tests__/UIContext.test.js:205:22)
      at process.env.NODE_ENV.exports.act (node_modules/react/cjs/react.development.js:789:22)
      at Object.<anonymous> (contexts/__tests__/UIContext.test.js:204:8)

    console.error
      react-test-renderer is deprecated. See https://react.dev/warnings/react-test-renderer

      17 |   act(() => {
      18 |     component = Wrapper
    > 19 |       ? create(<Wrapper><TestComponent /></Wrapper>)
         |               ^
      20 |       : create(<TestComponent />);
      21 |   });
      22 |   return { result, rerender: component.update, unmount: component.unmount };

      at process.env.NODE_ENV.exports.create (node_modules/react-test-renderer/cjs/react-test-renderer.development.js:14598:17)
      at contexts/__tests__/UIContext.test.js:19:15
      at process.env.NODE_ENV.exports.act (node_modules/react/cjs/react.development.js:789:22)
      at renderHook (contexts/__tests__/UIContext.test.js:17:6)
      at Object.renderHook (contexts/__tests__/UIContext.test.js:214:24)

    console.error
      The current testing environment is not configured to support act(...)

      17 |   act(() => {
      18 |     component = Wrapper
    > 19 |       ? create(<Wrapper><TestComponent /></Wrapper>)
         |               ^
      20 |       : create(<TestComponent />);
      21 |   });
      22 |   return { result, rerender: component.update, unmount: component.unmount };

      at isConcurrentActEnvironment (node_modules/react-test-renderer/cjs/react-test-renderer.development.js:10243:17)
      at warnIfUpdatesNotWrappedWithActDEV (node_modules/react-test-renderer/cjs/react-test-renderer.development.js:11798:7)
      at scheduleUpdateOnFiber (node_modules/react-test-renderer/cjs/react-test-renderer.development.js:10326:9)
      at updateContainerImpl (node_modules/react-test-renderer/cjs/react-test-renderer.development.js:12382:10)
      at updateContainer (node_modules/react-test-renderer/cjs/react-test-renderer.development.js:12326:7)
      at process.env.NODE_ENV.exports.create (node_modules/react-test-renderer/cjs/react-test-renderer.development.js:14630:7)
      at contexts/__tests__/UIContext.test.js:19:15
      at process.env.NODE_ENV.exports.act (node_modules/react/cjs/react.development.js:789:22)
      at renderHook (contexts/__tests__/UIContext.test.js:17:6)
      at Object.renderHook (contexts/__tests__/UIContext.test.js:214:24)

    console.error
      The current testing environment is not configured to support act(...)

      40 |     // Replace all toasts with just this new one
      41 |     const newToast = { id, message, type };
    > 42 |     setToasts([newToast]);
         |     ^
      43 |
      44 |     // Auto-hide after duration
      45 |     timeoutsRef.current[id] = setTimeout(() => {

      at isConcurrentActEnvironment (node_modules/react-test-renderer/cjs/react-test-renderer.development.js:10243:17)
      at warnIfUpdatesNotWrappedWithActDEV (node_modules/react-test-renderer/cjs/react-test-renderer.development.js:11798:7)
      at scheduleUpdateOnFiber (node_modules/react-test-renderer/cjs/react-test-renderer.development.js:10326:9)
      at dispatchSetStateInternal (node_modules/react-test-renderer/cjs/react-test-renderer.development.js:4148:13)
      at dispatchSetState (node_modules/react-test-renderer/cjs/react-test-renderer.development.js:4107:7)
      at Object.setToasts (contexts/NotificationContext.js:42:5)
      at showToast (contexts/__tests__/UIContext.test.js:217:22)
      at process.env.NODE_ENV.exports.act (node_modules/react/cjs/react.development.js:789:22)
      at Object.<anonymous> (contexts/__tests__/UIContext.test.js:216:8)

    console.error
      The current testing environment is not configured to support act(...)

      57 |
      58 |     // Remove toast
    > 59 |     setToasts((prev) => prev.filter((toast) => toast.id !== id));
         |     ^
      60 |   }, []);
      61 |
      62 |   // ============================================================

      at isConcurrentActEnvironment (node_modules/react-test-renderer/cjs/react-test-renderer.development.js:10243:17)
      at warnIfUpdatesNotWrappedWithActDEV (node_modules/react-test-renderer/cjs/react-test-renderer.development.js:11798:7)
      at scheduleUpdateOnFiber (node_modules/react-test-renderer/cjs/react-test-renderer.development.js:10326:9)
      at dispatchSetStateInternal (node_modules/react-test-renderer/cjs/react-test-renderer.development.js:4148:13)
      at dispatchSetState (node_modules/react-test-renderer/cjs/react-test-renderer.development.js:4107:7)
      at Object.setToasts [as dismissToast] (contexts/NotificationContext.js:59:5)
      at dismissToast (contexts/__tests__/UIContext.test.js:223:22)
      at process.env.NODE_ENV.exports.act (node_modules/react/cjs/react.development.js:789:22)
      at Object.<anonymous> (contexts/__tests__/UIContext.test.js:222:8)

    console.error
      react-test-renderer is deprecated. See https://react.dev/warnings/react-test-renderer

      17 |   act(() => {
      18 |     component = Wrapper
    > 19 |       ? create(<Wrapper><TestComponent /></Wrapper>)
         |               ^
      20 |       : create(<TestComponent />);
      21 |   });
      22 |   return { result, rerender: component.update, unmount: component.unmount };

      at process.env.NODE_ENV.exports.create (node_modules/react-test-renderer/cjs/react-test-renderer.development.js:14598:17)
      at contexts/__tests__/UIContext.test.js:19:15
      at process.env.NODE_ENV.exports.act (node_modules/react/cjs/react.development.js:789:22)
      at renderHook (contexts/__tests__/UIContext.test.js:17:6)
      at Object.renderHook (contexts/__tests__/UIContext.test.js:236:24)

    console.error
      The current testing environment is not configured to support act(...)

      17 |   act(() => {
      18 |     component = Wrapper
    > 19 |       ? create(<Wrapper><TestComponent /></Wrapper>)
         |               ^
      20 |       : create(<TestComponent />);
      21 |   });
      22 |   return { result, rerender: component.update, unmount: component.unmount };

      at isConcurrentActEnvironment (node_modules/react-test-renderer/cjs/react-test-renderer.development.js:10243:17)
      at warnIfUpdatesNotWrappedWithActDEV (node_modules/react-test-renderer/cjs/react-test-renderer.development.js:11798:7)
      at scheduleUpdateOnFiber (node_modules/react-test-renderer/cjs/react-test-renderer.development.js:10326:9)
      at updateContainerImpl (node_modules/react-test-renderer/cjs/react-test-renderer.development.js:12382:10)
      at updateContainer (node_modules/react-test-renderer/cjs/react-test-renderer.development.js:12326:7)
      at process.env.NODE_ENV.exports.create (node_modules/react-test-renderer/cjs/react-test-renderer.development.js:14630:7)
      at contexts/__tests__/UIContext.test.js:19:15
      at process.env.NODE_ENV.exports.act (node_modules/react/cjs/react.development.js:789:22)
      at renderHook (contexts/__tests__/UIContext.test.js:17:6)
      at Object.renderHook (contexts/__tests__/UIContext.test.js:236:24)

    console.error
      The current testing environment is not configured to support act(...)

      40 |     // Replace all toasts with just this new one
      41 |     const newToast = { id, message, type };
    > 42 |     setToasts([newToast]);
         |     ^
      43 |
      44 |     // Auto-hide after duration
      45 |     timeoutsRef.current[id] = setTimeout(() => {

      at isConcurrentActEnvironment (node_modules/react-test-renderer/cjs/react-test-renderer.development.js:10243:17)
      at warnIfUpdatesNotWrappedWithActDEV (node_modules/react-test-renderer/cjs/react-test-renderer.development.js:11798:7)
      at scheduleUpdateOnFiber (node_modules/react-test-renderer/cjs/react-test-renderer.development.js:10326:9)
      at dispatchSetStateInternal (node_modules/react-test-renderer/cjs/react-test-renderer.development.js:4148:13)
      at dispatchSetState (node_modules/react-test-renderer/cjs/react-test-renderer.development.js:4107:7)
      at Object.setToasts (contexts/NotificationContext.js:42:5)
      at showToast (contexts/__tests__/UIContext.test.js:239:22)
      at process.env.NODE_ENV.exports.act (node_modules/react/cjs/react.development.js:789:22)
      at Object.<anonymous> (contexts/__tests__/UIContext.test.js:238:8)

    console.error
      The current testing environment is not configured to support act(...)

      57 |
      58 |     // Remove toast
    > 59 |     setToasts((prev) => prev.filter((toast) => toast.id !== id));
         |     ^
      60 |   }, []);
      61 |
      62 |   // ============================================================

      at isConcurrentActEnvironment (node_modules/react-test-renderer/cjs/react-test-renderer.development.js:10243:17)
      at warnIfUpdatesNotWrappedWithActDEV (node_modules/react-test-renderer/cjs/react-test-renderer.development.js:11798:7)
      at scheduleUpdateOnFiber (node_modules/react-test-renderer/cjs/react-test-renderer.development.js:10326:9)
      at dispatchSetStateInternal (node_modules/react-test-renderer/cjs/react-test-renderer.development.js:4148:13)
      at dispatchSetState (node_modules/react-test-renderer/cjs/react-test-renderer.development.js:4107:7)
      at Object.setToasts [as dismissToast] (contexts/NotificationContext.js:59:5)
      at dismissToast (contexts/__tests__/UIContext.test.js:244:22)
      at process.env.NODE_ENV.exports.act (node_modules/react/cjs/react.development.js:789:22)
      at Object.<anonymous> (contexts/__tests__/UIContext.test.js:243:8)

    console.error
      react-test-renderer is deprecated. See https://react.dev/warnings/react-test-renderer

      17 |   act(() => {
      18 |     component = Wrapper
    > 19 |       ? create(<Wrapper><TestComponent /></Wrapper>)
         |               ^
      20 |       : create(<TestComponent />);
      21 |   });
      22 |   return { result, rerender: component.update, unmount: component.unmount };

      at process.env.NODE_ENV.exports.create (node_modules/react-test-renderer/cjs/react-test-renderer.development.js:14598:17)
      at contexts/__tests__/UIContext.test.js:19:15
      at process.env.NODE_ENV.exports.act (node_modules/react/cjs/react.development.js:789:22)
      at renderHook (contexts/__tests__/UIContext.test.js:17:6)
      at Object.renderHook (contexts/__tests__/UIContext.test.js:254:26)

    console.error
      The current testing environment is not configured to support act(...)

      17 |   act(() => {
      18 |     component = Wrapper
    > 19 |       ? create(<Wrapper><TestComponent /></Wrapper>)
         |               ^
      20 |       : create(<TestComponent />);
      21 |   });
      22 |   return { result, rerender: component.update, unmount: component.unmount };

      at isConcurrentActEnvironment (node_modules/react-test-renderer/cjs/react-test-renderer.development.js:10243:17)
      at warnIfUpdatesNotWrappedWithActDEV (node_modules/react-test-renderer/cjs/react-test-renderer.development.js:11798:7)
      at scheduleUpdateOnFiber (node_modules/react-test-renderer/cjs/react-test-renderer.development.js:10326:9)
      at updateContainerImpl (node_modules/react-test-renderer/cjs/react-test-renderer.development.js:12382:10)
      at updateContainer (node_modules/react-test-renderer/cjs/react-test-renderer.development.js:12326:7)
      at process.env.NODE_ENV.exports.create (node_modules/react-test-renderer/cjs/react-test-renderer.development.js:14630:7)
      at contexts/__tests__/UIContext.test.js:19:15
      at process.env.NODE_ENV.exports.act (node_modules/react/cjs/react.development.js:789:22)
      at renderHook (contexts/__tests__/UIContext.test.js:17:6)
      at Object.renderHook (contexts/__tests__/UIContext.test.js:254:26)

    console.log
      [DEBUG] 🎯 NotificationContext showSnackbar called with: { message: 'Test', type: 'success', action: 'send' }

      at Object.log [as debug] (utils/logger.js:24:15)

    console.error
      The current testing environment is not configured to support act(...)

       97 |
       98 |     lastSnackbarRef.current = snackbarParams;
    >  99 |     setSnackbar(snackbarParams);
          |     ^
      100 |   }, []);
      101 |
      102 |   const dismissSnackbar = useCallback(() => {

      at isConcurrentActEnvironment (node_modules/react-test-renderer/cjs/react-test-renderer.development.js:10243:17)
      at warnIfUpdatesNotWrappedWithActDEV (node_modules/react-test-renderer/cjs/react-test-renderer.development.js:11798:7)
      at scheduleUpdateOnFiber (node_modules/react-test-renderer/cjs/react-test-renderer.development.js:10326:9)
      at dispatchSetStateInternal (node_modules/react-test-renderer/cjs/react-test-renderer.development.js:4148:13)
      at dispatchSetState (node_modules/react-test-renderer/cjs/react-test-renderer.development.js:4107:7)
      at Object.setSnackbar [as showSnackbar] (contexts/NotificationContext.js:99:5)
      at showSnackbar (contexts/__tests__/UIContext.test.js:257:24)
      at process.env.NODE_ENV.exports.act (node_modules/react/cjs/react.development.js:789:22)
      at Object.<anonymous> (contexts/__tests__/UIContext.test.js:256:10)

    console.error
      react-test-renderer is deprecated. See https://react.dev/warnings/react-test-renderer

      17 |   act(() => {
      18 |     component = Wrapper
    > 19 |       ? create(<Wrapper><TestComponent /></Wrapper>)
         |               ^
      20 |       : create(<TestComponent />);
      21 |   });
      22 |   return { result, rerender: component.update, unmount: component.unmount };

      at process.env.NODE_ENV.exports.create (node_modules/react-test-renderer/cjs/react-test-renderer.development.js:14598:17)
      at contexts/__tests__/UIContext.test.js:19:15
      at process.env.NODE_ENV.exports.act (node_modules/react/cjs/react.development.js:789:22)
      at renderHook (contexts/__tests__/UIContext.test.js:17:6)
      at Object.renderHook (contexts/__tests__/UIContext.test.js:265:26)

    console.error
      The current testing environment is not configured to support act(...)

      17 |   act(() => {
      18 |     component = Wrapper
    > 19 |       ? create(<Wrapper><TestComponent /></Wrapper>)
         |               ^
      20 |       : create(<TestComponent />);
      21 |   });
      22 |   return { result, rerender: component.update, unmount: component.unmount };

      at isConcurrentActEnvironment (node_modules/react-test-renderer/cjs/react-test-renderer.development.js:10243:17)
      at warnIfUpdatesNotWrappedWithActDEV (node_modules/react-test-renderer/cjs/react-test-renderer.development.js:11798:7)
      at scheduleUpdateOnFiber (node_modules/react-test-renderer/cjs/react-test-renderer.development.js:10326:9)
      at updateContainerImpl (node_modules/react-test-renderer/cjs/react-test-renderer.development.js:12382:10)
      at updateContainer (node_modules/react-test-renderer/cjs/react-test-renderer.development.js:12326:7)
      at process.env.NODE_ENV.exports.create (node_modules/react-test-renderer/cjs/react-test-renderer.development.js:14630:7)
      at contexts/__tests__/UIContext.test.js:19:15
      at process.env.NODE_ENV.exports.act (node_modules/react/cjs/react.development.js:789:22)
      at renderHook (contexts/__tests__/UIContext.test.js:17:6)
      at Object.renderHook (contexts/__tests__/UIContext.test.js:265:26)

    console.log
      [DEBUG] 🎯 NotificationContext showSnackbar called with: { message: 'Pending', type: 'pending', action: 'send', txid: 'tx1' }

      at Object.log [as debug] (utils/logger.js:24:15)

    console.error
      The current testing environment is not configured to support act(...)

       97 |
       98 |     lastSnackbarRef.current = snackbarParams;
    >  99 |     setSnackbar(snackbarParams);
          |     ^
      100 |   }, []);
      101 |
      102 |   const dismissSnackbar = useCallback(() => {

      at isConcurrentActEnvironment (node_modules/react-test-renderer/cjs/react-test-renderer.development.js:10243:17)
      at warnIfUpdatesNotWrappedWithActDEV (node_modules/react-test-renderer/cjs/react-test-renderer.development.js:11798:7)
      at scheduleUpdateOnFiber (node_modules/react-test-renderer/cjs/react-test-renderer.development.js:10326:9)
      at dispatchSetStateInternal (node_modules/react-test-renderer/cjs/react-test-renderer.development.js:4148:13)
      at dispatchSetState (node_modules/react-test-renderer/cjs/react-test-renderer.development.js:4107:7)
      at Object.setSnackbar [as showSnackbar] (contexts/NotificationContext.js:99:5)
      at showSnackbar (contexts/__tests__/UIContext.test.js:268:24)
      at process.env.NODE_ENV.exports.act (node_modules/react/cjs/react.development.js:789:22)
      at Object.<anonymous> (contexts/__tests__/UIContext.test.js:267:10)

    console.log
      [DEBUG] 🎯 NotificationContext showSnackbar called with: {
        message: 'Submitted',
        type: 'submitted',
        action: 'send',
        txid: 'tx1'
      }

      at Object.log [as debug] (utils/logger.js:24:15)

    console.error
      The current testing environment is not configured to support act(...)

       97 |
       98 |     lastSnackbarRef.current = snackbarParams;
    >  99 |     setSnackbar(snackbarParams);
          |     ^
      100 |   }, []);
      101 |
      102 |   const dismissSnackbar = useCallback(() => {

      at isConcurrentActEnvironment (node_modules/react-test-renderer/cjs/react-test-renderer.development.js:10243:17)
      at warnIfUpdatesNotWrappedWithActDEV (node_modules/react-test-renderer/cjs/react-test-renderer.development.js:11798:7)
      at scheduleUpdateOnFiber (node_modules/react-test-renderer/cjs/react-test-renderer.development.js:10326:9)
      at dispatchSetStateInternal (node_modules/react-test-renderer/cjs/react-test-renderer.development.js:4148:13)
      at dispatchSetState (node_modules/react-test-renderer/cjs/react-test-renderer.development.js:4107:7)
      at Object.setSnackbar [as showSnackbar] (contexts/NotificationContext.js:99:5)
      at showSnackbar (contexts/__tests__/UIContext.test.js:273:24)
      at process.env.NODE_ENV.exports.act (node_modules/react/cjs/react.development.js:789:22)
      at Object.<anonymous> (contexts/__tests__/UIContext.test.js:272:10)

    console.log
      [DEBUG] 🎯 NotificationContext showSnackbar called with: { message: 'Success', type: 'success', action: 'send', txid: 'tx1' }

      at Object.log [as debug] (utils/logger.js:24:15)

    console.error
      The current testing environment is not configured to support act(...)

       97 |
       98 |     lastSnackbarRef.current = snackbarParams;
    >  99 |     setSnackbar(snackbarParams);
          |     ^
      100 |   }, []);
      101 |
      102 |   const dismissSnackbar = useCallback(() => {

      at isConcurrentActEnvironment (node_modules/react-test-renderer/cjs/react-test-renderer.development.js:10243:17)
      at warnIfUpdatesNotWrappedWithActDEV (node_modules/react-test-renderer/cjs/react-test-renderer.development.js:11798:7)
      at scheduleUpdateOnFiber (node_modules/react-test-renderer/cjs/react-test-renderer.development.js:10326:9)
      at dispatchSetStateInternal (node_modules/react-test-renderer/cjs/react-test-renderer.development.js:4148:13)
      at dispatchSetState (node_modules/react-test-renderer/cjs/react-test-renderer.development.js:4107:7)
      at Object.setSnackbar [as showSnackbar] (contexts/NotificationContext.js:99:5)
      at showSnackbar (contexts/__tests__/UIContext.test.js:278:24)
      at process.env.NODE_ENV.exports.act (node_modules/react/cjs/react.development.js:789:22)
      at Object.<anonymous> (contexts/__tests__/UIContext.test.js:277:10)

    console.error
      react-test-renderer is deprecated. See https://react.dev/warnings/react-test-renderer

      17 |   act(() => {
      18 |     component = Wrapper
    > 19 |       ? create(<Wrapper><TestComponent /></Wrapper>)
         |               ^
      20 |       : create(<TestComponent />);
      21 |   });
      22 |   return { result, rerender: component.update, unmount: component.unmount };

      at process.env.NODE_ENV.exports.create (node_modules/react-test-renderer/cjs/react-test-renderer.development.js:14598:17)
      at contexts/__tests__/UIContext.test.js:19:15
      at process.env.NODE_ENV.exports.act (node_modules/react/cjs/react.development.js:789:22)
      at renderHook (contexts/__tests__/UIContext.test.js:17:6)
      at Object.renderHook (contexts/__tests__/UIContext.test.js:286:26)

    console.error
      The current testing environment is not configured to support act(...)

      17 |   act(() => {
      18 |     component = Wrapper
    > 19 |       ? create(<Wrapper><TestComponent /></Wrapper>)
         |               ^
      20 |       : create(<TestComponent />);
      21 |   });
      22 |   return { result, rerender: component.update, unmount: component.unmount };

      at isConcurrentActEnvironment (node_modules/react-test-renderer/cjs/react-test-renderer.development.js:10243:17)
      at warnIfUpdatesNotWrappedWithActDEV (node_modules/react-test-renderer/cjs/react-test-renderer.development.js:11798:7)
      at scheduleUpdateOnFiber (node_modules/react-test-renderer/cjs/react-test-renderer.development.js:10326:9)
      at updateContainerImpl (node_modules/react-test-renderer/cjs/react-test-renderer.development.js:12382:10)
      at updateContainer (node_modules/react-test-renderer/cjs/react-test-renderer.development.js:12326:7)
      at process.env.NODE_ENV.exports.create (node_modules/react-test-renderer/cjs/react-test-renderer.development.js:14630:7)
      at contexts/__tests__/UIContext.test.js:19:15
      at process.env.NODE_ENV.exports.act (node_modules/react/cjs/react.development.js:789:22)
      at renderHook (contexts/__tests__/UIContext.test.js:17:6)
      at Object.renderHook (contexts/__tests__/UIContext.test.js:286:26)

    console.error
      The current testing environment is not configured to support act(...)

       97 |
       98 |     lastSnackbarRef.current = snackbarParams;
    >  99 |     setSnackbar(snackbarParams);
          |     ^
      100 |   }, []);
      101 |
      102 |   const dismissSnackbar = useCallback(() => {

      at isConcurrentActEnvironment (node_modules/react-test-renderer/cjs/react-test-renderer.development.js:10243:17)
      at warnIfUpdatesNotWrappedWithActDEV (node_modules/react-test-renderer/cjs/react-test-renderer.development.js:11798:7)
      at scheduleUpdateOnFiber (node_modules/react-test-renderer/cjs/react-test-renderer.development.js:10326:9)
      at dispatchSetStateInternal (node_modules/react-test-renderer/cjs/react-test-renderer.development.js:4148:13)
      at dispatchSetState (node_modules/react-test-renderer/cjs/react-test-renderer.development.js:4107:7)
      at Object.setSnackbar [as showSnackbar] (contexts/NotificationContext.js:99:5)
      at showSnackbar (contexts/__tests__/UIContext.test.js:289:24)
      at process.env.NODE_ENV.exports.act (node_modules/react/cjs/react.development.js:789:22)
      at Object.<anonymous> (contexts/__tests__/UIContext.test.js:288:10)

    console.error
      react-test-renderer is deprecated. See https://react.dev/warnings/react-test-renderer

      17 |   act(() => {
      18 |     component = Wrapper
    > 19 |       ? create(<Wrapper><TestComponent /></Wrapper>)
         |               ^
      20 |       : create(<TestComponent />);
      21 |   });
      22 |   return { result, rerender: component.update, unmount: component.unmount };

      at process.env.NODE_ENV.exports.create (node_modules/react-test-renderer/cjs/react-test-renderer.development.js:14598:17)
      at contexts/__tests__/UIContext.test.js:19:15
      at process.env.NODE_ENV.exports.act (node_modules/react/cjs/react.development.js:789:22)
      at renderHook (contexts/__tests__/UIContext.test.js:17:6)
      at Object.renderHook (contexts/__tests__/UIContext.test.js:305:26)

    console.error
      The current testing environment is not configured to support act(...)

      17 |   act(() => {
      18 |     component = Wrapper
    > 19 |       ? create(<Wrapper><TestComponent /></Wrapper>)
         |               ^
      20 |       : create(<TestComponent />);
      21 |   });
      22 |   return { result, rerender: component.update, unmount: component.unmount };

      at isConcurrentActEnvironment (node_modules/react-test-renderer/cjs/react-test-renderer.development.js:10243:17)
      at warnIfUpdatesNotWrappedWithActDEV (node_modules/react-test-renderer/cjs/react-test-renderer.development.js:11798:7)
      at scheduleUpdateOnFiber (node_modules/react-test-renderer/cjs/react-test-renderer.development.js:10326:9)
      at updateContainerImpl (node_modules/react-test-renderer/cjs/react-test-renderer.development.js:12382:10)
      at updateContainer (node_modules/react-test-renderer/cjs/react-test-renderer.development.js:12326:7)
      at process.env.NODE_ENV.exports.create (node_modules/react-test-renderer/cjs/react-test-renderer.development.js:14630:7)
      at contexts/__tests__/UIContext.test.js:19:15
      at process.env.NODE_ENV.exports.act (node_modules/react/cjs/react.development.js:789:22)
      at renderHook (contexts/__tests__/UIContext.test.js:17:6)
      at Object.renderHook (contexts/__tests__/UIContext.test.js:305:26)

    console.log
      [DEBUG] 🎯 NotificationContext showSnackbar called with: { message: 'Success', type: 'success', action: 'send', txid: 'tx1' }

      at Object.log [as debug] (utils/logger.js:24:15)

    console.error
      The current testing environment is not configured to support act(...)

       97 |
       98 |     lastSnackbarRef.current = snackbarParams;
    >  99 |     setSnackbar(snackbarParams);
          |     ^
      100 |   }, []);
      101 |
      102 |   const dismissSnackbar = useCallback(() => {

      at isConcurrentActEnvironment (node_modules/react-test-renderer/cjs/react-test-renderer.development.js:10243:17)
      at warnIfUpdatesNotWrappedWithActDEV (node_modules/react-test-renderer/cjs/react-test-renderer.development.js:11798:7)
      at scheduleUpdateOnFiber (node_modules/react-test-renderer/cjs/react-test-renderer.development.js:10326:9)
      at dispatchSetStateInternal (node_modules/react-test-renderer/cjs/react-test-renderer.development.js:4148:13)
      at dispatchSetState (node_modules/react-test-renderer/cjs/react-test-renderer.development.js:4107:7)
      at Object.setSnackbar [as showSnackbar] (contexts/NotificationContext.js:99:5)
      at showSnackbar (contexts/__tests__/UIContext.test.js:308:24)
      at process.env.NODE_ENV.exports.act (node_modules/react/cjs/react.development.js:789:22)
      at Object.<anonymous> (contexts/__tests__/UIContext.test.js:307:10)

    console.log
      [DEBUG] 🎯 NotificationContext showSnackbar called with: { message: 'Error', type: 'error', action: 'send', txid: 'tx1' }

      at Object.log [as debug] (utils/logger.js:24:15)

    console.error
      The current testing environment is not configured to support act(...)

       97 |
       98 |     lastSnackbarRef.current = snackbarParams;
    >  99 |     setSnackbar(snackbarParams);
          |     ^
      100 |   }, []);
      101 |
      102 |   const dismissSnackbar = useCallback(() => {

      at isConcurrentActEnvironment (node_modules/react-test-renderer/cjs/react-test-renderer.development.js:10243:17)
      at warnIfUpdatesNotWrappedWithActDEV (node_modules/react-test-renderer/cjs/react-test-renderer.development.js:11798:7)
      at scheduleUpdateOnFiber (node_modules/react-test-renderer/cjs/react-test-renderer.development.js:10326:9)
      at dispatchSetStateInternal (node_modules/react-test-renderer/cjs/react-test-renderer.development.js:4148:13)
      at dispatchSetState (node_modules/react-test-renderer/cjs/react-test-renderer.development.js:4107:7)
      at Object.setSnackbar [as showSnackbar] (contexts/NotificationContext.js:99:5)
      at showSnackbar (contexts/__tests__/UIContext.test.js:312:24)
      at process.env.NODE_ENV.exports.act (node_modules/react/cjs/react.development.js:789:22)
      at Object.<anonymous> (contexts/__tests__/UIContext.test.js:311:10)

    console.error
      react-test-renderer is deprecated. See https://react.dev/warnings/react-test-renderer

      17 |   act(() => {
      18 |     component = Wrapper
    > 19 |       ? create(<Wrapper><TestComponent /></Wrapper>)
         |               ^
      20 |       : create(<TestComponent />);
      21 |   });
      22 |   return { result, rerender: component.update, unmount: component.unmount };

      at process.env.NODE_ENV.exports.create (node_modules/react-test-renderer/cjs/react-test-renderer.development.js:14598:17)
      at contexts/__tests__/UIContext.test.js:19:15
      at process.env.NODE_ENV.exports.act (node_modules/react/cjs/react.development.js:789:22)
      at renderHook (contexts/__tests__/UIContext.test.js:17:6)
      at Object.renderHook (contexts/__tests__/UIContext.test.js:319:26)

    console.error
      The current testing environment is not configured to support act(...)

      17 |   act(() => {
      18 |     component = Wrapper
    > 19 |       ? create(<Wrapper><TestComponent /></Wrapper>)
         |               ^
      20 |       : create(<TestComponent />);
      21 |   });
      22 |   return { result, rerender: component.update, unmount: component.unmount };

      at isConcurrentActEnvironment (node_modules/react-test-renderer/cjs/react-test-renderer.development.js:10243:17)
      at warnIfUpdatesNotWrappedWithActDEV (node_modules/react-test-renderer/cjs/react-test-renderer.development.js:11798:7)
      at scheduleUpdateOnFiber (node_modules/react-test-renderer/cjs/react-test-renderer.development.js:10326:9)
      at updateContainerImpl (node_modules/react-test-renderer/cjs/react-test-renderer.development.js:12382:10)
      at updateContainer (node_modules/react-test-renderer/cjs/react-test-renderer.development.js:12326:7)
      at process.env.NODE_ENV.exports.create (node_modules/react-test-renderer/cjs/react-test-renderer.development.js:14630:7)
      at contexts/__tests__/UIContext.test.js:19:15
      at process.env.NODE_ENV.exports.act (node_modules/react/cjs/react.development.js:789:22)
      at renderHook (contexts/__tests__/UIContext.test.js:17:6)
      at Object.renderHook (contexts/__tests__/UIContext.test.js:319:26)

    console.log
      [DEBUG] 🎯 NotificationContext showSnackbar called with: {
        message: 'TX1 Success',
        type: 'success',
        action: 'send',
        txid: 'tx1'
      }

      at Object.log [as debug] (utils/logger.js:24:15)

    console.error
      The current testing environment is not configured to support act(...)

       97 |
       98 |     lastSnackbarRef.current = snackbarParams;
    >  99 |     setSnackbar(snackbarParams);
          |     ^
      100 |   }, []);
      101 |
      102 |   const dismissSnackbar = useCallback(() => {

      at isConcurrentActEnvironment (node_modules/react-test-renderer/cjs/react-test-renderer.development.js:10243:17)
      at warnIfUpdatesNotWrappedWithActDEV (node_modules/react-test-renderer/cjs/react-test-renderer.development.js:11798:7)
      at scheduleUpdateOnFiber (node_modules/react-test-renderer/cjs/react-test-renderer.development.js:10326:9)
      at dispatchSetStateInternal (node_modules/react-test-renderer/cjs/react-test-renderer.development.js:4148:13)
      at dispatchSetState (node_modules/react-test-renderer/cjs/react-test-renderer.development.js:4107:7)
      at Object.setSnackbar [as showSnackbar] (contexts/NotificationContext.js:99:5)
      at showSnackbar (contexts/__tests__/UIContext.test.js:322:24)
      at process.env.NODE_ENV.exports.act (node_modules/react/cjs/react.development.js:789:22)
      at Object.<anonymous> (contexts/__tests__/UIContext.test.js:321:10)

    console.log
      [DEBUG] 🎯 NotificationContext showSnackbar called with: {
        message: 'TX2 Pending',
        type: 'pending',
        action: 'send',
        txid: 'tx2'
      }

      at Object.log [as debug] (utils/logger.js:24:15)

    console.error
      The current testing environment is not configured to support act(...)

       97 |
       98 |     lastSnackbarRef.current = snackbarParams;
    >  99 |     setSnackbar(snackbarParams);
          |     ^
      100 |   }, []);
      101 |
      102 |   const dismissSnackbar = useCallback(() => {

      at isConcurrentActEnvironment (node_modules/react-test-renderer/cjs/react-test-renderer.development.js:10243:17)
      at warnIfUpdatesNotWrappedWithActDEV (node_modules/react-test-renderer/cjs/react-test-renderer.development.js:11798:7)
      at scheduleUpdateOnFiber (node_modules/react-test-renderer/cjs/react-test-renderer.development.js:10326:9)
      at dispatchSetStateInternal (node_modules/react-test-renderer/cjs/react-test-renderer.development.js:4148:13)
      at dispatchSetState (node_modules/react-test-renderer/cjs/react-test-renderer.development.js:4107:7)
      at Object.setSnackbar [as showSnackbar] (contexts/NotificationContext.js:99:5)
      at showSnackbar (contexts/__tests__/UIContext.test.js:327:24)
      at process.env.NODE_ENV.exports.act (node_modules/react/cjs/react.development.js:789:22)
      at Object.<anonymous> (contexts/__tests__/UIContext.test.js:326:10)

    console.error
      react-test-renderer is deprecated. See https://react.dev/warnings/react-test-renderer

      17 |   act(() => {
      18 |     component = Wrapper
    > 19 |       ? create(<Wrapper><TestComponent /></Wrapper>)
         |               ^
      20 |       : create(<TestComponent />);
      21 |   });
      22 |   return { result, rerender: component.update, unmount: component.unmount };

      at process.env.NODE_ENV.exports.create (node_modules/react-test-renderer/cjs/react-test-renderer.development.js:14598:17)
      at contexts/__tests__/UIContext.test.js:19:15
      at process.env.NODE_ENV.exports.act (node_modules/react/cjs/react.development.js:789:22)
      at renderHook (contexts/__tests__/UIContext.test.js:17:6)
      at Object.renderHook (contexts/__tests__/UIContext.test.js:335:26)

    console.error
      The current testing environment is not configured to support act(...)

      17 |   act(() => {
      18 |     component = Wrapper
    > 19 |       ? create(<Wrapper><TestComponent /></Wrapper>)
         |               ^
      20 |       : create(<TestComponent />);
      21 |   });
      22 |   return { result, rerender: component.update, unmount: component.unmount };

      at isConcurrentActEnvironment (node_modules/react-test-renderer/cjs/react-test-renderer.development.js:10243:17)
      at warnIfUpdatesNotWrappedWithActDEV (node_modules/react-test-renderer/cjs/react-test-renderer.development.js:11798:7)
      at scheduleUpdateOnFiber (node_modules/react-test-renderer/cjs/react-test-renderer.development.js:10326:9)
      at updateContainerImpl (node_modules/react-test-renderer/cjs/react-test-renderer.development.js:12382:10)
      at updateContainer (node_modules/react-test-renderer/cjs/react-test-renderer.development.js:12326:7)
      at process.env.NODE_ENV.exports.create (node_modules/react-test-renderer/cjs/react-test-renderer.development.js:14630:7)
      at contexts/__tests__/UIContext.test.js:19:15
      at process.env.NODE_ENV.exports.act (node_modules/react/cjs/react.development.js:789:22)
      at renderHook (contexts/__tests__/UIContext.test.js:17:6)
      at Object.renderHook (contexts/__tests__/UIContext.test.js:335:26)

    console.log
      [DEBUG] 🎯 NotificationContext showSnackbar called with: { message: 'General message', type: 'success', action: 'general' }

      at Object.log [as debug] (utils/logger.js:24:15)

    console.error
      The current testing environment is not configured to support act(...)

       97 |
       98 |     lastSnackbarRef.current = snackbarParams;
    >  99 |     setSnackbar(snackbarParams);
          |     ^
      100 |   }, []);
      101 |
      102 |   const dismissSnackbar = useCallback(() => {

      at isConcurrentActEnvironment (node_modules/react-test-renderer/cjs/react-test-renderer.development.js:10243:17)
      at warnIfUpdatesNotWrappedWithActDEV (node_modules/react-test-renderer/cjs/react-test-renderer.development.js:11798:7)
      at scheduleUpdateOnFiber (node_modules/react-test-renderer/cjs/react-test-renderer.development.js:10326:9)
      at dispatchSetStateInternal (node_modules/react-test-renderer/cjs/react-test-renderer.development.js:4148:13)
      at dispatchSetState (node_modules/react-test-renderer/cjs/react-test-renderer.development.js:4107:7)
      at Object.setSnackbar [as showSnackbar] (contexts/NotificationContext.js:99:5)
      at showSnackbar (contexts/__tests__/UIContext.test.js:338:24)
      at process.env.NODE_ENV.exports.act (node_modules/react/cjs/react.development.js:789:22)
      at Object.<anonymous> (contexts/__tests__/UIContext.test.js:337:10)

    console.log
      [DEBUG] 🎯 NotificationContext showSnackbar called with: { message: 'Another message', type: 'pending', action: 'general' }

      at Object.log [as debug] (utils/logger.js:24:15)

    console.log
      [DEBUG] 🎯 Ignoring backward state transition: success

      at Object.log [as debug] (utils/logger.js:24:15)

    console.error
      react-test-renderer is deprecated. See https://react.dev/warnings/react-test-renderer

      17 |   act(() => {
      18 |     component = Wrapper
    > 19 |       ? create(<Wrapper><TestComponent /></Wrapper>)
         |               ^
      20 |       : create(<TestComponent />);
      21 |   });
      22 |   return { result, rerender: component.update, unmount: component.unmount };

      at process.env.NODE_ENV.exports.create (node_modules/react-test-renderer/cjs/react-test-renderer.development.js:14598:17)
      at contexts/__tests__/UIContext.test.js:19:15
      at process.env.NODE_ENV.exports.act (node_modules/react/cjs/react.development.js:789:22)
      at renderHook (contexts/__tests__/UIContext.test.js:17:6)
      at Object.renderHook (contexts/__tests__/UIContext.test.js:351:26)

    console.error
      The current testing environment is not configured to support act(...)

      17 |   act(() => {
      18 |     component = Wrapper
    > 19 |       ? create(<Wrapper><TestComponent /></Wrapper>)
         |               ^
      20 |       : create(<TestComponent />);
      21 |   });
      22 |   return { result, rerender: component.update, unmount: component.unmount };

      at isConcurrentActEnvironment (node_modules/react-test-renderer/cjs/react-test-renderer.development.js:10243:17)
      at warnIfUpdatesNotWrappedWithActDEV (node_modules/react-test-renderer/cjs/react-test-renderer.development.js:11798:7)
      at scheduleUpdateOnFiber (node_modules/react-test-renderer/cjs/react-test-renderer.development.js:10326:9)
      at updateContainerImpl (node_modules/react-test-renderer/cjs/react-test-renderer.development.js:12382:10)
      at updateContainer (node_modules/react-test-renderer/cjs/react-test-renderer.development.js:12326:7)
      at process.env.NODE_ENV.exports.create (node_modules/react-test-renderer/cjs/react-test-renderer.development.js:14630:7)
      at contexts/__tests__/UIContext.test.js:19:15
      at process.env.NODE_ENV.exports.act (node_modules/react/cjs/react.development.js:789:22)
      at renderHook (contexts/__tests__/UIContext.test.js:17:6)
      at Object.renderHook (contexts/__tests__/UIContext.test.js:351:26)

    console.log
      [DEBUG] 🎯 NotificationContext showSnackbar called with: { message: 'Send', type: 'success', action: 'send' }

      at Object.log [as debug] (utils/logger.js:24:15)

    console.error
      The current testing environment is not configured to support act(...)

       97 |
       98 |     lastSnackbarRef.current = snackbarParams;
    >  99 |     setSnackbar(snackbarParams);
          |     ^
      100 |   }, []);
      101 |
      102 |   const dismissSnackbar = useCallback(() => {

      at isConcurrentActEnvironment (node_modules/react-test-renderer/cjs/react-test-renderer.development.js:10243:17)
      at warnIfUpdatesNotWrappedWithActDEV (node_modules/react-test-renderer/cjs/react-test-renderer.development.js:11798:7)
      at scheduleUpdateOnFiber (node_modules/react-test-renderer/cjs/react-test-renderer.development.js:10326:9)
      at dispatchSetStateInternal (node_modules/react-test-renderer/cjs/react-test-renderer.development.js:4148:13)
      at dispatchSetState (node_modules/react-test-renderer/cjs/react-test-renderer.development.js:4107:7)
      at Object.setSnackbar [as showSnackbar] (contexts/NotificationContext.js:99:5)
      at showSnackbar (contexts/__tests__/UIContext.test.js:354:24)
      at process.env.NODE_ENV.exports.act (node_modules/react/cjs/react.development.js:789:22)
      at Object.<anonymous> (contexts/__tests__/UIContext.test.js:353:10)

    console.log
      [DEBUG] 🎯 NotificationContext showSnackbar called with: { message: 'Receive', type: 'pending', action: 'receive' }

      at Object.log [as debug] (utils/logger.js:24:15)

    console.error
      The current testing environment is not configured to support act(...)

       97 |
       98 |     lastSnackbarRef.current = snackbarParams;
    >  99 |     setSnackbar(snackbarParams);
          |     ^
      100 |   }, []);
      101 |
      102 |   const dismissSnackbar = useCallback(() => {

      at isConcurrentActEnvironment (node_modules/react-test-renderer/cjs/react-test-renderer.development.js:10243:17)
      at warnIfUpdatesNotWrappedWithActDEV (node_modules/react-test-renderer/cjs/react-test-renderer.development.js:11798:7)
      at scheduleUpdateOnFiber (node_modules/react-test-renderer/cjs/react-test-renderer.development.js:10326:9)
      at dispatchSetStateInternal (node_modules/react-test-renderer/cjs/react-test-renderer.development.js:4148:13)
      at dispatchSetState (node_modules/react-test-renderer/cjs/react-test-renderer.development.js:4107:7)
      at Object.setSnackbar [as showSnackbar] (contexts/NotificationContext.js:99:5)
      at showSnackbar (contexts/__tests__/UIContext.test.js:359:24)
      at process.env.NODE_ENV.exports.act (node_modules/react/cjs/react.development.js:789:22)
      at Object.<anonymous> (contexts/__tests__/UIContext.test.js:358:10)

    console.error
      react-test-renderer is deprecated. See https://react.dev/warnings/react-test-renderer

      17 |   act(() => {
      18 |     component = Wrapper
    > 19 |       ? create(<Wrapper><TestComponent /></Wrapper>)
         |               ^
      20 |       : create(<TestComponent />);
      21 |   });
      22 |   return { result, rerender: component.update, unmount: component.unmount };

      at process.env.NODE_ENV.exports.create (node_modules/react-test-renderer/cjs/react-test-renderer.development.js:14598:17)
      at contexts/__tests__/UIContext.test.js:19:15
      at process.env.NODE_ENV.exports.act (node_modules/react/cjs/react.development.js:789:22)
      at renderHook (contexts/__tests__/UIContext.test.js:17:6)
      at Object.renderHook (contexts/__tests__/UIContext.test.js:367:26)

    console.error
      The current testing environment is not configured to support act(...)

      17 |   act(() => {
      18 |     component = Wrapper
    > 19 |       ? create(<Wrapper><TestComponent /></Wrapper>)
         |               ^
      20 |       : create(<TestComponent />);
      21 |   });
      22 |   return { result, rerender: component.update, unmount: component.unmount };

      at isConcurrentActEnvironment (node_modules/react-test-renderer/cjs/react-test-renderer.development.js:10243:17)
      at warnIfUpdatesNotWrappedWithActDEV (node_modules/react-test-renderer/cjs/react-test-renderer.development.js:11798:7)
      at scheduleUpdateOnFiber (node_modules/react-test-renderer/cjs/react-test-renderer.development.js:10326:9)
      at updateContainerImpl (node_modules/react-test-renderer/cjs/react-test-renderer.development.js:12382:10)
      at updateContainer (node_modules/react-test-renderer/cjs/react-test-renderer.development.js:12326:7)
      at process.env.NODE_ENV.exports.create (node_modules/react-test-renderer/cjs/react-test-renderer.development.js:14630:7)
      at contexts/__tests__/UIContext.test.js:19:15
      at process.env.NODE_ENV.exports.act (node_modules/react/cjs/react.development.js:789:22)
      at renderHook (contexts/__tests__/UIContext.test.js:17:6)
      at Object.renderHook (contexts/__tests__/UIContext.test.js:367:26)

    console.log
      [DEBUG] 🎯 NotificationContext showSnackbar called with: { message: 'Test', type: 'success', action: 'send' }

      at Object.log [as debug] (utils/logger.js:24:15)

    console.error
      The current testing environment is not configured to support act(...)

       97 |
       98 |     lastSnackbarRef.current = snackbarParams;
    >  99 |     setSnackbar(snackbarParams);
          |     ^
      100 |   }, []);
      101 |
      102 |   const dismissSnackbar = useCallback(() => {

      at isConcurrentActEnvironment (node_modules/react-test-renderer/cjs/react-test-renderer.development.js:10243:17)
      at warnIfUpdatesNotWrappedWithActDEV (node_modules/react-test-renderer/cjs/react-test-renderer.development.js:11798:7)
      at scheduleUpdateOnFiber (node_modules/react-test-renderer/cjs/react-test-renderer.development.js:10326:9)
      at dispatchSetStateInternal (node_modules/react-test-renderer/cjs/react-test-renderer.development.js:4148:13)
      at dispatchSetState (node_modules/react-test-renderer/cjs/react-test-renderer.development.js:4107:7)
      at Object.setSnackbar [as showSnackbar] (contexts/NotificationContext.js:99:5)
      at showSnackbar (contexts/__tests__/UIContext.test.js:370:24)
      at process.env.NODE_ENV.exports.act (node_modules/react/cjs/react.development.js:789:22)
      at Object.<anonymous> (contexts/__tests__/UIContext.test.js:369:10)

    console.error
      The current testing environment is not configured to support act(...)

      101 |
      102 |   const dismissSnackbar = useCallback(() => {
    > 103 |     setSnackbar(null);
          |     ^
      104 |     // Don't reset lastSnackbarRef - keep tracking state even after dismissal
      105 |   }, []);
      106 |

      at isConcurrentActEnvironment (node_modules/react-test-renderer/cjs/react-test-renderer.development.js:10243:17)
      at warnIfUpdatesNotWrappedWithActDEV (node_modules/react-test-renderer/cjs/react-test-renderer.development.js:11798:7)
      at scheduleUpdateOnFiber (node_modules/react-test-renderer/cjs/react-test-renderer.development.js:10326:9)
      at dispatchSetStateInternal (node_modules/react-test-renderer/cjs/react-test-renderer.development.js:4148:13)
      at dispatchSetState (node_modules/react-test-renderer/cjs/react-test-renderer.development.js:4107:7)
      at Object.setSnackbar [as dismissSnackbar] (contexts/NotificationContext.js:103:5)
      at dismissSnackbar (contexts/__tests__/UIContext.test.js:375:24)
      at process.env.NODE_ENV.exports.act (node_modules/react/cjs/react.development.js:789:22)
      at Object.<anonymous> (contexts/__tests__/UIContext.test.js:374:10)

PASS components/wallet/__tests__/ErrorBanner.test.js
PASS services/__tests__/psbtService.test.js
  ● Console

    console.error
      [ERROR] Error decoding PSBT: Error: Invalid PSBT
          at Object.<anonymous> (/Users/lucasrodriguez/Desktop/Ducat/app/app/services/__tests__/psbtService.test.js:109:15)
          at /Users/lucasrodriguez/Desktop/Ducat/app/app/node_modules/jest-mock/build/index.js:305:39
          at Object.<anonymous> (/Users/lucasrodriguez/Desktop/Ducat/app/app/node_modules/jest-mock/build/index.js:312:13)
          at Object.mockConstructor [as fromBase64] (/Users/lucasrodriguez/Desktop/Ducat/app/app/node_modules/jest-mock/build/index.js:102:19)
          at fromBase64 (/Users/lucasrodriguez/Desktop/Ducat/app/app/services/psbtService.js:16:31)
          at Object.<anonymous> (/Users/lucasrodriguez/Desktop/Ducat/app/app/services/__tests__/psbtService.test.js:119:31)
          at Promise.finally.completed (/Users/lucasrodriguez/Desktop/Ducat/app/app/node_modules/jest-circus/build/jestAdapterInit.js:1557:28)
          at new Promise (<anonymous>)
          at callAsyncCircusFn (/Users/lucasrodriguez/Desktop/Ducat/app/app/node_modules/jest-circus/build/jestAdapterInit.js:1497:10)
          at _callCircusTest (/Users/lucasrodriguez/Desktop/Ducat/app/app/node_modules/jest-circus/build/jestAdapterInit.js:1007:40)
          at processTicksAndRejections (node:internal/process/task_queues:95:5)
          at _runTest (/Users/lucasrodriguez/Desktop/Ducat/app/app/node_modules/jest-circus/build/jestAdapterInit.js:947:3)
          at /Users/lucasrodriguez/Desktop/Ducat/app/app/node_modules/jest-circus/build/jestAdapterInit.js:849:7
          at _runTestsForDescribeBlock (/Users/lucasrodriguez/Desktop/Ducat/app/app/node_modules/jest-circus/build/jestAdapterInit.js:862:11)
          at _runTestsForDescribeBlock (/Users/lucasrodriguez/Desktop/Ducat/app/app/node_modules/jest-circus/build/jestAdapterInit.js:857:11)
          at _runTestsForDescribeBlock (/Users/lucasrodriguez/Desktop/Ducat/app/app/node_modules/jest-circus/build/jestAdapterInit.js:857:11)
          at run (/Users/lucasrodriguez/Desktop/Ducat/app/app/node_modules/jest-circus/build/jestAdapterInit.js:761:3)
          at runAndTransformResultsToJestFormat (/Users/lucasrodriguez/Desktop/Ducat/app/app/node_modules/jest-circus/build/jestAdapterInit.js:1918:21)
          at jestAdapter (/Users/lucasrodriguez/Desktop/Ducat/app/app/node_modules/jest-circus/build/runner.js:101:19)
          at runTestInternal (/Users/lucasrodriguez/Desktop/Ducat/app/app/node_modules/jest-runner/build/testWorker.js:275:16)
          at runTest (/Users/lucasrodriguez/Desktop/Ducat/app/app/node_modules/jest-runner/build/testWorker.js:343:7)
          at Object.worker (/Users/lucasrodriguez/Desktop/Ducat/app/app/node_modules/jest-runner/build/testWorker.js:497:12)

      74 |   error: (error, context = {}) => {
      75 |     if (isDev) {
    > 76 |       console.error('[ERROR]', error, context);
         |               ^
      77 |     } else {
      78 |       if (error instanceof Error) {
      79 |         Sentry.captureException(error, {

      at Object.error (utils/logger.js:76:15)
      at error (services/psbtService.js:35:12)
      at Object.<anonymous> (services/__tests__/psbtService.test.js:119:31)

PASS hooks/__tests__/useVaultWebView.test.js
  ● Console

    console.error
      react-test-renderer is deprecated. See https://react.dev/warnings/react-test-renderer

      19 |   let component;
      20 |   act(() => {
    > 21 |     component = create(<TestComponent hookProps={props} />);
         |                       ^
      22 |   });
      23 |
      24 |   return {

      at process.env.NODE_ENV.exports.create (node_modules/react-test-renderer/cjs/react-test-renderer.development.js:14598:17)
      at hooks/__tests__/useVaultWebView.test.js:21:23
      at process.env.NODE_ENV.exports.act (node_modules/react/cjs/react.development.js:789:22)
      at renderHook (hooks/__tests__/useVaultWebView.test.js:20:6)
      at Object.renderHook (hooks/__tests__/useVaultWebView.test.js:56:24)

    console.error
      The current testing environment is not configured to support act(...)

      19 |   let component;
      20 |   act(() => {
    > 21 |     component = create(<TestComponent hookProps={props} />);
         |                       ^
      22 |   });
      23 |
      24 |   return {

      at isConcurrentActEnvironment (node_modules/react-test-renderer/cjs/react-test-renderer.development.js:10243:17)
      at warnIfUpdatesNotWrappedWithActDEV (node_modules/react-test-renderer/cjs/react-test-renderer.development.js:11798:7)
      at scheduleUpdateOnFiber (node_modules/react-test-renderer/cjs/react-test-renderer.development.js:10326:9)
      at updateContainerImpl (node_modules/react-test-renderer/cjs/react-test-renderer.development.js:12382:10)
      at updateContainer (node_modules/react-test-renderer/cjs/react-test-renderer.development.js:12326:7)
      at process.env.NODE_ENV.exports.create (node_modules/react-test-renderer/cjs/react-test-renderer.development.js:14630:7)
      at hooks/__tests__/useVaultWebView.test.js:21:23
      at process.env.NODE_ENV.exports.act (node_modules/react/cjs/react.development.js:789:22)
      at renderHook (hooks/__tests__/useVaultWebView.test.js:20:6)
      at Object.renderHook (hooks/__tests__/useVaultWebView.test.js:56:24)

    console.error
      react-test-renderer is deprecated. See https://react.dev/warnings/react-test-renderer

      19 |   let component;
      20 |   act(() => {
    > 21 |     component = create(<TestComponent hookProps={props} />);
         |                       ^
      22 |   });
      23 |
      24 |   return {

      at process.env.NODE_ENV.exports.create (node_modules/react-test-renderer/cjs/react-test-renderer.development.js:14598:17)
      at hooks/__tests__/useVaultWebView.test.js:21:23
      at process.env.NODE_ENV.exports.act (node_modules/react/cjs/react.development.js:789:22)
      at renderHook (hooks/__tests__/useVaultWebView.test.js:20:6)
      at Object.renderHook (hooks/__tests__/useVaultWebView.test.js:72:24)

    console.error
      The current testing environment is not configured to support act(...)

      19 |   let component;
      20 |   act(() => {
    > 21 |     component = create(<TestComponent hookProps={props} />);
         |                       ^
      22 |   });
      23 |
      24 |   return {

      at isConcurrentActEnvironment (node_modules/react-test-renderer/cjs/react-test-renderer.development.js:10243:17)
      at warnIfUpdatesNotWrappedWithActDEV (node_modules/react-test-renderer/cjs/react-test-renderer.development.js:11798:7)
      at scheduleUpdateOnFiber (node_modules/react-test-renderer/cjs/react-test-renderer.development.js:10326:9)
      at updateContainerImpl (node_modules/react-test-renderer/cjs/react-test-renderer.development.js:12382:10)
      at updateContainer (node_modules/react-test-renderer/cjs/react-test-renderer.development.js:12326:7)
      at process.env.NODE_ENV.exports.create (node_modules/react-test-renderer/cjs/react-test-renderer.development.js:14630:7)
      at hooks/__tests__/useVaultWebView.test.js:21:23
      at process.env.NODE_ENV.exports.act (node_modules/react/cjs/react.development.js:789:22)
      at renderHook (hooks/__tests__/useVaultWebView.test.js:20:6)
      at Object.renderHook (hooks/__tests__/useVaultWebView.test.js:72:24)

    console.error
      react-test-renderer is deprecated. See https://react.dev/warnings/react-test-renderer

      19 |   let component;
      20 |   act(() => {
    > 21 |     component = create(<TestComponent hookProps={props} />);
         |                       ^
      22 |   });
      23 |
      24 |   return {

      at process.env.NODE_ENV.exports.create (node_modules/react-test-renderer/cjs/react-test-renderer.development.js:14598:17)
      at hooks/__tests__/useVaultWebView.test.js:21:23
      at process.env.NODE_ENV.exports.act (node_modules/react/cjs/react.development.js:789:22)
      at renderHook (hooks/__tests__/useVaultWebView.test.js:20:6)
      at Object.renderHook (hooks/__tests__/useVaultWebView.test.js:83:24)

    console.error
      The current testing environment is not configured to support act(...)

      19 |   let component;
      20 |   act(() => {
    > 21 |     component = create(<TestComponent hookProps={props} />);
         |                       ^
      22 |   });
      23 |
      24 |   return {

      at isConcurrentActEnvironment (node_modules/react-test-renderer/cjs/react-test-renderer.development.js:10243:17)
      at warnIfUpdatesNotWrappedWithActDEV (node_modules/react-test-renderer/cjs/react-test-renderer.development.js:11798:7)
      at scheduleUpdateOnFiber (node_modules/react-test-renderer/cjs/react-test-renderer.development.js:10326:9)
      at updateContainerImpl (node_modules/react-test-renderer/cjs/react-test-renderer.development.js:12382:10)
      at updateContainer (node_modules/react-test-renderer/cjs/react-test-renderer.development.js:12326:7)
      at process.env.NODE_ENV.exports.create (node_modules/react-test-renderer/cjs/react-test-renderer.development.js:14630:7)
      at hooks/__tests__/useVaultWebView.test.js:21:23
      at process.env.NODE_ENV.exports.act (node_modules/react/cjs/react.development.js:789:22)
      at renderHook (hooks/__tests__/useVaultWebView.test.js:20:6)
      at Object.renderHook (hooks/__tests__/useVaultWebView.test.js:83:24)

    console.log
      [DEBUG] 🔄 Loading vault for your current account {}

      at Object.log [as debug] (utils/logger.js:24:15)

    console.error
      react-test-renderer is deprecated. See https://react.dev/warnings/react-test-renderer

      19 |   let component;
      20 |   act(() => {
    > 21 |     component = create(<TestComponent hookProps={props} />);
         |                       ^
      22 |   });
      23 |
      24 |   return {

      at process.env.NODE_ENV.exports.create (node_modules/react-test-renderer/cjs/react-test-renderer.development.js:14598:17)
      at hooks/__tests__/useVaultWebView.test.js:21:23
      at process.env.NODE_ENV.exports.act (node_modules/react/cjs/react.development.js:789:22)
      at renderHook (hooks/__tests__/useVaultWebView.test.js:20:6)
      at Object.renderHook (hooks/__tests__/useVaultWebView.test.js:105:24)

    console.error
      The current testing environment is not configured to support act(...)

      19 |   let component;
      20 |   act(() => {
    > 21 |     component = create(<TestComponent hookProps={props} />);
         |                       ^
      22 |   });
      23 |
      24 |   return {

      at isConcurrentActEnvironment (node_modules/react-test-renderer/cjs/react-test-renderer.development.js:10243:17)
      at warnIfUpdatesNotWrappedWithActDEV (node_modules/react-test-renderer/cjs/react-test-renderer.development.js:11798:7)
      at scheduleUpdateOnFiber (node_modules/react-test-renderer/cjs/react-test-renderer.development.js:10326:9)
      at updateContainerImpl (node_modules/react-test-renderer/cjs/react-test-renderer.development.js:12382:10)
      at updateContainer (node_modules/react-test-renderer/cjs/react-test-renderer.development.js:12326:7)
      at process.env.NODE_ENV.exports.create (node_modules/react-test-renderer/cjs/react-test-renderer.development.js:14630:7)
      at hooks/__tests__/useVaultWebView.test.js:21:23
      at process.env.NODE_ENV.exports.act (node_modules/react/cjs/react.development.js:789:22)
      at renderHook (hooks/__tests__/useVaultWebView.test.js:20:6)
      at Object.renderHook (hooks/__tests__/useVaultWebView.test.js:105:24)

    console.log
      [DEBUG] 🔄 Loading vault for your current account {}

      at Object.log [as debug] (utils/logger.js:24:15)

    console.error
      react-test-renderer is deprecated. See https://react.dev/warnings/react-test-renderer

      19 |   let component;
      20 |   act(() => {
    > 21 |     component = create(<TestComponent hookProps={props} />);
         |                       ^
      22 |   });
      23 |
      24 |   return {

      at process.env.NODE_ENV.exports.create (node_modules/react-test-renderer/cjs/react-test-renderer.development.js:14598:17)
      at hooks/__tests__/useVaultWebView.test.js:21:23
      at process.env.NODE_ENV.exports.act (node_modules/react/cjs/react.development.js:789:22)
      at renderHook (hooks/__tests__/useVaultWebView.test.js:20:6)
      at Object.renderHook (hooks/__tests__/useVaultWebView.test.js:115:26)

    console.error
      The current testing environment is not configured to support act(...)

      19 |   let component;
      20 |   act(() => {
    > 21 |     component = create(<TestComponent hookProps={props} />);
         |                       ^
      22 |   });
      23 |
      24 |   return {

      at isConcurrentActEnvironment (node_modules/react-test-renderer/cjs/react-test-renderer.development.js:10243:17)
      at warnIfUpdatesNotWrappedWithActDEV (node_modules/react-test-renderer/cjs/react-test-renderer.development.js:11798:7)
      at scheduleUpdateOnFiber (node_modules/react-test-renderer/cjs/react-test-renderer.development.js:10326:9)
      at updateContainerImpl (node_modules/react-test-renderer/cjs/react-test-renderer.development.js:12382:10)
      at updateContainer (node_modules/react-test-renderer/cjs/react-test-renderer.development.js:12326:7)
      at process.env.NODE_ENV.exports.create (node_modules/react-test-renderer/cjs/react-test-renderer.development.js:14630:7)
      at hooks/__tests__/useVaultWebView.test.js:21:23
      at process.env.NODE_ENV.exports.act (node_modules/react/cjs/react.development.js:789:22)
      at renderHook (hooks/__tests__/useVaultWebView.test.js:20:6)
      at Object.renderHook (hooks/__tests__/useVaultWebView.test.js:115:26)

    console.log
      [DEBUG] 🏦 Vault opened for the first time - preparing to connect your wallet {}

      at Object.log [as debug] (utils/logger.js:24:15)

    console.log
      [DEBUG] 🔄 Loading vault for your current account {}

      at Object.log [as debug] (utils/logger.js:24:15)

    console.log
      [DEBUG] ⚠️ Cannot inject vault credentials - waiting for WebView and credentials to be ready {}

      at Object.log [as debug] (utils/logger.js:24:15)

    console.error
      react-test-renderer is deprecated. See https://react.dev/warnings/react-test-renderer

      19 |   let component;
      20 |   act(() => {
    > 21 |     component = create(<TestComponent hookProps={props} />);
         |                       ^
      22 |   });
      23 |
      24 |   return {

      at process.env.NODE_ENV.exports.create (node_modules/react-test-renderer/cjs/react-test-renderer.development.js:14598:17)
      at hooks/__tests__/useVaultWebView.test.js:21:23
      at process.env.NODE_ENV.exports.act (node_modules/react/cjs/react.development.js:789:22)
      at renderHook (hooks/__tests__/useVaultWebView.test.js:20:6)
      at Object.renderHook (hooks/__tests__/useVaultWebView.test.js:133:24)

    console.error
      The current testing environment is not configured to support act(...)

      19 |   let component;
      20 |   act(() => {
    > 21 |     component = create(<TestComponent hookProps={props} />);
         |                       ^
      22 |   });
      23 |
      24 |   return {

      at isConcurrentActEnvironment (node_modules/react-test-renderer/cjs/react-test-renderer.development.js:10243:17)
      at warnIfUpdatesNotWrappedWithActDEV (node_modules/react-test-renderer/cjs/react-test-renderer.development.js:11798:7)
      at scheduleUpdateOnFiber (node_modules/react-test-renderer/cjs/react-test-renderer.development.js:10326:9)
      at updateContainerImpl (node_modules/react-test-renderer/cjs/react-test-renderer.development.js:12382:10)
      at updateContainer (node_modules/react-test-renderer/cjs/react-test-renderer.development.js:12326:7)
      at process.env.NODE_ENV.exports.create (node_modules/react-test-renderer/cjs/react-test-renderer.development.js:14630:7)
      at hooks/__tests__/useVaultWebView.test.js:21:23
      at process.env.NODE_ENV.exports.act (node_modules/react/cjs/react.development.js:789:22)
      at renderHook (hooks/__tests__/useVaultWebView.test.js:20:6)
      at Object.renderHook (hooks/__tests__/useVaultWebView.test.js:133:24)

    console.log
      [DEBUG] 🔄 Loading vault for your current account {}

      at Object.log [as debug] (utils/logger.js:24:15)

    console.log
      [DEBUG] 🏦 Injecting wallet credentials (attempt 1/3) {}

      at Object.log [as debug] (utils/logger.js:24:15)

    console.error
      react-test-renderer is deprecated. See https://react.dev/warnings/react-test-renderer

      19 |   let component;
      20 |   act(() => {
    > 21 |     component = create(<TestComponent hookProps={props} />);
         |                       ^
      22 |   });
      23 |
      24 |   return {

      at process.env.NODE_ENV.exports.create (node_modules/react-test-renderer/cjs/react-test-renderer.development.js:14598:17)
      at hooks/__tests__/useVaultWebView.test.js:21:23
      at process.env.NODE_ENV.exports.act (node_modules/react/cjs/react.development.js:789:22)
      at renderHook (hooks/__tests__/useVaultWebView.test.js:20:6)
      at Object.renderHook (hooks/__tests__/useVaultWebView.test.js:156:24)

    console.error
      The current testing environment is not configured to support act(...)

      19 |   let component;
      20 |   act(() => {
    > 21 |     component = create(<TestComponent hookProps={props} />);
         |                       ^
      22 |   });
      23 |
      24 |   return {

      at isConcurrentActEnvironment (node_modules/react-test-renderer/cjs/react-test-renderer.development.js:10243:17)
      at warnIfUpdatesNotWrappedWithActDEV (node_modules/react-test-renderer/cjs/react-test-renderer.development.js:11798:7)
      at scheduleUpdateOnFiber (node_modules/react-test-renderer/cjs/react-test-renderer.development.js:10326:9)
      at updateContainerImpl (node_modules/react-test-renderer/cjs/react-test-renderer.development.js:12382:10)
      at updateContainer (node_modules/react-test-renderer/cjs/react-test-renderer.development.js:12326:7)
      at process.env.NODE_ENV.exports.create (node_modules/react-test-renderer/cjs/react-test-renderer.development.js:14630:7)
      at hooks/__tests__/useVaultWebView.test.js:21:23
      at process.env.NODE_ENV.exports.act (node_modules/react/cjs/react.development.js:789:22)
      at renderHook (hooks/__tests__/useVaultWebView.test.js:20:6)
      at Object.renderHook (hooks/__tests__/useVaultWebView.test.js:156:24)

    console.log
      [DEBUG] 🔄 Loading vault for your current account {}

      at Object.log [as debug] (utils/logger.js:24:15)

    console.log
      [DEBUG] ⚠️ Cannot inject vault credentials - waiting for WebView and credentials to be ready {}

      at Object.log [as debug] (utils/logger.js:24:15)

    console.error
      react-test-renderer is deprecated. See https://react.dev/warnings/react-test-renderer

      19 |   let component;
      20 |   act(() => {
    > 21 |     component = create(<TestComponent hookProps={props} />);
         |                       ^
      22 |   });
      23 |
      24 |   return {

      at process.env.NODE_ENV.exports.create (node_modules/react-test-renderer/cjs/react-test-renderer.development.js:14598:17)
      at hooks/__tests__/useVaultWebView.test.js:21:23
      at process.env.NODE_ENV.exports.act (node_modules/react/cjs/react.development.js:789:22)
      at renderHook (hooks/__tests__/useVaultWebView.test.js:20:6)
      at Object.renderHook (hooks/__tests__/useVaultWebView.test.js:173:24)

    console.error
      The current testing environment is not configured to support act(...)

      19 |   let component;
      20 |   act(() => {
    > 21 |     component = create(<TestComponent hookProps={props} />);
         |                       ^
      22 |   });
      23 |
      24 |   return {

      at isConcurrentActEnvironment (node_modules/react-test-renderer/cjs/react-test-renderer.development.js:10243:17)
      at warnIfUpdatesNotWrappedWithActDEV (node_modules/react-test-renderer/cjs/react-test-renderer.development.js:11798:7)
      at scheduleUpdateOnFiber (node_modules/react-test-renderer/cjs/react-test-renderer.development.js:10326:9)
      at updateContainerImpl (node_modules/react-test-renderer/cjs/react-test-renderer.development.js:12382:10)
      at updateContainer (node_modules/react-test-renderer/cjs/react-test-renderer.development.js:12326:7)
      at process.env.NODE_ENV.exports.create (node_modules/react-test-renderer/cjs/react-test-renderer.development.js:14630:7)
      at hooks/__tests__/useVaultWebView.test.js:21:23
      at process.env.NODE_ENV.exports.act (node_modules/react/cjs/react.development.js:789:22)
      at renderHook (hooks/__tests__/useVaultWebView.test.js:20:6)
      at Object.renderHook (hooks/__tests__/useVaultWebView.test.js:173:24)

    console.log
      [DEBUG] ⚠️ Cannot inject vault credentials - waiting for WebView and credentials to be ready {}

      at Object.log [as debug] (utils/logger.js:24:15)

    console.error
      react-test-renderer is deprecated. See https://react.dev/warnings/react-test-renderer

      19 |   let component;
      20 |   act(() => {
    > 21 |     component = create(<TestComponent hookProps={props} />);
         |                       ^
      22 |   });
      23 |
      24 |   return {

      at process.env.NODE_ENV.exports.create (node_modules/react-test-renderer/cjs/react-test-renderer.development.js:14598:17)
      at hooks/__tests__/useVaultWebView.test.js:21:23
      at process.env.NODE_ENV.exports.act (node_modules/react/cjs/react.development.js:789:22)
      at renderHook (hooks/__tests__/useVaultWebView.test.js:20:6)
      at Object.renderHook (hooks/__tests__/useVaultWebView.test.js:191:24)

    console.error
      The current testing environment is not configured to support act(...)

      19 |   let component;
      20 |   act(() => {
    > 21 |     component = create(<TestComponent hookProps={props} />);
         |                       ^
      22 |   });
      23 |
      24 |   return {

      at isConcurrentActEnvironment (node_modules/react-test-renderer/cjs/react-test-renderer.development.js:10243:17)
      at warnIfUpdatesNotWrappedWithActDEV (node_modules/react-test-renderer/cjs/react-test-renderer.development.js:11798:7)
      at scheduleUpdateOnFiber (node_modules/react-test-renderer/cjs/react-test-renderer.development.js:10326:9)
      at updateContainerImpl (node_modules/react-test-renderer/cjs/react-test-renderer.development.js:12382:10)
      at updateContainer (node_modules/react-test-renderer/cjs/react-test-renderer.development.js:12326:7)
      at process.env.NODE_ENV.exports.create (node_modules/react-test-renderer/cjs/react-test-renderer.development.js:14630:7)
      at hooks/__tests__/useVaultWebView.test.js:21:23
      at process.env.NODE_ENV.exports.act (node_modules/react/cjs/react.development.js:789:22)
      at renderHook (hooks/__tests__/useVaultWebView.test.js:20:6)
      at Object.renderHook (hooks/__tests__/useVaultWebView.test.js:191:24)

    console.log
      [DEBUG] 🏦 Vault opened for the first time - preparing to connect your wallet {}

      at Object.log [as debug] (utils/logger.js:24:15)

    console.log
      [DEBUG] 🔄 Loading vault for your current account {}

      at Object.log [as debug] (utils/logger.js:24:15)

    console.error
      react-test-renderer is deprecated. See https://react.dev/warnings/react-test-renderer

      19 |   let component;
      20 |   act(() => {
    > 21 |     component = create(<TestComponent hookProps={props} />);
         |                       ^
      22 |   });
      23 |
      24 |   return {

      at process.env.NODE_ENV.exports.create (node_modules/react-test-renderer/cjs/react-test-renderer.development.js:14598:17)
      at hooks/__tests__/useVaultWebView.test.js:21:23
      at process.env.NODE_ENV.exports.act (node_modules/react/cjs/react.development.js:789:22)
      at renderHook (hooks/__tests__/useVaultWebView.test.js:20:6)
      at Object.renderHook (hooks/__tests__/useVaultWebView.test.js:203:24)

    console.error
      The current testing environment is not configured to support act(...)

      19 |   let component;
      20 |   act(() => {
    > 21 |     component = create(<TestComponent hookProps={props} />);
         |                       ^
      22 |   });
      23 |
      24 |   return {

      at isConcurrentActEnvironment (node_modules/react-test-renderer/cjs/react-test-renderer.development.js:10243:17)
      at warnIfUpdatesNotWrappedWithActDEV (node_modules/react-test-renderer/cjs/react-test-renderer.development.js:11798:7)
      at scheduleUpdateOnFiber (node_modules/react-test-renderer/cjs/react-test-renderer.development.js:10326:9)
      at updateContainerImpl (node_modules/react-test-renderer/cjs/react-test-renderer.development.js:12382:10)
      at updateContainer (node_modules/react-test-renderer/cjs/react-test-renderer.development.js:12326:7)
      at process.env.NODE_ENV.exports.create (node_modules/react-test-renderer/cjs/react-test-renderer.development.js:14630:7)
      at hooks/__tests__/useVaultWebView.test.js:21:23
      at process.env.NODE_ENV.exports.act (node_modules/react/cjs/react.development.js:789:22)
      at renderHook (hooks/__tests__/useVaultWebView.test.js:20:6)
      at Object.renderHook (hooks/__tests__/useVaultWebView.test.js:203:24)

    console.log
      [DEBUG] 🏦 Vault opened for the first time - preparing to connect your wallet {}

      at Object.log [as debug] (utils/logger.js:24:15)

    console.log
      [DEBUG] 🔄 Loading vault for your current account {}

      at Object.log [as debug] (utils/logger.js:24:15)

    console.error
      react-test-renderer is deprecated. See https://react.dev/warnings/react-test-renderer

      19 |   let component;
      20 |   act(() => {
    > 21 |     component = create(<TestComponent hookProps={props} />);
         |                       ^
      22 |   });
      23 |
      24 |   return {

      at process.env.NODE_ENV.exports.create (node_modules/react-test-renderer/cjs/react-test-renderer.development.js:14598:17)
      at hooks/__tests__/useVaultWebView.test.js:21:23
      at process.env.NODE_ENV.exports.act (node_modules/react/cjs/react.development.js:789:22)
      at renderHook (hooks/__tests__/useVaultWebView.test.js:20:6)
      at Object.renderHook (hooks/__tests__/useVaultWebView.test.js:215:24)

    console.error
      The current testing environment is not configured to support act(...)

      19 |   let component;
      20 |   act(() => {
    > 21 |     component = create(<TestComponent hookProps={props} />);
         |                       ^
      22 |   });
      23 |
      24 |   return {

      at isConcurrentActEnvironment (node_modules/react-test-renderer/cjs/react-test-renderer.development.js:10243:17)
      at warnIfUpdatesNotWrappedWithActDEV (node_modules/react-test-renderer/cjs/react-test-renderer.development.js:11798:7)
      at scheduleUpdateOnFiber (node_modules/react-test-renderer/cjs/react-test-renderer.development.js:10326:9)
      at updateContainerImpl (node_modules/react-test-renderer/cjs/react-test-renderer.development.js:12382:10)
      at updateContainer (node_modules/react-test-renderer/cjs/react-test-renderer.development.js:12326:7)
      at process.env.NODE_ENV.exports.create (node_modules/react-test-renderer/cjs/react-test-renderer.development.js:14630:7)
      at hooks/__tests__/useVaultWebView.test.js:21:23
      at process.env.NODE_ENV.exports.act (node_modules/react/cjs/react.development.js:789:22)
      at renderHook (hooks/__tests__/useVaultWebView.test.js:20:6)
      at Object.renderHook (hooks/__tests__/useVaultWebView.test.js:215:24)

    console.log
      [DEBUG] 🏦 Vault opened for the first time - preparing to connect your wallet {}

      at Object.log [as debug] (utils/logger.js:24:15)

    console.log
      [DEBUG] 🔄 Loading vault for your current account {}

      at Object.log [as debug] (utils/logger.js:24:15)

    console.error
      react-test-renderer is deprecated. See https://react.dev/warnings/react-test-renderer

      19 |   let component;
      20 |   act(() => {
    > 21 |     component = create(<TestComponent hookProps={props} />);
         |                       ^
      22 |   });
      23 |
      24 |   return {

      at process.env.NODE_ENV.exports.create (node_modules/react-test-renderer/cjs/react-test-renderer.development.js:14598:17)
      at hooks/__tests__/useVaultWebView.test.js:21:23
      at process.env.NODE_ENV.exports.act (node_modules/react/cjs/react.development.js:789:22)
      at renderHook (hooks/__tests__/useVaultWebView.test.js:20:6)
      at Object.renderHook (hooks/__tests__/useVaultWebView.test.js:232:24)

    console.error
      The current testing environment is not configured to support act(...)

      19 |   let component;
      20 |   act(() => {
    > 21 |     component = create(<TestComponent hookProps={props} />);
         |                       ^
      22 |   });
      23 |
      24 |   return {

      at isConcurrentActEnvironment (node_modules/react-test-renderer/cjs/react-test-renderer.development.js:10243:17)
      at warnIfUpdatesNotWrappedWithActDEV (node_modules/react-test-renderer/cjs/react-test-renderer.development.js:11798:7)
      at scheduleUpdateOnFiber (node_modules/react-test-renderer/cjs/react-test-renderer.development.js:10326:9)
      at updateContainerImpl (node_modules/react-test-renderer/cjs/react-test-renderer.development.js:12382:10)
      at updateContainer (node_modules/react-test-renderer/cjs/react-test-renderer.development.js:12326:7)
      at process.env.NODE_ENV.exports.create (node_modules/react-test-renderer/cjs/react-test-renderer.development.js:14630:7)
      at hooks/__tests__/useVaultWebView.test.js:21:23
      at process.env.NODE_ENV.exports.act (node_modules/react/cjs/react.development.js:789:22)
      at renderHook (hooks/__tests__/useVaultWebView.test.js:20:6)
      at Object.renderHook (hooks/__tests__/useVaultWebView.test.js:232:24)

    console.log
      [DEBUG] 🏦 Vault opened for the first time - preparing to connect your wallet {}

      at Object.log [as debug] (utils/logger.js:24:15)

    console.log
      [DEBUG] 🔄 Loading vault for your current account {}

      at Object.log [as debug] (utils/logger.js:24:15)

    console.error
      react-test-renderer is deprecated. See https://react.dev/warnings/react-test-renderer

      19 |   let component;
      20 |   act(() => {
    > 21 |     component = create(<TestComponent hookProps={props} />);
         |                       ^
      22 |   });
      23 |
      24 |   return {

      at process.env.NODE_ENV.exports.create (node_modules/react-test-renderer/cjs/react-test-renderer.development.js:14598:17)
      at hooks/__tests__/useVaultWebView.test.js:21:23
      at process.env.NODE_ENV.exports.act (node_modules/react/cjs/react.development.js:789:22)
      at renderHook (hooks/__tests__/useVaultWebView.test.js:20:6)
      at Object.renderHook (hooks/__tests__/useVaultWebView.test.js:244:24)

    console.error
      The current testing environment is not configured to support act(...)

      19 |   let component;
      20 |   act(() => {
    > 21 |     component = create(<TestComponent hookProps={props} />);
         |                       ^
      22 |   });
      23 |
      24 |   return {

      at isConcurrentActEnvironment (node_modules/react-test-renderer/cjs/react-test-renderer.development.js:10243:17)
      at warnIfUpdatesNotWrappedWithActDEV (node_modules/react-test-renderer/cjs/react-test-renderer.development.js:11798:7)
      at scheduleUpdateOnFiber (node_modules/react-test-renderer/cjs/react-test-renderer.development.js:10326:9)
      at updateContainerImpl (node_modules/react-test-renderer/cjs/react-test-renderer.development.js:12382:10)
      at updateContainer (node_modules/react-test-renderer/cjs/react-test-renderer.development.js:12326:7)
      at process.env.NODE_ENV.exports.create (node_modules/react-test-renderer/cjs/react-test-renderer.development.js:14630:7)
      at hooks/__tests__/useVaultWebView.test.js:21:23
      at process.env.NODE_ENV.exports.act (node_modules/react/cjs/react.development.js:789:22)
      at renderHook (hooks/__tests__/useVaultWebView.test.js:20:6)
      at Object.renderHook (hooks/__tests__/useVaultWebView.test.js:244:24)

    console.log
      [DEBUG] 🔄 Loading vault for your current account {}

      at Object.log [as debug] (utils/logger.js:24:15)

    console.error
      react-test-renderer is deprecated. See https://react.dev/warnings/react-test-renderer

      19 |   let component;
      20 |   act(() => {
    > 21 |     component = create(<TestComponent hookProps={props} />);
         |                       ^
      22 |   });
      23 |
      24 |   return {

      at process.env.NODE_ENV.exports.create (node_modules/react-test-renderer/cjs/react-test-renderer.development.js:14598:17)
      at hooks/__tests__/useVaultWebView.test.js:21:23
      at process.env.NODE_ENV.exports.act (node_modules/react/cjs/react.development.js:789:22)
      at renderHook (hooks/__tests__/useVaultWebView.test.js:20:6)
      at Object.renderHook (hooks/__tests__/useVaultWebView.test.js:256:34)

    console.error
      The current testing environment is not configured to support act(...)

      19 |   let component;
      20 |   act(() => {
    > 21 |     component = create(<TestComponent hookProps={props} />);
         |                       ^
      22 |   });
      23 |
      24 |   return {

      at isConcurrentActEnvironment (node_modules/react-test-renderer/cjs/react-test-renderer.development.js:10243:17)
      at warnIfUpdatesNotWrappedWithActDEV (node_modules/react-test-renderer/cjs/react-test-renderer.development.js:11798:7)
      at scheduleUpdateOnFiber (node_modules/react-test-renderer/cjs/react-test-renderer.development.js:10326:9)
      at updateContainerImpl (node_modules/react-test-renderer/cjs/react-test-renderer.development.js:12382:10)
      at updateContainer (node_modules/react-test-renderer/cjs/react-test-renderer.development.js:12326:7)
      at process.env.NODE_ENV.exports.create (node_modules/react-test-renderer/cjs/react-test-renderer.development.js:14630:7)
      at hooks/__tests__/useVaultWebView.test.js:21:23
      at process.env.NODE_ENV.exports.act (node_modules/react/cjs/react.development.js:789:22)
      at renderHook (hooks/__tests__/useVaultWebView.test.js:20:6)
      at Object.renderHook (hooks/__tests__/useVaultWebView.test.js:256:34)

    console.log
      [DEBUG] 🏦 Vault opened for the first time - preparing to connect your wallet {}

      at Object.log [as debug] (utils/logger.js:24:15)

    console.log
      [DEBUG] 🔄 Loading vault for your current account {}

      at Object.log [as debug] (utils/logger.js:24:15)

    console.error
      The current testing environment is not configured to support act(...)

      28 |       props = newProps;
      29 |       act(() => {
    > 30 |         component.update(<TestComponent hookProps={newProps} />);
         |                   ^
      31 |       });
      32 |     },
      33 |   };

      at isConcurrentActEnvironment (node_modules/react-test-renderer/cjs/react-test-renderer.development.js:10243:17)
      at warnIfUpdatesNotWrappedWithActDEV (node_modules/react-test-renderer/cjs/react-test-renderer.development.js:11798:7)
      at scheduleUpdateOnFiber (node_modules/react-test-renderer/cjs/react-test-renderer.development.js:10326:9)
      at updateContainerImpl (node_modules/react-test-renderer/cjs/react-test-renderer.development.js:12382:10)
      at updateContainer (node_modules/react-test-renderer/cjs/react-test-renderer.development.js:12326:7)
      at Object.update (node_modules/react-test-renderer/cjs/react-test-renderer.development.js:14669:13)
      at update (hooks/__tests__/useVaultWebView.test.js:30:19)
      at process.env.NODE_ENV.exports.act (node_modules/react/cjs/react.development.js:789:22)
      at rerender (hooks/__tests__/useVaultWebView.test.js:29:10)
      at Object.rerender (hooks/__tests__/useVaultWebView.test.js:265:5)

    console.error
      react-test-renderer is deprecated. See https://react.dev/warnings/react-test-renderer

      19 |   let component;
      20 |   act(() => {
    > 21 |     component = create(<TestComponent hookProps={props} />);
         |                       ^
      22 |   });
      23 |
      24 |   return {

      at process.env.NODE_ENV.exports.create (node_modules/react-test-renderer/cjs/react-test-renderer.development.js:14598:17)
      at hooks/__tests__/useVaultWebView.test.js:21:23
      at process.env.NODE_ENV.exports.act (node_modules/react/cjs/react.development.js:789:22)
      at renderHook (hooks/__tests__/useVaultWebView.test.js:20:6)
      at Object.renderHook (hooks/__tests__/useVaultWebView.test.js:281:24)

    console.error
      The current testing environment is not configured to support act(...)

      19 |   let component;
      20 |   act(() => {
    > 21 |     component = create(<TestComponent hookProps={props} />);
         |                       ^
      22 |   });
      23 |
      24 |   return {

      at isConcurrentActEnvironment (node_modules/react-test-renderer/cjs/react-test-renderer.development.js:10243:17)
      at warnIfUpdatesNotWrappedWithActDEV (node_modules/react-test-renderer/cjs/react-test-renderer.development.js:11798:7)
      at scheduleUpdateOnFiber (node_modules/react-test-renderer/cjs/react-test-renderer.development.js:10326:9)
      at updateContainerImpl (node_modules/react-test-renderer/cjs/react-test-renderer.development.js:12382:10)
      at updateContainer (node_modules/react-test-renderer/cjs/react-test-renderer.development.js:12326:7)
      at process.env.NODE_ENV.exports.create (node_modules/react-test-renderer/cjs/react-test-renderer.development.js:14630:7)
      at hooks/__tests__/useVaultWebView.test.js:21:23
      at process.env.NODE_ENV.exports.act (node_modules/react/cjs/react.development.js:789:22)
      at renderHook (hooks/__tests__/useVaultWebView.test.js:20:6)
      at Object.renderHook (hooks/__tests__/useVaultWebView.test.js:281:24)

    console.error
      react-test-renderer is deprecated. See https://react.dev/warnings/react-test-renderer

      19 |   let component;
      20 |   act(() => {
    > 21 |     component = create(<TestComponent hookProps={props} />);
         |                       ^
      22 |   });
      23 |
      24 |   return {

      at process.env.NODE_ENV.exports.create (node_modules/react-test-renderer/cjs/react-test-renderer.development.js:14598:17)
      at hooks/__tests__/useVaultWebView.test.js:21:23
      at process.env.NODE_ENV.exports.act (node_modules/react/cjs/react.development.js:789:22)
      at renderHook (hooks/__tests__/useVaultWebView.test.js:20:6)
      at Object.renderHook (hooks/__tests__/useVaultWebView.test.js:292:24)

    console.error
      The current testing environment is not configured to support act(...)

      19 |   let component;
      20 |   act(() => {
    > 21 |     component = create(<TestComponent hookProps={props} />);
         |                       ^
      22 |   });
      23 |
      24 |   return {

      at isConcurrentActEnvironment (node_modules/react-test-renderer/cjs/react-test-renderer.development.js:10243:17)
      at warnIfUpdatesNotWrappedWithActDEV (node_modules/react-test-renderer/cjs/react-test-renderer.development.js:11798:7)
      at scheduleUpdateOnFiber (node_modules/react-test-renderer/cjs/react-test-renderer.development.js:10326:9)
      at updateContainerImpl (node_modules/react-test-renderer/cjs/react-test-renderer.development.js:12382:10)
      at updateContainer (node_modules/react-test-renderer/cjs/react-test-renderer.development.js:12326:7)
      at process.env.NODE_ENV.exports.create (node_modules/react-test-renderer/cjs/react-test-renderer.development.js:14630:7)
      at hooks/__tests__/useVaultWebView.test.js:21:23
      at process.env.NODE_ENV.exports.act (node_modules/react/cjs/react.development.js:789:22)
      at renderHook (hooks/__tests__/useVaultWebView.test.js:20:6)
      at Object.renderHook (hooks/__tests__/useVaultWebView.test.js:292:24)

    console.log
      [DEBUG] 🔄 Loading vault for your current account {}

      at Object.log [as debug] (utils/logger.js:24:15)

    console.error
      The current testing environment is not configured to support act(...)

      299 |
      300 |     act(() => {
    > 301 |       result.current.setWebViewLoaded(true);
          |                      ^
      302 |     });
      303 |
      304 |     expect(result.current.webViewLoaded).toBe(true);

      at isConcurrentActEnvironment (node_modules/react-test-renderer/cjs/react-test-renderer.development.js:10243:17)
      at warnIfUpdatesNotWrappedWithActDEV (node_modules/react-test-renderer/cjs/react-test-renderer.development.js:11798:7)
      at scheduleUpdateOnFiber (node_modules/react-test-renderer/cjs/react-test-renderer.development.js:10326:9)
      at dispatchSetStateInternal (node_modules/react-test-renderer/cjs/react-test-renderer.development.js:4148:13)
      at dispatchSetState (node_modules/react-test-renderer/cjs/react-test-renderer.development.js:4107:7)
      at setWebViewLoaded (hooks/__tests__/useVaultWebView.test.js:301:22)
      at process.env.NODE_ENV.exports.act (node_modules/react/cjs/react.development.js:789:22)
      at Object.<anonymous> (hooks/__tests__/useVaultWebView.test.js:300:8)

    console.error
      react-test-renderer is deprecated. See https://react.dev/warnings/react-test-renderer

      19 |   let component;
      20 |   act(() => {
    > 21 |     component = create(<TestComponent hookProps={props} />);
         |                       ^
      22 |   });
      23 |
      24 |   return {

      at process.env.NODE_ENV.exports.create (node_modules/react-test-renderer/cjs/react-test-renderer.development.js:14598:17)
      at hooks/__tests__/useVaultWebView.test.js:21:23
      at process.env.NODE_ENV.exports.act (node_modules/react/cjs/react.development.js:789:22)
      at renderHook (hooks/__tests__/useVaultWebView.test.js:20:6)
      at Object.renderHook (hooks/__tests__/useVaultWebView.test.js:311:34)

    console.error
      The current testing environment is not configured to support act(...)

      19 |   let component;
      20 |   act(() => {
    > 21 |     component = create(<TestComponent hookProps={props} />);
         |                       ^
      22 |   });
      23 |
      24 |   return {

      at isConcurrentActEnvironment (node_modules/react-test-renderer/cjs/react-test-renderer.development.js:10243:17)
      at warnIfUpdatesNotWrappedWithActDEV (node_modules/react-test-renderer/cjs/react-test-renderer.development.js:11798:7)
      at scheduleUpdateOnFiber (node_modules/react-test-renderer/cjs/react-test-renderer.development.js:10326:9)
      at updateContainerImpl (node_modules/react-test-renderer/cjs/react-test-renderer.development.js:12382:10)
      at updateContainer (node_modules/react-test-renderer/cjs/react-test-renderer.development.js:12326:7)
      at process.env.NODE_ENV.exports.create (node_modules/react-test-renderer/cjs/react-test-renderer.development.js:14630:7)
      at hooks/__tests__/useVaultWebView.test.js:21:23
      at process.env.NODE_ENV.exports.act (node_modules/react/cjs/react.development.js:789:22)
      at renderHook (hooks/__tests__/useVaultWebView.test.js:20:6)
      at Object.renderHook (hooks/__tests__/useVaultWebView.test.js:311:34)

    console.log
      [DEBUG] 🏦 Vault opened for the first time - preparing to connect your wallet {}

      at Object.log [as debug] (utils/logger.js:24:15)

    console.log
      [DEBUG] 🔄 Loading vault for your current account {}

      at Object.log [as debug] (utils/logger.js:24:15)

    console.error
      The current testing environment is not configured to support act(...)

      28 |       props = newProps;
      29 |       act(() => {
    > 30 |         component.update(<TestComponent hookProps={newProps} />);
         |                   ^
      31 |       });
      32 |     },
      33 |   };

      at isConcurrentActEnvironment (node_modules/react-test-renderer/cjs/react-test-renderer.development.js:10243:17)
      at warnIfUpdatesNotWrappedWithActDEV (node_modules/react-test-renderer/cjs/react-test-renderer.development.js:11798:7)
      at scheduleUpdateOnFiber (node_modules/react-test-renderer/cjs/react-test-renderer.development.js:10326:9)
      at updateContainerImpl (node_modules/react-test-renderer/cjs/react-test-renderer.development.js:12382:10)
      at updateContainer (node_modules/react-test-renderer/cjs/react-test-renderer.development.js:12326:7)
      at Object.update (node_modules/react-test-renderer/cjs/react-test-renderer.development.js:14669:13)
      at update (hooks/__tests__/useVaultWebView.test.js:30:19)
      at process.env.NODE_ENV.exports.act (node_modules/react/cjs/react.development.js:789:22)
      at rerender (hooks/__tests__/useVaultWebView.test.js:29:10)
      at Object.rerender (hooks/__tests__/useVaultWebView.test.js:330:5)

    console.log
      [DEBUG] 🏦 Vault opened for the first time - preparing to connect your wallet {}

      at Object.log [as debug] (utils/logger.js:24:15)

    console.log
      [DEBUG] 🔄 Account switch detected - updating vault to show new account data {}

      at Object.log [as debug] (utils/logger.js:24:15)

    console.log
      [DEBUG] 🔄 New account data ready, reloading vault interface now {}

      at Object.log [as debug] (utils/logger.js:24:15)

    console.error
      The current testing environment is not configured to support act(...)

      214 |         // Force reload by changing key
      215 |         const newReloadKey = Date.now();
    > 216 |         setForceReloadKey(newReloadKey);
          |         ^
      217 |         loadedVaultPubkeyRef.current = currentPubkey;
      218 |
      219 |         // Re-inject credentials after reload

      at isConcurrentActEnvironment (node_modules/react-test-renderer/cjs/react-test-renderer.development.js:10243:17)
      at warnIfUpdatesNotWrappedWithActDEV (node_modules/react-test-renderer/cjs/react-test-renderer.development.js:11798:7)
      at scheduleUpdateOnFiber (node_modules/react-test-renderer/cjs/react-test-renderer.development.js:10326:9)
      at dispatchSetStateInternal (node_modules/react-test-renderer/cjs/react-test-renderer.development.js:4148:13)
      at dispatchSetState (node_modules/react-test-renderer/cjs/react-test-renderer.development.js:4107:7)
      at setForceReloadKey (hooks/useVaultWebView.js:216:9)
      at Object.react-stack-bottom-frame (node_modules/react-test-renderer/cjs/react-test-renderer.development.js:14062:20)
      at runWithFiberInDEV (node_modules/react-test-renderer/cjs/react-test-renderer.development.js:1574:13)
      at commitHookEffectListMount (node_modules/react-test-renderer/cjs/react-test-renderer.development.js:8376:29)
      at commitHookPassiveMountEffects (node_modules/react-test-renderer/cjs/react-test-renderer.development.js:8465:11)
      at commitPassiveMountOnFiber (node_modules/react-test-renderer/cjs/react-test-renderer.development.js:9782:13)
      at recursivelyTraversePassiveMountEffects (node_modules/react-test-renderer/cjs/react-test-renderer.development.js:9756:11)
      at commitPassiveMountOnFiber (node_modules/react-test-renderer/cjs/react-test-renderer.development.js:9794:11)
      at flushPendingEffects (node_modules/react-test-renderer/cjs/react-test-renderer.development.js:11528:11)
      at performWorkOnRootViaSchedulerTask (node_modules/react-test-renderer/cjs/react-test-renderer.development.js:2082:11)
      at flushActQueue (node_modules/react/cjs/react.development.js:566:34)
      at process.env.NODE_ENV.exports.act (node_modules/react/cjs/react.development.js:859:10)
      at rerender (hooks/__tests__/useVaultWebView.test.js:29:10)
      at Object.rerender (hooks/__tests__/useVaultWebView.test.js:330:5)

    console.log
      [DEBUG] 🏦 Injecting wallet credentials (attempt 1/3) {}

      at Object.log [as debug] (utils/logger.js:24:15)

    console.log
      [DEBUG] 🏦 Injecting wallet credentials (attempt 1/3) {}

      at Object.log [as debug] (utils/logger.js:24:15)

    console.log
      [DEBUG] 🔄 Connecting vault to your new account {}

      at Object.log [as debug] (utils/logger.js:24:15)

    console.log
      [DEBUG] 🏦 Injecting wallet credentials (attempt 1/3) {}

      at Object.log [as debug] (utils/logger.js:24:15)

    console.error
      react-test-renderer is deprecated. See https://react.dev/warnings/react-test-renderer

      19 |   let component;
      20 |   act(() => {
    > 21 |     component = create(<TestComponent hookProps={props} />);
         |                       ^
      22 |   });
      23 |
      24 |   return {

      at process.env.NODE_ENV.exports.create (node_modules/react-test-renderer/cjs/react-test-renderer.development.js:14598:17)
      at hooks/__tests__/useVaultWebView.test.js:21:23
      at process.env.NODE_ENV.exports.act (node_modules/react/cjs/react.development.js:789:22)
      at renderHook (hooks/__tests__/useVaultWebView.test.js:20:6)
      at Object.renderHook (hooks/__tests__/useVaultWebView.test.js:351:34)

    console.error
      The current testing environment is not configured to support act(...)

      19 |   let component;
      20 |   act(() => {
    > 21 |     component = create(<TestComponent hookProps={props} />);
         |                       ^
      22 |   });
      23 |
      24 |   return {

      at isConcurrentActEnvironment (node_modules/react-test-renderer/cjs/react-test-renderer.development.js:10243:17)
      at warnIfUpdatesNotWrappedWithActDEV (node_modules/react-test-renderer/cjs/react-test-renderer.development.js:11798:7)
      at scheduleUpdateOnFiber (node_modules/react-test-renderer/cjs/react-test-renderer.development.js:10326:9)
      at updateContainerImpl (node_modules/react-test-renderer/cjs/react-test-renderer.development.js:12382:10)
      at updateContainer (node_modules/react-test-renderer/cjs/react-test-renderer.development.js:12326:7)
      at process.env.NODE_ENV.exports.create (node_modules/react-test-renderer/cjs/react-test-renderer.development.js:14630:7)
      at hooks/__tests__/useVaultWebView.test.js:21:23
      at process.env.NODE_ENV.exports.act (node_modules/react/cjs/react.development.js:789:22)
      at renderHook (hooks/__tests__/useVaultWebView.test.js:20:6)
      at Object.renderHook (hooks/__tests__/useVaultWebView.test.js:351:34)

    console.log
      [DEBUG] 🏦 Vault opened for the first time - preparing to connect your wallet {}

      at Object.log [as debug] (utils/logger.js:24:15)

    console.log
      [DEBUG] 🔄 Loading vault for your current account {}

      at Object.log [as debug] (utils/logger.js:24:15)

    console.error
      The current testing environment is not configured to support act(...)

      28 |       props = newProps;
      29 |       act(() => {
    > 30 |         component.update(<TestComponent hookProps={newProps} />);
         |                   ^
      31 |       });
      32 |     },
      33 |   };

      at isConcurrentActEnvironment (node_modules/react-test-renderer/cjs/react-test-renderer.development.js:10243:17)
      at warnIfUpdatesNotWrappedWithActDEV (node_modules/react-test-renderer/cjs/react-test-renderer.development.js:11798:7)
      at scheduleUpdateOnFiber (node_modules/react-test-renderer/cjs/react-test-renderer.development.js:10326:9)
      at updateContainerImpl (node_modules/react-test-renderer/cjs/react-test-renderer.development.js:12382:10)
      at updateContainer (node_modules/react-test-renderer/cjs/react-test-renderer.development.js:12326:7)
      at Object.update (node_modules/react-test-renderer/cjs/react-test-renderer.development.js:14669:13)
      at update (hooks/__tests__/useVaultWebView.test.js:30:19)
      at process.env.NODE_ENV.exports.act (node_modules/react/cjs/react.development.js:789:22)
      at rerender (hooks/__tests__/useVaultWebView.test.js:29:10)
      at Object.rerender (hooks/__tests__/useVaultWebView.test.js:365:5)

    console.log
      [DEBUG] 🏦 Vault opened for the first time - preparing to connect your wallet {}

      at Object.log [as debug] (utils/logger.js:24:15)

    console.log
      [DEBUG] 🔄 Account switch detected - updating vault to show new account data {}

      at Object.log [as debug] (utils/logger.js:24:15)

    console.log
      [DEBUG] 🔄 Fetching data for your new account... {}

      at Object.log [as debug] (utils/logger.js:24:15)

    console.error
      react-test-renderer is deprecated. See https://react.dev/warnings/react-test-renderer

      19 |   let component;
      20 |   act(() => {
    > 21 |     component = create(<TestComponent hookProps={props} />);
         |                       ^
      22 |   });
      23 |
      24 |   return {

      at process.env.NODE_ENV.exports.create (node_modules/react-test-renderer/cjs/react-test-renderer.development.js:14598:17)
      at hooks/__tests__/useVaultWebView.test.js:21:23
      at process.env.NODE_ENV.exports.act (node_modules/react/cjs/react.development.js:789:22)
      at renderHook (hooks/__tests__/useVaultWebView.test.js:20:6)
      at Object.renderHook (hooks/__tests__/useVaultWebView.test.js:379:34)

    console.error
      The current testing environment is not configured to support act(...)

      19 |   let component;
      20 |   act(() => {
    > 21 |     component = create(<TestComponent hookProps={props} />);
         |                       ^
      22 |   });
      23 |
      24 |   return {

      at isConcurrentActEnvironment (node_modules/react-test-renderer/cjs/react-test-renderer.development.js:10243:17)
      at warnIfUpdatesNotWrappedWithActDEV (node_modules/react-test-renderer/cjs/react-test-renderer.development.js:11798:7)
      at scheduleUpdateOnFiber (node_modules/react-test-renderer/cjs/react-test-renderer.development.js:10326:9)
      at updateContainerImpl (node_modules/react-test-renderer/cjs/react-test-renderer.development.js:12382:10)
      at updateContainer (node_modules/react-test-renderer/cjs/react-test-renderer.development.js:12326:7)
      at process.env.NODE_ENV.exports.create (node_modules/react-test-renderer/cjs/react-test-renderer.development.js:14630:7)
      at hooks/__tests__/useVaultWebView.test.js:21:23
      at process.env.NODE_ENV.exports.act (node_modules/react/cjs/react.development.js:789:22)
      at renderHook (hooks/__tests__/useVaultWebView.test.js:20:6)
      at Object.renderHook (hooks/__tests__/useVaultWebView.test.js:379:34)

    console.log
      [DEBUG] 🏦 Vault opened for the first time - preparing to connect your wallet {}

      at Object.log [as debug] (utils/logger.js:24:15)

    console.log
      [DEBUG] 🔄 Loading vault for your current account {}

      at Object.log [as debug] (utils/logger.js:24:15)

    console.error
      The current testing environment is not configured to support act(...)

      28 |       props = newProps;
      29 |       act(() => {
    > 30 |         component.update(<TestComponent hookProps={newProps} />);
         |                   ^
      31 |       });
      32 |     },
      33 |   };

      at isConcurrentActEnvironment (node_modules/react-test-renderer/cjs/react-test-renderer.development.js:10243:17)
      at warnIfUpdatesNotWrappedWithActDEV (node_modules/react-test-renderer/cjs/react-test-renderer.development.js:11798:7)
      at scheduleUpdateOnFiber (node_modules/react-test-renderer/cjs/react-test-renderer.development.js:10326:9)
      at updateContainerImpl (node_modules/react-test-renderer/cjs/react-test-renderer.development.js:12382:10)
      at updateContainer (node_modules/react-test-renderer/cjs/react-test-renderer.development.js:12326:7)
      at Object.update (node_modules/react-test-renderer/cjs/react-test-renderer.development.js:14669:13)
      at update (hooks/__tests__/useVaultWebView.test.js:30:19)
      at process.env.NODE_ENV.exports.act (node_modules/react/cjs/react.development.js:789:22)
      at rerender (hooks/__tests__/useVaultWebView.test.js:29:10)
      at Object.rerender (hooks/__tests__/useVaultWebView.test.js:396:5)

    console.log
      [DEBUG] 🏦 Vault opened for the first time - preparing to connect your wallet {}

      at Object.log [as debug] (utils/logger.js:24:15)

    console.log
      [DEBUG] 🔄 Account switch detected - updating vault to show new account data {}

      at Object.log [as debug] (utils/logger.js:24:15)

    console.log
      [DEBUG] 🔄 Fetching data for your new account... {}

      at Object.log [as debug] (utils/logger.js:24:15)

    console.error
      The current testing environment is not configured to support act(...)

      28 |       props = newProps;
      29 |       act(() => {
    > 30 |         component.update(<TestComponent hookProps={newProps} />);
         |                   ^
      31 |       });
      32 |     },
      33 |   };

      at isConcurrentActEnvironment (node_modules/react-test-renderer/cjs/react-test-renderer.development.js:10243:17)
      at warnIfUpdatesNotWrappedWithActDEV (node_modules/react-test-renderer/cjs/react-test-renderer.development.js:11798:7)
      at scheduleUpdateOnFiber (node_modules/react-test-renderer/cjs/react-test-renderer.development.js:10326:9)
      at updateContainerImpl (node_modules/react-test-renderer/cjs/react-test-renderer.development.js:12382:10)
      at updateContainer (node_modules/react-test-renderer/cjs/react-test-renderer.development.js:12326:7)
      at Object.update (node_modules/react-test-renderer/cjs/react-test-renderer.development.js:14669:13)
      at update (hooks/__tests__/useVaultWebView.test.js:30:19)
      at process.env.NODE_ENV.exports.act (node_modules/react/cjs/react.development.js:789:22)
      at rerender (hooks/__tests__/useVaultWebView.test.js:29:10)
      at Object.rerender (hooks/__tests__/useVaultWebView.test.js:405:5)

    console.log
      [DEBUG] 🔄 Account switch detected - updating vault to show new account data {}

      at Object.log [as debug] (utils/logger.js:24:15)

    console.log
      [DEBUG] 🔄 New account data ready, reloading vault interface now {}

      at Object.log [as debug] (utils/logger.js:24:15)

    console.error
      The current testing environment is not configured to support act(...)

      214 |         // Force reload by changing key
      215 |         const newReloadKey = Date.now();
    > 216 |         setForceReloadKey(newReloadKey);
          |         ^
      217 |         loadedVaultPubkeyRef.current = currentPubkey;
      218 |
      219 |         // Re-inject credentials after reload

      at isConcurrentActEnvironment (node_modules/react-test-renderer/cjs/react-test-renderer.development.js:10243:17)
      at warnIfUpdatesNotWrappedWithActDEV (node_modules/react-test-renderer/cjs/react-test-renderer.development.js:11798:7)
      at scheduleUpdateOnFiber (node_modules/react-test-renderer/cjs/react-test-renderer.development.js:10326:9)
      at dispatchSetStateInternal (node_modules/react-test-renderer/cjs/react-test-renderer.development.js:4148:13)
      at dispatchSetState (node_modules/react-test-renderer/cjs/react-test-renderer.development.js:4107:7)
      at setForceReloadKey (hooks/useVaultWebView.js:216:9)
      at Object.react-stack-bottom-frame (node_modules/react-test-renderer/cjs/react-test-renderer.development.js:14062:20)
      at runWithFiberInDEV (node_modules/react-test-renderer/cjs/react-test-renderer.development.js:1574:13)
      at commitHookEffectListMount (node_modules/react-test-renderer/cjs/react-test-renderer.development.js:8376:29)
      at commitHookPassiveMountEffects (node_modules/react-test-renderer/cjs/react-test-renderer.development.js:8465:11)
      at commitPassiveMountOnFiber (node_modules/react-test-renderer/cjs/react-test-renderer.development.js:9782:13)
      at recursivelyTraversePassiveMountEffects (node_modules/react-test-renderer/cjs/react-test-renderer.development.js:9756:11)
      at commitPassiveMountOnFiber (node_modules/react-test-renderer/cjs/react-test-renderer.development.js:9794:11)
      at flushPendingEffects (node_modules/react-test-renderer/cjs/react-test-renderer.development.js:11528:11)
      at performWorkOnRootViaSchedulerTask (node_modules/react-test-renderer/cjs/react-test-renderer.development.js:2082:11)
      at flushActQueue (node_modules/react/cjs/react.development.js:566:34)
      at process.env.NODE_ENV.exports.act (node_modules/react/cjs/react.development.js:859:10)
      at rerender (hooks/__tests__/useVaultWebView.test.js:29:10)
      at Object.rerender (hooks/__tests__/useVaultWebView.test.js:405:5)

    console.log
      [DEBUG] 🏦 Injecting wallet credentials (attempt 1/3) {}

      at Object.log [as debug] (utils/logger.js:24:15)

    console.log
      [DEBUG] 🏦 Injecting wallet credentials (attempt 1/3) {}

      at Object.log [as debug] (utils/logger.js:24:15)

    console.log
      [DEBUG] 🔄 Connecting vault to your new account {}

      at Object.log [as debug] (utils/logger.js:24:15)

    console.log
      [DEBUG] 🏦 Injecting wallet credentials (attempt 1/3) {}

      at Object.log [as debug] (utils/logger.js:24:15)

PASS hooks/__tests__/useBalanceData.test.js
  ● Console

    console.error
      react-test-renderer is deprecated. See https://react.dev/warnings/react-test-renderer

      20 |   let component;
      21 |   act(() => {
    > 22 |     component = create(<TestComponent />);
         |                       ^
      23 |   });
      24 |   return {
      25 |     result,

      at process.env.NODE_ENV.exports.create (node_modules/react-test-renderer/cjs/react-test-renderer.development.js:14598:17)
      at hooks/__tests__/useBalanceData.test.js:22:23
      at process.env.NODE_ENV.exports.act (node_modules/react/cjs/react.development.js:789:22)
      at renderHook (hooks/__tests__/useBalanceData.test.js:21:6)
      at Object.renderHook (hooks/__tests__/useBalanceData.test.js:44:24)

    console.error
      The current testing environment is not configured to support act(...)

      20 |   let component;
      21 |   act(() => {
    > 22 |     component = create(<TestComponent />);
         |                       ^
      23 |   });
      24 |   return {
      25 |     result,

      at isConcurrentActEnvironment (node_modules/react-test-renderer/cjs/react-test-renderer.development.js:10243:17)
      at warnIfUpdatesNotWrappedWithActDEV (node_modules/react-test-renderer/cjs/react-test-renderer.development.js:11798:7)
      at scheduleUpdateOnFiber (node_modules/react-test-renderer/cjs/react-test-renderer.development.js:10326:9)
      at updateContainerImpl (node_modules/react-test-renderer/cjs/react-test-renderer.development.js:12382:10)
      at updateContainer (node_modules/react-test-renderer/cjs/react-test-renderer.development.js:12326:7)
      at process.env.NODE_ENV.exports.create (node_modules/react-test-renderer/cjs/react-test-renderer.development.js:14630:7)
      at hooks/__tests__/useBalanceData.test.js:22:23
      at process.env.NODE_ENV.exports.act (node_modules/react/cjs/react.development.js:789:22)
      at renderHook (hooks/__tests__/useBalanceData.test.js:21:6)
      at Object.renderHook (hooks/__tests__/useBalanceData.test.js:44:24)

    console.error
      react-test-renderer is deprecated. See https://react.dev/warnings/react-test-renderer

      20 |   let component;
      21 |   act(() => {
    > 22 |     component = create(<TestComponent />);
         |                       ^
      23 |   });
      24 |   return {
      25 |     result,

      at process.env.NODE_ENV.exports.create (node_modules/react-test-renderer/cjs/react-test-renderer.development.js:14598:17)
      at hooks/__tests__/useBalanceData.test.js:22:23
      at process.env.NODE_ENV.exports.act (node_modules/react/cjs/react.development.js:789:22)
      at renderHook (hooks/__tests__/useBalanceData.test.js:21:6)
      at Object.renderHook (hooks/__tests__/useBalanceData.test.js:57:24)

    console.error
      The current testing environment is not configured to support act(...)

      20 |   let component;
      21 |   act(() => {
    > 22 |     component = create(<TestComponent />);
         |                       ^
      23 |   });
      24 |   return {
      25 |     result,

      at isConcurrentActEnvironment (node_modules/react-test-renderer/cjs/react-test-renderer.development.js:10243:17)
      at warnIfUpdatesNotWrappedWithActDEV (node_modules/react-test-renderer/cjs/react-test-renderer.development.js:11798:7)
      at scheduleUpdateOnFiber (node_modules/react-test-renderer/cjs/react-test-renderer.development.js:10326:9)
      at updateContainerImpl (node_modules/react-test-renderer/cjs/react-test-renderer.development.js:12382:10)
      at updateContainer (node_modules/react-test-renderer/cjs/react-test-renderer.development.js:12326:7)
      at process.env.NODE_ENV.exports.create (node_modules/react-test-renderer/cjs/react-test-renderer.development.js:14630:7)
      at hooks/__tests__/useBalanceData.test.js:22:23
      at process.env.NODE_ENV.exports.act (node_modules/react/cjs/react.development.js:789:22)
      at renderHook (hooks/__tests__/useBalanceData.test.js:21:6)
      at Object.renderHook (hooks/__tests__/useBalanceData.test.js:57:24)

    console.error
      react-test-renderer is deprecated. See https://react.dev/warnings/react-test-renderer

      20 |   let component;
      21 |   act(() => {
    > 22 |     component = create(<TestComponent />);
         |                       ^
      23 |   });
      24 |   return {
      25 |     result,

      at process.env.NODE_ENV.exports.create (node_modules/react-test-renderer/cjs/react-test-renderer.development.js:14598:17)
      at hooks/__tests__/useBalanceData.test.js:22:23
      at process.env.NODE_ENV.exports.act (node_modules/react/cjs/react.development.js:789:22)
      at renderHook (hooks/__tests__/useBalanceData.test.js:21:6)
      at Object.renderHook (hooks/__tests__/useBalanceData.test.js:75:24)
      at asyncGeneratorStep (node_modules/@babel/runtime/helpers/asyncToGenerator.js:3:17)
      at _next (node_modules/@babel/runtime/helpers/asyncToGenerator.js:17:9)
      at node_modules/@babel/runtime/helpers/asyncToGenerator.js:22:7
      at Object.<anonymous> (node_modules/@babel/runtime/helpers/asyncToGenerator.js:14:12)

    console.error
      The current testing environment is not configured to support act(...)

      20 |   let component;
      21 |   act(() => {
    > 22 |     component = create(<TestComponent />);
         |                       ^
      23 |   });
      24 |   return {
      25 |     result,

      at isConcurrentActEnvironment (node_modules/react-test-renderer/cjs/react-test-renderer.development.js:10243:17)
      at warnIfUpdatesNotWrappedWithActDEV (node_modules/react-test-renderer/cjs/react-test-renderer.development.js:11798:7)
      at scheduleUpdateOnFiber (node_modules/react-test-renderer/cjs/react-test-renderer.development.js:10326:9)
      at updateContainerImpl (node_modules/react-test-renderer/cjs/react-test-renderer.development.js:12382:10)
      at updateContainer (node_modules/react-test-renderer/cjs/react-test-renderer.development.js:12326:7)
      at process.env.NODE_ENV.exports.create (node_modules/react-test-renderer/cjs/react-test-renderer.development.js:14630:7)
      at hooks/__tests__/useBalanceData.test.js:22:23
      at process.env.NODE_ENV.exports.act (node_modules/react/cjs/react.development.js:789:22)
      at renderHook (hooks/__tests__/useBalanceData.test.js:21:6)
      at Object.renderHook (hooks/__tests__/useBalanceData.test.js:75:24)
      at asyncGeneratorStep (node_modules/@babel/runtime/helpers/asyncToGenerator.js:3:17)
      at _next (node_modules/@babel/runtime/helpers/asyncToGenerator.js:17:9)
      at node_modules/@babel/runtime/helpers/asyncToGenerator.js:22:7
      at Object.<anonymous> (node_modules/@babel/runtime/helpers/asyncToGenerator.js:14:12)

    console.log
      [useBalanceData] fetchBalance called with: {
        segwitAddr: undefined,
        taprootAddr: undefined,
        walletSegwit: 'bc1qtest',
        walletTaproot: 'bc1ptest',
        finalSegwit: 'bc1qtest',
        finalTaproot: 'bc1ptest'
      }

      at Object.log (hooks/useBalanceData.js:38:15)

    console.log
      [useBalanceData] Fetching balances...

      at Object.log (hooks/useBalanceData.js:53:17)

    console.error
      The current testing environment is not configured to support act(...)

      52 |       try {
      53 |         console.log('[useBalanceData] Fetching balances...');
    > 54 |         setLoadingBalance(true);
         |         ^
      55 |         setBalanceError(null);
      56 |         const balances = await fetchWalletBalances(segwitAddress, taprootAddress);
      57 |         console.log('[useBalanceData] Balances fetched:', balances);

      at isConcurrentActEnvironment (node_modules/react-test-renderer/cjs/react-test-renderer.development.js:10243:17)
      at warnIfUpdatesNotWrappedWithActDEV (node_modules/react-test-renderer/cjs/react-test-renderer.development.js:11798:7)
      at scheduleUpdateOnFiber (node_modules/react-test-renderer/cjs/react-test-renderer.development.js:10326:9)
      at dispatchSetStateInternal (node_modules/react-test-renderer/cjs/react-test-renderer.development.js:4148:13)
      at dispatchSetState (node_modules/react-test-renderer/cjs/react-test-renderer.development.js:4107:7)
      at Object.setLoadingBalance (hooks/useBalanceData.js:54:9)
      at asyncGeneratorStep (node_modules/@babel/runtime/helpers/asyncToGenerator.js:3:17)
      at _next (node_modules/@babel/runtime/helpers/asyncToGenerator.js:17:9)
      at node_modules/@babel/runtime/helpers/asyncToGenerator.js:22:7
      at Object.<anonymous> (node_modules/@babel/runtime/helpers/asyncToGenerator.js:14:12)
      at Object.apply [as fetchBalance] (hooks/useBalanceData.js:88:6)
      at fetchBalance (hooks/__tests__/useBalanceData.test.js:78:28)
      at asyncGeneratorStep (node_modules/@babel/runtime/helpers/asyncToGenerator.js:3:17)
      at _next (node_modules/@babel/runtime/helpers/asyncToGenerator.js:17:9)
      at node_modules/@babel/runtime/helpers/asyncToGenerator.js:22:7
      at node_modules/@babel/runtime/helpers/asyncToGenerator.js:14:12
      at process.env.NODE_ENV.exports.act (node_modules/react/cjs/react.development.js:789:22)
      at Object.<anonymous> (hooks/__tests__/useBalanceData.test.js:77:14)
      at asyncGeneratorStep (node_modules/@babel/runtime/helpers/asyncToGenerator.js:3:17)
      at _next (node_modules/@babel/runtime/helpers/asyncToGenerator.js:17:9)
      at node_modules/@babel/runtime/helpers/asyncToGenerator.js:22:7
      at Object.<anonymous> (node_modules/@babel/runtime/helpers/asyncToGenerator.js:14:12)

    console.error
      The current testing environment is not configured to support act(...)

      53 |         console.log('[useBalanceData] Fetching balances...');
      54 |         setLoadingBalance(true);
    > 55 |         setBalanceError(null);
         |         ^
      56 |         const balances = await fetchWalletBalances(segwitAddress, taprootAddress);
      57 |         console.log('[useBalanceData] Balances fetched:', balances);
      58 |

      at isConcurrentActEnvironment (node_modules/react-test-renderer/cjs/react-test-renderer.development.js:10243:17)
      at warnIfUpdatesNotWrappedWithActDEV (node_modules/react-test-renderer/cjs/react-test-renderer.development.js:11798:7)
      at scheduleUpdateOnFiber (node_modules/react-test-renderer/cjs/react-test-renderer.development.js:10326:9)
      at dispatchSetStateInternal (node_modules/react-test-renderer/cjs/react-test-renderer.development.js:4148:13)
      at dispatchSetState (node_modules/react-test-renderer/cjs/react-test-renderer.development.js:4107:7)
      at Object.setBalanceError (hooks/useBalanceData.js:55:9)
      at asyncGeneratorStep (node_modules/@babel/runtime/helpers/asyncToGenerator.js:3:17)
      at _next (node_modules/@babel/runtime/helpers/asyncToGenerator.js:17:9)
      at node_modules/@babel/runtime/helpers/asyncToGenerator.js:22:7
      at Object.<anonymous> (node_modules/@babel/runtime/helpers/asyncToGenerator.js:14:12)
      at Object.apply [as fetchBalance] (hooks/useBalanceData.js:88:6)
      at fetchBalance (hooks/__tests__/useBalanceData.test.js:78:28)
      at asyncGeneratorStep (node_modules/@babel/runtime/helpers/asyncToGenerator.js:3:17)
      at _next (node_modules/@babel/runtime/helpers/asyncToGenerator.js:17:9)
      at node_modules/@babel/runtime/helpers/asyncToGenerator.js:22:7
      at node_modules/@babel/runtime/helpers/asyncToGenerator.js:14:12
      at process.env.NODE_ENV.exports.act (node_modules/react/cjs/react.development.js:789:22)
      at Object.<anonymous> (hooks/__tests__/useBalanceData.test.js:77:14)
      at asyncGeneratorStep (node_modules/@babel/runtime/helpers/asyncToGenerator.js:3:17)
      at _next (node_modules/@babel/runtime/helpers/asyncToGenerator.js:17:9)
      at node_modules/@babel/runtime/helpers/asyncToGenerator.js:22:7
      at Object.<anonymous> (node_modules/@babel/runtime/helpers/asyncToGenerator.js:14:12)

    console.log
      [useBalanceData] Balances fetched: {
        segwitBalance: 100000,
        taprootBalance: 200000,
        runesBalance: [ [ 'UNIT•RUNE', 1000 ] ]
      }

      at Object.log (hooks/useBalanceData.js:57:17)

    console.error
      The current testing environment is not configured to support act(...)

      70 |             runes: balances.runesBalance
      71 |           };
    > 72 |           setSegwitBalance(balances.segwitBalance);
         |           ^
      73 |           setTaprootBalance(balances.taprootBalance);
      74 |           setRunesBalance(balances.runesBalance);
      75 |         }

      at isConcurrentActEnvironment (node_modules/react-test-renderer/cjs/react-test-renderer.development.js:10243:17)
      at warnIfUpdatesNotWrappedWithActDEV (node_modules/react-test-renderer/cjs/react-test-renderer.development.js:11798:7)
      at scheduleUpdateOnFiber (node_modules/react-test-renderer/cjs/react-test-renderer.development.js:10326:9)
      at dispatchSetStateInternal (node_modules/react-test-renderer/cjs/react-test-renderer.development.js:4148:13)
      at dispatchSetState (node_modules/react-test-renderer/cjs/react-test-renderer.development.js:4107:7)
      at Object.setSegwitBalance (hooks/useBalanceData.js:72:11)
      at asyncGeneratorStep (node_modules/@babel/runtime/helpers/asyncToGenerator.js:3:17)
      at _next (node_modules/@babel/runtime/helpers/asyncToGenerator.js:17:9)

    console.error
      The current testing environment is not configured to support act(...)

      71 |           };
      72 |           setSegwitBalance(balances.segwitBalance);
    > 73 |           setTaprootBalance(balances.taprootBalance);
         |           ^
      74 |           setRunesBalance(balances.runesBalance);
      75 |         }
      76 |

      at isConcurrentActEnvironment (node_modules/react-test-renderer/cjs/react-test-renderer.development.js:10243:17)
      at warnIfUpdatesNotWrappedWithActDEV (node_modules/react-test-renderer/cjs/react-test-renderer.development.js:11798:7)
      at scheduleUpdateOnFiber (node_modules/react-test-renderer/cjs/react-test-renderer.development.js:10326:9)
      at dispatchSetStateInternal (node_modules/react-test-renderer/cjs/react-test-renderer.development.js:4148:13)
      at dispatchSetState (node_modules/react-test-renderer/cjs/react-test-renderer.development.js:4107:7)
      at Object.setTaprootBalance (hooks/useBalanceData.js:73:11)
      at asyncGeneratorStep (node_modules/@babel/runtime/helpers/asyncToGenerator.js:3:17)
      at _next (node_modules/@babel/runtime/helpers/asyncToGenerator.js:17:9)

    console.error
      The current testing environment is not configured to support act(...)

      72 |           setSegwitBalance(balances.segwitBalance);
      73 |           setTaprootBalance(balances.taprootBalance);
    > 74 |           setRunesBalance(balances.runesBalance);
         |           ^
      75 |         }
      76 |
      77 |         // Also fetch unconfirmed balances from pending transactions

      at isConcurrentActEnvironment (node_modules/react-test-renderer/cjs/react-test-renderer.development.js:10243:17)
      at warnIfUpdatesNotWrappedWithActDEV (node_modules/react-test-renderer/cjs/react-test-renderer.development.js:11798:7)
      at scheduleUpdateOnFiber (node_modules/react-test-renderer/cjs/react-test-renderer.development.js:10326:9)
      at dispatchSetStateInternal (node_modules/react-test-renderer/cjs/react-test-renderer.development.js:4148:13)
      at dispatchSetState (node_modules/react-test-renderer/cjs/react-test-renderer.development.js:4107:7)
      at Object.setRunesBalance (hooks/useBalanceData.js:74:11)
      at asyncGeneratorStep (node_modules/@babel/runtime/helpers/asyncToGenerator.js:3:17)
      at _next (node_modules/@babel/runtime/helpers/asyncToGenerator.js:17:9)

    console.error
      The current testing environment is not configured to support act(...)

      78 |         const unconfirmedSegwit = getUnconfirmedBalance('segwit');
      79 |         const unconfirmedTaproot = getUnconfirmedBalance('taproot');
    > 80 |         setUnconfirmedSegwitBalance(unconfirmedSegwit.btc);
         |         ^
      81 |         setUnconfirmedTaprootBalance(unconfirmedTaproot.btc);
      82 |         setUnconfirmedRunesBalance(unconfirmedTaproot.runes);
      83 |       } catch (error) {

      at isConcurrentActEnvironment (node_modules/react-test-renderer/cjs/react-test-renderer.development.js:10243:17)
      at warnIfUpdatesNotWrappedWithActDEV (node_modules/react-test-renderer/cjs/react-test-renderer.development.js:11798:7)
      at scheduleUpdateOnFiber (node_modules/react-test-renderer/cjs/react-test-renderer.development.js:10326:9)
      at dispatchSetStateInternal (node_modules/react-test-renderer/cjs/react-test-renderer.development.js:4148:13)
      at dispatchSetState (node_modules/react-test-renderer/cjs/react-test-renderer.development.js:4107:7)
      at Object.setUnconfirmedSegwitBalance (hooks/useBalanceData.js:80:9)
      at asyncGeneratorStep (node_modules/@babel/runtime/helpers/asyncToGenerator.js:3:17)
      at _next (node_modules/@babel/runtime/helpers/asyncToGenerator.js:17:9)

    console.error
      The current testing environment is not configured to support act(...)

      79 |         const unconfirmedTaproot = getUnconfirmedBalance('taproot');
      80 |         setUnconfirmedSegwitBalance(unconfirmedSegwit.btc);
    > 81 |         setUnconfirmedTaprootBalance(unconfirmedTaproot.btc);
         |         ^
      82 |         setUnconfirmedRunesBalance(unconfirmedTaproot.runes);
      83 |       } catch (error) {
      84 |         setBalanceError('Failed to fetch balance. Tap to retry.');

      at isConcurrentActEnvironment (node_modules/react-test-renderer/cjs/react-test-renderer.development.js:10243:17)
      at warnIfUpdatesNotWrappedWithActDEV (node_modules/react-test-renderer/cjs/react-test-renderer.development.js:11798:7)
      at scheduleUpdateOnFiber (node_modules/react-test-renderer/cjs/react-test-renderer.development.js:10326:9)
      at dispatchSetStateInternal (node_modules/react-test-renderer/cjs/react-test-renderer.development.js:4148:13)
      at dispatchSetState (node_modules/react-test-renderer/cjs/react-test-renderer.development.js:4107:7)
      at Object.setUnconfirmedTaprootBalance (hooks/useBalanceData.js:81:9)
      at asyncGeneratorStep (node_modules/@babel/runtime/helpers/asyncToGenerator.js:3:17)
      at _next (node_modules/@babel/runtime/helpers/asyncToGenerator.js:17:9)

    console.error
      The current testing environment is not configured to support act(...)

      80 |         setUnconfirmedSegwitBalance(unconfirmedSegwit.btc);
      81 |         setUnconfirmedTaprootBalance(unconfirmedTaproot.btc);
    > 82 |         setUnconfirmedRunesBalance(unconfirmedTaproot.runes);
         |         ^
      83 |       } catch (error) {
      84 |         setBalanceError('Failed to fetch balance. Tap to retry.');
      85 |       } finally {

      at isConcurrentActEnvironment (node_modules/react-test-renderer/cjs/react-test-renderer.development.js:10243:17)
      at warnIfUpdatesNotWrappedWithActDEV (node_modules/react-test-renderer/cjs/react-test-renderer.development.js:11798:7)
      at scheduleUpdateOnFiber (node_modules/react-test-renderer/cjs/react-test-renderer.development.js:10326:9)
      at dispatchSetStateInternal (node_modules/react-test-renderer/cjs/react-test-renderer.development.js:4148:13)
      at dispatchSetState (node_modules/react-test-renderer/cjs/react-test-renderer.development.js:4107:7)
      at Object.setUnconfirmedRunesBalance (hooks/useBalanceData.js:82:9)
      at asyncGeneratorStep (node_modules/@babel/runtime/helpers/asyncToGenerator.js:3:17)
      at _next (node_modules/@babel/runtime/helpers/asyncToGenerator.js:17:9)

    console.error
      The current testing environment is not configured to support act(...)

      84 |         setBalanceError('Failed to fetch balance. Tap to retry.');
      85 |       } finally {
    > 86 |         setLoadingBalance(false);
         |         ^
      87 |       }
      88 |     },
      89 |     [wallet, getUnconfirmedBalance]

      at isConcurrentActEnvironment (node_modules/react-test-renderer/cjs/react-test-renderer.development.js:10243:17)
      at warnIfUpdatesNotWrappedWithActDEV (node_modules/react-test-renderer/cjs/react-test-renderer.development.js:11798:7)
      at scheduleUpdateOnFiber (node_modules/react-test-renderer/cjs/react-test-renderer.development.js:10326:9)
      at dispatchSetStateInternal (node_modules/react-test-renderer/cjs/react-test-renderer.development.js:4148:13)
      at dispatchSetState (node_modules/react-test-renderer/cjs/react-test-renderer.development.js:4107:7)
      at Object.setLoadingBalance (hooks/useBalanceData.js:86:9)
      at asyncGeneratorStep (node_modules/@babel/runtime/helpers/asyncToGenerator.js:3:17)
      at _next (node_modules/@babel/runtime/helpers/asyncToGenerator.js:17:9)

    console.error
      react-test-renderer is deprecated. See https://react.dev/warnings/react-test-renderer

      20 |   let component;
      21 |   act(() => {
    > 22 |     component = create(<TestComponent />);
         |                       ^
      23 |   });
      24 |   return {
      25 |     result,

      at process.env.NODE_ENV.exports.create (node_modules/react-test-renderer/cjs/react-test-renderer.development.js:14598:17)
      at hooks/__tests__/useBalanceData.test.js:22:23
      at process.env.NODE_ENV.exports.act (node_modules/react/cjs/react.development.js:789:22)
      at renderHook (hooks/__tests__/useBalanceData.test.js:21:6)
      at Object.renderHook (hooks/__tests__/useBalanceData.test.js:92:24)
      at asyncGeneratorStep (node_modules/@babel/runtime/helpers/asyncToGenerator.js:3:17)
      at _next (node_modules/@babel/runtime/helpers/asyncToGenerator.js:17:9)
      at node_modules/@babel/runtime/helpers/asyncToGenerator.js:22:7
      at Object.<anonymous> (node_modules/@babel/runtime/helpers/asyncToGenerator.js:14:12)

    console.error
      The current testing environment is not configured to support act(...)

      20 |   let component;
      21 |   act(() => {
    > 22 |     component = create(<TestComponent />);
         |                       ^
      23 |   });
      24 |   return {
      25 |     result,

      at isConcurrentActEnvironment (node_modules/react-test-renderer/cjs/react-test-renderer.development.js:10243:17)
      at warnIfUpdatesNotWrappedWithActDEV (node_modules/react-test-renderer/cjs/react-test-renderer.development.js:11798:7)
      at scheduleUpdateOnFiber (node_modules/react-test-renderer/cjs/react-test-renderer.development.js:10326:9)
      at updateContainerImpl (node_modules/react-test-renderer/cjs/react-test-renderer.development.js:12382:10)
      at updateContainer (node_modules/react-test-renderer/cjs/react-test-renderer.development.js:12326:7)
      at process.env.NODE_ENV.exports.create (node_modules/react-test-renderer/cjs/react-test-renderer.development.js:14630:7)
      at hooks/__tests__/useBalanceData.test.js:22:23
      at process.env.NODE_ENV.exports.act (node_modules/react/cjs/react.development.js:789:22)
      at renderHook (hooks/__tests__/useBalanceData.test.js:21:6)
      at Object.renderHook (hooks/__tests__/useBalanceData.test.js:92:24)
      at asyncGeneratorStep (node_modules/@babel/runtime/helpers/asyncToGenerator.js:3:17)
      at _next (node_modules/@babel/runtime/helpers/asyncToGenerator.js:17:9)
      at node_modules/@babel/runtime/helpers/asyncToGenerator.js:22:7
      at Object.<anonymous> (node_modules/@babel/runtime/helpers/asyncToGenerator.js:14:12)

    console.log
      [useBalanceData] fetchBalance called with: {
        segwitAddr: undefined,
        taprootAddr: undefined,
        walletSegwit: 'bc1qtest',
        walletTaproot: 'bc1ptest',
        finalSegwit: 'bc1qtest',
        finalTaproot: 'bc1ptest'
      }

      at Object.log (hooks/useBalanceData.js:38:15)

    console.log
      [useBalanceData] Fetching balances...

      at Object.log (hooks/useBalanceData.js:53:17)

    console.error
      The current testing environment is not configured to support act(...)

      52 |       try {
      53 |         console.log('[useBalanceData] Fetching balances...');
    > 54 |         setLoadingBalance(true);
         |         ^
      55 |         setBalanceError(null);
      56 |         const balances = await fetchWalletBalances(segwitAddress, taprootAddress);
      57 |         console.log('[useBalanceData] Balances fetched:', balances);

      at isConcurrentActEnvironment (node_modules/react-test-renderer/cjs/react-test-renderer.development.js:10243:17)
      at warnIfUpdatesNotWrappedWithActDEV (node_modules/react-test-renderer/cjs/react-test-renderer.development.js:11798:7)
      at scheduleUpdateOnFiber (node_modules/react-test-renderer/cjs/react-test-renderer.development.js:10326:9)
      at dispatchSetStateInternal (node_modules/react-test-renderer/cjs/react-test-renderer.development.js:4148:13)
      at dispatchSetState (node_modules/react-test-renderer/cjs/react-test-renderer.development.js:4107:7)
      at Object.setLoadingBalance (hooks/useBalanceData.js:54:9)
      at asyncGeneratorStep (node_modules/@babel/runtime/helpers/asyncToGenerator.js:3:17)
      at _next (node_modules/@babel/runtime/helpers/asyncToGenerator.js:17:9)
      at node_modules/@babel/runtime/helpers/asyncToGenerator.js:22:7
      at Object.<anonymous> (node_modules/@babel/runtime/helpers/asyncToGenerator.js:14:12)
      at Object.apply [as fetchBalance] (hooks/useBalanceData.js:88:6)
      at fetchBalance (hooks/__tests__/useBalanceData.test.js:95:28)
      at asyncGeneratorStep (node_modules/@babel/runtime/helpers/asyncToGenerator.js:3:17)
      at _next (node_modules/@babel/runtime/helpers/asyncToGenerator.js:17:9)
      at node_modules/@babel/runtime/helpers/asyncToGenerator.js:22:7
      at node_modules/@babel/runtime/helpers/asyncToGenerator.js:14:12
      at process.env.NODE_ENV.exports.act (node_modules/react/cjs/react.development.js:789:22)
      at Object.<anonymous> (hooks/__tests__/useBalanceData.test.js:94:14)
      at asyncGeneratorStep (node_modules/@babel/runtime/helpers/asyncToGenerator.js:3:17)
      at _next (node_modules/@babel/runtime/helpers/asyncToGenerator.js:17:9)
      at node_modules/@babel/runtime/helpers/asyncToGenerator.js:22:7
      at Object.<anonymous> (node_modules/@babel/runtime/helpers/asyncToGenerator.js:14:12)

    console.error
      The current testing environment is not configured to support act(...)

      53 |         console.log('[useBalanceData] Fetching balances...');
      54 |         setLoadingBalance(true);
    > 55 |         setBalanceError(null);
         |         ^
      56 |         const balances = await fetchWalletBalances(segwitAddress, taprootAddress);
      57 |         console.log('[useBalanceData] Balances fetched:', balances);
      58 |

      at isConcurrentActEnvironment (node_modules/react-test-renderer/cjs/react-test-renderer.development.js:10243:17)
      at warnIfUpdatesNotWrappedWithActDEV (node_modules/react-test-renderer/cjs/react-test-renderer.development.js:11798:7)
      at scheduleUpdateOnFiber (node_modules/react-test-renderer/cjs/react-test-renderer.development.js:10326:9)
      at dispatchSetStateInternal (node_modules/react-test-renderer/cjs/react-test-renderer.development.js:4148:13)
      at dispatchSetState (node_modules/react-test-renderer/cjs/react-test-renderer.development.js:4107:7)
      at Object.setBalanceError (hooks/useBalanceData.js:55:9)
      at asyncGeneratorStep (node_modules/@babel/runtime/helpers/asyncToGenerator.js:3:17)
      at _next (node_modules/@babel/runtime/helpers/asyncToGenerator.js:17:9)
      at node_modules/@babel/runtime/helpers/asyncToGenerator.js:22:7
      at Object.<anonymous> (node_modules/@babel/runtime/helpers/asyncToGenerator.js:14:12)
      at Object.apply [as fetchBalance] (hooks/useBalanceData.js:88:6)
      at fetchBalance (hooks/__tests__/useBalanceData.test.js:95:28)
      at asyncGeneratorStep (node_modules/@babel/runtime/helpers/asyncToGenerator.js:3:17)
      at _next (node_modules/@babel/runtime/helpers/asyncToGenerator.js:17:9)
      at node_modules/@babel/runtime/helpers/asyncToGenerator.js:22:7
      at node_modules/@babel/runtime/helpers/asyncToGenerator.js:14:12
      at process.env.NODE_ENV.exports.act (node_modules/react/cjs/react.development.js:789:22)
      at Object.<anonymous> (hooks/__tests__/useBalanceData.test.js:94:14)
      at asyncGeneratorStep (node_modules/@babel/runtime/helpers/asyncToGenerator.js:3:17)
      at _next (node_modules/@babel/runtime/helpers/asyncToGenerator.js:17:9)
      at node_modules/@babel/runtime/helpers/asyncToGenerator.js:22:7
      at Object.<anonymous> (node_modules/@babel/runtime/helpers/asyncToGenerator.js:14:12)

    console.error
      The current testing environment is not configured to support act(...)

      82 |         setUnconfirmedRunesBalance(unconfirmedTaproot.runes);
      83 |       } catch (error) {
    > 84 |         setBalanceError('Failed to fetch balance. Tap to retry.');
         |         ^
      85 |       } finally {
      86 |         setLoadingBalance(false);
      87 |       }

      at isConcurrentActEnvironment (node_modules/react-test-renderer/cjs/react-test-renderer.development.js:10243:17)
      at warnIfUpdatesNotWrappedWithActDEV (node_modules/react-test-renderer/cjs/react-test-renderer.development.js:11798:7)
      at scheduleUpdateOnFiber (node_modules/react-test-renderer/cjs/react-test-renderer.development.js:10326:9)
      at dispatchSetStateInternal (node_modules/react-test-renderer/cjs/react-test-renderer.development.js:4148:13)
      at dispatchSetState (node_modules/react-test-renderer/cjs/react-test-renderer.development.js:4107:7)
      at Object.setBalanceError (hooks/useBalanceData.js:84:9)
          at Generator.throw (<anonymous>)
      at asyncGeneratorStep (node_modules/@babel/runtime/helpers/asyncToGenerator.js:3:17)
      at _throw (node_modules/@babel/runtime/helpers/asyncToGenerator.js:20:9)

    console.error
      The current testing environment is not configured to support act(...)

      84 |         setBalanceError('Failed to fetch balance. Tap to retry.');
      85 |       } finally {
    > 86 |         setLoadingBalance(false);
         |         ^
      87 |       }
      88 |     },
      89 |     [wallet, getUnconfirmedBalance]

      at isConcurrentActEnvironment (node_modules/react-test-renderer/cjs/react-test-renderer.development.js:10243:17)
      at warnIfUpdatesNotWrappedWithActDEV (node_modules/react-test-renderer/cjs/react-test-renderer.development.js:11798:7)
      at scheduleUpdateOnFiber (node_modules/react-test-renderer/cjs/react-test-renderer.development.js:10326:9)
      at dispatchSetStateInternal (node_modules/react-test-renderer/cjs/react-test-renderer.development.js:4148:13)
      at dispatchSetState (node_modules/react-test-renderer/cjs/react-test-renderer.development.js:4107:7)
      at Object.setLoadingBalance (hooks/useBalanceData.js:86:9)
          at Generator.throw (<anonymous>)
      at asyncGeneratorStep (node_modules/@babel/runtime/helpers/asyncToGenerator.js:3:17)
      at _throw (node_modules/@babel/runtime/helpers/asyncToGenerator.js:20:9)

    console.error
      react-test-renderer is deprecated. See https://react.dev/warnings/react-test-renderer

      20 |   let component;
      21 |   act(() => {
    > 22 |     component = create(<TestComponent />);
         |                       ^
      23 |   });
      24 |   return {
      25 |     result,

      at process.env.NODE_ENV.exports.create (node_modules/react-test-renderer/cjs/react-test-renderer.development.js:14598:17)
      at hooks/__tests__/useBalanceData.test.js:22:23
      at process.env.NODE_ENV.exports.act (node_modules/react/cjs/react.development.js:789:22)
      at renderHook (hooks/__tests__/useBalanceData.test.js:21:6)
      at Object.renderHook (hooks/__tests__/useBalanceData.test.js:102:24)

    console.error
      The current testing environment is not configured to support act(...)

      20 |   let component;
      21 |   act(() => {
    > 22 |     component = create(<TestComponent />);
         |                       ^
      23 |   });
      24 |   return {
      25 |     result,

      at isConcurrentActEnvironment (node_modules/react-test-renderer/cjs/react-test-renderer.development.js:10243:17)
      at warnIfUpdatesNotWrappedWithActDEV (node_modules/react-test-renderer/cjs/react-test-renderer.development.js:11798:7)
      at scheduleUpdateOnFiber (node_modules/react-test-renderer/cjs/react-test-renderer.development.js:10326:9)
      at updateContainerImpl (node_modules/react-test-renderer/cjs/react-test-renderer.development.js:12382:10)
      at updateContainer (node_modules/react-test-renderer/cjs/react-test-renderer.development.js:12326:7)
      at process.env.NODE_ENV.exports.create (node_modules/react-test-renderer/cjs/react-test-renderer.development.js:14630:7)
      at hooks/__tests__/useBalanceData.test.js:22:23
      at process.env.NODE_ENV.exports.act (node_modules/react/cjs/react.development.js:789:22)
      at renderHook (hooks/__tests__/useBalanceData.test.js:21:6)
      at Object.renderHook (hooks/__tests__/useBalanceData.test.js:102:24)

    console.error
      The current testing environment is not configured to support act(...)

      115 |     setSegwitBalance(0);
      116 |     setTaprootBalance(0);
    > 117 |     setRunesBalance([]);
          |     ^
      118 |     setUtxos([]);
      119 |   }, []);
      120 |

      at isConcurrentActEnvironment (node_modules/react-test-renderer/cjs/react-test-renderer.development.js:10243:17)
      at warnIfUpdatesNotWrappedWithActDEV (node_modules/react-test-renderer/cjs/react-test-renderer.development.js:11798:7)
      at scheduleUpdateOnFiber (node_modules/react-test-renderer/cjs/react-test-renderer.development.js:10326:9)
      at dispatchSetStateInternal (node_modules/react-test-renderer/cjs/react-test-renderer.development.js:4148:13)
      at dispatchSetState (node_modules/react-test-renderer/cjs/react-test-renderer.development.js:4107:7)
      at Object.setRunesBalance [as resetBalances] (hooks/useBalanceData.js:117:5)
      at resetBalances (hooks/__tests__/useBalanceData.test.js:105:22)
      at process.env.NODE_ENV.exports.act (node_modules/react/cjs/react.development.js:789:22)
      at Object.<anonymous> (hooks/__tests__/useBalanceData.test.js:104:8)

    console.error
      The current testing environment is not configured to support act(...)

      116 |     setTaprootBalance(0);
      117 |     setRunesBalance([]);
    > 118 |     setUtxos([]);
          |     ^
      119 |   }, []);
      120 |
      121 |   return useMemo(

      at isConcurrentActEnvironment (node_modules/react-test-renderer/cjs/react-test-renderer.development.js:10243:17)
      at warnIfUpdatesNotWrappedWithActDEV (node_modules/react-test-renderer/cjs/react-test-renderer.development.js:11798:7)
      at scheduleUpdateOnFiber (node_modules/react-test-renderer/cjs/react-test-renderer.development.js:10326:9)
      at dispatchSetStateInternal (node_modules/react-test-renderer/cjs/react-test-renderer.development.js:4148:13)
      at dispatchSetState (node_modules/react-test-renderer/cjs/react-test-renderer.development.js:4107:7)
      at Object.setUtxos [as resetBalances] (hooks/useBalanceData.js:118:5)
      at resetBalances (hooks/__tests__/useBalanceData.test.js:105:22)
      at process.env.NODE_ENV.exports.act (node_modules/react/cjs/react.development.js:789:22)
      at Object.<anonymous> (hooks/__tests__/useBalanceData.test.js:104:8)

    console.error
      react-test-renderer is deprecated. See https://react.dev/warnings/react-test-renderer

      20 |   let component;
      21 |   act(() => {
    > 22 |     component = create(<TestComponent />);
         |                       ^
      23 |   });
      24 |   return {
      25 |     result,

      at process.env.NODE_ENV.exports.create (node_modules/react-test-renderer/cjs/react-test-renderer.development.js:14598:17)
      at hooks/__tests__/useBalanceData.test.js:22:23
      at process.env.NODE_ENV.exports.act (node_modules/react/cjs/react.development.js:789:22)
      at renderHook (hooks/__tests__/useBalanceData.test.js:21:6)
      at Object.renderHook (hooks/__tests__/useBalanceData.test.js:122:24)
      at asyncGeneratorStep (node_modules/@babel/runtime/helpers/asyncToGenerator.js:3:17)
      at _next (node_modules/@babel/runtime/helpers/asyncToGenerator.js:17:9)
      at node_modules/@babel/runtime/helpers/asyncToGenerator.js:22:7
      at Object.<anonymous> (node_modules/@babel/runtime/helpers/asyncToGenerator.js:14:12)

    console.error
      The current testing environment is not configured to support act(...)

      20 |   let component;
      21 |   act(() => {
    > 22 |     component = create(<TestComponent />);
         |                       ^
      23 |   });
      24 |   return {
      25 |     result,

      at isConcurrentActEnvironment (node_modules/react-test-renderer/cjs/react-test-renderer.development.js:10243:17)
      at warnIfUpdatesNotWrappedWithActDEV (node_modules/react-test-renderer/cjs/react-test-renderer.development.js:11798:7)
      at scheduleUpdateOnFiber (node_modules/react-test-renderer/cjs/react-test-renderer.development.js:10326:9)
      at updateContainerImpl (node_modules/react-test-renderer/cjs/react-test-renderer.development.js:12382:10)
      at updateContainer (node_modules/react-test-renderer/cjs/react-test-renderer.development.js:12326:7)
      at process.env.NODE_ENV.exports.create (node_modules/react-test-renderer/cjs/react-test-renderer.development.js:14630:7)
      at hooks/__tests__/useBalanceData.test.js:22:23
      at process.env.NODE_ENV.exports.act (node_modules/react/cjs/react.development.js:789:22)
      at renderHook (hooks/__tests__/useBalanceData.test.js:21:6)
      at Object.renderHook (hooks/__tests__/useBalanceData.test.js:122:24)
      at asyncGeneratorStep (node_modules/@babel/runtime/helpers/asyncToGenerator.js:3:17)
      at _next (node_modules/@babel/runtime/helpers/asyncToGenerator.js:17:9)
      at node_modules/@babel/runtime/helpers/asyncToGenerator.js:22:7
      at Object.<anonymous> (node_modules/@babel/runtime/helpers/asyncToGenerator.js:14:12)

    console.error
      The current testing environment is not configured to support act(...)

      100 |   const fetchUtxos = useCallback(async (address) => {
      101 |     try {
    > 102 |       setLoadingUtxos(true);
          |       ^
      103 |       const formattedUtxos = await fetchUtxosService(address);
      104 |       setUtxos(formattedUtxos);
      105 |       return formattedUtxos;

      at isConcurrentActEnvironment (node_modules/react-test-renderer/cjs/react-test-renderer.development.js:10243:17)
      at warnIfUpdatesNotWrappedWithActDEV (node_modules/react-test-renderer/cjs/react-test-renderer.development.js:11798:7)
      at scheduleUpdateOnFiber (node_modules/react-test-renderer/cjs/react-test-renderer.development.js:10326:9)
      at dispatchSetStateInternal (node_modules/react-test-renderer/cjs/react-test-renderer.development.js:4148:13)
      at dispatchSetState (node_modules/react-test-renderer/cjs/react-test-renderer.development.js:4107:7)
      at Object.setLoadingUtxos (hooks/useBalanceData.js:102:7)
      at asyncGeneratorStep (node_modules/@babel/runtime/helpers/asyncToGenerator.js:3:17)
      at _next (node_modules/@babel/runtime/helpers/asyncToGenerator.js:17:9)
      at node_modules/@babel/runtime/helpers/asyncToGenerator.js:22:7
      at Object.<anonymous> (node_modules/@babel/runtime/helpers/asyncToGenerator.js:14:12)
      at Object.apply [as fetchUtxos] (hooks/useBalanceData.js:111:4)
      at fetchUtxos (hooks/__tests__/useBalanceData.test.js:126:44)
      at asyncGeneratorStep (node_modules/@babel/runtime/helpers/asyncToGenerator.js:3:17)
      at _next (node_modules/@babel/runtime/helpers/asyncToGenerator.js:17:9)
      at node_modules/@babel/runtime/helpers/asyncToGenerator.js:22:7
      at node_modules/@babel/runtime/helpers/asyncToGenerator.js:14:12
      at process.env.NODE_ENV.exports.act (node_modules/react/cjs/react.development.js:789:22)
      at Object.<anonymous> (hooks/__tests__/useBalanceData.test.js:125:14)
      at asyncGeneratorStep (node_modules/@babel/runtime/helpers/asyncToGenerator.js:3:17)
      at _next (node_modules/@babel/runtime/helpers/asyncToGenerator.js:17:9)
      at node_modules/@babel/runtime/helpers/asyncToGenerator.js:22:7
      at Object.<anonymous> (node_modules/@babel/runtime/helpers/asyncToGenerator.js:14:12)

    console.error
      The current testing environment is not configured to support act(...)

      102 |       setLoadingUtxos(true);
      103 |       const formattedUtxos = await fetchUtxosService(address);
    > 104 |       setUtxos(formattedUtxos);
          |       ^
      105 |       return formattedUtxos;
      106 |     } catch (error) {
      107 |       throw error;

      at isConcurrentActEnvironment (node_modules/react-test-renderer/cjs/react-test-renderer.development.js:10243:17)
      at warnIfUpdatesNotWrappedWithActDEV (node_modules/react-test-renderer/cjs/react-test-renderer.development.js:11798:7)
      at scheduleUpdateOnFiber (node_modules/react-test-renderer/cjs/react-test-renderer.development.js:10326:9)
      at dispatchSetStateInternal (node_modules/react-test-renderer/cjs/react-test-renderer.development.js:4148:13)
      at dispatchSetState (node_modules/react-test-renderer/cjs/react-test-renderer.development.js:4107:7)
      at Object.setUtxos (hooks/useBalanceData.js:104:7)
      at asyncGeneratorStep (node_modules/@babel/runtime/helpers/asyncToGenerator.js:3:17)
      at _next (node_modules/@babel/runtime/helpers/asyncToGenerator.js:17:9)

    console.error
      The current testing environment is not configured to support act(...)

      107 |       throw error;
      108 |     } finally {
    > 109 |       setLoadingUtxos(false);
          |       ^
      110 |     }
      111 |   }, []);
      112 |

      at isConcurrentActEnvironment (node_modules/react-test-renderer/cjs/react-test-renderer.development.js:10243:17)
      at warnIfUpdatesNotWrappedWithActDEV (node_modules/react-test-renderer/cjs/react-test-renderer.development.js:11798:7)
      at scheduleUpdateOnFiber (node_modules/react-test-renderer/cjs/react-test-renderer.development.js:10326:9)
      at dispatchSetStateInternal (node_modules/react-test-renderer/cjs/react-test-renderer.development.js:4148:13)
      at dispatchSetState (node_modules/react-test-renderer/cjs/react-test-renderer.development.js:4107:7)
      at Object.setLoadingUtxos (hooks/useBalanceData.js:109:7)
      at asyncGeneratorStep (node_modules/@babel/runtime/helpers/asyncToGenerator.js:3:17)
      at _next (node_modules/@babel/runtime/helpers/asyncToGenerator.js:17:9)

    console.error
      react-test-renderer is deprecated. See https://react.dev/warnings/react-test-renderer

      20 |   let component;
      21 |   act(() => {
    > 22 |     component = create(<TestComponent />);
         |                       ^
      23 |   });
      24 |   return {
      25 |     result,

      at process.env.NODE_ENV.exports.create (node_modules/react-test-renderer/cjs/react-test-renderer.development.js:14598:17)
      at hooks/__tests__/useBalanceData.test.js:22:23
      at process.env.NODE_ENV.exports.act (node_modules/react/cjs/react.development.js:789:22)
      at renderHook (hooks/__tests__/useBalanceData.test.js:21:6)
      at Object.renderHook (hooks/__tests__/useBalanceData.test.js:136:24)
      at asyncGeneratorStep (node_modules/@babel/runtime/helpers/asyncToGenerator.js:3:17)
      at _next (node_modules/@babel/runtime/helpers/asyncToGenerator.js:17:9)
      at node_modules/@babel/runtime/helpers/asyncToGenerator.js:22:7
      at Object.<anonymous> (node_modules/@babel/runtime/helpers/asyncToGenerator.js:14:12)

    console.error
      The current testing environment is not configured to support act(...)

      20 |   let component;
      21 |   act(() => {
    > 22 |     component = create(<TestComponent />);
         |                       ^
      23 |   });
      24 |   return {
      25 |     result,

      at isConcurrentActEnvironment (node_modules/react-test-renderer/cjs/react-test-renderer.development.js:10243:17)
      at warnIfUpdatesNotWrappedWithActDEV (node_modules/react-test-renderer/cjs/react-test-renderer.development.js:11798:7)
      at scheduleUpdateOnFiber (node_modules/react-test-renderer/cjs/react-test-renderer.development.js:10326:9)
      at updateContainerImpl (node_modules/react-test-renderer/cjs/react-test-renderer.development.js:12382:10)
      at updateContainer (node_modules/react-test-renderer/cjs/react-test-renderer.development.js:12326:7)
      at process.env.NODE_ENV.exports.create (node_modules/react-test-renderer/cjs/react-test-renderer.development.js:14630:7)
      at hooks/__tests__/useBalanceData.test.js:22:23
      at process.env.NODE_ENV.exports.act (node_modules/react/cjs/react.development.js:789:22)
      at renderHook (hooks/__tests__/useBalanceData.test.js:21:6)
      at Object.renderHook (hooks/__tests__/useBalanceData.test.js:136:24)
      at asyncGeneratorStep (node_modules/@babel/runtime/helpers/asyncToGenerator.js:3:17)
      at _next (node_modules/@babel/runtime/helpers/asyncToGenerator.js:17:9)
      at node_modules/@babel/runtime/helpers/asyncToGenerator.js:22:7
      at Object.<anonymous> (node_modules/@babel/runtime/helpers/asyncToGenerator.js:14:12)

    console.error
      The current testing environment is not configured to support act(...)

      100 |   const fetchUtxos = useCallback(async (address) => {
      101 |     try {
    > 102 |       setLoadingUtxos(true);
          |       ^
      103 |       const formattedUtxos = await fetchUtxosService(address);
      104 |       setUtxos(formattedUtxos);
      105 |       return formattedUtxos;

      at isConcurrentActEnvironment (node_modules/react-test-renderer/cjs/react-test-renderer.development.js:10243:17)
      at warnIfUpdatesNotWrappedWithActDEV (node_modules/react-test-renderer/cjs/react-test-renderer.development.js:11798:7)
      at scheduleUpdateOnFiber (node_modules/react-test-renderer/cjs/react-test-renderer.development.js:10326:9)
      at dispatchSetStateInternal (node_modules/react-test-renderer/cjs/react-test-renderer.development.js:4148:13)
      at dispatchSetState (node_modules/react-test-renderer/cjs/react-test-renderer.development.js:4107:7)
      at Object.setLoadingUtxos (hooks/useBalanceData.js:102:7)
      at asyncGeneratorStep (node_modules/@babel/runtime/helpers/asyncToGenerator.js:3:17)
      at _next (node_modules/@babel/runtime/helpers/asyncToGenerator.js:17:9)
      at node_modules/@babel/runtime/helpers/asyncToGenerator.js:22:7
      at Object.<anonymous> (node_modules/@babel/runtime/helpers/asyncToGenerator.js:14:12)
      at Object.apply [as fetchUtxos] (hooks/useBalanceData.js:111:4)
      at fetchUtxos (hooks/__tests__/useBalanceData.test.js:140:30)
      at asyncGeneratorStep (node_modules/@babel/runtime/helpers/asyncToGenerator.js:3:17)
      at _next (node_modules/@babel/runtime/helpers/asyncToGenerator.js:17:9)
      at node_modules/@babel/runtime/helpers/asyncToGenerator.js:22:7
      at node_modules/@babel/runtime/helpers/asyncToGenerator.js:14:12
      at process.env.NODE_ENV.exports.act (node_modules/react/cjs/react.development.js:789:22)
      at Object.<anonymous> (hooks/__tests__/useBalanceData.test.js:139:10)
      at asyncGeneratorStep (node_modules/@babel/runtime/helpers/asyncToGenerator.js:3:17)
      at _next (node_modules/@babel/runtime/helpers/asyncToGenerator.js:17:9)
      at node_modules/@babel/runtime/helpers/asyncToGenerator.js:22:7
      at Object.<anonymous> (node_modules/@babel/runtime/helpers/asyncToGenerator.js:14:12)

    console.error
      The current testing environment is not configured to support act(...)

      107 |       throw error;
      108 |     } finally {
    > 109 |       setLoadingUtxos(false);
          |       ^
      110 |     }
      111 |   }, []);
      112 |

      at isConcurrentActEnvironment (node_modules/react-test-renderer/cjs/react-test-renderer.development.js:10243:17)
      at warnIfUpdatesNotWrappedWithActDEV (node_modules/react-test-renderer/cjs/react-test-renderer.development.js:11798:7)
      at scheduleUpdateOnFiber (node_modules/react-test-renderer/cjs/react-test-renderer.development.js:10326:9)
      at dispatchSetStateInternal (node_modules/react-test-renderer/cjs/react-test-renderer.development.js:4148:13)
      at dispatchSetState (node_modules/react-test-renderer/cjs/react-test-renderer.development.js:4107:7)
      at Object.setLoadingUtxos (hooks/useBalanceData.js:109:7)
          at Generator.throw (<anonymous>)
      at asyncGeneratorStep (node_modules/@babel/runtime/helpers/asyncToGenerator.js:3:17)
      at _throw (node_modules/@babel/runtime/helpers/asyncToGenerator.js:20:9)

    console.error
      react-test-renderer is deprecated. See https://react.dev/warnings/react-test-renderer

      20 |   let component;
      21 |   act(() => {
    > 22 |     component = create(<TestComponent />);
         |                       ^
      23 |   });
      24 |   return {
      25 |     result,

      at process.env.NODE_ENV.exports.create (node_modules/react-test-renderer/cjs/react-test-renderer.development.js:14598:17)
      at hooks/__tests__/useBalanceData.test.js:22:23
      at process.env.NODE_ENV.exports.act (node_modules/react/cjs/react.development.js:789:22)
      at renderHook (hooks/__tests__/useBalanceData.test.js:21:6)
      at Object.renderHook (hooks/__tests__/useBalanceData.test.js:155:24)
      at asyncGeneratorStep (node_modules/@babel/runtime/helpers/asyncToGenerator.js:3:17)
      at _next (node_modules/@babel/runtime/helpers/asyncToGenerator.js:17:9)
      at node_modules/@babel/runtime/helpers/asyncToGenerator.js:22:7
      at Object.<anonymous> (node_modules/@babel/runtime/helpers/asyncToGenerator.js:14:12)

    console.error
      The current testing environment is not configured to support act(...)

      20 |   let component;
      21 |   act(() => {
    > 22 |     component = create(<TestComponent />);
         |                       ^
      23 |   });
      24 |   return {
      25 |     result,

      at isConcurrentActEnvironment (node_modules/react-test-renderer/cjs/react-test-renderer.development.js:10243:17)
      at warnIfUpdatesNotWrappedWithActDEV (node_modules/react-test-renderer/cjs/react-test-renderer.development.js:11798:7)
      at scheduleUpdateOnFiber (node_modules/react-test-renderer/cjs/react-test-renderer.development.js:10326:9)
      at updateContainerImpl (node_modules/react-test-renderer/cjs/react-test-renderer.development.js:12382:10)
      at updateContainer (node_modules/react-test-renderer/cjs/react-test-renderer.development.js:12326:7)
      at process.env.NODE_ENV.exports.create (node_modules/react-test-renderer/cjs/react-test-renderer.development.js:14630:7)
      at hooks/__tests__/useBalanceData.test.js:22:23
      at process.env.NODE_ENV.exports.act (node_modules/react/cjs/react.development.js:789:22)
      at renderHook (hooks/__tests__/useBalanceData.test.js:21:6)
      at Object.renderHook (hooks/__tests__/useBalanceData.test.js:155:24)
      at asyncGeneratorStep (node_modules/@babel/runtime/helpers/asyncToGenerator.js:3:17)
      at _next (node_modules/@babel/runtime/helpers/asyncToGenerator.js:17:9)
      at node_modules/@babel/runtime/helpers/asyncToGenerator.js:22:7
      at Object.<anonymous> (node_modules/@babel/runtime/helpers/asyncToGenerator.js:14:12)

    console.error
      The current testing environment is not configured to support act(...)

      92 |   // Refresh balances (pull-to-refresh)
      93 |   const onRefresh = useCallback(async () => {
    > 94 |     setRefreshing(true);
         |     ^
      95 |     await fetchBalance();
      96 |     setRefreshing(false);
      97 |   }, [fetchBalance]);

      at isConcurrentActEnvironment (node_modules/react-test-renderer/cjs/react-test-renderer.development.js:10243:17)
      at warnIfUpdatesNotWrappedWithActDEV (node_modules/react-test-renderer/cjs/react-test-renderer.development.js:11798:7)
      at scheduleUpdateOnFiber (node_modules/react-test-renderer/cjs/react-test-renderer.development.js:10326:9)
      at dispatchSetStateInternal (node_modules/react-test-renderer/cjs/react-test-renderer.development.js:4148:13)
      at dispatchSetState (node_modules/react-test-renderer/cjs/react-test-renderer.development.js:4107:7)
      at Object.setRefreshing (hooks/useBalanceData.js:94:5)
      at asyncGeneratorStep (node_modules/@babel/runtime/helpers/asyncToGenerator.js:3:17)
      at _next (node_modules/@babel/runtime/helpers/asyncToGenerator.js:17:9)
      at node_modules/@babel/runtime/helpers/asyncToGenerator.js:22:7
      at Object.onRefresh (node_modules/@babel/runtime/helpers/asyncToGenerator.js:14:12)
      at onRefresh (hooks/__tests__/useBalanceData.test.js:158:28)
      at asyncGeneratorStep (node_modules/@babel/runtime/helpers/asyncToGenerator.js:3:17)
      at _next (node_modules/@babel/runtime/helpers/asyncToGenerator.js:17:9)
      at node_modules/@babel/runtime/helpers/asyncToGenerator.js:22:7
      at node_modules/@babel/runtime/helpers/asyncToGenerator.js:14:12
      at process.env.NODE_ENV.exports.act (node_modules/react/cjs/react.development.js:789:22)
      at Object.<anonymous> (hooks/__tests__/useBalanceData.test.js:157:14)
      at asyncGeneratorStep (node_modules/@babel/runtime/helpers/asyncToGenerator.js:3:17)
      at _next (node_modules/@babel/runtime/helpers/asyncToGenerator.js:17:9)
      at node_modules/@babel/runtime/helpers/asyncToGenerator.js:22:7
      at Object.<anonymous> (node_modules/@babel/runtime/helpers/asyncToGenerator.js:14:12)

    console.log
      [useBalanceData] fetchBalance called with: {
        segwitAddr: undefined,
        taprootAddr: undefined,
        walletSegwit: 'bc1qtest',
        walletTaproot: 'bc1ptest',
        finalSegwit: 'bc1qtest',
        finalTaproot: 'bc1ptest'
      }

      at log (hooks/useBalanceData.js:38:15)

    console.log
      [useBalanceData] Fetching balances...

      at log (hooks/useBalanceData.js:53:17)

    console.error
      The current testing environment is not configured to support act(...)

      52 |       try {
      53 |         console.log('[useBalanceData] Fetching balances...');
    > 54 |         setLoadingBalance(true);
         |         ^
      55 |         setBalanceError(null);
      56 |         const balances = await fetchWalletBalances(segwitAddress, taprootAddress);
      57 |         console.log('[useBalanceData] Balances fetched:', balances);

      at isConcurrentActEnvironment (node_modules/react-test-renderer/cjs/react-test-renderer.development.js:10243:17)
      at warnIfUpdatesNotWrappedWithActDEV (node_modules/react-test-renderer/cjs/react-test-renderer.development.js:11798:7)
      at scheduleUpdateOnFiber (node_modules/react-test-renderer/cjs/react-test-renderer.development.js:10326:9)
      at dispatchSetStateInternal (node_modules/react-test-renderer/cjs/react-test-renderer.development.js:4148:13)
      at dispatchSetState (node_modules/react-test-renderer/cjs/react-test-renderer.development.js:4107:7)
      at setLoadingBalance (hooks/useBalanceData.js:54:9)
      at asyncGeneratorStep (node_modules/@babel/runtime/helpers/asyncToGenerator.js:3:17)
      at _next (node_modules/@babel/runtime/helpers/asyncToGenerator.js:17:9)
      at node_modules/@babel/runtime/helpers/asyncToGenerator.js:22:7
      at node_modules/@babel/runtime/helpers/asyncToGenerator.js:14:12
      at apply (hooks/useBalanceData.js:88:6)
      at Object.fetchBalance (hooks/useBalanceData.js:95:11)
      at asyncGeneratorStep (node_modules/@babel/runtime/helpers/asyncToGenerator.js:3:17)
      at _next (node_modules/@babel/runtime/helpers/asyncToGenerator.js:17:9)
      at node_modules/@babel/runtime/helpers/asyncToGenerator.js:22:7
      at Object.onRefresh (node_modules/@babel/runtime/helpers/asyncToGenerator.js:14:12)
      at onRefresh (hooks/__tests__/useBalanceData.test.js:158:28)
      at asyncGeneratorStep (node_modules/@babel/runtime/helpers/asyncToGenerator.js:3:17)
      at _next (node_modules/@babel/runtime/helpers/asyncToGenerator.js:17:9)
      at node_modules/@babel/runtime/helpers/asyncToGenerator.js:22:7
      at node_modules/@babel/runtime/helpers/asyncToGenerator.js:14:12
      at process.env.NODE_ENV.exports.act (node_modules/react/cjs/react.development.js:789:22)
      at Object.<anonymous> (hooks/__tests__/useBalanceData.test.js:157:14)
      at asyncGeneratorStep (node_modules/@babel/runtime/helpers/asyncToGenerator.js:3:17)
      at _next (node_modules/@babel/runtime/helpers/asyncToGenerator.js:17:9)
      at node_modules/@babel/runtime/helpers/asyncToGenerator.js:22:7
      at Object.<anonymous> (node_modules/@babel/runtime/helpers/asyncToGenerator.js:14:12)

    console.error
      The current testing environment is not configured to support act(...)

      53 |         console.log('[useBalanceData] Fetching balances...');
      54 |         setLoadingBalance(true);
    > 55 |         setBalanceError(null);
         |         ^
      56 |         const balances = await fetchWalletBalances(segwitAddress, taprootAddress);
      57 |         console.log('[useBalanceData] Balances fetched:', balances);
      58 |

      at isConcurrentActEnvironment (node_modules/react-test-renderer/cjs/react-test-renderer.development.js:10243:17)
      at warnIfUpdatesNotWrappedWithActDEV (node_modules/react-test-renderer/cjs/react-test-renderer.development.js:11798:7)
      at scheduleUpdateOnFiber (node_modules/react-test-renderer/cjs/react-test-renderer.development.js:10326:9)
      at dispatchSetStateInternal (node_modules/react-test-renderer/cjs/react-test-renderer.development.js:4148:13)
      at dispatchSetState (node_modules/react-test-renderer/cjs/react-test-renderer.development.js:4107:7)
      at setBalanceError (hooks/useBalanceData.js:55:9)
      at asyncGeneratorStep (node_modules/@babel/runtime/helpers/asyncToGenerator.js:3:17)
      at _next (node_modules/@babel/runtime/helpers/asyncToGenerator.js:17:9)
      at node_modules/@babel/runtime/helpers/asyncToGenerator.js:22:7
      at node_modules/@babel/runtime/helpers/asyncToGenerator.js:14:12
      at apply (hooks/useBalanceData.js:88:6)
      at Object.fetchBalance (hooks/useBalanceData.js:95:11)
      at asyncGeneratorStep (node_modules/@babel/runtime/helpers/asyncToGenerator.js:3:17)
      at _next (node_modules/@babel/runtime/helpers/asyncToGenerator.js:17:9)
      at node_modules/@babel/runtime/helpers/asyncToGenerator.js:22:7
      at Object.onRefresh (node_modules/@babel/runtime/helpers/asyncToGenerator.js:14:12)
      at onRefresh (hooks/__tests__/useBalanceData.test.js:158:28)
      at asyncGeneratorStep (node_modules/@babel/runtime/helpers/asyncToGenerator.js:3:17)
      at _next (node_modules/@babel/runtime/helpers/asyncToGenerator.js:17:9)
      at node_modules/@babel/runtime/helpers/asyncToGenerator.js:22:7
      at node_modules/@babel/runtime/helpers/asyncToGenerator.js:14:12
      at process.env.NODE_ENV.exports.act (node_modules/react/cjs/react.development.js:789:22)
      at Object.<anonymous> (hooks/__tests__/useBalanceData.test.js:157:14)
      at asyncGeneratorStep (node_modules/@babel/runtime/helpers/asyncToGenerator.js:3:17)
      at _next (node_modules/@babel/runtime/helpers/asyncToGenerator.js:17:9)
      at node_modules/@babel/runtime/helpers/asyncToGenerator.js:22:7
      at Object.<anonymous> (node_modules/@babel/runtime/helpers/asyncToGenerator.js:14:12)

    console.log
      [useBalanceData] Balances fetched: {
        segwitBalance: 150000,
        taprootBalance: 250000,
        runesBalance: [ [ 'REFRESH•RUNE', 2000 ] ]
      }

      at log (hooks/useBalanceData.js:57:17)

    console.error
      The current testing environment is not configured to support act(...)

      70 |             runes: balances.runesBalance
      71 |           };
    > 72 |           setSegwitBalance(balances.segwitBalance);
         |           ^
      73 |           setTaprootBalance(balances.taprootBalance);
      74 |           setRunesBalance(balances.runesBalance);
      75 |         }

      at isConcurrentActEnvironment (node_modules/react-test-renderer/cjs/react-test-renderer.development.js:10243:17)
      at warnIfUpdatesNotWrappedWithActDEV (node_modules/react-test-renderer/cjs/react-test-renderer.development.js:11798:7)
      at scheduleUpdateOnFiber (node_modules/react-test-renderer/cjs/react-test-renderer.development.js:10326:9)
      at dispatchSetStateInternal (node_modules/react-test-renderer/cjs/react-test-renderer.development.js:4148:13)
      at dispatchSetState (node_modules/react-test-renderer/cjs/react-test-renderer.development.js:4107:7)
      at setSegwitBalance (hooks/useBalanceData.js:72:11)
      at asyncGeneratorStep (node_modules/@babel/runtime/helpers/asyncToGenerator.js:3:17)
      at _next (node_modules/@babel/runtime/helpers/asyncToGenerator.js:17:9)

    console.error
      The current testing environment is not configured to support act(...)

      71 |           };
      72 |           setSegwitBalance(balances.segwitBalance);
    > 73 |           setTaprootBalance(balances.taprootBalance);
         |           ^
      74 |           setRunesBalance(balances.runesBalance);
      75 |         }
      76 |

      at isConcurrentActEnvironment (node_modules/react-test-renderer/cjs/react-test-renderer.development.js:10243:17)
      at warnIfUpdatesNotWrappedWithActDEV (node_modules/react-test-renderer/cjs/react-test-renderer.development.js:11798:7)
      at scheduleUpdateOnFiber (node_modules/react-test-renderer/cjs/react-test-renderer.development.js:10326:9)
      at dispatchSetStateInternal (node_modules/react-test-renderer/cjs/react-test-renderer.development.js:4148:13)
      at dispatchSetState (node_modules/react-test-renderer/cjs/react-test-renderer.development.js:4107:7)
      at setTaprootBalance (hooks/useBalanceData.js:73:11)
      at asyncGeneratorStep (node_modules/@babel/runtime/helpers/asyncToGenerator.js:3:17)
      at _next (node_modules/@babel/runtime/helpers/asyncToGenerator.js:17:9)

    console.error
      The current testing environment is not configured to support act(...)

      72 |           setSegwitBalance(balances.segwitBalance);
      73 |           setTaprootBalance(balances.taprootBalance);
    > 74 |           setRunesBalance(balances.runesBalance);
         |           ^
      75 |         }
      76 |
      77 |         // Also fetch unconfirmed balances from pending transactions

      at isConcurrentActEnvironment (node_modules/react-test-renderer/cjs/react-test-renderer.development.js:10243:17)
      at warnIfUpdatesNotWrappedWithActDEV (node_modules/react-test-renderer/cjs/react-test-renderer.development.js:11798:7)
      at scheduleUpdateOnFiber (node_modules/react-test-renderer/cjs/react-test-renderer.development.js:10326:9)
      at dispatchSetStateInternal (node_modules/react-test-renderer/cjs/react-test-renderer.development.js:4148:13)
      at dispatchSetState (node_modules/react-test-renderer/cjs/react-test-renderer.development.js:4107:7)
      at setRunesBalance (hooks/useBalanceData.js:74:11)
      at asyncGeneratorStep (node_modules/@babel/runtime/helpers/asyncToGenerator.js:3:17)
      at _next (node_modules/@babel/runtime/helpers/asyncToGenerator.js:17:9)

    console.error
      The current testing environment is not configured to support act(...)

      78 |         const unconfirmedSegwit = getUnconfirmedBalance('segwit');
      79 |         const unconfirmedTaproot = getUnconfirmedBalance('taproot');
    > 80 |         setUnconfirmedSegwitBalance(unconfirmedSegwit.btc);
         |         ^
      81 |         setUnconfirmedTaprootBalance(unconfirmedTaproot.btc);
      82 |         setUnconfirmedRunesBalance(unconfirmedTaproot.runes);
      83 |       } catch (error) {

      at isConcurrentActEnvironment (node_modules/react-test-renderer/cjs/react-test-renderer.development.js:10243:17)
      at warnIfUpdatesNotWrappedWithActDEV (node_modules/react-test-renderer/cjs/react-test-renderer.development.js:11798:7)
      at scheduleUpdateOnFiber (node_modules/react-test-renderer/cjs/react-test-renderer.development.js:10326:9)
      at dispatchSetStateInternal (node_modules/react-test-renderer/cjs/react-test-renderer.development.js:4148:13)
      at dispatchSetState (node_modules/react-test-renderer/cjs/react-test-renderer.development.js:4107:7)
      at setUnconfirmedSegwitBalance (hooks/useBalanceData.js:80:9)
      at asyncGeneratorStep (node_modules/@babel/runtime/helpers/asyncToGenerator.js:3:17)
      at _next (node_modules/@babel/runtime/helpers/asyncToGenerator.js:17:9)

    console.error
      The current testing environment is not configured to support act(...)

      79 |         const unconfirmedTaproot = getUnconfirmedBalance('taproot');
      80 |         setUnconfirmedSegwitBalance(unconfirmedSegwit.btc);
    > 81 |         setUnconfirmedTaprootBalance(unconfirmedTaproot.btc);
         |         ^
      82 |         setUnconfirmedRunesBalance(unconfirmedTaproot.runes);
      83 |       } catch (error) {
      84 |         setBalanceError('Failed to fetch balance. Tap to retry.');

      at isConcurrentActEnvironment (node_modules/react-test-renderer/cjs/react-test-renderer.development.js:10243:17)
      at warnIfUpdatesNotWrappedWithActDEV (node_modules/react-test-renderer/cjs/react-test-renderer.development.js:11798:7)
      at scheduleUpdateOnFiber (node_modules/react-test-renderer/cjs/react-test-renderer.development.js:10326:9)
      at dispatchSetStateInternal (node_modules/react-test-renderer/cjs/react-test-renderer.development.js:4148:13)
      at dispatchSetState (node_modules/react-test-renderer/cjs/react-test-renderer.development.js:4107:7)
      at setUnconfirmedTaprootBalance (hooks/useBalanceData.js:81:9)
      at asyncGeneratorStep (node_modules/@babel/runtime/helpers/asyncToGenerator.js:3:17)
      at _next (node_modules/@babel/runtime/helpers/asyncToGenerator.js:17:9)

    console.error
      The current testing environment is not configured to support act(...)

      80 |         setUnconfirmedSegwitBalance(unconfirmedSegwit.btc);
      81 |         setUnconfirmedTaprootBalance(unconfirmedTaproot.btc);
    > 82 |         setUnconfirmedRunesBalance(unconfirmedTaproot.runes);
         |         ^
      83 |       } catch (error) {
      84 |         setBalanceError('Failed to fetch balance. Tap to retry.');
      85 |       } finally {

      at isConcurrentActEnvironment (node_modules/react-test-renderer/cjs/react-test-renderer.development.js:10243:17)
      at warnIfUpdatesNotWrappedWithActDEV (node_modules/react-test-renderer/cjs/react-test-renderer.development.js:11798:7)
      at scheduleUpdateOnFiber (node_modules/react-test-renderer/cjs/react-test-renderer.development.js:10326:9)
      at dispatchSetStateInternal (node_modules/react-test-renderer/cjs/react-test-renderer.development.js:4148:13)
      at dispatchSetState (node_modules/react-test-renderer/cjs/react-test-renderer.development.js:4107:7)
      at setUnconfirmedRunesBalance (hooks/useBalanceData.js:82:9)
      at asyncGeneratorStep (node_modules/@babel/runtime/helpers/asyncToGenerator.js:3:17)
      at _next (node_modules/@babel/runtime/helpers/asyncToGenerator.js:17:9)

    console.error
      The current testing environment is not configured to support act(...)

      84 |         setBalanceError('Failed to fetch balance. Tap to retry.');
      85 |       } finally {
    > 86 |         setLoadingBalance(false);
         |         ^
      87 |       }
      88 |     },
      89 |     [wallet, getUnconfirmedBalance]

      at isConcurrentActEnvironment (node_modules/react-test-renderer/cjs/react-test-renderer.development.js:10243:17)
      at warnIfUpdatesNotWrappedWithActDEV (node_modules/react-test-renderer/cjs/react-test-renderer.development.js:11798:7)
      at scheduleUpdateOnFiber (node_modules/react-test-renderer/cjs/react-test-renderer.development.js:10326:9)
      at dispatchSetStateInternal (node_modules/react-test-renderer/cjs/react-test-renderer.development.js:4148:13)
      at dispatchSetState (node_modules/react-test-renderer/cjs/react-test-renderer.development.js:4107:7)
      at setLoadingBalance (hooks/useBalanceData.js:86:9)
      at asyncGeneratorStep (node_modules/@babel/runtime/helpers/asyncToGenerator.js:3:17)
      at _next (node_modules/@babel/runtime/helpers/asyncToGenerator.js:17:9)

    console.error
      The current testing environment is not configured to support act(...)

      94 |     setRefreshing(true);
      95 |     await fetchBalance();
    > 96 |     setRefreshing(false);
         |     ^
      97 |   }, [fetchBalance]);
      98 |
      99 |   // Fetch UTXOs for transaction creation

      at isConcurrentActEnvironment (node_modules/react-test-renderer/cjs/react-test-renderer.development.js:10243:17)
      at warnIfUpdatesNotWrappedWithActDEV (node_modules/react-test-renderer/cjs/react-test-renderer.development.js:11798:7)
      at scheduleUpdateOnFiber (node_modules/react-test-renderer/cjs/react-test-renderer.development.js:10326:9)
      at dispatchSetStateInternal (node_modules/react-test-renderer/cjs/react-test-renderer.development.js:4148:13)
      at dispatchSetState (node_modules/react-test-renderer/cjs/react-test-renderer.development.js:4107:7)
      at Object.setRefreshing (hooks/useBalanceData.js:96:5)
      at asyncGeneratorStep (node_modules/@babel/runtime/helpers/asyncToGenerator.js:3:17)
      at _next (node_modules/@babel/runtime/helpers/asyncToGenerator.js:17:9)

PASS hooks/__tests__/useWalletInitialization.test.js
  ● Console

    console.error
      react-test-renderer is deprecated. See https://react.dev/warnings/react-test-renderer

      20 |   let component;
      21 |   act(() => {
    > 22 |     component = create(<TestComponent hookProps={initialProps} />);
         |                       ^
      23 |   });
      24 |   return {
      25 |     result,

      at process.env.NODE_ENV.exports.create (node_modules/react-test-renderer/cjs/react-test-renderer.development.js:14598:17)
      at hooks/__tests__/useWalletInitialization.test.js:22:23
      at process.env.NODE_ENV.exports.act (node_modules/react/cjs/react.development.js:789:22)
      at renderHook (hooks/__tests__/useWalletInitialization.test.js:21:6)
      at Object.renderHook (hooks/__tests__/useWalletInitialization.test.js:54:26)

    console.error
      The current testing environment is not configured to support act(...)

      20 |   let component;
      21 |   act(() => {
    > 22 |     component = create(<TestComponent hookProps={initialProps} />);
         |                       ^
      23 |   });
      24 |   return {
      25 |     result,

      at isConcurrentActEnvironment (node_modules/react-test-renderer/cjs/react-test-renderer.development.js:10243:17)
      at warnIfUpdatesNotWrappedWithActDEV (node_modules/react-test-renderer/cjs/react-test-renderer.development.js:11798:7)
      at scheduleUpdateOnFiber (node_modules/react-test-renderer/cjs/react-test-renderer.development.js:10326:9)
      at updateContainerImpl (node_modules/react-test-renderer/cjs/react-test-renderer.development.js:12382:10)
      at updateContainer (node_modules/react-test-renderer/cjs/react-test-renderer.development.js:12326:7)
      at process.env.NODE_ENV.exports.create (node_modules/react-test-renderer/cjs/react-test-renderer.development.js:14630:7)
      at hooks/__tests__/useWalletInitialization.test.js:22:23
      at process.env.NODE_ENV.exports.act (node_modules/react/cjs/react.development.js:789:22)
      at renderHook (hooks/__tests__/useWalletInitialization.test.js:21:6)
      at Object.renderHook (hooks/__tests__/useWalletInitialization.test.js:54:26)

    console.error
      react-test-renderer is deprecated. See https://react.dev/warnings/react-test-renderer

      20 |   let component;
      21 |   act(() => {
    > 22 |     component = create(<TestComponent hookProps={initialProps} />);
         |                       ^
      23 |   });
      24 |   return {
      25 |     result,

      at process.env.NODE_ENV.exports.create (node_modules/react-test-renderer/cjs/react-test-renderer.development.js:14598:17)
      at hooks/__tests__/useWalletInitialization.test.js:22:23
      at process.env.NODE_ENV.exports.act (node_modules/react/cjs/react.development.js:789:22)
      at renderHook (hooks/__tests__/useWalletInitialization.test.js:21:6)
      at Object.renderHook (hooks/__tests__/useWalletInitialization.test.js:65:7)
      at asyncGeneratorStep (node_modules/@babel/runtime/helpers/asyncToGenerator.js:3:17)
      at _next (node_modules/@babel/runtime/helpers/asyncToGenerator.js:17:9)
      at node_modules/@babel/runtime/helpers/asyncToGenerator.js:22:7
      at Object.<anonymous> (node_modules/@babel/runtime/helpers/asyncToGenerator.js:14:12)

    console.error
      The current testing environment is not configured to support act(...)

      20 |   let component;
      21 |   act(() => {
    > 22 |     component = create(<TestComponent hookProps={initialProps} />);
         |                       ^
      23 |   });
      24 |   return {
      25 |     result,

      at isConcurrentActEnvironment (node_modules/react-test-renderer/cjs/react-test-renderer.development.js:10243:17)
      at warnIfUpdatesNotWrappedWithActDEV (node_modules/react-test-renderer/cjs/react-test-renderer.development.js:11798:7)
      at scheduleUpdateOnFiber (node_modules/react-test-renderer/cjs/react-test-renderer.development.js:10326:9)
      at updateContainerImpl (node_modules/react-test-renderer/cjs/react-test-renderer.development.js:12382:10)
      at updateContainer (node_modules/react-test-renderer/cjs/react-test-renderer.development.js:12326:7)
      at process.env.NODE_ENV.exports.create (node_modules/react-test-renderer/cjs/react-test-renderer.development.js:14630:7)
      at hooks/__tests__/useWalletInitialization.test.js:22:23
      at process.env.NODE_ENV.exports.act (node_modules/react/cjs/react.development.js:789:22)
      at renderHook (hooks/__tests__/useWalletInitialization.test.js:21:6)
      at Object.renderHook (hooks/__tests__/useWalletInitialization.test.js:65:7)
      at asyncGeneratorStep (node_modules/@babel/runtime/helpers/asyncToGenerator.js:3:17)
      at _next (node_modules/@babel/runtime/helpers/asyncToGenerator.js:17:9)
      at node_modules/@babel/runtime/helpers/asyncToGenerator.js:22:7
      at Object.<anonymous> (node_modules/@babel/runtime/helpers/asyncToGenerator.js:14:12)

    console.error
      react-test-renderer is deprecated. See https://react.dev/warnings/react-test-renderer

      20 |   let component;
      21 |   act(() => {
    > 22 |     component = create(<TestComponent hookProps={initialProps} />);
         |                       ^
      23 |   });
      24 |   return {
      25 |     result,

      at process.env.NODE_ENV.exports.create (node_modules/react-test-renderer/cjs/react-test-renderer.development.js:14598:17)
      at hooks/__tests__/useWalletInitialization.test.js:22:23
      at process.env.NODE_ENV.exports.act (node_modules/react/cjs/react.development.js:789:22)
      at renderHook (hooks/__tests__/useWalletInitialization.test.js:21:6)
      at Object.renderHook (hooks/__tests__/useWalletInitialization.test.js:80:7)
      at asyncGeneratorStep (node_modules/@babel/runtime/helpers/asyncToGenerator.js:3:17)
      at _next (node_modules/@babel/runtime/helpers/asyncToGenerator.js:17:9)
      at node_modules/@babel/runtime/helpers/asyncToGenerator.js:22:7
      at Object.<anonymous> (node_modules/@babel/runtime/helpers/asyncToGenerator.js:14:12)

    console.error
      The current testing environment is not configured to support act(...)

      20 |   let component;
      21 |   act(() => {
    > 22 |     component = create(<TestComponent hookProps={initialProps} />);
         |                       ^
      23 |   });
      24 |   return {
      25 |     result,

      at isConcurrentActEnvironment (node_modules/react-test-renderer/cjs/react-test-renderer.development.js:10243:17)
      at warnIfUpdatesNotWrappedWithActDEV (node_modules/react-test-renderer/cjs/react-test-renderer.development.js:11798:7)
      at scheduleUpdateOnFiber (node_modules/react-test-renderer/cjs/react-test-renderer.development.js:10326:9)
      at updateContainerImpl (node_modules/react-test-renderer/cjs/react-test-renderer.development.js:12382:10)
      at updateContainer (node_modules/react-test-renderer/cjs/react-test-renderer.development.js:12326:7)
      at process.env.NODE_ENV.exports.create (node_modules/react-test-renderer/cjs/react-test-renderer.development.js:14630:7)
      at hooks/__tests__/useWalletInitialization.test.js:22:23
      at process.env.NODE_ENV.exports.act (node_modules/react/cjs/react.development.js:789:22)
      at renderHook (hooks/__tests__/useWalletInitialization.test.js:21:6)
      at Object.renderHook (hooks/__tests__/useWalletInitialization.test.js:80:7)
      at asyncGeneratorStep (node_modules/@babel/runtime/helpers/asyncToGenerator.js:3:17)
      at _next (node_modules/@babel/runtime/helpers/asyncToGenerator.js:17:9)
      at node_modules/@babel/runtime/helpers/asyncToGenerator.js:22:7
      at Object.<anonymous> (node_modules/@babel/runtime/helpers/asyncToGenerator.js:14:12)

    console.error
      react-test-renderer is deprecated. See https://react.dev/warnings/react-test-renderer

      20 |   let component;
      21 |   act(() => {
    > 22 |     component = create(<TestComponent hookProps={initialProps} />);
         |                       ^
      23 |   });
      24 |   return {
      25 |     result,

      at process.env.NODE_ENV.exports.create (node_modules/react-test-renderer/cjs/react-test-renderer.development.js:14598:17)
      at hooks/__tests__/useWalletInitialization.test.js:22:23
      at process.env.NODE_ENV.exports.act (node_modules/react/cjs/react.development.js:789:22)
      at renderHook (hooks/__tests__/useWalletInitialization.test.js:21:6)
      at Object.renderHook (hooks/__tests__/useWalletInitialization.test.js:97:7)
      at asyncGeneratorStep (node_modules/@babel/runtime/helpers/asyncToGenerator.js:3:17)
      at _next (node_modules/@babel/runtime/helpers/asyncToGenerator.js:17:9)
      at node_modules/@babel/runtime/helpers/asyncToGenerator.js:22:7
      at Object.<anonymous> (node_modules/@babel/runtime/helpers/asyncToGenerator.js:14:12)

    console.error
      The current testing environment is not configured to support act(...)

      20 |   let component;
      21 |   act(() => {
    > 22 |     component = create(<TestComponent hookProps={initialProps} />);
         |                       ^
      23 |   });
      24 |   return {
      25 |     result,

      at isConcurrentActEnvironment (node_modules/react-test-renderer/cjs/react-test-renderer.development.js:10243:17)
      at warnIfUpdatesNotWrappedWithActDEV (node_modules/react-test-renderer/cjs/react-test-renderer.development.js:11798:7)
      at scheduleUpdateOnFiber (node_modules/react-test-renderer/cjs/react-test-renderer.development.js:10326:9)
      at updateContainerImpl (node_modules/react-test-renderer/cjs/react-test-renderer.development.js:12382:10)
      at updateContainer (node_modules/react-test-renderer/cjs/react-test-renderer.development.js:12326:7)
      at process.env.NODE_ENV.exports.create (node_modules/react-test-renderer/cjs/react-test-renderer.development.js:14630:7)
      at hooks/__tests__/useWalletInitialization.test.js:22:23
      at process.env.NODE_ENV.exports.act (node_modules/react/cjs/react.development.js:789:22)
      at renderHook (hooks/__tests__/useWalletInitialization.test.js:21:6)
      at Object.renderHook (hooks/__tests__/useWalletInitialization.test.js:97:7)
      at asyncGeneratorStep (node_modules/@babel/runtime/helpers/asyncToGenerator.js:3:17)
      at _next (node_modules/@babel/runtime/helpers/asyncToGenerator.js:17:9)
      at node_modules/@babel/runtime/helpers/asyncToGenerator.js:22:7
      at Object.<anonymous> (node_modules/@babel/runtime/helpers/asyncToGenerator.js:14:12)

    console.error
      react-test-renderer is deprecated. See https://react.dev/warnings/react-test-renderer

      20 |   let component;
      21 |   act(() => {
    > 22 |     component = create(<TestComponent hookProps={initialProps} />);
         |                       ^
      23 |   });
      24 |   return {
      25 |     result,

      at process.env.NODE_ENV.exports.create (node_modules/react-test-renderer/cjs/react-test-renderer.development.js:14598:17)
      at hooks/__tests__/useWalletInitialization.test.js:22:23
      at process.env.NODE_ENV.exports.act (node_modules/react/cjs/react.development.js:789:22)
      at renderHook (hooks/__tests__/useWalletInitialization.test.js:21:6)
      at Object.renderHook (hooks/__tests__/useWalletInitialization.test.js:114:7)
      at asyncGeneratorStep (node_modules/@babel/runtime/helpers/asyncToGenerator.js:3:17)
      at _next (node_modules/@babel/runtime/helpers/asyncToGenerator.js:17:9)
      at node_modules/@babel/runtime/helpers/asyncToGenerator.js:22:7
      at Object.<anonymous> (node_modules/@babel/runtime/helpers/asyncToGenerator.js:14:12)

    console.error
      The current testing environment is not configured to support act(...)

      20 |   let component;
      21 |   act(() => {
    > 22 |     component = create(<TestComponent hookProps={initialProps} />);
         |                       ^
      23 |   });
      24 |   return {
      25 |     result,

      at isConcurrentActEnvironment (node_modules/react-test-renderer/cjs/react-test-renderer.development.js:10243:17)
      at warnIfUpdatesNotWrappedWithActDEV (node_modules/react-test-renderer/cjs/react-test-renderer.development.js:11798:7)
      at scheduleUpdateOnFiber (node_modules/react-test-renderer/cjs/react-test-renderer.development.js:10326:9)
      at updateContainerImpl (node_modules/react-test-renderer/cjs/react-test-renderer.development.js:12382:10)
      at updateContainer (node_modules/react-test-renderer/cjs/react-test-renderer.development.js:12326:7)
      at process.env.NODE_ENV.exports.create (node_modules/react-test-renderer/cjs/react-test-renderer.development.js:14630:7)
      at hooks/__tests__/useWalletInitialization.test.js:22:23
      at process.env.NODE_ENV.exports.act (node_modules/react/cjs/react.development.js:789:22)
      at renderHook (hooks/__tests__/useWalletInitialization.test.js:21:6)
      at Object.renderHook (hooks/__tests__/useWalletInitialization.test.js:114:7)
      at asyncGeneratorStep (node_modules/@babel/runtime/helpers/asyncToGenerator.js:3:17)
      at _next (node_modules/@babel/runtime/helpers/asyncToGenerator.js:17:9)
      at node_modules/@babel/runtime/helpers/asyncToGenerator.js:22:7
      at Object.<anonymous> (node_modules/@babel/runtime/helpers/asyncToGenerator.js:14:12)

    console.error
      react-test-renderer is deprecated. See https://react.dev/warnings/react-test-renderer

      20 |   let component;
      21 |   act(() => {
    > 22 |     component = create(<TestComponent hookProps={initialProps} />);
         |                       ^
      23 |   });
      24 |   return {
      25 |     result,

      at process.env.NODE_ENV.exports.create (node_modules/react-test-renderer/cjs/react-test-renderer.development.js:14598:17)
      at hooks/__tests__/useWalletInitialization.test.js:22:23
      at process.env.NODE_ENV.exports.act (node_modules/react/cjs/react.development.js:789:22)
      at renderHook (hooks/__tests__/useWalletInitialization.test.js:21:6)
      at Object.renderHook (hooks/__tests__/useWalletInitialization.test.js:131:7)
      at asyncGeneratorStep (node_modules/@babel/runtime/helpers/asyncToGenerator.js:3:17)
      at _next (node_modules/@babel/runtime/helpers/asyncToGenerator.js:17:9)
      at node_modules/@babel/runtime/helpers/asyncToGenerator.js:22:7
      at Object.<anonymous> (node_modules/@babel/runtime/helpers/asyncToGenerator.js:14:12)

    console.error
      The current testing environment is not configured to support act(...)

      20 |   let component;
      21 |   act(() => {
    > 22 |     component = create(<TestComponent hookProps={initialProps} />);
         |                       ^
      23 |   });
      24 |   return {
      25 |     result,

      at isConcurrentActEnvironment (node_modules/react-test-renderer/cjs/react-test-renderer.development.js:10243:17)
      at warnIfUpdatesNotWrappedWithActDEV (node_modules/react-test-renderer/cjs/react-test-renderer.development.js:11798:7)
      at scheduleUpdateOnFiber (node_modules/react-test-renderer/cjs/react-test-renderer.development.js:10326:9)
      at updateContainerImpl (node_modules/react-test-renderer/cjs/react-test-renderer.development.js:12382:10)
      at updateContainer (node_modules/react-test-renderer/cjs/react-test-renderer.development.js:12326:7)
      at process.env.NODE_ENV.exports.create (node_modules/react-test-renderer/cjs/react-test-renderer.development.js:14630:7)
      at hooks/__tests__/useWalletInitialization.test.js:22:23
      at process.env.NODE_ENV.exports.act (node_modules/react/cjs/react.development.js:789:22)
      at renderHook (hooks/__tests__/useWalletInitialization.test.js:21:6)
      at Object.renderHook (hooks/__tests__/useWalletInitialization.test.js:131:7)
      at asyncGeneratorStep (node_modules/@babel/runtime/helpers/asyncToGenerator.js:3:17)
      at _next (node_modules/@babel/runtime/helpers/asyncToGenerator.js:17:9)
      at node_modules/@babel/runtime/helpers/asyncToGenerator.js:22:7
      at Object.<anonymous> (node_modules/@babel/runtime/helpers/asyncToGenerator.js:14:12)

    console.error
      react-test-renderer is deprecated. See https://react.dev/warnings/react-test-renderer

      20 |   let component;
      21 |   act(() => {
    > 22 |     component = create(<TestComponent hookProps={initialProps} />);
         |                       ^
      23 |   });
      24 |   return {
      25 |     result,

      at process.env.NODE_ENV.exports.create (node_modules/react-test-renderer/cjs/react-test-renderer.development.js:14598:17)
      at hooks/__tests__/useWalletInitialization.test.js:22:23
      at process.env.NODE_ENV.exports.act (node_modules/react/cjs/react.development.js:789:22)
      at renderHook (hooks/__tests__/useWalletInitialization.test.js:21:6)
      at Object.renderHook (hooks/__tests__/useWalletInitialization.test.js:147:7)
      at asyncGeneratorStep (node_modules/@babel/runtime/helpers/asyncToGenerator.js:3:17)
      at _next (node_modules/@babel/runtime/helpers/asyncToGenerator.js:17:9)
      at node_modules/@babel/runtime/helpers/asyncToGenerator.js:22:7
      at Object.<anonymous> (node_modules/@babel/runtime/helpers/asyncToGenerator.js:14:12)

    console.error
      The current testing environment is not configured to support act(...)

      20 |   let component;
      21 |   act(() => {
    > 22 |     component = create(<TestComponent hookProps={initialProps} />);
         |                       ^
      23 |   });
      24 |   return {
      25 |     result,

      at isConcurrentActEnvironment (node_modules/react-test-renderer/cjs/react-test-renderer.development.js:10243:17)
      at warnIfUpdatesNotWrappedWithActDEV (node_modules/react-test-renderer/cjs/react-test-renderer.development.js:11798:7)
      at scheduleUpdateOnFiber (node_modules/react-test-renderer/cjs/react-test-renderer.development.js:10326:9)
      at updateContainerImpl (node_modules/react-test-renderer/cjs/react-test-renderer.development.js:12382:10)
      at updateContainer (node_modules/react-test-renderer/cjs/react-test-renderer.development.js:12326:7)
      at process.env.NODE_ENV.exports.create (node_modules/react-test-renderer/cjs/react-test-renderer.development.js:14630:7)
      at hooks/__tests__/useWalletInitialization.test.js:22:23
      at process.env.NODE_ENV.exports.act (node_modules/react/cjs/react.development.js:789:22)
      at renderHook (hooks/__tests__/useWalletInitialization.test.js:21:6)
      at Object.renderHook (hooks/__tests__/useWalletInitialization.test.js:147:7)
      at asyncGeneratorStep (node_modules/@babel/runtime/helpers/asyncToGenerator.js:3:17)
      at _next (node_modules/@babel/runtime/helpers/asyncToGenerator.js:17:9)
      at node_modules/@babel/runtime/helpers/asyncToGenerator.js:22:7
      at Object.<anonymous> (node_modules/@babel/runtime/helpers/asyncToGenerator.js:14:12)

    console.error
      react-test-renderer is deprecated. See https://react.dev/warnings/react-test-renderer

      20 |   let component;
      21 |   act(() => {
    > 22 |     component = create(<TestComponent hookProps={initialProps} />);
         |                       ^
      23 |   });
      24 |   return {
      25 |     result,

      at process.env.NODE_ENV.exports.create (node_modules/react-test-renderer/cjs/react-test-renderer.development.js:14598:17)
      at hooks/__tests__/useWalletInitialization.test.js:22:23
      at process.env.NODE_ENV.exports.act (node_modules/react/cjs/react.development.js:789:22)
      at renderHook (hooks/__tests__/useWalletInitialization.test.js:21:6)
      at Object.renderHook (hooks/__tests__/useWalletInitialization.test.js:164:26)
      at asyncGeneratorStep (node_modules/@babel/runtime/helpers/asyncToGenerator.js:3:17)
      at _next (node_modules/@babel/runtime/helpers/asyncToGenerator.js:17:9)
      at node_modules/@babel/runtime/helpers/asyncToGenerator.js:22:7
      at Object.<anonymous> (node_modules/@babel/runtime/helpers/asyncToGenerator.js:14:12)

    console.error
      The current testing environment is not configured to support act(...)

      20 |   let component;
      21 |   act(() => {
    > 22 |     component = create(<TestComponent hookProps={initialProps} />);
         |                       ^
      23 |   });
      24 |   return {
      25 |     result,

      at isConcurrentActEnvironment (node_modules/react-test-renderer/cjs/react-test-renderer.development.js:10243:17)
      at warnIfUpdatesNotWrappedWithActDEV (node_modules/react-test-renderer/cjs/react-test-renderer.development.js:11798:7)
      at scheduleUpdateOnFiber (node_modules/react-test-renderer/cjs/react-test-renderer.development.js:10326:9)
      at updateContainerImpl (node_modules/react-test-renderer/cjs/react-test-renderer.development.js:12382:10)
      at updateContainer (node_modules/react-test-renderer/cjs/react-test-renderer.development.js:12326:7)
      at process.env.NODE_ENV.exports.create (node_modules/react-test-renderer/cjs/react-test-renderer.development.js:14630:7)
      at hooks/__tests__/useWalletInitialization.test.js:22:23
      at process.env.NODE_ENV.exports.act (node_modules/react/cjs/react.development.js:789:22)
      at renderHook (hooks/__tests__/useWalletInitialization.test.js:21:6)
      at Object.renderHook (hooks/__tests__/useWalletInitialization.test.js:164:26)
      at asyncGeneratorStep (node_modules/@babel/runtime/helpers/asyncToGenerator.js:3:17)
      at _next (node_modules/@babel/runtime/helpers/asyncToGenerator.js:17:9)
      at node_modules/@babel/runtime/helpers/asyncToGenerator.js:22:7
      at Object.<anonymous> (node_modules/@babel/runtime/helpers/asyncToGenerator.js:14:12)

    console.error
      The current testing environment is not configured to support act(...)

      37 |       } finally {
      38 |         // Hide loading screen after a brief delay to show the logo
    > 39 |         setTimeout(() => setIsLoading(false), 1500);
         |                          ^
      40 |       }
      41 |     };
      42 |

      at isConcurrentActEnvironment (node_modules/react-test-renderer/cjs/react-test-renderer.development.js:10243:17)
      at warnIfUpdatesNotWrappedWithActDEV (node_modules/react-test-renderer/cjs/react-test-renderer.development.js:11798:7)
      at scheduleUpdateOnFiber (node_modules/react-test-renderer/cjs/react-test-renderer.development.js:10326:9)
      at dispatchSetStateInternal (node_modules/react-test-renderer/cjs/react-test-renderer.development.js:4148:13)
      at dispatchSetState (node_modules/react-test-renderer/cjs/react-test-renderer.development.js:4107:7)
      at setIsLoading (hooks/useWalletInitialization.js:39:26)
      at callTimer (node_modules/@sinonjs/fake-timers/src/fake-timers-src.js:806:24)
      at doTickInner (node_modules/@sinonjs/fake-timers/src/fake-timers-src.js:1413:29)
      at doTick (node_modules/@sinonjs/fake-timers/src/fake-timers-src.js:1494:20)
      at Object.tick (node_modules/@sinonjs/fake-timers/src/fake-timers-src.js:1502:20)
      at FakeTimers.advanceTimersByTime (node_modules/@jest/fake-timers/build/index.js:576:19)
      at advanceTimersByTime (hooks/__tests__/useWalletInitialization.test.js:175:14)
      at asyncGeneratorStep (node_modules/@babel/runtime/helpers/asyncToGenerator.js:3:17)
      at _next (node_modules/@babel/runtime/helpers/asyncToGenerator.js:17:9)
      at node_modules/@babel/runtime/helpers/asyncToGenerator.js:22:7
      at node_modules/@babel/runtime/helpers/asyncToGenerator.js:14:12
      at process.env.NODE_ENV.exports.act (node_modules/react/cjs/react.development.js:789:22)
      at Object.<anonymous> (hooks/__tests__/useWalletInitialization.test.js:174:16)
      at asyncGeneratorStep (node_modules/@babel/runtime/helpers/asyncToGenerator.js:3:17)
      at _next (node_modules/@babel/runtime/helpers/asyncToGenerator.js:17:9)

    console.error
      react-test-renderer is deprecated. See https://react.dev/warnings/react-test-renderer

      20 |   let component;
      21 |   act(() => {
    > 22 |     component = create(<TestComponent hookProps={initialProps} />);
         |                       ^
      23 |   });
      24 |   return {
      25 |     result,

      at process.env.NODE_ENV.exports.create (node_modules/react-test-renderer/cjs/react-test-renderer.development.js:14598:17)
      at hooks/__tests__/useWalletInitialization.test.js:22:23
      at process.env.NODE_ENV.exports.act (node_modules/react/cjs/react.development.js:789:22)
      at renderHook (hooks/__tests__/useWalletInitialization.test.js:21:6)
      at Object.renderHook (hooks/__tests__/useWalletInitialization.test.js:186:26)
      at asyncGeneratorStep (node_modules/@babel/runtime/helpers/asyncToGenerator.js:3:17)
      at _next (node_modules/@babel/runtime/helpers/asyncToGenerator.js:17:9)
      at node_modules/@babel/runtime/helpers/asyncToGenerator.js:22:7
      at Object.<anonymous> (node_modules/@babel/runtime/helpers/asyncToGenerator.js:14:12)

    console.error
      The current testing environment is not configured to support act(...)

      20 |   let component;
      21 |   act(() => {
    > 22 |     component = create(<TestComponent hookProps={initialProps} />);
         |                       ^
      23 |   });
      24 |   return {
      25 |     result,

      at isConcurrentActEnvironment (node_modules/react-test-renderer/cjs/react-test-renderer.development.js:10243:17)
      at warnIfUpdatesNotWrappedWithActDEV (node_modules/react-test-renderer/cjs/react-test-renderer.development.js:11798:7)
      at scheduleUpdateOnFiber (node_modules/react-test-renderer/cjs/react-test-renderer.development.js:10326:9)
      at updateContainerImpl (node_modules/react-test-renderer/cjs/react-test-renderer.development.js:12382:10)
      at updateContainer (node_modules/react-test-renderer/cjs/react-test-renderer.development.js:12326:7)
      at process.env.NODE_ENV.exports.create (node_modules/react-test-renderer/cjs/react-test-renderer.development.js:14630:7)
      at hooks/__tests__/useWalletInitialization.test.js:22:23
      at process.env.NODE_ENV.exports.act (node_modules/react/cjs/react.development.js:789:22)
      at renderHook (hooks/__tests__/useWalletInitialization.test.js:21:6)
      at Object.renderHook (hooks/__tests__/useWalletInitialization.test.js:186:26)
      at asyncGeneratorStep (node_modules/@babel/runtime/helpers/asyncToGenerator.js:3:17)
      at _next (node_modules/@babel/runtime/helpers/asyncToGenerator.js:17:9)
      at node_modules/@babel/runtime/helpers/asyncToGenerator.js:22:7
      at Object.<anonymous> (node_modules/@babel/runtime/helpers/asyncToGenerator.js:14:12)

    console.error
      The current testing environment is not configured to support act(...)

      37 |       } finally {
      38 |         // Hide loading screen after a brief delay to show the logo
    > 39 |         setTimeout(() => setIsLoading(false), 1500);
         |                          ^
      40 |       }
      41 |     };
      42 |

      at isConcurrentActEnvironment (node_modules/react-test-renderer/cjs/react-test-renderer.development.js:10243:17)
      at warnIfUpdatesNotWrappedWithActDEV (node_modules/react-test-renderer/cjs/react-test-renderer.development.js:11798:7)
      at scheduleUpdateOnFiber (node_modules/react-test-renderer/cjs/react-test-renderer.development.js:10326:9)
      at dispatchSetStateInternal (node_modules/react-test-renderer/cjs/react-test-renderer.development.js:4148:13)
      at dispatchSetState (node_modules/react-test-renderer/cjs/react-test-renderer.development.js:4107:7)
      at setIsLoading (hooks/useWalletInitialization.js:39:26)
      at callTimer (node_modules/@sinonjs/fake-timers/src/fake-timers-src.js:806:24)
      at doTickInner (node_modules/@sinonjs/fake-timers/src/fake-timers-src.js:1413:29)
      at doTick (node_modules/@sinonjs/fake-timers/src/fake-timers-src.js:1494:20)
      at Object.tick (node_modules/@sinonjs/fake-timers/src/fake-timers-src.js:1502:20)
      at FakeTimers.advanceTimersByTime (node_modules/@jest/fake-timers/build/index.js:576:19)
      at advanceTimersByTime (hooks/__tests__/useWalletInitialization.test.js:199:14)
      at asyncGeneratorStep (node_modules/@babel/runtime/helpers/asyncToGenerator.js:3:17)
      at _next (node_modules/@babel/runtime/helpers/asyncToGenerator.js:17:9)
      at node_modules/@babel/runtime/helpers/asyncToGenerator.js:22:7
      at node_modules/@babel/runtime/helpers/asyncToGenerator.js:14:12
      at process.env.NODE_ENV.exports.act (node_modules/react/cjs/react.development.js:789:22)
      at Object.<anonymous> (hooks/__tests__/useWalletInitialization.test.js:198:16)
      at asyncGeneratorStep (node_modules/@babel/runtime/helpers/asyncToGenerator.js:3:17)
      at _next (node_modules/@babel/runtime/helpers/asyncToGenerator.js:17:9)

    console.error
      react-test-renderer is deprecated. See https://react.dev/warnings/react-test-renderer

      20 |   let component;
      21 |   act(() => {
    > 22 |     component = create(<TestComponent hookProps={initialProps} />);
         |                       ^
      23 |   });
      24 |   return {
      25 |     result,

      at process.env.NODE_ENV.exports.create (node_modules/react-test-renderer/cjs/react-test-renderer.development.js:14598:17)
      at hooks/__tests__/useWalletInitialization.test.js:22:23
      at process.env.NODE_ENV.exports.act (node_modules/react/cjs/react.development.js:789:22)
      at renderHook (hooks/__tests__/useWalletInitialization.test.js:21:6)
      at Object.renderHook (hooks/__tests__/useWalletInitialization.test.js:210:26)
      at asyncGeneratorStep (node_modules/@babel/runtime/helpers/asyncToGenerator.js:3:17)
      at _next (node_modules/@babel/runtime/helpers/asyncToGenerator.js:17:9)
      at node_modules/@babel/runtime/helpers/asyncToGenerator.js:22:7
      at Object.<anonymous> (node_modules/@babel/runtime/helpers/asyncToGenerator.js:14:12)

    console.error
      The current testing environment is not configured to support act(...)

      20 |   let component;
      21 |   act(() => {
    > 22 |     component = create(<TestComponent hookProps={initialProps} />);
         |                       ^
      23 |   });
      24 |   return {
      25 |     result,

      at isConcurrentActEnvironment (node_modules/react-test-renderer/cjs/react-test-renderer.development.js:10243:17)
      at warnIfUpdatesNotWrappedWithActDEV (node_modules/react-test-renderer/cjs/react-test-renderer.development.js:11798:7)
      at scheduleUpdateOnFiber (node_modules/react-test-renderer/cjs/react-test-renderer.development.js:10326:9)
      at updateContainerImpl (node_modules/react-test-renderer/cjs/react-test-renderer.development.js:12382:10)
      at updateContainer (node_modules/react-test-renderer/cjs/react-test-renderer.development.js:12326:7)
      at process.env.NODE_ENV.exports.create (node_modules/react-test-renderer/cjs/react-test-renderer.development.js:14630:7)
      at hooks/__tests__/useWalletInitialization.test.js:22:23
      at process.env.NODE_ENV.exports.act (node_modules/react/cjs/react.development.js:789:22)
      at renderHook (hooks/__tests__/useWalletInitialization.test.js:21:6)
      at Object.renderHook (hooks/__tests__/useWalletInitialization.test.js:210:26)
      at asyncGeneratorStep (node_modules/@babel/runtime/helpers/asyncToGenerator.js:3:17)
      at _next (node_modules/@babel/runtime/helpers/asyncToGenerator.js:17:9)
      at node_modules/@babel/runtime/helpers/asyncToGenerator.js:22:7
      at Object.<anonymous> (node_modules/@babel/runtime/helpers/asyncToGenerator.js:14:12)

    console.error
      The current testing environment is not configured to support act(...)

      37 |       } finally {
      38 |         // Hide loading screen after a brief delay to show the logo
    > 39 |         setTimeout(() => setIsLoading(false), 1500);
         |                          ^
      40 |       }
      41 |     };
      42 |

      at isConcurrentActEnvironment (node_modules/react-test-renderer/cjs/react-test-renderer.development.js:10243:17)
      at warnIfUpdatesNotWrappedWithActDEV (node_modules/react-test-renderer/cjs/react-test-renderer.development.js:11798:7)
      at scheduleUpdateOnFiber (node_modules/react-test-renderer/cjs/react-test-renderer.development.js:10326:9)
      at dispatchSetStateInternal (node_modules/react-test-renderer/cjs/react-test-renderer.development.js:4148:13)
      at dispatchSetState (node_modules/react-test-renderer/cjs/react-test-renderer.development.js:4107:7)
      at setIsLoading (hooks/useWalletInitialization.js:39:26)
      at callTimer (node_modules/@sinonjs/fake-timers/src/fake-timers-src.js:806:24)
      at doTickInner (node_modules/@sinonjs/fake-timers/src/fake-timers-src.js:1413:29)
      at doTick (node_modules/@sinonjs/fake-timers/src/fake-timers-src.js:1494:20)
      at Object.tick (node_modules/@sinonjs/fake-timers/src/fake-timers-src.js:1502:20)
      at FakeTimers.advanceTimersByTime (node_modules/@jest/fake-timers/build/index.js:576:19)
      at advanceTimersByTime (hooks/__tests__/useWalletInitialization.test.js:221:14)
      at asyncGeneratorStep (node_modules/@babel/runtime/helpers/asyncToGenerator.js:3:17)
      at _next (node_modules/@babel/runtime/helpers/asyncToGenerator.js:17:9)
      at node_modules/@babel/runtime/helpers/asyncToGenerator.js:22:7
      at node_modules/@babel/runtime/helpers/asyncToGenerator.js:14:12
      at process.env.NODE_ENV.exports.act (node_modules/react/cjs/react.development.js:789:22)
      at Object.<anonymous> (hooks/__tests__/useWalletInitialization.test.js:220:16)
      at asyncGeneratorStep (node_modules/@babel/runtime/helpers/asyncToGenerator.js:3:17)
      at _next (node_modules/@babel/runtime/helpers/asyncToGenerator.js:17:9)

    console.error
      react-test-renderer is deprecated. See https://react.dev/warnings/react-test-renderer

      20 |   let component;
      21 |   act(() => {
    > 22 |     component = create(<TestComponent hookProps={initialProps} />);
         |                       ^
      23 |   });
      24 |   return {
      25 |     result,

      at process.env.NODE_ENV.exports.create (node_modules/react-test-renderer/cjs/react-test-renderer.development.js:14598:17)
      at hooks/__tests__/useWalletInitialization.test.js:22:23
      at process.env.NODE_ENV.exports.act (node_modules/react/cjs/react.development.js:789:22)
      at renderHook (hooks/__tests__/useWalletInitialization.test.js:21:6)
      at Object.renderHook (hooks/__tests__/useWalletInitialization.test.js:234:26)
      at asyncGeneratorStep (node_modules/@babel/runtime/helpers/asyncToGenerator.js:3:17)
      at _next (node_modules/@babel/runtime/helpers/asyncToGenerator.js:17:9)
      at node_modules/@babel/runtime/helpers/asyncToGenerator.js:22:7
      at Object.<anonymous> (node_modules/@babel/runtime/helpers/asyncToGenerator.js:14:12)

    console.error
      The current testing environment is not configured to support act(...)

      20 |   let component;
      21 |   act(() => {
    > 22 |     component = create(<TestComponent hookProps={initialProps} />);
         |                       ^
      23 |   });
      24 |   return {
      25 |     result,

      at isConcurrentActEnvironment (node_modules/react-test-renderer/cjs/react-test-renderer.development.js:10243:17)
      at warnIfUpdatesNotWrappedWithActDEV (node_modules/react-test-renderer/cjs/react-test-renderer.development.js:11798:7)
      at scheduleUpdateOnFiber (node_modules/react-test-renderer/cjs/react-test-renderer.development.js:10326:9)
      at updateContainerImpl (node_modules/react-test-renderer/cjs/react-test-renderer.development.js:12382:10)
      at updateContainer (node_modules/react-test-renderer/cjs/react-test-renderer.development.js:12326:7)
      at process.env.NODE_ENV.exports.create (node_modules/react-test-renderer/cjs/react-test-renderer.development.js:14630:7)
      at hooks/__tests__/useWalletInitialization.test.js:22:23
      at process.env.NODE_ENV.exports.act (node_modules/react/cjs/react.development.js:789:22)
      at renderHook (hooks/__tests__/useWalletInitialization.test.js:21:6)
      at Object.renderHook (hooks/__tests__/useWalletInitialization.test.js:234:26)
      at asyncGeneratorStep (node_modules/@babel/runtime/helpers/asyncToGenerator.js:3:17)
      at _next (node_modules/@babel/runtime/helpers/asyncToGenerator.js:17:9)
      at node_modules/@babel/runtime/helpers/asyncToGenerator.js:22:7
      at Object.<anonymous> (node_modules/@babel/runtime/helpers/asyncToGenerator.js:14:12)

    console.error
      The current testing environment is not configured to support act(...)

      37 |       } finally {
      38 |         // Hide loading screen after a brief delay to show the logo
    > 39 |         setTimeout(() => setIsLoading(false), 1500);
         |                          ^
      40 |       }
      41 |     };
      42 |

      at isConcurrentActEnvironment (node_modules/react-test-renderer/cjs/react-test-renderer.development.js:10243:17)
      at warnIfUpdatesNotWrappedWithActDEV (node_modules/react-test-renderer/cjs/react-test-renderer.development.js:11798:7)
      at scheduleUpdateOnFiber (node_modules/react-test-renderer/cjs/react-test-renderer.development.js:10326:9)
      at dispatchSetStateInternal (node_modules/react-test-renderer/cjs/react-test-renderer.development.js:4148:13)
      at dispatchSetState (node_modules/react-test-renderer/cjs/react-test-renderer.development.js:4107:7)
      at setIsLoading (hooks/useWalletInitialization.js:39:26)
      at callTimer (node_modules/@sinonjs/fake-timers/src/fake-timers-src.js:806:24)
      at doTickInner (node_modules/@sinonjs/fake-timers/src/fake-timers-src.js:1413:29)
      at doTick (node_modules/@sinonjs/fake-timers/src/fake-timers-src.js:1494:20)
      at Object.tick (node_modules/@sinonjs/fake-timers/src/fake-timers-src.js:1502:20)
      at FakeTimers.advanceTimersByTime (node_modules/@jest/fake-timers/build/index.js:576:19)
      at advanceTimersByTime (hooks/__tests__/useWalletInitialization.test.js:244:14)
      at asyncGeneratorStep (node_modules/@babel/runtime/helpers/asyncToGenerator.js:3:17)
      at _next (node_modules/@babel/runtime/helpers/asyncToGenerator.js:17:9)
      at node_modules/@babel/runtime/helpers/asyncToGenerator.js:22:7
      at node_modules/@babel/runtime/helpers/asyncToGenerator.js:14:12
      at process.env.NODE_ENV.exports.act (node_modules/react/cjs/react.development.js:789:22)
      at Object.<anonymous> (hooks/__tests__/useWalletInitialization.test.js:243:16)
      at asyncGeneratorStep (node_modules/@babel/runtime/helpers/asyncToGenerator.js:3:17)
      at _next (node_modules/@babel/runtime/helpers/asyncToGenerator.js:17:9)

    console.error
      react-test-renderer is deprecated. See https://react.dev/warnings/react-test-renderer

      20 |   let component;
      21 |   act(() => {
    > 22 |     component = create(<TestComponent hookProps={initialProps} />);
         |                       ^
      23 |   });
      24 |   return {
      25 |     result,

      at process.env.NODE_ENV.exports.create (node_modules/react-test-renderer/cjs/react-test-renderer.development.js:14598:17)
      at hooks/__tests__/useWalletInitialization.test.js:22:23
      at process.env.NODE_ENV.exports.act (node_modules/react/cjs/react.development.js:789:22)
      at renderHook (hooks/__tests__/useWalletInitialization.test.js:21:6)
      at Object.renderHook (hooks/__tests__/useWalletInitialization.test.js:255:26)
      at asyncGeneratorStep (node_modules/@babel/runtime/helpers/asyncToGenerator.js:3:17)
      at _next (node_modules/@babel/runtime/helpers/asyncToGenerator.js:17:9)
      at node_modules/@babel/runtime/helpers/asyncToGenerator.js:22:7
      at Object.<anonymous> (node_modules/@babel/runtime/helpers/asyncToGenerator.js:14:12)

    console.error
      The current testing environment is not configured to support act(...)

      20 |   let component;
      21 |   act(() => {
    > 22 |     component = create(<TestComponent hookProps={initialProps} />);
         |                       ^
      23 |   });
      24 |   return {
      25 |     result,

      at isConcurrentActEnvironment (node_modules/react-test-renderer/cjs/react-test-renderer.development.js:10243:17)
      at warnIfUpdatesNotWrappedWithActDEV (node_modules/react-test-renderer/cjs/react-test-renderer.development.js:11798:7)
      at scheduleUpdateOnFiber (node_modules/react-test-renderer/cjs/react-test-renderer.development.js:10326:9)
      at updateContainerImpl (node_modules/react-test-renderer/cjs/react-test-renderer.development.js:12382:10)
      at updateContainer (node_modules/react-test-renderer/cjs/react-test-renderer.development.js:12326:7)
      at process.env.NODE_ENV.exports.create (node_modules/react-test-renderer/cjs/react-test-renderer.development.js:14630:7)
      at hooks/__tests__/useWalletInitialization.test.js:22:23
      at process.env.NODE_ENV.exports.act (node_modules/react/cjs/react.development.js:789:22)
      at renderHook (hooks/__tests__/useWalletInitialization.test.js:21:6)
      at Object.renderHook (hooks/__tests__/useWalletInitialization.test.js:255:26)
      at asyncGeneratorStep (node_modules/@babel/runtime/helpers/asyncToGenerator.js:3:17)
      at _next (node_modules/@babel/runtime/helpers/asyncToGenerator.js:17:9)
      at node_modules/@babel/runtime/helpers/asyncToGenerator.js:22:7
      at Object.<anonymous> (node_modules/@babel/runtime/helpers/asyncToGenerator.js:14:12)

    console.error
      The current testing environment is not configured to support act(...)

      37 |       } finally {
      38 |         // Hide loading screen after a brief delay to show the logo
    > 39 |         setTimeout(() => setIsLoading(false), 1500);
         |                          ^
      40 |       }
      41 |     };
      42 |

      at isConcurrentActEnvironment (node_modules/react-test-renderer/cjs/react-test-renderer.development.js:10243:17)
      at warnIfUpdatesNotWrappedWithActDEV (node_modules/react-test-renderer/cjs/react-test-renderer.development.js:11798:7)
      at scheduleUpdateOnFiber (node_modules/react-test-renderer/cjs/react-test-renderer.development.js:10326:9)
      at dispatchSetStateInternal (node_modules/react-test-renderer/cjs/react-test-renderer.development.js:4148:13)
      at dispatchSetState (node_modules/react-test-renderer/cjs/react-test-renderer.development.js:4107:7)
      at setIsLoading (hooks/useWalletInitialization.js:39:26)
      at callTimer (node_modules/@sinonjs/fake-timers/src/fake-timers-src.js:806:24)
      at doTickInner (node_modules/@sinonjs/fake-timers/src/fake-timers-src.js:1413:29)
      at doTick (node_modules/@sinonjs/fake-timers/src/fake-timers-src.js:1494:20)
      at Object.tick (node_modules/@sinonjs/fake-timers/src/fake-timers-src.js:1502:20)
      at FakeTimers.advanceTimersByTime (node_modules/@jest/fake-timers/build/index.js:576:19)
      at advanceTimersByTime (hooks/__tests__/useWalletInitialization.test.js:264:14)
      at asyncGeneratorStep (node_modules/@babel/runtime/helpers/asyncToGenerator.js:3:17)
      at _next (node_modules/@babel/runtime/helpers/asyncToGenerator.js:17:9)
      at node_modules/@babel/runtime/helpers/asyncToGenerator.js:22:7
      at node_modules/@babel/runtime/helpers/asyncToGenerator.js:14:12
      at process.env.NODE_ENV.exports.act (node_modules/react/cjs/react.development.js:789:22)
      at Object.<anonymous> (hooks/__tests__/useWalletInitialization.test.js:263:16)
      at asyncGeneratorStep (node_modules/@babel/runtime/helpers/asyncToGenerator.js:3:17)
      at _next (node_modules/@babel/runtime/helpers/asyncToGenerator.js:17:9)

    console.error
      react-test-renderer is deprecated. See https://react.dev/warnings/react-test-renderer

      20 |   let component;
      21 |   act(() => {
    > 22 |     component = create(<TestComponent hookProps={initialProps} />);
         |                       ^
      23 |   });
      24 |   return {
      25 |     result,

      at process.env.NODE_ENV.exports.create (node_modules/react-test-renderer/cjs/react-test-renderer.development.js:14598:17)
      at hooks/__tests__/useWalletInitialization.test.js:22:23
      at process.env.NODE_ENV.exports.act (node_modules/react/cjs/react.development.js:789:22)
      at renderHook (hooks/__tests__/useWalletInitialization.test.js:21:6)
      at renderHook (hooks/__tests__/useWalletInitialization.test.js:276:9)
      at Object.<anonymous> (node_modules/expect/build/index.js:1824:9)
      at Object.throwingMatcher [as toThrow] (node_modules/expect/build/index.js:2235:93)
      at Object.toThrow (hooks/__tests__/useWalletInitialization.test.js:279:14)
      at asyncGeneratorStep (node_modules/@babel/runtime/helpers/asyncToGenerator.js:3:17)
      at _next (node_modules/@babel/runtime/helpers/asyncToGenerator.js:17:9)
      at node_modules/@babel/runtime/helpers/asyncToGenerator.js:22:7
      at Object.<anonymous> (node_modules/@babel/runtime/helpers/asyncToGenerator.js:14:12)

    console.error
      The current testing environment is not configured to support act(...)

      20 |   let component;
      21 |   act(() => {
    > 22 |     component = create(<TestComponent hookProps={initialProps} />);
         |                       ^
      23 |   });
      24 |   return {
      25 |     result,

      at isConcurrentActEnvironment (node_modules/react-test-renderer/cjs/react-test-renderer.development.js:10243:17)
      at warnIfUpdatesNotWrappedWithActDEV (node_modules/react-test-renderer/cjs/react-test-renderer.development.js:11798:7)
      at scheduleUpdateOnFiber (node_modules/react-test-renderer/cjs/react-test-renderer.development.js:10326:9)
      at updateContainerImpl (node_modules/react-test-renderer/cjs/react-test-renderer.development.js:12382:10)
      at updateContainer (node_modules/react-test-renderer/cjs/react-test-renderer.development.js:12326:7)
      at process.env.NODE_ENV.exports.create (node_modules/react-test-renderer/cjs/react-test-renderer.development.js:14630:7)
      at hooks/__tests__/useWalletInitialization.test.js:22:23
      at process.env.NODE_ENV.exports.act (node_modules/react/cjs/react.development.js:789:22)
      at renderHook (hooks/__tests__/useWalletInitialization.test.js:21:6)
      at renderHook (hooks/__tests__/useWalletInitialization.test.js:276:9)
      at Object.<anonymous> (node_modules/expect/build/index.js:1824:9)
      at Object.throwingMatcher [as toThrow] (node_modules/expect/build/index.js:2235:93)
      at Object.toThrow (hooks/__tests__/useWalletInitialization.test.js:279:14)
      at asyncGeneratorStep (node_modules/@babel/runtime/helpers/asyncToGenerator.js:3:17)
      at _next (node_modules/@babel/runtime/helpers/asyncToGenerator.js:17:9)
      at node_modules/@babel/runtime/helpers/asyncToGenerator.js:22:7
      at Object.<anonymous> (node_modules/@babel/runtime/helpers/asyncToGenerator.js:14:12)

    console.error
      react-test-renderer is deprecated. See https://react.dev/warnings/react-test-renderer

      20 |   let component;
      21 |   act(() => {
    > 22 |     component = create(<TestComponent hookProps={initialProps} />);
         |                       ^
      23 |   });
      24 |   return {
      25 |     result,

      at process.env.NODE_ENV.exports.create (node_modules/react-test-renderer/cjs/react-test-renderer.development.js:14598:17)
      at hooks/__tests__/useWalletInitialization.test.js:22:23
      at process.env.NODE_ENV.exports.act (node_modules/react/cjs/react.development.js:789:22)
      at renderHook (hooks/__tests__/useWalletInitialization.test.js:21:6)
      at Object.renderHook (hooks/__tests__/useWalletInitialization.test.js:286:26)
      at asyncGeneratorStep (node_modules/@babel/runtime/helpers/asyncToGenerator.js:3:17)
      at _next (node_modules/@babel/runtime/helpers/asyncToGenerator.js:17:9)
      at node_modules/@babel/runtime/helpers/asyncToGenerator.js:22:7
      at Object.<anonymous> (node_modules/@babel/runtime/helpers/asyncToGenerator.js:14:12)

    console.error
      The current testing environment is not configured to support act(...)

      20 |   let component;
      21 |   act(() => {
    > 22 |     component = create(<TestComponent hookProps={initialProps} />);
         |                       ^
      23 |   });
      24 |   return {
      25 |     result,

      at isConcurrentActEnvironment (node_modules/react-test-renderer/cjs/react-test-renderer.development.js:10243:17)
      at warnIfUpdatesNotWrappedWithActDEV (node_modules/react-test-renderer/cjs/react-test-renderer.development.js:11798:7)
      at scheduleUpdateOnFiber (node_modules/react-test-renderer/cjs/react-test-renderer.development.js:10326:9)
      at updateContainerImpl (node_modules/react-test-renderer/cjs/react-test-renderer.development.js:12382:10)
      at updateContainer (node_modules/react-test-renderer/cjs/react-test-renderer.development.js:12326:7)
      at process.env.NODE_ENV.exports.create (node_modules/react-test-renderer/cjs/react-test-renderer.development.js:14630:7)
      at hooks/__tests__/useWalletInitialization.test.js:22:23
      at process.env.NODE_ENV.exports.act (node_modules/react/cjs/react.development.js:789:22)
      at renderHook (hooks/__tests__/useWalletInitialization.test.js:21:6)
      at Object.renderHook (hooks/__tests__/useWalletInitialization.test.js:286:26)
      at asyncGeneratorStep (node_modules/@babel/runtime/helpers/asyncToGenerator.js:3:17)
      at _next (node_modules/@babel/runtime/helpers/asyncToGenerator.js:17:9)
      at node_modules/@babel/runtime/helpers/asyncToGenerator.js:22:7
      at Object.<anonymous> (node_modules/@babel/runtime/helpers/asyncToGenerator.js:14:12)

    console.error
      The current testing environment is not configured to support act(...)

      37 |       } finally {
      38 |         // Hide loading screen after a brief delay to show the logo
    > 39 |         setTimeout(() => setIsLoading(false), 1500);
         |                          ^
      40 |       }
      41 |     };
      42 |

      at isConcurrentActEnvironment (node_modules/react-test-renderer/cjs/react-test-renderer.development.js:10243:17)
      at warnIfUpdatesNotWrappedWithActDEV (node_modules/react-test-renderer/cjs/react-test-renderer.development.js:11798:7)
      at scheduleUpdateOnFiber (node_modules/react-test-renderer/cjs/react-test-renderer.development.js:10326:9)
      at dispatchSetStateInternal (node_modules/react-test-renderer/cjs/react-test-renderer.development.js:4148:13)
      at dispatchSetState (node_modules/react-test-renderer/cjs/react-test-renderer.development.js:4107:7)
      at setIsLoading (hooks/useWalletInitialization.js:39:26)
      at callTimer (node_modules/@sinonjs/fake-timers/src/fake-timers-src.js:806:24)
      at doTickInner (node_modules/@sinonjs/fake-timers/src/fake-timers-src.js:1413:29)
      at doTick (node_modules/@sinonjs/fake-timers/src/fake-timers-src.js:1494:20)
      at Object.tick (node_modules/@sinonjs/fake-timers/src/fake-timers-src.js:1502:20)
      at FakeTimers.advanceTimersByTime (node_modules/@jest/fake-timers/build/index.js:576:19)
      at advanceTimersByTime (hooks/__tests__/useWalletInitialization.test.js:297:14)
      at asyncGeneratorStep (node_modules/@babel/runtime/helpers/asyncToGenerator.js:3:17)
      at _next (node_modules/@babel/runtime/helpers/asyncToGenerator.js:17:9)
      at node_modules/@babel/runtime/helpers/asyncToGenerator.js:22:7
      at node_modules/@babel/runtime/helpers/asyncToGenerator.js:14:12
      at process.env.NODE_ENV.exports.act (node_modules/react/cjs/react.development.js:789:22)
      at Object.<anonymous> (hooks/__tests__/useWalletInitialization.test.js:296:16)
      at asyncGeneratorStep (node_modules/@babel/runtime/helpers/asyncToGenerator.js:3:17)
      at _next (node_modules/@babel/runtime/helpers/asyncToGenerator.js:17:9)

    console.error
      react-test-renderer is deprecated. See https://react.dev/warnings/react-test-renderer

      20 |   let component;
      21 |   act(() => {
    > 22 |     component = create(<TestComponent hookProps={initialProps} />);
         |                       ^
      23 |   });
      24 |   return {
      25 |     result,

      at process.env.NODE_ENV.exports.create (node_modules/react-test-renderer/cjs/react-test-renderer.development.js:14598:17)
      at hooks/__tests__/useWalletInitialization.test.js:22:23
      at process.env.NODE_ENV.exports.act (node_modules/react/cjs/react.development.js:789:22)
      at renderHook (hooks/__tests__/useWalletInitialization.test.js:21:6)
      at Object.renderHook (hooks/__tests__/useWalletInitialization.test.js:310:7)
      at asyncGeneratorStep (node_modules/@babel/runtime/helpers/asyncToGenerator.js:3:17)
      at _next (node_modules/@babel/runtime/helpers/asyncToGenerator.js:17:9)
      at node_modules/@babel/runtime/helpers/asyncToGenerator.js:22:7
      at Object.<anonymous> (node_modules/@babel/runtime/helpers/asyncToGenerator.js:14:12)

    console.error
      The current testing environment is not configured to support act(...)

      20 |   let component;
      21 |   act(() => {
    > 22 |     component = create(<TestComponent hookProps={initialProps} />);
         |                       ^
      23 |   });
      24 |   return {
      25 |     result,

      at isConcurrentActEnvironment (node_modules/react-test-renderer/cjs/react-test-renderer.development.js:10243:17)
      at warnIfUpdatesNotWrappedWithActDEV (node_modules/react-test-renderer/cjs/react-test-renderer.development.js:11798:7)
      at scheduleUpdateOnFiber (node_modules/react-test-renderer/cjs/react-test-renderer.development.js:10326:9)
      at updateContainerImpl (node_modules/react-test-renderer/cjs/react-test-renderer.development.js:12382:10)
      at updateContainer (node_modules/react-test-renderer/cjs/react-test-renderer.development.js:12326:7)
      at process.env.NODE_ENV.exports.create (node_modules/react-test-renderer/cjs/react-test-renderer.development.js:14630:7)
      at hooks/__tests__/useWalletInitialization.test.js:22:23
      at process.env.NODE_ENV.exports.act (node_modules/react/cjs/react.development.js:789:22)
      at renderHook (hooks/__tests__/useWalletInitialization.test.js:21:6)
      at Object.renderHook (hooks/__tests__/useWalletInitialization.test.js:310:7)
      at asyncGeneratorStep (node_modules/@babel/runtime/helpers/asyncToGenerator.js:3:17)
      at _next (node_modules/@babel/runtime/helpers/asyncToGenerator.js:17:9)
      at node_modules/@babel/runtime/helpers/asyncToGenerator.js:22:7
      at Object.<anonymous> (node_modules/@babel/runtime/helpers/asyncToGenerator.js:14:12)

    console.error
      react-test-renderer is deprecated. See https://react.dev/warnings/react-test-renderer

      20 |   let component;
      21 |   act(() => {
    > 22 |     component = create(<TestComponent hookProps={initialProps} />);
         |                       ^
      23 |   });
      24 |   return {
      25 |     result,

      at process.env.NODE_ENV.exports.create (node_modules/react-test-renderer/cjs/react-test-renderer.development.js:14598:17)
      at hooks/__tests__/useWalletInitialization.test.js:22:23
      at process.env.NODE_ENV.exports.act (node_modules/react/cjs/react.development.js:789:22)
      at renderHook (hooks/__tests__/useWalletInitialization.test.js:21:6)
      at Object.renderHook (hooks/__tests__/useWalletInitialization.test.js:325:7)
      at asyncGeneratorStep (node_modules/@babel/runtime/helpers/asyncToGenerator.js:3:17)
      at _next (node_modules/@babel/runtime/helpers/asyncToGenerator.js:17:9)
      at node_modules/@babel/runtime/helpers/asyncToGenerator.js:22:7
      at Object.<anonymous> (node_modules/@babel/runtime/helpers/asyncToGenerator.js:14:12)

    console.error
      The current testing environment is not configured to support act(...)

      20 |   let component;
      21 |   act(() => {
    > 22 |     component = create(<TestComponent hookProps={initialProps} />);
         |                       ^
      23 |   });
      24 |   return {
      25 |     result,

      at isConcurrentActEnvironment (node_modules/react-test-renderer/cjs/react-test-renderer.development.js:10243:17)
      at warnIfUpdatesNotWrappedWithActDEV (node_modules/react-test-renderer/cjs/react-test-renderer.development.js:11798:7)
      at scheduleUpdateOnFiber (node_modules/react-test-renderer/cjs/react-test-renderer.development.js:10326:9)
      at updateContainerImpl (node_modules/react-test-renderer/cjs/react-test-renderer.development.js:12382:10)
      at updateContainer (node_modules/react-test-renderer/cjs/react-test-renderer.development.js:12326:7)
      at process.env.NODE_ENV.exports.create (node_modules/react-test-renderer/cjs/react-test-renderer.development.js:14630:7)
      at hooks/__tests__/useWalletInitialization.test.js:22:23
      at process.env.NODE_ENV.exports.act (node_modules/react/cjs/react.development.js:789:22)
      at renderHook (hooks/__tests__/useWalletInitialization.test.js:21:6)
      at Object.renderHook (hooks/__tests__/useWalletInitialization.test.js:325:7)
      at asyncGeneratorStep (node_modules/@babel/runtime/helpers/asyncToGenerator.js:3:17)
      at _next (node_modules/@babel/runtime/helpers/asyncToGenerator.js:17:9)
      at node_modules/@babel/runtime/helpers/asyncToGenerator.js:22:7
      at Object.<anonymous> (node_modules/@babel/runtime/helpers/asyncToGenerator.js:14:12)

    console.error
      react-test-renderer is deprecated. See https://react.dev/warnings/react-test-renderer

      20 |   let component;
      21 |   act(() => {
    > 22 |     component = create(<TestComponent hookProps={initialProps} />);
         |                       ^
      23 |   });
      24 |   return {
      25 |     result,

      at process.env.NODE_ENV.exports.create (node_modules/react-test-renderer/cjs/react-test-renderer.development.js:14598:17)
      at hooks/__tests__/useWalletInitialization.test.js:22:23
      at process.env.NODE_ENV.exports.act (node_modules/react/cjs/react.development.js:789:22)
      at renderHook (hooks/__tests__/useWalletInitialization.test.js:21:6)
      at Object.renderHook (hooks/__tests__/useWalletInitialization.test.js:341:7)
      at asyncGeneratorStep (node_modules/@babel/runtime/helpers/asyncToGenerator.js:3:17)
      at _next (node_modules/@babel/runtime/helpers/asyncToGenerator.js:17:9)
      at node_modules/@babel/runtime/helpers/asyncToGenerator.js:22:7
      at Object.<anonymous> (node_modules/@babel/runtime/helpers/asyncToGenerator.js:14:12)

    console.error
      The current testing environment is not configured to support act(...)

      20 |   let component;
      21 |   act(() => {
    > 22 |     component = create(<TestComponent hookProps={initialProps} />);
         |                       ^
      23 |   });
      24 |   return {
      25 |     result,

      at isConcurrentActEnvironment (node_modules/react-test-renderer/cjs/react-test-renderer.development.js:10243:17)
      at warnIfUpdatesNotWrappedWithActDEV (node_modules/react-test-renderer/cjs/react-test-renderer.development.js:11798:7)
      at scheduleUpdateOnFiber (node_modules/react-test-renderer/cjs/react-test-renderer.development.js:10326:9)
      at updateContainerImpl (node_modules/react-test-renderer/cjs/react-test-renderer.development.js:12382:10)
      at updateContainer (node_modules/react-test-renderer/cjs/react-test-renderer.development.js:12326:7)
      at process.env.NODE_ENV.exports.create (node_modules/react-test-renderer/cjs/react-test-renderer.development.js:14630:7)
      at hooks/__tests__/useWalletInitialization.test.js:22:23
      at process.env.NODE_ENV.exports.act (node_modules/react/cjs/react.development.js:789:22)
      at renderHook (hooks/__tests__/useWalletInitialization.test.js:21:6)
      at Object.renderHook (hooks/__tests__/useWalletInitialization.test.js:341:7)
      at asyncGeneratorStep (node_modules/@babel/runtime/helpers/asyncToGenerator.js:3:17)
      at _next (node_modules/@babel/runtime/helpers/asyncToGenerator.js:17:9)
      at node_modules/@babel/runtime/helpers/asyncToGenerator.js:22:7
      at Object.<anonymous> (node_modules/@babel/runtime/helpers/asyncToGenerator.js:14:12)

    console.error
      react-test-renderer is deprecated. See https://react.dev/warnings/react-test-renderer

      20 |   let component;
      21 |   act(() => {
    > 22 |     component = create(<TestComponent hookProps={initialProps} />);
         |                       ^
      23 |   });
      24 |   return {
      25 |     result,

      at process.env.NODE_ENV.exports.create (node_modules/react-test-renderer/cjs/react-test-renderer.development.js:14598:17)
      at hooks/__tests__/useWalletInitialization.test.js:22:23
      at process.env.NODE_ENV.exports.act (node_modules/react/cjs/react.development.js:789:22)
      at renderHook (hooks/__tests__/useWalletInitialization.test.js:21:6)
      at Object.renderHook (hooks/__tests__/useWalletInitialization.test.js:358:26)
      at asyncGeneratorStep (node_modules/@babel/runtime/helpers/asyncToGenerator.js:3:17)
      at _next (node_modules/@babel/runtime/helpers/asyncToGenerator.js:17:9)
      at node_modules/@babel/runtime/helpers/asyncToGenerator.js:22:7
      at Object.<anonymous> (node_modules/@babel/runtime/helpers/asyncToGenerator.js:14:12)

    console.error
      The current testing environment is not configured to support act(...)

      20 |   let component;
      21 |   act(() => {
    > 22 |     component = create(<TestComponent hookProps={initialProps} />);
         |                       ^
      23 |   });
      24 |   return {
      25 |     result,

      at isConcurrentActEnvironment (node_modules/react-test-renderer/cjs/react-test-renderer.development.js:10243:17)
      at warnIfUpdatesNotWrappedWithActDEV (node_modules/react-test-renderer/cjs/react-test-renderer.development.js:11798:7)
      at scheduleUpdateOnFiber (node_modules/react-test-renderer/cjs/react-test-renderer.development.js:10326:9)
      at updateContainerImpl (node_modules/react-test-renderer/cjs/react-test-renderer.development.js:12382:10)
      at updateContainer (node_modules/react-test-renderer/cjs/react-test-renderer.development.js:12326:7)
      at process.env.NODE_ENV.exports.create (node_modules/react-test-renderer/cjs/react-test-renderer.development.js:14630:7)
      at hooks/__tests__/useWalletInitialization.test.js:22:23
      at process.env.NODE_ENV.exports.act (node_modules/react/cjs/react.development.js:789:22)
      at renderHook (hooks/__tests__/useWalletInitialization.test.js:21:6)
      at Object.renderHook (hooks/__tests__/useWalletInitialization.test.js:358:26)
      at asyncGeneratorStep (node_modules/@babel/runtime/helpers/asyncToGenerator.js:3:17)
      at _next (node_modules/@babel/runtime/helpers/asyncToGenerator.js:17:9)
      at node_modules/@babel/runtime/helpers/asyncToGenerator.js:22:7
      at Object.<anonymous> (node_modules/@babel/runtime/helpers/asyncToGenerator.js:14:12)

    console.error
      The current testing environment is not configured to support act(...)

      37 |       } finally {
      38 |         // Hide loading screen after a brief delay to show the logo
    > 39 |         setTimeout(() => setIsLoading(false), 1500);
         |                          ^
      40 |       }
      41 |     };
      42 |

      at isConcurrentActEnvironment (node_modules/react-test-renderer/cjs/react-test-renderer.development.js:10243:17)
      at warnIfUpdatesNotWrappedWithActDEV (node_modules/react-test-renderer/cjs/react-test-renderer.development.js:11798:7)
      at scheduleUpdateOnFiber (node_modules/react-test-renderer/cjs/react-test-renderer.development.js:10326:9)
      at dispatchSetStateInternal (node_modules/react-test-renderer/cjs/react-test-renderer.development.js:4148:13)
      at dispatchSetState (node_modules/react-test-renderer/cjs/react-test-renderer.development.js:4107:7)
      at setIsLoading (hooks/useWalletInitialization.js:39:26)
      at callTimer (node_modules/@sinonjs/fake-timers/src/fake-timers-src.js:806:24)
      at doTickInner (node_modules/@sinonjs/fake-timers/src/fake-timers-src.js:1413:29)
      at doTick (node_modules/@sinonjs/fake-timers/src/fake-timers-src.js:1494:20)
      at Object.tick (node_modules/@sinonjs/fake-timers/src/fake-timers-src.js:1502:20)
      at FakeTimers.advanceTimersByTime (node_modules/@jest/fake-timers/build/index.js:576:19)
      at advanceTimersByTime (hooks/__tests__/useWalletInitialization.test.js:367:14)
      at asyncGeneratorStep (node_modules/@babel/runtime/helpers/asyncToGenerator.js:3:17)
      at _next (node_modules/@babel/runtime/helpers/asyncToGenerator.js:17:9)
      at node_modules/@babel/runtime/helpers/asyncToGenerator.js:22:7
      at node_modules/@babel/runtime/helpers/asyncToGenerator.js:14:12
      at process.env.NODE_ENV.exports.act (node_modules/react/cjs/react.development.js:789:22)
      at Object.<anonymous> (hooks/__tests__/useWalletInitialization.test.js:366:16)
      at asyncGeneratorStep (node_modules/@babel/runtime/helpers/asyncToGenerator.js:3:17)
      at _next (node_modules/@babel/runtime/helpers/asyncToGenerator.js:17:9)

    console.error
      react-test-renderer is deprecated. See https://react.dev/warnings/react-test-renderer

      20 |   let component;
      21 |   act(() => {
    > 22 |     component = create(<TestComponent hookProps={initialProps} />);
         |                       ^
      23 |   });
      24 |   return {
      25 |     result,

      at process.env.NODE_ENV.exports.create (node_modules/react-test-renderer/cjs/react-test-renderer.development.js:14598:17)
      at hooks/__tests__/useWalletInitialization.test.js:22:23
      at process.env.NODE_ENV.exports.act (node_modules/react/cjs/react.development.js:789:22)
      at renderHook (hooks/__tests__/useWalletInitialization.test.js:21:6)
      at Object.renderHook (hooks/__tests__/useWalletInitialization.test.js:378:26)
      at asyncGeneratorStep (node_modules/@babel/runtime/helpers/asyncToGenerator.js:3:17)
      at _next (node_modules/@babel/runtime/helpers/asyncToGenerator.js:17:9)
      at node_modules/@babel/runtime/helpers/asyncToGenerator.js:22:7
      at Object.<anonymous> (node_modules/@babel/runtime/helpers/asyncToGenerator.js:14:12)

    console.error
      The current testing environment is not configured to support act(...)

      20 |   let component;
      21 |   act(() => {
    > 22 |     component = create(<TestComponent hookProps={initialProps} />);
         |                       ^
      23 |   });
      24 |   return {
      25 |     result,

      at isConcurrentActEnvironment (node_modules/react-test-renderer/cjs/react-test-renderer.development.js:10243:17)
      at warnIfUpdatesNotWrappedWithActDEV (node_modules/react-test-renderer/cjs/react-test-renderer.development.js:11798:7)
      at scheduleUpdateOnFiber (node_modules/react-test-renderer/cjs/react-test-renderer.development.js:10326:9)
      at updateContainerImpl (node_modules/react-test-renderer/cjs/react-test-renderer.development.js:12382:10)
      at updateContainer (node_modules/react-test-renderer/cjs/react-test-renderer.development.js:12326:7)
      at process.env.NODE_ENV.exports.create (node_modules/react-test-renderer/cjs/react-test-renderer.development.js:14630:7)
      at hooks/__tests__/useWalletInitialization.test.js:22:23
      at process.env.NODE_ENV.exports.act (node_modules/react/cjs/react.development.js:789:22)
      at renderHook (hooks/__tests__/useWalletInitialization.test.js:21:6)
      at Object.renderHook (hooks/__tests__/useWalletInitialization.test.js:378:26)
      at asyncGeneratorStep (node_modules/@babel/runtime/helpers/asyncToGenerator.js:3:17)
      at _next (node_modules/@babel/runtime/helpers/asyncToGenerator.js:17:9)
      at node_modules/@babel/runtime/helpers/asyncToGenerator.js:22:7
      at Object.<anonymous> (node_modules/@babel/runtime/helpers/asyncToGenerator.js:14:12)

    console.error
      The current testing environment is not configured to support act(...)

      37 |       } finally {
      38 |         // Hide loading screen after a brief delay to show the logo
    > 39 |         setTimeout(() => setIsLoading(false), 1500);
         |                          ^
      40 |       }
      41 |     };
      42 |

      at isConcurrentActEnvironment (node_modules/react-test-renderer/cjs/react-test-renderer.development.js:10243:17)
      at warnIfUpdatesNotWrappedWithActDEV (node_modules/react-test-renderer/cjs/react-test-renderer.development.js:11798:7)
      at scheduleUpdateOnFiber (node_modules/react-test-renderer/cjs/react-test-renderer.development.js:10326:9)
      at dispatchSetStateInternal (node_modules/react-test-renderer/cjs/react-test-renderer.development.js:4148:13)
      at dispatchSetState (node_modules/react-test-renderer/cjs/react-test-renderer.development.js:4107:7)
      at setIsLoading (hooks/useWalletInitialization.js:39:26)
      at callTimer (node_modules/@sinonjs/fake-timers/src/fake-timers-src.js:806:24)
      at doTickInner (node_modules/@sinonjs/fake-timers/src/fake-timers-src.js:1413:29)
      at doTick (node_modules/@sinonjs/fake-timers/src/fake-timers-src.js:1494:20)
      at Object.tick (node_modules/@sinonjs/fake-timers/src/fake-timers-src.js:1502:20)
      at FakeTimers.advanceTimersByTime (node_modules/@jest/fake-timers/build/index.js:576:19)
      at advanceTimersByTime (hooks/__tests__/useWalletInitialization.test.js:387:14)
      at asyncGeneratorStep (node_modules/@babel/runtime/helpers/asyncToGenerator.js:3:17)
      at _next (node_modules/@babel/runtime/helpers/asyncToGenerator.js:17:9)
      at node_modules/@babel/runtime/helpers/asyncToGenerator.js:22:7
      at node_modules/@babel/runtime/helpers/asyncToGenerator.js:14:12
      at process.env.NODE_ENV.exports.act (node_modules/react/cjs/react.development.js:789:22)
      at Object.<anonymous> (hooks/__tests__/useWalletInitialization.test.js:386:16)
      at asyncGeneratorStep (node_modules/@babel/runtime/helpers/asyncToGenerator.js:3:17)
      at _next (node_modules/@babel/runtime/helpers/asyncToGenerator.js:17:9)

    console.error
      react-test-renderer is deprecated. See https://react.dev/warnings/react-test-renderer

      20 |   let component;
      21 |   act(() => {
    > 22 |     component = create(<TestComponent hookProps={initialProps} />);
         |                       ^
      23 |   });
      24 |   return {
      25 |     result,

      at process.env.NODE_ENV.exports.create (node_modules/react-test-renderer/cjs/react-test-renderer.development.js:14598:17)
      at hooks/__tests__/useWalletInitialization.test.js:22:23
      at process.env.NODE_ENV.exports.act (node_modules/react/cjs/react.development.js:789:22)
      at renderHook (hooks/__tests__/useWalletInitialization.test.js:21:6)
      at Object.renderHook (hooks/__tests__/useWalletInitialization.test.js:398:28)
      at asyncGeneratorStep (node_modules/@babel/runtime/helpers/asyncToGenerator.js:3:17)
      at _next (node_modules/@babel/runtime/helpers/asyncToGenerator.js:17:9)
      at node_modules/@babel/runtime/helpers/asyncToGenerator.js:22:7
      at Object.<anonymous> (node_modules/@babel/runtime/helpers/asyncToGenerator.js:14:12)

    console.error
      The current testing environment is not configured to support act(...)

      20 |   let component;
      21 |   act(() => {
    > 22 |     component = create(<TestComponent hookProps={initialProps} />);
         |                       ^
      23 |   });
      24 |   return {
      25 |     result,

      at isConcurrentActEnvironment (node_modules/react-test-renderer/cjs/react-test-renderer.development.js:10243:17)
      at warnIfUpdatesNotWrappedWithActDEV (node_modules/react-test-renderer/cjs/react-test-renderer.development.js:11798:7)
      at scheduleUpdateOnFiber (node_modules/react-test-renderer/cjs/react-test-renderer.development.js:10326:9)
      at updateContainerImpl (node_modules/react-test-renderer/cjs/react-test-renderer.development.js:12382:10)
      at updateContainer (node_modules/react-test-renderer/cjs/react-test-renderer.development.js:12326:7)
      at process.env.NODE_ENV.exports.create (node_modules/react-test-renderer/cjs/react-test-renderer.development.js:14630:7)
      at hooks/__tests__/useWalletInitialization.test.js:22:23
      at process.env.NODE_ENV.exports.act (node_modules/react/cjs/react.development.js:789:22)
      at renderHook (hooks/__tests__/useWalletInitialization.test.js:21:6)
      at Object.renderHook (hooks/__tests__/useWalletInitialization.test.js:398:28)
      at asyncGeneratorStep (node_modules/@babel/runtime/helpers/asyncToGenerator.js:3:17)
      at _next (node_modules/@babel/runtime/helpers/asyncToGenerator.js:17:9)
      at node_modules/@babel/runtime/helpers/asyncToGenerator.js:22:7
      at Object.<anonymous> (node_modules/@babel/runtime/helpers/asyncToGenerator.js:14:12)

    console.error
      The current testing environment is not configured to support act(...)

      26 |     rerender: (newProps) => {
      27 |       act(() => {
    > 28 |         component.update(<TestComponent hookProps={newProps} />);
         |                   ^
      29 |       });
      30 |     },
      31 |     unmount: () => component.unmount(),

      at isConcurrentActEnvironment (node_modules/react-test-renderer/cjs/react-test-renderer.development.js:10243:17)
      at warnIfUpdatesNotWrappedWithActDEV (node_modules/react-test-renderer/cjs/react-test-renderer.development.js:11798:7)
      at scheduleUpdateOnFiber (node_modules/react-test-renderer/cjs/react-test-renderer.development.js:10326:9)
      at updateContainerImpl (node_modules/react-test-renderer/cjs/react-test-renderer.development.js:12382:10)
      at updateContainer (node_modules/react-test-renderer/cjs/react-test-renderer.development.js:12326:7)
      at Object.update (node_modules/react-test-renderer/cjs/react-test-renderer.development.js:14669:13)
      at update (hooks/__tests__/useWalletInitialization.test.js:28:19)
      at process.env.NODE_ENV.exports.act (node_modules/react/cjs/react.development.js:789:22)
      at rerender (hooks/__tests__/useWalletInitialization.test.js:27:10)
      at Object.rerender (hooks/__tests__/useWalletInitialization.test.js:409:7)
      at asyncGeneratorStep (node_modules/@babel/runtime/helpers/asyncToGenerator.js:3:17)
      at _next (node_modules/@babel/runtime/helpers/asyncToGenerator.js:17:9)

PASS hooks/__tests__/useTransactionHistoryFetch.test.js
  ● Console

    console.error
      react-test-renderer is deprecated. See https://react.dev/warnings/react-test-renderer

      20 |   let component;
      21 |   act(() => {
    > 22 |     component = create(<TestComponent />);
         |                       ^
      23 |   });
      24 |   return {
      25 |     result,

      at process.env.NODE_ENV.exports.create (node_modules/react-test-renderer/cjs/react-test-renderer.development.js:14598:17)
      at hooks/__tests__/useTransactionHistoryFetch.test.js:22:23
      at process.env.NODE_ENV.exports.act (node_modules/react/cjs/react.development.js:789:22)
      at renderHook (hooks/__tests__/useTransactionHistoryFetch.test.js:21:6)
      at Object.renderHook (hooks/__tests__/useTransactionHistoryFetch.test.js:42:24)

    console.error
      The current testing environment is not configured to support act(...)

      20 |   let component;
      21 |   act(() => {
    > 22 |     component = create(<TestComponent />);
         |                       ^
      23 |   });
      24 |   return {
      25 |     result,

      at isConcurrentActEnvironment (node_modules/react-test-renderer/cjs/react-test-renderer.development.js:10243:17)
      at warnIfUpdatesNotWrappedWithActDEV (node_modules/react-test-renderer/cjs/react-test-renderer.development.js:11798:7)
      at scheduleUpdateOnFiber (node_modules/react-test-renderer/cjs/react-test-renderer.development.js:10326:9)
      at updateContainerImpl (node_modules/react-test-renderer/cjs/react-test-renderer.development.js:12382:10)
      at updateContainer (node_modules/react-test-renderer/cjs/react-test-renderer.development.js:12326:7)
      at process.env.NODE_ENV.exports.create (node_modules/react-test-renderer/cjs/react-test-renderer.development.js:14630:7)
      at hooks/__tests__/useTransactionHistoryFetch.test.js:22:23
      at process.env.NODE_ENV.exports.act (node_modules/react/cjs/react.development.js:789:22)
      at renderHook (hooks/__tests__/useTransactionHistoryFetch.test.js:21:6)
      at Object.renderHook (hooks/__tests__/useTransactionHistoryFetch.test.js:42:24)

    console.error
      react-test-renderer is deprecated. See https://react.dev/warnings/react-test-renderer

      20 |   let component;
      21 |   act(() => {
    > 22 |     component = create(<TestComponent />);
         |                       ^
      23 |   });
      24 |   return {
      25 |     result,

      at process.env.NODE_ENV.exports.create (node_modules/react-test-renderer/cjs/react-test-renderer.development.js:14598:17)
      at hooks/__tests__/useTransactionHistoryFetch.test.js:22:23
      at process.env.NODE_ENV.exports.act (node_modules/react/cjs/react.development.js:789:22)
      at renderHook (hooks/__tests__/useTransactionHistoryFetch.test.js:21:6)
      at Object.renderHook (hooks/__tests__/useTransactionHistoryFetch.test.js:50:24)

    console.error
      The current testing environment is not configured to support act(...)

      20 |   let component;
      21 |   act(() => {
    > 22 |     component = create(<TestComponent />);
         |                       ^
      23 |   });
      24 |   return {
      25 |     result,

      at isConcurrentActEnvironment (node_modules/react-test-renderer/cjs/react-test-renderer.development.js:10243:17)
      at warnIfUpdatesNotWrappedWithActDEV (node_modules/react-test-renderer/cjs/react-test-renderer.development.js:11798:7)
      at scheduleUpdateOnFiber (node_modules/react-test-renderer/cjs/react-test-renderer.development.js:10326:9)
      at updateContainerImpl (node_modules/react-test-renderer/cjs/react-test-renderer.development.js:12382:10)
      at updateContainer (node_modules/react-test-renderer/cjs/react-test-renderer.development.js:12326:7)
      at process.env.NODE_ENV.exports.create (node_modules/react-test-renderer/cjs/react-test-renderer.development.js:14630:7)
      at hooks/__tests__/useTransactionHistoryFetch.test.js:22:23
      at process.env.NODE_ENV.exports.act (node_modules/react/cjs/react.development.js:789:22)
      at renderHook (hooks/__tests__/useTransactionHistoryFetch.test.js:21:6)
      at Object.renderHook (hooks/__tests__/useTransactionHistoryFetch.test.js:50:24)

    console.error
      react-test-renderer is deprecated. See https://react.dev/warnings/react-test-renderer

      20 |   let component;
      21 |   act(() => {
    > 22 |     component = create(<TestComponent />);
         |                       ^
      23 |   });
      24 |   return {
      25 |     result,

      at process.env.NODE_ENV.exports.create (node_modules/react-test-renderer/cjs/react-test-renderer.development.js:14598:17)
      at hooks/__tests__/useTransactionHistoryFetch.test.js:22:23
      at process.env.NODE_ENV.exports.act (node_modules/react/cjs/react.development.js:789:22)
      at renderHook (hooks/__tests__/useTransactionHistoryFetch.test.js:21:6)
      at Object.renderHook (hooks/__tests__/useTransactionHistoryFetch.test.js:74:24)
      at asyncGeneratorStep (node_modules/@babel/runtime/helpers/asyncToGenerator.js:3:17)
      at _next (node_modules/@babel/runtime/helpers/asyncToGenerator.js:17:9)
      at node_modules/@babel/runtime/helpers/asyncToGenerator.js:22:7
      at Object.<anonymous> (node_modules/@babel/runtime/helpers/asyncToGenerator.js:14:12)

    console.error
      The current testing environment is not configured to support act(...)

      20 |   let component;
      21 |   act(() => {
    > 22 |     component = create(<TestComponent />);
         |                       ^
      23 |   });
      24 |   return {
      25 |     result,

      at isConcurrentActEnvironment (node_modules/react-test-renderer/cjs/react-test-renderer.development.js:10243:17)
      at warnIfUpdatesNotWrappedWithActDEV (node_modules/react-test-renderer/cjs/react-test-renderer.development.js:11798:7)
      at scheduleUpdateOnFiber (node_modules/react-test-renderer/cjs/react-test-renderer.development.js:10326:9)
      at updateContainerImpl (node_modules/react-test-renderer/cjs/react-test-renderer.development.js:12382:10)
      at updateContainer (node_modules/react-test-renderer/cjs/react-test-renderer.development.js:12326:7)
      at process.env.NODE_ENV.exports.create (node_modules/react-test-renderer/cjs/react-test-renderer.development.js:14630:7)
      at hooks/__tests__/useTransactionHistoryFetch.test.js:22:23
      at process.env.NODE_ENV.exports.act (node_modules/react/cjs/react.development.js:789:22)
      at renderHook (hooks/__tests__/useTransactionHistoryFetch.test.js:21:6)
      at Object.renderHook (hooks/__tests__/useTransactionHistoryFetch.test.js:74:24)
      at asyncGeneratorStep (node_modules/@babel/runtime/helpers/asyncToGenerator.js:3:17)
      at _next (node_modules/@babel/runtime/helpers/asyncToGenerator.js:17:9)
      at node_modules/@babel/runtime/helpers/asyncToGenerator.js:22:7
      at Object.<anonymous> (node_modules/@babel/runtime/helpers/asyncToGenerator.js:14:12)

    console.error
      The current testing environment is not configured to support act(...)

      32 |       // Only show loading spinner if we have no cached data
      33 |       if (prevHistoryRef.current.length === 0) {
    > 34 |         setLoadingTransactionHistory(true);
         |         ^
      35 |       }
      36 |       setHistoryError(null);
      37 |       const history = await fetchAllTransactionHistory(segwitAddress, taprootAddress, vaultPubkey);

      at isConcurrentActEnvironment (node_modules/react-test-renderer/cjs/react-test-renderer.development.js:10243:17)
      at warnIfUpdatesNotWrappedWithActDEV (node_modules/react-test-renderer/cjs/react-test-renderer.development.js:11798:7)
      at scheduleUpdateOnFiber (node_modules/react-test-renderer/cjs/react-test-renderer.development.js:10326:9)
      at dispatchSetStateInternal (node_modules/react-test-renderer/cjs/react-test-renderer.development.js:4148:13)
      at dispatchSetState (node_modules/react-test-renderer/cjs/react-test-renderer.development.js:4107:7)
      at Object.setLoadingTransactionHistory (hooks/useTransactionHistoryFetch.js:34:9)
      at asyncGeneratorStep (node_modules/@babel/runtime/helpers/asyncToGenerator.js:3:17)
      at _next (node_modules/@babel/runtime/helpers/asyncToGenerator.js:17:9)
      at node_modules/@babel/runtime/helpers/asyncToGenerator.js:22:7
      at Object.fetchTransactionHistory (node_modules/@babel/runtime/helpers/asyncToGenerator.js:14:12)
      at fetchTransactionHistory (hooks/__tests__/useTransactionHistoryFetch.test.js:77:28)
      at asyncGeneratorStep (node_modules/@babel/runtime/helpers/asyncToGenerator.js:3:17)
      at _next (node_modules/@babel/runtime/helpers/asyncToGenerator.js:17:9)
      at node_modules/@babel/runtime/helpers/asyncToGenerator.js:22:7
      at node_modules/@babel/runtime/helpers/asyncToGenerator.js:14:12
      at process.env.NODE_ENV.exports.act (node_modules/react/cjs/react.development.js:789:22)
      at Object.<anonymous> (hooks/__tests__/useTransactionHistoryFetch.test.js:76:14)
      at asyncGeneratorStep (node_modules/@babel/runtime/helpers/asyncToGenerator.js:3:17)
      at _next (node_modules/@babel/runtime/helpers/asyncToGenerator.js:17:9)
      at node_modules/@babel/runtime/helpers/asyncToGenerator.js:22:7
      at Object.<anonymous> (node_modules/@babel/runtime/helpers/asyncToGenerator.js:14:12)

    console.error
      The current testing environment is not configured to support act(...)

      34 |         setLoadingTransactionHistory(true);
      35 |       }
    > 36 |       setHistoryError(null);
         |       ^
      37 |       const history = await fetchAllTransactionHistory(segwitAddress, taprootAddress, vaultPubkey);
      38 |
      39 |       // Only update state if transactions have actually changed

      at isConcurrentActEnvironment (node_modules/react-test-renderer/cjs/react-test-renderer.development.js:10243:17)
      at warnIfUpdatesNotWrappedWithActDEV (node_modules/react-test-renderer/cjs/react-test-renderer.development.js:11798:7)
      at scheduleUpdateOnFiber (node_modules/react-test-renderer/cjs/react-test-renderer.development.js:10326:9)
      at dispatchSetStateInternal (node_modules/react-test-renderer/cjs/react-test-renderer.development.js:4148:13)
      at dispatchSetState (node_modules/react-test-renderer/cjs/react-test-renderer.development.js:4107:7)
      at Object.setHistoryError (hooks/useTransactionHistoryFetch.js:36:7)
      at asyncGeneratorStep (node_modules/@babel/runtime/helpers/asyncToGenerator.js:3:17)
      at _next (node_modules/@babel/runtime/helpers/asyncToGenerator.js:17:9)
      at node_modules/@babel/runtime/helpers/asyncToGenerator.js:22:7
      at Object.fetchTransactionHistory (node_modules/@babel/runtime/helpers/asyncToGenerator.js:14:12)
      at fetchTransactionHistory (hooks/__tests__/useTransactionHistoryFetch.test.js:77:28)
      at asyncGeneratorStep (node_modules/@babel/runtime/helpers/asyncToGenerator.js:3:17)
      at _next (node_modules/@babel/runtime/helpers/asyncToGenerator.js:17:9)
      at node_modules/@babel/runtime/helpers/asyncToGenerator.js:22:7
      at node_modules/@babel/runtime/helpers/asyncToGenerator.js:14:12
      at process.env.NODE_ENV.exports.act (node_modules/react/cjs/react.development.js:789:22)
      at Object.<anonymous> (hooks/__tests__/useTransactionHistoryFetch.test.js:76:14)
      at asyncGeneratorStep (node_modules/@babel/runtime/helpers/asyncToGenerator.js:3:17)
      at _next (node_modules/@babel/runtime/helpers/asyncToGenerator.js:17:9)
      at node_modules/@babel/runtime/helpers/asyncToGenerator.js:22:7
      at Object.<anonymous> (node_modules/@babel/runtime/helpers/asyncToGenerator.js:14:12)

    console.error
      The current testing environment is not configured to support act(...)

      44 |       if (hasChanged) {
      45 |         prevHistoryRef.current = history;
    > 46 |         setTransactionHistory(history);
         |         ^
      47 |       }
      48 |     } catch (error) {
      49 |       setHistoryError('Failed to fetch transaction history');

      at isConcurrentActEnvironment (node_modules/react-test-renderer/cjs/react-test-renderer.development.js:10243:17)
      at warnIfUpdatesNotWrappedWithActDEV (node_modules/react-test-renderer/cjs/react-test-renderer.development.js:11798:7)
      at scheduleUpdateOnFiber (node_modules/react-test-renderer/cjs/react-test-renderer.development.js:10326:9)
      at dispatchSetStateInternal (node_modules/react-test-renderer/cjs/react-test-renderer.development.js:4148:13)
      at dispatchSetState (node_modules/react-test-renderer/cjs/react-test-renderer.development.js:4107:7)
      at Object.setTransactionHistory (hooks/useTransactionHistoryFetch.js:46:9)
      at asyncGeneratorStep (node_modules/@babel/runtime/helpers/asyncToGenerator.js:3:17)
      at _next (node_modules/@babel/runtime/helpers/asyncToGenerator.js:17:9)

    console.error
      The current testing environment is not configured to support act(...)

      49 |       setHistoryError('Failed to fetch transaction history');
      50 |     } finally {
    > 51 |       setLoadingTransactionHistory(false);
         |       ^
      52 |     }
      53 |   }, [wallet]);
      54 |

      at isConcurrentActEnvironment (node_modules/react-test-renderer/cjs/react-test-renderer.development.js:10243:17)
      at warnIfUpdatesNotWrappedWithActDEV (node_modules/react-test-renderer/cjs/react-test-renderer.development.js:11798:7)
      at scheduleUpdateOnFiber (node_modules/react-test-renderer/cjs/react-test-renderer.development.js:10326:9)
      at dispatchSetStateInternal (node_modules/react-test-renderer/cjs/react-test-renderer.development.js:4148:13)
      at dispatchSetState (node_modules/react-test-renderer/cjs/react-test-renderer.development.js:4107:7)
      at Object.setLoadingTransactionHistory (hooks/useTransactionHistoryFetch.js:51:7)
      at asyncGeneratorStep (node_modules/@babel/runtime/helpers/asyncToGenerator.js:3:17)
      at _next (node_modules/@babel/runtime/helpers/asyncToGenerator.js:17:9)

    console.error
      react-test-renderer is deprecated. See https://react.dev/warnings/react-test-renderer

      20 |   let component;
      21 |   act(() => {
    > 22 |     component = create(<TestComponent />);
         |                       ^
      23 |   });
      24 |   return {
      25 |     result,

      at process.env.NODE_ENV.exports.create (node_modules/react-test-renderer/cjs/react-test-renderer.development.js:14598:17)
      at hooks/__tests__/useTransactionHistoryFetch.test.js:22:23
      at process.env.NODE_ENV.exports.act (node_modules/react/cjs/react.development.js:789:22)
      at renderHook (hooks/__tests__/useTransactionHistoryFetch.test.js:21:6)
      at Object.renderHook (hooks/__tests__/useTransactionHistoryFetch.test.js:90:24)
      at asyncGeneratorStep (node_modules/@babel/runtime/helpers/asyncToGenerator.js:3:17)
      at _next (node_modules/@babel/runtime/helpers/asyncToGenerator.js:17:9)
      at node_modules/@babel/runtime/helpers/asyncToGenerator.js:22:7
      at Object.<anonymous> (node_modules/@babel/runtime/helpers/asyncToGenerator.js:14:12)

    console.error
      The current testing environment is not configured to support act(...)

      20 |   let component;
      21 |   act(() => {
    > 22 |     component = create(<TestComponent />);
         |                       ^
      23 |   });
      24 |   return {
      25 |     result,

      at isConcurrentActEnvironment (node_modules/react-test-renderer/cjs/react-test-renderer.development.js:10243:17)
      at warnIfUpdatesNotWrappedWithActDEV (node_modules/react-test-renderer/cjs/react-test-renderer.development.js:11798:7)
      at scheduleUpdateOnFiber (node_modules/react-test-renderer/cjs/react-test-renderer.development.js:10326:9)
      at updateContainerImpl (node_modules/react-test-renderer/cjs/react-test-renderer.development.js:12382:10)
      at updateContainer (node_modules/react-test-renderer/cjs/react-test-renderer.development.js:12326:7)
      at process.env.NODE_ENV.exports.create (node_modules/react-test-renderer/cjs/react-test-renderer.development.js:14630:7)
      at hooks/__tests__/useTransactionHistoryFetch.test.js:22:23
      at process.env.NODE_ENV.exports.act (node_modules/react/cjs/react.development.js:789:22)
      at renderHook (hooks/__tests__/useTransactionHistoryFetch.test.js:21:6)
      at Object.renderHook (hooks/__tests__/useTransactionHistoryFetch.test.js:90:24)
      at asyncGeneratorStep (node_modules/@babel/runtime/helpers/asyncToGenerator.js:3:17)
      at _next (node_modules/@babel/runtime/helpers/asyncToGenerator.js:17:9)
      at node_modules/@babel/runtime/helpers/asyncToGenerator.js:22:7
      at Object.<anonymous> (node_modules/@babel/runtime/helpers/asyncToGenerator.js:14:12)

    console.error
      The current testing environment is not configured to support act(...)

      32 |       // Only show loading spinner if we have no cached data
      33 |       if (prevHistoryRef.current.length === 0) {
    > 34 |         setLoadingTransactionHistory(true);
         |         ^
      35 |       }
      36 |       setHistoryError(null);
      37 |       const history = await fetchAllTransactionHistory(segwitAddress, taprootAddress, vaultPubkey);

      at isConcurrentActEnvironment (node_modules/react-test-renderer/cjs/react-test-renderer.development.js:10243:17)
      at warnIfUpdatesNotWrappedWithActDEV (node_modules/react-test-renderer/cjs/react-test-renderer.development.js:11798:7)
      at scheduleUpdateOnFiber (node_modules/react-test-renderer/cjs/react-test-renderer.development.js:10326:9)
      at dispatchSetStateInternal (node_modules/react-test-renderer/cjs/react-test-renderer.development.js:4148:13)
      at dispatchSetState (node_modules/react-test-renderer/cjs/react-test-renderer.development.js:4107:7)
      at Object.setLoadingTransactionHistory (hooks/useTransactionHistoryFetch.js:34:9)
      at asyncGeneratorStep (node_modules/@babel/runtime/helpers/asyncToGenerator.js:3:17)
      at _next (node_modules/@babel/runtime/helpers/asyncToGenerator.js:17:9)
      at node_modules/@babel/runtime/helpers/asyncToGenerator.js:22:7
      at Object.fetchTransactionHistory (node_modules/@babel/runtime/helpers/asyncToGenerator.js:14:12)
      at fetchTransactionHistory (hooks/__tests__/useTransactionHistoryFetch.test.js:93:28)
      at asyncGeneratorStep (node_modules/@babel/runtime/helpers/asyncToGenerator.js:3:17)
      at _next (node_modules/@babel/runtime/helpers/asyncToGenerator.js:17:9)
      at node_modules/@babel/runtime/helpers/asyncToGenerator.js:22:7
      at node_modules/@babel/runtime/helpers/asyncToGenerator.js:14:12
      at process.env.NODE_ENV.exports.act (node_modules/react/cjs/react.development.js:789:22)
      at Object.<anonymous> (hooks/__tests__/useTransactionHistoryFetch.test.js:92:14)
      at asyncGeneratorStep (node_modules/@babel/runtime/helpers/asyncToGenerator.js:3:17)
      at _next (node_modules/@babel/runtime/helpers/asyncToGenerator.js:17:9)
      at node_modules/@babel/runtime/helpers/asyncToGenerator.js:22:7
      at Object.<anonymous> (node_modules/@babel/runtime/helpers/asyncToGenerator.js:14:12)

    console.error
      The current testing environment is not configured to support act(...)

      34 |         setLoadingTransactionHistory(true);
      35 |       }
    > 36 |       setHistoryError(null);
         |       ^
      37 |       const history = await fetchAllTransactionHistory(segwitAddress, taprootAddress, vaultPubkey);
      38 |
      39 |       // Only update state if transactions have actually changed

      at isConcurrentActEnvironment (node_modules/react-test-renderer/cjs/react-test-renderer.development.js:10243:17)
      at warnIfUpdatesNotWrappedWithActDEV (node_modules/react-test-renderer/cjs/react-test-renderer.development.js:11798:7)
      at scheduleUpdateOnFiber (node_modules/react-test-renderer/cjs/react-test-renderer.development.js:10326:9)
      at dispatchSetStateInternal (node_modules/react-test-renderer/cjs/react-test-renderer.development.js:4148:13)
      at dispatchSetState (node_modules/react-test-renderer/cjs/react-test-renderer.development.js:4107:7)
      at Object.setHistoryError (hooks/useTransactionHistoryFetch.js:36:7)
      at asyncGeneratorStep (node_modules/@babel/runtime/helpers/asyncToGenerator.js:3:17)
      at _next (node_modules/@babel/runtime/helpers/asyncToGenerator.js:17:9)
      at node_modules/@babel/runtime/helpers/asyncToGenerator.js:22:7
      at Object.fetchTransactionHistory (node_modules/@babel/runtime/helpers/asyncToGenerator.js:14:12)
      at fetchTransactionHistory (hooks/__tests__/useTransactionHistoryFetch.test.js:93:28)
      at asyncGeneratorStep (node_modules/@babel/runtime/helpers/asyncToGenerator.js:3:17)
      at _next (node_modules/@babel/runtime/helpers/asyncToGenerator.js:17:9)
      at node_modules/@babel/runtime/helpers/asyncToGenerator.js:22:7
      at node_modules/@babel/runtime/helpers/asyncToGenerator.js:14:12
      at process.env.NODE_ENV.exports.act (node_modules/react/cjs/react.development.js:789:22)
      at Object.<anonymous> (hooks/__tests__/useTransactionHistoryFetch.test.js:92:14)
      at asyncGeneratorStep (node_modules/@babel/runtime/helpers/asyncToGenerator.js:3:17)
      at _next (node_modules/@babel/runtime/helpers/asyncToGenerator.js:17:9)
      at node_modules/@babel/runtime/helpers/asyncToGenerator.js:22:7
      at Object.<anonymous> (node_modules/@babel/runtime/helpers/asyncToGenerator.js:14:12)

    console.error
      The current testing environment is not configured to support act(...)

      47 |       }
      48 |     } catch (error) {
    > 49 |       setHistoryError('Failed to fetch transaction history');
         |       ^
      50 |     } finally {
      51 |       setLoadingTransactionHistory(false);
      52 |     }

      at isConcurrentActEnvironment (node_modules/react-test-renderer/cjs/react-test-renderer.development.js:10243:17)
      at warnIfUpdatesNotWrappedWithActDEV (node_modules/react-test-renderer/cjs/react-test-renderer.development.js:11798:7)
      at scheduleUpdateOnFiber (node_modules/react-test-renderer/cjs/react-test-renderer.development.js:10326:9)
      at dispatchSetStateInternal (node_modules/react-test-renderer/cjs/react-test-renderer.development.js:4148:13)
      at dispatchSetState (node_modules/react-test-renderer/cjs/react-test-renderer.development.js:4107:7)
      at Object.setHistoryError (hooks/useTransactionHistoryFetch.js:49:7)
          at Generator.throw (<anonymous>)
      at asyncGeneratorStep (node_modules/@babel/runtime/helpers/asyncToGenerator.js:3:17)
      at _throw (node_modules/@babel/runtime/helpers/asyncToGenerator.js:20:9)

    console.error
      The current testing environment is not configured to support act(...)

      49 |       setHistoryError('Failed to fetch transaction history');
      50 |     } finally {
    > 51 |       setLoadingTransactionHistory(false);
         |       ^
      52 |     }
      53 |   }, [wallet]);
      54 |

      at isConcurrentActEnvironment (node_modules/react-test-renderer/cjs/react-test-renderer.development.js:10243:17)
      at warnIfUpdatesNotWrappedWithActDEV (node_modules/react-test-renderer/cjs/react-test-renderer.development.js:11798:7)
      at scheduleUpdateOnFiber (node_modules/react-test-renderer/cjs/react-test-renderer.development.js:10326:9)
      at dispatchSetStateInternal (node_modules/react-test-renderer/cjs/react-test-renderer.development.js:4148:13)
      at dispatchSetState (node_modules/react-test-renderer/cjs/react-test-renderer.development.js:4107:7)
      at Object.setLoadingTransactionHistory (hooks/useTransactionHistoryFetch.js:51:7)
          at Generator.throw (<anonymous>)
      at asyncGeneratorStep (node_modules/@babel/runtime/helpers/asyncToGenerator.js:3:17)
      at _throw (node_modules/@babel/runtime/helpers/asyncToGenerator.js:20:9)

    console.error
      react-test-renderer is deprecated. See https://react.dev/warnings/react-test-renderer

      20 |   let component;
      21 |   act(() => {
    > 22 |     component = create(<TestComponent />);
         |                       ^
      23 |   });
      24 |   return {
      25 |     result,

      at process.env.NODE_ENV.exports.create (node_modules/react-test-renderer/cjs/react-test-renderer.development.js:14598:17)
      at hooks/__tests__/useTransactionHistoryFetch.test.js:22:23
      at process.env.NODE_ENV.exports.act (node_modules/react/cjs/react.development.js:789:22)
      at renderHook (hooks/__tests__/useTransactionHistoryFetch.test.js:21:6)
      at Object.renderHook (hooks/__tests__/useTransactionHistoryFetch.test.js:101:24)
      at asyncGeneratorStep (node_modules/@babel/runtime/helpers/asyncToGenerator.js:3:17)
      at _next (node_modules/@babel/runtime/helpers/asyncToGenerator.js:17:9)
      at node_modules/@babel/runtime/helpers/asyncToGenerator.js:22:7
      at Object.<anonymous> (node_modules/@babel/runtime/helpers/asyncToGenerator.js:14:12)

    console.error
      The current testing environment is not configured to support act(...)

      20 |   let component;
      21 |   act(() => {
    > 22 |     component = create(<TestComponent />);
         |                       ^
      23 |   });
      24 |   return {
      25 |     result,

      at isConcurrentActEnvironment (node_modules/react-test-renderer/cjs/react-test-renderer.development.js:10243:17)
      at warnIfUpdatesNotWrappedWithActDEV (node_modules/react-test-renderer/cjs/react-test-renderer.development.js:11798:7)
      at scheduleUpdateOnFiber (node_modules/react-test-renderer/cjs/react-test-renderer.development.js:10326:9)
      at updateContainerImpl (node_modules/react-test-renderer/cjs/react-test-renderer.development.js:12382:10)
      at updateContainer (node_modules/react-test-renderer/cjs/react-test-renderer.development.js:12326:7)
      at process.env.NODE_ENV.exports.create (node_modules/react-test-renderer/cjs/react-test-renderer.development.js:14630:7)
      at hooks/__tests__/useTransactionHistoryFetch.test.js:22:23
      at process.env.NODE_ENV.exports.act (node_modules/react/cjs/react.development.js:789:22)
      at renderHook (hooks/__tests__/useTransactionHistoryFetch.test.js:21:6)
      at Object.renderHook (hooks/__tests__/useTransactionHistoryFetch.test.js:101:24)
      at asyncGeneratorStep (node_modules/@babel/runtime/helpers/asyncToGenerator.js:3:17)
      at _next (node_modules/@babel/runtime/helpers/asyncToGenerator.js:17:9)
      at node_modules/@babel/runtime/helpers/asyncToGenerator.js:22:7
      at Object.<anonymous> (node_modules/@babel/runtime/helpers/asyncToGenerator.js:14:12)

    console.error
      react-test-renderer is deprecated. See https://react.dev/warnings/react-test-renderer

      20 |   let component;
      21 |   act(() => {
    > 22 |     component = create(<TestComponent />);
         |                       ^
      23 |   });
      24 |   return {
      25 |     result,

      at process.env.NODE_ENV.exports.create (node_modules/react-test-renderer/cjs/react-test-renderer.development.js:14598:17)
      at hooks/__tests__/useTransactionHistoryFetch.test.js:22:23
      at process.env.NODE_ENV.exports.act (node_modules/react/cjs/react.development.js:789:22)
      at renderHook (hooks/__tests__/useTransactionHistoryFetch.test.js:21:6)
      at Object.renderHook (hooks/__tests__/useTransactionHistoryFetch.test.js:116:24)
      at asyncGeneratorStep (node_modules/@babel/runtime/helpers/asyncToGenerator.js:3:17)
      at _next (node_modules/@babel/runtime/helpers/asyncToGenerator.js:17:9)
      at node_modules/@babel/runtime/helpers/asyncToGenerator.js:22:7
      at Object.<anonymous> (node_modules/@babel/runtime/helpers/asyncToGenerator.js:14:12)

    console.error
      The current testing environment is not configured to support act(...)

      20 |   let component;
      21 |   act(() => {
    > 22 |     component = create(<TestComponent />);
         |                       ^
      23 |   });
      24 |   return {
      25 |     result,

      at isConcurrentActEnvironment (node_modules/react-test-renderer/cjs/react-test-renderer.development.js:10243:17)
      at warnIfUpdatesNotWrappedWithActDEV (node_modules/react-test-renderer/cjs/react-test-renderer.development.js:11798:7)
      at scheduleUpdateOnFiber (node_modules/react-test-renderer/cjs/react-test-renderer.development.js:10326:9)
      at updateContainerImpl (node_modules/react-test-renderer/cjs/react-test-renderer.development.js:12382:10)
      at updateContainer (node_modules/react-test-renderer/cjs/react-test-renderer.development.js:12326:7)
      at process.env.NODE_ENV.exports.create (node_modules/react-test-renderer/cjs/react-test-renderer.development.js:14630:7)
      at hooks/__tests__/useTransactionHistoryFetch.test.js:22:23
      at process.env.NODE_ENV.exports.act (node_modules/react/cjs/react.development.js:789:22)
      at renderHook (hooks/__tests__/useTransactionHistoryFetch.test.js:21:6)
      at Object.renderHook (hooks/__tests__/useTransactionHistoryFetch.test.js:116:24)
      at asyncGeneratorStep (node_modules/@babel/runtime/helpers/asyncToGenerator.js:3:17)
      at _next (node_modules/@babel/runtime/helpers/asyncToGenerator.js:17:9)
      at node_modules/@babel/runtime/helpers/asyncToGenerator.js:22:7
      at Object.<anonymous> (node_modules/@babel/runtime/helpers/asyncToGenerator.js:14:12)

    console.error
      react-test-renderer is deprecated. See https://react.dev/warnings/react-test-renderer

      20 |   let component;
      21 |   act(() => {
    > 22 |     component = create(<TestComponent />);
         |                       ^
      23 |   });
      24 |   return {
      25 |     result,

      at process.env.NODE_ENV.exports.create (node_modules/react-test-renderer/cjs/react-test-renderer.development.js:14598:17)
      at hooks/__tests__/useTransactionHistoryFetch.test.js:22:23
      at process.env.NODE_ENV.exports.act (node_modules/react/cjs/react.development.js:789:22)
      at renderHook (hooks/__tests__/useTransactionHistoryFetch.test.js:21:6)
      at Object.renderHook (hooks/__tests__/useTransactionHistoryFetch.test.js:126:24)

    console.error
      The current testing environment is not configured to support act(...)

      20 |   let component;
      21 |   act(() => {
    > 22 |     component = create(<TestComponent />);
         |                       ^
      23 |   });
      24 |   return {
      25 |     result,

      at isConcurrentActEnvironment (node_modules/react-test-renderer/cjs/react-test-renderer.development.js:10243:17)
      at warnIfUpdatesNotWrappedWithActDEV (node_modules/react-test-renderer/cjs/react-test-renderer.development.js:11798:7)
      at scheduleUpdateOnFiber (node_modules/react-test-renderer/cjs/react-test-renderer.development.js:10326:9)
      at updateContainerImpl (node_modules/react-test-renderer/cjs/react-test-renderer.development.js:12382:10)
      at updateContainer (node_modules/react-test-renderer/cjs/react-test-renderer.development.js:12326:7)
      at process.env.NODE_ENV.exports.create (node_modules/react-test-renderer/cjs/react-test-renderer.development.js:14630:7)
      at hooks/__tests__/useTransactionHistoryFetch.test.js:22:23
      at process.env.NODE_ENV.exports.act (node_modules/react/cjs/react.development.js:789:22)
      at renderHook (hooks/__tests__/useTransactionHistoryFetch.test.js:21:6)
      at Object.renderHook (hooks/__tests__/useTransactionHistoryFetch.test.js:126:24)

    console.error
      The current testing environment is not configured to support act(...)

      57 |    */
      58 |   const resetTransactionHistory = useCallback(() => {
    > 59 |     setTransactionHistory([]);
         |     ^
      60 |   }, []);
      61 |
      62 |   return {

      at isConcurrentActEnvironment (node_modules/react-test-renderer/cjs/react-test-renderer.development.js:10243:17)
      at warnIfUpdatesNotWrappedWithActDEV (node_modules/react-test-renderer/cjs/react-test-renderer.development.js:11798:7)
      at scheduleUpdateOnFiber (node_modules/react-test-renderer/cjs/react-test-renderer.development.js:10326:9)
      at dispatchSetStateInternal (node_modules/react-test-renderer/cjs/react-test-renderer.development.js:4148:13)
      at dispatchSetState (node_modules/react-test-renderer/cjs/react-test-renderer.development.js:4107:7)
      at Object.setTransactionHistory [as resetTransactionHistory] (hooks/useTransactionHistoryFetch.js:59:5)
      at resetTransactionHistory (hooks/__tests__/useTransactionHistoryFetch.test.js:129:22)
      at process.env.NODE_ENV.exports.act (node_modules/react/cjs/react.development.js:789:22)
      at Object.<anonymous> (hooks/__tests__/useTransactionHistoryFetch.test.js:128:8)

PASS hooks/__tests__/useAppLifecycle.test.js
  ● Console

    console.error
      react-test-renderer is deprecated. See https://react.dev/warnings/react-test-renderer

      39 |   let component;
      40 |   act(() => {
    > 41 |     component = create(<TestComponent hookProps={initialProps} />);
         |                       ^
      42 |   });
      43 |   return {
      44 |     result,

      at process.env.NODE_ENV.exports.create (node_modules/react-test-renderer/cjs/react-test-renderer.development.js:14598:17)
      at hooks/__tests__/useAppLifecycle.test.js:41:23
      at process.env.NODE_ENV.exports.act (node_modules/react/cjs/react.development.js:789:22)
      at renderHook (hooks/__tests__/useAppLifecycle.test.js:40:6)
      at Object.renderHook (hooks/__tests__/useAppLifecycle.test.js:78:7)
      at asyncGeneratorStep (node_modules/@babel/runtime/helpers/asyncToGenerator.js:3:17)
      at _next (node_modules/@babel/runtime/helpers/asyncToGenerator.js:17:9)
      at node_modules/@babel/runtime/helpers/asyncToGenerator.js:22:7
      at Object.<anonymous> (node_modules/@babel/runtime/helpers/asyncToGenerator.js:14:12)

    console.error
      The current testing environment is not configured to support act(...)

      39 |   let component;
      40 |   act(() => {
    > 41 |     component = create(<TestComponent hookProps={initialProps} />);
         |                       ^
      42 |   });
      43 |   return {
      44 |     result,

      at isConcurrentActEnvironment (node_modules/react-test-renderer/cjs/react-test-renderer.development.js:10243:17)
      at warnIfUpdatesNotWrappedWithActDEV (node_modules/react-test-renderer/cjs/react-test-renderer.development.js:11798:7)
      at scheduleUpdateOnFiber (node_modules/react-test-renderer/cjs/react-test-renderer.development.js:10326:9)
      at updateContainerImpl (node_modules/react-test-renderer/cjs/react-test-renderer.development.js:12382:10)
      at updateContainer (node_modules/react-test-renderer/cjs/react-test-renderer.development.js:12326:7)
      at process.env.NODE_ENV.exports.create (node_modules/react-test-renderer/cjs/react-test-renderer.development.js:14630:7)
      at hooks/__tests__/useAppLifecycle.test.js:41:23
      at process.env.NODE_ENV.exports.act (node_modules/react/cjs/react.development.js:789:22)
      at renderHook (hooks/__tests__/useAppLifecycle.test.js:40:6)
      at Object.renderHook (hooks/__tests__/useAppLifecycle.test.js:78:7)
      at asyncGeneratorStep (node_modules/@babel/runtime/helpers/asyncToGenerator.js:3:17)
      at _next (node_modules/@babel/runtime/helpers/asyncToGenerator.js:17:9)
      at node_modules/@babel/runtime/helpers/asyncToGenerator.js:22:7
      at Object.<anonymous> (node_modules/@babel/runtime/helpers/asyncToGenerator.js:14:12)

    console.error
      react-test-renderer is deprecated. See https://react.dev/warnings/react-test-renderer

      39 |   let component;
      40 |   act(() => {
    > 41 |     component = create(<TestComponent hookProps={initialProps} />);
         |                       ^
      42 |   });
      43 |   return {
      44 |     result,

      at process.env.NODE_ENV.exports.create (node_modules/react-test-renderer/cjs/react-test-renderer.development.js:14598:17)
      at hooks/__tests__/useAppLifecycle.test.js:41:23
      at process.env.NODE_ENV.exports.act (node_modules/react/cjs/react.development.js:789:22)
      at renderHook (hooks/__tests__/useAppLifecycle.test.js:40:6)
      at renderHook (hooks/__tests__/useAppLifecycle.test.js:93:9)
      at Object.<anonymous> (node_modules/expect/build/index.js:1824:9)
      at Object.throwingMatcher [as toThrow] (node_modules/expect/build/index.js:2235:93)
      at Object.toThrow (hooks/__tests__/useAppLifecycle.test.js:96:14)
      at asyncGeneratorStep (node_modules/@babel/runtime/helpers/asyncToGenerator.js:3:17)
      at _next (node_modules/@babel/runtime/helpers/asyncToGenerator.js:17:9)
      at node_modules/@babel/runtime/helpers/asyncToGenerator.js:22:7
      at Object.<anonymous> (node_modules/@babel/runtime/helpers/asyncToGenerator.js:14:12)

    console.error
      The current testing environment is not configured to support act(...)

      39 |   let component;
      40 |   act(() => {
    > 41 |     component = create(<TestComponent hookProps={initialProps} />);
         |                       ^
      42 |   });
      43 |   return {
      44 |     result,

      at isConcurrentActEnvironment (node_modules/react-test-renderer/cjs/react-test-renderer.development.js:10243:17)
      at warnIfUpdatesNotWrappedWithActDEV (node_modules/react-test-renderer/cjs/react-test-renderer.development.js:11798:7)
      at scheduleUpdateOnFiber (node_modules/react-test-renderer/cjs/react-test-renderer.development.js:10326:9)
      at updateContainerImpl (node_modules/react-test-renderer/cjs/react-test-renderer.development.js:12382:10)
      at updateContainer (node_modules/react-test-renderer/cjs/react-test-renderer.development.js:12326:7)
      at process.env.NODE_ENV.exports.create (node_modules/react-test-renderer/cjs/react-test-renderer.development.js:14630:7)
      at hooks/__tests__/useAppLifecycle.test.js:41:23
      at process.env.NODE_ENV.exports.act (node_modules/react/cjs/react.development.js:789:22)
      at renderHook (hooks/__tests__/useAppLifecycle.test.js:40:6)
      at renderHook (hooks/__tests__/useAppLifecycle.test.js:93:9)
      at Object.<anonymous> (node_modules/expect/build/index.js:1824:9)
      at Object.throwingMatcher [as toThrow] (node_modules/expect/build/index.js:2235:93)
      at Object.toThrow (hooks/__tests__/useAppLifecycle.test.js:96:14)
      at asyncGeneratorStep (node_modules/@babel/runtime/helpers/asyncToGenerator.js:3:17)
      at _next (node_modules/@babel/runtime/helpers/asyncToGenerator.js:17:9)
      at node_modules/@babel/runtime/helpers/asyncToGenerator.js:22:7
      at Object.<anonymous> (node_modules/@babel/runtime/helpers/asyncToGenerator.js:14:12)

    console.error
      react-test-renderer is deprecated. See https://react.dev/warnings/react-test-renderer

      39 |   let component;
      40 |   act(() => {
    > 41 |     component = create(<TestComponent hookProps={initialProps} />);
         |                       ^
      42 |   });
      43 |   return {
      44 |     result,

      at process.env.NODE_ENV.exports.create (node_modules/react-test-renderer/cjs/react-test-renderer.development.js:14598:17)
      at hooks/__tests__/useAppLifecycle.test.js:41:23
      at process.env.NODE_ENV.exports.act (node_modules/react/cjs/react.development.js:789:22)
      at renderHook (hooks/__tests__/useAppLifecycle.test.js:40:6)
      at Object.renderHook (hooks/__tests__/useAppLifecycle.test.js:102:27)
      at asyncGeneratorStep (node_modules/@babel/runtime/helpers/asyncToGenerator.js:3:17)
      at _next (node_modules/@babel/runtime/helpers/asyncToGenerator.js:17:9)
      at node_modules/@babel/runtime/helpers/asyncToGenerator.js:22:7
      at Object.<anonymous> (node_modules/@babel/runtime/helpers/asyncToGenerator.js:14:12)

    console.error
      The current testing environment is not configured to support act(...)

      39 |   let component;
      40 |   act(() => {
    > 41 |     component = create(<TestComponent hookProps={initialProps} />);
         |                       ^
      42 |   });
      43 |   return {
      44 |     result,

      at isConcurrentActEnvironment (node_modules/react-test-renderer/cjs/react-test-renderer.development.js:10243:17)
      at warnIfUpdatesNotWrappedWithActDEV (node_modules/react-test-renderer/cjs/react-test-renderer.development.js:11798:7)
      at scheduleUpdateOnFiber (node_modules/react-test-renderer/cjs/react-test-renderer.development.js:10326:9)
      at updateContainerImpl (node_modules/react-test-renderer/cjs/react-test-renderer.development.js:12382:10)
      at updateContainer (node_modules/react-test-renderer/cjs/react-test-renderer.development.js:12326:7)
      at process.env.NODE_ENV.exports.create (node_modules/react-test-renderer/cjs/react-test-renderer.development.js:14630:7)
      at hooks/__tests__/useAppLifecycle.test.js:41:23
      at process.env.NODE_ENV.exports.act (node_modules/react/cjs/react.development.js:789:22)
      at renderHook (hooks/__tests__/useAppLifecycle.test.js:40:6)
      at Object.renderHook (hooks/__tests__/useAppLifecycle.test.js:102:27)
      at asyncGeneratorStep (node_modules/@babel/runtime/helpers/asyncToGenerator.js:3:17)
      at _next (node_modules/@babel/runtime/helpers/asyncToGenerator.js:17:9)
      at node_modules/@babel/runtime/helpers/asyncToGenerator.js:22:7
      at Object.<anonymous> (node_modules/@babel/runtime/helpers/asyncToGenerator.js:14:12)

    console.error
      react-test-renderer is deprecated. See https://react.dev/warnings/react-test-renderer

      39 |   let component;
      40 |   act(() => {
    > 41 |     component = create(<TestComponent hookProps={initialProps} />);
         |                       ^
      42 |   });
      43 |   return {
      44 |     result,

      at process.env.NODE_ENV.exports.create (node_modules/react-test-renderer/cjs/react-test-renderer.development.js:14598:17)
      at hooks/__tests__/useAppLifecycle.test.js:41:23
      at process.env.NODE_ENV.exports.act (node_modules/react/cjs/react.development.js:789:22)
      at renderHook (hooks/__tests__/useAppLifecycle.test.js:40:6)
      at Object.renderHook (hooks/__tests__/useAppLifecycle.test.js:116:7)

    console.error
      The current testing environment is not configured to support act(...)

      39 |   let component;
      40 |   act(() => {
    > 41 |     component = create(<TestComponent hookProps={initialProps} />);
         |                       ^
      42 |   });
      43 |   return {
      44 |     result,

      at isConcurrentActEnvironment (node_modules/react-test-renderer/cjs/react-test-renderer.development.js:10243:17)
      at warnIfUpdatesNotWrappedWithActDEV (node_modules/react-test-renderer/cjs/react-test-renderer.development.js:11798:7)
      at scheduleUpdateOnFiber (node_modules/react-test-renderer/cjs/react-test-renderer.development.js:10326:9)
      at updateContainerImpl (node_modules/react-test-renderer/cjs/react-test-renderer.development.js:12382:10)
      at updateContainer (node_modules/react-test-renderer/cjs/react-test-renderer.development.js:12326:7)
      at process.env.NODE_ENV.exports.create (node_modules/react-test-renderer/cjs/react-test-renderer.development.js:14630:7)
      at hooks/__tests__/useAppLifecycle.test.js:41:23
      at process.env.NODE_ENV.exports.act (node_modules/react/cjs/react.development.js:789:22)
      at renderHook (hooks/__tests__/useAppLifecycle.test.js:40:6)
      at Object.renderHook (hooks/__tests__/useAppLifecycle.test.js:116:7)

    console.error
      react-test-renderer is deprecated. See https://react.dev/warnings/react-test-renderer

      39 |   let component;
      40 |   act(() => {
    > 41 |     component = create(<TestComponent hookProps={initialProps} />);
         |                       ^
      42 |   });
      43 |   return {
      44 |     result,

      at process.env.NODE_ENV.exports.create (node_modules/react-test-renderer/cjs/react-test-renderer.development.js:14598:17)
      at hooks/__tests__/useAppLifecycle.test.js:41:23
      at process.env.NODE_ENV.exports.act (node_modules/react/cjs/react.development.js:789:22)
      at renderHook (hooks/__tests__/useAppLifecycle.test.js:40:6)
      at Object.renderHook (hooks/__tests__/useAppLifecycle.test.js:128:7)

    console.error
      The current testing environment is not configured to support act(...)

      39 |   let component;
      40 |   act(() => {
    > 41 |     component = create(<TestComponent hookProps={initialProps} />);
         |                       ^
      42 |   });
      43 |   return {
      44 |     result,

      at isConcurrentActEnvironment (node_modules/react-test-renderer/cjs/react-test-renderer.development.js:10243:17)
      at warnIfUpdatesNotWrappedWithActDEV (node_modules/react-test-renderer/cjs/react-test-renderer.development.js:11798:7)
      at scheduleUpdateOnFiber (node_modules/react-test-renderer/cjs/react-test-renderer.development.js:10326:9)
      at updateContainerImpl (node_modules/react-test-renderer/cjs/react-test-renderer.development.js:12382:10)
      at updateContainer (node_modules/react-test-renderer/cjs/react-test-renderer.development.js:12326:7)
      at process.env.NODE_ENV.exports.create (node_modules/react-test-renderer/cjs/react-test-renderer.development.js:14630:7)
      at hooks/__tests__/useAppLifecycle.test.js:41:23
      at process.env.NODE_ENV.exports.act (node_modules/react/cjs/react.development.js:789:22)
      at renderHook (hooks/__tests__/useAppLifecycle.test.js:40:6)
      at Object.renderHook (hooks/__tests__/useAppLifecycle.test.js:128:7)

    console.error
      react-test-renderer is deprecated. See https://react.dev/warnings/react-test-renderer

      39 |   let component;
      40 |   act(() => {
    > 41 |     component = create(<TestComponent hookProps={initialProps} />);
         |                       ^
      42 |   });
      43 |   return {
      44 |     result,

      at process.env.NODE_ENV.exports.create (node_modules/react-test-renderer/cjs/react-test-renderer.development.js:14598:17)
      at hooks/__tests__/useAppLifecycle.test.js:41:23
      at process.env.NODE_ENV.exports.act (node_modules/react/cjs/react.development.js:789:22)
      at renderHook (hooks/__tests__/useAppLifecycle.test.js:40:6)
      at Object.renderHook (hooks/__tests__/useAppLifecycle.test.js:152:7)

    console.error
      The current testing environment is not configured to support act(...)

      39 |   let component;
      40 |   act(() => {
    > 41 |     component = create(<TestComponent hookProps={initialProps} />);
         |                       ^
      42 |   });
      43 |   return {
      44 |     result,

      at isConcurrentActEnvironment (node_modules/react-test-renderer/cjs/react-test-renderer.development.js:10243:17)
      at warnIfUpdatesNotWrappedWithActDEV (node_modules/react-test-renderer/cjs/react-test-renderer.development.js:11798:7)
      at scheduleUpdateOnFiber (node_modules/react-test-renderer/cjs/react-test-renderer.development.js:10326:9)
      at updateContainerImpl (node_modules/react-test-renderer/cjs/react-test-renderer.development.js:12382:10)
      at updateContainer (node_modules/react-test-renderer/cjs/react-test-renderer.development.js:12326:7)
      at process.env.NODE_ENV.exports.create (node_modules/react-test-renderer/cjs/react-test-renderer.development.js:14630:7)
      at hooks/__tests__/useAppLifecycle.test.js:41:23
      at process.env.NODE_ENV.exports.act (node_modules/react/cjs/react.development.js:789:22)
      at renderHook (hooks/__tests__/useAppLifecycle.test.js:40:6)
      at Object.renderHook (hooks/__tests__/useAppLifecycle.test.js:152:7)

    console.error
      react-test-renderer is deprecated. See https://react.dev/warnings/react-test-renderer

      39 |   let component;
      40 |   act(() => {
    > 41 |     component = create(<TestComponent hookProps={initialProps} />);
         |                       ^
      42 |   });
      43 |   return {
      44 |     result,

      at process.env.NODE_ENV.exports.create (node_modules/react-test-renderer/cjs/react-test-renderer.development.js:14598:17)
      at hooks/__tests__/useAppLifecycle.test.js:41:23
      at process.env.NODE_ENV.exports.act (node_modules/react/cjs/react.development.js:789:22)
      at renderHook (hooks/__tests__/useAppLifecycle.test.js:40:6)
      at Object.renderHook (hooks/__tests__/useAppLifecycle.test.js:177:7)

    console.error
      The current testing environment is not configured to support act(...)

      39 |   let component;
      40 |   act(() => {
    > 41 |     component = create(<TestComponent hookProps={initialProps} />);
         |                       ^
      42 |   });
      43 |   return {
      44 |     result,

      at isConcurrentActEnvironment (node_modules/react-test-renderer/cjs/react-test-renderer.development.js:10243:17)
      at warnIfUpdatesNotWrappedWithActDEV (node_modules/react-test-renderer/cjs/react-test-renderer.development.js:11798:7)
      at scheduleUpdateOnFiber (node_modules/react-test-renderer/cjs/react-test-renderer.development.js:10326:9)
      at updateContainerImpl (node_modules/react-test-renderer/cjs/react-test-renderer.development.js:12382:10)
      at updateContainer (node_modules/react-test-renderer/cjs/react-test-renderer.development.js:12326:7)
      at process.env.NODE_ENV.exports.create (node_modules/react-test-renderer/cjs/react-test-renderer.development.js:14630:7)
      at hooks/__tests__/useAppLifecycle.test.js:41:23
      at process.env.NODE_ENV.exports.act (node_modules/react/cjs/react.development.js:789:22)
      at renderHook (hooks/__tests__/useAppLifecycle.test.js:40:6)
      at Object.renderHook (hooks/__tests__/useAppLifecycle.test.js:177:7)

    console.error
      react-test-renderer is deprecated. See https://react.dev/warnings/react-test-renderer

      39 |   let component;
      40 |   act(() => {
    > 41 |     component = create(<TestComponent hookProps={initialProps} />);
         |                       ^
      42 |   });
      43 |   return {
      44 |     result,

      at process.env.NODE_ENV.exports.create (node_modules/react-test-renderer/cjs/react-test-renderer.development.js:14598:17)
      at hooks/__tests__/useAppLifecycle.test.js:41:23
      at process.env.NODE_ENV.exports.act (node_modules/react/cjs/react.development.js:789:22)
      at renderHook (hooks/__tests__/useAppLifecycle.test.js:40:6)
      at Object.renderHook (hooks/__tests__/useAppLifecycle.test.js:201:7)

    console.error
      The current testing environment is not configured to support act(...)

      39 |   let component;
      40 |   act(() => {
    > 41 |     component = create(<TestComponent hookProps={initialProps} />);
         |                       ^
      42 |   });
      43 |   return {
      44 |     result,

      at isConcurrentActEnvironment (node_modules/react-test-renderer/cjs/react-test-renderer.development.js:10243:17)
      at warnIfUpdatesNotWrappedWithActDEV (node_modules/react-test-renderer/cjs/react-test-renderer.development.js:11798:7)
      at scheduleUpdateOnFiber (node_modules/react-test-renderer/cjs/react-test-renderer.development.js:10326:9)
      at updateContainerImpl (node_modules/react-test-renderer/cjs/react-test-renderer.development.js:12382:10)
      at updateContainer (node_modules/react-test-renderer/cjs/react-test-renderer.development.js:12326:7)
      at process.env.NODE_ENV.exports.create (node_modules/react-test-renderer/cjs/react-test-renderer.development.js:14630:7)
      at hooks/__tests__/useAppLifecycle.test.js:41:23
      at process.env.NODE_ENV.exports.act (node_modules/react/cjs/react.development.js:789:22)
      at renderHook (hooks/__tests__/useAppLifecycle.test.js:40:6)
      at Object.renderHook (hooks/__tests__/useAppLifecycle.test.js:201:7)

    console.error
      react-test-renderer is deprecated. See https://react.dev/warnings/react-test-renderer

      39 |   let component;
      40 |   act(() => {
    > 41 |     component = create(<TestComponent hookProps={initialProps} />);
         |                       ^
      42 |   });
      43 |   return {
      44 |     result,

      at process.env.NODE_ENV.exports.create (node_modules/react-test-renderer/cjs/react-test-renderer.development.js:14598:17)
      at hooks/__tests__/useAppLifecycle.test.js:41:23
      at process.env.NODE_ENV.exports.act (node_modules/react/cjs/react.development.js:789:22)
      at renderHook (hooks/__tests__/useAppLifecycle.test.js:40:6)
      at Object.renderHook (hooks/__tests__/useAppLifecycle.test.js:224:7)

    console.error
      The current testing environment is not configured to support act(...)

      39 |   let component;
      40 |   act(() => {
    > 41 |     component = create(<TestComponent hookProps={initialProps} />);
         |                       ^
      42 |   });
      43 |   return {
      44 |     result,

      at isConcurrentActEnvironment (node_modules/react-test-renderer/cjs/react-test-renderer.development.js:10243:17)
      at warnIfUpdatesNotWrappedWithActDEV (node_modules/react-test-renderer/cjs/react-test-renderer.development.js:11798:7)
      at scheduleUpdateOnFiber (node_modules/react-test-renderer/cjs/react-test-renderer.development.js:10326:9)
      at updateContainerImpl (node_modules/react-test-renderer/cjs/react-test-renderer.development.js:12382:10)
      at updateContainer (node_modules/react-test-renderer/cjs/react-test-renderer.development.js:12326:7)
      at process.env.NODE_ENV.exports.create (node_modules/react-test-renderer/cjs/react-test-renderer.development.js:14630:7)
      at hooks/__tests__/useAppLifecycle.test.js:41:23
      at process.env.NODE_ENV.exports.act (node_modules/react/cjs/react.development.js:789:22)
      at renderHook (hooks/__tests__/useAppLifecycle.test.js:40:6)
      at Object.renderHook (hooks/__tests__/useAppLifecycle.test.js:224:7)

    console.error
      react-test-renderer is deprecated. See https://react.dev/warnings/react-test-renderer

      39 |   let component;
      40 |   act(() => {
    > 41 |     component = create(<TestComponent hookProps={initialProps} />);
         |                       ^
      42 |   });
      43 |   return {
      44 |     result,

      at process.env.NODE_ENV.exports.create (node_modules/react-test-renderer/cjs/react-test-renderer.development.js:14598:17)
      at hooks/__tests__/useAppLifecycle.test.js:41:23
      at process.env.NODE_ENV.exports.act (node_modules/react/cjs/react.development.js:789:22)
      at renderHook (hooks/__tests__/useAppLifecycle.test.js:40:6)
      at Object.renderHook (hooks/__tests__/useAppLifecycle.test.js:246:7)

    console.error
      The current testing environment is not configured to support act(...)

      39 |   let component;
      40 |   act(() => {
    > 41 |     component = create(<TestComponent hookProps={initialProps} />);
         |                       ^
      42 |   });
      43 |   return {
      44 |     result,

      at isConcurrentActEnvironment (node_modules/react-test-renderer/cjs/react-test-renderer.development.js:10243:17)
      at warnIfUpdatesNotWrappedWithActDEV (node_modules/react-test-renderer/cjs/react-test-renderer.development.js:11798:7)
      at scheduleUpdateOnFiber (node_modules/react-test-renderer/cjs/react-test-renderer.development.js:10326:9)
      at updateContainerImpl (node_modules/react-test-renderer/cjs/react-test-renderer.development.js:12382:10)
      at updateContainer (node_modules/react-test-renderer/cjs/react-test-renderer.development.js:12326:7)
      at process.env.NODE_ENV.exports.create (node_modules/react-test-renderer/cjs/react-test-renderer.development.js:14630:7)
      at hooks/__tests__/useAppLifecycle.test.js:41:23
      at process.env.NODE_ENV.exports.act (node_modules/react/cjs/react.development.js:789:22)
      at renderHook (hooks/__tests__/useAppLifecycle.test.js:40:6)
      at Object.renderHook (hooks/__tests__/useAppLifecycle.test.js:246:7)

    console.error
      react-test-renderer is deprecated. See https://react.dev/warnings/react-test-renderer

      39 |   let component;
      40 |   act(() => {
    > 41 |     component = create(<TestComponent hookProps={initialProps} />);
         |                       ^
      42 |   });
      43 |   return {
      44 |     result,

      at process.env.NODE_ENV.exports.create (node_modules/react-test-renderer/cjs/react-test-renderer.development.js:14598:17)
      at hooks/__tests__/useAppLifecycle.test.js:41:23
      at process.env.NODE_ENV.exports.act (node_modules/react/cjs/react.development.js:789:22)
      at renderHook (hooks/__tests__/useAppLifecycle.test.js:40:6)
      at Object.renderHook (hooks/__tests__/useAppLifecycle.test.js:268:7)

    console.error
      The current testing environment is not configured to support act(...)

      39 |   let component;
      40 |   act(() => {
    > 41 |     component = create(<TestComponent hookProps={initialProps} />);
         |                       ^
      42 |   });
      43 |   return {
      44 |     result,

      at isConcurrentActEnvironment (node_modules/react-test-renderer/cjs/react-test-renderer.development.js:10243:17)
      at warnIfUpdatesNotWrappedWithActDEV (node_modules/react-test-renderer/cjs/react-test-renderer.development.js:11798:7)
      at scheduleUpdateOnFiber (node_modules/react-test-renderer/cjs/react-test-renderer.development.js:10326:9)
      at updateContainerImpl (node_modules/react-test-renderer/cjs/react-test-renderer.development.js:12382:10)
      at updateContainer (node_modules/react-test-renderer/cjs/react-test-renderer.development.js:12326:7)
      at process.env.NODE_ENV.exports.create (node_modules/react-test-renderer/cjs/react-test-renderer.development.js:14630:7)
      at hooks/__tests__/useAppLifecycle.test.js:41:23
      at process.env.NODE_ENV.exports.act (node_modules/react/cjs/react.development.js:789:22)
      at renderHook (hooks/__tests__/useAppLifecycle.test.js:40:6)
      at Object.renderHook (hooks/__tests__/useAppLifecycle.test.js:268:7)

    console.error
      react-test-renderer is deprecated. See https://react.dev/warnings/react-test-renderer

      39 |   let component;
      40 |   act(() => {
    > 41 |     component = create(<TestComponent hookProps={initialProps} />);
         |                       ^
      42 |   });
      43 |   return {
      44 |     result,

      at process.env.NODE_ENV.exports.create (node_modules/react-test-renderer/cjs/react-test-renderer.development.js:14598:17)
      at hooks/__tests__/useAppLifecycle.test.js:41:23
      at process.env.NODE_ENV.exports.act (node_modules/react/cjs/react.development.js:789:22)
      at renderHook (hooks/__tests__/useAppLifecycle.test.js:40:6)
      at Object.renderHook (hooks/__tests__/useAppLifecycle.test.js:293:7)

    console.error
      The current testing environment is not configured to support act(...)

      39 |   let component;
      40 |   act(() => {
    > 41 |     component = create(<TestComponent hookProps={initialProps} />);
         |                       ^
      42 |   });
      43 |   return {
      44 |     result,

      at isConcurrentActEnvironment (node_modules/react-test-renderer/cjs/react-test-renderer.development.js:10243:17)
      at warnIfUpdatesNotWrappedWithActDEV (node_modules/react-test-renderer/cjs/react-test-renderer.development.js:11798:7)
      at scheduleUpdateOnFiber (node_modules/react-test-renderer/cjs/react-test-renderer.development.js:10326:9)
      at updateContainerImpl (node_modules/react-test-renderer/cjs/react-test-renderer.development.js:12382:10)
      at updateContainer (node_modules/react-test-renderer/cjs/react-test-renderer.development.js:12326:7)
      at process.env.NODE_ENV.exports.create (node_modules/react-test-renderer/cjs/react-test-renderer.development.js:14630:7)
      at hooks/__tests__/useAppLifecycle.test.js:41:23
      at process.env.NODE_ENV.exports.act (node_modules/react/cjs/react.development.js:789:22)
      at renderHook (hooks/__tests__/useAppLifecycle.test.js:40:6)
      at Object.renderHook (hooks/__tests__/useAppLifecycle.test.js:293:7)

    console.error
      react-test-renderer is deprecated. See https://react.dev/warnings/react-test-renderer

      39 |   let component;
      40 |   act(() => {
    > 41 |     component = create(<TestComponent hookProps={initialProps} />);
         |                       ^
      42 |   });
      43 |   return {
      44 |     result,

      at process.env.NODE_ENV.exports.create (node_modules/react-test-renderer/cjs/react-test-renderer.development.js:14598:17)
      at hooks/__tests__/useAppLifecycle.test.js:41:23
      at process.env.NODE_ENV.exports.act (node_modules/react/cjs/react.development.js:789:22)
      at renderHook (hooks/__tests__/useAppLifecycle.test.js:40:6)
      at Object.renderHook (hooks/__tests__/useAppLifecycle.test.js:306:7)

    console.error
      The current testing environment is not configured to support act(...)

      39 |   let component;
      40 |   act(() => {
    > 41 |     component = create(<TestComponent hookProps={initialProps} />);
         |                       ^
      42 |   });
      43 |   return {
      44 |     result,

      at isConcurrentActEnvironment (node_modules/react-test-renderer/cjs/react-test-renderer.development.js:10243:17)
      at warnIfUpdatesNotWrappedWithActDEV (node_modules/react-test-renderer/cjs/react-test-renderer.development.js:11798:7)
      at scheduleUpdateOnFiber (node_modules/react-test-renderer/cjs/react-test-renderer.development.js:10326:9)
      at updateContainerImpl (node_modules/react-test-renderer/cjs/react-test-renderer.development.js:12382:10)
      at updateContainer (node_modules/react-test-renderer/cjs/react-test-renderer.development.js:12326:7)
      at process.env.NODE_ENV.exports.create (node_modules/react-test-renderer/cjs/react-test-renderer.development.js:14630:7)
      at hooks/__tests__/useAppLifecycle.test.js:41:23
      at process.env.NODE_ENV.exports.act (node_modules/react/cjs/react.development.js:789:22)
      at renderHook (hooks/__tests__/useAppLifecycle.test.js:40:6)
      at Object.renderHook (hooks/__tests__/useAppLifecycle.test.js:306:7)

    console.error
      react-test-renderer is deprecated. See https://react.dev/warnings/react-test-renderer

      39 |   let component;
      40 |   act(() => {
    > 41 |     component = create(<TestComponent hookProps={initialProps} />);
         |                       ^
      42 |   });
      43 |   return {
      44 |     result,

      at process.env.NODE_ENV.exports.create (node_modules/react-test-renderer/cjs/react-test-renderer.development.js:14598:17)
      at hooks/__tests__/useAppLifecycle.test.js:41:23
      at process.env.NODE_ENV.exports.act (node_modules/react/cjs/react.development.js:789:22)
      at renderHook (hooks/__tests__/useAppLifecycle.test.js:40:6)
      at Object.renderHook (hooks/__tests__/useAppLifecycle.test.js:326:7)

    console.error
      The current testing environment is not configured to support act(...)

      39 |   let component;
      40 |   act(() => {
    > 41 |     component = create(<TestComponent hookProps={initialProps} />);
         |                       ^
      42 |   });
      43 |   return {
      44 |     result,

      at isConcurrentActEnvironment (node_modules/react-test-renderer/cjs/react-test-renderer.development.js:10243:17)
      at warnIfUpdatesNotWrappedWithActDEV (node_modules/react-test-renderer/cjs/react-test-renderer.development.js:11798:7)
      at scheduleUpdateOnFiber (node_modules/react-test-renderer/cjs/react-test-renderer.development.js:10326:9)
      at updateContainerImpl (node_modules/react-test-renderer/cjs/react-test-renderer.development.js:12382:10)
      at updateContainer (node_modules/react-test-renderer/cjs/react-test-renderer.development.js:12326:7)
      at process.env.NODE_ENV.exports.create (node_modules/react-test-renderer/cjs/react-test-renderer.development.js:14630:7)
      at hooks/__tests__/useAppLifecycle.test.js:41:23
      at process.env.NODE_ENV.exports.act (node_modules/react/cjs/react.development.js:789:22)
      at renderHook (hooks/__tests__/useAppLifecycle.test.js:40:6)
      at Object.renderHook (hooks/__tests__/useAppLifecycle.test.js:326:7)

    console.error
      react-test-renderer is deprecated. See https://react.dev/warnings/react-test-renderer

      39 |   let component;
      40 |   act(() => {
    > 41 |     component = create(<TestComponent hookProps={initialProps} />);
         |                       ^
      42 |   });
      43 |   return {
      44 |     result,

      at process.env.NODE_ENV.exports.create (node_modules/react-test-renderer/cjs/react-test-renderer.development.js:14598:17)
      at hooks/__tests__/useAppLifecycle.test.js:41:23
      at process.env.NODE_ENV.exports.act (node_modules/react/cjs/react.development.js:789:22)
      at renderHook (hooks/__tests__/useAppLifecycle.test.js:40:6)
      at Object.renderHook (hooks/__tests__/useAppLifecycle.test.js:342:7)

    console.error
      The current testing environment is not configured to support act(...)

      39 |   let component;
      40 |   act(() => {
    > 41 |     component = create(<TestComponent hookProps={initialProps} />);
         |                       ^
      42 |   });
      43 |   return {
      44 |     result,

      at isConcurrentActEnvironment (node_modules/react-test-renderer/cjs/react-test-renderer.development.js:10243:17)
      at warnIfUpdatesNotWrappedWithActDEV (node_modules/react-test-renderer/cjs/react-test-renderer.development.js:11798:7)
      at scheduleUpdateOnFiber (node_modules/react-test-renderer/cjs/react-test-renderer.development.js:10326:9)
      at updateContainerImpl (node_modules/react-test-renderer/cjs/react-test-renderer.development.js:12382:10)
      at updateContainer (node_modules/react-test-renderer/cjs/react-test-renderer.development.js:12326:7)
      at process.env.NODE_ENV.exports.create (node_modules/react-test-renderer/cjs/react-test-renderer.development.js:14630:7)
      at hooks/__tests__/useAppLifecycle.test.js:41:23
      at process.env.NODE_ENV.exports.act (node_modules/react/cjs/react.development.js:789:22)
      at renderHook (hooks/__tests__/useAppLifecycle.test.js:40:6)
      at Object.renderHook (hooks/__tests__/useAppLifecycle.test.js:342:7)

    console.error
      react-test-renderer is deprecated. See https://react.dev/warnings/react-test-renderer

      39 |   let component;
      40 |   act(() => {
    > 41 |     component = create(<TestComponent hookProps={initialProps} />);
         |                       ^
      42 |   });
      43 |   return {
      44 |     result,

      at process.env.NODE_ENV.exports.create (node_modules/react-test-renderer/cjs/react-test-renderer.development.js:14598:17)
      at hooks/__tests__/useAppLifecycle.test.js:41:23
      at process.env.NODE_ENV.exports.act (node_modules/react/cjs/react.development.js:789:22)
      at renderHook (hooks/__tests__/useAppLifecycle.test.js:40:6)
      at Object.renderHook (hooks/__tests__/useAppLifecycle.test.js:356:7)

    console.error
      The current testing environment is not configured to support act(...)

      39 |   let component;
      40 |   act(() => {
    > 41 |     component = create(<TestComponent hookProps={initialProps} />);
         |                       ^
      42 |   });
      43 |   return {
      44 |     result,

      at isConcurrentActEnvironment (node_modules/react-test-renderer/cjs/react-test-renderer.development.js:10243:17)
      at warnIfUpdatesNotWrappedWithActDEV (node_modules/react-test-renderer/cjs/react-test-renderer.development.js:11798:7)
      at scheduleUpdateOnFiber (node_modules/react-test-renderer/cjs/react-test-renderer.development.js:10326:9)
      at updateContainerImpl (node_modules/react-test-renderer/cjs/react-test-renderer.development.js:12382:10)
      at updateContainer (node_modules/react-test-renderer/cjs/react-test-renderer.development.js:12326:7)
      at process.env.NODE_ENV.exports.create (node_modules/react-test-renderer/cjs/react-test-renderer.development.js:14630:7)
      at hooks/__tests__/useAppLifecycle.test.js:41:23
      at process.env.NODE_ENV.exports.act (node_modules/react/cjs/react.development.js:789:22)
      at renderHook (hooks/__tests__/useAppLifecycle.test.js:40:6)
      at Object.renderHook (hooks/__tests__/useAppLifecycle.test.js:356:7)

    console.error
      react-test-renderer is deprecated. See https://react.dev/warnings/react-test-renderer

      39 |   let component;
      40 |   act(() => {
    > 41 |     component = create(<TestComponent hookProps={initialProps} />);
         |                       ^
      42 |   });
      43 |   return {
      44 |     result,

      at process.env.NODE_ENV.exports.create (node_modules/react-test-renderer/cjs/react-test-renderer.development.js:14598:17)
      at hooks/__tests__/useAppLifecycle.test.js:41:23
      at process.env.NODE_ENV.exports.act (node_modules/react/cjs/react.development.js:789:22)
      at renderHook (hooks/__tests__/useAppLifecycle.test.js:40:6)
      at Object.renderHook (hooks/__tests__/useAppLifecycle.test.js:370:7)

    console.error
      The current testing environment is not configured to support act(...)

      39 |   let component;
      40 |   act(() => {
    > 41 |     component = create(<TestComponent hookProps={initialProps} />);
         |                       ^
      42 |   });
      43 |   return {
      44 |     result,

      at isConcurrentActEnvironment (node_modules/react-test-renderer/cjs/react-test-renderer.development.js:10243:17)
      at warnIfUpdatesNotWrappedWithActDEV (node_modules/react-test-renderer/cjs/react-test-renderer.development.js:11798:7)
      at scheduleUpdateOnFiber (node_modules/react-test-renderer/cjs/react-test-renderer.development.js:10326:9)
      at updateContainerImpl (node_modules/react-test-renderer/cjs/react-test-renderer.development.js:12382:10)
      at updateContainer (node_modules/react-test-renderer/cjs/react-test-renderer.development.js:12326:7)
      at process.env.NODE_ENV.exports.create (node_modules/react-test-renderer/cjs/react-test-renderer.development.js:14630:7)
      at hooks/__tests__/useAppLifecycle.test.js:41:23
      at process.env.NODE_ENV.exports.act (node_modules/react/cjs/react.development.js:789:22)
      at renderHook (hooks/__tests__/useAppLifecycle.test.js:40:6)
      at Object.renderHook (hooks/__tests__/useAppLifecycle.test.js:370:7)

    console.error
      react-test-renderer is deprecated. See https://react.dev/warnings/react-test-renderer

      39 |   let component;
      40 |   act(() => {
    > 41 |     component = create(<TestComponent hookProps={initialProps} />);
         |                       ^
      42 |   });
      43 |   return {
      44 |     result,

      at process.env.NODE_ENV.exports.create (node_modules/react-test-renderer/cjs/react-test-renderer.development.js:14598:17)
      at hooks/__tests__/useAppLifecycle.test.js:41:23
      at process.env.NODE_ENV.exports.act (node_modules/react/cjs/react.development.js:789:22)
      at renderHook (hooks/__tests__/useAppLifecycle.test.js:40:6)
      at Object.renderHook (hooks/__tests__/useAppLifecycle.test.js:379:26)

    console.error
      The current testing environment is not configured to support act(...)

      39 |   let component;
      40 |   act(() => {
    > 41 |     component = create(<TestComponent hookProps={initialProps} />);
         |                       ^
      42 |   });
      43 |   return {
      44 |     result,

      at isConcurrentActEnvironment (node_modules/react-test-renderer/cjs/react-test-renderer.development.js:10243:17)
      at warnIfUpdatesNotWrappedWithActDEV (node_modules/react-test-renderer/cjs/react-test-renderer.development.js:11798:7)
      at scheduleUpdateOnFiber (node_modules/react-test-renderer/cjs/react-test-renderer.development.js:10326:9)
      at updateContainerImpl (node_modules/react-test-renderer/cjs/react-test-renderer.development.js:12382:10)
      at updateContainer (node_modules/react-test-renderer/cjs/react-test-renderer.development.js:12326:7)
      at process.env.NODE_ENV.exports.create (node_modules/react-test-renderer/cjs/react-test-renderer.development.js:14630:7)
      at hooks/__tests__/useAppLifecycle.test.js:41:23
      at process.env.NODE_ENV.exports.act (node_modules/react/cjs/react.development.js:789:22)
      at renderHook (hooks/__tests__/useAppLifecycle.test.js:40:6)
      at Object.renderHook (hooks/__tests__/useAppLifecycle.test.js:379:26)

    console.error
      react-test-renderer is deprecated. See https://react.dev/warnings/react-test-renderer

      39 |   let component;
      40 |   act(() => {
    > 41 |     component = create(<TestComponent hookProps={initialProps} />);
         |                       ^
      42 |   });
      43 |   return {
      44 |     result,

      at process.env.NODE_ENV.exports.create (node_modules/react-test-renderer/cjs/react-test-renderer.development.js:14598:17)
      at hooks/__tests__/useAppLifecycle.test.js:41:23
      at process.env.NODE_ENV.exports.act (node_modules/react/cjs/react.development.js:789:22)
      at renderHook (hooks/__tests__/useAppLifecycle.test.js:40:6)
      at Object.renderHook (hooks/__tests__/useAppLifecycle.test.js:393:26)

    console.error
      The current testing environment is not configured to support act(...)

      39 |   let component;
      40 |   act(() => {
    > 41 |     component = create(<TestComponent hookProps={initialProps} />);
         |                       ^
      42 |   });
      43 |   return {
      44 |     result,

      at isConcurrentActEnvironment (node_modules/react-test-renderer/cjs/react-test-renderer.development.js:10243:17)
      at warnIfUpdatesNotWrappedWithActDEV (node_modules/react-test-renderer/cjs/react-test-renderer.development.js:11798:7)
      at scheduleUpdateOnFiber (node_modules/react-test-renderer/cjs/react-test-renderer.development.js:10326:9)
      at updateContainerImpl (node_modules/react-test-renderer/cjs/react-test-renderer.development.js:12382:10)
      at updateContainer (node_modules/react-test-renderer/cjs/react-test-renderer.development.js:12326:7)
      at process.env.NODE_ENV.exports.create (node_modules/react-test-renderer/cjs/react-test-renderer.development.js:14630:7)
      at hooks/__tests__/useAppLifecycle.test.js:41:23
      at process.env.NODE_ENV.exports.act (node_modules/react/cjs/react.development.js:789:22)
      at renderHook (hooks/__tests__/useAppLifecycle.test.js:40:6)
      at Object.renderHook (hooks/__tests__/useAppLifecycle.test.js:393:26)

    console.error
      react-test-renderer is deprecated. See https://react.dev/warnings/react-test-renderer

      39 |   let component;
      40 |   act(() => {
    > 41 |     component = create(<TestComponent hookProps={initialProps} />);
         |                       ^
      42 |   });
      43 |   return {
      44 |     result,

      at process.env.NODE_ENV.exports.create (node_modules/react-test-renderer/cjs/react-test-renderer.development.js:14598:17)
      at hooks/__tests__/useAppLifecycle.test.js:41:23
      at process.env.NODE_ENV.exports.act (node_modules/react/cjs/react.development.js:789:22)
      at renderHook (hooks/__tests__/useAppLifecycle.test.js:40:6)
      at Object.renderHook (hooks/__tests__/useAppLifecycle.test.js:430:27)

    console.error
      The current testing environment is not configured to support act(...)

      39 |   let component;
      40 |   act(() => {
    > 41 |     component = create(<TestComponent hookProps={initialProps} />);
         |                       ^
      42 |   });
      43 |   return {
      44 |     result,

      at isConcurrentActEnvironment (node_modules/react-test-renderer/cjs/react-test-renderer.development.js:10243:17)
      at warnIfUpdatesNotWrappedWithActDEV (node_modules/react-test-renderer/cjs/react-test-renderer.development.js:11798:7)
      at scheduleUpdateOnFiber (node_modules/react-test-renderer/cjs/react-test-renderer.development.js:10326:9)
      at updateContainerImpl (node_modules/react-test-renderer/cjs/react-test-renderer.development.js:12382:10)
      at updateContainer (node_modules/react-test-renderer/cjs/react-test-renderer.development.js:12326:7)
      at process.env.NODE_ENV.exports.create (node_modules/react-test-renderer/cjs/react-test-renderer.development.js:14630:7)
      at hooks/__tests__/useAppLifecycle.test.js:41:23
      at process.env.NODE_ENV.exports.act (node_modules/react/cjs/react.development.js:789:22)
      at renderHook (hooks/__tests__/useAppLifecycle.test.js:40:6)
      at Object.renderHook (hooks/__tests__/useAppLifecycle.test.js:430:27)

    console.error
      react-test-renderer is deprecated. See https://react.dev/warnings/react-test-renderer

      39 |   let component;
      40 |   act(() => {
    > 41 |     component = create(<TestComponent hookProps={initialProps} />);
         |                       ^
      42 |   });
      43 |   return {
      44 |     result,

      at process.env.NODE_ENV.exports.create (node_modules/react-test-renderer/cjs/react-test-renderer.development.js:14598:17)
      at hooks/__tests__/useAppLifecycle.test.js:41:23
      at process.env.NODE_ENV.exports.act (node_modules/react/cjs/react.development.js:789:22)
      at renderHook (hooks/__tests__/useAppLifecycle.test.js:40:6)
      at Object.renderHook (hooks/__tests__/useAppLifecycle.test.js:446:37)

    console.error
      The current testing environment is not configured to support act(...)

      39 |   let component;
      40 |   act(() => {
    > 41 |     component = create(<TestComponent hookProps={initialProps} />);
         |                       ^
      42 |   });
      43 |   return {
      44 |     result,

      at isConcurrentActEnvironment (node_modules/react-test-renderer/cjs/react-test-renderer.development.js:10243:17)
      at warnIfUpdatesNotWrappedWithActDEV (node_modules/react-test-renderer/cjs/react-test-renderer.development.js:11798:7)
      at scheduleUpdateOnFiber (node_modules/react-test-renderer/cjs/react-test-renderer.development.js:10326:9)
      at updateContainerImpl (node_modules/react-test-renderer/cjs/react-test-renderer.development.js:12382:10)
      at updateContainer (node_modules/react-test-renderer/cjs/react-test-renderer.development.js:12326:7)
      at process.env.NODE_ENV.exports.create (node_modules/react-test-renderer/cjs/react-test-renderer.development.js:14630:7)
      at hooks/__tests__/useAppLifecycle.test.js:41:23
      at process.env.NODE_ENV.exports.act (node_modules/react/cjs/react.development.js:789:22)
      at renderHook (hooks/__tests__/useAppLifecycle.test.js:40:6)
      at Object.renderHook (hooks/__tests__/useAppLifecycle.test.js:446:37)

    console.error
      The current testing environment is not configured to support act(...)

      45 |     rerender: (newProps) => {
      46 |       act(() => {
    > 47 |         component.update(<TestComponent hookProps={newProps} />);
         |                   ^
      48 |       });
      49 |     },
      50 |     unmount: () => component.unmount(),

      at isConcurrentActEnvironment (node_modules/react-test-renderer/cjs/react-test-renderer.development.js:10243:17)
      at warnIfUpdatesNotWrappedWithActDEV (node_modules/react-test-renderer/cjs/react-test-renderer.development.js:11798:7)
      at scheduleUpdateOnFiber (node_modules/react-test-renderer/cjs/react-test-renderer.development.js:10326:9)
      at updateContainerImpl (node_modules/react-test-renderer/cjs/react-test-renderer.development.js:12382:10)
      at updateContainer (node_modules/react-test-renderer/cjs/react-test-renderer.development.js:12326:7)
      at Object.update (node_modules/react-test-renderer/cjs/react-test-renderer.development.js:14669:13)
      at update (hooks/__tests__/useAppLifecycle.test.js:47:19)
      at process.env.NODE_ENV.exports.act (node_modules/react/cjs/react.development.js:789:22)
      at rerender (hooks/__tests__/useAppLifecycle.test.js:46:10)
      at Object.rerender (hooks/__tests__/useAppLifecycle.test.js:454:7)

    console.error
      react-test-renderer is deprecated. See https://react.dev/warnings/react-test-renderer

      39 |   let component;
      40 |   act(() => {
    > 41 |     component = create(<TestComponent hookProps={initialProps} />);
         |                       ^
      42 |   });
      43 |   return {
      44 |     result,

      at process.env.NODE_ENV.exports.create (node_modules/react-test-renderer/cjs/react-test-renderer.development.js:14598:17)
      at hooks/__tests__/useAppLifecycle.test.js:41:23
      at process.env.NODE_ENV.exports.act (node_modules/react/cjs/react.development.js:789:22)
      at renderHook (hooks/__tests__/useAppLifecycle.test.js:40:6)
      at Object.renderHook (hooks/__tests__/useAppLifecycle.test.js:466:35)

    console.error
      The current testing environment is not configured to support act(...)

      39 |   let component;
      40 |   act(() => {
    > 41 |     component = create(<TestComponent hookProps={initialProps} />);
         |                       ^
      42 |   });
      43 |   return {
      44 |     result,

      at isConcurrentActEnvironment (node_modules/react-test-renderer/cjs/react-test-renderer.development.js:10243:17)
      at warnIfUpdatesNotWrappedWithActDEV (node_modules/react-test-renderer/cjs/react-test-renderer.development.js:11798:7)
      at scheduleUpdateOnFiber (node_modules/react-test-renderer/cjs/react-test-renderer.development.js:10326:9)
      at updateContainerImpl (node_modules/react-test-renderer/cjs/react-test-renderer.development.js:12382:10)
      at updateContainer (node_modules/react-test-renderer/cjs/react-test-renderer.development.js:12326:7)
      at process.env.NODE_ENV.exports.create (node_modules/react-test-renderer/cjs/react-test-renderer.development.js:14630:7)
      at hooks/__tests__/useAppLifecycle.test.js:41:23
      at process.env.NODE_ENV.exports.act (node_modules/react/cjs/react.development.js:789:22)
      at renderHook (hooks/__tests__/useAppLifecycle.test.js:40:6)
      at Object.renderHook (hooks/__tests__/useAppLifecycle.test.js:466:35)

    console.error
      The current testing environment is not configured to support act(...)

      48 |       });
      49 |     },
    > 50 |     unmount: () => component.unmount(),
         |                              ^
      51 |   };
      52 | }
      53 |

      at isConcurrentActEnvironment (node_modules/react-test-renderer/cjs/react-test-renderer.development.js:10243:17)
      at warnIfUpdatesNotWrappedWithActDEV (node_modules/react-test-renderer/cjs/react-test-renderer.development.js:11798:7)
      at scheduleUpdateOnFiber (node_modules/react-test-renderer/cjs/react-test-renderer.development.js:10326:9)
      at updateContainerImpl (node_modules/react-test-renderer/cjs/react-test-renderer.development.js:12382:10)
      at updateContainer (node_modules/react-test-renderer/cjs/react-test-renderer.development.js:12326:7)
      at Object.unmount (node_modules/react-test-renderer/cjs/react-test-renderer.development.js:14674:14)
      at unmount (hooks/__tests__/useAppLifecycle.test.js:50:30)
      at unmount (hooks/__tests__/useAppLifecycle.test.js:480:9)
      at process.env.NODE_ENV.exports.act (node_modules/react/cjs/react.development.js:789:22)
      at Object.<anonymous> (hooks/__tests__/useAppLifecycle.test.js:479:10)

    console.error
      react-test-renderer is deprecated. See https://react.dev/warnings/react-test-renderer

      39 |   let component;
      40 |   act(() => {
    > 41 |     component = create(<TestComponent hookProps={initialProps} />);
         |                       ^
      42 |   });
      43 |   return {
      44 |     result,

      at process.env.NODE_ENV.exports.create (node_modules/react-test-renderer/cjs/react-test-renderer.development.js:14598:17)
      at hooks/__tests__/useAppLifecycle.test.js:41:23
      at process.env.NODE_ENV.exports.act (node_modules/react/cjs/react.development.js:789:22)
      at renderHook (hooks/__tests__/useAppLifecycle.test.js:40:6)
      at Object.renderHook (hooks/__tests__/useAppLifecycle.test.js:493:27)

    console.error
      The current testing environment is not configured to support act(...)

      39 |   let component;
      40 |   act(() => {
    > 41 |     component = create(<TestComponent hookProps={initialProps} />);
         |                       ^
      42 |   });
      43 |   return {
      44 |     result,

      at isConcurrentActEnvironment (node_modules/react-test-renderer/cjs/react-test-renderer.development.js:10243:17)
      at warnIfUpdatesNotWrappedWithActDEV (node_modules/react-test-renderer/cjs/react-test-renderer.development.js:11798:7)
      at scheduleUpdateOnFiber (node_modules/react-test-renderer/cjs/react-test-renderer.development.js:10326:9)
      at updateContainerImpl (node_modules/react-test-renderer/cjs/react-test-renderer.development.js:12382:10)
      at updateContainer (node_modules/react-test-renderer/cjs/react-test-renderer.development.js:12326:7)
      at process.env.NODE_ENV.exports.create (node_modules/react-test-renderer/cjs/react-test-renderer.development.js:14630:7)
      at hooks/__tests__/useAppLifecycle.test.js:41:23
      at process.env.NODE_ENV.exports.act (node_modules/react/cjs/react.development.js:789:22)
      at renderHook (hooks/__tests__/useAppLifecycle.test.js:40:6)
      at Object.renderHook (hooks/__tests__/useAppLifecycle.test.js:493:27)

    console.error
      react-test-renderer is deprecated. See https://react.dev/warnings/react-test-renderer

      39 |   let component;
      40 |   act(() => {
    > 41 |     component = create(<TestComponent hookProps={initialProps} />);
         |                       ^
      42 |   });
      43 |   return {
      44 |     result,

      at process.env.NODE_ENV.exports.create (node_modules/react-test-renderer/cjs/react-test-renderer.development.js:14598:17)
      at hooks/__tests__/useAppLifecycle.test.js:41:23
      at process.env.NODE_ENV.exports.act (node_modules/react/cjs/react.development.js:789:22)
      at renderHook (hooks/__tests__/useAppLifecycle.test.js:40:6)
      at Object.renderHook (hooks/__tests__/useAppLifecycle.test.js:507:27)

    console.error
      The current testing environment is not configured to support act(...)

      39 |   let component;
      40 |   act(() => {
    > 41 |     component = create(<TestComponent hookProps={initialProps} />);
         |                       ^
      42 |   });
      43 |   return {
      44 |     result,

      at isConcurrentActEnvironment (node_modules/react-test-renderer/cjs/react-test-renderer.development.js:10243:17)
      at warnIfUpdatesNotWrappedWithActDEV (node_modules/react-test-renderer/cjs/react-test-renderer.development.js:11798:7)
      at scheduleUpdateOnFiber (node_modules/react-test-renderer/cjs/react-test-renderer.development.js:10326:9)
      at updateContainerImpl (node_modules/react-test-renderer/cjs/react-test-renderer.development.js:12382:10)
      at updateContainer (node_modules/react-test-renderer/cjs/react-test-renderer.development.js:12326:7)
      at process.env.NODE_ENV.exports.create (node_modules/react-test-renderer/cjs/react-test-renderer.development.js:14630:7)
      at hooks/__tests__/useAppLifecycle.test.js:41:23
      at process.env.NODE_ENV.exports.act (node_modules/react/cjs/react.development.js:789:22)
      at renderHook (hooks/__tests__/useAppLifecycle.test.js:40:6)
      at Object.renderHook (hooks/__tests__/useAppLifecycle.test.js:507:27)

    console.error
      react-test-renderer is deprecated. See https://react.dev/warnings/react-test-renderer

      39 |   let component;
      40 |   act(() => {
    > 41 |     component = create(<TestComponent hookProps={initialProps} />);
         |                       ^
      42 |   });
      43 |   return {
      44 |     result,

      at process.env.NODE_ENV.exports.create (node_modules/react-test-renderer/cjs/react-test-renderer.development.js:14598:17)
      at hooks/__tests__/useAppLifecycle.test.js:41:23
      at process.env.NODE_ENV.exports.act (node_modules/react/cjs/react.development.js:789:22)
      at renderHook (hooks/__tests__/useAppLifecycle.test.js:40:6)
      at Object.renderHook (hooks/__tests__/useAppLifecycle.test.js:521:27)

    console.error
      The current testing environment is not configured to support act(...)

      39 |   let component;
      40 |   act(() => {
    > 41 |     component = create(<TestComponent hookProps={initialProps} />);
         |                       ^
      42 |   });
      43 |   return {
      44 |     result,

      at isConcurrentActEnvironment (node_modules/react-test-renderer/cjs/react-test-renderer.development.js:10243:17)
      at warnIfUpdatesNotWrappedWithActDEV (node_modules/react-test-renderer/cjs/react-test-renderer.development.js:11798:7)
      at scheduleUpdateOnFiber (node_modules/react-test-renderer/cjs/react-test-renderer.development.js:10326:9)
      at updateContainerImpl (node_modules/react-test-renderer/cjs/react-test-renderer.development.js:12382:10)
      at updateContainer (node_modules/react-test-renderer/cjs/react-test-renderer.development.js:12326:7)
      at process.env.NODE_ENV.exports.create (node_modules/react-test-renderer/cjs/react-test-renderer.development.js:14630:7)
      at hooks/__tests__/useAppLifecycle.test.js:41:23
      at process.env.NODE_ENV.exports.act (node_modules/react/cjs/react.development.js:789:22)
      at renderHook (hooks/__tests__/useAppLifecycle.test.js:40:6)
      at Object.renderHook (hooks/__tests__/useAppLifecycle.test.js:521:27)

    console.error
      react-test-renderer is deprecated. See https://react.dev/warnings/react-test-renderer

      39 |   let component;
      40 |   act(() => {
    > 41 |     component = create(<TestComponent hookProps={initialProps} />);
         |                       ^
      42 |   });
      43 |   return {
      44 |     result,

      at process.env.NODE_ENV.exports.create (node_modules/react-test-renderer/cjs/react-test-renderer.development.js:14598:17)
      at hooks/__tests__/useAppLifecycle.test.js:41:23
      at process.env.NODE_ENV.exports.act (node_modules/react/cjs/react.development.js:789:22)
      at renderHook (hooks/__tests__/useAppLifecycle.test.js:40:6)
      at Object.renderHook (hooks/__tests__/useAppLifecycle.test.js:535:7)

    console.error
      The current testing environment is not configured to support act(...)

      39 |   let component;
      40 |   act(() => {
    > 41 |     component = create(<TestComponent hookProps={initialProps} />);
         |                       ^
      42 |   });
      43 |   return {
      44 |     result,

      at isConcurrentActEnvironment (node_modules/react-test-renderer/cjs/react-test-renderer.development.js:10243:17)
      at warnIfUpdatesNotWrappedWithActDEV (node_modules/react-test-renderer/cjs/react-test-renderer.development.js:11798:7)
      at scheduleUpdateOnFiber (node_modules/react-test-renderer/cjs/react-test-renderer.development.js:10326:9)
      at updateContainerImpl (node_modules/react-test-renderer/cjs/react-test-renderer.development.js:12382:10)
      at updateContainer (node_modules/react-test-renderer/cjs/react-test-renderer.development.js:12326:7)
      at process.env.NODE_ENV.exports.create (node_modules/react-test-renderer/cjs/react-test-renderer.development.js:14630:7)
      at hooks/__tests__/useAppLifecycle.test.js:41:23
      at process.env.NODE_ENV.exports.act (node_modules/react/cjs/react.development.js:789:22)
      at renderHook (hooks/__tests__/useAppLifecycle.test.js:40:6)
      at Object.renderHook (hooks/__tests__/useAppLifecycle.test.js:535:7)

    console.error
      react-test-renderer is deprecated. See https://react.dev/warnings/react-test-renderer

      39 |   let component;
      40 |   act(() => {
    > 41 |     component = create(<TestComponent hookProps={initialProps} />);
         |                       ^
      42 |   });
      43 |   return {
      44 |     result,

      at process.env.NODE_ENV.exports.create (node_modules/react-test-renderer/cjs/react-test-renderer.development.js:14598:17)
      at hooks/__tests__/useAppLifecycle.test.js:41:23
      at process.env.NODE_ENV.exports.act (node_modules/react/cjs/react.development.js:789:22)
      at renderHook (hooks/__tests__/useAppLifecycle.test.js:40:6)
      at Object.renderHook (hooks/__tests__/useAppLifecycle.test.js:568:28)

    console.error
      The current testing environment is not configured to support act(...)

      39 |   let component;
      40 |   act(() => {
    > 41 |     component = create(<TestComponent hookProps={initialProps} />);
         |                       ^
      42 |   });
      43 |   return {
      44 |     result,

      at isConcurrentActEnvironment (node_modules/react-test-renderer/cjs/react-test-renderer.development.js:10243:17)
      at warnIfUpdatesNotWrappedWithActDEV (node_modules/react-test-renderer/cjs/react-test-renderer.development.js:11798:7)
      at scheduleUpdateOnFiber (node_modules/react-test-renderer/cjs/react-test-renderer.development.js:10326:9)
      at updateContainerImpl (node_modules/react-test-renderer/cjs/react-test-renderer.development.js:12382:10)
      at updateContainer (node_modules/react-test-renderer/cjs/react-test-renderer.development.js:12326:7)
      at process.env.NODE_ENV.exports.create (node_modules/react-test-renderer/cjs/react-test-renderer.development.js:14630:7)
      at hooks/__tests__/useAppLifecycle.test.js:41:23
      at process.env.NODE_ENV.exports.act (node_modules/react/cjs/react.development.js:789:22)
      at renderHook (hooks/__tests__/useAppLifecycle.test.js:40:6)
      at Object.renderHook (hooks/__tests__/useAppLifecycle.test.js:568:28)

    console.error
      The current testing environment is not configured to support act(...)

      45 |     rerender: (newProps) => {
      46 |       act(() => {
    > 47 |         component.update(<TestComponent hookProps={newProps} />);
         |                   ^
      48 |       });
      49 |     },
      50 |     unmount: () => component.unmount(),

      at isConcurrentActEnvironment (node_modules/react-test-renderer/cjs/react-test-renderer.development.js:10243:17)
      at warnIfUpdatesNotWrappedWithActDEV (node_modules/react-test-renderer/cjs/react-test-renderer.development.js:11798:7)
      at scheduleUpdateOnFiber (node_modules/react-test-renderer/cjs/react-test-renderer.development.js:10326:9)
      at updateContainerImpl (node_modules/react-test-renderer/cjs/react-test-renderer.development.js:12382:10)
      at updateContainer (node_modules/react-test-renderer/cjs/react-test-renderer.development.js:12326:7)
      at Object.update (node_modules/react-test-renderer/cjs/react-test-renderer.development.js:14669:13)
      at update (hooks/__tests__/useAppLifecycle.test.js:47:19)
      at process.env.NODE_ENV.exports.act (node_modules/react/cjs/react.development.js:789:22)
      at rerender (hooks/__tests__/useAppLifecycle.test.js:46:10)
      at Object.rerender (hooks/__tests__/useAppLifecycle.test.js:576:7)

    console.error
      react-test-renderer is deprecated. See https://react.dev/warnings/react-test-renderer

      39 |   let component;
      40 |   act(() => {
    > 41 |     component = create(<TestComponent hookProps={initialProps} />);
         |                       ^
      42 |   });
      43 |   return {
      44 |     result,

      at process.env.NODE_ENV.exports.create (node_modules/react-test-renderer/cjs/react-test-renderer.development.js:14598:17)
      at hooks/__tests__/useAppLifecycle.test.js:41:23
      at process.env.NODE_ENV.exports.act (node_modules/react/cjs/react.development.js:789:22)
      at renderHook (hooks/__tests__/useAppLifecycle.test.js:40:6)
      at Object.renderHook (hooks/__tests__/useAppLifecycle.test.js:589:28)

    console.error
      The current testing environment is not configured to support act(...)

      39 |   let component;
      40 |   act(() => {
    > 41 |     component = create(<TestComponent hookProps={initialProps} />);
         |                       ^
      42 |   });
      43 |   return {
      44 |     result,

      at isConcurrentActEnvironment (node_modules/react-test-renderer/cjs/react-test-renderer.development.js:10243:17)
      at warnIfUpdatesNotWrappedWithActDEV (node_modules/react-test-renderer/cjs/react-test-renderer.development.js:11798:7)
      at scheduleUpdateOnFiber (node_modules/react-test-renderer/cjs/react-test-renderer.development.js:10326:9)
      at updateContainerImpl (node_modules/react-test-renderer/cjs/react-test-renderer.development.js:12382:10)
      at updateContainer (node_modules/react-test-renderer/cjs/react-test-renderer.development.js:12326:7)
      at process.env.NODE_ENV.exports.create (node_modules/react-test-renderer/cjs/react-test-renderer.development.js:14630:7)
      at hooks/__tests__/useAppLifecycle.test.js:41:23
      at process.env.NODE_ENV.exports.act (node_modules/react/cjs/react.development.js:789:22)
      at renderHook (hooks/__tests__/useAppLifecycle.test.js:40:6)
      at Object.renderHook (hooks/__tests__/useAppLifecycle.test.js:589:28)

    console.error
      The current testing environment is not configured to support act(...)

      45 |     rerender: (newProps) => {
      46 |       act(() => {
    > 47 |         component.update(<TestComponent hookProps={newProps} />);
         |                   ^
      48 |       });
      49 |     },
      50 |     unmount: () => component.unmount(),

      at isConcurrentActEnvironment (node_modules/react-test-renderer/cjs/react-test-renderer.development.js:10243:17)
      at warnIfUpdatesNotWrappedWithActDEV (node_modules/react-test-renderer/cjs/react-test-renderer.development.js:11798:7)
      at scheduleUpdateOnFiber (node_modules/react-test-renderer/cjs/react-test-renderer.development.js:10326:9)
      at updateContainerImpl (node_modules/react-test-renderer/cjs/react-test-renderer.development.js:12382:10)
      at updateContainer (node_modules/react-test-renderer/cjs/react-test-renderer.development.js:12326:7)
      at Object.update (node_modules/react-test-renderer/cjs/react-test-renderer.development.js:14669:13)
      at update (hooks/__tests__/useAppLifecycle.test.js:47:19)
      at process.env.NODE_ENV.exports.act (node_modules/react/cjs/react.development.js:789:22)
      at rerender (hooks/__tests__/useAppLifecycle.test.js:46:10)
      at rerender (hooks/__tests__/useAppLifecycle.test.js:598:9)
      at process.env.NODE_ENV.exports.act (node_modules/react/cjs/react.development.js:789:22)
      at Object.<anonymous> (hooks/__tests__/useAppLifecycle.test.js:597:10)

    console.error
      react-test-renderer is deprecated. See https://react.dev/warnings/react-test-renderer

      39 |   let component;
      40 |   act(() => {
    > 41 |     component = create(<TestComponent hookProps={initialProps} />);
         |                       ^
      42 |   });
      43 |   return {
      44 |     result,

      at process.env.NODE_ENV.exports.create (node_modules/react-test-renderer/cjs/react-test-renderer.development.js:14598:17)
      at hooks/__tests__/useAppLifecycle.test.js:41:23
      at process.env.NODE_ENV.exports.act (node_modules/react/cjs/react.development.js:789:22)
      at renderHook (hooks/__tests__/useAppLifecycle.test.js:40:6)
      at Object.renderHook (hooks/__tests__/useAppLifecycle.test.js:612:28)

    console.error
      The current testing environment is not configured to support act(...)

      39 |   let component;
      40 |   act(() => {
    > 41 |     component = create(<TestComponent hookProps={initialProps} />);
         |                       ^
      42 |   });
      43 |   return {
      44 |     result,

      at isConcurrentActEnvironment (node_modules/react-test-renderer/cjs/react-test-renderer.development.js:10243:17)
      at warnIfUpdatesNotWrappedWithActDEV (node_modules/react-test-renderer/cjs/react-test-renderer.development.js:11798:7)
      at scheduleUpdateOnFiber (node_modules/react-test-renderer/cjs/react-test-renderer.development.js:10326:9)
      at updateContainerImpl (node_modules/react-test-renderer/cjs/react-test-renderer.development.js:12382:10)
      at updateContainer (node_modules/react-test-renderer/cjs/react-test-renderer.development.js:12326:7)
      at process.env.NODE_ENV.exports.create (node_modules/react-test-renderer/cjs/react-test-renderer.development.js:14630:7)
      at hooks/__tests__/useAppLifecycle.test.js:41:23
      at process.env.NODE_ENV.exports.act (node_modules/react/cjs/react.development.js:789:22)
      at renderHook (hooks/__tests__/useAppLifecycle.test.js:40:6)
      at Object.renderHook (hooks/__tests__/useAppLifecycle.test.js:612:28)

    console.error
      The current testing environment is not configured to support act(...)

      45 |     rerender: (newProps) => {
      46 |       act(() => {
    > 47 |         component.update(<TestComponent hookProps={newProps} />);
         |                   ^
      48 |       });
      49 |     },
      50 |     unmount: () => component.unmount(),

      at isConcurrentActEnvironment (node_modules/react-test-renderer/cjs/react-test-renderer.development.js:10243:17)
      at warnIfUpdatesNotWrappedWithActDEV (node_modules/react-test-renderer/cjs/react-test-renderer.development.js:11798:7)
      at scheduleUpdateOnFiber (node_modules/react-test-renderer/cjs/react-test-renderer.development.js:10326:9)
      at updateContainerImpl (node_modules/react-test-renderer/cjs/react-test-renderer.development.js:12382:10)
      at updateContainer (node_modules/react-test-renderer/cjs/react-test-renderer.development.js:12326:7)
      at Object.update (node_modules/react-test-renderer/cjs/react-test-renderer.development.js:14669:13)
      at update (hooks/__tests__/useAppLifecycle.test.js:47:19)
      at process.env.NODE_ENV.exports.act (node_modules/react/cjs/react.development.js:789:22)
      at rerender (hooks/__tests__/useAppLifecycle.test.js:46:10)
      at rerender (hooks/__tests__/useAppLifecycle.test.js:621:9)
      at process.env.NODE_ENV.exports.act (node_modules/react/cjs/react.development.js:789:22)
      at Object.<anonymous> (hooks/__tests__/useAppLifecycle.test.js:620:10)

    console.error
      react-test-renderer is deprecated. See https://react.dev/warnings/react-test-renderer

      39 |   let component;
      40 |   act(() => {
    > 41 |     component = create(<TestComponent hookProps={initialProps} />);
         |                       ^
      42 |   });
      43 |   return {
      44 |     result,

      at process.env.NODE_ENV.exports.create (node_modules/react-test-renderer/cjs/react-test-renderer.development.js:14598:17)
      at hooks/__tests__/useAppLifecycle.test.js:41:23
      at process.env.NODE_ENV.exports.act (node_modules/react/cjs/react.development.js:789:22)
      at renderHook (hooks/__tests__/useAppLifecycle.test.js:40:6)
      at Object.renderHook (hooks/__tests__/useAppLifecycle.test.js:635:28)

    console.error
      The current testing environment is not configured to support act(...)

      39 |   let component;
      40 |   act(() => {
    > 41 |     component = create(<TestComponent hookProps={initialProps} />);
         |                       ^
      42 |   });
      43 |   return {
      44 |     result,

      at isConcurrentActEnvironment (node_modules/react-test-renderer/cjs/react-test-renderer.development.js:10243:17)
      at warnIfUpdatesNotWrappedWithActDEV (node_modules/react-test-renderer/cjs/react-test-renderer.development.js:11798:7)
      at scheduleUpdateOnFiber (node_modules/react-test-renderer/cjs/react-test-renderer.development.js:10326:9)
      at updateContainerImpl (node_modules/react-test-renderer/cjs/react-test-renderer.development.js:12382:10)
      at updateContainer (node_modules/react-test-renderer/cjs/react-test-renderer.development.js:12326:7)
      at process.env.NODE_ENV.exports.create (node_modules/react-test-renderer/cjs/react-test-renderer.development.js:14630:7)
      at hooks/__tests__/useAppLifecycle.test.js:41:23
      at process.env.NODE_ENV.exports.act (node_modules/react/cjs/react.development.js:789:22)
      at renderHook (hooks/__tests__/useAppLifecycle.test.js:40:6)
      at Object.renderHook (hooks/__tests__/useAppLifecycle.test.js:635:28)

    console.error
      The current testing environment is not configured to support act(...)

      45 |     rerender: (newProps) => {
      46 |       act(() => {
    > 47 |         component.update(<TestComponent hookProps={newProps} />);
         |                   ^
      48 |       });
      49 |     },
      50 |     unmount: () => component.unmount(),

      at isConcurrentActEnvironment (node_modules/react-test-renderer/cjs/react-test-renderer.development.js:10243:17)
      at warnIfUpdatesNotWrappedWithActDEV (node_modules/react-test-renderer/cjs/react-test-renderer.development.js:11798:7)
      at scheduleUpdateOnFiber (node_modules/react-test-renderer/cjs/react-test-renderer.development.js:10326:9)
      at updateContainerImpl (node_modules/react-test-renderer/cjs/react-test-renderer.development.js:12382:10)
      at updateContainer (node_modules/react-test-renderer/cjs/react-test-renderer.development.js:12326:7)
      at Object.update (node_modules/react-test-renderer/cjs/react-test-renderer.development.js:14669:13)
      at update (hooks/__tests__/useAppLifecycle.test.js:47:19)
      at process.env.NODE_ENV.exports.act (node_modules/react/cjs/react.development.js:789:22)
      at rerender (hooks/__tests__/useAppLifecycle.test.js:46:10)
      at rerender (hooks/__tests__/useAppLifecycle.test.js:642:9)
      at process.env.NODE_ENV.exports.act (node_modules/react/cjs/react.development.js:789:22)
      at Object.<anonymous> (hooks/__tests__/useAppLifecycle.test.js:641:10)

    console.error
      The current testing environment is not configured to support act(...)

      45 |     rerender: (newProps) => {
      46 |       act(() => {
    > 47 |         component.update(<TestComponent hookProps={newProps} />);
         |                   ^
      48 |       });
      49 |     },
      50 |     unmount: () => component.unmount(),

      at isConcurrentActEnvironment (node_modules/react-test-renderer/cjs/react-test-renderer.development.js:10243:17)
      at warnIfUpdatesNotWrappedWithActDEV (node_modules/react-test-renderer/cjs/react-test-renderer.development.js:11798:7)
      at scheduleUpdateOnFiber (node_modules/react-test-renderer/cjs/react-test-renderer.development.js:10326:9)
      at updateContainerImpl (node_modules/react-test-renderer/cjs/react-test-renderer.development.js:12382:10)
      at updateContainer (node_modules/react-test-renderer/cjs/react-test-renderer.development.js:12326:7)
      at Object.update (node_modules/react-test-renderer/cjs/react-test-renderer.development.js:14669:13)
      at update (hooks/__tests__/useAppLifecycle.test.js:47:19)
      at process.env.NODE_ENV.exports.act (node_modules/react/cjs/react.development.js:789:22)
      at rerender (hooks/__tests__/useAppLifecycle.test.js:46:10)
      at rerender (hooks/__tests__/useAppLifecycle.test.js:648:9)
      at process.env.NODE_ENV.exports.act (node_modules/react/cjs/react.development.js:789:22)
      at Object.<anonymous> (hooks/__tests__/useAppLifecycle.test.js:647:10)

    console.error
      The current testing environment is not configured to support act(...)

      45 |     rerender: (newProps) => {
      46 |       act(() => {
    > 47 |         component.update(<TestComponent hookProps={newProps} />);
         |                   ^
      48 |       });
      49 |     },
      50 |     unmount: () => component.unmount(),

      at isConcurrentActEnvironment (node_modules/react-test-renderer/cjs/react-test-renderer.development.js:10243:17)
      at warnIfUpdatesNotWrappedWithActDEV (node_modules/react-test-renderer/cjs/react-test-renderer.development.js:11798:7)
      at scheduleUpdateOnFiber (node_modules/react-test-renderer/cjs/react-test-renderer.development.js:10326:9)
      at updateContainerImpl (node_modules/react-test-renderer/cjs/react-test-renderer.development.js:12382:10)
      at updateContainer (node_modules/react-test-renderer/cjs/react-test-renderer.development.js:12326:7)
      at Object.update (node_modules/react-test-renderer/cjs/react-test-renderer.development.js:14669:13)
      at update (hooks/__tests__/useAppLifecycle.test.js:47:19)
      at process.env.NODE_ENV.exports.act (node_modules/react/cjs/react.development.js:789:22)
      at rerender (hooks/__tests__/useAppLifecycle.test.js:46:10)
      at rerender (hooks/__tests__/useAppLifecycle.test.js:654:9)
      at process.env.NODE_ENV.exports.act (node_modules/react/cjs/react.development.js:789:22)
      at Object.<anonymous> (hooks/__tests__/useAppLifecycle.test.js:653:10)

PASS hooks/__tests__/useNotifications.test.js
  ● Console

    console.error
      react-test-renderer is deprecated. See https://react.dev/warnings/react-test-renderer

      36 |   let component;
      37 |   act(() => {
    > 38 |     component = create(<TestComponent />);
         |                       ^
      39 |   });
      40 |   return {
      41 |     result,

      at process.env.NODE_ENV.exports.create (node_modules/react-test-renderer/cjs/react-test-renderer.development.js:14598:17)
      at hooks/__tests__/useNotifications.test.js:38:23
      at process.env.NODE_ENV.exports.act (node_modules/react/cjs/react.development.js:789:22)
      at renderHook (hooks/__tests__/useNotifications.test.js:37:6)
      at Object.renderHook (hooks/__tests__/useNotifications.test.js:92:26)

    console.error
      The current testing environment is not configured to support act(...)

      36 |   let component;
      37 |   act(() => {
    > 38 |     component = create(<TestComponent />);
         |                       ^
      39 |   });
      40 |   return {
      41 |     result,

      at isConcurrentActEnvironment (node_modules/react-test-renderer/cjs/react-test-renderer.development.js:10243:17)
      at warnIfUpdatesNotWrappedWithActDEV (node_modules/react-test-renderer/cjs/react-test-renderer.development.js:11798:7)
      at scheduleUpdateOnFiber (node_modules/react-test-renderer/cjs/react-test-renderer.development.js:10326:9)
      at updateContainerImpl (node_modules/react-test-renderer/cjs/react-test-renderer.development.js:12382:10)
      at updateContainer (node_modules/react-test-renderer/cjs/react-test-renderer.development.js:12326:7)
      at process.env.NODE_ENV.exports.create (node_modules/react-test-renderer/cjs/react-test-renderer.development.js:14630:7)
      at hooks/__tests__/useNotifications.test.js:38:23
      at process.env.NODE_ENV.exports.act (node_modules/react/cjs/react.development.js:789:22)
      at renderHook (hooks/__tests__/useNotifications.test.js:37:6)
      at Object.renderHook (hooks/__tests__/useNotifications.test.js:92:26)

    console.error
      react-test-renderer is deprecated. See https://react.dev/warnings/react-test-renderer

      36 |   let component;
      37 |   act(() => {
    > 38 |     component = create(<TestComponent />);
         |                       ^
      39 |   });
      40 |   return {
      41 |     result,

      at process.env.NODE_ENV.exports.create (node_modules/react-test-renderer/cjs/react-test-renderer.development.js:14598:17)
      at hooks/__tests__/useNotifications.test.js:38:23
      at process.env.NODE_ENV.exports.act (node_modules/react/cjs/react.development.js:789:22)
      at renderHook (hooks/__tests__/useNotifications.test.js:37:6)
      at Object.renderHook (hooks/__tests__/useNotifications.test.js:102:7)

    console.error
      The current testing environment is not configured to support act(...)

      36 |   let component;
      37 |   act(() => {
    > 38 |     component = create(<TestComponent />);
         |                       ^
      39 |   });
      40 |   return {
      41 |     result,

      at isConcurrentActEnvironment (node_modules/react-test-renderer/cjs/react-test-renderer.development.js:10243:17)
      at warnIfUpdatesNotWrappedWithActDEV (node_modules/react-test-renderer/cjs/react-test-renderer.development.js:11798:7)
      at scheduleUpdateOnFiber (node_modules/react-test-renderer/cjs/react-test-renderer.development.js:10326:9)
      at updateContainerImpl (node_modules/react-test-renderer/cjs/react-test-renderer.development.js:12382:10)
      at updateContainer (node_modules/react-test-renderer/cjs/react-test-renderer.development.js:12326:7)
      at process.env.NODE_ENV.exports.create (node_modules/react-test-renderer/cjs/react-test-renderer.development.js:14630:7)
      at hooks/__tests__/useNotifications.test.js:38:23
      at process.env.NODE_ENV.exports.act (node_modules/react/cjs/react.development.js:789:22)
      at renderHook (hooks/__tests__/useNotifications.test.js:37:6)
      at Object.renderHook (hooks/__tests__/useNotifications.test.js:102:7)

    console.error
      react-test-renderer is deprecated. See https://react.dev/warnings/react-test-renderer

      36 |   let component;
      37 |   act(() => {
    > 38 |     component = create(<TestComponent />);
         |                       ^
      39 |   });
      40 |   return {
      41 |     result,

      at process.env.NODE_ENV.exports.create (node_modules/react-test-renderer/cjs/react-test-renderer.development.js:14598:17)
      at hooks/__tests__/useNotifications.test.js:38:23
      at process.env.NODE_ENV.exports.act (node_modules/react/cjs/react.development.js:789:22)
      at renderHook (hooks/__tests__/useNotifications.test.js:37:6)
      at Object.renderHook (hooks/__tests__/useNotifications.test.js:117:7)

    console.error
      The current testing environment is not configured to support act(...)

      36 |   let component;
      37 |   act(() => {
    > 38 |     component = create(<TestComponent />);
         |                       ^
      39 |   });
      40 |   return {
      41 |     result,

      at isConcurrentActEnvironment (node_modules/react-test-renderer/cjs/react-test-renderer.development.js:10243:17)
      at warnIfUpdatesNotWrappedWithActDEV (node_modules/react-test-renderer/cjs/react-test-renderer.development.js:11798:7)
      at scheduleUpdateOnFiber (node_modules/react-test-renderer/cjs/react-test-renderer.development.js:10326:9)
      at updateContainerImpl (node_modules/react-test-renderer/cjs/react-test-renderer.development.js:12382:10)
      at updateContainer (node_modules/react-test-renderer/cjs/react-test-renderer.development.js:12326:7)
      at process.env.NODE_ENV.exports.create (node_modules/react-test-renderer/cjs/react-test-renderer.development.js:14630:7)
      at hooks/__tests__/useNotifications.test.js:38:23
      at process.env.NODE_ENV.exports.act (node_modules/react/cjs/react.development.js:789:22)
      at renderHook (hooks/__tests__/useNotifications.test.js:37:6)
      at Object.renderHook (hooks/__tests__/useNotifications.test.js:117:7)

    console.error
      react-test-renderer is deprecated. See https://react.dev/warnings/react-test-renderer

      36 |   let component;
      37 |   act(() => {
    > 38 |     component = create(<TestComponent />);
         |                       ^
      39 |   });
      40 |   return {
      41 |     result,

      at process.env.NODE_ENV.exports.create (node_modules/react-test-renderer/cjs/react-test-renderer.development.js:14598:17)
      at hooks/__tests__/useNotifications.test.js:38:23
      at process.env.NODE_ENV.exports.act (node_modules/react/cjs/react.development.js:789:22)
      at renderHook (hooks/__tests__/useNotifications.test.js:37:6)
      at Object.renderHook (hooks/__tests__/useNotifications.test.js:145:7)

    console.error
      The current testing environment is not configured to support act(...)

      36 |   let component;
      37 |   act(() => {
    > 38 |     component = create(<TestComponent />);
         |                       ^
      39 |   });
      40 |   return {
      41 |     result,

      at isConcurrentActEnvironment (node_modules/react-test-renderer/cjs/react-test-renderer.development.js:10243:17)
      at warnIfUpdatesNotWrappedWithActDEV (node_modules/react-test-renderer/cjs/react-test-renderer.development.js:11798:7)
      at scheduleUpdateOnFiber (node_modules/react-test-renderer/cjs/react-test-renderer.development.js:10326:9)
      at updateContainerImpl (node_modules/react-test-renderer/cjs/react-test-renderer.development.js:12382:10)
      at updateContainer (node_modules/react-test-renderer/cjs/react-test-renderer.development.js:12326:7)
      at process.env.NODE_ENV.exports.create (node_modules/react-test-renderer/cjs/react-test-renderer.development.js:14630:7)
      at hooks/__tests__/useNotifications.test.js:38:23
      at process.env.NODE_ENV.exports.act (node_modules/react/cjs/react.development.js:789:22)
      at renderHook (hooks/__tests__/useNotifications.test.js:37:6)
      at Object.renderHook (hooks/__tests__/useNotifications.test.js:145:7)

    console.error
      react-test-renderer is deprecated. See https://react.dev/warnings/react-test-renderer

      36 |   let component;
      37 |   act(() => {
    > 38 |     component = create(<TestComponent />);
         |                       ^
      39 |   });
      40 |   return {
      41 |     result,

      at process.env.NODE_ENV.exports.create (node_modules/react-test-renderer/cjs/react-test-renderer.development.js:14598:17)
      at hooks/__tests__/useNotifications.test.js:38:23
      at process.env.NODE_ENV.exports.act (node_modules/react/cjs/react.development.js:789:22)
      at renderHook (hooks/__tests__/useNotifications.test.js:37:6)
      at Object.renderHook (hooks/__tests__/useNotifications.test.js:170:35)

    console.error
      The current testing environment is not configured to support act(...)

      36 |   let component;
      37 |   act(() => {
    > 38 |     component = create(<TestComponent />);
         |                       ^
      39 |   });
      40 |   return {
      41 |     result,

      at isConcurrentActEnvironment (node_modules/react-test-renderer/cjs/react-test-renderer.development.js:10243:17)
      at warnIfUpdatesNotWrappedWithActDEV (node_modules/react-test-renderer/cjs/react-test-renderer.development.js:11798:7)
      at scheduleUpdateOnFiber (node_modules/react-test-renderer/cjs/react-test-renderer.development.js:10326:9)
      at updateContainerImpl (node_modules/react-test-renderer/cjs/react-test-renderer.development.js:12382:10)
      at updateContainer (node_modules/react-test-renderer/cjs/react-test-renderer.development.js:12326:7)
      at process.env.NODE_ENV.exports.create (node_modules/react-test-renderer/cjs/react-test-renderer.development.js:14630:7)
      at hooks/__tests__/useNotifications.test.js:38:23
      at process.env.NODE_ENV.exports.act (node_modules/react/cjs/react.development.js:789:22)
      at renderHook (hooks/__tests__/useNotifications.test.js:37:6)
      at Object.renderHook (hooks/__tests__/useNotifications.test.js:170:35)

    console.error
      react-test-renderer is deprecated. See https://react.dev/warnings/react-test-renderer

      36 |   let component;
      37 |   act(() => {
    > 38 |     component = create(<TestComponent />);
         |                       ^
      39 |   });
      40 |   return {
      41 |     result,

      at process.env.NODE_ENV.exports.create (node_modules/react-test-renderer/cjs/react-test-renderer.development.js:14598:17)
      at hooks/__tests__/useNotifications.test.js:38:23
      at process.env.NODE_ENV.exports.act (node_modules/react/cjs/react.development.js:789:22)
      at renderHook (hooks/__tests__/useNotifications.test.js:37:6)
      at Object.renderHook (hooks/__tests__/useNotifications.test.js:182:26)
      at asyncGeneratorStep (node_modules/@babel/runtime/helpers/asyncToGenerator.js:3:17)
      at _next (node_modules/@babel/runtime/helpers/asyncToGenerator.js:17:9)
      at node_modules/@babel/runtime/helpers/asyncToGenerator.js:22:7
      at Object.<anonymous> (node_modules/@babel/runtime/helpers/asyncToGenerator.js:14:12)

    console.error
      The current testing environment is not configured to support act(...)

      36 |   let component;
      37 |   act(() => {
    > 38 |     component = create(<TestComponent />);
         |                       ^
      39 |   });
      40 |   return {
      41 |     result,

      at isConcurrentActEnvironment (node_modules/react-test-renderer/cjs/react-test-renderer.development.js:10243:17)
      at warnIfUpdatesNotWrappedWithActDEV (node_modules/react-test-renderer/cjs/react-test-renderer.development.js:11798:7)
      at scheduleUpdateOnFiber (node_modules/react-test-renderer/cjs/react-test-renderer.development.js:10326:9)
      at updateContainerImpl (node_modules/react-test-renderer/cjs/react-test-renderer.development.js:12382:10)
      at updateContainer (node_modules/react-test-renderer/cjs/react-test-renderer.development.js:12326:7)
      at process.env.NODE_ENV.exports.create (node_modules/react-test-renderer/cjs/react-test-renderer.development.js:14630:7)
      at hooks/__tests__/useNotifications.test.js:38:23
      at process.env.NODE_ENV.exports.act (node_modules/react/cjs/react.development.js:789:22)
      at renderHook (hooks/__tests__/useNotifications.test.js:37:6)
      at Object.renderHook (hooks/__tests__/useNotifications.test.js:182:26)
      at asyncGeneratorStep (node_modules/@babel/runtime/helpers/asyncToGenerator.js:3:17)
      at _next (node_modules/@babel/runtime/helpers/asyncToGenerator.js:17:9)
      at node_modules/@babel/runtime/helpers/asyncToGenerator.js:22:7
      at Object.<anonymous> (node_modules/@babel/runtime/helpers/asyncToGenerator.js:14:12)

    console.error
      react-test-renderer is deprecated. See https://react.dev/warnings/react-test-renderer

      36 |   let component;
      37 |   act(() => {
    > 38 |     component = create(<TestComponent />);
         |                       ^
      39 |   });
      40 |   return {
      41 |     result,

      at process.env.NODE_ENV.exports.create (node_modules/react-test-renderer/cjs/react-test-renderer.development.js:14598:17)
      at hooks/__tests__/useNotifications.test.js:38:23
      at process.env.NODE_ENV.exports.act (node_modules/react/cjs/react.development.js:789:22)
      at renderHook (hooks/__tests__/useNotifications.test.js:37:6)
      at Object.renderHook (hooks/__tests__/useNotifications.test.js:196:26)
      at asyncGeneratorStep (node_modules/@babel/runtime/helpers/asyncToGenerator.js:3:17)
      at _next (node_modules/@babel/runtime/helpers/asyncToGenerator.js:17:9)
      at node_modules/@babel/runtime/helpers/asyncToGenerator.js:22:7
      at Object.<anonymous> (node_modules/@babel/runtime/helpers/asyncToGenerator.js:14:12)

    console.error
      The current testing environment is not configured to support act(...)

      36 |   let component;
      37 |   act(() => {
    > 38 |     component = create(<TestComponent />);
         |                       ^
      39 |   });
      40 |   return {
      41 |     result,

      at isConcurrentActEnvironment (node_modules/react-test-renderer/cjs/react-test-renderer.development.js:10243:17)
      at warnIfUpdatesNotWrappedWithActDEV (node_modules/react-test-renderer/cjs/react-test-renderer.development.js:11798:7)
      at scheduleUpdateOnFiber (node_modules/react-test-renderer/cjs/react-test-renderer.development.js:10326:9)
      at updateContainerImpl (node_modules/react-test-renderer/cjs/react-test-renderer.development.js:12382:10)
      at updateContainer (node_modules/react-test-renderer/cjs/react-test-renderer.development.js:12326:7)
      at process.env.NODE_ENV.exports.create (node_modules/react-test-renderer/cjs/react-test-renderer.development.js:14630:7)
      at hooks/__tests__/useNotifications.test.js:38:23
      at process.env.NODE_ENV.exports.act (node_modules/react/cjs/react.development.js:789:22)
      at renderHook (hooks/__tests__/useNotifications.test.js:37:6)
      at Object.renderHook (hooks/__tests__/useNotifications.test.js:196:26)
      at asyncGeneratorStep (node_modules/@babel/runtime/helpers/asyncToGenerator.js:3:17)
      at _next (node_modules/@babel/runtime/helpers/asyncToGenerator.js:17:9)
      at node_modules/@babel/runtime/helpers/asyncToGenerator.js:22:7
      at Object.<anonymous> (node_modules/@babel/runtime/helpers/asyncToGenerator.js:14:12)

    console.error
      react-test-renderer is deprecated. See https://react.dev/warnings/react-test-renderer

      36 |   let component;
      37 |   act(() => {
    > 38 |     component = create(<TestComponent />);
         |                       ^
      39 |   });
      40 |   return {
      41 |     result,

      at process.env.NODE_ENV.exports.create (node_modules/react-test-renderer/cjs/react-test-renderer.development.js:14598:17)
      at hooks/__tests__/useNotifications.test.js:38:23
      at process.env.NODE_ENV.exports.act (node_modules/react/cjs/react.development.js:789:22)
      at renderHook (hooks/__tests__/useNotifications.test.js:37:6)
      at Object.renderHook (hooks/__tests__/useNotifications.test.js:207:26)
      at asyncGeneratorStep (node_modules/@babel/runtime/helpers/asyncToGenerator.js:3:17)
      at _next (node_modules/@babel/runtime/helpers/asyncToGenerator.js:17:9)
      at node_modules/@babel/runtime/helpers/asyncToGenerator.js:22:7
      at Object.<anonymous> (node_modules/@babel/runtime/helpers/asyncToGenerator.js:14:12)

    console.error
      The current testing environment is not configured to support act(...)

      36 |   let component;
      37 |   act(() => {
    > 38 |     component = create(<TestComponent />);
         |                       ^
      39 |   });
      40 |   return {
      41 |     result,

      at isConcurrentActEnvironment (node_modules/react-test-renderer/cjs/react-test-renderer.development.js:10243:17)
      at warnIfUpdatesNotWrappedWithActDEV (node_modules/react-test-renderer/cjs/react-test-renderer.development.js:11798:7)
      at scheduleUpdateOnFiber (node_modules/react-test-renderer/cjs/react-test-renderer.development.js:10326:9)
      at updateContainerImpl (node_modules/react-test-renderer/cjs/react-test-renderer.development.js:12382:10)
      at updateContainer (node_modules/react-test-renderer/cjs/react-test-renderer.development.js:12326:7)
      at process.env.NODE_ENV.exports.create (node_modules/react-test-renderer/cjs/react-test-renderer.development.js:14630:7)
      at hooks/__tests__/useNotifications.test.js:38:23
      at process.env.NODE_ENV.exports.act (node_modules/react/cjs/react.development.js:789:22)
      at renderHook (hooks/__tests__/useNotifications.test.js:37:6)
      at Object.renderHook (hooks/__tests__/useNotifications.test.js:207:26)
      at asyncGeneratorStep (node_modules/@babel/runtime/helpers/asyncToGenerator.js:3:17)
      at _next (node_modules/@babel/runtime/helpers/asyncToGenerator.js:17:9)
      at node_modules/@babel/runtime/helpers/asyncToGenerator.js:22:7
      at Object.<anonymous> (node_modules/@babel/runtime/helpers/asyncToGenerator.js:14:12)

    console.error
      react-test-renderer is deprecated. See https://react.dev/warnings/react-test-renderer

      36 |   let component;
      37 |   act(() => {
    > 38 |     component = create(<TestComponent />);
         |                       ^
      39 |   });
      40 |   return {
      41 |     result,

      at process.env.NODE_ENV.exports.create (node_modules/react-test-renderer/cjs/react-test-renderer.development.js:14598:17)
      at hooks/__tests__/useNotifications.test.js:38:23
      at process.env.NODE_ENV.exports.act (node_modules/react/cjs/react.development.js:789:22)
      at renderHook (hooks/__tests__/useNotifications.test.js:37:6)
      at Object.renderHook (hooks/__tests__/useNotifications.test.js:220:26)
      at asyncGeneratorStep (node_modules/@babel/runtime/helpers/asyncToGenerator.js:3:17)
      at _next (node_modules/@babel/runtime/helpers/asyncToGenerator.js:17:9)
      at node_modules/@babel/runtime/helpers/asyncToGenerator.js:22:7
      at Object.<anonymous> (node_modules/@babel/runtime/helpers/asyncToGenerator.js:14:12)

    console.error
      The current testing environment is not configured to support act(...)

      36 |   let component;
      37 |   act(() => {
    > 38 |     component = create(<TestComponent />);
         |                       ^
      39 |   });
      40 |   return {
      41 |     result,

      at isConcurrentActEnvironment (node_modules/react-test-renderer/cjs/react-test-renderer.development.js:10243:17)
      at warnIfUpdatesNotWrappedWithActDEV (node_modules/react-test-renderer/cjs/react-test-renderer.development.js:11798:7)
      at scheduleUpdateOnFiber (node_modules/react-test-renderer/cjs/react-test-renderer.development.js:10326:9)
      at updateContainerImpl (node_modules/react-test-renderer/cjs/react-test-renderer.development.js:12382:10)
      at updateContainer (node_modules/react-test-renderer/cjs/react-test-renderer.development.js:12326:7)
      at process.env.NODE_ENV.exports.create (node_modules/react-test-renderer/cjs/react-test-renderer.development.js:14630:7)
      at hooks/__tests__/useNotifications.test.js:38:23
      at process.env.NODE_ENV.exports.act (node_modules/react/cjs/react.development.js:789:22)
      at renderHook (hooks/__tests__/useNotifications.test.js:37:6)
      at Object.renderHook (hooks/__tests__/useNotifications.test.js:220:26)
      at asyncGeneratorStep (node_modules/@babel/runtime/helpers/asyncToGenerator.js:3:17)
      at _next (node_modules/@babel/runtime/helpers/asyncToGenerator.js:17:9)
      at node_modules/@babel/runtime/helpers/asyncToGenerator.js:22:7
      at Object.<anonymous> (node_modules/@babel/runtime/helpers/asyncToGenerator.js:14:12)

    console.error
      react-test-renderer is deprecated. See https://react.dev/warnings/react-test-renderer

      36 |   let component;
      37 |   act(() => {
    > 38 |     component = create(<TestComponent />);
         |                       ^
      39 |   });
      40 |   return {
      41 |     result,

      at process.env.NODE_ENV.exports.create (node_modules/react-test-renderer/cjs/react-test-renderer.development.js:14598:17)
      at hooks/__tests__/useNotifications.test.js:38:23
      at process.env.NODE_ENV.exports.act (node_modules/react/cjs/react.development.js:789:22)
      at renderHook (hooks/__tests__/useNotifications.test.js:37:6)
      at Object.renderHook (hooks/__tests__/useNotifications.test.js:234:26)
      at asyncGeneratorStep (node_modules/@babel/runtime/helpers/asyncToGenerator.js:3:17)
      at _next (node_modules/@babel/runtime/helpers/asyncToGenerator.js:17:9)
      at node_modules/@babel/runtime/helpers/asyncToGenerator.js:22:7
      at Object.<anonymous> (node_modules/@babel/runtime/helpers/asyncToGenerator.js:14:12)

    console.error
      The current testing environment is not configured to support act(...)

      36 |   let component;
      37 |   act(() => {
    > 38 |     component = create(<TestComponent />);
         |                       ^
      39 |   });
      40 |   return {
      41 |     result,

      at isConcurrentActEnvironment (node_modules/react-test-renderer/cjs/react-test-renderer.development.js:10243:17)
      at warnIfUpdatesNotWrappedWithActDEV (node_modules/react-test-renderer/cjs/react-test-renderer.development.js:11798:7)
      at scheduleUpdateOnFiber (node_modules/react-test-renderer/cjs/react-test-renderer.development.js:10326:9)
      at updateContainerImpl (node_modules/react-test-renderer/cjs/react-test-renderer.development.js:12382:10)
      at updateContainer (node_modules/react-test-renderer/cjs/react-test-renderer.development.js:12326:7)
      at process.env.NODE_ENV.exports.create (node_modules/react-test-renderer/cjs/react-test-renderer.development.js:14630:7)
      at hooks/__tests__/useNotifications.test.js:38:23
      at process.env.NODE_ENV.exports.act (node_modules/react/cjs/react.development.js:789:22)
      at renderHook (hooks/__tests__/useNotifications.test.js:37:6)
      at Object.renderHook (hooks/__tests__/useNotifications.test.js:234:26)
      at asyncGeneratorStep (node_modules/@babel/runtime/helpers/asyncToGenerator.js:3:17)
      at _next (node_modules/@babel/runtime/helpers/asyncToGenerator.js:17:9)
      at node_modules/@babel/runtime/helpers/asyncToGenerator.js:22:7
      at Object.<anonymous> (node_modules/@babel/runtime/helpers/asyncToGenerator.js:14:12)

    console.error
      react-test-renderer is deprecated. See https://react.dev/warnings/react-test-renderer

      36 |   let component;
      37 |   act(() => {
    > 38 |     component = create(<TestComponent />);
         |                       ^
      39 |   });
      40 |   return {
      41 |     result,

      at process.env.NODE_ENV.exports.create (node_modules/react-test-renderer/cjs/react-test-renderer.development.js:14598:17)
      at hooks/__tests__/useNotifications.test.js:38:23
      at process.env.NODE_ENV.exports.act (node_modules/react/cjs/react.development.js:789:22)
      at renderHook (hooks/__tests__/useNotifications.test.js:37:6)
      at Object.renderHook (hooks/__tests__/useNotifications.test.js:252:26)
      at asyncGeneratorStep (node_modules/@babel/runtime/helpers/asyncToGenerator.js:3:17)
      at _next (node_modules/@babel/runtime/helpers/asyncToGenerator.js:17:9)
      at node_modules/@babel/runtime/helpers/asyncToGenerator.js:22:7
      at Object.<anonymous> (node_modules/@babel/runtime/helpers/asyncToGenerator.js:14:12)

    console.error
      The current testing environment is not configured to support act(...)

      36 |   let component;
      37 |   act(() => {
    > 38 |     component = create(<TestComponent />);
         |                       ^
      39 |   });
      40 |   return {
      41 |     result,

      at isConcurrentActEnvironment (node_modules/react-test-renderer/cjs/react-test-renderer.development.js:10243:17)
      at warnIfUpdatesNotWrappedWithActDEV (node_modules/react-test-renderer/cjs/react-test-renderer.development.js:11798:7)
      at scheduleUpdateOnFiber (node_modules/react-test-renderer/cjs/react-test-renderer.development.js:10326:9)
      at updateContainerImpl (node_modules/react-test-renderer/cjs/react-test-renderer.development.js:12382:10)
      at updateContainer (node_modules/react-test-renderer/cjs/react-test-renderer.development.js:12326:7)
      at process.env.NODE_ENV.exports.create (node_modules/react-test-renderer/cjs/react-test-renderer.development.js:14630:7)
      at hooks/__tests__/useNotifications.test.js:38:23
      at process.env.NODE_ENV.exports.act (node_modules/react/cjs/react.development.js:789:22)
      at renderHook (hooks/__tests__/useNotifications.test.js:37:6)
      at Object.renderHook (hooks/__tests__/useNotifications.test.js:252:26)
      at asyncGeneratorStep (node_modules/@babel/runtime/helpers/asyncToGenerator.js:3:17)
      at _next (node_modules/@babel/runtime/helpers/asyncToGenerator.js:17:9)
      at node_modules/@babel/runtime/helpers/asyncToGenerator.js:22:7
      at Object.<anonymous> (node_modules/@babel/runtime/helpers/asyncToGenerator.js:14:12)

    console.error
      react-test-renderer is deprecated. See https://react.dev/warnings/react-test-renderer

      36 |   let component;
      37 |   act(() => {
    > 38 |     component = create(<TestComponent />);
         |                       ^
      39 |   });
      40 |   return {
      41 |     result,

      at process.env.NODE_ENV.exports.create (node_modules/react-test-renderer/cjs/react-test-renderer.development.js:14598:17)
      at hooks/__tests__/useNotifications.test.js:38:23
      at process.env.NODE_ENV.exports.act (node_modules/react/cjs/react.development.js:789:22)
      at renderHook (hooks/__tests__/useNotifications.test.js:37:6)
      at Object.renderHook (hooks/__tests__/useNotifications.test.js:266:26)
      at asyncGeneratorStep (node_modules/@babel/runtime/helpers/asyncToGenerator.js:3:17)
      at _next (node_modules/@babel/runtime/helpers/asyncToGenerator.js:17:9)
      at node_modules/@babel/runtime/helpers/asyncToGenerator.js:22:7
      at Object.<anonymous> (node_modules/@babel/runtime/helpers/asyncToGenerator.js:14:12)

    console.error
      The current testing environment is not configured to support act(...)

      36 |   let component;
      37 |   act(() => {
    > 38 |     component = create(<TestComponent />);
         |                       ^
      39 |   });
      40 |   return {
      41 |     result,

      at isConcurrentActEnvironment (node_modules/react-test-renderer/cjs/react-test-renderer.development.js:10243:17)
      at warnIfUpdatesNotWrappedWithActDEV (node_modules/react-test-renderer/cjs/react-test-renderer.development.js:11798:7)
      at scheduleUpdateOnFiber (node_modules/react-test-renderer/cjs/react-test-renderer.development.js:10326:9)
      at updateContainerImpl (node_modules/react-test-renderer/cjs/react-test-renderer.development.js:12382:10)
      at updateContainer (node_modules/react-test-renderer/cjs/react-test-renderer.development.js:12326:7)
      at process.env.NODE_ENV.exports.create (node_modules/react-test-renderer/cjs/react-test-renderer.development.js:14630:7)
      at hooks/__tests__/useNotifications.test.js:38:23
      at process.env.NODE_ENV.exports.act (node_modules/react/cjs/react.development.js:789:22)
      at renderHook (hooks/__tests__/useNotifications.test.js:37:6)
      at Object.renderHook (hooks/__tests__/useNotifications.test.js:266:26)
      at asyncGeneratorStep (node_modules/@babel/runtime/helpers/asyncToGenerator.js:3:17)
      at _next (node_modules/@babel/runtime/helpers/asyncToGenerator.js:17:9)
      at node_modules/@babel/runtime/helpers/asyncToGenerator.js:22:7
      at Object.<anonymous> (node_modules/@babel/runtime/helpers/asyncToGenerator.js:14:12)

    console.error
      react-test-renderer is deprecated. See https://react.dev/warnings/react-test-renderer

      36 |   let component;
      37 |   act(() => {
    > 38 |     component = create(<TestComponent />);
         |                       ^
      39 |   });
      40 |   return {
      41 |     result,

      at process.env.NODE_ENV.exports.create (node_modules/react-test-renderer/cjs/react-test-renderer.development.js:14598:17)
      at hooks/__tests__/useNotifications.test.js:38:23
      at process.env.NODE_ENV.exports.act (node_modules/react/cjs/react.development.js:789:22)
      at renderHook (hooks/__tests__/useNotifications.test.js:37:6)
      at Object.renderHook (hooks/__tests__/useNotifications.test.js:292:26)
      at asyncGeneratorStep (node_modules/@babel/runtime/helpers/asyncToGenerator.js:3:17)
      at _next (node_modules/@babel/runtime/helpers/asyncToGenerator.js:17:9)
      at node_modules/@babel/runtime/helpers/asyncToGenerator.js:22:7
      at Object.<anonymous> (node_modules/@babel/runtime/helpers/asyncToGenerator.js:14:12)

    console.error
      The current testing environment is not configured to support act(...)

      36 |   let component;
      37 |   act(() => {
    > 38 |     component = create(<TestComponent />);
         |                       ^
      39 |   });
      40 |   return {
      41 |     result,

      at isConcurrentActEnvironment (node_modules/react-test-renderer/cjs/react-test-renderer.development.js:10243:17)
      at warnIfUpdatesNotWrappedWithActDEV (node_modules/react-test-renderer/cjs/react-test-renderer.development.js:11798:7)
      at scheduleUpdateOnFiber (node_modules/react-test-renderer/cjs/react-test-renderer.development.js:10326:9)
      at updateContainerImpl (node_modules/react-test-renderer/cjs/react-test-renderer.development.js:12382:10)
      at updateContainer (node_modules/react-test-renderer/cjs/react-test-renderer.development.js:12326:7)
      at process.env.NODE_ENV.exports.create (node_modules/react-test-renderer/cjs/react-test-renderer.development.js:14630:7)
      at hooks/__tests__/useNotifications.test.js:38:23
      at process.env.NODE_ENV.exports.act (node_modules/react/cjs/react.development.js:789:22)
      at renderHook (hooks/__tests__/useNotifications.test.js:37:6)
      at Object.renderHook (hooks/__tests__/useNotifications.test.js:292:26)
      at asyncGeneratorStep (node_modules/@babel/runtime/helpers/asyncToGenerator.js:3:17)
      at _next (node_modules/@babel/runtime/helpers/asyncToGenerator.js:17:9)
      at node_modules/@babel/runtime/helpers/asyncToGenerator.js:22:7
      at Object.<anonymous> (node_modules/@babel/runtime/helpers/asyncToGenerator.js:14:12)

    console.error
      react-test-renderer is deprecated. See https://react.dev/warnings/react-test-renderer

      36 |   let component;
      37 |   act(() => {
    > 38 |     component = create(<TestComponent />);
         |                       ^
      39 |   });
      40 |   return {
      41 |     result,

      at process.env.NODE_ENV.exports.create (node_modules/react-test-renderer/cjs/react-test-renderer.development.js:14598:17)
      at hooks/__tests__/useNotifications.test.js:38:23
      at process.env.NODE_ENV.exports.act (node_modules/react/cjs/react.development.js:789:22)
      at renderHook (hooks/__tests__/useNotifications.test.js:37:6)
      at Object.renderHook (hooks/__tests__/useNotifications.test.js:318:26)
      at asyncGeneratorStep (node_modules/@babel/runtime/helpers/asyncToGenerator.js:3:17)
      at _next (node_modules/@babel/runtime/helpers/asyncToGenerator.js:17:9)
      at node_modules/@babel/runtime/helpers/asyncToGenerator.js:22:7
      at Object.<anonymous> (node_modules/@babel/runtime/helpers/asyncToGenerator.js:14:12)

    console.error
      The current testing environment is not configured to support act(...)

      36 |   let component;
      37 |   act(() => {
    > 38 |     component = create(<TestComponent />);
         |                       ^
      39 |   });
      40 |   return {
      41 |     result,

      at isConcurrentActEnvironment (node_modules/react-test-renderer/cjs/react-test-renderer.development.js:10243:17)
      at warnIfUpdatesNotWrappedWithActDEV (node_modules/react-test-renderer/cjs/react-test-renderer.development.js:11798:7)
      at scheduleUpdateOnFiber (node_modules/react-test-renderer/cjs/react-test-renderer.development.js:10326:9)
      at updateContainerImpl (node_modules/react-test-renderer/cjs/react-test-renderer.development.js:12382:10)
      at updateContainer (node_modules/react-test-renderer/cjs/react-test-renderer.development.js:12326:7)
      at process.env.NODE_ENV.exports.create (node_modules/react-test-renderer/cjs/react-test-renderer.development.js:14630:7)
      at hooks/__tests__/useNotifications.test.js:38:23
      at process.env.NODE_ENV.exports.act (node_modules/react/cjs/react.development.js:789:22)
      at renderHook (hooks/__tests__/useNotifications.test.js:37:6)
      at Object.renderHook (hooks/__tests__/useNotifications.test.js:318:26)
      at asyncGeneratorStep (node_modules/@babel/runtime/helpers/asyncToGenerator.js:3:17)
      at _next (node_modules/@babel/runtime/helpers/asyncToGenerator.js:17:9)
      at node_modules/@babel/runtime/helpers/asyncToGenerator.js:22:7
      at Object.<anonymous> (node_modules/@babel/runtime/helpers/asyncToGenerator.js:14:12)

    console.error
      react-test-renderer is deprecated. See https://react.dev/warnings/react-test-renderer

      36 |   let component;
      37 |   act(() => {
    > 38 |     component = create(<TestComponent />);
         |                       ^
      39 |   });
      40 |   return {
      41 |     result,

      at process.env.NODE_ENV.exports.create (node_modules/react-test-renderer/cjs/react-test-renderer.development.js:14598:17)
      at hooks/__tests__/useNotifications.test.js:38:23
      at process.env.NODE_ENV.exports.act (node_modules/react/cjs/react.development.js:789:22)
      at renderHook (hooks/__tests__/useNotifications.test.js:37:6)
      at Object.renderHook (hooks/__tests__/useNotifications.test.js:337:26)
      at asyncGeneratorStep (node_modules/@babel/runtime/helpers/asyncToGenerator.js:3:17)
      at _next (node_modules/@babel/runtime/helpers/asyncToGenerator.js:17:9)
      at node_modules/@babel/runtime/helpers/asyncToGenerator.js:22:7
      at Object.<anonymous> (node_modules/@babel/runtime/helpers/asyncToGenerator.js:14:12)

    console.error
      The current testing environment is not configured to support act(...)

      36 |   let component;
      37 |   act(() => {
    > 38 |     component = create(<TestComponent />);
         |                       ^
      39 |   });
      40 |   return {
      41 |     result,

      at isConcurrentActEnvironment (node_modules/react-test-renderer/cjs/react-test-renderer.development.js:10243:17)
      at warnIfUpdatesNotWrappedWithActDEV (node_modules/react-test-renderer/cjs/react-test-renderer.development.js:11798:7)
      at scheduleUpdateOnFiber (node_modules/react-test-renderer/cjs/react-test-renderer.development.js:10326:9)
      at updateContainerImpl (node_modules/react-test-renderer/cjs/react-test-renderer.development.js:12382:10)
      at updateContainer (node_modules/react-test-renderer/cjs/react-test-renderer.development.js:12326:7)
      at process.env.NODE_ENV.exports.create (node_modules/react-test-renderer/cjs/react-test-renderer.development.js:14630:7)
      at hooks/__tests__/useNotifications.test.js:38:23
      at process.env.NODE_ENV.exports.act (node_modules/react/cjs/react.development.js:789:22)
      at renderHook (hooks/__tests__/useNotifications.test.js:37:6)
      at Object.renderHook (hooks/__tests__/useNotifications.test.js:337:26)
      at asyncGeneratorStep (node_modules/@babel/runtime/helpers/asyncToGenerator.js:3:17)
      at _next (node_modules/@babel/runtime/helpers/asyncToGenerator.js:17:9)
      at node_modules/@babel/runtime/helpers/asyncToGenerator.js:22:7
      at Object.<anonymous> (node_modules/@babel/runtime/helpers/asyncToGenerator.js:14:12)

    console.error
      react-test-renderer is deprecated. See https://react.dev/warnings/react-test-renderer

      36 |   let component;
      37 |   act(() => {
    > 38 |     component = create(<TestComponent />);
         |                       ^
      39 |   });
      40 |   return {
      41 |     result,

      at process.env.NODE_ENV.exports.create (node_modules/react-test-renderer/cjs/react-test-renderer.development.js:14598:17)
      at hooks/__tests__/useNotifications.test.js:38:23
      at process.env.NODE_ENV.exports.act (node_modules/react/cjs/react.development.js:789:22)
      at renderHook (hooks/__tests__/useNotifications.test.js:37:6)
      at Object.renderHook (hooks/__tests__/useNotifications.test.js:350:26)
      at asyncGeneratorStep (node_modules/@babel/runtime/helpers/asyncToGenerator.js:3:17)
      at _next (node_modules/@babel/runtime/helpers/asyncToGenerator.js:17:9)
      at node_modules/@babel/runtime/helpers/asyncToGenerator.js:22:7
      at Object.<anonymous> (node_modules/@babel/runtime/helpers/asyncToGenerator.js:14:12)

    console.error
      The current testing environment is not configured to support act(...)

      36 |   let component;
      37 |   act(() => {
    > 38 |     component = create(<TestComponent />);
         |                       ^
      39 |   });
      40 |   return {
      41 |     result,

      at isConcurrentActEnvironment (node_modules/react-test-renderer/cjs/react-test-renderer.development.js:10243:17)
      at warnIfUpdatesNotWrappedWithActDEV (node_modules/react-test-renderer/cjs/react-test-renderer.development.js:11798:7)
      at scheduleUpdateOnFiber (node_modules/react-test-renderer/cjs/react-test-renderer.development.js:10326:9)
      at updateContainerImpl (node_modules/react-test-renderer/cjs/react-test-renderer.development.js:12382:10)
      at updateContainer (node_modules/react-test-renderer/cjs/react-test-renderer.development.js:12326:7)
      at process.env.NODE_ENV.exports.create (node_modules/react-test-renderer/cjs/react-test-renderer.development.js:14630:7)
      at hooks/__tests__/useNotifications.test.js:38:23
      at process.env.NODE_ENV.exports.act (node_modules/react/cjs/react.development.js:789:22)
      at renderHook (hooks/__tests__/useNotifications.test.js:37:6)
      at Object.renderHook (hooks/__tests__/useNotifications.test.js:350:26)
      at asyncGeneratorStep (node_modules/@babel/runtime/helpers/asyncToGenerator.js:3:17)
      at _next (node_modules/@babel/runtime/helpers/asyncToGenerator.js:17:9)
      at node_modules/@babel/runtime/helpers/asyncToGenerator.js:22:7
      at Object.<anonymous> (node_modules/@babel/runtime/helpers/asyncToGenerator.js:14:12)

    console.error
      react-test-renderer is deprecated. See https://react.dev/warnings/react-test-renderer

      36 |   let component;
      37 |   act(() => {
    > 38 |     component = create(<TestComponent />);
         |                       ^
      39 |   });
      40 |   return {
      41 |     result,

      at process.env.NODE_ENV.exports.create (node_modules/react-test-renderer/cjs/react-test-renderer.development.js:14598:17)
      at hooks/__tests__/useNotifications.test.js:38:23
      at process.env.NODE_ENV.exports.act (node_modules/react/cjs/react.development.js:789:22)
      at renderHook (hooks/__tests__/useNotifications.test.js:37:6)
      at Object.renderHook (hooks/__tests__/useNotifications.test.js:370:26)
      at asyncGeneratorStep (node_modules/@babel/runtime/helpers/asyncToGenerator.js:3:17)
      at _next (node_modules/@babel/runtime/helpers/asyncToGenerator.js:17:9)
      at node_modules/@babel/runtime/helpers/asyncToGenerator.js:22:7
      at Object.<anonymous> (node_modules/@babel/runtime/helpers/asyncToGenerator.js:14:12)

    console.error
      The current testing environment is not configured to support act(...)

      36 |   let component;
      37 |   act(() => {
    > 38 |     component = create(<TestComponent />);
         |                       ^
      39 |   });
      40 |   return {
      41 |     result,

      at isConcurrentActEnvironment (node_modules/react-test-renderer/cjs/react-test-renderer.development.js:10243:17)
      at warnIfUpdatesNotWrappedWithActDEV (node_modules/react-test-renderer/cjs/react-test-renderer.development.js:11798:7)
      at scheduleUpdateOnFiber (node_modules/react-test-renderer/cjs/react-test-renderer.development.js:10326:9)
      at updateContainerImpl (node_modules/react-test-renderer/cjs/react-test-renderer.development.js:12382:10)
      at updateContainer (node_modules/react-test-renderer/cjs/react-test-renderer.development.js:12326:7)
      at process.env.NODE_ENV.exports.create (node_modules/react-test-renderer/cjs/react-test-renderer.development.js:14630:7)
      at hooks/__tests__/useNotifications.test.js:38:23
      at process.env.NODE_ENV.exports.act (node_modules/react/cjs/react.development.js:789:22)
      at renderHook (hooks/__tests__/useNotifications.test.js:37:6)
      at Object.renderHook (hooks/__tests__/useNotifications.test.js:370:26)
      at asyncGeneratorStep (node_modules/@babel/runtime/helpers/asyncToGenerator.js:3:17)
      at _next (node_modules/@babel/runtime/helpers/asyncToGenerator.js:17:9)
      at node_modules/@babel/runtime/helpers/asyncToGenerator.js:22:7
      at Object.<anonymous> (node_modules/@babel/runtime/helpers/asyncToGenerator.js:14:12)

    console.error
      react-test-renderer is deprecated. See https://react.dev/warnings/react-test-renderer

      36 |   let component;
      37 |   act(() => {
    > 38 |     component = create(<TestComponent />);
         |                       ^
      39 |   });
      40 |   return {
      41 |     result,

      at process.env.NODE_ENV.exports.create (node_modules/react-test-renderer/cjs/react-test-renderer.development.js:14598:17)
      at hooks/__tests__/useNotifications.test.js:38:23
      at process.env.NODE_ENV.exports.act (node_modules/react/cjs/react.development.js:789:22)
      at renderHook (hooks/__tests__/useNotifications.test.js:37:6)
      at Object.renderHook (hooks/__tests__/useNotifications.test.js:383:27)

    console.error
      The current testing environment is not configured to support act(...)

      36 |   let component;
      37 |   act(() => {
    > 38 |     component = create(<TestComponent />);
         |                       ^
      39 |   });
      40 |   return {
      41 |     result,

      at isConcurrentActEnvironment (node_modules/react-test-renderer/cjs/react-test-renderer.development.js:10243:17)
      at warnIfUpdatesNotWrappedWithActDEV (node_modules/react-test-renderer/cjs/react-test-renderer.development.js:11798:7)
      at scheduleUpdateOnFiber (node_modules/react-test-renderer/cjs/react-test-renderer.development.js:10326:9)
      at updateContainerImpl (node_modules/react-test-renderer/cjs/react-test-renderer.development.js:12382:10)
      at updateContainer (node_modules/react-test-renderer/cjs/react-test-renderer.development.js:12326:7)
      at process.env.NODE_ENV.exports.create (node_modules/react-test-renderer/cjs/react-test-renderer.development.js:14630:7)
      at hooks/__tests__/useNotifications.test.js:38:23
      at process.env.NODE_ENV.exports.act (node_modules/react/cjs/react.development.js:789:22)
      at renderHook (hooks/__tests__/useNotifications.test.js:37:6)
      at Object.renderHook (hooks/__tests__/useNotifications.test.js:383:27)

PASS contexts/__tests__/AppNavigationContext.test.js
  ● Console

    console.error
      react-test-renderer is deprecated. See https://react.dev/warnings/react-test-renderer

      19 |   act(() => {
      20 |     component = Wrapper
    > 21 |       ? create(<Wrapper><TestComponent /></Wrapper>)
         |               ^
      22 |       : create(<TestComponent />);
      23 |   });
      24 |

      at process.env.NODE_ENV.exports.create (node_modules/react-test-renderer/cjs/react-test-renderer.development.js:14598:17)
      at contexts/__tests__/AppNavigationContext.test.js:21:15
      at process.env.NODE_ENV.exports.act (node_modules/react/cjs/react.development.js:789:22)
      at renderHook (contexts/__tests__/AppNavigationContext.test.js:19:6)
      at Object.renderHook (contexts/__tests__/AppNavigationContext.test.js:52:24)

    console.error
      The current testing environment is not configured to support act(...)

      19 |   act(() => {
      20 |     component = Wrapper
    > 21 |       ? create(<Wrapper><TestComponent /></Wrapper>)
         |               ^
      22 |       : create(<TestComponent />);
      23 |   });
      24 |

      at isConcurrentActEnvironment (node_modules/react-test-renderer/cjs/react-test-renderer.development.js:10243:17)
      at warnIfUpdatesNotWrappedWithActDEV (node_modules/react-test-renderer/cjs/react-test-renderer.development.js:11798:7)
      at scheduleUpdateOnFiber (node_modules/react-test-renderer/cjs/react-test-renderer.development.js:10326:9)
      at updateContainerImpl (node_modules/react-test-renderer/cjs/react-test-renderer.development.js:12382:10)
      at updateContainer (node_modules/react-test-renderer/cjs/react-test-renderer.development.js:12326:7)
      at process.env.NODE_ENV.exports.create (node_modules/react-test-renderer/cjs/react-test-renderer.development.js:14630:7)
      at contexts/__tests__/AppNavigationContext.test.js:21:15
      at process.env.NODE_ENV.exports.act (node_modules/react/cjs/react.development.js:789:22)
      at renderHook (contexts/__tests__/AppNavigationContext.test.js:19:6)
      at Object.renderHook (contexts/__tests__/AppNavigationContext.test.js:52:24)

    console.error
      react-test-renderer is deprecated. See https://react.dev/warnings/react-test-renderer

      19 |   act(() => {
      20 |     component = Wrapper
    > 21 |       ? create(<Wrapper><TestComponent /></Wrapper>)
         |               ^
      22 |       : create(<TestComponent />);
      23 |   });
      24 |

      at process.env.NODE_ENV.exports.create (node_modules/react-test-renderer/cjs/react-test-renderer.development.js:14598:17)
      at contexts/__tests__/AppNavigationContext.test.js:21:15
      at process.env.NODE_ENV.exports.act (node_modules/react/cjs/react.development.js:789:22)
      at renderHook (contexts/__tests__/AppNavigationContext.test.js:19:6)
      at Object.renderHook (contexts/__tests__/AppNavigationContext.test.js:65:24)

    console.error
      The current testing environment is not configured to support act(...)

      19 |   act(() => {
      20 |     component = Wrapper
    > 21 |       ? create(<Wrapper><TestComponent /></Wrapper>)
         |               ^
      22 |       : create(<TestComponent />);
      23 |   });
      24 |

      at isConcurrentActEnvironment (node_modules/react-test-renderer/cjs/react-test-renderer.development.js:10243:17)
      at warnIfUpdatesNotWrappedWithActDEV (node_modules/react-test-renderer/cjs/react-test-renderer.development.js:11798:7)
      at scheduleUpdateOnFiber (node_modules/react-test-renderer/cjs/react-test-renderer.development.js:10326:9)
      at updateContainerImpl (node_modules/react-test-renderer/cjs/react-test-renderer.development.js:12382:10)
      at updateContainer (node_modules/react-test-renderer/cjs/react-test-renderer.development.js:12326:7)
      at process.env.NODE_ENV.exports.create (node_modules/react-test-renderer/cjs/react-test-renderer.development.js:14630:7)
      at contexts/__tests__/AppNavigationContext.test.js:21:15
      at process.env.NODE_ENV.exports.act (node_modules/react/cjs/react.development.js:789:22)
      at renderHook (contexts/__tests__/AppNavigationContext.test.js:19:6)
      at Object.renderHook (contexts/__tests__/AppNavigationContext.test.js:65:24)

    console.error
      The current testing environment is not configured to support act(...)

      68 |
      69 |     act(() => {
    > 70 |       result.current.setActiveTab('vault');
         |                      ^
      71 |     });
      72 |
      73 |     expect(result.current.activeTab).toBe('vault');

      at isConcurrentActEnvironment (node_modules/react-test-renderer/cjs/react-test-renderer.development.js:10243:17)
      at warnIfUpdatesNotWrappedWithActDEV (node_modules/react-test-renderer/cjs/react-test-renderer.development.js:11798:7)
      at scheduleUpdateOnFiber (node_modules/react-test-renderer/cjs/react-test-renderer.development.js:10326:9)
      at dispatchSetStateInternal (node_modules/react-test-renderer/cjs/react-test-renderer.development.js:4148:13)
      at dispatchSetState (node_modules/react-test-renderer/cjs/react-test-renderer.development.js:4107:7)
      at setActiveTab (contexts/__tests__/AppNavigationContext.test.js:70:22)
      at process.env.NODE_ENV.exports.act (node_modules/react/cjs/react.development.js:789:22)
      at Object.<anonymous> (contexts/__tests__/AppNavigationContext.test.js:69:8)

    console.error
      The current testing environment is not configured to support act(...)

      74 |
      75 |     act(() => {
    > 76 |       result.current.setActiveTab('wallet');
         |                      ^
      77 |     });
      78 |
      79 |     expect(result.current.activeTab).toBe('wallet');

      at isConcurrentActEnvironment (node_modules/react-test-renderer/cjs/react-test-renderer.development.js:10243:17)
      at warnIfUpdatesNotWrappedWithActDEV (node_modules/react-test-renderer/cjs/react-test-renderer.development.js:11798:7)
      at scheduleUpdateOnFiber (node_modules/react-test-renderer/cjs/react-test-renderer.development.js:10326:9)
      at dispatchSetStateInternal (node_modules/react-test-renderer/cjs/react-test-renderer.development.js:4148:13)
      at dispatchSetState (node_modules/react-test-renderer/cjs/react-test-renderer.development.js:4107:7)
      at setActiveTab (contexts/__tests__/AppNavigationContext.test.js:76:22)
      at process.env.NODE_ENV.exports.act (node_modules/react/cjs/react.development.js:789:22)
      at Object.<anonymous> (contexts/__tests__/AppNavigationContext.test.js:75:8)

    console.error
      react-test-renderer is deprecated. See https://react.dev/warnings/react-test-renderer

      19 |   act(() => {
      20 |     component = Wrapper
    > 21 |       ? create(<Wrapper><TestComponent /></Wrapper>)
         |               ^
      22 |       : create(<TestComponent />);
      23 |   });
      24 |

      at process.env.NODE_ENV.exports.create (node_modules/react-test-renderer/cjs/react-test-renderer.development.js:14598:17)
      at contexts/__tests__/AppNavigationContext.test.js:21:15
      at process.env.NODE_ENV.exports.act (node_modules/react/cjs/react.development.js:789:22)
      at renderHook (contexts/__tests__/AppNavigationContext.test.js:19:6)
      at Object.renderHook (contexts/__tests__/AppNavigationContext.test.js:86:24)

    console.error
      The current testing environment is not configured to support act(...)

      19 |   act(() => {
      20 |     component = Wrapper
    > 21 |       ? create(<Wrapper><TestComponent /></Wrapper>)
         |               ^
      22 |       : create(<TestComponent />);
      23 |   });
      24 |

      at isConcurrentActEnvironment (node_modules/react-test-renderer/cjs/react-test-renderer.development.js:10243:17)
      at warnIfUpdatesNotWrappedWithActDEV (node_modules/react-test-renderer/cjs/react-test-renderer.development.js:11798:7)
      at scheduleUpdateOnFiber (node_modules/react-test-renderer/cjs/react-test-renderer.development.js:10326:9)
      at updateContainerImpl (node_modules/react-test-renderer/cjs/react-test-renderer.development.js:12382:10)
      at updateContainer (node_modules/react-test-renderer/cjs/react-test-renderer.development.js:12326:7)
      at process.env.NODE_ENV.exports.create (node_modules/react-test-renderer/cjs/react-test-renderer.development.js:14630:7)
      at contexts/__tests__/AppNavigationContext.test.js:21:15
      at process.env.NODE_ENV.exports.act (node_modules/react/cjs/react.development.js:789:22)
      at renderHook (contexts/__tests__/AppNavigationContext.test.js:19:6)
      at Object.renderHook (contexts/__tests__/AppNavigationContext.test.js:86:24)

    console.error
      react-test-renderer is deprecated. See https://react.dev/warnings/react-test-renderer

      19 |   act(() => {
      20 |     component = Wrapper
    > 21 |       ? create(<Wrapper><TestComponent /></Wrapper>)
         |               ^
      22 |       : create(<TestComponent />);
      23 |   });
      24 |

      at process.env.NODE_ENV.exports.create (node_modules/react-test-renderer/cjs/react-test-renderer.development.js:14598:17)
      at contexts/__tests__/AppNavigationContext.test.js:21:15
      at process.env.NODE_ENV.exports.act (node_modules/react/cjs/react.development.js:789:22)
      at renderHook (contexts/__tests__/AppNavigationContext.test.js:19:6)
      at Object.renderHook (contexts/__tests__/AppNavigationContext.test.js:117:24)

    console.error
      The current testing environment is not configured to support act(...)

      19 |   act(() => {
      20 |     component = Wrapper
    > 21 |       ? create(<Wrapper><TestComponent /></Wrapper>)
         |               ^
      22 |       : create(<TestComponent />);
      23 |   });
      24 |

      at isConcurrentActEnvironment (node_modules/react-test-renderer/cjs/react-test-renderer.development.js:10243:17)
      at warnIfUpdatesNotWrappedWithActDEV (node_modules/react-test-renderer/cjs/react-test-renderer.development.js:11798:7)
      at scheduleUpdateOnFiber (node_modules/react-test-renderer/cjs/react-test-renderer.development.js:10326:9)
      at updateContainerImpl (node_modules/react-test-renderer/cjs/react-test-renderer.development.js:12382:10)
      at updateContainer (node_modules/react-test-renderer/cjs/react-test-renderer.development.js:12326:7)
      at process.env.NODE_ENV.exports.create (node_modules/react-test-renderer/cjs/react-test-renderer.development.js:14630:7)
      at contexts/__tests__/AppNavigationContext.test.js:21:15
      at process.env.NODE_ENV.exports.act (node_modules/react/cjs/react.development.js:789:22)
      at renderHook (contexts/__tests__/AppNavigationContext.test.js:19:6)
      at Object.renderHook (contexts/__tests__/AppNavigationContext.test.js:117:24)

    console.error
      react-test-renderer is deprecated. See https://react.dev/warnings/react-test-renderer

      19 |   act(() => {
      20 |     component = Wrapper
    > 21 |       ? create(<Wrapper><TestComponent /></Wrapper>)
         |               ^
      22 |       : create(<TestComponent />);
      23 |   });
      24 |

      at process.env.NODE_ENV.exports.create (node_modules/react-test-renderer/cjs/react-test-renderer.development.js:14598:17)
      at contexts/__tests__/AppNavigationContext.test.js:21:15
      at process.env.NODE_ENV.exports.act (node_modules/react/cjs/react.development.js:789:22)
      at renderHook (contexts/__tests__/AppNavigationContext.test.js:19:6)
      at Object.renderHook (contexts/__tests__/AppNavigationContext.test.js:136:24)

    console.error
      The current testing environment is not configured to support act(...)

      19 |   act(() => {
      20 |     component = Wrapper
    > 21 |       ? create(<Wrapper><TestComponent /></Wrapper>)
         |               ^
      22 |       : create(<TestComponent />);
      23 |   });
      24 |

      at isConcurrentActEnvironment (node_modules/react-test-renderer/cjs/react-test-renderer.development.js:10243:17)
      at warnIfUpdatesNotWrappedWithActDEV (node_modules/react-test-renderer/cjs/react-test-renderer.development.js:11798:7)
      at scheduleUpdateOnFiber (node_modules/react-test-renderer/cjs/react-test-renderer.development.js:10326:9)
      at updateContainerImpl (node_modules/react-test-renderer/cjs/react-test-renderer.development.js:12382:10)
      at updateContainer (node_modules/react-test-renderer/cjs/react-test-renderer.development.js:12326:7)
      at process.env.NODE_ENV.exports.create (node_modules/react-test-renderer/cjs/react-test-renderer.development.js:14630:7)
      at contexts/__tests__/AppNavigationContext.test.js:21:15
      at process.env.NODE_ENV.exports.act (node_modules/react/cjs/react.development.js:789:22)
      at renderHook (contexts/__tests__/AppNavigationContext.test.js:19:6)
      at Object.renderHook (contexts/__tests__/AppNavigationContext.test.js:136:24)

    console.error
      react-test-renderer is deprecated. See https://react.dev/warnings/react-test-renderer

      19 |   act(() => {
      20 |     component = Wrapper
    > 21 |       ? create(<Wrapper><TestComponent /></Wrapper>)
         |               ^
      22 |       : create(<TestComponent />);
      23 |   });
      24 |

      at process.env.NODE_ENV.exports.create (node_modules/react-test-renderer/cjs/react-test-renderer.development.js:14598:17)
      at contexts/__tests__/AppNavigationContext.test.js:21:15
      at process.env.NODE_ENV.exports.act (node_modules/react/cjs/react.development.js:789:22)
      at renderHook (contexts/__tests__/AppNavigationContext.test.js:19:6)
      at Object.renderHook (contexts/__tests__/AppNavigationContext.test.js:146:24)

    console.error
      The current testing environment is not configured to support act(...)

      19 |   act(() => {
      20 |     component = Wrapper
    > 21 |       ? create(<Wrapper><TestComponent /></Wrapper>)
         |               ^
      22 |       : create(<TestComponent />);
      23 |   });
      24 |

      at isConcurrentActEnvironment (node_modules/react-test-renderer/cjs/react-test-renderer.development.js:10243:17)
      at warnIfUpdatesNotWrappedWithActDEV (node_modules/react-test-renderer/cjs/react-test-renderer.development.js:11798:7)
      at scheduleUpdateOnFiber (node_modules/react-test-renderer/cjs/react-test-renderer.development.js:10326:9)
      at updateContainerImpl (node_modules/react-test-renderer/cjs/react-test-renderer.development.js:12382:10)
      at updateContainer (node_modules/react-test-renderer/cjs/react-test-renderer.development.js:12326:7)
      at process.env.NODE_ENV.exports.create (node_modules/react-test-renderer/cjs/react-test-renderer.development.js:14630:7)
      at contexts/__tests__/AppNavigationContext.test.js:21:15
      at process.env.NODE_ENV.exports.act (node_modules/react/cjs/react.development.js:789:22)
      at renderHook (contexts/__tests__/AppNavigationContext.test.js:19:6)
      at Object.renderHook (contexts/__tests__/AppNavigationContext.test.js:146:24)

    console.error
      react-test-renderer is deprecated. See https://react.dev/warnings/react-test-renderer

      19 |   act(() => {
      20 |     component = Wrapper
    > 21 |       ? create(<Wrapper><TestComponent /></Wrapper>)
         |               ^
      22 |       : create(<TestComponent />);
      23 |   });
      24 |

      at process.env.NODE_ENV.exports.create (node_modules/react-test-renderer/cjs/react-test-renderer.development.js:14598:17)
      at contexts/__tests__/AppNavigationContext.test.js:21:15
      at process.env.NODE_ENV.exports.act (node_modules/react/cjs/react.development.js:789:22)
      at renderHook (contexts/__tests__/AppNavigationContext.test.js:19:6)
      at Object.renderHook (contexts/__tests__/AppNavigationContext.test.js:161:34)

    console.error
      The current testing environment is not configured to support act(...)

      19 |   act(() => {
      20 |     component = Wrapper
    > 21 |       ? create(<Wrapper><TestComponent /></Wrapper>)
         |               ^
      22 |       : create(<TestComponent />);
      23 |   });
      24 |

      at isConcurrentActEnvironment (node_modules/react-test-renderer/cjs/react-test-renderer.development.js:10243:17)
      at warnIfUpdatesNotWrappedWithActDEV (node_modules/react-test-renderer/cjs/react-test-renderer.development.js:11798:7)
      at scheduleUpdateOnFiber (node_modules/react-test-renderer/cjs/react-test-renderer.development.js:10326:9)
      at updateContainerImpl (node_modules/react-test-renderer/cjs/react-test-renderer.development.js:12382:10)
      at updateContainer (node_modules/react-test-renderer/cjs/react-test-renderer.development.js:12326:7)
      at process.env.NODE_ENV.exports.create (node_modules/react-test-renderer/cjs/react-test-renderer.development.js:14630:7)
      at contexts/__tests__/AppNavigationContext.test.js:21:15
      at process.env.NODE_ENV.exports.act (node_modules/react/cjs/react.development.js:789:22)
      at renderHook (contexts/__tests__/AppNavigationContext.test.js:19:6)
      at Object.renderHook (contexts/__tests__/AppNavigationContext.test.js:161:34)

    console.error
      The current testing environment is not configured to support act(...)

      170 |
      171 |     act(() => {
    > 172 |       rerender();
          |       ^
      173 |     });
      174 |
      175 |     // Ref should be the same object

      at isConcurrentActEnvironment (node_modules/react-test-renderer/cjs/react-test-renderer.development.js:10243:17)
      at warnIfUpdatesNotWrappedWithActDEV (node_modules/react-test-renderer/cjs/react-test-renderer.development.js:11798:7)
      at scheduleUpdateOnFiber (node_modules/react-test-renderer/cjs/react-test-renderer.development.js:10326:9)
      at updateContainerImpl (node_modules/react-test-renderer/cjs/react-test-renderer.development.js:12382:10)
      at updateContainer (node_modules/react-test-renderer/cjs/react-test-renderer.development.js:12326:7)
      at update (node_modules/react-test-renderer/cjs/react-test-renderer.development.js:14669:13)
      at rerender (contexts/__tests__/AppNavigationContext.test.js:172:7)
      at process.env.NODE_ENV.exports.act (node_modules/react/cjs/react.development.js:789:22)
      at Object.<anonymous> (contexts/__tests__/AppNavigationContext.test.js:171:8)

PASS hooks/__tests__/usePostAuthHandler.test.js
  ● Console

    console.error
      react-test-renderer is deprecated. See https://react.dev/warnings/react-test-renderer

      30 |   let component;
      31 |   act(() => {
    > 32 |     component = create(<TestComponent hookProps={initialProps} />);
         |                       ^
      33 |   });
      34 |   return {
      35 |     result,

      at process.env.NODE_ENV.exports.create (node_modules/react-test-renderer/cjs/react-test-renderer.development.js:14598:17)
      at hooks/__tests__/usePostAuthHandler.test.js:32:23
      at process.env.NODE_ENV.exports.act (node_modules/react/cjs/react.development.js:789:22)
      at renderHook (hooks/__tests__/usePostAuthHandler.test.js:31:6)
      at Object.renderHook (hooks/__tests__/usePostAuthHandler.test.js:69:26)
      at asyncGeneratorStep (node_modules/@babel/runtime/helpers/asyncToGenerator.js:3:17)
      at _next (node_modules/@babel/runtime/helpers/asyncToGenerator.js:17:9)
      at node_modules/@babel/runtime/helpers/asyncToGenerator.js:22:7
      at Object.<anonymous> (node_modules/@babel/runtime/helpers/asyncToGenerator.js:14:12)

    console.error
      The current testing environment is not configured to support act(...)

      30 |   let component;
      31 |   act(() => {
    > 32 |     component = create(<TestComponent hookProps={initialProps} />);
         |                       ^
      33 |   });
      34 |   return {
      35 |     result,

      at isConcurrentActEnvironment (node_modules/react-test-renderer/cjs/react-test-renderer.development.js:10243:17)
      at warnIfUpdatesNotWrappedWithActDEV (node_modules/react-test-renderer/cjs/react-test-renderer.development.js:11798:7)
      at scheduleUpdateOnFiber (node_modules/react-test-renderer/cjs/react-test-renderer.development.js:10326:9)
      at updateContainerImpl (node_modules/react-test-renderer/cjs/react-test-renderer.development.js:12382:10)
      at updateContainer (node_modules/react-test-renderer/cjs/react-test-renderer.development.js:12326:7)
      at process.env.NODE_ENV.exports.create (node_modules/react-test-renderer/cjs/react-test-renderer.development.js:14630:7)
      at hooks/__tests__/usePostAuthHandler.test.js:32:23
      at process.env.NODE_ENV.exports.act (node_modules/react/cjs/react.development.js:789:22)
      at renderHook (hooks/__tests__/usePostAuthHandler.test.js:31:6)
      at Object.renderHook (hooks/__tests__/usePostAuthHandler.test.js:69:26)
      at asyncGeneratorStep (node_modules/@babel/runtime/helpers/asyncToGenerator.js:3:17)
      at _next (node_modules/@babel/runtime/helpers/asyncToGenerator.js:17:9)
      at node_modules/@babel/runtime/helpers/asyncToGenerator.js:22:7
      at Object.<anonymous> (node_modules/@babel/runtime/helpers/asyncToGenerator.js:14:12)

    console.error
      react-test-renderer is deprecated. See https://react.dev/warnings/react-test-renderer

      30 |   let component;
      31 |   act(() => {
    > 32 |     component = create(<TestComponent hookProps={initialProps} />);
         |                       ^
      33 |   });
      34 |   return {
      35 |     result,

      at process.env.NODE_ENV.exports.create (node_modules/react-test-renderer/cjs/react-test-renderer.development.js:14598:17)
      at hooks/__tests__/usePostAuthHandler.test.js:32:23
      at process.env.NODE_ENV.exports.act (node_modules/react/cjs/react.development.js:789:22)
      at renderHook (hooks/__tests__/usePostAuthHandler.test.js:31:6)
      at Object.renderHook (hooks/__tests__/usePostAuthHandler.test.js:85:26)
      at asyncGeneratorStep (node_modules/@babel/runtime/helpers/asyncToGenerator.js:3:17)
      at _next (node_modules/@babel/runtime/helpers/asyncToGenerator.js:17:9)
      at node_modules/@babel/runtime/helpers/asyncToGenerator.js:22:7
      at Object.<anonymous> (node_modules/@babel/runtime/helpers/asyncToGenerator.js:14:12)

    console.error
      The current testing environment is not configured to support act(...)

      30 |   let component;
      31 |   act(() => {
    > 32 |     component = create(<TestComponent hookProps={initialProps} />);
         |                       ^
      33 |   });
      34 |   return {
      35 |     result,

      at isConcurrentActEnvironment (node_modules/react-test-renderer/cjs/react-test-renderer.development.js:10243:17)
      at warnIfUpdatesNotWrappedWithActDEV (node_modules/react-test-renderer/cjs/react-test-renderer.development.js:11798:7)
      at scheduleUpdateOnFiber (node_modules/react-test-renderer/cjs/react-test-renderer.development.js:10326:9)
      at updateContainerImpl (node_modules/react-test-renderer/cjs/react-test-renderer.development.js:12382:10)
      at updateContainer (node_modules/react-test-renderer/cjs/react-test-renderer.development.js:12326:7)
      at process.env.NODE_ENV.exports.create (node_modules/react-test-renderer/cjs/react-test-renderer.development.js:14630:7)
      at hooks/__tests__/usePostAuthHandler.test.js:32:23
      at process.env.NODE_ENV.exports.act (node_modules/react/cjs/react.development.js:789:22)
      at renderHook (hooks/__tests__/usePostAuthHandler.test.js:31:6)
      at Object.renderHook (hooks/__tests__/usePostAuthHandler.test.js:85:26)
      at asyncGeneratorStep (node_modules/@babel/runtime/helpers/asyncToGenerator.js:3:17)
      at _next (node_modules/@babel/runtime/helpers/asyncToGenerator.js:17:9)
      at node_modules/@babel/runtime/helpers/asyncToGenerator.js:22:7
      at Object.<anonymous> (node_modules/@babel/runtime/helpers/asyncToGenerator.js:14:12)

    console.error
      react-test-renderer is deprecated. See https://react.dev/warnings/react-test-renderer

      30 |   let component;
      31 |   act(() => {
    > 32 |     component = create(<TestComponent hookProps={initialProps} />);
         |                       ^
      33 |   });
      34 |   return {
      35 |     result,

      at process.env.NODE_ENV.exports.create (node_modules/react-test-renderer/cjs/react-test-renderer.development.js:14598:17)
      at hooks/__tests__/usePostAuthHandler.test.js:32:23
      at process.env.NODE_ENV.exports.act (node_modules/react/cjs/react.development.js:789:22)
      at renderHook (hooks/__tests__/usePostAuthHandler.test.js:31:6)
      at Object.renderHook (hooks/__tests__/usePostAuthHandler.test.js:105:26)
      at asyncGeneratorStep (node_modules/@babel/runtime/helpers/asyncToGenerator.js:3:17)
      at _next (node_modules/@babel/runtime/helpers/asyncToGenerator.js:17:9)
      at node_modules/@babel/runtime/helpers/asyncToGenerator.js:22:7
      at Object.<anonymous> (node_modules/@babel/runtime/helpers/asyncToGenerator.js:14:12)

    console.error
      The current testing environment is not configured to support act(...)

      30 |   let component;
      31 |   act(() => {
    > 32 |     component = create(<TestComponent hookProps={initialProps} />);
         |                       ^
      33 |   });
      34 |   return {
      35 |     result,

      at isConcurrentActEnvironment (node_modules/react-test-renderer/cjs/react-test-renderer.development.js:10243:17)
      at warnIfUpdatesNotWrappedWithActDEV (node_modules/react-test-renderer/cjs/react-test-renderer.development.js:11798:7)
      at scheduleUpdateOnFiber (node_modules/react-test-renderer/cjs/react-test-renderer.development.js:10326:9)
      at updateContainerImpl (node_modules/react-test-renderer/cjs/react-test-renderer.development.js:12382:10)
      at updateContainer (node_modules/react-test-renderer/cjs/react-test-renderer.development.js:12326:7)
      at process.env.NODE_ENV.exports.create (node_modules/react-test-renderer/cjs/react-test-renderer.development.js:14630:7)
      at hooks/__tests__/usePostAuthHandler.test.js:32:23
      at process.env.NODE_ENV.exports.act (node_modules/react/cjs/react.development.js:789:22)
      at renderHook (hooks/__tests__/usePostAuthHandler.test.js:31:6)
      at Object.renderHook (hooks/__tests__/usePostAuthHandler.test.js:105:26)
      at asyncGeneratorStep (node_modules/@babel/runtime/helpers/asyncToGenerator.js:3:17)
      at _next (node_modules/@babel/runtime/helpers/asyncToGenerator.js:17:9)
      at node_modules/@babel/runtime/helpers/asyncToGenerator.js:22:7
      at Object.<anonymous> (node_modules/@babel/runtime/helpers/asyncToGenerator.js:14:12)

    console.error
      react-test-renderer is deprecated. See https://react.dev/warnings/react-test-renderer

      30 |   let component;
      31 |   act(() => {
    > 32 |     component = create(<TestComponent hookProps={initialProps} />);
         |                       ^
      33 |   });
      34 |   return {
      35 |     result,

      at process.env.NODE_ENV.exports.create (node_modules/react-test-renderer/cjs/react-test-renderer.development.js:14598:17)
      at hooks/__tests__/usePostAuthHandler.test.js:32:23
      at process.env.NODE_ENV.exports.act (node_modules/react/cjs/react.development.js:789:22)
      at renderHook (hooks/__tests__/usePostAuthHandler.test.js:31:6)
      at Object.renderHook (hooks/__tests__/usePostAuthHandler.test.js:123:26)
      at asyncGeneratorStep (node_modules/@babel/runtime/helpers/asyncToGenerator.js:3:17)
      at _next (node_modules/@babel/runtime/helpers/asyncToGenerator.js:17:9)
      at node_modules/@babel/runtime/helpers/asyncToGenerator.js:22:7
      at Object.<anonymous> (node_modules/@babel/runtime/helpers/asyncToGenerator.js:14:12)

    console.error
      The current testing environment is not configured to support act(...)

      30 |   let component;
      31 |   act(() => {
    > 32 |     component = create(<TestComponent hookProps={initialProps} />);
         |                       ^
      33 |   });
      34 |   return {
      35 |     result,

      at isConcurrentActEnvironment (node_modules/react-test-renderer/cjs/react-test-renderer.development.js:10243:17)
      at warnIfUpdatesNotWrappedWithActDEV (node_modules/react-test-renderer/cjs/react-test-renderer.development.js:11798:7)
      at scheduleUpdateOnFiber (node_modules/react-test-renderer/cjs/react-test-renderer.development.js:10326:9)
      at updateContainerImpl (node_modules/react-test-renderer/cjs/react-test-renderer.development.js:12382:10)
      at updateContainer (node_modules/react-test-renderer/cjs/react-test-renderer.development.js:12326:7)
      at process.env.NODE_ENV.exports.create (node_modules/react-test-renderer/cjs/react-test-renderer.development.js:14630:7)
      at hooks/__tests__/usePostAuthHandler.test.js:32:23
      at process.env.NODE_ENV.exports.act (node_modules/react/cjs/react.development.js:789:22)
      at renderHook (hooks/__tests__/usePostAuthHandler.test.js:31:6)
      at Object.renderHook (hooks/__tests__/usePostAuthHandler.test.js:123:26)
      at asyncGeneratorStep (node_modules/@babel/runtime/helpers/asyncToGenerator.js:3:17)
      at _next (node_modules/@babel/runtime/helpers/asyncToGenerator.js:17:9)
      at node_modules/@babel/runtime/helpers/asyncToGenerator.js:22:7
      at Object.<anonymous> (node_modules/@babel/runtime/helpers/asyncToGenerator.js:14:12)

    console.error
      react-test-renderer is deprecated. See https://react.dev/warnings/react-test-renderer

      30 |   let component;
      31 |   act(() => {
    > 32 |     component = create(<TestComponent hookProps={initialProps} />);
         |                       ^
      33 |   });
      34 |   return {
      35 |     result,

      at process.env.NODE_ENV.exports.create (node_modules/react-test-renderer/cjs/react-test-renderer.development.js:14598:17)
      at hooks/__tests__/usePostAuthHandler.test.js:32:23
      at process.env.NODE_ENV.exports.act (node_modules/react/cjs/react.development.js:789:22)
      at renderHook (hooks/__tests__/usePostAuthHandler.test.js:31:6)
      at Object.renderHook (hooks/__tests__/usePostAuthHandler.test.js:142:26)
      at asyncGeneratorStep (node_modules/@babel/runtime/helpers/asyncToGenerator.js:3:17)
      at _next (node_modules/@babel/runtime/helpers/asyncToGenerator.js:17:9)
      at node_modules/@babel/runtime/helpers/asyncToGenerator.js:22:7
      at Object.<anonymous> (node_modules/@babel/runtime/helpers/asyncToGenerator.js:14:12)

    console.error
      The current testing environment is not configured to support act(...)

      30 |   let component;
      31 |   act(() => {
    > 32 |     component = create(<TestComponent hookProps={initialProps} />);
         |                       ^
      33 |   });
      34 |   return {
      35 |     result,

      at isConcurrentActEnvironment (node_modules/react-test-renderer/cjs/react-test-renderer.development.js:10243:17)
      at warnIfUpdatesNotWrappedWithActDEV (node_modules/react-test-renderer/cjs/react-test-renderer.development.js:11798:7)
      at scheduleUpdateOnFiber (node_modules/react-test-renderer/cjs/react-test-renderer.development.js:10326:9)
      at updateContainerImpl (node_modules/react-test-renderer/cjs/react-test-renderer.development.js:12382:10)
      at updateContainer (node_modules/react-test-renderer/cjs/react-test-renderer.development.js:12326:7)
      at process.env.NODE_ENV.exports.create (node_modules/react-test-renderer/cjs/react-test-renderer.development.js:14630:7)
      at hooks/__tests__/usePostAuthHandler.test.js:32:23
      at process.env.NODE_ENV.exports.act (node_modules/react/cjs/react.development.js:789:22)
      at renderHook (hooks/__tests__/usePostAuthHandler.test.js:31:6)
      at Object.renderHook (hooks/__tests__/usePostAuthHandler.test.js:142:26)
      at asyncGeneratorStep (node_modules/@babel/runtime/helpers/asyncToGenerator.js:3:17)
      at _next (node_modules/@babel/runtime/helpers/asyncToGenerator.js:17:9)
      at node_modules/@babel/runtime/helpers/asyncToGenerator.js:22:7
      at Object.<anonymous> (node_modules/@babel/runtime/helpers/asyncToGenerator.js:14:12)

    console.error
      react-test-renderer is deprecated. See https://react.dev/warnings/react-test-renderer

      30 |   let component;
      31 |   act(() => {
    > 32 |     component = create(<TestComponent hookProps={initialProps} />);
         |                       ^
      33 |   });
      34 |   return {
      35 |     result,

      at process.env.NODE_ENV.exports.create (node_modules/react-test-renderer/cjs/react-test-renderer.development.js:14598:17)
      at hooks/__tests__/usePostAuthHandler.test.js:32:23
      at process.env.NODE_ENV.exports.act (node_modules/react/cjs/react.development.js:789:22)
      at renderHook (hooks/__tests__/usePostAuthHandler.test.js:31:6)
      at Object.renderHook (hooks/__tests__/usePostAuthHandler.test.js:162:26)
      at asyncGeneratorStep (node_modules/@babel/runtime/helpers/asyncToGenerator.js:3:17)
      at _next (node_modules/@babel/runtime/helpers/asyncToGenerator.js:17:9)
      at node_modules/@babel/runtime/helpers/asyncToGenerator.js:22:7
      at Object.<anonymous> (node_modules/@babel/runtime/helpers/asyncToGenerator.js:14:12)

    console.error
      The current testing environment is not configured to support act(...)

      30 |   let component;
      31 |   act(() => {
    > 32 |     component = create(<TestComponent hookProps={initialProps} />);
         |                       ^
      33 |   });
      34 |   return {
      35 |     result,

      at isConcurrentActEnvironment (node_modules/react-test-renderer/cjs/react-test-renderer.development.js:10243:17)
      at warnIfUpdatesNotWrappedWithActDEV (node_modules/react-test-renderer/cjs/react-test-renderer.development.js:11798:7)
      at scheduleUpdateOnFiber (node_modules/react-test-renderer/cjs/react-test-renderer.development.js:10326:9)
      at updateContainerImpl (node_modules/react-test-renderer/cjs/react-test-renderer.development.js:12382:10)
      at updateContainer (node_modules/react-test-renderer/cjs/react-test-renderer.development.js:12326:7)
      at process.env.NODE_ENV.exports.create (node_modules/react-test-renderer/cjs/react-test-renderer.development.js:14630:7)
      at hooks/__tests__/usePostAuthHandler.test.js:32:23
      at process.env.NODE_ENV.exports.act (node_modules/react/cjs/react.development.js:789:22)
      at renderHook (hooks/__tests__/usePostAuthHandler.test.js:31:6)
      at Object.renderHook (hooks/__tests__/usePostAuthHandler.test.js:162:26)
      at asyncGeneratorStep (node_modules/@babel/runtime/helpers/asyncToGenerator.js:3:17)
      at _next (node_modules/@babel/runtime/helpers/asyncToGenerator.js:17:9)
      at node_modules/@babel/runtime/helpers/asyncToGenerator.js:22:7
      at Object.<anonymous> (node_modules/@babel/runtime/helpers/asyncToGenerator.js:14:12)

    console.error
      react-test-renderer is deprecated. See https://react.dev/warnings/react-test-renderer

      30 |   let component;
      31 |   act(() => {
    > 32 |     component = create(<TestComponent hookProps={initialProps} />);
         |                       ^
      33 |   });
      34 |   return {
      35 |     result,

      at process.env.NODE_ENV.exports.create (node_modules/react-test-renderer/cjs/react-test-renderer.development.js:14598:17)
      at hooks/__tests__/usePostAuthHandler.test.js:32:23
      at process.env.NODE_ENV.exports.act (node_modules/react/cjs/react.development.js:789:22)
      at renderHook (hooks/__tests__/usePostAuthHandler.test.js:31:6)
      at Object.renderHook (hooks/__tests__/usePostAuthHandler.test.js:185:26)
      at asyncGeneratorStep (node_modules/@babel/runtime/helpers/asyncToGenerator.js:3:17)
      at _next (node_modules/@babel/runtime/helpers/asyncToGenerator.js:17:9)
      at node_modules/@babel/runtime/helpers/asyncToGenerator.js:22:7
      at Object.<anonymous> (node_modules/@babel/runtime/helpers/asyncToGenerator.js:14:12)

    console.error
      The current testing environment is not configured to support act(...)

      30 |   let component;
      31 |   act(() => {
    > 32 |     component = create(<TestComponent hookProps={initialProps} />);
         |                       ^
      33 |   });
      34 |   return {
      35 |     result,

      at isConcurrentActEnvironment (node_modules/react-test-renderer/cjs/react-test-renderer.development.js:10243:17)
      at warnIfUpdatesNotWrappedWithActDEV (node_modules/react-test-renderer/cjs/react-test-renderer.development.js:11798:7)
      at scheduleUpdateOnFiber (node_modules/react-test-renderer/cjs/react-test-renderer.development.js:10326:9)
      at updateContainerImpl (node_modules/react-test-renderer/cjs/react-test-renderer.development.js:12382:10)
      at updateContainer (node_modules/react-test-renderer/cjs/react-test-renderer.development.js:12326:7)
      at process.env.NODE_ENV.exports.create (node_modules/react-test-renderer/cjs/react-test-renderer.development.js:14630:7)
      at hooks/__tests__/usePostAuthHandler.test.js:32:23
      at process.env.NODE_ENV.exports.act (node_modules/react/cjs/react.development.js:789:22)
      at renderHook (hooks/__tests__/usePostAuthHandler.test.js:31:6)
      at Object.renderHook (hooks/__tests__/usePostAuthHandler.test.js:185:26)
      at asyncGeneratorStep (node_modules/@babel/runtime/helpers/asyncToGenerator.js:3:17)
      at _next (node_modules/@babel/runtime/helpers/asyncToGenerator.js:17:9)
      at node_modules/@babel/runtime/helpers/asyncToGenerator.js:22:7
      at Object.<anonymous> (node_modules/@babel/runtime/helpers/asyncToGenerator.js:14:12)

    console.error
      react-test-renderer is deprecated. See https://react.dev/warnings/react-test-renderer

      30 |   let component;
      31 |   act(() => {
    > 32 |     component = create(<TestComponent hookProps={initialProps} />);
         |                       ^
      33 |   });
      34 |   return {
      35 |     result,

      at process.env.NODE_ENV.exports.create (node_modules/react-test-renderer/cjs/react-test-renderer.development.js:14598:17)
      at hooks/__tests__/usePostAuthHandler.test.js:32:23
      at process.env.NODE_ENV.exports.act (node_modules/react/cjs/react.development.js:789:22)
      at renderHook (hooks/__tests__/usePostAuthHandler.test.js:31:6)
      at Object.renderHook (hooks/__tests__/usePostAuthHandler.test.js:210:26)
      at asyncGeneratorStep (node_modules/@babel/runtime/helpers/asyncToGenerator.js:3:17)
      at _next (node_modules/@babel/runtime/helpers/asyncToGenerator.js:17:9)
      at node_modules/@babel/runtime/helpers/asyncToGenerator.js:22:7
      at Object.<anonymous> (node_modules/@babel/runtime/helpers/asyncToGenerator.js:14:12)

    console.error
      The current testing environment is not configured to support act(...)

      30 |   let component;
      31 |   act(() => {
    > 32 |     component = create(<TestComponent hookProps={initialProps} />);
         |                       ^
      33 |   });
      34 |   return {
      35 |     result,

      at isConcurrentActEnvironment (node_modules/react-test-renderer/cjs/react-test-renderer.development.js:10243:17)
      at warnIfUpdatesNotWrappedWithActDEV (node_modules/react-test-renderer/cjs/react-test-renderer.development.js:11798:7)
      at scheduleUpdateOnFiber (node_modules/react-test-renderer/cjs/react-test-renderer.development.js:10326:9)
      at updateContainerImpl (node_modules/react-test-renderer/cjs/react-test-renderer.development.js:12382:10)
      at updateContainer (node_modules/react-test-renderer/cjs/react-test-renderer.development.js:12326:7)
      at process.env.NODE_ENV.exports.create (node_modules/react-test-renderer/cjs/react-test-renderer.development.js:14630:7)
      at hooks/__tests__/usePostAuthHandler.test.js:32:23
      at process.env.NODE_ENV.exports.act (node_modules/react/cjs/react.development.js:789:22)
      at renderHook (hooks/__tests__/usePostAuthHandler.test.js:31:6)
      at Object.renderHook (hooks/__tests__/usePostAuthHandler.test.js:210:26)
      at asyncGeneratorStep (node_modules/@babel/runtime/helpers/asyncToGenerator.js:3:17)
      at _next (node_modules/@babel/runtime/helpers/asyncToGenerator.js:17:9)
      at node_modules/@babel/runtime/helpers/asyncToGenerator.js:22:7
      at Object.<anonymous> (node_modules/@babel/runtime/helpers/asyncToGenerator.js:14:12)

    console.error
      react-test-renderer is deprecated. See https://react.dev/warnings/react-test-renderer

      30 |   let component;
      31 |   act(() => {
    > 32 |     component = create(<TestComponent hookProps={initialProps} />);
         |                       ^
      33 |   });
      34 |   return {
      35 |     result,

      at process.env.NODE_ENV.exports.create (node_modules/react-test-renderer/cjs/react-test-renderer.development.js:14598:17)
      at hooks/__tests__/usePostAuthHandler.test.js:32:23
      at process.env.NODE_ENV.exports.act (node_modules/react/cjs/react.development.js:789:22)
      at renderHook (hooks/__tests__/usePostAuthHandler.test.js:31:6)
      at Object.renderHook (hooks/__tests__/usePostAuthHandler.test.js:231:26)
      at asyncGeneratorStep (node_modules/@babel/runtime/helpers/asyncToGenerator.js:3:17)
      at _next (node_modules/@babel/runtime/helpers/asyncToGenerator.js:17:9)
      at node_modules/@babel/runtime/helpers/asyncToGenerator.js:22:7
      at Object.<anonymous> (node_modules/@babel/runtime/helpers/asyncToGenerator.js:14:12)

    console.error
      The current testing environment is not configured to support act(...)

      30 |   let component;
      31 |   act(() => {
    > 32 |     component = create(<TestComponent hookProps={initialProps} />);
         |                       ^
      33 |   });
      34 |   return {
      35 |     result,

      at isConcurrentActEnvironment (node_modules/react-test-renderer/cjs/react-test-renderer.development.js:10243:17)
      at warnIfUpdatesNotWrappedWithActDEV (node_modules/react-test-renderer/cjs/react-test-renderer.development.js:11798:7)
      at scheduleUpdateOnFiber (node_modules/react-test-renderer/cjs/react-test-renderer.development.js:10326:9)
      at updateContainerImpl (node_modules/react-test-renderer/cjs/react-test-renderer.development.js:12382:10)
      at updateContainer (node_modules/react-test-renderer/cjs/react-test-renderer.development.js:12326:7)
      at process.env.NODE_ENV.exports.create (node_modules/react-test-renderer/cjs/react-test-renderer.development.js:14630:7)
      at hooks/__tests__/usePostAuthHandler.test.js:32:23
      at process.env.NODE_ENV.exports.act (node_modules/react/cjs/react.development.js:789:22)
      at renderHook (hooks/__tests__/usePostAuthHandler.test.js:31:6)
      at Object.renderHook (hooks/__tests__/usePostAuthHandler.test.js:231:26)
      at asyncGeneratorStep (node_modules/@babel/runtime/helpers/asyncToGenerator.js:3:17)
      at _next (node_modules/@babel/runtime/helpers/asyncToGenerator.js:17:9)
      at node_modules/@babel/runtime/helpers/asyncToGenerator.js:22:7
      at Object.<anonymous> (node_modules/@babel/runtime/helpers/asyncToGenerator.js:14:12)

    console.error
      react-test-renderer is deprecated. See https://react.dev/warnings/react-test-renderer

      30 |   let component;
      31 |   act(() => {
    > 32 |     component = create(<TestComponent hookProps={initialProps} />);
         |                       ^
      33 |   });
      34 |   return {
      35 |     result,

      at process.env.NODE_ENV.exports.create (node_modules/react-test-renderer/cjs/react-test-renderer.development.js:14598:17)
      at hooks/__tests__/usePostAuthHandler.test.js:32:23
      at process.env.NODE_ENV.exports.act (node_modules/react/cjs/react.development.js:789:22)
      at renderHook (hooks/__tests__/usePostAuthHandler.test.js:31:6)
      at Object.renderHook (hooks/__tests__/usePostAuthHandler.test.js:252:26)
      at asyncGeneratorStep (node_modules/@babel/runtime/helpers/asyncToGenerator.js:3:17)
      at _next (node_modules/@babel/runtime/helpers/asyncToGenerator.js:17:9)
      at node_modules/@babel/runtime/helpers/asyncToGenerator.js:22:7
      at Object.<anonymous> (node_modules/@babel/runtime/helpers/asyncToGenerator.js:14:12)

    console.error
      The current testing environment is not configured to support act(...)

      30 |   let component;
      31 |   act(() => {
    > 32 |     component = create(<TestComponent hookProps={initialProps} />);
         |                       ^
      33 |   });
      34 |   return {
      35 |     result,

      at isConcurrentActEnvironment (node_modules/react-test-renderer/cjs/react-test-renderer.development.js:10243:17)
      at warnIfUpdatesNotWrappedWithActDEV (node_modules/react-test-renderer/cjs/react-test-renderer.development.js:11798:7)
      at scheduleUpdateOnFiber (node_modules/react-test-renderer/cjs/react-test-renderer.development.js:10326:9)
      at updateContainerImpl (node_modules/react-test-renderer/cjs/react-test-renderer.development.js:12382:10)
      at updateContainer (node_modules/react-test-renderer/cjs/react-test-renderer.development.js:12326:7)
      at process.env.NODE_ENV.exports.create (node_modules/react-test-renderer/cjs/react-test-renderer.development.js:14630:7)
      at hooks/__tests__/usePostAuthHandler.test.js:32:23
      at process.env.NODE_ENV.exports.act (node_modules/react/cjs/react.development.js:789:22)
      at renderHook (hooks/__tests__/usePostAuthHandler.test.js:31:6)
      at Object.renderHook (hooks/__tests__/usePostAuthHandler.test.js:252:26)
      at asyncGeneratorStep (node_modules/@babel/runtime/helpers/asyncToGenerator.js:3:17)
      at _next (node_modules/@babel/runtime/helpers/asyncToGenerator.js:17:9)
      at node_modules/@babel/runtime/helpers/asyncToGenerator.js:22:7
      at Object.<anonymous> (node_modules/@babel/runtime/helpers/asyncToGenerator.js:14:12)

    console.error
      react-test-renderer is deprecated. See https://react.dev/warnings/react-test-renderer

      30 |   let component;
      31 |   act(() => {
    > 32 |     component = create(<TestComponent hookProps={initialProps} />);
         |                       ^
      33 |   });
      34 |   return {
      35 |     result,

      at process.env.NODE_ENV.exports.create (node_modules/react-test-renderer/cjs/react-test-renderer.development.js:14598:17)
      at hooks/__tests__/usePostAuthHandler.test.js:32:23
      at process.env.NODE_ENV.exports.act (node_modules/react/cjs/react.development.js:789:22)
      at renderHook (hooks/__tests__/usePostAuthHandler.test.js:31:6)
      at Object.renderHook (hooks/__tests__/usePostAuthHandler.test.js:270:26)
      at asyncGeneratorStep (node_modules/@babel/runtime/helpers/asyncToGenerator.js:3:17)
      at _next (node_modules/@babel/runtime/helpers/asyncToGenerator.js:17:9)
      at node_modules/@babel/runtime/helpers/asyncToGenerator.js:22:7
      at Object.<anonymous> (node_modules/@babel/runtime/helpers/asyncToGenerator.js:14:12)

    console.error
      The current testing environment is not configured to support act(...)

      30 |   let component;
      31 |   act(() => {
    > 32 |     component = create(<TestComponent hookProps={initialProps} />);
         |                       ^
      33 |   });
      34 |   return {
      35 |     result,

      at isConcurrentActEnvironment (node_modules/react-test-renderer/cjs/react-test-renderer.development.js:10243:17)
      at warnIfUpdatesNotWrappedWithActDEV (node_modules/react-test-renderer/cjs/react-test-renderer.development.js:11798:7)
      at scheduleUpdateOnFiber (node_modules/react-test-renderer/cjs/react-test-renderer.development.js:10326:9)
      at updateContainerImpl (node_modules/react-test-renderer/cjs/react-test-renderer.development.js:12382:10)
      at updateContainer (node_modules/react-test-renderer/cjs/react-test-renderer.development.js:12326:7)
      at process.env.NODE_ENV.exports.create (node_modules/react-test-renderer/cjs/react-test-renderer.development.js:14630:7)
      at hooks/__tests__/usePostAuthHandler.test.js:32:23
      at process.env.NODE_ENV.exports.act (node_modules/react/cjs/react.development.js:789:22)
      at renderHook (hooks/__tests__/usePostAuthHandler.test.js:31:6)
      at Object.renderHook (hooks/__tests__/usePostAuthHandler.test.js:270:26)
      at asyncGeneratorStep (node_modules/@babel/runtime/helpers/asyncToGenerator.js:3:17)
      at _next (node_modules/@babel/runtime/helpers/asyncToGenerator.js:17:9)
      at node_modules/@babel/runtime/helpers/asyncToGenerator.js:22:7
      at Object.<anonymous> (node_modules/@babel/runtime/helpers/asyncToGenerator.js:14:12)

    console.error
      react-test-renderer is deprecated. See https://react.dev/warnings/react-test-renderer

      30 |   let component;
      31 |   act(() => {
    > 32 |     component = create(<TestComponent hookProps={initialProps} />);
         |                       ^
      33 |   });
      34 |   return {
      35 |     result,

      at process.env.NODE_ENV.exports.create (node_modules/react-test-renderer/cjs/react-test-renderer.development.js:14598:17)
      at hooks/__tests__/usePostAuthHandler.test.js:32:23
      at process.env.NODE_ENV.exports.act (node_modules/react/cjs/react.development.js:789:22)
      at renderHook (hooks/__tests__/usePostAuthHandler.test.js:31:6)
      at Object.renderHook (hooks/__tests__/usePostAuthHandler.test.js:286:26)
      at asyncGeneratorStep (node_modules/@babel/runtime/helpers/asyncToGenerator.js:3:17)
      at _next (node_modules/@babel/runtime/helpers/asyncToGenerator.js:17:9)
      at node_modules/@babel/runtime/helpers/asyncToGenerator.js:22:7
      at Object.<anonymous> (node_modules/@babel/runtime/helpers/asyncToGenerator.js:14:12)

    console.error
      The current testing environment is not configured to support act(...)

      30 |   let component;
      31 |   act(() => {
    > 32 |     component = create(<TestComponent hookProps={initialProps} />);
         |                       ^
      33 |   });
      34 |   return {
      35 |     result,

      at isConcurrentActEnvironment (node_modules/react-test-renderer/cjs/react-test-renderer.development.js:10243:17)
      at warnIfUpdatesNotWrappedWithActDEV (node_modules/react-test-renderer/cjs/react-test-renderer.development.js:11798:7)
      at scheduleUpdateOnFiber (node_modules/react-test-renderer/cjs/react-test-renderer.development.js:10326:9)
      at updateContainerImpl (node_modules/react-test-renderer/cjs/react-test-renderer.development.js:12382:10)
      at updateContainer (node_modules/react-test-renderer/cjs/react-test-renderer.development.js:12326:7)
      at process.env.NODE_ENV.exports.create (node_modules/react-test-renderer/cjs/react-test-renderer.development.js:14630:7)
      at hooks/__tests__/usePostAuthHandler.test.js:32:23
      at process.env.NODE_ENV.exports.act (node_modules/react/cjs/react.development.js:789:22)
      at renderHook (hooks/__tests__/usePostAuthHandler.test.js:31:6)
      at Object.renderHook (hooks/__tests__/usePostAuthHandler.test.js:286:26)
      at asyncGeneratorStep (node_modules/@babel/runtime/helpers/asyncToGenerator.js:3:17)
      at _next (node_modules/@babel/runtime/helpers/asyncToGenerator.js:17:9)
      at node_modules/@babel/runtime/helpers/asyncToGenerator.js:22:7
      at Object.<anonymous> (node_modules/@babel/runtime/helpers/asyncToGenerator.js:14:12)

    console.error
      react-test-renderer is deprecated. See https://react.dev/warnings/react-test-renderer

      30 |   let component;
      31 |   act(() => {
    > 32 |     component = create(<TestComponent hookProps={initialProps} />);
         |                       ^
      33 |   });
      34 |   return {
      35 |     result,

      at process.env.NODE_ENV.exports.create (node_modules/react-test-renderer/cjs/react-test-renderer.development.js:14598:17)
      at hooks/__tests__/usePostAuthHandler.test.js:32:23
      at process.env.NODE_ENV.exports.act (node_modules/react/cjs/react.development.js:789:22)
      at renderHook (hooks/__tests__/usePostAuthHandler.test.js:31:6)
      at Object.renderHook (hooks/__tests__/usePostAuthHandler.test.js:305:26)
      at asyncGeneratorStep (node_modules/@babel/runtime/helpers/asyncToGenerator.js:3:17)
      at _next (node_modules/@babel/runtime/helpers/asyncToGenerator.js:17:9)
      at node_modules/@babel/runtime/helpers/asyncToGenerator.js:22:7
      at Object.<anonymous> (node_modules/@babel/runtime/helpers/asyncToGenerator.js:14:12)

    console.error
      The current testing environment is not configured to support act(...)

      30 |   let component;
      31 |   act(() => {
    > 32 |     component = create(<TestComponent hookProps={initialProps} />);
         |                       ^
      33 |   });
      34 |   return {
      35 |     result,

      at isConcurrentActEnvironment (node_modules/react-test-renderer/cjs/react-test-renderer.development.js:10243:17)
      at warnIfUpdatesNotWrappedWithActDEV (node_modules/react-test-renderer/cjs/react-test-renderer.development.js:11798:7)
      at scheduleUpdateOnFiber (node_modules/react-test-renderer/cjs/react-test-renderer.development.js:10326:9)
      at updateContainerImpl (node_modules/react-test-renderer/cjs/react-test-renderer.development.js:12382:10)
      at updateContainer (node_modules/react-test-renderer/cjs/react-test-renderer.development.js:12326:7)
      at process.env.NODE_ENV.exports.create (node_modules/react-test-renderer/cjs/react-test-renderer.development.js:14630:7)
      at hooks/__tests__/usePostAuthHandler.test.js:32:23
      at process.env.NODE_ENV.exports.act (node_modules/react/cjs/react.development.js:789:22)
      at renderHook (hooks/__tests__/usePostAuthHandler.test.js:31:6)
      at Object.renderHook (hooks/__tests__/usePostAuthHandler.test.js:305:26)
      at asyncGeneratorStep (node_modules/@babel/runtime/helpers/asyncToGenerator.js:3:17)
      at _next (node_modules/@babel/runtime/helpers/asyncToGenerator.js:17:9)
      at node_modules/@babel/runtime/helpers/asyncToGenerator.js:22:7
      at Object.<anonymous> (node_modules/@babel/runtime/helpers/asyncToGenerator.js:14:12)

    console.error
      react-test-renderer is deprecated. See https://react.dev/warnings/react-test-renderer

      30 |   let component;
      31 |   act(() => {
    > 32 |     component = create(<TestComponent hookProps={initialProps} />);
         |                       ^
      33 |   });
      34 |   return {
      35 |     result,

      at process.env.NODE_ENV.exports.create (node_modules/react-test-renderer/cjs/react-test-renderer.development.js:14598:17)
      at hooks/__tests__/usePostAuthHandler.test.js:32:23
      at process.env.NODE_ENV.exports.act (node_modules/react/cjs/react.development.js:789:22)
      at renderHook (hooks/__tests__/usePostAuthHandler.test.js:31:6)
      at Object.renderHook (hooks/__tests__/usePostAuthHandler.test.js:324:26)
      at asyncGeneratorStep (node_modules/@babel/runtime/helpers/asyncToGenerator.js:3:17)
      at _next (node_modules/@babel/runtime/helpers/asyncToGenerator.js:17:9)
      at node_modules/@babel/runtime/helpers/asyncToGenerator.js:22:7
      at Object.<anonymous> (node_modules/@babel/runtime/helpers/asyncToGenerator.js:14:12)

    console.error
      The current testing environment is not configured to support act(...)

      30 |   let component;
      31 |   act(() => {
    > 32 |     component = create(<TestComponent hookProps={initialProps} />);
         |                       ^
      33 |   });
      34 |   return {
      35 |     result,

      at isConcurrentActEnvironment (node_modules/react-test-renderer/cjs/react-test-renderer.development.js:10243:17)
      at warnIfUpdatesNotWrappedWithActDEV (node_modules/react-test-renderer/cjs/react-test-renderer.development.js:11798:7)
      at scheduleUpdateOnFiber (node_modules/react-test-renderer/cjs/react-test-renderer.development.js:10326:9)
      at updateContainerImpl (node_modules/react-test-renderer/cjs/react-test-renderer.development.js:12382:10)
      at updateContainer (node_modules/react-test-renderer/cjs/react-test-renderer.development.js:12326:7)
      at process.env.NODE_ENV.exports.create (node_modules/react-test-renderer/cjs/react-test-renderer.development.js:14630:7)
      at hooks/__tests__/usePostAuthHandler.test.js:32:23
      at process.env.NODE_ENV.exports.act (node_modules/react/cjs/react.development.js:789:22)
      at renderHook (hooks/__tests__/usePostAuthHandler.test.js:31:6)
      at Object.renderHook (hooks/__tests__/usePostAuthHandler.test.js:324:26)
      at asyncGeneratorStep (node_modules/@babel/runtime/helpers/asyncToGenerator.js:3:17)
      at _next (node_modules/@babel/runtime/helpers/asyncToGenerator.js:17:9)
      at node_modules/@babel/runtime/helpers/asyncToGenerator.js:22:7
      at Object.<anonymous> (node_modules/@babel/runtime/helpers/asyncToGenerator.js:14:12)

    console.error
      react-test-renderer is deprecated. See https://react.dev/warnings/react-test-renderer

      30 |   let component;
      31 |   act(() => {
    > 32 |     component = create(<TestComponent hookProps={initialProps} />);
         |                       ^
      33 |   });
      34 |   return {
      35 |     result,

      at process.env.NODE_ENV.exports.create (node_modules/react-test-renderer/cjs/react-test-renderer.development.js:14598:17)
      at hooks/__tests__/usePostAuthHandler.test.js:32:23
      at process.env.NODE_ENV.exports.act (node_modules/react/cjs/react.development.js:789:22)
      at renderHook (hooks/__tests__/usePostAuthHandler.test.js:31:6)
      at Object.renderHook (hooks/__tests__/usePostAuthHandler.test.js:345:26)
      at asyncGeneratorStep (node_modules/@babel/runtime/helpers/asyncToGenerator.js:3:17)
      at _next (node_modules/@babel/runtime/helpers/asyncToGenerator.js:17:9)
      at node_modules/@babel/runtime/helpers/asyncToGenerator.js:22:7
      at Object.<anonymous> (node_modules/@babel/runtime/helpers/asyncToGenerator.js:14:12)

    console.error
      The current testing environment is not configured to support act(...)

      30 |   let component;
      31 |   act(() => {
    > 32 |     component = create(<TestComponent hookProps={initialProps} />);
         |                       ^
      33 |   });
      34 |   return {
      35 |     result,

      at isConcurrentActEnvironment (node_modules/react-test-renderer/cjs/react-test-renderer.development.js:10243:17)
      at warnIfUpdatesNotWrappedWithActDEV (node_modules/react-test-renderer/cjs/react-test-renderer.development.js:11798:7)
      at scheduleUpdateOnFiber (node_modules/react-test-renderer/cjs/react-test-renderer.development.js:10326:9)
      at updateContainerImpl (node_modules/react-test-renderer/cjs/react-test-renderer.development.js:12382:10)
      at updateContainer (node_modules/react-test-renderer/cjs/react-test-renderer.development.js:12326:7)
      at process.env.NODE_ENV.exports.create (node_modules/react-test-renderer/cjs/react-test-renderer.development.js:14630:7)
      at hooks/__tests__/usePostAuthHandler.test.js:32:23
      at process.env.NODE_ENV.exports.act (node_modules/react/cjs/react.development.js:789:22)
      at renderHook (hooks/__tests__/usePostAuthHandler.test.js:31:6)
      at Object.renderHook (hooks/__tests__/usePostAuthHandler.test.js:345:26)
      at asyncGeneratorStep (node_modules/@babel/runtime/helpers/asyncToGenerator.js:3:17)
      at _next (node_modules/@babel/runtime/helpers/asyncToGenerator.js:17:9)
      at node_modules/@babel/runtime/helpers/asyncToGenerator.js:22:7
      at Object.<anonymous> (node_modules/@babel/runtime/helpers/asyncToGenerator.js:14:12)

    console.error
      react-test-renderer is deprecated. See https://react.dev/warnings/react-test-renderer

      30 |   let component;
      31 |   act(() => {
    > 32 |     component = create(<TestComponent hookProps={initialProps} />);
         |                       ^
      33 |   });
      34 |   return {
      35 |     result,

      at process.env.NODE_ENV.exports.create (node_modules/react-test-renderer/cjs/react-test-renderer.development.js:14598:17)
      at hooks/__tests__/usePostAuthHandler.test.js:32:23
      at process.env.NODE_ENV.exports.act (node_modules/react/cjs/react.development.js:789:22)
      at renderHook (hooks/__tests__/usePostAuthHandler.test.js:31:6)
      at Object.renderHook (hooks/__tests__/usePostAuthHandler.test.js:364:26)
      at asyncGeneratorStep (node_modules/@babel/runtime/helpers/asyncToGenerator.js:3:17)
      at _next (node_modules/@babel/runtime/helpers/asyncToGenerator.js:17:9)
      at node_modules/@babel/runtime/helpers/asyncToGenerator.js:22:7
      at Object.<anonymous> (node_modules/@babel/runtime/helpers/asyncToGenerator.js:14:12)

    console.error
      The current testing environment is not configured to support act(...)

      30 |   let component;
      31 |   act(() => {
    > 32 |     component = create(<TestComponent hookProps={initialProps} />);
         |                       ^
      33 |   });
      34 |   return {
      35 |     result,

      at isConcurrentActEnvironment (node_modules/react-test-renderer/cjs/react-test-renderer.development.js:10243:17)
      at warnIfUpdatesNotWrappedWithActDEV (node_modules/react-test-renderer/cjs/react-test-renderer.development.js:11798:7)
      at scheduleUpdateOnFiber (node_modules/react-test-renderer/cjs/react-test-renderer.development.js:10326:9)
      at updateContainerImpl (node_modules/react-test-renderer/cjs/react-test-renderer.development.js:12382:10)
      at updateContainer (node_modules/react-test-renderer/cjs/react-test-renderer.development.js:12326:7)
      at process.env.NODE_ENV.exports.create (node_modules/react-test-renderer/cjs/react-test-renderer.development.js:14630:7)
      at hooks/__tests__/usePostAuthHandler.test.js:32:23
      at process.env.NODE_ENV.exports.act (node_modules/react/cjs/react.development.js:789:22)
      at renderHook (hooks/__tests__/usePostAuthHandler.test.js:31:6)
      at Object.renderHook (hooks/__tests__/usePostAuthHandler.test.js:364:26)
      at asyncGeneratorStep (node_modules/@babel/runtime/helpers/asyncToGenerator.js:3:17)
      at _next (node_modules/@babel/runtime/helpers/asyncToGenerator.js:17:9)
      at node_modules/@babel/runtime/helpers/asyncToGenerator.js:22:7
      at Object.<anonymous> (node_modules/@babel/runtime/helpers/asyncToGenerator.js:14:12)

    console.error
      react-test-renderer is deprecated. See https://react.dev/warnings/react-test-renderer

      30 |   let component;
      31 |   act(() => {
    > 32 |     component = create(<TestComponent hookProps={initialProps} />);
         |                       ^
      33 |   });
      34 |   return {
      35 |     result,

      at process.env.NODE_ENV.exports.create (node_modules/react-test-renderer/cjs/react-test-renderer.development.js:14598:17)
      at hooks/__tests__/usePostAuthHandler.test.js:32:23
      at process.env.NODE_ENV.exports.act (node_modules/react/cjs/react.development.js:789:22)
      at renderHook (hooks/__tests__/usePostAuthHandler.test.js:31:6)
      at Object.renderHook (hooks/__tests__/usePostAuthHandler.test.js:379:26)
      at asyncGeneratorStep (node_modules/@babel/runtime/helpers/asyncToGenerator.js:3:17)
      at _next (node_modules/@babel/runtime/helpers/asyncToGenerator.js:17:9)
      at node_modules/@babel/runtime/helpers/asyncToGenerator.js:22:7
      at Object.<anonymous> (node_modules/@babel/runtime/helpers/asyncToGenerator.js:14:12)

    console.error
      The current testing environment is not configured to support act(...)

      30 |   let component;
      31 |   act(() => {
    > 32 |     component = create(<TestComponent hookProps={initialProps} />);
         |                       ^
      33 |   });
      34 |   return {
      35 |     result,

      at isConcurrentActEnvironment (node_modules/react-test-renderer/cjs/react-test-renderer.development.js:10243:17)
      at warnIfUpdatesNotWrappedWithActDEV (node_modules/react-test-renderer/cjs/react-test-renderer.development.js:11798:7)
      at scheduleUpdateOnFiber (node_modules/react-test-renderer/cjs/react-test-renderer.development.js:10326:9)
      at updateContainerImpl (node_modules/react-test-renderer/cjs/react-test-renderer.development.js:12382:10)
      at updateContainer (node_modules/react-test-renderer/cjs/react-test-renderer.development.js:12326:7)
      at process.env.NODE_ENV.exports.create (node_modules/react-test-renderer/cjs/react-test-renderer.development.js:14630:7)
      at hooks/__tests__/usePostAuthHandler.test.js:32:23
      at process.env.NODE_ENV.exports.act (node_modules/react/cjs/react.development.js:789:22)
      at renderHook (hooks/__tests__/usePostAuthHandler.test.js:31:6)
      at Object.renderHook (hooks/__tests__/usePostAuthHandler.test.js:379:26)
      at asyncGeneratorStep (node_modules/@babel/runtime/helpers/asyncToGenerator.js:3:17)
      at _next (node_modules/@babel/runtime/helpers/asyncToGenerator.js:17:9)
      at node_modules/@babel/runtime/helpers/asyncToGenerator.js:22:7
      at Object.<anonymous> (node_modules/@babel/runtime/helpers/asyncToGenerator.js:14:12)

PASS hooks/__tests__/useReceiveScreenAnimations.test.js
  ● Console

    console.error
      react-test-renderer is deprecated. See https://react.dev/warnings/react-test-renderer

      16 |   let component;
      17 |   act(() => {
    > 18 |     component = create(<TestComponent />);
         |                       ^
      19 |   });
      20 |   return { result, unmount: () => component.unmount() };
      21 | }

      at process.env.NODE_ENV.exports.create (node_modules/react-test-renderer/cjs/react-test-renderer.development.js:14598:17)
      at hooks/__tests__/useReceiveScreenAnimations.test.js:18:23
      at process.env.NODE_ENV.exports.act (node_modules/react/cjs/react.development.js:789:22)
      at renderHook (hooks/__tests__/useReceiveScreenAnimations.test.js:17:6)
      at Object.renderHook (hooks/__tests__/useReceiveScreenAnimations.test.js:31:24)

    console.error
      The current testing environment is not configured to support act(...)

      16 |   let component;
      17 |   act(() => {
    > 18 |     component = create(<TestComponent />);
         |                       ^
      19 |   });
      20 |   return { result, unmount: () => component.unmount() };
      21 | }

      at isConcurrentActEnvironment (node_modules/react-test-renderer/cjs/react-test-renderer.development.js:10243:17)
      at warnIfUpdatesNotWrappedWithActDEV (node_modules/react-test-renderer/cjs/react-test-renderer.development.js:11798:7)
      at scheduleUpdateOnFiber (node_modules/react-test-renderer/cjs/react-test-renderer.development.js:10326:9)
      at updateContainerImpl (node_modules/react-test-renderer/cjs/react-test-renderer.development.js:12382:10)
      at updateContainer (node_modules/react-test-renderer/cjs/react-test-renderer.development.js:12326:7)
      at process.env.NODE_ENV.exports.create (node_modules/react-test-renderer/cjs/react-test-renderer.development.js:14630:7)
      at hooks/__tests__/useReceiveScreenAnimations.test.js:18:23
      at process.env.NODE_ENV.exports.act (node_modules/react/cjs/react.development.js:789:22)
      at renderHook (hooks/__tests__/useReceiveScreenAnimations.test.js:17:6)
      at Object.renderHook (hooks/__tests__/useReceiveScreenAnimations.test.js:31:24)

    console.error
      react-test-renderer is deprecated. See https://react.dev/warnings/react-test-renderer

      16 |   let component;
      17 |   act(() => {
    > 18 |     component = create(<TestComponent />);
         |                       ^
      19 |   });
      20 |   return { result, unmount: () => component.unmount() };
      21 | }

      at process.env.NODE_ENV.exports.create (node_modules/react-test-renderer/cjs/react-test-renderer.development.js:14598:17)
      at hooks/__tests__/useReceiveScreenAnimations.test.js:18:23
      at process.env.NODE_ENV.exports.act (node_modules/react/cjs/react.development.js:789:22)
      at renderHook (hooks/__tests__/useReceiveScreenAnimations.test.js:17:6)
      at Object.renderHook (hooks/__tests__/useReceiveScreenAnimations.test.js:44:24)

    console.error
      The current testing environment is not configured to support act(...)

      16 |   let component;
      17 |   act(() => {
    > 18 |     component = create(<TestComponent />);
         |                       ^
      19 |   });
      20 |   return { result, unmount: () => component.unmount() };
      21 | }

      at isConcurrentActEnvironment (node_modules/react-test-renderer/cjs/react-test-renderer.development.js:10243:17)
      at warnIfUpdatesNotWrappedWithActDEV (node_modules/react-test-renderer/cjs/react-test-renderer.development.js:11798:7)
      at scheduleUpdateOnFiber (node_modules/react-test-renderer/cjs/react-test-renderer.development.js:10326:9)
      at updateContainerImpl (node_modules/react-test-renderer/cjs/react-test-renderer.development.js:12382:10)
      at updateContainer (node_modules/react-test-renderer/cjs/react-test-renderer.development.js:12326:7)
      at process.env.NODE_ENV.exports.create (node_modules/react-test-renderer/cjs/react-test-renderer.development.js:14630:7)
      at hooks/__tests__/useReceiveScreenAnimations.test.js:18:23
      at process.env.NODE_ENV.exports.act (node_modules/react/cjs/react.development.js:789:22)
      at renderHook (hooks/__tests__/useReceiveScreenAnimations.test.js:17:6)
      at Object.renderHook (hooks/__tests__/useReceiveScreenAnimations.test.js:44:24)

    console.error
      react-test-renderer is deprecated. See https://react.dev/warnings/react-test-renderer

      16 |   let component;
      17 |   act(() => {
    > 18 |     component = create(<TestComponent />);
         |                       ^
      19 |   });
      20 |   return { result, unmount: () => component.unmount() };
      21 | }

      at process.env.NODE_ENV.exports.create (node_modules/react-test-renderer/cjs/react-test-renderer.development.js:14598:17)
      at hooks/__tests__/useReceiveScreenAnimations.test.js:18:23
      at process.env.NODE_ENV.exports.act (node_modules/react/cjs/react.development.js:789:22)
      at renderHook (hooks/__tests__/useReceiveScreenAnimations.test.js:17:6)
      at Object.renderHook (hooks/__tests__/useReceiveScreenAnimations.test.js:55:24)

    console.error
      The current testing environment is not configured to support act(...)

      16 |   let component;
      17 |   act(() => {
    > 18 |     component = create(<TestComponent />);
         |                       ^
      19 |   });
      20 |   return { result, unmount: () => component.unmount() };
      21 | }

      at isConcurrentActEnvironment (node_modules/react-test-renderer/cjs/react-test-renderer.development.js:10243:17)
      at warnIfUpdatesNotWrappedWithActDEV (node_modules/react-test-renderer/cjs/react-test-renderer.development.js:11798:7)
      at scheduleUpdateOnFiber (node_modules/react-test-renderer/cjs/react-test-renderer.development.js:10326:9)
      at updateContainerImpl (node_modules/react-test-renderer/cjs/react-test-renderer.development.js:12382:10)
      at updateContainer (node_modules/react-test-renderer/cjs/react-test-renderer.development.js:12326:7)
      at process.env.NODE_ENV.exports.create (node_modules/react-test-renderer/cjs/react-test-renderer.development.js:14630:7)
      at hooks/__tests__/useReceiveScreenAnimations.test.js:18:23
      at process.env.NODE_ENV.exports.act (node_modules/react/cjs/react.development.js:789:22)
      at renderHook (hooks/__tests__/useReceiveScreenAnimations.test.js:17:6)
      at Object.renderHook (hooks/__tests__/useReceiveScreenAnimations.test.js:55:24)

    console.error
      react-test-renderer is deprecated. See https://react.dev/warnings/react-test-renderer

      16 |   let component;
      17 |   act(() => {
    > 18 |     component = create(<TestComponent />);
         |                       ^
      19 |   });
      20 |   return { result, unmount: () => component.unmount() };
      21 | }

      at process.env.NODE_ENV.exports.create (node_modules/react-test-renderer/cjs/react-test-renderer.development.js:14598:17)
      at hooks/__tests__/useReceiveScreenAnimations.test.js:18:23
      at process.env.NODE_ENV.exports.act (node_modules/react/cjs/react.development.js:789:22)
      at renderHook (hooks/__tests__/useReceiveScreenAnimations.test.js:17:6)
      at Object.renderHook (hooks/__tests__/useReceiveScreenAnimations.test.js:65:24)

    console.error
      The current testing environment is not configured to support act(...)

      16 |   let component;
      17 |   act(() => {
    > 18 |     component = create(<TestComponent />);
         |                       ^
      19 |   });
      20 |   return { result, unmount: () => component.unmount() };
      21 | }

      at isConcurrentActEnvironment (node_modules/react-test-renderer/cjs/react-test-renderer.development.js:10243:17)
      at warnIfUpdatesNotWrappedWithActDEV (node_modules/react-test-renderer/cjs/react-test-renderer.development.js:11798:7)
      at scheduleUpdateOnFiber (node_modules/react-test-renderer/cjs/react-test-renderer.development.js:10326:9)
      at updateContainerImpl (node_modules/react-test-renderer/cjs/react-test-renderer.development.js:12382:10)
      at updateContainer (node_modules/react-test-renderer/cjs/react-test-renderer.development.js:12326:7)
      at process.env.NODE_ENV.exports.create (node_modules/react-test-renderer/cjs/react-test-renderer.development.js:14630:7)
      at hooks/__tests__/useReceiveScreenAnimations.test.js:18:23
      at process.env.NODE_ENV.exports.act (node_modules/react/cjs/react.development.js:789:22)
      at renderHook (hooks/__tests__/useReceiveScreenAnimations.test.js:17:6)
      at Object.renderHook (hooks/__tests__/useReceiveScreenAnimations.test.js:65:24)

    console.error
      react-test-renderer is deprecated. See https://react.dev/warnings/react-test-renderer

      16 |   let component;
      17 |   act(() => {
    > 18 |     component = create(<TestComponent />);
         |                       ^
      19 |   });
      20 |   return { result, unmount: () => component.unmount() };
      21 | }

      at process.env.NODE_ENV.exports.create (node_modules/react-test-renderer/cjs/react-test-renderer.development.js:14598:17)
      at hooks/__tests__/useReceiveScreenAnimations.test.js:18:23
      at process.env.NODE_ENV.exports.act (node_modules/react/cjs/react.development.js:789:22)
      at renderHook (hooks/__tests__/useReceiveScreenAnimations.test.js:17:6)
      at Object.renderHook (hooks/__tests__/useReceiveScreenAnimations.test.js:78:24)

    console.error
      The current testing environment is not configured to support act(...)

      16 |   let component;
      17 |   act(() => {
    > 18 |     component = create(<TestComponent />);
         |                       ^
      19 |   });
      20 |   return { result, unmount: () => component.unmount() };
      21 | }

      at isConcurrentActEnvironment (node_modules/react-test-renderer/cjs/react-test-renderer.development.js:10243:17)
      at warnIfUpdatesNotWrappedWithActDEV (node_modules/react-test-renderer/cjs/react-test-renderer.development.js:11798:7)
      at scheduleUpdateOnFiber (node_modules/react-test-renderer/cjs/react-test-renderer.development.js:10326:9)
      at updateContainerImpl (node_modules/react-test-renderer/cjs/react-test-renderer.development.js:12382:10)
      at updateContainer (node_modules/react-test-renderer/cjs/react-test-renderer.development.js:12326:7)
      at process.env.NODE_ENV.exports.create (node_modules/react-test-renderer/cjs/react-test-renderer.development.js:14630:7)
      at hooks/__tests__/useReceiveScreenAnimations.test.js:18:23
      at process.env.NODE_ENV.exports.act (node_modules/react/cjs/react.development.js:789:22)
      at renderHook (hooks/__tests__/useReceiveScreenAnimations.test.js:17:6)
      at Object.renderHook (hooks/__tests__/useReceiveScreenAnimations.test.js:78:24)

    console.error
      react-test-renderer is deprecated. See https://react.dev/warnings/react-test-renderer

      16 |   let component;
      17 |   act(() => {
    > 18 |     component = create(<TestComponent />);
         |                       ^
      19 |   });
      20 |   return { result, unmount: () => component.unmount() };
      21 | }

      at process.env.NODE_ENV.exports.create (node_modules/react-test-renderer/cjs/react-test-renderer.development.js:14598:17)
      at hooks/__tests__/useReceiveScreenAnimations.test.js:18:23
      at process.env.NODE_ENV.exports.act (node_modules/react/cjs/react.development.js:789:22)
      at renderHook (hooks/__tests__/useReceiveScreenAnimations.test.js:17:6)
      at Object.renderHook (hooks/__tests__/useReceiveScreenAnimations.test.js:89:24)

    console.error
      The current testing environment is not configured to support act(...)

      16 |   let component;
      17 |   act(() => {
    > 18 |     component = create(<TestComponent />);
         |                       ^
      19 |   });
      20 |   return { result, unmount: () => component.unmount() };
      21 | }

      at isConcurrentActEnvironment (node_modules/react-test-renderer/cjs/react-test-renderer.development.js:10243:17)
      at warnIfUpdatesNotWrappedWithActDEV (node_modules/react-test-renderer/cjs/react-test-renderer.development.js:11798:7)
      at scheduleUpdateOnFiber (node_modules/react-test-renderer/cjs/react-test-renderer.development.js:10326:9)
      at updateContainerImpl (node_modules/react-test-renderer/cjs/react-test-renderer.development.js:12382:10)
      at updateContainer (node_modules/react-test-renderer/cjs/react-test-renderer.development.js:12326:7)
      at process.env.NODE_ENV.exports.create (node_modules/react-test-renderer/cjs/react-test-renderer.development.js:14630:7)
      at hooks/__tests__/useReceiveScreenAnimations.test.js:18:23
      at process.env.NODE_ENV.exports.act (node_modules/react/cjs/react.development.js:789:22)
      at renderHook (hooks/__tests__/useReceiveScreenAnimations.test.js:17:6)
      at Object.renderHook (hooks/__tests__/useReceiveScreenAnimations.test.js:89:24)

    console.error
      react-test-renderer is deprecated. See https://react.dev/warnings/react-test-renderer

      16 |   let component;
      17 |   act(() => {
    > 18 |     component = create(<TestComponent />);
         |                       ^
      19 |   });
      20 |   return { result, unmount: () => component.unmount() };
      21 | }

      at process.env.NODE_ENV.exports.create (node_modules/react-test-renderer/cjs/react-test-renderer.development.js:14598:17)
      at hooks/__tests__/useReceiveScreenAnimations.test.js:18:23
      at process.env.NODE_ENV.exports.act (node_modules/react/cjs/react.development.js:789:22)
      at renderHook (hooks/__tests__/useReceiveScreenAnimations.test.js:17:6)
      at Object.renderHook (hooks/__tests__/useReceiveScreenAnimations.test.js:103:33)

    console.error
      The current testing environment is not configured to support act(...)

      16 |   let component;
      17 |   act(() => {
    > 18 |     component = create(<TestComponent />);
         |                       ^
      19 |   });
      20 |   return { result, unmount: () => component.unmount() };
      21 | }

      at isConcurrentActEnvironment (node_modules/react-test-renderer/cjs/react-test-renderer.development.js:10243:17)
      at warnIfUpdatesNotWrappedWithActDEV (node_modules/react-test-renderer/cjs/react-test-renderer.development.js:11798:7)
      at scheduleUpdateOnFiber (node_modules/react-test-renderer/cjs/react-test-renderer.development.js:10326:9)
      at updateContainerImpl (node_modules/react-test-renderer/cjs/react-test-renderer.development.js:12382:10)
      at updateContainer (node_modules/react-test-renderer/cjs/react-test-renderer.development.js:12326:7)
      at process.env.NODE_ENV.exports.create (node_modules/react-test-renderer/cjs/react-test-renderer.development.js:14630:7)
      at hooks/__tests__/useReceiveScreenAnimations.test.js:18:23
      at process.env.NODE_ENV.exports.act (node_modules/react/cjs/react.development.js:789:22)
      at renderHook (hooks/__tests__/useReceiveScreenAnimations.test.js:17:6)
      at Object.renderHook (hooks/__tests__/useReceiveScreenAnimations.test.js:103:33)

    console.error
      react-test-renderer is deprecated. See https://react.dev/warnings/react-test-renderer

      16 |   let component;
      17 |   act(() => {
    > 18 |     component = create(<TestComponent />);
         |                       ^
      19 |   });
      20 |   return { result, unmount: () => component.unmount() };
      21 | }

      at process.env.NODE_ENV.exports.create (node_modules/react-test-renderer/cjs/react-test-renderer.development.js:14598:17)
      at hooks/__tests__/useReceiveScreenAnimations.test.js:18:23
      at process.env.NODE_ENV.exports.act (node_modules/react/cjs/react.development.js:789:22)
      at renderHook (hooks/__tests__/useReceiveScreenAnimations.test.js:17:6)
      at Object.renderHook (hooks/__tests__/useReceiveScreenAnimations.test.js:109:35)

    console.error
      The current testing environment is not configured to support act(...)

      16 |   let component;
      17 |   act(() => {
    > 18 |     component = create(<TestComponent />);
         |                       ^
      19 |   });
      20 |   return { result, unmount: () => component.unmount() };
      21 | }

      at isConcurrentActEnvironment (node_modules/react-test-renderer/cjs/react-test-renderer.development.js:10243:17)
      at warnIfUpdatesNotWrappedWithActDEV (node_modules/react-test-renderer/cjs/react-test-renderer.development.js:11798:7)
      at scheduleUpdateOnFiber (node_modules/react-test-renderer/cjs/react-test-renderer.development.js:10326:9)
      at updateContainerImpl (node_modules/react-test-renderer/cjs/react-test-renderer.development.js:12382:10)
      at updateContainer (node_modules/react-test-renderer/cjs/react-test-renderer.development.js:12326:7)
      at process.env.NODE_ENV.exports.create (node_modules/react-test-renderer/cjs/react-test-renderer.development.js:14630:7)
      at hooks/__tests__/useReceiveScreenAnimations.test.js:18:23
      at process.env.NODE_ENV.exports.act (node_modules/react/cjs/react.development.js:789:22)
      at renderHook (hooks/__tests__/useReceiveScreenAnimations.test.js:17:6)
      at Object.renderHook (hooks/__tests__/useReceiveScreenAnimations.test.js:109:35)

    console.error
      react-test-renderer is deprecated. See https://react.dev/warnings/react-test-renderer

      16 |   let component;
      17 |   act(() => {
    > 18 |     component = create(<TestComponent />);
         |                       ^
      19 |   });
      20 |   return { result, unmount: () => component.unmount() };
      21 | }

      at process.env.NODE_ENV.exports.create (node_modules/react-test-renderer/cjs/react-test-renderer.development.js:14598:17)
      at hooks/__tests__/useReceiveScreenAnimations.test.js:18:23
      at process.env.NODE_ENV.exports.act (node_modules/react/cjs/react.development.js:789:22)
      at renderHook (hooks/__tests__/useReceiveScreenAnimations.test.js:17:6)
      at Object.renderHook (hooks/__tests__/useReceiveScreenAnimations.test.js:117:33)

    console.error
      The current testing environment is not configured to support act(...)

      16 |   let component;
      17 |   act(() => {
    > 18 |     component = create(<TestComponent />);
         |                       ^
      19 |   });
      20 |   return { result, unmount: () => component.unmount() };
      21 | }

      at isConcurrentActEnvironment (node_modules/react-test-renderer/cjs/react-test-renderer.development.js:10243:17)
      at warnIfUpdatesNotWrappedWithActDEV (node_modules/react-test-renderer/cjs/react-test-renderer.development.js:11798:7)
      at scheduleUpdateOnFiber (node_modules/react-test-renderer/cjs/react-test-renderer.development.js:10326:9)
      at updateContainerImpl (node_modules/react-test-renderer/cjs/react-test-renderer.development.js:12382:10)
      at updateContainer (node_modules/react-test-renderer/cjs/react-test-renderer.development.js:12326:7)
      at process.env.NODE_ENV.exports.create (node_modules/react-test-renderer/cjs/react-test-renderer.development.js:14630:7)
      at hooks/__tests__/useReceiveScreenAnimations.test.js:18:23
      at process.env.NODE_ENV.exports.act (node_modules/react/cjs/react.development.js:789:22)
      at renderHook (hooks/__tests__/useReceiveScreenAnimations.test.js:17:6)
      at Object.renderHook (hooks/__tests__/useReceiveScreenAnimations.test.js:117:33)

    console.error
      react-test-renderer is deprecated. See https://react.dev/warnings/react-test-renderer

      16 |   let component;
      17 |   act(() => {
    > 18 |     component = create(<TestComponent />);
         |                       ^
      19 |   });
      20 |   return { result, unmount: () => component.unmount() };
      21 | }

      at process.env.NODE_ENV.exports.create (node_modules/react-test-renderer/cjs/react-test-renderer.development.js:14598:17)
      at hooks/__tests__/useReceiveScreenAnimations.test.js:18:23
      at process.env.NODE_ENV.exports.act (node_modules/react/cjs/react.development.js:789:22)
      at renderHook (hooks/__tests__/useReceiveScreenAnimations.test.js:17:6)
      at Object.renderHook (hooks/__tests__/useReceiveScreenAnimations.test.js:124:35)

    console.error
      The current testing environment is not configured to support act(...)

      16 |   let component;
      17 |   act(() => {
    > 18 |     component = create(<TestComponent />);
         |                       ^
      19 |   });
      20 |   return { result, unmount: () => component.unmount() };
      21 | }

      at isConcurrentActEnvironment (node_modules/react-test-renderer/cjs/react-test-renderer.development.js:10243:17)
      at warnIfUpdatesNotWrappedWithActDEV (node_modules/react-test-renderer/cjs/react-test-renderer.development.js:11798:7)
      at scheduleUpdateOnFiber (node_modules/react-test-renderer/cjs/react-test-renderer.development.js:10326:9)
      at updateContainerImpl (node_modules/react-test-renderer/cjs/react-test-renderer.development.js:12382:10)
      at updateContainer (node_modules/react-test-renderer/cjs/react-test-renderer.development.js:12326:7)
      at process.env.NODE_ENV.exports.create (node_modules/react-test-renderer/cjs/react-test-renderer.development.js:14630:7)
      at hooks/__tests__/useReceiveScreenAnimations.test.js:18:23
      at process.env.NODE_ENV.exports.act (node_modules/react/cjs/react.development.js:789:22)
      at renderHook (hooks/__tests__/useReceiveScreenAnimations.test.js:17:6)
      at Object.renderHook (hooks/__tests__/useReceiveScreenAnimations.test.js:124:35)

    console.error
      react-test-renderer is deprecated. See https://react.dev/warnings/react-test-renderer

      16 |   let component;
      17 |   act(() => {
    > 18 |     component = create(<TestComponent />);
         |                       ^
      19 |   });
      20 |   return { result, unmount: () => component.unmount() };
      21 | }

      at process.env.NODE_ENV.exports.create (node_modules/react-test-renderer/cjs/react-test-renderer.development.js:14598:17)
      at hooks/__tests__/useReceiveScreenAnimations.test.js:18:23
      at process.env.NODE_ENV.exports.act (node_modules/react/cjs/react.development.js:789:22)
      at renderHook (hooks/__tests__/useReceiveScreenAnimations.test.js:17:6)
      at Object.renderHook (hooks/__tests__/useReceiveScreenAnimations.test.js:135:26)

    console.error
      The current testing environment is not configured to support act(...)

      16 |   let component;
      17 |   act(() => {
    > 18 |     component = create(<TestComponent />);
         |                       ^
      19 |   });
      20 |   return { result, unmount: () => component.unmount() };
      21 | }

      at isConcurrentActEnvironment (node_modules/react-test-renderer/cjs/react-test-renderer.development.js:10243:17)
      at warnIfUpdatesNotWrappedWithActDEV (node_modules/react-test-renderer/cjs/react-test-renderer.development.js:11798:7)
      at scheduleUpdateOnFiber (node_modules/react-test-renderer/cjs/react-test-renderer.development.js:10326:9)
      at updateContainerImpl (node_modules/react-test-renderer/cjs/react-test-renderer.development.js:12382:10)
      at updateContainer (node_modules/react-test-renderer/cjs/react-test-renderer.development.js:12326:7)
      at process.env.NODE_ENV.exports.create (node_modules/react-test-renderer/cjs/react-test-renderer.development.js:14630:7)
      at hooks/__tests__/useReceiveScreenAnimations.test.js:18:23
      at process.env.NODE_ENV.exports.act (node_modules/react/cjs/react.development.js:789:22)
      at renderHook (hooks/__tests__/useReceiveScreenAnimations.test.js:17:6)
      at Object.renderHook (hooks/__tests__/useReceiveScreenAnimations.test.js:135:26)

    console.error
      react-test-renderer is deprecated. See https://react.dev/warnings/react-test-renderer

      16 |   let component;
      17 |   act(() => {
    > 18 |     component = create(<TestComponent />);
         |                       ^
      19 |   });
      20 |   return { result, unmount: () => component.unmount() };
      21 | }

      at process.env.NODE_ENV.exports.create (node_modules/react-test-renderer/cjs/react-test-renderer.development.js:14598:17)
      at hooks/__tests__/useReceiveScreenAnimations.test.js:18:23
      at process.env.NODE_ENV.exports.act (node_modules/react/cjs/react.development.js:789:22)
      at renderHook (hooks/__tests__/useReceiveScreenAnimations.test.js:17:6)
      at Object.renderHook (hooks/__tests__/useReceiveScreenAnimations.test.js:144:26)

    console.error
      The current testing environment is not configured to support act(...)

      16 |   let component;
      17 |   act(() => {
    > 18 |     component = create(<TestComponent />);
         |                       ^
      19 |   });
      20 |   return { result, unmount: () => component.unmount() };
      21 | }

      at isConcurrentActEnvironment (node_modules/react-test-renderer/cjs/react-test-renderer.development.js:10243:17)
      at warnIfUpdatesNotWrappedWithActDEV (node_modules/react-test-renderer/cjs/react-test-renderer.development.js:11798:7)
      at scheduleUpdateOnFiber (node_modules/react-test-renderer/cjs/react-test-renderer.development.js:10326:9)
      at updateContainerImpl (node_modules/react-test-renderer/cjs/react-test-renderer.development.js:12382:10)
      at updateContainer (node_modules/react-test-renderer/cjs/react-test-renderer.development.js:12326:7)
      at process.env.NODE_ENV.exports.create (node_modules/react-test-renderer/cjs/react-test-renderer.development.js:14630:7)
      at hooks/__tests__/useReceiveScreenAnimations.test.js:18:23
      at process.env.NODE_ENV.exports.act (node_modules/react/cjs/react.development.js:789:22)
      at renderHook (hooks/__tests__/useReceiveScreenAnimations.test.js:17:6)
      at Object.renderHook (hooks/__tests__/useReceiveScreenAnimations.test.js:144:26)

    console.error
      react-test-renderer is deprecated. See https://react.dev/warnings/react-test-renderer

      16 |   let component;
      17 |   act(() => {
    > 18 |     component = create(<TestComponent />);
         |                       ^
      19 |   });
      20 |   return { result, unmount: () => component.unmount() };
      21 | }

      at process.env.NODE_ENV.exports.create (node_modules/react-test-renderer/cjs/react-test-renderer.development.js:14598:17)
      at hooks/__tests__/useReceiveScreenAnimations.test.js:18:23
      at process.env.NODE_ENV.exports.act (node_modules/react/cjs/react.development.js:789:22)
      at renderHook (hooks/__tests__/useReceiveScreenAnimations.test.js:17:6)
      at Object.renderHook (hooks/__tests__/useReceiveScreenAnimations.test.js:157:26)

    console.error
      The current testing environment is not configured to support act(...)

      16 |   let component;
      17 |   act(() => {
    > 18 |     component = create(<TestComponent />);
         |                       ^
      19 |   });
      20 |   return { result, unmount: () => component.unmount() };
      21 | }

      at isConcurrentActEnvironment (node_modules/react-test-renderer/cjs/react-test-renderer.development.js:10243:17)
      at warnIfUpdatesNotWrappedWithActDEV (node_modules/react-test-renderer/cjs/react-test-renderer.development.js:11798:7)
      at scheduleUpdateOnFiber (node_modules/react-test-renderer/cjs/react-test-renderer.development.js:10326:9)
      at updateContainerImpl (node_modules/react-test-renderer/cjs/react-test-renderer.development.js:12382:10)
      at updateContainer (node_modules/react-test-renderer/cjs/react-test-renderer.development.js:12326:7)
      at process.env.NODE_ENV.exports.create (node_modules/react-test-renderer/cjs/react-test-renderer.development.js:14630:7)
      at hooks/__tests__/useReceiveScreenAnimations.test.js:18:23
      at process.env.NODE_ENV.exports.act (node_modules/react/cjs/react.development.js:789:22)
      at renderHook (hooks/__tests__/useReceiveScreenAnimations.test.js:17:6)
      at Object.renderHook (hooks/__tests__/useReceiveScreenAnimations.test.js:157:26)

    console.error
      react-test-renderer is deprecated. See https://react.dev/warnings/react-test-renderer

      16 |   let component;
      17 |   act(() => {
    > 18 |     component = create(<TestComponent />);
         |                       ^
      19 |   });
      20 |   return { result, unmount: () => component.unmount() };
      21 | }

      at process.env.NODE_ENV.exports.create (node_modules/react-test-renderer/cjs/react-test-renderer.development.js:14598:17)
      at hooks/__tests__/useReceiveScreenAnimations.test.js:18:23
      at process.env.NODE_ENV.exports.act (node_modules/react/cjs/react.development.js:789:22)
      at renderHook (hooks/__tests__/useReceiveScreenAnimations.test.js:17:6)
      at Object.renderHook (hooks/__tests__/useReceiveScreenAnimations.test.js:170:26)

    console.error
      The current testing environment is not configured to support act(...)

      16 |   let component;
      17 |   act(() => {
    > 18 |     component = create(<TestComponent />);
         |                       ^
      19 |   });
      20 |   return { result, unmount: () => component.unmount() };
      21 | }

      at isConcurrentActEnvironment (node_modules/react-test-renderer/cjs/react-test-renderer.development.js:10243:17)
      at warnIfUpdatesNotWrappedWithActDEV (node_modules/react-test-renderer/cjs/react-test-renderer.development.js:11798:7)
      at scheduleUpdateOnFiber (node_modules/react-test-renderer/cjs/react-test-renderer.development.js:10326:9)
      at updateContainerImpl (node_modules/react-test-renderer/cjs/react-test-renderer.development.js:12382:10)
      at updateContainer (node_modules/react-test-renderer/cjs/react-test-renderer.development.js:12326:7)
      at process.env.NODE_ENV.exports.create (node_modules/react-test-renderer/cjs/react-test-renderer.development.js:14630:7)
      at hooks/__tests__/useReceiveScreenAnimations.test.js:18:23
      at process.env.NODE_ENV.exports.act (node_modules/react/cjs/react.development.js:789:22)
      at renderHook (hooks/__tests__/useReceiveScreenAnimations.test.js:17:6)
      at Object.renderHook (hooks/__tests__/useReceiveScreenAnimations.test.js:170:26)

    console.error
      react-test-renderer is deprecated. See https://react.dev/warnings/react-test-renderer

      16 |   let component;
      17 |   act(() => {
    > 18 |     component = create(<TestComponent />);
         |                       ^
      19 |   });
      20 |   return { result, unmount: () => component.unmount() };
      21 | }

      at process.env.NODE_ENV.exports.create (node_modules/react-test-renderer/cjs/react-test-renderer.development.js:14598:17)
      at hooks/__tests__/useReceiveScreenAnimations.test.js:18:23
      at process.env.NODE_ENV.exports.act (node_modules/react/cjs/react.development.js:789:22)
      at renderHook (hooks/__tests__/useReceiveScreenAnimations.test.js:17:6)
      at Object.renderHook (hooks/__tests__/useReceiveScreenAnimations.test.js:182:26)

    console.error
      The current testing environment is not configured to support act(...)

      16 |   let component;
      17 |   act(() => {
    > 18 |     component = create(<TestComponent />);
         |                       ^
      19 |   });
      20 |   return { result, unmount: () => component.unmount() };
      21 | }

      at isConcurrentActEnvironment (node_modules/react-test-renderer/cjs/react-test-renderer.development.js:10243:17)
      at warnIfUpdatesNotWrappedWithActDEV (node_modules/react-test-renderer/cjs/react-test-renderer.development.js:11798:7)
      at scheduleUpdateOnFiber (node_modules/react-test-renderer/cjs/react-test-renderer.development.js:10326:9)
      at updateContainerImpl (node_modules/react-test-renderer/cjs/react-test-renderer.development.js:12382:10)
      at updateContainer (node_modules/react-test-renderer/cjs/react-test-renderer.development.js:12326:7)
      at process.env.NODE_ENV.exports.create (node_modules/react-test-renderer/cjs/react-test-renderer.development.js:14630:7)
      at hooks/__tests__/useReceiveScreenAnimations.test.js:18:23
      at process.env.NODE_ENV.exports.act (node_modules/react/cjs/react.development.js:789:22)
      at renderHook (hooks/__tests__/useReceiveScreenAnimations.test.js:17:6)
      at Object.renderHook (hooks/__tests__/useReceiveScreenAnimations.test.js:182:26)

    console.error
      react-test-renderer is deprecated. See https://react.dev/warnings/react-test-renderer

      16 |   let component;
      17 |   act(() => {
    > 18 |     component = create(<TestComponent />);
         |                       ^
      19 |   });
      20 |   return { result, unmount: () => component.unmount() };
      21 | }

      at process.env.NODE_ENV.exports.create (node_modules/react-test-renderer/cjs/react-test-renderer.development.js:14598:17)
      at hooks/__tests__/useReceiveScreenAnimations.test.js:18:23
      at process.env.NODE_ENV.exports.act (node_modules/react/cjs/react.development.js:789:22)
      at renderHook (hooks/__tests__/useReceiveScreenAnimations.test.js:17:6)
      at Object.renderHook (hooks/__tests__/useReceiveScreenAnimations.test.js:193:26)

    console.error
      The current testing environment is not configured to support act(...)

      16 |   let component;
      17 |   act(() => {
    > 18 |     component = create(<TestComponent />);
         |                       ^
      19 |   });
      20 |   return { result, unmount: () => component.unmount() };
      21 | }

      at isConcurrentActEnvironment (node_modules/react-test-renderer/cjs/react-test-renderer.development.js:10243:17)
      at warnIfUpdatesNotWrappedWithActDEV (node_modules/react-test-renderer/cjs/react-test-renderer.development.js:11798:7)
      at scheduleUpdateOnFiber (node_modules/react-test-renderer/cjs/react-test-renderer.development.js:10326:9)
      at updateContainerImpl (node_modules/react-test-renderer/cjs/react-test-renderer.development.js:12382:10)
      at updateContainer (node_modules/react-test-renderer/cjs/react-test-renderer.development.js:12326:7)
      at process.env.NODE_ENV.exports.create (node_modules/react-test-renderer/cjs/react-test-renderer.development.js:14630:7)
      at hooks/__tests__/useReceiveScreenAnimations.test.js:18:23
      at process.env.NODE_ENV.exports.act (node_modules/react/cjs/react.development.js:789:22)
      at renderHook (hooks/__tests__/useReceiveScreenAnimations.test.js:17:6)
      at Object.renderHook (hooks/__tests__/useReceiveScreenAnimations.test.js:193:26)

    console.error
      react-test-renderer is deprecated. See https://react.dev/warnings/react-test-renderer

      16 |   let component;
      17 |   act(() => {
    > 18 |     component = create(<TestComponent />);
         |                       ^
      19 |   });
      20 |   return { result, unmount: () => component.unmount() };
      21 | }

      at process.env.NODE_ENV.exports.create (node_modules/react-test-renderer/cjs/react-test-renderer.development.js:14598:17)
      at hooks/__tests__/useReceiveScreenAnimations.test.js:18:23
      at process.env.NODE_ENV.exports.act (node_modules/react/cjs/react.development.js:789:22)
      at renderHook (hooks/__tests__/useReceiveScreenAnimations.test.js:17:6)
      at Object.renderHook (hooks/__tests__/useReceiveScreenAnimations.test.js:204:26)

    console.error
      The current testing environment is not configured to support act(...)

      16 |   let component;
      17 |   act(() => {
    > 18 |     component = create(<TestComponent />);
         |                       ^
      19 |   });
      20 |   return { result, unmount: () => component.unmount() };
      21 | }

      at isConcurrentActEnvironment (node_modules/react-test-renderer/cjs/react-test-renderer.development.js:10243:17)
      at warnIfUpdatesNotWrappedWithActDEV (node_modules/react-test-renderer/cjs/react-test-renderer.development.js:11798:7)
      at scheduleUpdateOnFiber (node_modules/react-test-renderer/cjs/react-test-renderer.development.js:10326:9)
      at updateContainerImpl (node_modules/react-test-renderer/cjs/react-test-renderer.development.js:12382:10)
      at updateContainer (node_modules/react-test-renderer/cjs/react-test-renderer.development.js:12326:7)
      at process.env.NODE_ENV.exports.create (node_modules/react-test-renderer/cjs/react-test-renderer.development.js:14630:7)
      at hooks/__tests__/useReceiveScreenAnimations.test.js:18:23
      at process.env.NODE_ENV.exports.act (node_modules/react/cjs/react.development.js:789:22)
      at renderHook (hooks/__tests__/useReceiveScreenAnimations.test.js:17:6)
      at Object.renderHook (hooks/__tests__/useReceiveScreenAnimations.test.js:204:26)

    console.error
      react-test-renderer is deprecated. See https://react.dev/warnings/react-test-renderer

      16 |   let component;
      17 |   act(() => {
    > 18 |     component = create(<TestComponent />);
         |                       ^
      19 |   });
      20 |   return { result, unmount: () => component.unmount() };
      21 | }

      at process.env.NODE_ENV.exports.create (node_modules/react-test-renderer/cjs/react-test-renderer.development.js:14598:17)
      at hooks/__tests__/useReceiveScreenAnimations.test.js:18:23
      at process.env.NODE_ENV.exports.act (node_modules/react/cjs/react.development.js:789:22)
      at renderHook (hooks/__tests__/useReceiveScreenAnimations.test.js:17:6)
      at Object.renderHook (hooks/__tests__/useReceiveScreenAnimations.test.js:215:26)

    console.error
      The current testing environment is not configured to support act(...)

      16 |   let component;
      17 |   act(() => {
    > 18 |     component = create(<TestComponent />);
         |                       ^
      19 |   });
      20 |   return { result, unmount: () => component.unmount() };
      21 | }

      at isConcurrentActEnvironment (node_modules/react-test-renderer/cjs/react-test-renderer.development.js:10243:17)
      at warnIfUpdatesNotWrappedWithActDEV (node_modules/react-test-renderer/cjs/react-test-renderer.development.js:11798:7)
      at scheduleUpdateOnFiber (node_modules/react-test-renderer/cjs/react-test-renderer.development.js:10326:9)
      at updateContainerImpl (node_modules/react-test-renderer/cjs/react-test-renderer.development.js:12382:10)
      at updateContainer (node_modules/react-test-renderer/cjs/react-test-renderer.development.js:12326:7)
      at process.env.NODE_ENV.exports.create (node_modules/react-test-renderer/cjs/react-test-renderer.development.js:14630:7)
      at hooks/__tests__/useReceiveScreenAnimations.test.js:18:23
      at process.env.NODE_ENV.exports.act (node_modules/react/cjs/react.development.js:789:22)
      at renderHook (hooks/__tests__/useReceiveScreenAnimations.test.js:17:6)
      at Object.renderHook (hooks/__tests__/useReceiveScreenAnimations.test.js:215:26)

    console.error
      react-test-renderer is deprecated. See https://react.dev/warnings/react-test-renderer

      16 |   let component;
      17 |   act(() => {
    > 18 |     component = create(<TestComponent />);
         |                       ^
      19 |   });
      20 |   return { result, unmount: () => component.unmount() };
      21 | }

      at process.env.NODE_ENV.exports.create (node_modules/react-test-renderer/cjs/react-test-renderer.development.js:14598:17)
      at hooks/__tests__/useReceiveScreenAnimations.test.js:18:23
      at process.env.NODE_ENV.exports.act (node_modules/react/cjs/react.development.js:789:22)
      at renderHook (hooks/__tests__/useReceiveScreenAnimations.test.js:17:6)
      at Object.renderHook (hooks/__tests__/useReceiveScreenAnimations.test.js:229:26)

    console.error
      The current testing environment is not configured to support act(...)

      16 |   let component;
      17 |   act(() => {
    > 18 |     component = create(<TestComponent />);
         |                       ^
      19 |   });
      20 |   return { result, unmount: () => component.unmount() };
      21 | }

      at isConcurrentActEnvironment (node_modules/react-test-renderer/cjs/react-test-renderer.development.js:10243:17)
      at warnIfUpdatesNotWrappedWithActDEV (node_modules/react-test-renderer/cjs/react-test-renderer.development.js:11798:7)
      at scheduleUpdateOnFiber (node_modules/react-test-renderer/cjs/react-test-renderer.development.js:10326:9)
      at updateContainerImpl (node_modules/react-test-renderer/cjs/react-test-renderer.development.js:12382:10)
      at updateContainer (node_modules/react-test-renderer/cjs/react-test-renderer.development.js:12326:7)
      at process.env.NODE_ENV.exports.create (node_modules/react-test-renderer/cjs/react-test-renderer.development.js:14630:7)
      at hooks/__tests__/useReceiveScreenAnimations.test.js:18:23
      at process.env.NODE_ENV.exports.act (node_modules/react/cjs/react.development.js:789:22)
      at renderHook (hooks/__tests__/useReceiveScreenAnimations.test.js:17:6)
      at Object.renderHook (hooks/__tests__/useReceiveScreenAnimations.test.js:229:26)

    console.error
      react-test-renderer is deprecated. See https://react.dev/warnings/react-test-renderer

      16 |   let component;
      17 |   act(() => {
    > 18 |     component = create(<TestComponent />);
         |                       ^
      19 |   });
      20 |   return { result, unmount: () => component.unmount() };
      21 | }

      at process.env.NODE_ENV.exports.create (node_modules/react-test-renderer/cjs/react-test-renderer.development.js:14598:17)
      at hooks/__tests__/useReceiveScreenAnimations.test.js:18:23
      at process.env.NODE_ENV.exports.act (node_modules/react/cjs/react.development.js:789:22)
      at renderHook (hooks/__tests__/useReceiveScreenAnimations.test.js:17:6)
      at Object.renderHook (hooks/__tests__/useReceiveScreenAnimations.test.js:238:26)

    console.error
      The current testing environment is not configured to support act(...)

      16 |   let component;
      17 |   act(() => {
    > 18 |     component = create(<TestComponent />);
         |                       ^
      19 |   });
      20 |   return { result, unmount: () => component.unmount() };
      21 | }

      at isConcurrentActEnvironment (node_modules/react-test-renderer/cjs/react-test-renderer.development.js:10243:17)
      at warnIfUpdatesNotWrappedWithActDEV (node_modules/react-test-renderer/cjs/react-test-renderer.development.js:11798:7)
      at scheduleUpdateOnFiber (node_modules/react-test-renderer/cjs/react-test-renderer.development.js:10326:9)
      at updateContainerImpl (node_modules/react-test-renderer/cjs/react-test-renderer.development.js:12382:10)
      at updateContainer (node_modules/react-test-renderer/cjs/react-test-renderer.development.js:12326:7)
      at process.env.NODE_ENV.exports.create (node_modules/react-test-renderer/cjs/react-test-renderer.development.js:14630:7)
      at hooks/__tests__/useReceiveScreenAnimations.test.js:18:23
      at process.env.NODE_ENV.exports.act (node_modules/react/cjs/react.development.js:789:22)
      at renderHook (hooks/__tests__/useReceiveScreenAnimations.test.js:17:6)
      at Object.renderHook (hooks/__tests__/useReceiveScreenAnimations.test.js:238:26)

    console.error
      react-test-renderer is deprecated. See https://react.dev/warnings/react-test-renderer

      16 |   let component;
      17 |   act(() => {
    > 18 |     component = create(<TestComponent />);
         |                       ^
      19 |   });
      20 |   return { result, unmount: () => component.unmount() };
      21 | }

      at process.env.NODE_ENV.exports.create (node_modules/react-test-renderer/cjs/react-test-renderer.development.js:14598:17)
      at hooks/__tests__/useReceiveScreenAnimations.test.js:18:23
      at process.env.NODE_ENV.exports.act (node_modules/react/cjs/react.development.js:789:22)
      at renderHook (hooks/__tests__/useReceiveScreenAnimations.test.js:17:6)
      at Object.renderHook (hooks/__tests__/useReceiveScreenAnimations.test.js:251:26)

    console.error
      The current testing environment is not configured to support act(...)

      16 |   let component;
      17 |   act(() => {
    > 18 |     component = create(<TestComponent />);
         |                       ^
      19 |   });
      20 |   return { result, unmount: () => component.unmount() };
      21 | }

      at isConcurrentActEnvironment (node_modules/react-test-renderer/cjs/react-test-renderer.development.js:10243:17)
      at warnIfUpdatesNotWrappedWithActDEV (node_modules/react-test-renderer/cjs/react-test-renderer.development.js:11798:7)
      at scheduleUpdateOnFiber (node_modules/react-test-renderer/cjs/react-test-renderer.development.js:10326:9)
      at updateContainerImpl (node_modules/react-test-renderer/cjs/react-test-renderer.development.js:12382:10)
      at updateContainer (node_modules/react-test-renderer/cjs/react-test-renderer.development.js:12326:7)
      at process.env.NODE_ENV.exports.create (node_modules/react-test-renderer/cjs/react-test-renderer.development.js:14630:7)
      at hooks/__tests__/useReceiveScreenAnimations.test.js:18:23
      at process.env.NODE_ENV.exports.act (node_modules/react/cjs/react.development.js:789:22)
      at renderHook (hooks/__tests__/useReceiveScreenAnimations.test.js:17:6)
      at Object.renderHook (hooks/__tests__/useReceiveScreenAnimations.test.js:251:26)

    console.error
      react-test-renderer is deprecated. See https://react.dev/warnings/react-test-renderer

      16 |   let component;
      17 |   act(() => {
    > 18 |     component = create(<TestComponent />);
         |                       ^
      19 |   });
      20 |   return { result, unmount: () => component.unmount() };
      21 | }

      at process.env.NODE_ENV.exports.create (node_modules/react-test-renderer/cjs/react-test-renderer.development.js:14598:17)
      at hooks/__tests__/useReceiveScreenAnimations.test.js:18:23
      at process.env.NODE_ENV.exports.act (node_modules/react/cjs/react.development.js:789:22)
      at renderHook (hooks/__tests__/useReceiveScreenAnimations.test.js:17:6)
      at Object.renderHook (hooks/__tests__/useReceiveScreenAnimations.test.js:264:26)

    console.error
      The current testing environment is not configured to support act(...)

      16 |   let component;
      17 |   act(() => {
    > 18 |     component = create(<TestComponent />);
         |                       ^
      19 |   });
      20 |   return { result, unmount: () => component.unmount() };
      21 | }

      at isConcurrentActEnvironment (node_modules/react-test-renderer/cjs/react-test-renderer.development.js:10243:17)
      at warnIfUpdatesNotWrappedWithActDEV (node_modules/react-test-renderer/cjs/react-test-renderer.development.js:11798:7)
      at scheduleUpdateOnFiber (node_modules/react-test-renderer/cjs/react-test-renderer.development.js:10326:9)
      at updateContainerImpl (node_modules/react-test-renderer/cjs/react-test-renderer.development.js:12382:10)
      at updateContainer (node_modules/react-test-renderer/cjs/react-test-renderer.development.js:12326:7)
      at process.env.NODE_ENV.exports.create (node_modules/react-test-renderer/cjs/react-test-renderer.development.js:14630:7)
      at hooks/__tests__/useReceiveScreenAnimations.test.js:18:23
      at process.env.NODE_ENV.exports.act (node_modules/react/cjs/react.development.js:789:22)
      at renderHook (hooks/__tests__/useReceiveScreenAnimations.test.js:17:6)
      at Object.renderHook (hooks/__tests__/useReceiveScreenAnimations.test.js:264:26)

    console.error
      react-test-renderer is deprecated. See https://react.dev/warnings/react-test-renderer

      16 |   let component;
      17 |   act(() => {
    > 18 |     component = create(<TestComponent />);
         |                       ^
      19 |   });
      20 |   return { result, unmount: () => component.unmount() };
      21 | }

      at process.env.NODE_ENV.exports.create (node_modules/react-test-renderer/cjs/react-test-renderer.development.js:14598:17)
      at hooks/__tests__/useReceiveScreenAnimations.test.js:18:23
      at process.env.NODE_ENV.exports.act (node_modules/react/cjs/react.development.js:789:22)
      at renderHook (hooks/__tests__/useReceiveScreenAnimations.test.js:17:6)
      at Object.renderHook (hooks/__tests__/useReceiveScreenAnimations.test.js:275:26)

    console.error
      The current testing environment is not configured to support act(...)

      16 |   let component;
      17 |   act(() => {
    > 18 |     component = create(<TestComponent />);
         |                       ^
      19 |   });
      20 |   return { result, unmount: () => component.unmount() };
      21 | }

      at isConcurrentActEnvironment (node_modules/react-test-renderer/cjs/react-test-renderer.development.js:10243:17)
      at warnIfUpdatesNotWrappedWithActDEV (node_modules/react-test-renderer/cjs/react-test-renderer.development.js:11798:7)
      at scheduleUpdateOnFiber (node_modules/react-test-renderer/cjs/react-test-renderer.development.js:10326:9)
      at updateContainerImpl (node_modules/react-test-renderer/cjs/react-test-renderer.development.js:12382:10)
      at updateContainer (node_modules/react-test-renderer/cjs/react-test-renderer.development.js:12326:7)
      at process.env.NODE_ENV.exports.create (node_modules/react-test-renderer/cjs/react-test-renderer.development.js:14630:7)
      at hooks/__tests__/useReceiveScreenAnimations.test.js:18:23
      at process.env.NODE_ENV.exports.act (node_modules/react/cjs/react.development.js:789:22)
      at renderHook (hooks/__tests__/useReceiveScreenAnimations.test.js:17:6)
      at Object.renderHook (hooks/__tests__/useReceiveScreenAnimations.test.js:275:26)

    console.error
      react-test-renderer is deprecated. See https://react.dev/warnings/react-test-renderer

      16 |   let component;
      17 |   act(() => {
    > 18 |     component = create(<TestComponent />);
         |                       ^
      19 |   });
      20 |   return { result, unmount: () => component.unmount() };
      21 | }

      at process.env.NODE_ENV.exports.create (node_modules/react-test-renderer/cjs/react-test-renderer.development.js:14598:17)
      at hooks/__tests__/useReceiveScreenAnimations.test.js:18:23
      at process.env.NODE_ENV.exports.act (node_modules/react/cjs/react.development.js:789:22)
      at renderHook (hooks/__tests__/useReceiveScreenAnimations.test.js:17:6)
      at Object.renderHook (hooks/__tests__/useReceiveScreenAnimations.test.js:286:26)

    console.error
      The current testing environment is not configured to support act(...)

      16 |   let component;
      17 |   act(() => {
    > 18 |     component = create(<TestComponent />);
         |                       ^
      19 |   });
      20 |   return { result, unmount: () => component.unmount() };
      21 | }

      at isConcurrentActEnvironment (node_modules/react-test-renderer/cjs/react-test-renderer.development.js:10243:17)
      at warnIfUpdatesNotWrappedWithActDEV (node_modules/react-test-renderer/cjs/react-test-renderer.development.js:11798:7)
      at scheduleUpdateOnFiber (node_modules/react-test-renderer/cjs/react-test-renderer.development.js:10326:9)
      at updateContainerImpl (node_modules/react-test-renderer/cjs/react-test-renderer.development.js:12382:10)
      at updateContainer (node_modules/react-test-renderer/cjs/react-test-renderer.development.js:12326:7)
      at process.env.NODE_ENV.exports.create (node_modules/react-test-renderer/cjs/react-test-renderer.development.js:14630:7)
      at hooks/__tests__/useReceiveScreenAnimations.test.js:18:23
      at process.env.NODE_ENV.exports.act (node_modules/react/cjs/react.development.js:789:22)
      at renderHook (hooks/__tests__/useReceiveScreenAnimations.test.js:17:6)
      at Object.renderHook (hooks/__tests__/useReceiveScreenAnimations.test.js:286:26)

    console.error
      react-test-renderer is deprecated. See https://react.dev/warnings/react-test-renderer

      16 |   let component;
      17 |   act(() => {
    > 18 |     component = create(<TestComponent />);
         |                       ^
      19 |   });
      20 |   return { result, unmount: () => component.unmount() };
      21 | }

      at process.env.NODE_ENV.exports.create (node_modules/react-test-renderer/cjs/react-test-renderer.development.js:14598:17)
      at hooks/__tests__/useReceiveScreenAnimations.test.js:18:23
      at process.env.NODE_ENV.exports.act (node_modules/react/cjs/react.development.js:789:22)
      at renderHook (hooks/__tests__/useReceiveScreenAnimations.test.js:17:6)
      at Object.renderHook (hooks/__tests__/useReceiveScreenAnimations.test.js:298:26)

    console.error
      The current testing environment is not configured to support act(...)

      16 |   let component;
      17 |   act(() => {
    > 18 |     component = create(<TestComponent />);
         |                       ^
      19 |   });
      20 |   return { result, unmount: () => component.unmount() };
      21 | }

      at isConcurrentActEnvironment (node_modules/react-test-renderer/cjs/react-test-renderer.development.js:10243:17)
      at warnIfUpdatesNotWrappedWithActDEV (node_modules/react-test-renderer/cjs/react-test-renderer.development.js:11798:7)
      at scheduleUpdateOnFiber (node_modules/react-test-renderer/cjs/react-test-renderer.development.js:10326:9)
      at updateContainerImpl (node_modules/react-test-renderer/cjs/react-test-renderer.development.js:12382:10)
      at updateContainer (node_modules/react-test-renderer/cjs/react-test-renderer.development.js:12326:7)
      at process.env.NODE_ENV.exports.create (node_modules/react-test-renderer/cjs/react-test-renderer.development.js:14630:7)
      at hooks/__tests__/useReceiveScreenAnimations.test.js:18:23
      at process.env.NODE_ENV.exports.act (node_modules/react/cjs/react.development.js:789:22)
      at renderHook (hooks/__tests__/useReceiveScreenAnimations.test.js:17:6)
      at Object.renderHook (hooks/__tests__/useReceiveScreenAnimations.test.js:298:26)

    console.error
      react-test-renderer is deprecated. See https://react.dev/warnings/react-test-renderer

      16 |   let component;
      17 |   act(() => {
    > 18 |     component = create(<TestComponent />);
         |                       ^
      19 |   });
      20 |   return { result, unmount: () => component.unmount() };
      21 | }

      at process.env.NODE_ENV.exports.create (node_modules/react-test-renderer/cjs/react-test-renderer.development.js:14598:17)
      at hooks/__tests__/useReceiveScreenAnimations.test.js:18:23
      at process.env.NODE_ENV.exports.act (node_modules/react/cjs/react.development.js:789:22)
      at renderHook (hooks/__tests__/useReceiveScreenAnimations.test.js:17:6)
      at Object.renderHook (hooks/__tests__/useReceiveScreenAnimations.test.js:309:26)

    console.error
      The current testing environment is not configured to support act(...)

      16 |   let component;
      17 |   act(() => {
    > 18 |     component = create(<TestComponent />);
         |                       ^
      19 |   });
      20 |   return { result, unmount: () => component.unmount() };
      21 | }

      at isConcurrentActEnvironment (node_modules/react-test-renderer/cjs/react-test-renderer.development.js:10243:17)
      at warnIfUpdatesNotWrappedWithActDEV (node_modules/react-test-renderer/cjs/react-test-renderer.development.js:11798:7)
      at scheduleUpdateOnFiber (node_modules/react-test-renderer/cjs/react-test-renderer.development.js:10326:9)
      at updateContainerImpl (node_modules/react-test-renderer/cjs/react-test-renderer.development.js:12382:10)
      at updateContainer (node_modules/react-test-renderer/cjs/react-test-renderer.development.js:12326:7)
      at process.env.NODE_ENV.exports.create (node_modules/react-test-renderer/cjs/react-test-renderer.development.js:14630:7)
      at hooks/__tests__/useReceiveScreenAnimations.test.js:18:23
      at process.env.NODE_ENV.exports.act (node_modules/react/cjs/react.development.js:789:22)
      at renderHook (hooks/__tests__/useReceiveScreenAnimations.test.js:17:6)
      at Object.renderHook (hooks/__tests__/useReceiveScreenAnimations.test.js:309:26)

PASS services/__tests__/backgroundTaskService.test.js
PASS hooks/__tests__/useAccountSwitcher.test.js
  ● Console

    console.error
      react-test-renderer is deprecated. See https://react.dev/warnings/react-test-renderer

      20 |   let component;
      21 |   act(() => {
    > 22 |     component = create(<TestComponent />);
         |                       ^
      23 |   });
      24 |
      25 |   return {

      at process.env.NODE_ENV.exports.create (node_modules/react-test-renderer/cjs/react-test-renderer.development.js:14598:17)
      at hooks/__tests__/useAccountSwitcher.test.js:22:23
      at process.env.NODE_ENV.exports.act (node_modules/react/cjs/react.development.js:789:22)
      at renderHook (hooks/__tests__/useAccountSwitcher.test.js:21:6)
      at Object.renderHook (hooks/__tests__/useAccountSwitcher.test.js:45:24)

    console.error
      The current testing environment is not configured to support act(...)

      20 |   let component;
      21 |   act(() => {
    > 22 |     component = create(<TestComponent />);
         |                       ^
      23 |   });
      24 |
      25 |   return {

      at isConcurrentActEnvironment (node_modules/react-test-renderer/cjs/react-test-renderer.development.js:10243:17)
      at warnIfUpdatesNotWrappedWithActDEV (node_modules/react-test-renderer/cjs/react-test-renderer.development.js:11798:7)
      at scheduleUpdateOnFiber (node_modules/react-test-renderer/cjs/react-test-renderer.development.js:10326:9)
      at updateContainerImpl (node_modules/react-test-renderer/cjs/react-test-renderer.development.js:12382:10)
      at updateContainer (node_modules/react-test-renderer/cjs/react-test-renderer.development.js:12326:7)
      at process.env.NODE_ENV.exports.create (node_modules/react-test-renderer/cjs/react-test-renderer.development.js:14630:7)
      at hooks/__tests__/useAccountSwitcher.test.js:22:23
      at process.env.NODE_ENV.exports.act (node_modules/react/cjs/react.development.js:789:22)
      at renderHook (hooks/__tests__/useAccountSwitcher.test.js:21:6)
      at Object.renderHook (hooks/__tests__/useAccountSwitcher.test.js:45:24)

    console.error
      react-test-renderer is deprecated. See https://react.dev/warnings/react-test-renderer

      20 |   let component;
      21 |   act(() => {
    > 22 |     component = create(<TestComponent />);
         |                       ^
      23 |   });
      24 |
      25 |   return {

      at process.env.NODE_ENV.exports.create (node_modules/react-test-renderer/cjs/react-test-renderer.development.js:14598:17)
      at hooks/__tests__/useAccountSwitcher.test.js:22:23
      at process.env.NODE_ENV.exports.act (node_modules/react/cjs/react.development.js:789:22)
      at renderHook (hooks/__tests__/useAccountSwitcher.test.js:21:6)
      at Object.renderHook (hooks/__tests__/useAccountSwitcher.test.js:55:24)
      at asyncGeneratorStep (node_modules/@babel/runtime/helpers/asyncToGenerator.js:3:17)
      at _next (node_modules/@babel/runtime/helpers/asyncToGenerator.js:17:9)
      at node_modules/@babel/runtime/helpers/asyncToGenerator.js:22:7
      at Object.<anonymous> (node_modules/@babel/runtime/helpers/asyncToGenerator.js:14:12)

    console.error
      The current testing environment is not configured to support act(...)

      20 |   let component;
      21 |   act(() => {
    > 22 |     component = create(<TestComponent />);
         |                       ^
      23 |   });
      24 |
      25 |   return {

      at isConcurrentActEnvironment (node_modules/react-test-renderer/cjs/react-test-renderer.development.js:10243:17)
      at warnIfUpdatesNotWrappedWithActDEV (node_modules/react-test-renderer/cjs/react-test-renderer.development.js:11798:7)
      at scheduleUpdateOnFiber (node_modules/react-test-renderer/cjs/react-test-renderer.development.js:10326:9)
      at updateContainerImpl (node_modules/react-test-renderer/cjs/react-test-renderer.development.js:12382:10)
      at updateContainer (node_modules/react-test-renderer/cjs/react-test-renderer.development.js:12326:7)
      at process.env.NODE_ENV.exports.create (node_modules/react-test-renderer/cjs/react-test-renderer.development.js:14630:7)
      at hooks/__tests__/useAccountSwitcher.test.js:22:23
      at process.env.NODE_ENV.exports.act (node_modules/react/cjs/react.development.js:789:22)
      at renderHook (hooks/__tests__/useAccountSwitcher.test.js:21:6)
      at Object.renderHook (hooks/__tests__/useAccountSwitcher.test.js:55:24)
      at asyncGeneratorStep (node_modules/@babel/runtime/helpers/asyncToGenerator.js:3:17)
      at _next (node_modules/@babel/runtime/helpers/asyncToGenerator.js:17:9)
      at node_modules/@babel/runtime/helpers/asyncToGenerator.js:22:7
      at Object.<anonymous> (node_modules/@babel/runtime/helpers/asyncToGenerator.js:14:12)

    console.error
      The current testing environment is not configured to support act(...)

      18 |
      19 |     try {
    > 20 |       setSwitchingAccount(true);
         |       ^
      21 |
      22 |       // Switch account using context
      23 |       await switchAccountContext(accountIndex);

      at isConcurrentActEnvironment (node_modules/react-test-renderer/cjs/react-test-renderer.development.js:10243:17)
      at warnIfUpdatesNotWrappedWithActDEV (node_modules/react-test-renderer/cjs/react-test-renderer.development.js:11798:7)
      at scheduleUpdateOnFiber (node_modules/react-test-renderer/cjs/react-test-renderer.development.js:10326:9)
      at dispatchSetStateInternal (node_modules/react-test-renderer/cjs/react-test-renderer.development.js:4148:13)
      at dispatchSetState (node_modules/react-test-renderer/cjs/react-test-renderer.development.js:4107:7)
      at Object.setSwitchingAccount (hooks/useAccountSwitcher.js:20:7)
      at asyncGeneratorStep (node_modules/@babel/runtime/helpers/asyncToGenerator.js:3:17)
      at _next (node_modules/@babel/runtime/helpers/asyncToGenerator.js:17:9)
      at node_modules/@babel/runtime/helpers/asyncToGenerator.js:22:7
      at Object.<anonymous> (node_modules/@babel/runtime/helpers/asyncToGenerator.js:14:12)
      at Object.apply [as switchAccount] (hooks/useAccountSwitcher.js:15:22)
      at switchAccount (hooks/__tests__/useAccountSwitcher.test.js:60:28)
      at asyncGeneratorStep (node_modules/@babel/runtime/helpers/asyncToGenerator.js:3:17)
      at _next (node_modules/@babel/runtime/helpers/asyncToGenerator.js:17:9)
      at node_modules/@babel/runtime/helpers/asyncToGenerator.js:22:7
      at node_modules/@babel/runtime/helpers/asyncToGenerator.js:14:12
      at process.env.NODE_ENV.exports.act (node_modules/react/cjs/react.development.js:789:22)
      at Object.<anonymous> (hooks/__tests__/useAccountSwitcher.test.js:59:14)
      at asyncGeneratorStep (node_modules/@babel/runtime/helpers/asyncToGenerator.js:3:17)
      at _next (node_modules/@babel/runtime/helpers/asyncToGenerator.js:17:9)
      at node_modules/@babel/runtime/helpers/asyncToGenerator.js:22:7
      at Object.<anonymous> (node_modules/@babel/runtime/helpers/asyncToGenerator.js:14:12)

    console.error
      The current testing environment is not configured to support act(...)

      23 |       await switchAccountContext(accountIndex);
      24 |
    > 25 |       setShowAccountPicker(false);
         |       ^
      26 |       setNewAccountIndex('');
      27 |     } catch (error) {
      28 |       Alert.alert(DIALOGS.ERROR_TITLE, ERRORS.ACCOUNT_SWITCH_FAILED);

      at isConcurrentActEnvironment (node_modules/react-test-renderer/cjs/react-test-renderer.development.js:10243:17)
      at warnIfUpdatesNotWrappedWithActDEV (node_modules/react-test-renderer/cjs/react-test-renderer.development.js:11798:7)
      at scheduleUpdateOnFiber (node_modules/react-test-renderer/cjs/react-test-renderer.development.js:10326:9)
      at dispatchSetStateInternal (node_modules/react-test-renderer/cjs/react-test-renderer.development.js:4148:13)
      at dispatchSetState (node_modules/react-test-renderer/cjs/react-test-renderer.development.js:4107:7)
      at Object.setShowAccountPicker (hooks/useAccountSwitcher.js:25:7)
      at asyncGeneratorStep (node_modules/@babel/runtime/helpers/asyncToGenerator.js:3:17)
      at _next (node_modules/@babel/runtime/helpers/asyncToGenerator.js:17:9)

    console.error
      The current testing environment is not configured to support act(...)

      24 |
      25 |       setShowAccountPicker(false);
    > 26 |       setNewAccountIndex('');
         |       ^
      27 |     } catch (error) {
      28 |       Alert.alert(DIALOGS.ERROR_TITLE, ERRORS.ACCOUNT_SWITCH_FAILED);
      29 |     } finally {

      at isConcurrentActEnvironment (node_modules/react-test-renderer/cjs/react-test-renderer.development.js:10243:17)
      at warnIfUpdatesNotWrappedWithActDEV (node_modules/react-test-renderer/cjs/react-test-renderer.development.js:11798:7)
      at scheduleUpdateOnFiber (node_modules/react-test-renderer/cjs/react-test-renderer.development.js:10326:9)
      at dispatchSetStateInternal (node_modules/react-test-renderer/cjs/react-test-renderer.development.js:4148:13)
      at dispatchSetState (node_modules/react-test-renderer/cjs/react-test-renderer.development.js:4107:7)
      at Object.setNewAccountIndex (hooks/useAccountSwitcher.js:26:7)
      at asyncGeneratorStep (node_modules/@babel/runtime/helpers/asyncToGenerator.js:3:17)
      at _next (node_modules/@babel/runtime/helpers/asyncToGenerator.js:17:9)

    console.error
      The current testing environment is not configured to support act(...)

      28 |       Alert.alert(DIALOGS.ERROR_TITLE, ERRORS.ACCOUNT_SWITCH_FAILED);
      29 |     } finally {
    > 30 |       setSwitchingAccount(false);
         |       ^
      31 |     }
      32 |   };
      33 |

      at isConcurrentActEnvironment (node_modules/react-test-renderer/cjs/react-test-renderer.development.js:10243:17)
      at warnIfUpdatesNotWrappedWithActDEV (node_modules/react-test-renderer/cjs/react-test-renderer.development.js:11798:7)
      at scheduleUpdateOnFiber (node_modules/react-test-renderer/cjs/react-test-renderer.development.js:10326:9)
      at dispatchSetStateInternal (node_modules/react-test-renderer/cjs/react-test-renderer.development.js:4148:13)
      at dispatchSetState (node_modules/react-test-renderer/cjs/react-test-renderer.development.js:4107:7)
      at Object.setSwitchingAccount (hooks/useAccountSwitcher.js:30:7)
      at asyncGeneratorStep (node_modules/@babel/runtime/helpers/asyncToGenerator.js:3:17)
      at _next (node_modules/@babel/runtime/helpers/asyncToGenerator.js:17:9)

    console.error
      react-test-renderer is deprecated. See https://react.dev/warnings/react-test-renderer

      20 |   let component;
      21 |   act(() => {
    > 22 |     component = create(<TestComponent />);
         |                       ^
      23 |   });
      24 |
      25 |   return {

      at process.env.NODE_ENV.exports.create (node_modules/react-test-renderer/cjs/react-test-renderer.development.js:14598:17)
      at hooks/__tests__/useAccountSwitcher.test.js:22:23
      at process.env.NODE_ENV.exports.act (node_modules/react/cjs/react.development.js:789:22)
      at renderHook (hooks/__tests__/useAccountSwitcher.test.js:21:6)
      at Object.renderHook (hooks/__tests__/useAccountSwitcher.test.js:71:24)
      at asyncGeneratorStep (node_modules/@babel/runtime/helpers/asyncToGenerator.js:3:17)
      at _next (node_modules/@babel/runtime/helpers/asyncToGenerator.js:17:9)
      at node_modules/@babel/runtime/helpers/asyncToGenerator.js:22:7
      at Object.<anonymous> (node_modules/@babel/runtime/helpers/asyncToGenerator.js:14:12)

    console.error
      The current testing environment is not configured to support act(...)

      20 |   let component;
      21 |   act(() => {
    > 22 |     component = create(<TestComponent />);
         |                       ^
      23 |   });
      24 |
      25 |   return {

      at isConcurrentActEnvironment (node_modules/react-test-renderer/cjs/react-test-renderer.development.js:10243:17)
      at warnIfUpdatesNotWrappedWithActDEV (node_modules/react-test-renderer/cjs/react-test-renderer.development.js:11798:7)
      at scheduleUpdateOnFiber (node_modules/react-test-renderer/cjs/react-test-renderer.development.js:10326:9)
      at updateContainerImpl (node_modules/react-test-renderer/cjs/react-test-renderer.development.js:12382:10)
      at updateContainer (node_modules/react-test-renderer/cjs/react-test-renderer.development.js:12326:7)
      at process.env.NODE_ENV.exports.create (node_modules/react-test-renderer/cjs/react-test-renderer.development.js:14630:7)
      at hooks/__tests__/useAccountSwitcher.test.js:22:23
      at process.env.NODE_ENV.exports.act (node_modules/react/cjs/react.development.js:789:22)
      at renderHook (hooks/__tests__/useAccountSwitcher.test.js:21:6)
      at Object.renderHook (hooks/__tests__/useAccountSwitcher.test.js:71:24)
      at asyncGeneratorStep (node_modules/@babel/runtime/helpers/asyncToGenerator.js:3:17)
      at _next (node_modules/@babel/runtime/helpers/asyncToGenerator.js:17:9)
      at node_modules/@babel/runtime/helpers/asyncToGenerator.js:22:7
      at Object.<anonymous> (node_modules/@babel/runtime/helpers/asyncToGenerator.js:14:12)

    console.error
      The current testing environment is not configured to support act(...)

      18 |
      19 |     try {
    > 20 |       setSwitchingAccount(true);
         |       ^
      21 |
      22 |       // Switch account using context
      23 |       await switchAccountContext(accountIndex);

      at isConcurrentActEnvironment (node_modules/react-test-renderer/cjs/react-test-renderer.development.js:10243:17)
      at warnIfUpdatesNotWrappedWithActDEV (node_modules/react-test-renderer/cjs/react-test-renderer.development.js:11798:7)
      at scheduleUpdateOnFiber (node_modules/react-test-renderer/cjs/react-test-renderer.development.js:10326:9)
      at dispatchSetStateInternal (node_modules/react-test-renderer/cjs/react-test-renderer.development.js:4148:13)
      at dispatchSetState (node_modules/react-test-renderer/cjs/react-test-renderer.development.js:4107:7)
      at Object.setSwitchingAccount (hooks/useAccountSwitcher.js:20:7)
      at asyncGeneratorStep (node_modules/@babel/runtime/helpers/asyncToGenerator.js:3:17)
      at _next (node_modules/@babel/runtime/helpers/asyncToGenerator.js:17:9)
      at node_modules/@babel/runtime/helpers/asyncToGenerator.js:22:7
      at Object.<anonymous> (node_modules/@babel/runtime/helpers/asyncToGenerator.js:14:12)
      at Object.apply [as switchAccount] (hooks/useAccountSwitcher.js:15:22)
      at switchAccount (hooks/__tests__/useAccountSwitcher.test.js:76:28)
      at asyncGeneratorStep (node_modules/@babel/runtime/helpers/asyncToGenerator.js:3:17)
      at _next (node_modules/@babel/runtime/helpers/asyncToGenerator.js:17:9)
      at node_modules/@babel/runtime/helpers/asyncToGenerator.js:22:7
      at node_modules/@babel/runtime/helpers/asyncToGenerator.js:14:12
      at process.env.NODE_ENV.exports.act (node_modules/react/cjs/react.development.js:789:22)
      at Object.<anonymous> (hooks/__tests__/useAccountSwitcher.test.js:75:14)
      at asyncGeneratorStep (node_modules/@babel/runtime/helpers/asyncToGenerator.js:3:17)
      at _next (node_modules/@babel/runtime/helpers/asyncToGenerator.js:17:9)
      at node_modules/@babel/runtime/helpers/asyncToGenerator.js:22:7
      at Object.<anonymous> (node_modules/@babel/runtime/helpers/asyncToGenerator.js:14:12)

    console.error
      The current testing environment is not configured to support act(...)

      23 |       await switchAccountContext(accountIndex);
      24 |
    > 25 |       setShowAccountPicker(false);
         |       ^
      26 |       setNewAccountIndex('');
      27 |     } catch (error) {
      28 |       Alert.alert(DIALOGS.ERROR_TITLE, ERRORS.ACCOUNT_SWITCH_FAILED);

      at isConcurrentActEnvironment (node_modules/react-test-renderer/cjs/react-test-renderer.development.js:10243:17)
      at warnIfUpdatesNotWrappedWithActDEV (node_modules/react-test-renderer/cjs/react-test-renderer.development.js:11798:7)
      at scheduleUpdateOnFiber (node_modules/react-test-renderer/cjs/react-test-renderer.development.js:10326:9)
      at dispatchSetStateInternal (node_modules/react-test-renderer/cjs/react-test-renderer.development.js:4148:13)
      at dispatchSetState (node_modules/react-test-renderer/cjs/react-test-renderer.development.js:4107:7)
      at Object.setShowAccountPicker (hooks/useAccountSwitcher.js:25:7)
      at asyncGeneratorStep (node_modules/@babel/runtime/helpers/asyncToGenerator.js:3:17)
      at _next (node_modules/@babel/runtime/helpers/asyncToGenerator.js:17:9)

    console.error
      The current testing environment is not configured to support act(...)

      24 |
      25 |       setShowAccountPicker(false);
    > 26 |       setNewAccountIndex('');
         |       ^
      27 |     } catch (error) {
      28 |       Alert.alert(DIALOGS.ERROR_TITLE, ERRORS.ACCOUNT_SWITCH_FAILED);
      29 |     } finally {

      at isConcurrentActEnvironment (node_modules/react-test-renderer/cjs/react-test-renderer.development.js:10243:17)
      at warnIfUpdatesNotWrappedWithActDEV (node_modules/react-test-renderer/cjs/react-test-renderer.development.js:11798:7)
      at scheduleUpdateOnFiber (node_modules/react-test-renderer/cjs/react-test-renderer.development.js:10326:9)
      at dispatchSetStateInternal (node_modules/react-test-renderer/cjs/react-test-renderer.development.js:4148:13)
      at dispatchSetState (node_modules/react-test-renderer/cjs/react-test-renderer.development.js:4107:7)
      at Object.setNewAccountIndex (hooks/useAccountSwitcher.js:26:7)
      at asyncGeneratorStep (node_modules/@babel/runtime/helpers/asyncToGenerator.js:3:17)
      at _next (node_modules/@babel/runtime/helpers/asyncToGenerator.js:17:9)

    console.error
      The current testing environment is not configured to support act(...)

      28 |       Alert.alert(DIALOGS.ERROR_TITLE, ERRORS.ACCOUNT_SWITCH_FAILED);
      29 |     } finally {
    > 30 |       setSwitchingAccount(false);
         |       ^
      31 |     }
      32 |   };
      33 |

      at isConcurrentActEnvironment (node_modules/react-test-renderer/cjs/react-test-renderer.development.js:10243:17)
      at warnIfUpdatesNotWrappedWithActDEV (node_modules/react-test-renderer/cjs/react-test-renderer.development.js:11798:7)
      at scheduleUpdateOnFiber (node_modules/react-test-renderer/cjs/react-test-renderer.development.js:10326:9)
      at dispatchSetStateInternal (node_modules/react-test-renderer/cjs/react-test-renderer.development.js:4148:13)
      at dispatchSetState (node_modules/react-test-renderer/cjs/react-test-renderer.development.js:4107:7)
      at Object.setSwitchingAccount (hooks/useAccountSwitcher.js:30:7)
      at asyncGeneratorStep (node_modules/@babel/runtime/helpers/asyncToGenerator.js:3:17)
      at _next (node_modules/@babel/runtime/helpers/asyncToGenerator.js:17:9)

    console.error
      The current testing environment is not configured to support act(...)

      18 |
      19 |     try {
    > 20 |       setSwitchingAccount(true);
         |       ^
      21 |
      22 |       // Switch account using context
      23 |       await switchAccountContext(accountIndex);

      at isConcurrentActEnvironment (node_modules/react-test-renderer/cjs/react-test-renderer.development.js:10243:17)
      at warnIfUpdatesNotWrappedWithActDEV (node_modules/react-test-renderer/cjs/react-test-renderer.development.js:11798:7)
      at scheduleUpdateOnFiber (node_modules/react-test-renderer/cjs/react-test-renderer.development.js:10326:9)
      at dispatchSetStateInternal (node_modules/react-test-renderer/cjs/react-test-renderer.development.js:4148:13)
      at dispatchSetState (node_modules/react-test-renderer/cjs/react-test-renderer.development.js:4107:7)
      at Object.setSwitchingAccount (hooks/useAccountSwitcher.js:20:7)
      at asyncGeneratorStep (node_modules/@babel/runtime/helpers/asyncToGenerator.js:3:17)
      at _next (node_modules/@babel/runtime/helpers/asyncToGenerator.js:17:9)
      at node_modules/@babel/runtime/helpers/asyncToGenerator.js:22:7
      at Object.<anonymous> (node_modules/@babel/runtime/helpers/asyncToGenerator.js:14:12)
      at Object.apply [as switchAccount] (hooks/useAccountSwitcher.js:15:22)
      at switchAccount (hooks/__tests__/useAccountSwitcher.test.js:81:28)
      at asyncGeneratorStep (node_modules/@babel/runtime/helpers/asyncToGenerator.js:3:17)
      at _next (node_modules/@babel/runtime/helpers/asyncToGenerator.js:17:9)
      at node_modules/@babel/runtime/helpers/asyncToGenerator.js:22:7
      at node_modules/@babel/runtime/helpers/asyncToGenerator.js:14:12
      at process.env.NODE_ENV.exports.act (node_modules/react/cjs/react.development.js:789:22)
      at Object.<anonymous> (hooks/__tests__/useAccountSwitcher.test.js:80:14)
      at asyncGeneratorStep (node_modules/@babel/runtime/helpers/asyncToGenerator.js:3:17)
      at _next (node_modules/@babel/runtime/helpers/asyncToGenerator.js:17:9)

    console.error
      The current testing environment is not configured to support act(...)

      23 |       await switchAccountContext(accountIndex);
      24 |
    > 25 |       setShowAccountPicker(false);
         |       ^
      26 |       setNewAccountIndex('');
      27 |     } catch (error) {
      28 |       Alert.alert(DIALOGS.ERROR_TITLE, ERRORS.ACCOUNT_SWITCH_FAILED);

      at isConcurrentActEnvironment (node_modules/react-test-renderer/cjs/react-test-renderer.development.js:10243:17)
      at warnIfUpdatesNotWrappedWithActDEV (node_modules/react-test-renderer/cjs/react-test-renderer.development.js:11798:7)
      at scheduleUpdateOnFiber (node_modules/react-test-renderer/cjs/react-test-renderer.development.js:10326:9)
      at dispatchSetStateInternal (node_modules/react-test-renderer/cjs/react-test-renderer.development.js:4148:13)
      at dispatchSetState (node_modules/react-test-renderer/cjs/react-test-renderer.development.js:4107:7)
      at Object.setShowAccountPicker (hooks/useAccountSwitcher.js:25:7)
      at asyncGeneratorStep (node_modules/@babel/runtime/helpers/asyncToGenerator.js:3:17)
      at _next (node_modules/@babel/runtime/helpers/asyncToGenerator.js:17:9)

    console.error
      The current testing environment is not configured to support act(...)

      24 |
      25 |       setShowAccountPicker(false);
    > 26 |       setNewAccountIndex('');
         |       ^
      27 |     } catch (error) {
      28 |       Alert.alert(DIALOGS.ERROR_TITLE, ERRORS.ACCOUNT_SWITCH_FAILED);
      29 |     } finally {

      at isConcurrentActEnvironment (node_modules/react-test-renderer/cjs/react-test-renderer.development.js:10243:17)
      at warnIfUpdatesNotWrappedWithActDEV (node_modules/react-test-renderer/cjs/react-test-renderer.development.js:11798:7)
      at scheduleUpdateOnFiber (node_modules/react-test-renderer/cjs/react-test-renderer.development.js:10326:9)
      at dispatchSetStateInternal (node_modules/react-test-renderer/cjs/react-test-renderer.development.js:4148:13)
      at dispatchSetState (node_modules/react-test-renderer/cjs/react-test-renderer.development.js:4107:7)
      at Object.setNewAccountIndex (hooks/useAccountSwitcher.js:26:7)
      at asyncGeneratorStep (node_modules/@babel/runtime/helpers/asyncToGenerator.js:3:17)
      at _next (node_modules/@babel/runtime/helpers/asyncToGenerator.js:17:9)

    console.error
      The current testing environment is not configured to support act(...)

      28 |       Alert.alert(DIALOGS.ERROR_TITLE, ERRORS.ACCOUNT_SWITCH_FAILED);
      29 |     } finally {
    > 30 |       setSwitchingAccount(false);
         |       ^
      31 |     }
      32 |   };
      33 |

      at isConcurrentActEnvironment (node_modules/react-test-renderer/cjs/react-test-renderer.development.js:10243:17)
      at warnIfUpdatesNotWrappedWithActDEV (node_modules/react-test-renderer/cjs/react-test-renderer.development.js:11798:7)
      at scheduleUpdateOnFiber (node_modules/react-test-renderer/cjs/react-test-renderer.development.js:10326:9)
      at dispatchSetStateInternal (node_modules/react-test-renderer/cjs/react-test-renderer.development.js:4148:13)
      at dispatchSetState (node_modules/react-test-renderer/cjs/react-test-renderer.development.js:4107:7)
      at Object.setSwitchingAccount (hooks/useAccountSwitcher.js:30:7)
      at asyncGeneratorStep (node_modules/@babel/runtime/helpers/asyncToGenerator.js:3:17)
      at _next (node_modules/@babel/runtime/helpers/asyncToGenerator.js:17:9)

    console.error
      react-test-renderer is deprecated. See https://react.dev/warnings/react-test-renderer

      20 |   let component;
      21 |   act(() => {
    > 22 |     component = create(<TestComponent />);
         |                       ^
      23 |   });
      24 |
      25 |   return {

      at process.env.NODE_ENV.exports.create (node_modules/react-test-renderer/cjs/react-test-renderer.development.js:14598:17)
      at hooks/__tests__/useAccountSwitcher.test.js:22:23
      at process.env.NODE_ENV.exports.act (node_modules/react/cjs/react.development.js:789:22)
      at renderHook (hooks/__tests__/useAccountSwitcher.test.js:21:6)
      at Object.renderHook (hooks/__tests__/useAccountSwitcher.test.js:92:24)
      at asyncGeneratorStep (node_modules/@babel/runtime/helpers/asyncToGenerator.js:3:17)
      at _next (node_modules/@babel/runtime/helpers/asyncToGenerator.js:17:9)
      at node_modules/@babel/runtime/helpers/asyncToGenerator.js:22:7
      at Object.<anonymous> (node_modules/@babel/runtime/helpers/asyncToGenerator.js:14:12)

    console.error
      The current testing environment is not configured to support act(...)

      20 |   let component;
      21 |   act(() => {
    > 22 |     component = create(<TestComponent />);
         |                       ^
      23 |   });
      24 |
      25 |   return {

      at isConcurrentActEnvironment (node_modules/react-test-renderer/cjs/react-test-renderer.development.js:10243:17)
      at warnIfUpdatesNotWrappedWithActDEV (node_modules/react-test-renderer/cjs/react-test-renderer.development.js:11798:7)
      at scheduleUpdateOnFiber (node_modules/react-test-renderer/cjs/react-test-renderer.development.js:10326:9)
      at updateContainerImpl (node_modules/react-test-renderer/cjs/react-test-renderer.development.js:12382:10)
      at updateContainer (node_modules/react-test-renderer/cjs/react-test-renderer.development.js:12326:7)
      at process.env.NODE_ENV.exports.create (node_modules/react-test-renderer/cjs/react-test-renderer.development.js:14630:7)
      at hooks/__tests__/useAccountSwitcher.test.js:22:23
      at process.env.NODE_ENV.exports.act (node_modules/react/cjs/react.development.js:789:22)
      at renderHook (hooks/__tests__/useAccountSwitcher.test.js:21:6)
      at Object.renderHook (hooks/__tests__/useAccountSwitcher.test.js:92:24)
      at asyncGeneratorStep (node_modules/@babel/runtime/helpers/asyncToGenerator.js:3:17)
      at _next (node_modules/@babel/runtime/helpers/asyncToGenerator.js:17:9)
      at node_modules/@babel/runtime/helpers/asyncToGenerator.js:22:7
      at Object.<anonymous> (node_modules/@babel/runtime/helpers/asyncToGenerator.js:14:12)

    console.error
      The current testing environment is not configured to support act(...)

      18 |
      19 |     try {
    > 20 |       setSwitchingAccount(true);
         |       ^
      21 |
      22 |       // Switch account using context
      23 |       await switchAccountContext(accountIndex);

      at isConcurrentActEnvironment (node_modules/react-test-renderer/cjs/react-test-renderer.development.js:10243:17)
      at warnIfUpdatesNotWrappedWithActDEV (node_modules/react-test-renderer/cjs/react-test-renderer.development.js:11798:7)
      at scheduleUpdateOnFiber (node_modules/react-test-renderer/cjs/react-test-renderer.development.js:10326:9)
      at dispatchSetStateInternal (node_modules/react-test-renderer/cjs/react-test-renderer.development.js:4148:13)
      at dispatchSetState (node_modules/react-test-renderer/cjs/react-test-renderer.development.js:4107:7)
      at Object.setSwitchingAccount (hooks/useAccountSwitcher.js:20:7)
      at asyncGeneratorStep (node_modules/@babel/runtime/helpers/asyncToGenerator.js:3:17)
      at _next (node_modules/@babel/runtime/helpers/asyncToGenerator.js:17:9)
      at node_modules/@babel/runtime/helpers/asyncToGenerator.js:22:7
      at Object.<anonymous> (node_modules/@babel/runtime/helpers/asyncToGenerator.js:14:12)
      at Object.apply [as switchAccount] (hooks/useAccountSwitcher.js:15:22)
      at switchAccount (hooks/__tests__/useAccountSwitcher.test.js:98:22)
      at process.env.NODE_ENV.exports.act (node_modules/react/cjs/react.development.js:789:22)
      at Object.<anonymous> (hooks/__tests__/useAccountSwitcher.test.js:97:8)
      at asyncGeneratorStep (node_modules/@babel/runtime/helpers/asyncToGenerator.js:3:17)
      at _next (node_modules/@babel/runtime/helpers/asyncToGenerator.js:17:9)
      at node_modules/@babel/runtime/helpers/asyncToGenerator.js:22:7
      at Object.<anonymous> (node_modules/@babel/runtime/helpers/asyncToGenerator.js:14:12)

    console.error
      The current testing environment is not configured to support act(...)

      23 |       await switchAccountContext(accountIndex);
      24 |
    > 25 |       setShowAccountPicker(false);
         |       ^
      26 |       setNewAccountIndex('');
      27 |     } catch (error) {
      28 |       Alert.alert(DIALOGS.ERROR_TITLE, ERRORS.ACCOUNT_SWITCH_FAILED);

      at isConcurrentActEnvironment (node_modules/react-test-renderer/cjs/react-test-renderer.development.js:10243:17)
      at warnIfUpdatesNotWrappedWithActDEV (node_modules/react-test-renderer/cjs/react-test-renderer.development.js:11798:7)
      at scheduleUpdateOnFiber (node_modules/react-test-renderer/cjs/react-test-renderer.development.js:10326:9)
      at dispatchSetStateInternal (node_modules/react-test-renderer/cjs/react-test-renderer.development.js:4148:13)
      at dispatchSetState (node_modules/react-test-renderer/cjs/react-test-renderer.development.js:4107:7)
      at Object.setShowAccountPicker (hooks/useAccountSwitcher.js:25:7)
      at asyncGeneratorStep (node_modules/@babel/runtime/helpers/asyncToGenerator.js:3:17)
      at _next (node_modules/@babel/runtime/helpers/asyncToGenerator.js:17:9)

    console.error
      The current testing environment is not configured to support act(...)

      24 |
      25 |       setShowAccountPicker(false);
    > 26 |       setNewAccountIndex('');
         |       ^
      27 |     } catch (error) {
      28 |       Alert.alert(DIALOGS.ERROR_TITLE, ERRORS.ACCOUNT_SWITCH_FAILED);
      29 |     } finally {

      at isConcurrentActEnvironment (node_modules/react-test-renderer/cjs/react-test-renderer.development.js:10243:17)
      at warnIfUpdatesNotWrappedWithActDEV (node_modules/react-test-renderer/cjs/react-test-renderer.development.js:11798:7)
      at scheduleUpdateOnFiber (node_modules/react-test-renderer/cjs/react-test-renderer.development.js:10326:9)
      at dispatchSetStateInternal (node_modules/react-test-renderer/cjs/react-test-renderer.development.js:4148:13)
      at dispatchSetState (node_modules/react-test-renderer/cjs/react-test-renderer.development.js:4107:7)
      at Object.setNewAccountIndex (hooks/useAccountSwitcher.js:26:7)
      at asyncGeneratorStep (node_modules/@babel/runtime/helpers/asyncToGenerator.js:3:17)
      at _next (node_modules/@babel/runtime/helpers/asyncToGenerator.js:17:9)

    console.error
      The current testing environment is not configured to support act(...)

      28 |       Alert.alert(DIALOGS.ERROR_TITLE, ERRORS.ACCOUNT_SWITCH_FAILED);
      29 |     } finally {
    > 30 |       setSwitchingAccount(false);
         |       ^
      31 |     }
      32 |   };
      33 |

      at isConcurrentActEnvironment (node_modules/react-test-renderer/cjs/react-test-renderer.development.js:10243:17)
      at warnIfUpdatesNotWrappedWithActDEV (node_modules/react-test-renderer/cjs/react-test-renderer.development.js:11798:7)
      at scheduleUpdateOnFiber (node_modules/react-test-renderer/cjs/react-test-renderer.development.js:10326:9)
      at dispatchSetStateInternal (node_modules/react-test-renderer/cjs/react-test-renderer.development.js:4148:13)
      at dispatchSetState (node_modules/react-test-renderer/cjs/react-test-renderer.development.js:4107:7)
      at Object.setSwitchingAccount (hooks/useAccountSwitcher.js:30:7)
      at asyncGeneratorStep (node_modules/@babel/runtime/helpers/asyncToGenerator.js:3:17)
      at _next (node_modules/@babel/runtime/helpers/asyncToGenerator.js:17:9)

    console.error
      react-test-renderer is deprecated. See https://react.dev/warnings/react-test-renderer

      20 |   let component;
      21 |   act(() => {
    > 22 |     component = create(<TestComponent />);
         |                       ^
      23 |   });
      24 |
      25 |   return {

      at process.env.NODE_ENV.exports.create (node_modules/react-test-renderer/cjs/react-test-renderer.development.js:14598:17)
      at hooks/__tests__/useAccountSwitcher.test.js:22:23
      at process.env.NODE_ENV.exports.act (node_modules/react/cjs/react.development.js:789:22)
      at renderHook (hooks/__tests__/useAccountSwitcher.test.js:21:6)
      at Object.renderHook (hooks/__tests__/useAccountSwitcher.test.js:117:24)
      at asyncGeneratorStep (node_modules/@babel/runtime/helpers/asyncToGenerator.js:3:17)
      at _next (node_modules/@babel/runtime/helpers/asyncToGenerator.js:17:9)
      at node_modules/@babel/runtime/helpers/asyncToGenerator.js:22:7
      at Object.<anonymous> (node_modules/@babel/runtime/helpers/asyncToGenerator.js:14:12)

    console.error
      The current testing environment is not configured to support act(...)

      20 |   let component;
      21 |   act(() => {
    > 22 |     component = create(<TestComponent />);
         |                       ^
      23 |   });
      24 |
      25 |   return {

      at isConcurrentActEnvironment (node_modules/react-test-renderer/cjs/react-test-renderer.development.js:10243:17)
      at warnIfUpdatesNotWrappedWithActDEV (node_modules/react-test-renderer/cjs/react-test-renderer.development.js:11798:7)
      at scheduleUpdateOnFiber (node_modules/react-test-renderer/cjs/react-test-renderer.development.js:10326:9)
      at updateContainerImpl (node_modules/react-test-renderer/cjs/react-test-renderer.development.js:12382:10)
      at updateContainer (node_modules/react-test-renderer/cjs/react-test-renderer.development.js:12326:7)
      at process.env.NODE_ENV.exports.create (node_modules/react-test-renderer/cjs/react-test-renderer.development.js:14630:7)
      at hooks/__tests__/useAccountSwitcher.test.js:22:23
      at process.env.NODE_ENV.exports.act (node_modules/react/cjs/react.development.js:789:22)
      at renderHook (hooks/__tests__/useAccountSwitcher.test.js:21:6)
      at Object.renderHook (hooks/__tests__/useAccountSwitcher.test.js:117:24)
      at asyncGeneratorStep (node_modules/@babel/runtime/helpers/asyncToGenerator.js:3:17)
      at _next (node_modules/@babel/runtime/helpers/asyncToGenerator.js:17:9)
      at node_modules/@babel/runtime/helpers/asyncToGenerator.js:22:7
      at Object.<anonymous> (node_modules/@babel/runtime/helpers/asyncToGenerator.js:14:12)

    console.error
      The current testing environment is not configured to support act(...)

      18 |
      19 |     try {
    > 20 |       setSwitchingAccount(true);
         |       ^
      21 |
      22 |       // Switch account using context
      23 |       await switchAccountContext(accountIndex);

      at isConcurrentActEnvironment (node_modules/react-test-renderer/cjs/react-test-renderer.development.js:10243:17)
      at warnIfUpdatesNotWrappedWithActDEV (node_modules/react-test-renderer/cjs/react-test-renderer.development.js:11798:7)
      at scheduleUpdateOnFiber (node_modules/react-test-renderer/cjs/react-test-renderer.development.js:10326:9)
      at dispatchSetStateInternal (node_modules/react-test-renderer/cjs/react-test-renderer.development.js:4148:13)
      at dispatchSetState (node_modules/react-test-renderer/cjs/react-test-renderer.development.js:4107:7)
      at Object.setSwitchingAccount (hooks/useAccountSwitcher.js:20:7)
      at asyncGeneratorStep (node_modules/@babel/runtime/helpers/asyncToGenerator.js:3:17)
      at _next (node_modules/@babel/runtime/helpers/asyncToGenerator.js:17:9)
      at node_modules/@babel/runtime/helpers/asyncToGenerator.js:22:7
      at Object.<anonymous> (node_modules/@babel/runtime/helpers/asyncToGenerator.js:14:12)
      at Object.apply [as switchAccount] (hooks/useAccountSwitcher.js:15:22)
      at switchAccount (hooks/__tests__/useAccountSwitcher.test.js:122:28)
      at asyncGeneratorStep (node_modules/@babel/runtime/helpers/asyncToGenerator.js:3:17)
      at _next (node_modules/@babel/runtime/helpers/asyncToGenerator.js:17:9)
      at node_modules/@babel/runtime/helpers/asyncToGenerator.js:22:7
      at node_modules/@babel/runtime/helpers/asyncToGenerator.js:14:12
      at process.env.NODE_ENV.exports.act (node_modules/react/cjs/react.development.js:789:22)
      at Object.<anonymous> (hooks/__tests__/useAccountSwitcher.test.js:121:14)
      at asyncGeneratorStep (node_modules/@babel/runtime/helpers/asyncToGenerator.js:3:17)
      at _next (node_modules/@babel/runtime/helpers/asyncToGenerator.js:17:9)
      at node_modules/@babel/runtime/helpers/asyncToGenerator.js:22:7
      at Object.<anonymous> (node_modules/@babel/runtime/helpers/asyncToGenerator.js:14:12)

    console.error
      The current testing environment is not configured to support act(...)

      28 |       Alert.alert(DIALOGS.ERROR_TITLE, ERRORS.ACCOUNT_SWITCH_FAILED);
      29 |     } finally {
    > 30 |       setSwitchingAccount(false);
         |       ^
      31 |     }
      32 |   };
      33 |

      at isConcurrentActEnvironment (node_modules/react-test-renderer/cjs/react-test-renderer.development.js:10243:17)
      at warnIfUpdatesNotWrappedWithActDEV (node_modules/react-test-renderer/cjs/react-test-renderer.development.js:11798:7)
      at scheduleUpdateOnFiber (node_modules/react-test-renderer/cjs/react-test-renderer.development.js:10326:9)
      at dispatchSetStateInternal (node_modules/react-test-renderer/cjs/react-test-renderer.development.js:4148:13)
      at dispatchSetState (node_modules/react-test-renderer/cjs/react-test-renderer.development.js:4107:7)
      at Object.setSwitchingAccount (hooks/useAccountSwitcher.js:30:7)
          at Generator.throw (<anonymous>)
      at asyncGeneratorStep (node_modules/@babel/runtime/helpers/asyncToGenerator.js:3:17)
      at _throw (node_modules/@babel/runtime/helpers/asyncToGenerator.js:20:9)

    console.error
      react-test-renderer is deprecated. See https://react.dev/warnings/react-test-renderer

      20 |   let component;
      21 |   act(() => {
    > 22 |     component = create(<TestComponent />);
         |                       ^
      23 |   });
      24 |
      25 |   return {

      at process.env.NODE_ENV.exports.create (node_modules/react-test-renderer/cjs/react-test-renderer.development.js:14598:17)
      at hooks/__tests__/useAccountSwitcher.test.js:22:23
      at process.env.NODE_ENV.exports.act (node_modules/react/cjs/react.development.js:789:22)
      at renderHook (hooks/__tests__/useAccountSwitcher.test.js:21:6)
      at Object.renderHook (hooks/__tests__/useAccountSwitcher.test.js:133:24)

    console.error
      The current testing environment is not configured to support act(...)

      20 |   let component;
      21 |   act(() => {
    > 22 |     component = create(<TestComponent />);
         |                       ^
      23 |   });
      24 |
      25 |   return {

      at isConcurrentActEnvironment (node_modules/react-test-renderer/cjs/react-test-renderer.development.js:10243:17)
      at warnIfUpdatesNotWrappedWithActDEV (node_modules/react-test-renderer/cjs/react-test-renderer.development.js:11798:7)
      at scheduleUpdateOnFiber (node_modules/react-test-renderer/cjs/react-test-renderer.development.js:10326:9)
      at updateContainerImpl (node_modules/react-test-renderer/cjs/react-test-renderer.development.js:12382:10)
      at updateContainer (node_modules/react-test-renderer/cjs/react-test-renderer.development.js:12326:7)
      at process.env.NODE_ENV.exports.create (node_modules/react-test-renderer/cjs/react-test-renderer.development.js:14630:7)
      at hooks/__tests__/useAccountSwitcher.test.js:22:23
      at process.env.NODE_ENV.exports.act (node_modules/react/cjs/react.development.js:789:22)
      at renderHook (hooks/__tests__/useAccountSwitcher.test.js:21:6)
      at Object.renderHook (hooks/__tests__/useAccountSwitcher.test.js:133:24)

    console.error
      The current testing environment is not configured to support act(...)

      136 |
      137 |     act(() => {
    > 138 |       result.current.setShowAccountPicker(true);
          |                      ^
      139 |     });
      140 |
      141 |     expect(result.current.showAccountPicker).toBe(true);

      at isConcurrentActEnvironment (node_modules/react-test-renderer/cjs/react-test-renderer.development.js:10243:17)
      at warnIfUpdatesNotWrappedWithActDEV (node_modules/react-test-renderer/cjs/react-test-renderer.development.js:11798:7)
      at scheduleUpdateOnFiber (node_modules/react-test-renderer/cjs/react-test-renderer.development.js:10326:9)
      at dispatchSetStateInternal (node_modules/react-test-renderer/cjs/react-test-renderer.development.js:4148:13)
      at dispatchSetState (node_modules/react-test-renderer/cjs/react-test-renderer.development.js:4107:7)
      at setShowAccountPicker (hooks/__tests__/useAccountSwitcher.test.js:138:22)
      at process.env.NODE_ENV.exports.act (node_modules/react/cjs/react.development.js:789:22)
      at Object.<anonymous> (hooks/__tests__/useAccountSwitcher.test.js:137:8)

    console.error
      The current testing environment is not configured to support act(...)

      142 |
      143 |     act(() => {
    > 144 |       result.current.setShowAccountPicker(false);
          |                      ^
      145 |     });
      146 |
      147 |     expect(result.current.showAccountPicker).toBe(false);

      at isConcurrentActEnvironment (node_modules/react-test-renderer/cjs/react-test-renderer.development.js:10243:17)
      at warnIfUpdatesNotWrappedWithActDEV (node_modules/react-test-renderer/cjs/react-test-renderer.development.js:11798:7)
      at scheduleUpdateOnFiber (node_modules/react-test-renderer/cjs/react-test-renderer.development.js:10326:9)
      at dispatchSetStateInternal (node_modules/react-test-renderer/cjs/react-test-renderer.development.js:4148:13)
      at dispatchSetState (node_modules/react-test-renderer/cjs/react-test-renderer.development.js:4107:7)
      at setShowAccountPicker (hooks/__tests__/useAccountSwitcher.test.js:144:22)
      at process.env.NODE_ENV.exports.act (node_modules/react/cjs/react.development.js:789:22)
      at Object.<anonymous> (hooks/__tests__/useAccountSwitcher.test.js:143:8)

    console.error
      react-test-renderer is deprecated. See https://react.dev/warnings/react-test-renderer

      20 |   let component;
      21 |   act(() => {
    > 22 |     component = create(<TestComponent />);
         |                       ^
      23 |   });
      24 |
      25 |   return {

      at process.env.NODE_ENV.exports.create (node_modules/react-test-renderer/cjs/react-test-renderer.development.js:14598:17)
      at hooks/__tests__/useAccountSwitcher.test.js:22:23
      at process.env.NODE_ENV.exports.act (node_modules/react/cjs/react.development.js:789:22)
      at renderHook (hooks/__tests__/useAccountSwitcher.test.js:21:6)
      at Object.renderHook (hooks/__tests__/useAccountSwitcher.test.js:151:24)

    console.error
      The current testing environment is not configured to support act(...)

      20 |   let component;
      21 |   act(() => {
    > 22 |     component = create(<TestComponent />);
         |                       ^
      23 |   });
      24 |
      25 |   return {

      at isConcurrentActEnvironment (node_modules/react-test-renderer/cjs/react-test-renderer.development.js:10243:17)
      at warnIfUpdatesNotWrappedWithActDEV (node_modules/react-test-renderer/cjs/react-test-renderer.development.js:11798:7)
      at scheduleUpdateOnFiber (node_modules/react-test-renderer/cjs/react-test-renderer.development.js:10326:9)
      at updateContainerImpl (node_modules/react-test-renderer/cjs/react-test-renderer.development.js:12382:10)
      at updateContainer (node_modules/react-test-renderer/cjs/react-test-renderer.development.js:12326:7)
      at process.env.NODE_ENV.exports.create (node_modules/react-test-renderer/cjs/react-test-renderer.development.js:14630:7)
      at hooks/__tests__/useAccountSwitcher.test.js:22:23
      at process.env.NODE_ENV.exports.act (node_modules/react/cjs/react.development.js:789:22)
      at renderHook (hooks/__tests__/useAccountSwitcher.test.js:21:6)
      at Object.renderHook (hooks/__tests__/useAccountSwitcher.test.js:151:24)

    console.error
      The current testing environment is not configured to support act(...)

      154 |
      155 |     act(() => {
    > 156 |       result.current.setNewAccountIndex('3');
          |                      ^
      157 |     });
      158 |
      159 |     expect(result.current.newAccountIndex).toBe('3');

      at isConcurrentActEnvironment (node_modules/react-test-renderer/cjs/react-test-renderer.development.js:10243:17)
      at warnIfUpdatesNotWrappedWithActDEV (node_modules/react-test-renderer/cjs/react-test-renderer.development.js:11798:7)
      at scheduleUpdateOnFiber (node_modules/react-test-renderer/cjs/react-test-renderer.development.js:10326:9)
      at dispatchSetStateInternal (node_modules/react-test-renderer/cjs/react-test-renderer.development.js:4148:13)
      at dispatchSetState (node_modules/react-test-renderer/cjs/react-test-renderer.development.js:4107:7)
      at setNewAccountIndex (hooks/__tests__/useAccountSwitcher.test.js:156:22)
      at process.env.NODE_ENV.exports.act (node_modules/react/cjs/react.development.js:789:22)
      at Object.<anonymous> (hooks/__tests__/useAccountSwitcher.test.js:155:8)

    console.error
      The current testing environment is not configured to support act(...)

      160 |
      161 |     act(() => {
    > 162 |       result.current.setNewAccountIndex('');
          |                      ^
      163 |     });
      164 |
      165 |     expect(result.current.newAccountIndex).toBe('');

      at isConcurrentActEnvironment (node_modules/react-test-renderer/cjs/react-test-renderer.development.js:10243:17)
      at warnIfUpdatesNotWrappedWithActDEV (node_modules/react-test-renderer/cjs/react-test-renderer.development.js:11798:7)
      at scheduleUpdateOnFiber (node_modules/react-test-renderer/cjs/react-test-renderer.development.js:10326:9)
      at dispatchSetStateInternal (node_modules/react-test-renderer/cjs/react-test-renderer.development.js:4148:13)
      at dispatchSetState (node_modules/react-test-renderer/cjs/react-test-renderer.development.js:4107:7)
      at setNewAccountIndex (hooks/__tests__/useAccountSwitcher.test.js:162:22)
      at process.env.NODE_ENV.exports.act (node_modules/react/cjs/react.development.js:789:22)
      at Object.<anonymous> (hooks/__tests__/useAccountSwitcher.test.js:161:8)

    console.error
      react-test-renderer is deprecated. See https://react.dev/warnings/react-test-renderer

      20 |   let component;
      21 |   act(() => {
    > 22 |     component = create(<TestComponent />);
         |                       ^
      23 |   });
      24 |
      25 |   return {

      at process.env.NODE_ENV.exports.create (node_modules/react-test-renderer/cjs/react-test-renderer.development.js:14598:17)
      at hooks/__tests__/useAccountSwitcher.test.js:22:23
      at process.env.NODE_ENV.exports.act (node_modules/react/cjs/react.development.js:789:22)
      at renderHook (hooks/__tests__/useAccountSwitcher.test.js:21:6)
      at Object.renderHook (hooks/__tests__/useAccountSwitcher.test.js:169:24)
      at asyncGeneratorStep (node_modules/@babel/runtime/helpers/asyncToGenerator.js:3:17)
      at _next (node_modules/@babel/runtime/helpers/asyncToGenerator.js:17:9)
      at node_modules/@babel/runtime/helpers/asyncToGenerator.js:22:7
      at Object.<anonymous> (node_modules/@babel/runtime/helpers/asyncToGenerator.js:14:12)

    console.error
      The current testing environment is not configured to support act(...)

      20 |   let component;
      21 |   act(() => {
    > 22 |     component = create(<TestComponent />);
         |                       ^
      23 |   });
      24 |
      25 |   return {

      at isConcurrentActEnvironment (node_modules/react-test-renderer/cjs/react-test-renderer.development.js:10243:17)
      at warnIfUpdatesNotWrappedWithActDEV (node_modules/react-test-renderer/cjs/react-test-renderer.development.js:11798:7)
      at scheduleUpdateOnFiber (node_modules/react-test-renderer/cjs/react-test-renderer.development.js:10326:9)
      at updateContainerImpl (node_modules/react-test-renderer/cjs/react-test-renderer.development.js:12382:10)
      at updateContainer (node_modules/react-test-renderer/cjs/react-test-renderer.development.js:12326:7)
      at process.env.NODE_ENV.exports.create (node_modules/react-test-renderer/cjs/react-test-renderer.development.js:14630:7)
      at hooks/__tests__/useAccountSwitcher.test.js:22:23
      at process.env.NODE_ENV.exports.act (node_modules/react/cjs/react.development.js:789:22)
      at renderHook (hooks/__tests__/useAccountSwitcher.test.js:21:6)
      at Object.renderHook (hooks/__tests__/useAccountSwitcher.test.js:169:24)
      at asyncGeneratorStep (node_modules/@babel/runtime/helpers/asyncToGenerator.js:3:17)
      at _next (node_modules/@babel/runtime/helpers/asyncToGenerator.js:17:9)
      at node_modules/@babel/runtime/helpers/asyncToGenerator.js:22:7
      at Object.<anonymous> (node_modules/@babel/runtime/helpers/asyncToGenerator.js:14:12)

    console.error
      The current testing environment is not configured to support act(...)

      173 |     // Set up modal state
      174 |     act(() => {
    > 175 |       result.current.setShowAccountPicker(true);
          |                      ^
      176 |       result.current.setNewAccountIndex('5');
      177 |     });
      178 |

      at isConcurrentActEnvironment (node_modules/react-test-renderer/cjs/react-test-renderer.development.js:10243:17)
      at warnIfUpdatesNotWrappedWithActDEV (node_modules/react-test-renderer/cjs/react-test-renderer.development.js:11798:7)
      at scheduleUpdateOnFiber (node_modules/react-test-renderer/cjs/react-test-renderer.development.js:10326:9)
      at dispatchSetStateInternal (node_modules/react-test-renderer/cjs/react-test-renderer.development.js:4148:13)
      at dispatchSetState (node_modules/react-test-renderer/cjs/react-test-renderer.development.js:4107:7)
      at setShowAccountPicker (hooks/__tests__/useAccountSwitcher.test.js:175:22)
      at process.env.NODE_ENV.exports.act (node_modules/react/cjs/react.development.js:789:22)
      at Object.<anonymous> (hooks/__tests__/useAccountSwitcher.test.js:174:8)
      at asyncGeneratorStep (node_modules/@babel/runtime/helpers/asyncToGenerator.js:3:17)
      at _next (node_modules/@babel/runtime/helpers/asyncToGenerator.js:17:9)
      at node_modules/@babel/runtime/helpers/asyncToGenerator.js:22:7
      at Object.<anonymous> (node_modules/@babel/runtime/helpers/asyncToGenerator.js:14:12)

    console.error
      The current testing environment is not configured to support act(...)

      174 |     act(() => {
      175 |       result.current.setShowAccountPicker(true);
    > 176 |       result.current.setNewAccountIndex('5');
          |                      ^
      177 |     });
      178 |
      179 |     expect(result.current.showAccountPicker).toBe(true);

      at isConcurrentActEnvironment (node_modules/react-test-renderer/cjs/react-test-renderer.development.js:10243:17)
      at warnIfUpdatesNotWrappedWithActDEV (node_modules/react-test-renderer/cjs/react-test-renderer.development.js:11798:7)
      at scheduleUpdateOnFiber (node_modules/react-test-renderer/cjs/react-test-renderer.development.js:10326:9)
      at dispatchSetStateInternal (node_modules/react-test-renderer/cjs/react-test-renderer.development.js:4148:13)
      at dispatchSetState (node_modules/react-test-renderer/cjs/react-test-renderer.development.js:4107:7)
      at setNewAccountIndex (hooks/__tests__/useAccountSwitcher.test.js:176:22)
      at process.env.NODE_ENV.exports.act (node_modules/react/cjs/react.development.js:789:22)
      at Object.<anonymous> (hooks/__tests__/useAccountSwitcher.test.js:174:8)
      at asyncGeneratorStep (node_modules/@babel/runtime/helpers/asyncToGenerator.js:3:17)
      at _next (node_modules/@babel/runtime/helpers/asyncToGenerator.js:17:9)
      at node_modules/@babel/runtime/helpers/asyncToGenerator.js:22:7
      at Object.<anonymous> (node_modules/@babel/runtime/helpers/asyncToGenerator.js:14:12)

    console.error
      The current testing environment is not configured to support act(...)

      18 |
      19 |     try {
    > 20 |       setSwitchingAccount(true);
         |       ^
      21 |
      22 |       // Switch account using context
      23 |       await switchAccountContext(accountIndex);

      at isConcurrentActEnvironment (node_modules/react-test-renderer/cjs/react-test-renderer.development.js:10243:17)
      at warnIfUpdatesNotWrappedWithActDEV (node_modules/react-test-renderer/cjs/react-test-renderer.development.js:11798:7)
      at scheduleUpdateOnFiber (node_modules/react-test-renderer/cjs/react-test-renderer.development.js:10326:9)
      at dispatchSetStateInternal (node_modules/react-test-renderer/cjs/react-test-renderer.development.js:4148:13)
      at dispatchSetState (node_modules/react-test-renderer/cjs/react-test-renderer.development.js:4107:7)
      at Object.setSwitchingAccount (hooks/useAccountSwitcher.js:20:7)
      at asyncGeneratorStep (node_modules/@babel/runtime/helpers/asyncToGenerator.js:3:17)
      at _next (node_modules/@babel/runtime/helpers/asyncToGenerator.js:17:9)
      at node_modules/@babel/runtime/helpers/asyncToGenerator.js:22:7
      at Object.<anonymous> (node_modules/@babel/runtime/helpers/asyncToGenerator.js:14:12)
      at Object.apply [as switchAccount] (hooks/useAccountSwitcher.js:15:22)
      at switchAccount (hooks/__tests__/useAccountSwitcher.test.js:184:28)
      at asyncGeneratorStep (node_modules/@babel/runtime/helpers/asyncToGenerator.js:3:17)
      at _next (node_modules/@babel/runtime/helpers/asyncToGenerator.js:17:9)
      at node_modules/@babel/runtime/helpers/asyncToGenerator.js:22:7
      at node_modules/@babel/runtime/helpers/asyncToGenerator.js:14:12
      at process.env.NODE_ENV.exports.act (node_modules/react/cjs/react.development.js:789:22)
      at Object.<anonymous> (hooks/__tests__/useAccountSwitcher.test.js:183:14)
      at asyncGeneratorStep (node_modules/@babel/runtime/helpers/asyncToGenerator.js:3:17)
      at _next (node_modules/@babel/runtime/helpers/asyncToGenerator.js:17:9)
      at node_modules/@babel/runtime/helpers/asyncToGenerator.js:22:7
      at Object.<anonymous> (node_modules/@babel/runtime/helpers/asyncToGenerator.js:14:12)

    console.error
      The current testing environment is not configured to support act(...)

      23 |       await switchAccountContext(accountIndex);
      24 |
    > 25 |       setShowAccountPicker(false);
         |       ^
      26 |       setNewAccountIndex('');
      27 |     } catch (error) {
      28 |       Alert.alert(DIALOGS.ERROR_TITLE, ERRORS.ACCOUNT_SWITCH_FAILED);

      at isConcurrentActEnvironment (node_modules/react-test-renderer/cjs/react-test-renderer.development.js:10243:17)
      at warnIfUpdatesNotWrappedWithActDEV (node_modules/react-test-renderer/cjs/react-test-renderer.development.js:11798:7)
      at scheduleUpdateOnFiber (node_modules/react-test-renderer/cjs/react-test-renderer.development.js:10326:9)
      at dispatchSetStateInternal (node_modules/react-test-renderer/cjs/react-test-renderer.development.js:4148:13)
      at dispatchSetState (node_modules/react-test-renderer/cjs/react-test-renderer.development.js:4107:7)
      at Object.setShowAccountPicker (hooks/useAccountSwitcher.js:25:7)
      at asyncGeneratorStep (node_modules/@babel/runtime/helpers/asyncToGenerator.js:3:17)
      at _next (node_modules/@babel/runtime/helpers/asyncToGenerator.js:17:9)

    console.error
      The current testing environment is not configured to support act(...)

      24 |
      25 |       setShowAccountPicker(false);
    > 26 |       setNewAccountIndex('');
         |       ^
      27 |     } catch (error) {
      28 |       Alert.alert(DIALOGS.ERROR_TITLE, ERRORS.ACCOUNT_SWITCH_FAILED);
      29 |     } finally {

      at isConcurrentActEnvironment (node_modules/react-test-renderer/cjs/react-test-renderer.development.js:10243:17)
      at warnIfUpdatesNotWrappedWithActDEV (node_modules/react-test-renderer/cjs/react-test-renderer.development.js:11798:7)
      at scheduleUpdateOnFiber (node_modules/react-test-renderer/cjs/react-test-renderer.development.js:10326:9)
      at dispatchSetStateInternal (node_modules/react-test-renderer/cjs/react-test-renderer.development.js:4148:13)
      at dispatchSetState (node_modules/react-test-renderer/cjs/react-test-renderer.development.js:4107:7)
      at Object.setNewAccountIndex (hooks/useAccountSwitcher.js:26:7)
      at asyncGeneratorStep (node_modules/@babel/runtime/helpers/asyncToGenerator.js:3:17)
      at _next (node_modules/@babel/runtime/helpers/asyncToGenerator.js:17:9)

    console.error
      The current testing environment is not configured to support act(...)

      28 |       Alert.alert(DIALOGS.ERROR_TITLE, ERRORS.ACCOUNT_SWITCH_FAILED);
      29 |     } finally {
    > 30 |       setSwitchingAccount(false);
         |       ^
      31 |     }
      32 |   };
      33 |

      at isConcurrentActEnvironment (node_modules/react-test-renderer/cjs/react-test-renderer.development.js:10243:17)
      at warnIfUpdatesNotWrappedWithActDEV (node_modules/react-test-renderer/cjs/react-test-renderer.development.js:11798:7)
      at scheduleUpdateOnFiber (node_modules/react-test-renderer/cjs/react-test-renderer.development.js:10326:9)
      at dispatchSetStateInternal (node_modules/react-test-renderer/cjs/react-test-renderer.development.js:4148:13)
      at dispatchSetState (node_modules/react-test-renderer/cjs/react-test-renderer.development.js:4107:7)
      at Object.setSwitchingAccount (hooks/useAccountSwitcher.js:30:7)
      at asyncGeneratorStep (node_modules/@babel/runtime/helpers/asyncToGenerator.js:3:17)
      at _next (node_modules/@babel/runtime/helpers/asyncToGenerator.js:17:9)

    console.error
      react-test-renderer is deprecated. See https://react.dev/warnings/react-test-renderer

      20 |   let component;
      21 |   act(() => {
    > 22 |     component = create(<TestComponent />);
         |                       ^
      23 |   });
      24 |
      25 |   return {

      at process.env.NODE_ENV.exports.create (node_modules/react-test-renderer/cjs/react-test-renderer.development.js:14598:17)
      at hooks/__tests__/useAccountSwitcher.test.js:22:23
      at process.env.NODE_ENV.exports.act (node_modules/react/cjs/react.development.js:789:22)
      at renderHook (hooks/__tests__/useAccountSwitcher.test.js:21:6)
      at Object.renderHook (hooks/__tests__/useAccountSwitcher.test.js:195:24)
      at asyncGeneratorStep (node_modules/@babel/runtime/helpers/asyncToGenerator.js:3:17)
      at _next (node_modules/@babel/runtime/helpers/asyncToGenerator.js:17:9)
      at node_modules/@babel/runtime/helpers/asyncToGenerator.js:22:7
      at Object.<anonymous> (node_modules/@babel/runtime/helpers/asyncToGenerator.js:14:12)

    console.error
      The current testing environment is not configured to support act(...)

      20 |   let component;
      21 |   act(() => {
    > 22 |     component = create(<TestComponent />);
         |                       ^
      23 |   });
      24 |
      25 |   return {

      at isConcurrentActEnvironment (node_modules/react-test-renderer/cjs/react-test-renderer.development.js:10243:17)
      at warnIfUpdatesNotWrappedWithActDEV (node_modules/react-test-renderer/cjs/react-test-renderer.development.js:11798:7)
      at scheduleUpdateOnFiber (node_modules/react-test-renderer/cjs/react-test-renderer.development.js:10326:9)
      at updateContainerImpl (node_modules/react-test-renderer/cjs/react-test-renderer.development.js:12382:10)
      at updateContainer (node_modules/react-test-renderer/cjs/react-test-renderer.development.js:12326:7)
      at process.env.NODE_ENV.exports.create (node_modules/react-test-renderer/cjs/react-test-renderer.development.js:14630:7)
      at hooks/__tests__/useAccountSwitcher.test.js:22:23
      at process.env.NODE_ENV.exports.act (node_modules/react/cjs/react.development.js:789:22)
      at renderHook (hooks/__tests__/useAccountSwitcher.test.js:21:6)
      at Object.renderHook (hooks/__tests__/useAccountSwitcher.test.js:195:24)
      at asyncGeneratorStep (node_modules/@babel/runtime/helpers/asyncToGenerator.js:3:17)
      at _next (node_modules/@babel/runtime/helpers/asyncToGenerator.js:17:9)
      at node_modules/@babel/runtime/helpers/asyncToGenerator.js:22:7
      at Object.<anonymous> (node_modules/@babel/runtime/helpers/asyncToGenerator.js:14:12)

    console.error
      The current testing environment is not configured to support act(...)

      199 |     // Set up modal state
      200 |     act(() => {
    > 201 |       result.current.setShowAccountPicker(true);
          |                      ^
      202 |       result.current.setNewAccountIndex('5');
      203 |     });
      204 |

      at isConcurrentActEnvironment (node_modules/react-test-renderer/cjs/react-test-renderer.development.js:10243:17)
      at warnIfUpdatesNotWrappedWithActDEV (node_modules/react-test-renderer/cjs/react-test-renderer.development.js:11798:7)
      at scheduleUpdateOnFiber (node_modules/react-test-renderer/cjs/react-test-renderer.development.js:10326:9)
      at dispatchSetStateInternal (node_modules/react-test-renderer/cjs/react-test-renderer.development.js:4148:13)
      at dispatchSetState (node_modules/react-test-renderer/cjs/react-test-renderer.development.js:4107:7)
      at setShowAccountPicker (hooks/__tests__/useAccountSwitcher.test.js:201:22)
      at process.env.NODE_ENV.exports.act (node_modules/react/cjs/react.development.js:789:22)
      at Object.<anonymous> (hooks/__tests__/useAccountSwitcher.test.js:200:8)
      at asyncGeneratorStep (node_modules/@babel/runtime/helpers/asyncToGenerator.js:3:17)
      at _next (node_modules/@babel/runtime/helpers/asyncToGenerator.js:17:9)
      at node_modules/@babel/runtime/helpers/asyncToGenerator.js:22:7
      at Object.<anonymous> (node_modules/@babel/runtime/helpers/asyncToGenerator.js:14:12)

    console.error
      The current testing environment is not configured to support act(...)

      200 |     act(() => {
      201 |       result.current.setShowAccountPicker(true);
    > 202 |       result.current.setNewAccountIndex('5');
          |                      ^
      203 |     });
      204 |
      205 |     // Switch account (will fail)

      at isConcurrentActEnvironment (node_modules/react-test-renderer/cjs/react-test-renderer.development.js:10243:17)
      at warnIfUpdatesNotWrappedWithActDEV (node_modules/react-test-renderer/cjs/react-test-renderer.development.js:11798:7)
      at scheduleUpdateOnFiber (node_modules/react-test-renderer/cjs/react-test-renderer.development.js:10326:9)
      at dispatchSetStateInternal (node_modules/react-test-renderer/cjs/react-test-renderer.development.js:4148:13)
      at dispatchSetState (node_modules/react-test-renderer/cjs/react-test-renderer.development.js:4107:7)
      at setNewAccountIndex (hooks/__tests__/useAccountSwitcher.test.js:202:22)
      at process.env.NODE_ENV.exports.act (node_modules/react/cjs/react.development.js:789:22)
      at Object.<anonymous> (hooks/__tests__/useAccountSwitcher.test.js:200:8)
      at asyncGeneratorStep (node_modules/@babel/runtime/helpers/asyncToGenerator.js:3:17)
      at _next (node_modules/@babel/runtime/helpers/asyncToGenerator.js:17:9)
      at node_modules/@babel/runtime/helpers/asyncToGenerator.js:22:7
      at Object.<anonymous> (node_modules/@babel/runtime/helpers/asyncToGenerator.js:14:12)

    console.error
      The current testing environment is not configured to support act(...)

      18 |
      19 |     try {
    > 20 |       setSwitchingAccount(true);
         |       ^
      21 |
      22 |       // Switch account using context
      23 |       await switchAccountContext(accountIndex);

      at isConcurrentActEnvironment (node_modules/react-test-renderer/cjs/react-test-renderer.development.js:10243:17)
      at warnIfUpdatesNotWrappedWithActDEV (node_modules/react-test-renderer/cjs/react-test-renderer.development.js:11798:7)
      at scheduleUpdateOnFiber (node_modules/react-test-renderer/cjs/react-test-renderer.development.js:10326:9)
      at dispatchSetStateInternal (node_modules/react-test-renderer/cjs/react-test-renderer.development.js:4148:13)
      at dispatchSetState (node_modules/react-test-renderer/cjs/react-test-renderer.development.js:4107:7)
      at Object.setSwitchingAccount (hooks/useAccountSwitcher.js:20:7)
      at asyncGeneratorStep (node_modules/@babel/runtime/helpers/asyncToGenerator.js:3:17)
      at _next (node_modules/@babel/runtime/helpers/asyncToGenerator.js:17:9)
      at node_modules/@babel/runtime/helpers/asyncToGenerator.js:22:7
      at Object.<anonymous> (node_modules/@babel/runtime/helpers/asyncToGenerator.js:14:12)
      at Object.apply [as switchAccount] (hooks/useAccountSwitcher.js:15:22)
      at switchAccount (hooks/__tests__/useAccountSwitcher.test.js:207:28)
      at asyncGeneratorStep (node_modules/@babel/runtime/helpers/asyncToGenerator.js:3:17)
      at _next (node_modules/@babel/runtime/helpers/asyncToGenerator.js:17:9)
      at node_modules/@babel/runtime/helpers/asyncToGenerator.js:22:7
      at node_modules/@babel/runtime/helpers/asyncToGenerator.js:14:12
      at process.env.NODE_ENV.exports.act (node_modules/react/cjs/react.development.js:789:22)
      at Object.<anonymous> (hooks/__tests__/useAccountSwitcher.test.js:206:14)
      at asyncGeneratorStep (node_modules/@babel/runtime/helpers/asyncToGenerator.js:3:17)
      at _next (node_modules/@babel/runtime/helpers/asyncToGenerator.js:17:9)
      at node_modules/@babel/runtime/helpers/asyncToGenerator.js:22:7
      at Object.<anonymous> (node_modules/@babel/runtime/helpers/asyncToGenerator.js:14:12)

    console.error
      The current testing environment is not configured to support act(...)

      28 |       Alert.alert(DIALOGS.ERROR_TITLE, ERRORS.ACCOUNT_SWITCH_FAILED);
      29 |     } finally {
    > 30 |       setSwitchingAccount(false);
         |       ^
      31 |     }
      32 |   };
      33 |

      at isConcurrentActEnvironment (node_modules/react-test-renderer/cjs/react-test-renderer.development.js:10243:17)
      at warnIfUpdatesNotWrappedWithActDEV (node_modules/react-test-renderer/cjs/react-test-renderer.development.js:11798:7)
      at scheduleUpdateOnFiber (node_modules/react-test-renderer/cjs/react-test-renderer.development.js:10326:9)
      at dispatchSetStateInternal (node_modules/react-test-renderer/cjs/react-test-renderer.development.js:4148:13)
      at dispatchSetState (node_modules/react-test-renderer/cjs/react-test-renderer.development.js:4107:7)
      at Object.setSwitchingAccount (hooks/useAccountSwitcher.js:30:7)
          at Generator.throw (<anonymous>)
      at asyncGeneratorStep (node_modules/@babel/runtime/helpers/asyncToGenerator.js:3:17)
      at _throw (node_modules/@babel/runtime/helpers/asyncToGenerator.js:20:9)

    console.error
      react-test-renderer is deprecated. See https://react.dev/warnings/react-test-renderer

      20 |   let component;
      21 |   act(() => {
    > 22 |     component = create(<TestComponent />);
         |                       ^
      23 |   });
      24 |
      25 |   return {

      at process.env.NODE_ENV.exports.create (node_modules/react-test-renderer/cjs/react-test-renderer.development.js:14598:17)
      at hooks/__tests__/useAccountSwitcher.test.js:22:23
      at process.env.NODE_ENV.exports.act (node_modules/react/cjs/react.development.js:789:22)
      at renderHook (hooks/__tests__/useAccountSwitcher.test.js:21:6)
      at Object.renderHook (hooks/__tests__/useAccountSwitcher.test.js:216:24)
      at asyncGeneratorStep (node_modules/@babel/runtime/helpers/asyncToGenerator.js:3:17)
      at _next (node_modules/@babel/runtime/helpers/asyncToGenerator.js:17:9)
      at node_modules/@babel/runtime/helpers/asyncToGenerator.js:22:7
      at Object.<anonymous> (node_modules/@babel/runtime/helpers/asyncToGenerator.js:14:12)

    console.error
      The current testing environment is not configured to support act(...)

      20 |   let component;
      21 |   act(() => {
    > 22 |     component = create(<TestComponent />);
         |                       ^
      23 |   });
      24 |
      25 |   return {

      at isConcurrentActEnvironment (node_modules/react-test-renderer/cjs/react-test-renderer.development.js:10243:17)
      at warnIfUpdatesNotWrappedWithActDEV (node_modules/react-test-renderer/cjs/react-test-renderer.development.js:11798:7)
      at scheduleUpdateOnFiber (node_modules/react-test-renderer/cjs/react-test-renderer.development.js:10326:9)
      at updateContainerImpl (node_modules/react-test-renderer/cjs/react-test-renderer.development.js:12382:10)
      at updateContainer (node_modules/react-test-renderer/cjs/react-test-renderer.development.js:12326:7)
      at process.env.NODE_ENV.exports.create (node_modules/react-test-renderer/cjs/react-test-renderer.development.js:14630:7)
      at hooks/__tests__/useAccountSwitcher.test.js:22:23
      at process.env.NODE_ENV.exports.act (node_modules/react/cjs/react.development.js:789:22)
      at renderHook (hooks/__tests__/useAccountSwitcher.test.js:21:6)
      at Object.renderHook (hooks/__tests__/useAccountSwitcher.test.js:216:24)
      at asyncGeneratorStep (node_modules/@babel/runtime/helpers/asyncToGenerator.js:3:17)
      at _next (node_modules/@babel/runtime/helpers/asyncToGenerator.js:17:9)
      at node_modules/@babel/runtime/helpers/asyncToGenerator.js:22:7
      at Object.<anonymous> (node_modules/@babel/runtime/helpers/asyncToGenerator.js:14:12)

    console.error
      The current testing environment is not configured to support act(...)

      18 |
      19 |     try {
    > 20 |       setSwitchingAccount(true);
         |       ^
      21 |
      22 |       // Switch account using context
      23 |       await switchAccountContext(accountIndex);

      at isConcurrentActEnvironment (node_modules/react-test-renderer/cjs/react-test-renderer.development.js:10243:17)
      at warnIfUpdatesNotWrappedWithActDEV (node_modules/react-test-renderer/cjs/react-test-renderer.development.js:11798:7)
      at scheduleUpdateOnFiber (node_modules/react-test-renderer/cjs/react-test-renderer.development.js:10326:9)
      at dispatchSetStateInternal (node_modules/react-test-renderer/cjs/react-test-renderer.development.js:4148:13)
      at dispatchSetState (node_modules/react-test-renderer/cjs/react-test-renderer.development.js:4107:7)
      at Object.setSwitchingAccount (hooks/useAccountSwitcher.js:20:7)
      at asyncGeneratorStep (node_modules/@babel/runtime/helpers/asyncToGenerator.js:3:17)
      at _next (node_modules/@babel/runtime/helpers/asyncToGenerator.js:17:9)
      at node_modules/@babel/runtime/helpers/asyncToGenerator.js:22:7
      at Object.<anonymous> (node_modules/@babel/runtime/helpers/asyncToGenerator.js:14:12)
      at Object.apply [as switchAccount] (hooks/useAccountSwitcher.js:15:22)
      at switchAccount (hooks/__tests__/useAccountSwitcher.test.js:222:28)
      at asyncGeneratorStep (node_modules/@babel/runtime/helpers/asyncToGenerator.js:3:17)
      at _next (node_modules/@babel/runtime/helpers/asyncToGenerator.js:17:9)
      at node_modules/@babel/runtime/helpers/asyncToGenerator.js:22:7
      at node_modules/@babel/runtime/helpers/asyncToGenerator.js:14:12
      at process.env.NODE_ENV.exports.act (node_modules/react/cjs/react.development.js:789:22)
      at Object.<anonymous> (hooks/__tests__/useAccountSwitcher.test.js:221:14)
      at asyncGeneratorStep (node_modules/@babel/runtime/helpers/asyncToGenerator.js:3:17)
      at _next (node_modules/@babel/runtime/helpers/asyncToGenerator.js:17:9)
      at node_modules/@babel/runtime/helpers/asyncToGenerator.js:22:7
      at Object.<anonymous> (node_modules/@babel/runtime/helpers/asyncToGenerator.js:14:12)

    console.error
      The current testing environment is not configured to support act(...)

      23 |       await switchAccountContext(accountIndex);
      24 |
    > 25 |       setShowAccountPicker(false);
         |       ^
      26 |       setNewAccountIndex('');
      27 |     } catch (error) {
      28 |       Alert.alert(DIALOGS.ERROR_TITLE, ERRORS.ACCOUNT_SWITCH_FAILED);

      at isConcurrentActEnvironment (node_modules/react-test-renderer/cjs/react-test-renderer.development.js:10243:17)
      at warnIfUpdatesNotWrappedWithActDEV (node_modules/react-test-renderer/cjs/react-test-renderer.development.js:11798:7)
      at scheduleUpdateOnFiber (node_modules/react-test-renderer/cjs/react-test-renderer.development.js:10326:9)
      at dispatchSetStateInternal (node_modules/react-test-renderer/cjs/react-test-renderer.development.js:4148:13)
      at dispatchSetState (node_modules/react-test-renderer/cjs/react-test-renderer.development.js:4107:7)
      at Object.setShowAccountPicker (hooks/useAccountSwitcher.js:25:7)
      at asyncGeneratorStep (node_modules/@babel/runtime/helpers/asyncToGenerator.js:3:17)
      at _next (node_modules/@babel/runtime/helpers/asyncToGenerator.js:17:9)

    console.error
      The current testing environment is not configured to support act(...)

      24 |
      25 |       setShowAccountPicker(false);
    > 26 |       setNewAccountIndex('');
         |       ^
      27 |     } catch (error) {
      28 |       Alert.alert(DIALOGS.ERROR_TITLE, ERRORS.ACCOUNT_SWITCH_FAILED);
      29 |     } finally {

      at isConcurrentActEnvironment (node_modules/react-test-renderer/cjs/react-test-renderer.development.js:10243:17)
      at warnIfUpdatesNotWrappedWithActDEV (node_modules/react-test-renderer/cjs/react-test-renderer.development.js:11798:7)
      at scheduleUpdateOnFiber (node_modules/react-test-renderer/cjs/react-test-renderer.development.js:10326:9)
      at dispatchSetStateInternal (node_modules/react-test-renderer/cjs/react-test-renderer.development.js:4148:13)
      at dispatchSetState (node_modules/react-test-renderer/cjs/react-test-renderer.development.js:4107:7)
      at Object.setNewAccountIndex (hooks/useAccountSwitcher.js:26:7)
      at asyncGeneratorStep (node_modules/@babel/runtime/helpers/asyncToGenerator.js:3:17)
      at _next (node_modules/@babel/runtime/helpers/asyncToGenerator.js:17:9)

    console.error
      The current testing environment is not configured to support act(...)

      28 |       Alert.alert(DIALOGS.ERROR_TITLE, ERRORS.ACCOUNT_SWITCH_FAILED);
      29 |     } finally {
    > 30 |       setSwitchingAccount(false);
         |       ^
      31 |     }
      32 |   };
      33 |

      at isConcurrentActEnvironment (node_modules/react-test-renderer/cjs/react-test-renderer.development.js:10243:17)
      at warnIfUpdatesNotWrappedWithActDEV (node_modules/react-test-renderer/cjs/react-test-renderer.development.js:11798:7)
      at scheduleUpdateOnFiber (node_modules/react-test-renderer/cjs/react-test-renderer.development.js:10326:9)
      at dispatchSetStateInternal (node_modules/react-test-renderer/cjs/react-test-renderer.development.js:4148:13)
      at dispatchSetState (node_modules/react-test-renderer/cjs/react-test-renderer.development.js:4107:7)
      at Object.setSwitchingAccount (hooks/useAccountSwitcher.js:30:7)
      at asyncGeneratorStep (node_modules/@babel/runtime/helpers/asyncToGenerator.js:3:17)
      at _next (node_modules/@babel/runtime/helpers/asyncToGenerator.js:17:9)

    console.error
      The current testing environment is not configured to support act(...)

      18 |
      19 |     try {
    > 20 |       setSwitchingAccount(true);
         |       ^
      21 |
      22 |       // Switch account using context
      23 |       await switchAccountContext(accountIndex);

      at isConcurrentActEnvironment (node_modules/react-test-renderer/cjs/react-test-renderer.development.js:10243:17)
      at warnIfUpdatesNotWrappedWithActDEV (node_modules/react-test-renderer/cjs/react-test-renderer.development.js:11798:7)
      at scheduleUpdateOnFiber (node_modules/react-test-renderer/cjs/react-test-renderer.development.js:10326:9)
      at dispatchSetStateInternal (node_modules/react-test-renderer/cjs/react-test-renderer.development.js:4148:13)
      at dispatchSetState (node_modules/react-test-renderer/cjs/react-test-renderer.development.js:4107:7)
      at Object.setSwitchingAccount (hooks/useAccountSwitcher.js:20:7)
      at asyncGeneratorStep (node_modules/@babel/runtime/helpers/asyncToGenerator.js:3:17)
      at _next (node_modules/@babel/runtime/helpers/asyncToGenerator.js:17:9)
      at node_modules/@babel/runtime/helpers/asyncToGenerator.js:22:7
      at Object.<anonymous> (node_modules/@babel/runtime/helpers/asyncToGenerator.js:14:12)
      at Object.apply [as switchAccount] (hooks/useAccountSwitcher.js:15:22)
      at switchAccount (hooks/__tests__/useAccountSwitcher.test.js:226:28)
      at asyncGeneratorStep (node_modules/@babel/runtime/helpers/asyncToGenerator.js:3:17)
      at _next (node_modules/@babel/runtime/helpers/asyncToGenerator.js:17:9)
      at node_modules/@babel/runtime/helpers/asyncToGenerator.js:22:7
      at node_modules/@babel/runtime/helpers/asyncToGenerator.js:14:12
      at process.env.NODE_ENV.exports.act (node_modules/react/cjs/react.development.js:789:22)
      at Object.<anonymous> (hooks/__tests__/useAccountSwitcher.test.js:225:14)
      at asyncGeneratorStep (node_modules/@babel/runtime/helpers/asyncToGenerator.js:3:17)
      at _next (node_modules/@babel/runtime/helpers/asyncToGenerator.js:17:9)

    console.error
      The current testing environment is not configured to support act(...)

      23 |       await switchAccountContext(accountIndex);
      24 |
    > 25 |       setShowAccountPicker(false);
         |       ^
      26 |       setNewAccountIndex('');
      27 |     } catch (error) {
      28 |       Alert.alert(DIALOGS.ERROR_TITLE, ERRORS.ACCOUNT_SWITCH_FAILED);

      at isConcurrentActEnvironment (node_modules/react-test-renderer/cjs/react-test-renderer.development.js:10243:17)
      at warnIfUpdatesNotWrappedWithActDEV (node_modules/react-test-renderer/cjs/react-test-renderer.development.js:11798:7)
      at scheduleUpdateOnFiber (node_modules/react-test-renderer/cjs/react-test-renderer.development.js:10326:9)
      at dispatchSetStateInternal (node_modules/react-test-renderer/cjs/react-test-renderer.development.js:4148:13)
      at dispatchSetState (node_modules/react-test-renderer/cjs/react-test-renderer.development.js:4107:7)
      at Object.setShowAccountPicker (hooks/useAccountSwitcher.js:25:7)
      at asyncGeneratorStep (node_modules/@babel/runtime/helpers/asyncToGenerator.js:3:17)
      at _next (node_modules/@babel/runtime/helpers/asyncToGenerator.js:17:9)

    console.error
      The current testing environment is not configured to support act(...)

      24 |
      25 |       setShowAccountPicker(false);
    > 26 |       setNewAccountIndex('');
         |       ^
      27 |     } catch (error) {
      28 |       Alert.alert(DIALOGS.ERROR_TITLE, ERRORS.ACCOUNT_SWITCH_FAILED);
      29 |     } finally {

      at isConcurrentActEnvironment (node_modules/react-test-renderer/cjs/react-test-renderer.development.js:10243:17)
      at warnIfUpdatesNotWrappedWithActDEV (node_modules/react-test-renderer/cjs/react-test-renderer.development.js:11798:7)
      at scheduleUpdateOnFiber (node_modules/react-test-renderer/cjs/react-test-renderer.development.js:10326:9)
      at dispatchSetStateInternal (node_modules/react-test-renderer/cjs/react-test-renderer.development.js:4148:13)
      at dispatchSetState (node_modules/react-test-renderer/cjs/react-test-renderer.development.js:4107:7)
      at Object.setNewAccountIndex (hooks/useAccountSwitcher.js:26:7)
      at asyncGeneratorStep (node_modules/@babel/runtime/helpers/asyncToGenerator.js:3:17)
      at _next (node_modules/@babel/runtime/helpers/asyncToGenerator.js:17:9)

    console.error
      The current testing environment is not configured to support act(...)

      28 |       Alert.alert(DIALOGS.ERROR_TITLE, ERRORS.ACCOUNT_SWITCH_FAILED);
      29 |     } finally {
    > 30 |       setSwitchingAccount(false);
         |       ^
      31 |     }
      32 |   };
      33 |

      at isConcurrentActEnvironment (node_modules/react-test-renderer/cjs/react-test-renderer.development.js:10243:17)
      at warnIfUpdatesNotWrappedWithActDEV (node_modules/react-test-renderer/cjs/react-test-renderer.development.js:11798:7)
      at scheduleUpdateOnFiber (node_modules/react-test-renderer/cjs/react-test-renderer.development.js:10326:9)
      at dispatchSetStateInternal (node_modules/react-test-renderer/cjs/react-test-renderer.development.js:4148:13)
      at dispatchSetState (node_modules/react-test-renderer/cjs/react-test-renderer.development.js:4107:7)
      at Object.setSwitchingAccount (hooks/useAccountSwitcher.js:30:7)
      at asyncGeneratorStep (node_modules/@babel/runtime/helpers/asyncToGenerator.js:3:17)
      at _next (node_modules/@babel/runtime/helpers/asyncToGenerator.js:17:9)

    console.error
      The current testing environment is not configured to support act(...)

      18 |
      19 |     try {
    > 20 |       setSwitchingAccount(true);
         |       ^
      21 |
      22 |       // Switch account using context
      23 |       await switchAccountContext(accountIndex);

      at isConcurrentActEnvironment (node_modules/react-test-renderer/cjs/react-test-renderer.development.js:10243:17)
      at warnIfUpdatesNotWrappedWithActDEV (node_modules/react-test-renderer/cjs/react-test-renderer.development.js:11798:7)
      at scheduleUpdateOnFiber (node_modules/react-test-renderer/cjs/react-test-renderer.development.js:10326:9)
      at dispatchSetStateInternal (node_modules/react-test-renderer/cjs/react-test-renderer.development.js:4148:13)
      at dispatchSetState (node_modules/react-test-renderer/cjs/react-test-renderer.development.js:4107:7)
      at Object.setSwitchingAccount (hooks/useAccountSwitcher.js:20:7)
      at asyncGeneratorStep (node_modules/@babel/runtime/helpers/asyncToGenerator.js:3:17)
      at _next (node_modules/@babel/runtime/helpers/asyncToGenerator.js:17:9)
      at node_modules/@babel/runtime/helpers/asyncToGenerator.js:22:7
      at Object.<anonymous> (node_modules/@babel/runtime/helpers/asyncToGenerator.js:14:12)
      at Object.apply [as switchAccount] (hooks/useAccountSwitcher.js:15:22)
      at switchAccount (hooks/__tests__/useAccountSwitcher.test.js:230:28)
      at asyncGeneratorStep (node_modules/@babel/runtime/helpers/asyncToGenerator.js:3:17)
      at _next (node_modules/@babel/runtime/helpers/asyncToGenerator.js:17:9)
      at node_modules/@babel/runtime/helpers/asyncToGenerator.js:22:7
      at node_modules/@babel/runtime/helpers/asyncToGenerator.js:14:12
      at process.env.NODE_ENV.exports.act (node_modules/react/cjs/react.development.js:789:22)
      at Object.<anonymous> (hooks/__tests__/useAccountSwitcher.test.js:229:14)
      at asyncGeneratorStep (node_modules/@babel/runtime/helpers/asyncToGenerator.js:3:17)
      at _next (node_modules/@babel/runtime/helpers/asyncToGenerator.js:17:9)

    console.error
      The current testing environment is not configured to support act(...)

      23 |       await switchAccountContext(accountIndex);
      24 |
    > 25 |       setShowAccountPicker(false);
         |       ^
      26 |       setNewAccountIndex('');
      27 |     } catch (error) {
      28 |       Alert.alert(DIALOGS.ERROR_TITLE, ERRORS.ACCOUNT_SWITCH_FAILED);

      at isConcurrentActEnvironment (node_modules/react-test-renderer/cjs/react-test-renderer.development.js:10243:17)
      at warnIfUpdatesNotWrappedWithActDEV (node_modules/react-test-renderer/cjs/react-test-renderer.development.js:11798:7)
      at scheduleUpdateOnFiber (node_modules/react-test-renderer/cjs/react-test-renderer.development.js:10326:9)
      at dispatchSetStateInternal (node_modules/react-test-renderer/cjs/react-test-renderer.development.js:4148:13)
      at dispatchSetState (node_modules/react-test-renderer/cjs/react-test-renderer.development.js:4107:7)
      at Object.setShowAccountPicker (hooks/useAccountSwitcher.js:25:7)
      at asyncGeneratorStep (node_modules/@babel/runtime/helpers/asyncToGenerator.js:3:17)
      at _next (node_modules/@babel/runtime/helpers/asyncToGenerator.js:17:9)

    console.error
      The current testing environment is not configured to support act(...)

      24 |
      25 |       setShowAccountPicker(false);
    > 26 |       setNewAccountIndex('');
         |       ^
      27 |     } catch (error) {
      28 |       Alert.alert(DIALOGS.ERROR_TITLE, ERRORS.ACCOUNT_SWITCH_FAILED);
      29 |     } finally {

      at isConcurrentActEnvironment (node_modules/react-test-renderer/cjs/react-test-renderer.development.js:10243:17)
      at warnIfUpdatesNotWrappedWithActDEV (node_modules/react-test-renderer/cjs/react-test-renderer.development.js:11798:7)
      at scheduleUpdateOnFiber (node_modules/react-test-renderer/cjs/react-test-renderer.development.js:10326:9)
      at dispatchSetStateInternal (node_modules/react-test-renderer/cjs/react-test-renderer.development.js:4148:13)
      at dispatchSetState (node_modules/react-test-renderer/cjs/react-test-renderer.development.js:4107:7)
      at Object.setNewAccountIndex (hooks/useAccountSwitcher.js:26:7)
      at asyncGeneratorStep (node_modules/@babel/runtime/helpers/asyncToGenerator.js:3:17)
      at _next (node_modules/@babel/runtime/helpers/asyncToGenerator.js:17:9)

    console.error
      The current testing environment is not configured to support act(...)

      28 |       Alert.alert(DIALOGS.ERROR_TITLE, ERRORS.ACCOUNT_SWITCH_FAILED);
      29 |     } finally {
    > 30 |       setSwitchingAccount(false);
         |       ^
      31 |     }
      32 |   };
      33 |

      at isConcurrentActEnvironment (node_modules/react-test-renderer/cjs/react-test-renderer.development.js:10243:17)
      at warnIfUpdatesNotWrappedWithActDEV (node_modules/react-test-renderer/cjs/react-test-renderer.development.js:11798:7)
      at scheduleUpdateOnFiber (node_modules/react-test-renderer/cjs/react-test-renderer.development.js:10326:9)
      at dispatchSetStateInternal (node_modules/react-test-renderer/cjs/react-test-renderer.development.js:4148:13)
      at dispatchSetState (node_modules/react-test-renderer/cjs/react-test-renderer.development.js:4107:7)
      at Object.setSwitchingAccount (hooks/useAccountSwitcher.js:30:7)
      at asyncGeneratorStep (node_modules/@babel/runtime/helpers/asyncToGenerator.js:3:17)
      at _next (node_modules/@babel/runtime/helpers/asyncToGenerator.js:17:9)

PASS utils/__tests__/logger.test.js
PASS hooks/__tests__/useToast.test.js
  ● Console

    console.error
      react-test-renderer is deprecated. See https://react.dev/warnings/react-test-renderer

      18 |   let component;
      19 |   act(() => {
    > 20 |     component = create(<TestComponent />);
         |                       ^
      21 |   });
      22 |
      23 |   return {

      at process.env.NODE_ENV.exports.create (node_modules/react-test-renderer/cjs/react-test-renderer.development.js:14598:17)
      at hooks/__tests__/useToast.test.js:20:23
      at process.env.NODE_ENV.exports.act (node_modules/react/cjs/react.development.js:789:22)
      at renderHook (hooks/__tests__/useToast.test.js:19:6)
      at Object.renderHook (hooks/__tests__/useToast.test.js:38:24)

    console.error
      The current testing environment is not configured to support act(...)

      18 |   let component;
      19 |   act(() => {
    > 20 |     component = create(<TestComponent />);
         |                       ^
      21 |   });
      22 |
      23 |   return {

      at isConcurrentActEnvironment (node_modules/react-test-renderer/cjs/react-test-renderer.development.js:10243:17)
      at warnIfUpdatesNotWrappedWithActDEV (node_modules/react-test-renderer/cjs/react-test-renderer.development.js:11798:7)
      at scheduleUpdateOnFiber (node_modules/react-test-renderer/cjs/react-test-renderer.development.js:10326:9)
      at updateContainerImpl (node_modules/react-test-renderer/cjs/react-test-renderer.development.js:12382:10)
      at updateContainer (node_modules/react-test-renderer/cjs/react-test-renderer.development.js:12326:7)
      at process.env.NODE_ENV.exports.create (node_modules/react-test-renderer/cjs/react-test-renderer.development.js:14630:7)
      at hooks/__tests__/useToast.test.js:20:23
      at process.env.NODE_ENV.exports.act (node_modules/react/cjs/react.development.js:789:22)
      at renderHook (hooks/__tests__/useToast.test.js:19:6)
      at Object.renderHook (hooks/__tests__/useToast.test.js:38:24)

    console.error
      react-test-renderer is deprecated. See https://react.dev/warnings/react-test-renderer

      18 |   let component;
      19 |   act(() => {
    > 20 |     component = create(<TestComponent />);
         |                       ^
      21 |   });
      22 |
      23 |   return {

      at process.env.NODE_ENV.exports.create (node_modules/react-test-renderer/cjs/react-test-renderer.development.js:14598:17)
      at hooks/__tests__/useToast.test.js:20:23
      at process.env.NODE_ENV.exports.act (node_modules/react/cjs/react.development.js:789:22)
      at renderHook (hooks/__tests__/useToast.test.js:19:6)
      at Object.renderHook (hooks/__tests__/useToast.test.js:47:24)

    console.error
      The current testing environment is not configured to support act(...)

      18 |   let component;
      19 |   act(() => {
    > 20 |     component = create(<TestComponent />);
         |                       ^
      21 |   });
      22 |
      23 |   return {

      at isConcurrentActEnvironment (node_modules/react-test-renderer/cjs/react-test-renderer.development.js:10243:17)
      at warnIfUpdatesNotWrappedWithActDEV (node_modules/react-test-renderer/cjs/react-test-renderer.development.js:11798:7)
      at scheduleUpdateOnFiber (node_modules/react-test-renderer/cjs/react-test-renderer.development.js:10326:9)
      at updateContainerImpl (node_modules/react-test-renderer/cjs/react-test-renderer.development.js:12382:10)
      at updateContainer (node_modules/react-test-renderer/cjs/react-test-renderer.development.js:12326:7)
      at process.env.NODE_ENV.exports.create (node_modules/react-test-renderer/cjs/react-test-renderer.development.js:14630:7)
      at hooks/__tests__/useToast.test.js:20:23
      at process.env.NODE_ENV.exports.act (node_modules/react/cjs/react.development.js:789:22)
      at renderHook (hooks/__tests__/useToast.test.js:19:6)
      at Object.renderHook (hooks/__tests__/useToast.test.js:47:24)

    console.error
      The current testing environment is not configured to support act(...)

      26 |     // Replace all toasts with just this new one
      27 |     const newToast = { id, message, type };
    > 28 |     setToasts([newToast]);
         |     ^
      29 |
      30 |     // Auto-hide after duration
      31 |     timeoutsRef.current[id] = setTimeout(() => {

      at isConcurrentActEnvironment (node_modules/react-test-renderer/cjs/react-test-renderer.development.js:10243:17)
      at warnIfUpdatesNotWrappedWithActDEV (node_modules/react-test-renderer/cjs/react-test-renderer.development.js:11798:7)
      at scheduleUpdateOnFiber (node_modules/react-test-renderer/cjs/react-test-renderer.development.js:10326:9)
      at dispatchSetStateInternal (node_modules/react-test-renderer/cjs/react-test-renderer.development.js:4148:13)
      at dispatchSetState (node_modules/react-test-renderer/cjs/react-test-renderer.development.js:4107:7)
      at Object.setToasts (hooks/useToast.js:28:5)
      at showToast (hooks/__tests__/useToast.test.js:50:22)
      at process.env.NODE_ENV.exports.act (node_modules/react/cjs/react.development.js:789:22)
      at Object.<anonymous> (hooks/__tests__/useToast.test.js:49:8)

    console.error
      react-test-renderer is deprecated. See https://react.dev/warnings/react-test-renderer

      18 |   let component;
      19 |   act(() => {
    > 20 |     component = create(<TestComponent />);
         |                       ^
      21 |   });
      22 |
      23 |   return {

      at process.env.NODE_ENV.exports.create (node_modules/react-test-renderer/cjs/react-test-renderer.development.js:14598:17)
      at hooks/__tests__/useToast.test.js:20:23
      at process.env.NODE_ENV.exports.act (node_modules/react/cjs/react.development.js:789:22)
      at renderHook (hooks/__tests__/useToast.test.js:19:6)
      at Object.renderHook (hooks/__tests__/useToast.test.js:62:24)

    console.error
      The current testing environment is not configured to support act(...)

      18 |   let component;
      19 |   act(() => {
    > 20 |     component = create(<TestComponent />);
         |                       ^
      21 |   });
      22 |
      23 |   return {

      at isConcurrentActEnvironment (node_modules/react-test-renderer/cjs/react-test-renderer.development.js:10243:17)
      at warnIfUpdatesNotWrappedWithActDEV (node_modules/react-test-renderer/cjs/react-test-renderer.development.js:11798:7)
      at scheduleUpdateOnFiber (node_modules/react-test-renderer/cjs/react-test-renderer.development.js:10326:9)
      at updateContainerImpl (node_modules/react-test-renderer/cjs/react-test-renderer.development.js:12382:10)
      at updateContainer (node_modules/react-test-renderer/cjs/react-test-renderer.development.js:12326:7)
      at process.env.NODE_ENV.exports.create (node_modules/react-test-renderer/cjs/react-test-renderer.development.js:14630:7)
      at hooks/__tests__/useToast.test.js:20:23
      at process.env.NODE_ENV.exports.act (node_modules/react/cjs/react.development.js:789:22)
      at renderHook (hooks/__tests__/useToast.test.js:19:6)
      at Object.renderHook (hooks/__tests__/useToast.test.js:62:24)

    console.error
      The current testing environment is not configured to support act(...)

      26 |     // Replace all toasts with just this new one
      27 |     const newToast = { id, message, type };
    > 28 |     setToasts([newToast]);
         |     ^
      29 |
      30 |     // Auto-hide after duration
      31 |     timeoutsRef.current[id] = setTimeout(() => {

      at isConcurrentActEnvironment (node_modules/react-test-renderer/cjs/react-test-renderer.development.js:10243:17)
      at warnIfUpdatesNotWrappedWithActDEV (node_modules/react-test-renderer/cjs/react-test-renderer.development.js:11798:7)
      at scheduleUpdateOnFiber (node_modules/react-test-renderer/cjs/react-test-renderer.development.js:10326:9)
      at dispatchSetStateInternal (node_modules/react-test-renderer/cjs/react-test-renderer.development.js:4148:13)
      at dispatchSetState (node_modules/react-test-renderer/cjs/react-test-renderer.development.js:4107:7)
      at Object.setToasts (hooks/useToast.js:28:5)
      at showToast (hooks/__tests__/useToast.test.js:65:22)
      at process.env.NODE_ENV.exports.act (node_modules/react/cjs/react.development.js:789:22)
      at Object.<anonymous> (hooks/__tests__/useToast.test.js:64:8)

    console.error
      react-test-renderer is deprecated. See https://react.dev/warnings/react-test-renderer

      18 |   let component;
      19 |   act(() => {
    > 20 |     component = create(<TestComponent />);
         |                       ^
      21 |   });
      22 |
      23 |   return {

      at process.env.NODE_ENV.exports.create (node_modules/react-test-renderer/cjs/react-test-renderer.development.js:14598:17)
      at hooks/__tests__/useToast.test.js:20:23
      at process.env.NODE_ENV.exports.act (node_modules/react/cjs/react.development.js:789:22)
      at renderHook (hooks/__tests__/useToast.test.js:19:6)
      at Object.renderHook (hooks/__tests__/useToast.test.js:75:24)

    console.error
      The current testing environment is not configured to support act(...)

      18 |   let component;
      19 |   act(() => {
    > 20 |     component = create(<TestComponent />);
         |                       ^
      21 |   });
      22 |
      23 |   return {

      at isConcurrentActEnvironment (node_modules/react-test-renderer/cjs/react-test-renderer.development.js:10243:17)
      at warnIfUpdatesNotWrappedWithActDEV (node_modules/react-test-renderer/cjs/react-test-renderer.development.js:11798:7)
      at scheduleUpdateOnFiber (node_modules/react-test-renderer/cjs/react-test-renderer.development.js:10326:9)
      at updateContainerImpl (node_modules/react-test-renderer/cjs/react-test-renderer.development.js:12382:10)
      at updateContainer (node_modules/react-test-renderer/cjs/react-test-renderer.development.js:12326:7)
      at process.env.NODE_ENV.exports.create (node_modules/react-test-renderer/cjs/react-test-renderer.development.js:14630:7)
      at hooks/__tests__/useToast.test.js:20:23
      at process.env.NODE_ENV.exports.act (node_modules/react/cjs/react.development.js:789:22)
      at renderHook (hooks/__tests__/useToast.test.js:19:6)
      at Object.renderHook (hooks/__tests__/useToast.test.js:75:24)

    console.error
      The current testing environment is not configured to support act(...)

      26 |     // Replace all toasts with just this new one
      27 |     const newToast = { id, message, type };
    > 28 |     setToasts([newToast]);
         |     ^
      29 |
      30 |     // Auto-hide after duration
      31 |     timeoutsRef.current[id] = setTimeout(() => {

      at isConcurrentActEnvironment (node_modules/react-test-renderer/cjs/react-test-renderer.development.js:10243:17)
      at warnIfUpdatesNotWrappedWithActDEV (node_modules/react-test-renderer/cjs/react-test-renderer.development.js:11798:7)
      at scheduleUpdateOnFiber (node_modules/react-test-renderer/cjs/react-test-renderer.development.js:10326:9)
      at dispatchSetStateInternal (node_modules/react-test-renderer/cjs/react-test-renderer.development.js:4148:13)
      at dispatchSetState (node_modules/react-test-renderer/cjs/react-test-renderer.development.js:4107:7)
      at Object.setToasts (hooks/useToast.js:28:5)
      at showToast (hooks/__tests__/useToast.test.js:78:22)
      at process.env.NODE_ENV.exports.act (node_modules/react/cjs/react.development.js:789:22)
      at Object.<anonymous> (hooks/__tests__/useToast.test.js:77:8)

    console.error
      The current testing environment is not configured to support act(...)

      30 |     // Auto-hide after duration
      31 |     timeoutsRef.current[id] = setTimeout(() => {
    > 32 |       setToasts([]);
         |       ^
      33 |       delete timeoutsRef.current[id];
      34 |     }, duration);
      35 |   };

      at isConcurrentActEnvironment (node_modules/react-test-renderer/cjs/react-test-renderer.development.js:10243:17)
      at warnIfUpdatesNotWrappedWithActDEV (node_modules/react-test-renderer/cjs/react-test-renderer.development.js:11798:7)
      at scheduleUpdateOnFiber (node_modules/react-test-renderer/cjs/react-test-renderer.development.js:10326:9)
      at dispatchSetStateInternal (node_modules/react-test-renderer/cjs/react-test-renderer.development.js:4148:13)
      at dispatchSetState (node_modules/react-test-renderer/cjs/react-test-renderer.development.js:4107:7)
      at setToasts (hooks/useToast.js:32:7)
      at callTimer (node_modules/@sinonjs/fake-timers/src/fake-timers-src.js:806:24)
      at doTickInner (node_modules/@sinonjs/fake-timers/src/fake-timers-src.js:1413:29)
      at doTick (node_modules/@sinonjs/fake-timers/src/fake-timers-src.js:1494:20)
      at Object.tick (node_modules/@sinonjs/fake-timers/src/fake-timers-src.js:1502:20)
      at FakeTimers.advanceTimersByTime (node_modules/@jest/fake-timers/build/index.js:576:19)
      at advanceTimersByTime (hooks/__tests__/useToast.test.js:85:12)
      at process.env.NODE_ENV.exports.act (node_modules/react/cjs/react.development.js:789:22)
      at Object.<anonymous> (hooks/__tests__/useToast.test.js:84:8)

    console.error
      react-test-renderer is deprecated. See https://react.dev/warnings/react-test-renderer

      18 |   let component;
      19 |   act(() => {
    > 20 |     component = create(<TestComponent />);
         |                       ^
      21 |   });
      22 |
      23 |   return {

      at process.env.NODE_ENV.exports.create (node_modules/react-test-renderer/cjs/react-test-renderer.development.js:14598:17)
      at hooks/__tests__/useToast.test.js:20:23
      at process.env.NODE_ENV.exports.act (node_modules/react/cjs/react.development.js:789:22)
      at renderHook (hooks/__tests__/useToast.test.js:19:6)
      at Object.renderHook (hooks/__tests__/useToast.test.js:93:24)

    console.error
      The current testing environment is not configured to support act(...)

      18 |   let component;
      19 |   act(() => {
    > 20 |     component = create(<TestComponent />);
         |                       ^
      21 |   });
      22 |
      23 |   return {

      at isConcurrentActEnvironment (node_modules/react-test-renderer/cjs/react-test-renderer.development.js:10243:17)
      at warnIfUpdatesNotWrappedWithActDEV (node_modules/react-test-renderer/cjs/react-test-renderer.development.js:11798:7)
      at scheduleUpdateOnFiber (node_modules/react-test-renderer/cjs/react-test-renderer.development.js:10326:9)
      at updateContainerImpl (node_modules/react-test-renderer/cjs/react-test-renderer.development.js:12382:10)
      at updateContainer (node_modules/react-test-renderer/cjs/react-test-renderer.development.js:12326:7)
      at process.env.NODE_ENV.exports.create (node_modules/react-test-renderer/cjs/react-test-renderer.development.js:14630:7)
      at hooks/__tests__/useToast.test.js:20:23
      at process.env.NODE_ENV.exports.act (node_modules/react/cjs/react.development.js:789:22)
      at renderHook (hooks/__tests__/useToast.test.js:19:6)
      at Object.renderHook (hooks/__tests__/useToast.test.js:93:24)

    console.error
      The current testing environment is not configured to support act(...)

      26 |     // Replace all toasts with just this new one
      27 |     const newToast = { id, message, type };
    > 28 |     setToasts([newToast]);
         |     ^
      29 |
      30 |     // Auto-hide after duration
      31 |     timeoutsRef.current[id] = setTimeout(() => {

      at isConcurrentActEnvironment (node_modules/react-test-renderer/cjs/react-test-renderer.development.js:10243:17)
      at warnIfUpdatesNotWrappedWithActDEV (node_modules/react-test-renderer/cjs/react-test-renderer.development.js:11798:7)
      at scheduleUpdateOnFiber (node_modules/react-test-renderer/cjs/react-test-renderer.development.js:10326:9)
      at dispatchSetStateInternal (node_modules/react-test-renderer/cjs/react-test-renderer.development.js:4148:13)
      at dispatchSetState (node_modules/react-test-renderer/cjs/react-test-renderer.development.js:4107:7)
      at Object.setToasts (hooks/useToast.js:28:5)
      at showToast (hooks/__tests__/useToast.test.js:96:22)
      at process.env.NODE_ENV.exports.act (node_modules/react/cjs/react.development.js:789:22)
      at Object.<anonymous> (hooks/__tests__/useToast.test.js:95:8)

    console.error
      The current testing environment is not configured to support act(...)

      30 |     // Auto-hide after duration
      31 |     timeoutsRef.current[id] = setTimeout(() => {
    > 32 |       setToasts([]);
         |       ^
      33 |       delete timeoutsRef.current[id];
      34 |     }, duration);
      35 |   };

      at isConcurrentActEnvironment (node_modules/react-test-renderer/cjs/react-test-renderer.development.js:10243:17)
      at warnIfUpdatesNotWrappedWithActDEV (node_modules/react-test-renderer/cjs/react-test-renderer.development.js:11798:7)
      at scheduleUpdateOnFiber (node_modules/react-test-renderer/cjs/react-test-renderer.development.js:10326:9)
      at dispatchSetStateInternal (node_modules/react-test-renderer/cjs/react-test-renderer.development.js:4148:13)
      at dispatchSetState (node_modules/react-test-renderer/cjs/react-test-renderer.development.js:4107:7)
      at setToasts (hooks/useToast.js:32:7)
      at callTimer (node_modules/@sinonjs/fake-timers/src/fake-timers-src.js:806:24)
      at doTickInner (node_modules/@sinonjs/fake-timers/src/fake-timers-src.js:1413:29)
      at doTick (node_modules/@sinonjs/fake-timers/src/fake-timers-src.js:1494:20)
      at Object.tick (node_modules/@sinonjs/fake-timers/src/fake-timers-src.js:1502:20)
      at FakeTimers.advanceTimersByTime (node_modules/@jest/fake-timers/build/index.js:576:19)
      at advanceTimersByTime (hooks/__tests__/useToast.test.js:109:12)
      at process.env.NODE_ENV.exports.act (node_modules/react/cjs/react.development.js:789:22)
      at Object.<anonymous> (hooks/__tests__/useToast.test.js:108:8)

    console.error
      react-test-renderer is deprecated. See https://react.dev/warnings/react-test-renderer

      18 |   let component;
      19 |   act(() => {
    > 20 |     component = create(<TestComponent />);
         |                       ^
      21 |   });
      22 |
      23 |   return {

      at process.env.NODE_ENV.exports.create (node_modules/react-test-renderer/cjs/react-test-renderer.development.js:14598:17)
      at hooks/__tests__/useToast.test.js:20:23
      at process.env.NODE_ENV.exports.act (node_modules/react/cjs/react.development.js:789:22)
      at renderHook (hooks/__tests__/useToast.test.js:19:6)
      at Object.renderHook (hooks/__tests__/useToast.test.js:116:24)

    console.error
      The current testing environment is not configured to support act(...)

      18 |   let component;
      19 |   act(() => {
    > 20 |     component = create(<TestComponent />);
         |                       ^
      21 |   });
      22 |
      23 |   return {

      at isConcurrentActEnvironment (node_modules/react-test-renderer/cjs/react-test-renderer.development.js:10243:17)
      at warnIfUpdatesNotWrappedWithActDEV (node_modules/react-test-renderer/cjs/react-test-renderer.development.js:11798:7)
      at scheduleUpdateOnFiber (node_modules/react-test-renderer/cjs/react-test-renderer.development.js:10326:9)
      at updateContainerImpl (node_modules/react-test-renderer/cjs/react-test-renderer.development.js:12382:10)
      at updateContainer (node_modules/react-test-renderer/cjs/react-test-renderer.development.js:12326:7)
      at process.env.NODE_ENV.exports.create (node_modules/react-test-renderer/cjs/react-test-renderer.development.js:14630:7)
      at hooks/__tests__/useToast.test.js:20:23
      at process.env.NODE_ENV.exports.act (node_modules/react/cjs/react.development.js:789:22)
      at renderHook (hooks/__tests__/useToast.test.js:19:6)
      at Object.renderHook (hooks/__tests__/useToast.test.js:116:24)

    console.error
      The current testing environment is not configured to support act(...)

      26 |     // Replace all toasts with just this new one
      27 |     const newToast = { id, message, type };
    > 28 |     setToasts([newToast]);
         |     ^
      29 |
      30 |     // Auto-hide after duration
      31 |     timeoutsRef.current[id] = setTimeout(() => {

      at isConcurrentActEnvironment (node_modules/react-test-renderer/cjs/react-test-renderer.development.js:10243:17)
      at warnIfUpdatesNotWrappedWithActDEV (node_modules/react-test-renderer/cjs/react-test-renderer.development.js:11798:7)
      at scheduleUpdateOnFiber (node_modules/react-test-renderer/cjs/react-test-renderer.development.js:10326:9)
      at dispatchSetStateInternal (node_modules/react-test-renderer/cjs/react-test-renderer.development.js:4148:13)
      at dispatchSetState (node_modules/react-test-renderer/cjs/react-test-renderer.development.js:4107:7)
      at Object.setToasts (hooks/useToast.js:28:5)
      at showToast (hooks/__tests__/useToast.test.js:119:22)
      at process.env.NODE_ENV.exports.act (node_modules/react/cjs/react.development.js:789:22)
      at Object.<anonymous> (hooks/__tests__/useToast.test.js:118:8)

    console.error
      The current testing environment is not configured to support act(...)

      26 |     // Replace all toasts with just this new one
      27 |     const newToast = { id, message, type };
    > 28 |     setToasts([newToast]);
         |     ^
      29 |
      30 |     // Auto-hide after duration
      31 |     timeoutsRef.current[id] = setTimeout(() => {

      at isConcurrentActEnvironment (node_modules/react-test-renderer/cjs/react-test-renderer.development.js:10243:17)
      at warnIfUpdatesNotWrappedWithActDEV (node_modules/react-test-renderer/cjs/react-test-renderer.development.js:11798:7)
      at scheduleUpdateOnFiber (node_modules/react-test-renderer/cjs/react-test-renderer.development.js:10326:9)
      at dispatchSetStateInternal (node_modules/react-test-renderer/cjs/react-test-renderer.development.js:4148:13)
      at dispatchSetState (node_modules/react-test-renderer/cjs/react-test-renderer.development.js:4107:7)
      at Object.setToasts (hooks/useToast.js:28:5)
      at showToast (hooks/__tests__/useToast.test.js:126:22)
      at process.env.NODE_ENV.exports.act (node_modules/react/cjs/react.development.js:789:22)
      at Object.<anonymous> (hooks/__tests__/useToast.test.js:125:8)

    console.error
      react-test-renderer is deprecated. See https://react.dev/warnings/react-test-renderer

      18 |   let component;
      19 |   act(() => {
    > 20 |     component = create(<TestComponent />);
         |                       ^
      21 |   });
      22 |
      23 |   return {

      at process.env.NODE_ENV.exports.create (node_modules/react-test-renderer/cjs/react-test-renderer.development.js:14598:17)
      at hooks/__tests__/useToast.test.js:20:23
      at process.env.NODE_ENV.exports.act (node_modules/react/cjs/react.development.js:789:22)
      at renderHook (hooks/__tests__/useToast.test.js:19:6)
      at Object.renderHook (hooks/__tests__/useToast.test.js:135:24)

    console.error
      The current testing environment is not configured to support act(...)

      18 |   let component;
      19 |   act(() => {
    > 20 |     component = create(<TestComponent />);
         |                       ^
      21 |   });
      22 |
      23 |   return {

      at isConcurrentActEnvironment (node_modules/react-test-renderer/cjs/react-test-renderer.development.js:10243:17)
      at warnIfUpdatesNotWrappedWithActDEV (node_modules/react-test-renderer/cjs/react-test-renderer.development.js:11798:7)
      at scheduleUpdateOnFiber (node_modules/react-test-renderer/cjs/react-test-renderer.development.js:10326:9)
      at updateContainerImpl (node_modules/react-test-renderer/cjs/react-test-renderer.development.js:12382:10)
      at updateContainer (node_modules/react-test-renderer/cjs/react-test-renderer.development.js:12326:7)
      at process.env.NODE_ENV.exports.create (node_modules/react-test-renderer/cjs/react-test-renderer.development.js:14630:7)
      at hooks/__tests__/useToast.test.js:20:23
      at process.env.NODE_ENV.exports.act (node_modules/react/cjs/react.development.js:789:22)
      at renderHook (hooks/__tests__/useToast.test.js:19:6)
      at Object.renderHook (hooks/__tests__/useToast.test.js:135:24)

    console.error
      The current testing environment is not configured to support act(...)

      26 |     // Replace all toasts with just this new one
      27 |     const newToast = { id, message, type };
    > 28 |     setToasts([newToast]);
         |     ^
      29 |
      30 |     // Auto-hide after duration
      31 |     timeoutsRef.current[id] = setTimeout(() => {

      at isConcurrentActEnvironment (node_modules/react-test-renderer/cjs/react-test-renderer.development.js:10243:17)
      at warnIfUpdatesNotWrappedWithActDEV (node_modules/react-test-renderer/cjs/react-test-renderer.development.js:11798:7)
      at scheduleUpdateOnFiber (node_modules/react-test-renderer/cjs/react-test-renderer.development.js:10326:9)
      at dispatchSetStateInternal (node_modules/react-test-renderer/cjs/react-test-renderer.development.js:4148:13)
      at dispatchSetState (node_modules/react-test-renderer/cjs/react-test-renderer.development.js:4107:7)
      at Object.setToasts (hooks/useToast.js:28:5)
      at showToast (hooks/__tests__/useToast.test.js:138:22)
      at process.env.NODE_ENV.exports.act (node_modules/react/cjs/react.development.js:789:22)
      at Object.<anonymous> (hooks/__tests__/useToast.test.js:137:8)

    console.error
      The current testing environment is not configured to support act(...)

      43 |
      44 |     // Remove toast
    > 45 |     setToasts((prev) => prev.filter((toast) => toast.id !== id));
         |     ^
      46 |   };
      47 |
      48 |   return {

      at isConcurrentActEnvironment (node_modules/react-test-renderer/cjs/react-test-renderer.development.js:10243:17)
      at warnIfUpdatesNotWrappedWithActDEV (node_modules/react-test-renderer/cjs/react-test-renderer.development.js:11798:7)
      at scheduleUpdateOnFiber (node_modules/react-test-renderer/cjs/react-test-renderer.development.js:10326:9)
      at dispatchSetStateInternal (node_modules/react-test-renderer/cjs/react-test-renderer.development.js:4148:13)
      at dispatchSetState (node_modules/react-test-renderer/cjs/react-test-renderer.development.js:4107:7)
      at Object.setToasts [as dismissToast] (hooks/useToast.js:45:5)
      at dismissToast (hooks/__tests__/useToast.test.js:145:22)
      at process.env.NODE_ENV.exports.act (node_modules/react/cjs/react.development.js:789:22)
      at Object.<anonymous> (hooks/__tests__/useToast.test.js:144:8)

    console.error
      react-test-renderer is deprecated. See https://react.dev/warnings/react-test-renderer

      18 |   let component;
      19 |   act(() => {
    > 20 |     component = create(<TestComponent />);
         |                       ^
      21 |   });
      22 |
      23 |   return {

      at process.env.NODE_ENV.exports.create (node_modules/react-test-renderer/cjs/react-test-renderer.development.js:14598:17)
      at hooks/__tests__/useToast.test.js:20:23
      at process.env.NODE_ENV.exports.act (node_modules/react/cjs/react.development.js:789:22)
      at renderHook (hooks/__tests__/useToast.test.js:19:6)
      at Object.renderHook (hooks/__tests__/useToast.test.js:153:24)

    console.error
      The current testing environment is not configured to support act(...)

      18 |   let component;
      19 |   act(() => {
    > 20 |     component = create(<TestComponent />);
         |                       ^
      21 |   });
      22 |
      23 |   return {

      at isConcurrentActEnvironment (node_modules/react-test-renderer/cjs/react-test-renderer.development.js:10243:17)
      at warnIfUpdatesNotWrappedWithActDEV (node_modules/react-test-renderer/cjs/react-test-renderer.development.js:11798:7)
      at scheduleUpdateOnFiber (node_modules/react-test-renderer/cjs/react-test-renderer.development.js:10326:9)
      at updateContainerImpl (node_modules/react-test-renderer/cjs/react-test-renderer.development.js:12382:10)
      at updateContainer (node_modules/react-test-renderer/cjs/react-test-renderer.development.js:12326:7)
      at process.env.NODE_ENV.exports.create (node_modules/react-test-renderer/cjs/react-test-renderer.development.js:14630:7)
      at hooks/__tests__/useToast.test.js:20:23
      at process.env.NODE_ENV.exports.act (node_modules/react/cjs/react.development.js:789:22)
      at renderHook (hooks/__tests__/useToast.test.js:19:6)
      at Object.renderHook (hooks/__tests__/useToast.test.js:153:24)

    console.error
      The current testing environment is not configured to support act(...)

      26 |     // Replace all toasts with just this new one
      27 |     const newToast = { id, message, type };
    > 28 |     setToasts([newToast]);
         |     ^
      29 |
      30 |     // Auto-hide after duration
      31 |     timeoutsRef.current[id] = setTimeout(() => {

      at isConcurrentActEnvironment (node_modules/react-test-renderer/cjs/react-test-renderer.development.js:10243:17)
      at warnIfUpdatesNotWrappedWithActDEV (node_modules/react-test-renderer/cjs/react-test-renderer.development.js:11798:7)
      at scheduleUpdateOnFiber (node_modules/react-test-renderer/cjs/react-test-renderer.development.js:10326:9)
      at dispatchSetStateInternal (node_modules/react-test-renderer/cjs/react-test-renderer.development.js:4148:13)
      at dispatchSetState (node_modules/react-test-renderer/cjs/react-test-renderer.development.js:4107:7)
      at Object.setToasts (hooks/useToast.js:28:5)
      at showToast (hooks/__tests__/useToast.test.js:156:22)
      at process.env.NODE_ENV.exports.act (node_modules/react/cjs/react.development.js:789:22)
      at Object.<anonymous> (hooks/__tests__/useToast.test.js:155:8)

    console.error
      The current testing environment is not configured to support act(...)

      43 |
      44 |     // Remove toast
    > 45 |     setToasts((prev) => prev.filter((toast) => toast.id !== id));
         |     ^
      46 |   };
      47 |
      48 |   return {

      at isConcurrentActEnvironment (node_modules/react-test-renderer/cjs/react-test-renderer.development.js:10243:17)
      at warnIfUpdatesNotWrappedWithActDEV (node_modules/react-test-renderer/cjs/react-test-renderer.development.js:11798:7)
      at scheduleUpdateOnFiber (node_modules/react-test-renderer/cjs/react-test-renderer.development.js:10326:9)
      at dispatchSetStateInternal (node_modules/react-test-renderer/cjs/react-test-renderer.development.js:4148:13)
      at dispatchSetState (node_modules/react-test-renderer/cjs/react-test-renderer.development.js:4107:7)
      at Object.setToasts [as dismissToast] (hooks/useToast.js:45:5)
      at dismissToast (hooks/__tests__/useToast.test.js:162:22)
      at process.env.NODE_ENV.exports.act (node_modules/react/cjs/react.development.js:789:22)
      at Object.<anonymous> (hooks/__tests__/useToast.test.js:161:8)

    console.error
      react-test-renderer is deprecated. See https://react.dev/warnings/react-test-renderer

      18 |   let component;
      19 |   act(() => {
    > 20 |     component = create(<TestComponent />);
         |                       ^
      21 |   });
      22 |
      23 |   return {

      at process.env.NODE_ENV.exports.create (node_modules/react-test-renderer/cjs/react-test-renderer.development.js:14598:17)
      at hooks/__tests__/useToast.test.js:20:23
      at process.env.NODE_ENV.exports.act (node_modules/react/cjs/react.development.js:789:22)
      at renderHook (hooks/__tests__/useToast.test.js:19:6)
      at Object.renderHook (hooks/__tests__/useToast.test.js:175:24)

    console.error
      The current testing environment is not configured to support act(...)

      18 |   let component;
      19 |   act(() => {
    > 20 |     component = create(<TestComponent />);
         |                       ^
      21 |   });
      22 |
      23 |   return {

      at isConcurrentActEnvironment (node_modules/react-test-renderer/cjs/react-test-renderer.development.js:10243:17)
      at warnIfUpdatesNotWrappedWithActDEV (node_modules/react-test-renderer/cjs/react-test-renderer.development.js:11798:7)
      at scheduleUpdateOnFiber (node_modules/react-test-renderer/cjs/react-test-renderer.development.js:10326:9)
      at updateContainerImpl (node_modules/react-test-renderer/cjs/react-test-renderer.development.js:12382:10)
      at updateContainer (node_modules/react-test-renderer/cjs/react-test-renderer.development.js:12326:7)
      at process.env.NODE_ENV.exports.create (node_modules/react-test-renderer/cjs/react-test-renderer.development.js:14630:7)
      at hooks/__tests__/useToast.test.js:20:23
      at process.env.NODE_ENV.exports.act (node_modules/react/cjs/react.development.js:789:22)
      at renderHook (hooks/__tests__/useToast.test.js:19:6)
      at Object.renderHook (hooks/__tests__/useToast.test.js:175:24)

    console.error
      The current testing environment is not configured to support act(...)

      26 |     // Replace all toasts with just this new one
      27 |     const newToast = { id, message, type };
    > 28 |     setToasts([newToast]);
         |     ^
      29 |
      30 |     // Auto-hide after duration
      31 |     timeoutsRef.current[id] = setTimeout(() => {

      at isConcurrentActEnvironment (node_modules/react-test-renderer/cjs/react-test-renderer.development.js:10243:17)
      at warnIfUpdatesNotWrappedWithActDEV (node_modules/react-test-renderer/cjs/react-test-renderer.development.js:11798:7)
      at scheduleUpdateOnFiber (node_modules/react-test-renderer/cjs/react-test-renderer.development.js:10326:9)
      at dispatchSetStateInternal (node_modules/react-test-renderer/cjs/react-test-renderer.development.js:4148:13)
      at dispatchSetState (node_modules/react-test-renderer/cjs/react-test-renderer.development.js:4107:7)
      at Object.setToasts (hooks/useToast.js:28:5)
      at showToast (hooks/__tests__/useToast.test.js:178:22)
      at process.env.NODE_ENV.exports.act (node_modules/react/cjs/react.development.js:789:22)
      at Object.<anonymous> (hooks/__tests__/useToast.test.js:177:8)

    console.error
      The current testing environment is not configured to support act(...)

      43 |
      44 |     // Remove toast
    > 45 |     setToasts((prev) => prev.filter((toast) => toast.id !== id));
         |     ^
      46 |   };
      47 |
      48 |   return {

      at isConcurrentActEnvironment (node_modules/react-test-renderer/cjs/react-test-renderer.development.js:10243:17)
      at warnIfUpdatesNotWrappedWithActDEV (node_modules/react-test-renderer/cjs/react-test-renderer.development.js:11798:7)
      at scheduleUpdateOnFiber (node_modules/react-test-renderer/cjs/react-test-renderer.development.js:10326:9)
      at dispatchSetStateInternal (node_modules/react-test-renderer/cjs/react-test-renderer.development.js:4148:13)
      at dispatchSetState (node_modules/react-test-renderer/cjs/react-test-renderer.development.js:4107:7)
      at Object.setToasts [as dismissToast] (hooks/useToast.js:45:5)
      at dismissToast (hooks/__tests__/useToast.test.js:185:22)
      at process.env.NODE_ENV.exports.act (node_modules/react/cjs/react.development.js:789:22)
      at Object.<anonymous> (hooks/__tests__/useToast.test.js:184:8)

    console.error
      react-test-renderer is deprecated. See https://react.dev/warnings/react-test-renderer

      18 |   let component;
      19 |   act(() => {
    > 20 |     component = create(<TestComponent />);
         |                       ^
      21 |   });
      22 |
      23 |   return {

      at process.env.NODE_ENV.exports.create (node_modules/react-test-renderer/cjs/react-test-renderer.development.js:14598:17)
      at hooks/__tests__/useToast.test.js:20:23
      at process.env.NODE_ENV.exports.act (node_modules/react/cjs/react.development.js:789:22)
      at renderHook (hooks/__tests__/useToast.test.js:19:6)
      at Object.renderHook (hooks/__tests__/useToast.test.js:193:24)

    console.error
      The current testing environment is not configured to support act(...)

      18 |   let component;
      19 |   act(() => {
    > 20 |     component = create(<TestComponent />);
         |                       ^
      21 |   });
      22 |
      23 |   return {

      at isConcurrentActEnvironment (node_modules/react-test-renderer/cjs/react-test-renderer.development.js:10243:17)
      at warnIfUpdatesNotWrappedWithActDEV (node_modules/react-test-renderer/cjs/react-test-renderer.development.js:11798:7)
      at scheduleUpdateOnFiber (node_modules/react-test-renderer/cjs/react-test-renderer.development.js:10326:9)
      at updateContainerImpl (node_modules/react-test-renderer/cjs/react-test-renderer.development.js:12382:10)
      at updateContainer (node_modules/react-test-renderer/cjs/react-test-renderer.development.js:12326:7)
      at process.env.NODE_ENV.exports.create (node_modules/react-test-renderer/cjs/react-test-renderer.development.js:14630:7)
      at hooks/__tests__/useToast.test.js:20:23
      at process.env.NODE_ENV.exports.act (node_modules/react/cjs/react.development.js:789:22)
      at renderHook (hooks/__tests__/useToast.test.js:19:6)
      at Object.renderHook (hooks/__tests__/useToast.test.js:193:24)

    console.error
      The current testing environment is not configured to support act(...)

      26 |     // Replace all toasts with just this new one
      27 |     const newToast = { id, message, type };
    > 28 |     setToasts([newToast]);
         |     ^
      29 |
      30 |     // Auto-hide after duration
      31 |     timeoutsRef.current[id] = setTimeout(() => {

      at isConcurrentActEnvironment (node_modules/react-test-renderer/cjs/react-test-renderer.development.js:10243:17)
      at warnIfUpdatesNotWrappedWithActDEV (node_modules/react-test-renderer/cjs/react-test-renderer.development.js:11798:7)
      at scheduleUpdateOnFiber (node_modules/react-test-renderer/cjs/react-test-renderer.development.js:10326:9)
      at dispatchSetStateInternal (node_modules/react-test-renderer/cjs/react-test-renderer.development.js:4148:13)
      at dispatchSetState (node_modules/react-test-renderer/cjs/react-test-renderer.development.js:4107:7)
      at Object.setToasts (hooks/useToast.js:28:5)
      at showToast (hooks/__tests__/useToast.test.js:196:22)
      at process.env.NODE_ENV.exports.act (node_modules/react/cjs/react.development.js:789:22)
      at Object.<anonymous> (hooks/__tests__/useToast.test.js:195:8)

    console.error
      react-test-renderer is deprecated. See https://react.dev/warnings/react-test-renderer

      18 |   let component;
      19 |   act(() => {
    > 20 |     component = create(<TestComponent />);
         |                       ^
      21 |   });
      22 |
      23 |   return {

      at process.env.NODE_ENV.exports.create (node_modules/react-test-renderer/cjs/react-test-renderer.development.js:14598:17)
      at hooks/__tests__/useToast.test.js:20:23
      at process.env.NODE_ENV.exports.act (node_modules/react/cjs/react.development.js:789:22)
      at renderHook (hooks/__tests__/useToast.test.js:19:6)
      at Object.renderHook (hooks/__tests__/useToast.test.js:203:24)

    console.error
      The current testing environment is not configured to support act(...)

      18 |   let component;
      19 |   act(() => {
    > 20 |     component = create(<TestComponent />);
         |                       ^
      21 |   });
      22 |
      23 |   return {

      at isConcurrentActEnvironment (node_modules/react-test-renderer/cjs/react-test-renderer.development.js:10243:17)
      at warnIfUpdatesNotWrappedWithActDEV (node_modules/react-test-renderer/cjs/react-test-renderer.development.js:11798:7)
      at scheduleUpdateOnFiber (node_modules/react-test-renderer/cjs/react-test-renderer.development.js:10326:9)
      at updateContainerImpl (node_modules/react-test-renderer/cjs/react-test-renderer.development.js:12382:10)
      at updateContainer (node_modules/react-test-renderer/cjs/react-test-renderer.development.js:12326:7)
      at process.env.NODE_ENV.exports.create (node_modules/react-test-renderer/cjs/react-test-renderer.development.js:14630:7)
      at hooks/__tests__/useToast.test.js:20:23
      at process.env.NODE_ENV.exports.act (node_modules/react/cjs/react.development.js:789:22)
      at renderHook (hooks/__tests__/useToast.test.js:19:6)
      at Object.renderHook (hooks/__tests__/useToast.test.js:203:24)

    console.error
      The current testing environment is not configured to support act(...)

      26 |     // Replace all toasts with just this new one
      27 |     const newToast = { id, message, type };
    > 28 |     setToasts([newToast]);
         |     ^
      29 |
      30 |     // Auto-hide after duration
      31 |     timeoutsRef.current[id] = setTimeout(() => {

      at isConcurrentActEnvironment (node_modules/react-test-renderer/cjs/react-test-renderer.development.js:10243:17)
      at warnIfUpdatesNotWrappedWithActDEV (node_modules/react-test-renderer/cjs/react-test-renderer.development.js:11798:7)
      at scheduleUpdateOnFiber (node_modules/react-test-renderer/cjs/react-test-renderer.development.js:10326:9)
      at dispatchSetStateInternal (node_modules/react-test-renderer/cjs/react-test-renderer.development.js:4148:13)
      at dispatchSetState (node_modules/react-test-renderer/cjs/react-test-renderer.development.js:4107:7)
      at Object.setToasts (hooks/useToast.js:28:5)
      at showToast (hooks/__tests__/useToast.test.js:206:22)
      at process.env.NODE_ENV.exports.act (node_modules/react/cjs/react.development.js:789:22)
      at Object.<anonymous> (hooks/__tests__/useToast.test.js:205:8)

    console.error
      The current testing environment is not configured to support act(...)

      26 |     // Replace all toasts with just this new one
      27 |     const newToast = { id, message, type };
    > 28 |     setToasts([newToast]);
         |     ^
      29 |
      30 |     // Auto-hide after duration
      31 |     timeoutsRef.current[id] = setTimeout(() => {

      at isConcurrentActEnvironment (node_modules/react-test-renderer/cjs/react-test-renderer.development.js:10243:17)
      at warnIfUpdatesNotWrappedWithActDEV (node_modules/react-test-renderer/cjs/react-test-renderer.development.js:11798:7)
      at scheduleUpdateOnFiber (node_modules/react-test-renderer/cjs/react-test-renderer.development.js:10326:9)
      at dispatchSetStateInternal (node_modules/react-test-renderer/cjs/react-test-renderer.development.js:4148:13)
      at dispatchSetState (node_modules/react-test-renderer/cjs/react-test-renderer.development.js:4107:7)
      at Object.setToasts (hooks/useToast.js:28:5)
      at showToast (hooks/__tests__/useToast.test.js:218:22)
      at process.env.NODE_ENV.exports.act (node_modules/react/cjs/react.development.js:789:22)
      at Object.<anonymous> (hooks/__tests__/useToast.test.js:217:8)

PASS hooks/__tests__/useTransactionPolling.test.js
  ● Console

    console.error
      react-test-renderer is deprecated. See https://react.dev/warnings/react-test-renderer

      17 |   let component;
      18 |   act(() => {
    > 19 |     component = create(<TestComponent />);
         |                       ^
      20 |   });
      21 |   return { result, unmount: () => component.unmount() };
      22 | }

      at process.env.NODE_ENV.exports.create (node_modules/react-test-renderer/cjs/react-test-renderer.development.js:14598:17)
      at hooks/__tests__/useTransactionPolling.test.js:19:23
      at process.env.NODE_ENV.exports.act (node_modules/react/cjs/react.development.js:789:22)
      at renderHook (hooks/__tests__/useTransactionPolling.test.js:18:6)
      at Object.renderHook (hooks/__tests__/useTransactionPolling.test.js:46:24)

    console.error
      The current testing environment is not configured to support act(...)

      17 |   let component;
      18 |   act(() => {
    > 19 |     component = create(<TestComponent />);
         |                       ^
      20 |   });
      21 |   return { result, unmount: () => component.unmount() };
      22 | }

      at isConcurrentActEnvironment (node_modules/react-test-renderer/cjs/react-test-renderer.development.js:10243:17)
      at warnIfUpdatesNotWrappedWithActDEV (node_modules/react-test-renderer/cjs/react-test-renderer.development.js:11798:7)
      at scheduleUpdateOnFiber (node_modules/react-test-renderer/cjs/react-test-renderer.development.js:10326:9)
      at updateContainerImpl (node_modules/react-test-renderer/cjs/react-test-renderer.development.js:12382:10)
      at updateContainer (node_modules/react-test-renderer/cjs/react-test-renderer.development.js:12326:7)
      at process.env.NODE_ENV.exports.create (node_modules/react-test-renderer/cjs/react-test-renderer.development.js:14630:7)
      at hooks/__tests__/useTransactionPolling.test.js:19:23
      at process.env.NODE_ENV.exports.act (node_modules/react/cjs/react.development.js:789:22)
      at renderHook (hooks/__tests__/useTransactionPolling.test.js:18:6)
      at Object.renderHook (hooks/__tests__/useTransactionPolling.test.js:46:24)

    console.error
      react-test-renderer is deprecated. See https://react.dev/warnings/react-test-renderer

      17 |   let component;
      18 |   act(() => {
    > 19 |     component = create(<TestComponent />);
         |                       ^
      20 |   });
      21 |   return { result, unmount: () => component.unmount() };
      22 | }

      at process.env.NODE_ENV.exports.create (node_modules/react-test-renderer/cjs/react-test-renderer.development.js:14598:17)
      at hooks/__tests__/useTransactionPolling.test.js:19:23
      at process.env.NODE_ENV.exports.act (node_modules/react/cjs/react.development.js:789:22)
      at renderHook (hooks/__tests__/useTransactionPolling.test.js:18:6)
      at Object.renderHook (hooks/__tests__/useTransactionPolling.test.js:55:24)
      at asyncGeneratorStep (node_modules/@babel/runtime/helpers/asyncToGenerator.js:3:17)
      at _next (node_modules/@babel/runtime/helpers/asyncToGenerator.js:17:9)
      at node_modules/@babel/runtime/helpers/asyncToGenerator.js:22:7
      at Object.<anonymous> (node_modules/@babel/runtime/helpers/asyncToGenerator.js:14:12)

    console.error
      The current testing environment is not configured to support act(...)

      17 |   let component;
      18 |   act(() => {
    > 19 |     component = create(<TestComponent />);
         |                       ^
      20 |   });
      21 |   return { result, unmount: () => component.unmount() };
      22 | }

      at isConcurrentActEnvironment (node_modules/react-test-renderer/cjs/react-test-renderer.development.js:10243:17)
      at warnIfUpdatesNotWrappedWithActDEV (node_modules/react-test-renderer/cjs/react-test-renderer.development.js:11798:7)
      at scheduleUpdateOnFiber (node_modules/react-test-renderer/cjs/react-test-renderer.development.js:10326:9)
      at updateContainerImpl (node_modules/react-test-renderer/cjs/react-test-renderer.development.js:12382:10)
      at updateContainer (node_modules/react-test-renderer/cjs/react-test-renderer.development.js:12326:7)
      at process.env.NODE_ENV.exports.create (node_modules/react-test-renderer/cjs/react-test-renderer.development.js:14630:7)
      at hooks/__tests__/useTransactionPolling.test.js:19:23
      at process.env.NODE_ENV.exports.act (node_modules/react/cjs/react.development.js:789:22)
      at renderHook (hooks/__tests__/useTransactionPolling.test.js:18:6)
      at Object.renderHook (hooks/__tests__/useTransactionPolling.test.js:55:24)
      at asyncGeneratorStep (node_modules/@babel/runtime/helpers/asyncToGenerator.js:3:17)
      at _next (node_modules/@babel/runtime/helpers/asyncToGenerator.js:17:9)
      at node_modules/@babel/runtime/helpers/asyncToGenerator.js:22:7
      at Object.<anonymous> (node_modules/@babel/runtime/helpers/asyncToGenerator.js:14:12)

    console.error
      react-test-renderer is deprecated. See https://react.dev/warnings/react-test-renderer

      17 |   let component;
      18 |   act(() => {
    > 19 |     component = create(<TestComponent />);
         |                       ^
      20 |   });
      21 |   return { result, unmount: () => component.unmount() };
      22 | }

      at process.env.NODE_ENV.exports.create (node_modules/react-test-renderer/cjs/react-test-renderer.development.js:14598:17)
      at hooks/__tests__/useTransactionPolling.test.js:19:23
      at process.env.NODE_ENV.exports.act (node_modules/react/cjs/react.development.js:789:22)
      at renderHook (hooks/__tests__/useTransactionPolling.test.js:18:6)
      at Object.renderHook (hooks/__tests__/useTransactionPolling.test.js:78:24)
      at asyncGeneratorStep (node_modules/@babel/runtime/helpers/asyncToGenerator.js:3:17)
      at _next (node_modules/@babel/runtime/helpers/asyncToGenerator.js:17:9)
      at node_modules/@babel/runtime/helpers/asyncToGenerator.js:22:7
      at Object.<anonymous> (node_modules/@babel/runtime/helpers/asyncToGenerator.js:14:12)

    console.error
      The current testing environment is not configured to support act(...)

      17 |   let component;
      18 |   act(() => {
    > 19 |     component = create(<TestComponent />);
         |                       ^
      20 |   });
      21 |   return { result, unmount: () => component.unmount() };
      22 | }

      at isConcurrentActEnvironment (node_modules/react-test-renderer/cjs/react-test-renderer.development.js:10243:17)
      at warnIfUpdatesNotWrappedWithActDEV (node_modules/react-test-renderer/cjs/react-test-renderer.development.js:11798:7)
      at scheduleUpdateOnFiber (node_modules/react-test-renderer/cjs/react-test-renderer.development.js:10326:9)
      at updateContainerImpl (node_modules/react-test-renderer/cjs/react-test-renderer.development.js:12382:10)
      at updateContainer (node_modules/react-test-renderer/cjs/react-test-renderer.development.js:12326:7)
      at process.env.NODE_ENV.exports.create (node_modules/react-test-renderer/cjs/react-test-renderer.development.js:14630:7)
      at hooks/__tests__/useTransactionPolling.test.js:19:23
      at process.env.NODE_ENV.exports.act (node_modules/react/cjs/react.development.js:789:22)
      at renderHook (hooks/__tests__/useTransactionPolling.test.js:18:6)
      at Object.renderHook (hooks/__tests__/useTransactionPolling.test.js:78:24)
      at asyncGeneratorStep (node_modules/@babel/runtime/helpers/asyncToGenerator.js:3:17)
      at _next (node_modules/@babel/runtime/helpers/asyncToGenerator.js:17:9)
      at node_modules/@babel/runtime/helpers/asyncToGenerator.js:22:7
      at Object.<anonymous> (node_modules/@babel/runtime/helpers/asyncToGenerator.js:14:12)

    console.error
      react-test-renderer is deprecated. See https://react.dev/warnings/react-test-renderer

      17 |   let component;
      18 |   act(() => {
    > 19 |     component = create(<TestComponent />);
         |                       ^
      20 |   });
      21 |   return { result, unmount: () => component.unmount() };
      22 | }

      at process.env.NODE_ENV.exports.create (node_modules/react-test-renderer/cjs/react-test-renderer.development.js:14598:17)
      at hooks/__tests__/useTransactionPolling.test.js:19:23
      at process.env.NODE_ENV.exports.act (node_modules/react/cjs/react.development.js:789:22)
      at renderHook (hooks/__tests__/useTransactionPolling.test.js:18:6)
      at Object.renderHook (hooks/__tests__/useTransactionPolling.test.js:106:24)
      at asyncGeneratorStep (node_modules/@babel/runtime/helpers/asyncToGenerator.js:3:17)
      at _next (node_modules/@babel/runtime/helpers/asyncToGenerator.js:17:9)
      at node_modules/@babel/runtime/helpers/asyncToGenerator.js:22:7
      at Object.<anonymous> (node_modules/@babel/runtime/helpers/asyncToGenerator.js:14:12)

    console.error
      The current testing environment is not configured to support act(...)

      17 |   let component;
      18 |   act(() => {
    > 19 |     component = create(<TestComponent />);
         |                       ^
      20 |   });
      21 |   return { result, unmount: () => component.unmount() };
      22 | }

      at isConcurrentActEnvironment (node_modules/react-test-renderer/cjs/react-test-renderer.development.js:10243:17)
      at warnIfUpdatesNotWrappedWithActDEV (node_modules/react-test-renderer/cjs/react-test-renderer.development.js:11798:7)
      at scheduleUpdateOnFiber (node_modules/react-test-renderer/cjs/react-test-renderer.development.js:10326:9)
      at updateContainerImpl (node_modules/react-test-renderer/cjs/react-test-renderer.development.js:12382:10)
      at updateContainer (node_modules/react-test-renderer/cjs/react-test-renderer.development.js:12326:7)
      at process.env.NODE_ENV.exports.create (node_modules/react-test-renderer/cjs/react-test-renderer.development.js:14630:7)
      at hooks/__tests__/useTransactionPolling.test.js:19:23
      at process.env.NODE_ENV.exports.act (node_modules/react/cjs/react.development.js:789:22)
      at renderHook (hooks/__tests__/useTransactionPolling.test.js:18:6)
      at Object.renderHook (hooks/__tests__/useTransactionPolling.test.js:106:24)
      at asyncGeneratorStep (node_modules/@babel/runtime/helpers/asyncToGenerator.js:3:17)
      at _next (node_modules/@babel/runtime/helpers/asyncToGenerator.js:17:9)
      at node_modules/@babel/runtime/helpers/asyncToGenerator.js:22:7
      at Object.<anonymous> (node_modules/@babel/runtime/helpers/asyncToGenerator.js:14:12)

    console.error
      react-test-renderer is deprecated. See https://react.dev/warnings/react-test-renderer

      17 |   let component;
      18 |   act(() => {
    > 19 |     component = create(<TestComponent />);
         |                       ^
      20 |   });
      21 |   return { result, unmount: () => component.unmount() };
      22 | }

      at process.env.NODE_ENV.exports.create (node_modules/react-test-renderer/cjs/react-test-renderer.development.js:14598:17)
      at hooks/__tests__/useTransactionPolling.test.js:19:23
      at process.env.NODE_ENV.exports.act (node_modules/react/cjs/react.development.js:789:22)
      at renderHook (hooks/__tests__/useTransactionPolling.test.js:18:6)
      at Object.renderHook (hooks/__tests__/useTransactionPolling.test.js:125:24)
      at asyncGeneratorStep (node_modules/@babel/runtime/helpers/asyncToGenerator.js:3:17)
      at _next (node_modules/@babel/runtime/helpers/asyncToGenerator.js:17:9)
      at node_modules/@babel/runtime/helpers/asyncToGenerator.js:22:7
      at Object.<anonymous> (node_modules/@babel/runtime/helpers/asyncToGenerator.js:14:12)

    console.error
      The current testing environment is not configured to support act(...)

      17 |   let component;
      18 |   act(() => {
    > 19 |     component = create(<TestComponent />);
         |                       ^
      20 |   });
      21 |   return { result, unmount: () => component.unmount() };
      22 | }

      at isConcurrentActEnvironment (node_modules/react-test-renderer/cjs/react-test-renderer.development.js:10243:17)
      at warnIfUpdatesNotWrappedWithActDEV (node_modules/react-test-renderer/cjs/react-test-renderer.development.js:11798:7)
      at scheduleUpdateOnFiber (node_modules/react-test-renderer/cjs/react-test-renderer.development.js:10326:9)
      at updateContainerImpl (node_modules/react-test-renderer/cjs/react-test-renderer.development.js:12382:10)
      at updateContainer (node_modules/react-test-renderer/cjs/react-test-renderer.development.js:12326:7)
      at process.env.NODE_ENV.exports.create (node_modules/react-test-renderer/cjs/react-test-renderer.development.js:14630:7)
      at hooks/__tests__/useTransactionPolling.test.js:19:23
      at process.env.NODE_ENV.exports.act (node_modules/react/cjs/react.development.js:789:22)
      at renderHook (hooks/__tests__/useTransactionPolling.test.js:18:6)
      at Object.renderHook (hooks/__tests__/useTransactionPolling.test.js:125:24)
      at asyncGeneratorStep (node_modules/@babel/runtime/helpers/asyncToGenerator.js:3:17)
      at _next (node_modules/@babel/runtime/helpers/asyncToGenerator.js:17:9)
      at node_modules/@babel/runtime/helpers/asyncToGenerator.js:22:7
      at Object.<anonymous> (node_modules/@babel/runtime/helpers/asyncToGenerator.js:14:12)

    console.error
      react-test-renderer is deprecated. See https://react.dev/warnings/react-test-renderer

      17 |   let component;
      18 |   act(() => {
    > 19 |     component = create(<TestComponent />);
         |                       ^
      20 |   });
      21 |   return { result, unmount: () => component.unmount() };
      22 | }

      at process.env.NODE_ENV.exports.create (node_modules/react-test-renderer/cjs/react-test-renderer.development.js:14598:17)
      at hooks/__tests__/useTransactionPolling.test.js:19:23
      at process.env.NODE_ENV.exports.act (node_modules/react/cjs/react.development.js:789:22)
      at renderHook (hooks/__tests__/useTransactionPolling.test.js:18:6)
      at Object.renderHook (hooks/__tests__/useTransactionPolling.test.js:150:33)

    console.error
      The current testing environment is not configured to support act(...)

      17 |   let component;
      18 |   act(() => {
    > 19 |     component = create(<TestComponent />);
         |                       ^
      20 |   });
      21 |   return { result, unmount: () => component.unmount() };
      22 | }

      at isConcurrentActEnvironment (node_modules/react-test-renderer/cjs/react-test-renderer.development.js:10243:17)
      at warnIfUpdatesNotWrappedWithActDEV (node_modules/react-test-renderer/cjs/react-test-renderer.development.js:11798:7)
      at scheduleUpdateOnFiber (node_modules/react-test-renderer/cjs/react-test-renderer.development.js:10326:9)
      at updateContainerImpl (node_modules/react-test-renderer/cjs/react-test-renderer.development.js:12382:10)
      at updateContainer (node_modules/react-test-renderer/cjs/react-test-renderer.development.js:12326:7)
      at process.env.NODE_ENV.exports.create (node_modules/react-test-renderer/cjs/react-test-renderer.development.js:14630:7)
      at hooks/__tests__/useTransactionPolling.test.js:19:23
      at process.env.NODE_ENV.exports.act (node_modules/react/cjs/react.development.js:789:22)
      at renderHook (hooks/__tests__/useTransactionPolling.test.js:18:6)
      at Object.renderHook (hooks/__tests__/useTransactionPolling.test.js:150:33)

    console.error
      react-test-renderer is deprecated. See https://react.dev/warnings/react-test-renderer

      17 |   let component;
      18 |   act(() => {
    > 19 |     component = create(<TestComponent />);
         |                       ^
      20 |   });
      21 |   return { result, unmount: () => component.unmount() };
      22 | }

      at process.env.NODE_ENV.exports.create (node_modules/react-test-renderer/cjs/react-test-renderer.development.js:14598:17)
      at hooks/__tests__/useTransactionPolling.test.js:19:23
      at process.env.NODE_ENV.exports.act (node_modules/react/cjs/react.development.js:789:22)
      at renderHook (hooks/__tests__/useTransactionPolling.test.js:18:6)
      at Object.renderHook (hooks/__tests__/useTransactionPolling.test.js:160:24)
      at asyncGeneratorStep (node_modules/@babel/runtime/helpers/asyncToGenerator.js:3:17)
      at _next (node_modules/@babel/runtime/helpers/asyncToGenerator.js:17:9)
      at node_modules/@babel/runtime/helpers/asyncToGenerator.js:22:7
      at Object.<anonymous> (node_modules/@babel/runtime/helpers/asyncToGenerator.js:14:12)

    console.error
      The current testing environment is not configured to support act(...)

      17 |   let component;
      18 |   act(() => {
    > 19 |     component = create(<TestComponent />);
         |                       ^
      20 |   });
      21 |   return { result, unmount: () => component.unmount() };
      22 | }

      at isConcurrentActEnvironment (node_modules/react-test-renderer/cjs/react-test-renderer.development.js:10243:17)
      at warnIfUpdatesNotWrappedWithActDEV (node_modules/react-test-renderer/cjs/react-test-renderer.development.js:11798:7)
      at scheduleUpdateOnFiber (node_modules/react-test-renderer/cjs/react-test-renderer.development.js:10326:9)
      at updateContainerImpl (node_modules/react-test-renderer/cjs/react-test-renderer.development.js:12382:10)
      at updateContainer (node_modules/react-test-renderer/cjs/react-test-renderer.development.js:12326:7)
      at process.env.NODE_ENV.exports.create (node_modules/react-test-renderer/cjs/react-test-renderer.development.js:14630:7)
      at hooks/__tests__/useTransactionPolling.test.js:19:23
      at process.env.NODE_ENV.exports.act (node_modules/react/cjs/react.development.js:789:22)
      at renderHook (hooks/__tests__/useTransactionPolling.test.js:18:6)
      at Object.renderHook (hooks/__tests__/useTransactionPolling.test.js:160:24)
      at asyncGeneratorStep (node_modules/@babel/runtime/helpers/asyncToGenerator.js:3:17)
      at _next (node_modules/@babel/runtime/helpers/asyncToGenerator.js:17:9)
      at node_modules/@babel/runtime/helpers/asyncToGenerator.js:22:7
      at Object.<anonymous> (node_modules/@babel/runtime/helpers/asyncToGenerator.js:14:12)

    console.error
      react-test-renderer is deprecated. See https://react.dev/warnings/react-test-renderer

      17 |   let component;
      18 |   act(() => {
    > 19 |     component = create(<TestComponent />);
         |                       ^
      20 |   });
      21 |   return { result, unmount: () => component.unmount() };
      22 | }

      at process.env.NODE_ENV.exports.create (node_modules/react-test-renderer/cjs/react-test-renderer.development.js:14598:17)
      at hooks/__tests__/useTransactionPolling.test.js:19:23
      at process.env.NODE_ENV.exports.act (node_modules/react/cjs/react.development.js:789:22)
      at renderHook (hooks/__tests__/useTransactionPolling.test.js:18:6)
      at Object.renderHook (hooks/__tests__/useTransactionPolling.test.js:190:24)
      at asyncGeneratorStep (node_modules/@babel/runtime/helpers/asyncToGenerator.js:3:17)
      at _next (node_modules/@babel/runtime/helpers/asyncToGenerator.js:17:9)
      at node_modules/@babel/runtime/helpers/asyncToGenerator.js:22:7
      at Object.<anonymous> (node_modules/@babel/runtime/helpers/asyncToGenerator.js:14:12)

    console.error
      The current testing environment is not configured to support act(...)

      17 |   let component;
      18 |   act(() => {
    > 19 |     component = create(<TestComponent />);
         |                       ^
      20 |   });
      21 |   return { result, unmount: () => component.unmount() };
      22 | }

      at isConcurrentActEnvironment (node_modules/react-test-renderer/cjs/react-test-renderer.development.js:10243:17)
      at warnIfUpdatesNotWrappedWithActDEV (node_modules/react-test-renderer/cjs/react-test-renderer.development.js:11798:7)
      at scheduleUpdateOnFiber (node_modules/react-test-renderer/cjs/react-test-renderer.development.js:10326:9)
      at updateContainerImpl (node_modules/react-test-renderer/cjs/react-test-renderer.development.js:12382:10)
      at updateContainer (node_modules/react-test-renderer/cjs/react-test-renderer.development.js:12326:7)
      at process.env.NODE_ENV.exports.create (node_modules/react-test-renderer/cjs/react-test-renderer.development.js:14630:7)
      at hooks/__tests__/useTransactionPolling.test.js:19:23
      at process.env.NODE_ENV.exports.act (node_modules/react/cjs/react.development.js:789:22)
      at renderHook (hooks/__tests__/useTransactionPolling.test.js:18:6)
      at Object.renderHook (hooks/__tests__/useTransactionPolling.test.js:190:24)
      at asyncGeneratorStep (node_modules/@babel/runtime/helpers/asyncToGenerator.js:3:17)
      at _next (node_modules/@babel/runtime/helpers/asyncToGenerator.js:17:9)
      at node_modules/@babel/runtime/helpers/asyncToGenerator.js:22:7
      at Object.<anonymous> (node_modules/@babel/runtime/helpers/asyncToGenerator.js:14:12)

    console.error
      react-test-renderer is deprecated. See https://react.dev/warnings/react-test-renderer

      17 |   let component;
      18 |   act(() => {
    > 19 |     component = create(<TestComponent />);
         |                       ^
      20 |   });
      21 |   return { result, unmount: () => component.unmount() };
      22 | }

      at process.env.NODE_ENV.exports.create (node_modules/react-test-renderer/cjs/react-test-renderer.development.js:14598:17)
      at hooks/__tests__/useTransactionPolling.test.js:19:23
      at process.env.NODE_ENV.exports.act (node_modules/react/cjs/react.development.js:789:22)
      at renderHook (hooks/__tests__/useTransactionPolling.test.js:18:6)
      at Object.renderHook (hooks/__tests__/useTransactionPolling.test.js:213:24)
      at asyncGeneratorStep (node_modules/@babel/runtime/helpers/asyncToGenerator.js:3:17)
      at _next (node_modules/@babel/runtime/helpers/asyncToGenerator.js:17:9)
      at node_modules/@babel/runtime/helpers/asyncToGenerator.js:22:7
      at Object.<anonymous> (node_modules/@babel/runtime/helpers/asyncToGenerator.js:14:12)

    console.error
      The current testing environment is not configured to support act(...)

      17 |   let component;
      18 |   act(() => {
    > 19 |     component = create(<TestComponent />);
         |                       ^
      20 |   });
      21 |   return { result, unmount: () => component.unmount() };
      22 | }

      at isConcurrentActEnvironment (node_modules/react-test-renderer/cjs/react-test-renderer.development.js:10243:17)
      at warnIfUpdatesNotWrappedWithActDEV (node_modules/react-test-renderer/cjs/react-test-renderer.development.js:11798:7)
      at scheduleUpdateOnFiber (node_modules/react-test-renderer/cjs/react-test-renderer.development.js:10326:9)
      at updateContainerImpl (node_modules/react-test-renderer/cjs/react-test-renderer.development.js:12382:10)
      at updateContainer (node_modules/react-test-renderer/cjs/react-test-renderer.development.js:12326:7)
      at process.env.NODE_ENV.exports.create (node_modules/react-test-renderer/cjs/react-test-renderer.development.js:14630:7)
      at hooks/__tests__/useTransactionPolling.test.js:19:23
      at process.env.NODE_ENV.exports.act (node_modules/react/cjs/react.development.js:789:22)
      at renderHook (hooks/__tests__/useTransactionPolling.test.js:18:6)
      at Object.renderHook (hooks/__tests__/useTransactionPolling.test.js:213:24)
      at asyncGeneratorStep (node_modules/@babel/runtime/helpers/asyncToGenerator.js:3:17)
      at _next (node_modules/@babel/runtime/helpers/asyncToGenerator.js:17:9)
      at node_modules/@babel/runtime/helpers/asyncToGenerator.js:22:7
      at Object.<anonymous> (node_modules/@babel/runtime/helpers/asyncToGenerator.js:14:12)

    console.error
      react-test-renderer is deprecated. See https://react.dev/warnings/react-test-renderer

      17 |   let component;
      18 |   act(() => {
    > 19 |     component = create(<TestComponent />);
         |                       ^
      20 |   });
      21 |   return { result, unmount: () => component.unmount() };
      22 | }

      at process.env.NODE_ENV.exports.create (node_modules/react-test-renderer/cjs/react-test-renderer.development.js:14598:17)
      at hooks/__tests__/useTransactionPolling.test.js:19:23
      at process.env.NODE_ENV.exports.act (node_modules/react/cjs/react.development.js:789:22)
      at renderHook (hooks/__tests__/useTransactionPolling.test.js:18:6)
      at Object.renderHook (hooks/__tests__/useTransactionPolling.test.js:243:24)
      at asyncGeneratorStep (node_modules/@babel/runtime/helpers/asyncToGenerator.js:3:17)
      at _next (node_modules/@babel/runtime/helpers/asyncToGenerator.js:17:9)
      at node_modules/@babel/runtime/helpers/asyncToGenerator.js:22:7
      at Object.<anonymous> (node_modules/@babel/runtime/helpers/asyncToGenerator.js:14:12)

    console.error
      The current testing environment is not configured to support act(...)

      17 |   let component;
      18 |   act(() => {
    > 19 |     component = create(<TestComponent />);
         |                       ^
      20 |   });
      21 |   return { result, unmount: () => component.unmount() };
      22 | }

      at isConcurrentActEnvironment (node_modules/react-test-renderer/cjs/react-test-renderer.development.js:10243:17)
      at warnIfUpdatesNotWrappedWithActDEV (node_modules/react-test-renderer/cjs/react-test-renderer.development.js:11798:7)
      at scheduleUpdateOnFiber (node_modules/react-test-renderer/cjs/react-test-renderer.development.js:10326:9)
      at updateContainerImpl (node_modules/react-test-renderer/cjs/react-test-renderer.development.js:12382:10)
      at updateContainer (node_modules/react-test-renderer/cjs/react-test-renderer.development.js:12326:7)
      at process.env.NODE_ENV.exports.create (node_modules/react-test-renderer/cjs/react-test-renderer.development.js:14630:7)
      at hooks/__tests__/useTransactionPolling.test.js:19:23
      at process.env.NODE_ENV.exports.act (node_modules/react/cjs/react.development.js:789:22)
      at renderHook (hooks/__tests__/useTransactionPolling.test.js:18:6)
      at Object.renderHook (hooks/__tests__/useTransactionPolling.test.js:243:24)
      at asyncGeneratorStep (node_modules/@babel/runtime/helpers/asyncToGenerator.js:3:17)
      at _next (node_modules/@babel/runtime/helpers/asyncToGenerator.js:17:9)
      at node_modules/@babel/runtime/helpers/asyncToGenerator.js:22:7
      at Object.<anonymous> (node_modules/@babel/runtime/helpers/asyncToGenerator.js:14:12)

    console.error
      react-test-renderer is deprecated. See https://react.dev/warnings/react-test-renderer

      17 |   let component;
      18 |   act(() => {
    > 19 |     component = create(<TestComponent />);
         |                       ^
      20 |   });
      21 |   return { result, unmount: () => component.unmount() };
      22 | }

      at process.env.NODE_ENV.exports.create (node_modules/react-test-renderer/cjs/react-test-renderer.development.js:14598:17)
      at hooks/__tests__/useTransactionPolling.test.js:19:23
      at process.env.NODE_ENV.exports.act (node_modules/react/cjs/react.development.js:789:22)
      at renderHook (hooks/__tests__/useTransactionPolling.test.js:18:6)
      at Object.renderHook (hooks/__tests__/useTransactionPolling.test.js:267:24)
      at asyncGeneratorStep (node_modules/@babel/runtime/helpers/asyncToGenerator.js:3:17)
      at _next (node_modules/@babel/runtime/helpers/asyncToGenerator.js:17:9)
      at node_modules/@babel/runtime/helpers/asyncToGenerator.js:22:7
      at Object.<anonymous> (node_modules/@babel/runtime/helpers/asyncToGenerator.js:14:12)

    console.error
      The current testing environment is not configured to support act(...)

      17 |   let component;
      18 |   act(() => {
    > 19 |     component = create(<TestComponent />);
         |                       ^
      20 |   });
      21 |   return { result, unmount: () => component.unmount() };
      22 | }

      at isConcurrentActEnvironment (node_modules/react-test-renderer/cjs/react-test-renderer.development.js:10243:17)
      at warnIfUpdatesNotWrappedWithActDEV (node_modules/react-test-renderer/cjs/react-test-renderer.development.js:11798:7)
      at scheduleUpdateOnFiber (node_modules/react-test-renderer/cjs/react-test-renderer.development.js:10326:9)
      at updateContainerImpl (node_modules/react-test-renderer/cjs/react-test-renderer.development.js:12382:10)
      at updateContainer (node_modules/react-test-renderer/cjs/react-test-renderer.development.js:12326:7)
      at process.env.NODE_ENV.exports.create (node_modules/react-test-renderer/cjs/react-test-renderer.development.js:14630:7)
      at hooks/__tests__/useTransactionPolling.test.js:19:23
      at process.env.NODE_ENV.exports.act (node_modules/react/cjs/react.development.js:789:22)
      at renderHook (hooks/__tests__/useTransactionPolling.test.js:18:6)
      at Object.renderHook (hooks/__tests__/useTransactionPolling.test.js:267:24)
      at asyncGeneratorStep (node_modules/@babel/runtime/helpers/asyncToGenerator.js:3:17)
      at _next (node_modules/@babel/runtime/helpers/asyncToGenerator.js:17:9)
      at node_modules/@babel/runtime/helpers/asyncToGenerator.js:22:7
      at Object.<anonymous> (node_modules/@babel/runtime/helpers/asyncToGenerator.js:14:12)

    console.error
      react-test-renderer is deprecated. See https://react.dev/warnings/react-test-renderer

      17 |   let component;
      18 |   act(() => {
    > 19 |     component = create(<TestComponent />);
         |                       ^
      20 |   });
      21 |   return { result, unmount: () => component.unmount() };
      22 | }

      at process.env.NODE_ENV.exports.create (node_modules/react-test-renderer/cjs/react-test-renderer.development.js:14598:17)
      at hooks/__tests__/useTransactionPolling.test.js:19:23
      at process.env.NODE_ENV.exports.act (node_modules/react/cjs/react.development.js:789:22)
      at renderHook (hooks/__tests__/useTransactionPolling.test.js:18:6)
      at Object.renderHook (hooks/__tests__/useTransactionPolling.test.js:286:24)
      at asyncGeneratorStep (node_modules/@babel/runtime/helpers/asyncToGenerator.js:3:17)
      at _next (node_modules/@babel/runtime/helpers/asyncToGenerator.js:17:9)
      at node_modules/@babel/runtime/helpers/asyncToGenerator.js:22:7
      at Object.<anonymous> (node_modules/@babel/runtime/helpers/asyncToGenerator.js:14:12)

    console.error
      The current testing environment is not configured to support act(...)

      17 |   let component;
      18 |   act(() => {
    > 19 |     component = create(<TestComponent />);
         |                       ^
      20 |   });
      21 |   return { result, unmount: () => component.unmount() };
      22 | }

      at isConcurrentActEnvironment (node_modules/react-test-renderer/cjs/react-test-renderer.development.js:10243:17)
      at warnIfUpdatesNotWrappedWithActDEV (node_modules/react-test-renderer/cjs/react-test-renderer.development.js:11798:7)
      at scheduleUpdateOnFiber (node_modules/react-test-renderer/cjs/react-test-renderer.development.js:10326:9)
      at updateContainerImpl (node_modules/react-test-renderer/cjs/react-test-renderer.development.js:12382:10)
      at updateContainer (node_modules/react-test-renderer/cjs/react-test-renderer.development.js:12326:7)
      at process.env.NODE_ENV.exports.create (node_modules/react-test-renderer/cjs/react-test-renderer.development.js:14630:7)
      at hooks/__tests__/useTransactionPolling.test.js:19:23
      at process.env.NODE_ENV.exports.act (node_modules/react/cjs/react.development.js:789:22)
      at renderHook (hooks/__tests__/useTransactionPolling.test.js:18:6)
      at Object.renderHook (hooks/__tests__/useTransactionPolling.test.js:286:24)
      at asyncGeneratorStep (node_modules/@babel/runtime/helpers/asyncToGenerator.js:3:17)
      at _next (node_modules/@babel/runtime/helpers/asyncToGenerator.js:17:9)
      at node_modules/@babel/runtime/helpers/asyncToGenerator.js:22:7
      at Object.<anonymous> (node_modules/@babel/runtime/helpers/asyncToGenerator.js:14:12)

    console.error
      react-test-renderer is deprecated. See https://react.dev/warnings/react-test-renderer

      17 |   let component;
      18 |   act(() => {
    > 19 |     component = create(<TestComponent />);
         |                       ^
      20 |   });
      21 |   return { result, unmount: () => component.unmount() };
      22 | }

      at process.env.NODE_ENV.exports.create (node_modules/react-test-renderer/cjs/react-test-renderer.development.js:14598:17)
      at hooks/__tests__/useTransactionPolling.test.js:19:23
      at process.env.NODE_ENV.exports.act (node_modules/react/cjs/react.development.js:789:22)
      at renderHook (hooks/__tests__/useTransactionPolling.test.js:18:6)
      at Object.renderHook (hooks/__tests__/useTransactionPolling.test.js:307:24)

    console.error
      The current testing environment is not configured to support act(...)

      17 |   let component;
      18 |   act(() => {
    > 19 |     component = create(<TestComponent />);
         |                       ^
      20 |   });
      21 |   return { result, unmount: () => component.unmount() };
      22 | }

      at isConcurrentActEnvironment (node_modules/react-test-renderer/cjs/react-test-renderer.development.js:10243:17)
      at warnIfUpdatesNotWrappedWithActDEV (node_modules/react-test-renderer/cjs/react-test-renderer.development.js:11798:7)
      at scheduleUpdateOnFiber (node_modules/react-test-renderer/cjs/react-test-renderer.development.js:10326:9)
      at updateContainerImpl (node_modules/react-test-renderer/cjs/react-test-renderer.development.js:12382:10)
      at updateContainer (node_modules/react-test-renderer/cjs/react-test-renderer.development.js:12326:7)
      at process.env.NODE_ENV.exports.create (node_modules/react-test-renderer/cjs/react-test-renderer.development.js:14630:7)
      at hooks/__tests__/useTransactionPolling.test.js:19:23
      at process.env.NODE_ENV.exports.act (node_modules/react/cjs/react.development.js:789:22)
      at renderHook (hooks/__tests__/useTransactionPolling.test.js:18:6)
      at Object.renderHook (hooks/__tests__/useTransactionPolling.test.js:307:24)

PASS hooks/__tests__/useBackgroundSplash.test.js
  ● Console

    console.error
      react-test-renderer is deprecated. See https://react.dev/warnings/react-test-renderer

      17 |   let component;
      18 |   act(() => {
    > 19 |     component = create(<TestComponent />);
         |                       ^
      20 |   });
      21 |   return { result, unmount: () => component.unmount() };
      22 | }

      at process.env.NODE_ENV.exports.create (node_modules/react-test-renderer/cjs/react-test-renderer.development.js:14598:17)
      at hooks/__tests__/useBackgroundSplash.test.js:19:23
      at process.env.NODE_ENV.exports.act (node_modules/react/cjs/react.development.js:789:22)
      at renderHook (hooks/__tests__/useBackgroundSplash.test.js:18:6)
      at Object.renderHook (hooks/__tests__/useBackgroundSplash.test.js:40:24)

    console.error
      The current testing environment is not configured to support act(...)

      17 |   let component;
      18 |   act(() => {
    > 19 |     component = create(<TestComponent />);
         |                       ^
      20 |   });
      21 |   return { result, unmount: () => component.unmount() };
      22 | }

      at isConcurrentActEnvironment (node_modules/react-test-renderer/cjs/react-test-renderer.development.js:10243:17)
      at warnIfUpdatesNotWrappedWithActDEV (node_modules/react-test-renderer/cjs/react-test-renderer.development.js:11798:7)
      at scheduleUpdateOnFiber (node_modules/react-test-renderer/cjs/react-test-renderer.development.js:10326:9)
      at updateContainerImpl (node_modules/react-test-renderer/cjs/react-test-renderer.development.js:12382:10)
      at updateContainer (node_modules/react-test-renderer/cjs/react-test-renderer.development.js:12326:7)
      at process.env.NODE_ENV.exports.create (node_modules/react-test-renderer/cjs/react-test-renderer.development.js:14630:7)
      at hooks/__tests__/useBackgroundSplash.test.js:19:23
      at process.env.NODE_ENV.exports.act (node_modules/react/cjs/react.development.js:789:22)
      at renderHook (hooks/__tests__/useBackgroundSplash.test.js:18:6)
      at Object.renderHook (hooks/__tests__/useBackgroundSplash.test.js:40:24)

    console.error
      react-test-renderer is deprecated. See https://react.dev/warnings/react-test-renderer

      17 |   let component;
      18 |   act(() => {
    > 19 |     component = create(<TestComponent />);
         |                       ^
      20 |   });
      21 |   return { result, unmount: () => component.unmount() };
      22 | }

      at process.env.NODE_ENV.exports.create (node_modules/react-test-renderer/cjs/react-test-renderer.development.js:14598:17)
      at hooks/__tests__/useBackgroundSplash.test.js:19:23
      at process.env.NODE_ENV.exports.act (node_modules/react/cjs/react.development.js:789:22)
      at renderHook (hooks/__tests__/useBackgroundSplash.test.js:18:6)
      at Object.renderHook (hooks/__tests__/useBackgroundSplash.test.js:45:24)

    console.error
      The current testing environment is not configured to support act(...)

      17 |   let component;
      18 |   act(() => {
    > 19 |     component = create(<TestComponent />);
         |                       ^
      20 |   });
      21 |   return { result, unmount: () => component.unmount() };
      22 | }

      at isConcurrentActEnvironment (node_modules/react-test-renderer/cjs/react-test-renderer.development.js:10243:17)
      at warnIfUpdatesNotWrappedWithActDEV (node_modules/react-test-renderer/cjs/react-test-renderer.development.js:11798:7)
      at scheduleUpdateOnFiber (node_modules/react-test-renderer/cjs/react-test-renderer.development.js:10326:9)
      at updateContainerImpl (node_modules/react-test-renderer/cjs/react-test-renderer.development.js:12382:10)
      at updateContainer (node_modules/react-test-renderer/cjs/react-test-renderer.development.js:12326:7)
      at process.env.NODE_ENV.exports.create (node_modules/react-test-renderer/cjs/react-test-renderer.development.js:14630:7)
      at hooks/__tests__/useBackgroundSplash.test.js:19:23
      at process.env.NODE_ENV.exports.act (node_modules/react/cjs/react.development.js:789:22)
      at renderHook (hooks/__tests__/useBackgroundSplash.test.js:18:6)
      at Object.renderHook (hooks/__tests__/useBackgroundSplash.test.js:45:24)

    console.error
      The current testing environment is not configured to support act(...)

      15 |       // (inactive happens during Face ID, notifications, control center, etc.)
      16 |       if (nextAppState === 'background') {
    > 17 |         setShowBackgroundSplash(true);
         |         ^
      18 |       } else if (nextAppState === 'active' || nextAppState === 'inactive') {
      19 |         // CRITICAL FIX: Clear splash on both 'active' AND 'inactive' states
      20 |         // iOS can transition: background → inactive → active

      at isConcurrentActEnvironment (node_modules/react-test-renderer/cjs/react-test-renderer.development.js:10243:17)
      at warnIfUpdatesNotWrappedWithActDEV (node_modules/react-test-renderer/cjs/react-test-renderer.development.js:11798:7)
      at scheduleUpdateOnFiber (node_modules/react-test-renderer/cjs/react-test-renderer.development.js:10326:9)
      at dispatchSetStateInternal (node_modules/react-test-renderer/cjs/react-test-renderer.development.js:4148:13)
      at dispatchSetState (node_modules/react-test-renderer/cjs/react-test-renderer.development.js:4107:7)
      at Object.setShowBackgroundSplash [as change] (hooks/useBackgroundSplash.js:17:9)
      at change (hooks/__tests__/useBackgroundSplash.test.js:48:21)
      at process.env.NODE_ENV.exports.act (node_modules/react/cjs/react.development.js:789:22)
      at Object.<anonymous> (hooks/__tests__/useBackgroundSplash.test.js:47:8)

    console.error
      react-test-renderer is deprecated. See https://react.dev/warnings/react-test-renderer

      17 |   let component;
      18 |   act(() => {
    > 19 |     component = create(<TestComponent />);
         |                       ^
      20 |   });
      21 |   return { result, unmount: () => component.unmount() };
      22 | }

      at process.env.NODE_ENV.exports.create (node_modules/react-test-renderer/cjs/react-test-renderer.development.js:14598:17)
      at hooks/__tests__/useBackgroundSplash.test.js:19:23
      at process.env.NODE_ENV.exports.act (node_modules/react/cjs/react.development.js:789:22)
      at renderHook (hooks/__tests__/useBackgroundSplash.test.js:18:6)
      at Object.renderHook (hooks/__tests__/useBackgroundSplash.test.js:55:24)

    console.error
      The current testing environment is not configured to support act(...)

      17 |   let component;
      18 |   act(() => {
    > 19 |     component = create(<TestComponent />);
         |                       ^
      20 |   });
      21 |   return { result, unmount: () => component.unmount() };
      22 | }

      at isConcurrentActEnvironment (node_modules/react-test-renderer/cjs/react-test-renderer.development.js:10243:17)
      at warnIfUpdatesNotWrappedWithActDEV (node_modules/react-test-renderer/cjs/react-test-renderer.development.js:11798:7)
      at scheduleUpdateOnFiber (node_modules/react-test-renderer/cjs/react-test-renderer.development.js:10326:9)
      at updateContainerImpl (node_modules/react-test-renderer/cjs/react-test-renderer.development.js:12382:10)
      at updateContainer (node_modules/react-test-renderer/cjs/react-test-renderer.development.js:12326:7)
      at process.env.NODE_ENV.exports.create (node_modules/react-test-renderer/cjs/react-test-renderer.development.js:14630:7)
      at hooks/__tests__/useBackgroundSplash.test.js:19:23
      at process.env.NODE_ENV.exports.act (node_modules/react/cjs/react.development.js:789:22)
      at renderHook (hooks/__tests__/useBackgroundSplash.test.js:18:6)
      at Object.renderHook (hooks/__tests__/useBackgroundSplash.test.js:55:24)

    console.error
      The current testing environment is not configured to support act(...)

      15 |       // (inactive happens during Face ID, notifications, control center, etc.)
      16 |       if (nextAppState === 'background') {
    > 17 |         setShowBackgroundSplash(true);
         |         ^
      18 |       } else if (nextAppState === 'active' || nextAppState === 'inactive') {
      19 |         // CRITICAL FIX: Clear splash on both 'active' AND 'inactive' states
      20 |         // iOS can transition: background → inactive → active

      at isConcurrentActEnvironment (node_modules/react-test-renderer/cjs/react-test-renderer.development.js:10243:17)
      at warnIfUpdatesNotWrappedWithActDEV (node_modules/react-test-renderer/cjs/react-test-renderer.development.js:11798:7)
      at scheduleUpdateOnFiber (node_modules/react-test-renderer/cjs/react-test-renderer.development.js:10326:9)
      at dispatchSetStateInternal (node_modules/react-test-renderer/cjs/react-test-renderer.development.js:4148:13)
      at dispatchSetState (node_modules/react-test-renderer/cjs/react-test-renderer.development.js:4107:7)
      at Object.setShowBackgroundSplash [as change] (hooks/useBackgroundSplash.js:17:9)
      at change (hooks/__tests__/useBackgroundSplash.test.js:59:21)
      at process.env.NODE_ENV.exports.act (node_modules/react/cjs/react.development.js:789:22)
      at Object.<anonymous> (hooks/__tests__/useBackgroundSplash.test.js:58:8)

    console.error
      The current testing environment is not configured to support act(...)

      20 |         // iOS can transition: background → inactive → active
      21 |         // If we only clear on 'active', the splash can get stuck during 'inactive'
    > 22 |         setShowBackgroundSplash(false);
         |         ^
      23 |       }
      24 |     });
      25 |

      at isConcurrentActEnvironment (node_modules/react-test-renderer/cjs/react-test-renderer.development.js:10243:17)
      at warnIfUpdatesNotWrappedWithActDEV (node_modules/react-test-renderer/cjs/react-test-renderer.development.js:11798:7)
      at scheduleUpdateOnFiber (node_modules/react-test-renderer/cjs/react-test-renderer.development.js:10326:9)
      at dispatchSetStateInternal (node_modules/react-test-renderer/cjs/react-test-renderer.development.js:4148:13)
      at dispatchSetState (node_modules/react-test-renderer/cjs/react-test-renderer.development.js:4107:7)
      at Object.setShowBackgroundSplash [as change] (hooks/useBackgroundSplash.js:22:9)
      at change (hooks/__tests__/useBackgroundSplash.test.js:65:21)
      at process.env.NODE_ENV.exports.act (node_modules/react/cjs/react.development.js:789:22)
      at Object.<anonymous> (hooks/__tests__/useBackgroundSplash.test.js:64:8)

    console.error
      react-test-renderer is deprecated. See https://react.dev/warnings/react-test-renderer

      17 |   let component;
      18 |   act(() => {
    > 19 |     component = create(<TestComponent />);
         |                       ^
      20 |   });
      21 |   return { result, unmount: () => component.unmount() };
      22 | }

      at process.env.NODE_ENV.exports.create (node_modules/react-test-renderer/cjs/react-test-renderer.development.js:14598:17)
      at hooks/__tests__/useBackgroundSplash.test.js:19:23
      at process.env.NODE_ENV.exports.act (node_modules/react/cjs/react.development.js:789:22)
      at renderHook (hooks/__tests__/useBackgroundSplash.test.js:18:6)
      at Object.renderHook (hooks/__tests__/useBackgroundSplash.test.js:71:24)

    console.error
      The current testing environment is not configured to support act(...)

      17 |   let component;
      18 |   act(() => {
    > 19 |     component = create(<TestComponent />);
         |                       ^
      20 |   });
      21 |   return { result, unmount: () => component.unmount() };
      22 | }

      at isConcurrentActEnvironment (node_modules/react-test-renderer/cjs/react-test-renderer.development.js:10243:17)
      at warnIfUpdatesNotWrappedWithActDEV (node_modules/react-test-renderer/cjs/react-test-renderer.development.js:11798:7)
      at scheduleUpdateOnFiber (node_modules/react-test-renderer/cjs/react-test-renderer.development.js:10326:9)
      at updateContainerImpl (node_modules/react-test-renderer/cjs/react-test-renderer.development.js:12382:10)
      at updateContainer (node_modules/react-test-renderer/cjs/react-test-renderer.development.js:12326:7)
      at process.env.NODE_ENV.exports.create (node_modules/react-test-renderer/cjs/react-test-renderer.development.js:14630:7)
      at hooks/__tests__/useBackgroundSplash.test.js:19:23
      at process.env.NODE_ENV.exports.act (node_modules/react/cjs/react.development.js:789:22)
      at renderHook (hooks/__tests__/useBackgroundSplash.test.js:18:6)
      at Object.renderHook (hooks/__tests__/useBackgroundSplash.test.js:71:24)

    console.error
      The current testing environment is not configured to support act(...)

      15 |       // (inactive happens during Face ID, notifications, control center, etc.)
      16 |       if (nextAppState === 'background') {
    > 17 |         setShowBackgroundSplash(true);
         |         ^
      18 |       } else if (nextAppState === 'active' || nextAppState === 'inactive') {
      19 |         // CRITICAL FIX: Clear splash on both 'active' AND 'inactive' states
      20 |         // iOS can transition: background → inactive → active

      at isConcurrentActEnvironment (node_modules/react-test-renderer/cjs/react-test-renderer.development.js:10243:17)
      at warnIfUpdatesNotWrappedWithActDEV (node_modules/react-test-renderer/cjs/react-test-renderer.development.js:11798:7)
      at scheduleUpdateOnFiber (node_modules/react-test-renderer/cjs/react-test-renderer.development.js:10326:9)
      at dispatchSetStateInternal (node_modules/react-test-renderer/cjs/react-test-renderer.development.js:4148:13)
      at dispatchSetState (node_modules/react-test-renderer/cjs/react-test-renderer.development.js:4107:7)
      at Object.setShowBackgroundSplash [as change] (hooks/useBackgroundSplash.js:17:9)
      at change (hooks/__tests__/useBackgroundSplash.test.js:75:21)
      at process.env.NODE_ENV.exports.act (node_modules/react/cjs/react.development.js:789:22)
      at Object.<anonymous> (hooks/__tests__/useBackgroundSplash.test.js:74:8)

    console.error
      The current testing environment is not configured to support act(...)

      20 |         // iOS can transition: background → inactive → active
      21 |         // If we only clear on 'active', the splash can get stuck during 'inactive'
    > 22 |         setShowBackgroundSplash(false);
         |         ^
      23 |       }
      24 |     });
      25 |

      at isConcurrentActEnvironment (node_modules/react-test-renderer/cjs/react-test-renderer.development.js:10243:17)
      at warnIfUpdatesNotWrappedWithActDEV (node_modules/react-test-renderer/cjs/react-test-renderer.development.js:11798:7)
      at scheduleUpdateOnFiber (node_modules/react-test-renderer/cjs/react-test-renderer.development.js:10326:9)
      at dispatchSetStateInternal (node_modules/react-test-renderer/cjs/react-test-renderer.development.js:4148:13)
      at dispatchSetState (node_modules/react-test-renderer/cjs/react-test-renderer.development.js:4107:7)
      at Object.setShowBackgroundSplash [as change] (hooks/useBackgroundSplash.js:22:9)
      at change (hooks/__tests__/useBackgroundSplash.test.js:81:21)
      at process.env.NODE_ENV.exports.act (node_modules/react/cjs/react.development.js:789:22)
      at Object.<anonymous> (hooks/__tests__/useBackgroundSplash.test.js:80:8)

    console.error
      react-test-renderer is deprecated. See https://react.dev/warnings/react-test-renderer

      17 |   let component;
      18 |   act(() => {
    > 19 |     component = create(<TestComponent />);
         |                       ^
      20 |   });
      21 |   return { result, unmount: () => component.unmount() };
      22 | }

      at process.env.NODE_ENV.exports.create (node_modules/react-test-renderer/cjs/react-test-renderer.development.js:14598:17)
      at hooks/__tests__/useBackgroundSplash.test.js:19:23
      at process.env.NODE_ENV.exports.act (node_modules/react/cjs/react.development.js:789:22)
      at renderHook (hooks/__tests__/useBackgroundSplash.test.js:18:6)
      at Object.renderHook (hooks/__tests__/useBackgroundSplash.test.js:87:24)

    console.error
      The current testing environment is not configured to support act(...)

      17 |   let component;
      18 |   act(() => {
    > 19 |     component = create(<TestComponent />);
         |                       ^
      20 |   });
      21 |   return { result, unmount: () => component.unmount() };
      22 | }

      at isConcurrentActEnvironment (node_modules/react-test-renderer/cjs/react-test-renderer.development.js:10243:17)
      at warnIfUpdatesNotWrappedWithActDEV (node_modules/react-test-renderer/cjs/react-test-renderer.development.js:11798:7)
      at scheduleUpdateOnFiber (node_modules/react-test-renderer/cjs/react-test-renderer.development.js:10326:9)
      at updateContainerImpl (node_modules/react-test-renderer/cjs/react-test-renderer.development.js:12382:10)
      at updateContainer (node_modules/react-test-renderer/cjs/react-test-renderer.development.js:12326:7)
      at process.env.NODE_ENV.exports.create (node_modules/react-test-renderer/cjs/react-test-renderer.development.js:14630:7)
      at hooks/__tests__/useBackgroundSplash.test.js:19:23
      at process.env.NODE_ENV.exports.act (node_modules/react/cjs/react.development.js:789:22)
      at renderHook (hooks/__tests__/useBackgroundSplash.test.js:18:6)
      at Object.renderHook (hooks/__tests__/useBackgroundSplash.test.js:87:24)

    console.error
      The current testing environment is not configured to support act(...)

      15 |       // (inactive happens during Face ID, notifications, control center, etc.)
      16 |       if (nextAppState === 'background') {
    > 17 |         setShowBackgroundSplash(true);
         |         ^
      18 |       } else if (nextAppState === 'active' || nextAppState === 'inactive') {
      19 |         // CRITICAL FIX: Clear splash on both 'active' AND 'inactive' states
      20 |         // iOS can transition: background → inactive → active

      at isConcurrentActEnvironment (node_modules/react-test-renderer/cjs/react-test-renderer.development.js:10243:17)
      at warnIfUpdatesNotWrappedWithActDEV (node_modules/react-test-renderer/cjs/react-test-renderer.development.js:11798:7)
      at scheduleUpdateOnFiber (node_modules/react-test-renderer/cjs/react-test-renderer.development.js:10326:9)
      at dispatchSetStateInternal (node_modules/react-test-renderer/cjs/react-test-renderer.development.js:4148:13)
      at dispatchSetState (node_modules/react-test-renderer/cjs/react-test-renderer.development.js:4107:7)
      at Object.setShowBackgroundSplash [as change] (hooks/useBackgroundSplash.js:17:9)
      at change (hooks/__tests__/useBackgroundSplash.test.js:90:21)
      at process.env.NODE_ENV.exports.act (node_modules/react/cjs/react.development.js:789:22)
      at Object.<anonymous> (hooks/__tests__/useBackgroundSplash.test.js:89:8)

    console.error
      The current testing environment is not configured to support act(...)

      20 |         // iOS can transition: background → inactive → active
      21 |         // If we only clear on 'active', the splash can get stuck during 'inactive'
    > 22 |         setShowBackgroundSplash(false);
         |         ^
      23 |       }
      24 |     });
      25 |

      at isConcurrentActEnvironment (node_modules/react-test-renderer/cjs/react-test-renderer.development.js:10243:17)
      at warnIfUpdatesNotWrappedWithActDEV (node_modules/react-test-renderer/cjs/react-test-renderer.development.js:11798:7)
      at scheduleUpdateOnFiber (node_modules/react-test-renderer/cjs/react-test-renderer.development.js:10326:9)
      at dispatchSetStateInternal (node_modules/react-test-renderer/cjs/react-test-renderer.development.js:4148:13)
      at dispatchSetState (node_modules/react-test-renderer/cjs/react-test-renderer.development.js:4107:7)
      at Object.setShowBackgroundSplash [as change] (hooks/useBackgroundSplash.js:22:9)
      at change (hooks/__tests__/useBackgroundSplash.test.js:95:21)
      at process.env.NODE_ENV.exports.act (node_modules/react/cjs/react.development.js:789:22)
      at Object.<anonymous> (hooks/__tests__/useBackgroundSplash.test.js:94:8)

    console.error
      The current testing environment is not configured to support act(...)

      20 |         // iOS can transition: background → inactive → active
      21 |         // If we only clear on 'active', the splash can get stuck during 'inactive'
    > 22 |         setShowBackgroundSplash(false);
         |         ^
      23 |       }
      24 |     });
      25 |

      at isConcurrentActEnvironment (node_modules/react-test-renderer/cjs/react-test-renderer.development.js:10243:17)
      at warnIfUpdatesNotWrappedWithActDEV (node_modules/react-test-renderer/cjs/react-test-renderer.development.js:11798:7)
      at scheduleUpdateOnFiber (node_modules/react-test-renderer/cjs/react-test-renderer.development.js:10326:9)
      at dispatchSetStateInternal (node_modules/react-test-renderer/cjs/react-test-renderer.development.js:4148:13)
      at dispatchSetState (node_modules/react-test-renderer/cjs/react-test-renderer.development.js:4107:7)
      at Object.setShowBackgroundSplash [as change] (hooks/useBackgroundSplash.js:22:9)
      at change (hooks/__tests__/useBackgroundSplash.test.js:100:21)
      at process.env.NODE_ENV.exports.act (node_modules/react/cjs/react.development.js:789:22)
      at Object.<anonymous> (hooks/__tests__/useBackgroundSplash.test.js:99:8)

    console.error
      The current testing environment is not configured to support act(...)

      15 |       // (inactive happens during Face ID, notifications, control center, etc.)
      16 |       if (nextAppState === 'background') {
    > 17 |         setShowBackgroundSplash(true);
         |         ^
      18 |       } else if (nextAppState === 'active' || nextAppState === 'inactive') {
      19 |         // CRITICAL FIX: Clear splash on both 'active' AND 'inactive' states
      20 |         // iOS can transition: background → inactive → active

      at isConcurrentActEnvironment (node_modules/react-test-renderer/cjs/react-test-renderer.development.js:10243:17)
      at warnIfUpdatesNotWrappedWithActDEV (node_modules/react-test-renderer/cjs/react-test-renderer.development.js:11798:7)
      at scheduleUpdateOnFiber (node_modules/react-test-renderer/cjs/react-test-renderer.development.js:10326:9)
      at dispatchSetStateInternal (node_modules/react-test-renderer/cjs/react-test-renderer.development.js:4148:13)
      at dispatchSetState (node_modules/react-test-renderer/cjs/react-test-renderer.development.js:4107:7)
      at Object.setShowBackgroundSplash [as change] (hooks/useBackgroundSplash.js:17:9)
      at change (hooks/__tests__/useBackgroundSplash.test.js:105:21)
      at process.env.NODE_ENV.exports.act (node_modules/react/cjs/react.development.js:789:22)
      at Object.<anonymous> (hooks/__tests__/useBackgroundSplash.test.js:104:8)

    console.error
      react-test-renderer is deprecated. See https://react.dev/warnings/react-test-renderer

      17 |   let component;
      18 |   act(() => {
    > 19 |     component = create(<TestComponent />);
         |                       ^
      20 |   });
      21 |   return { result, unmount: () => component.unmount() };
      22 | }

      at process.env.NODE_ENV.exports.create (node_modules/react-test-renderer/cjs/react-test-renderer.development.js:14598:17)
      at hooks/__tests__/useBackgroundSplash.test.js:19:23
      at process.env.NODE_ENV.exports.act (node_modules/react/cjs/react.development.js:789:22)
      at renderHook (hooks/__tests__/useBackgroundSplash.test.js:18:6)
      at Object.renderHook (hooks/__tests__/useBackgroundSplash.test.js:111:25)

    console.error
      The current testing environment is not configured to support act(...)

      17 |   let component;
      18 |   act(() => {
    > 19 |     component = create(<TestComponent />);
         |                       ^
      20 |   });
      21 |   return { result, unmount: () => component.unmount() };
      22 | }

      at isConcurrentActEnvironment (node_modules/react-test-renderer/cjs/react-test-renderer.development.js:10243:17)
      at warnIfUpdatesNotWrappedWithActDEV (node_modules/react-test-renderer/cjs/react-test-renderer.development.js:11798:7)
      at scheduleUpdateOnFiber (node_modules/react-test-renderer/cjs/react-test-renderer.development.js:10326:9)
      at updateContainerImpl (node_modules/react-test-renderer/cjs/react-test-renderer.development.js:12382:10)
      at updateContainer (node_modules/react-test-renderer/cjs/react-test-renderer.development.js:12326:7)
      at process.env.NODE_ENV.exports.create (node_modules/react-test-renderer/cjs/react-test-renderer.development.js:14630:7)
      at hooks/__tests__/useBackgroundSplash.test.js:19:23
      at process.env.NODE_ENV.exports.act (node_modules/react/cjs/react.development.js:789:22)
      at renderHook (hooks/__tests__/useBackgroundSplash.test.js:18:6)
      at Object.renderHook (hooks/__tests__/useBackgroundSplash.test.js:111:25)

    console.error
      react-test-renderer is deprecated. See https://react.dev/warnings/react-test-renderer

      17 |   let component;
      18 |   act(() => {
    > 19 |     component = create(<TestComponent />);
         |                       ^
      20 |   });
      21 |   return { result, unmount: () => component.unmount() };
      22 | }

      at process.env.NODE_ENV.exports.create (node_modules/react-test-renderer/cjs/react-test-renderer.development.js:14598:17)
      at hooks/__tests__/useBackgroundSplash.test.js:19:23
      at process.env.NODE_ENV.exports.act (node_modules/react/cjs/react.development.js:789:22)
      at renderHook (hooks/__tests__/useBackgroundSplash.test.js:18:6)
      at Object.renderHook (hooks/__tests__/useBackgroundSplash.test.js:121:24)

    console.error
      The current testing environment is not configured to support act(...)

      17 |   let component;
      18 |   act(() => {
    > 19 |     component = create(<TestComponent />);
         |                       ^
      20 |   });
      21 |   return { result, unmount: () => component.unmount() };
      22 | }

      at isConcurrentActEnvironment (node_modules/react-test-renderer/cjs/react-test-renderer.development.js:10243:17)
      at warnIfUpdatesNotWrappedWithActDEV (node_modules/react-test-renderer/cjs/react-test-renderer.development.js:11798:7)
      at scheduleUpdateOnFiber (node_modules/react-test-renderer/cjs/react-test-renderer.development.js:10326:9)
      at updateContainerImpl (node_modules/react-test-renderer/cjs/react-test-renderer.development.js:12382:10)
      at updateContainer (node_modules/react-test-renderer/cjs/react-test-renderer.development.js:12326:7)
      at process.env.NODE_ENV.exports.create (node_modules/react-test-renderer/cjs/react-test-renderer.development.js:14630:7)
      at hooks/__tests__/useBackgroundSplash.test.js:19:23
      at process.env.NODE_ENV.exports.act (node_modules/react/cjs/react.development.js:789:22)
      at renderHook (hooks/__tests__/useBackgroundSplash.test.js:18:6)
      at Object.renderHook (hooks/__tests__/useBackgroundSplash.test.js:121:24)

PASS hooks/__tests__/useVaultDataFetch.test.js
  ● Console

    console.error
      react-test-renderer is deprecated. See https://react.dev/warnings/react-test-renderer

      20 |   let component;
      21 |   act(() => {
    > 22 |     component = create(<TestComponent />);
         |                       ^
      23 |   });
      24 |   return {
      25 |     result,

      at process.env.NODE_ENV.exports.create (node_modules/react-test-renderer/cjs/react-test-renderer.development.js:14598:17)
      at hooks/__tests__/useVaultDataFetch.test.js:22:23
      at process.env.NODE_ENV.exports.act (node_modules/react/cjs/react.development.js:789:22)
      at renderHook (hooks/__tests__/useVaultDataFetch.test.js:21:6)
      at Object.renderHook (hooks/__tests__/useVaultDataFetch.test.js:40:24)

    console.error
      The current testing environment is not configured to support act(...)

      20 |   let component;
      21 |   act(() => {
    > 22 |     component = create(<TestComponent />);
         |                       ^
      23 |   });
      24 |   return {
      25 |     result,

      at isConcurrentActEnvironment (node_modules/react-test-renderer/cjs/react-test-renderer.development.js:10243:17)
      at warnIfUpdatesNotWrappedWithActDEV (node_modules/react-test-renderer/cjs/react-test-renderer.development.js:11798:7)
      at scheduleUpdateOnFiber (node_modules/react-test-renderer/cjs/react-test-renderer.development.js:10326:9)
      at updateContainerImpl (node_modules/react-test-renderer/cjs/react-test-renderer.development.js:12382:10)
      at updateContainer (node_modules/react-test-renderer/cjs/react-test-renderer.development.js:12326:7)
      at process.env.NODE_ENV.exports.create (node_modules/react-test-renderer/cjs/react-test-renderer.development.js:14630:7)
      at hooks/__tests__/useVaultDataFetch.test.js:22:23
      at process.env.NODE_ENV.exports.act (node_modules/react/cjs/react.development.js:789:22)
      at renderHook (hooks/__tests__/useVaultDataFetch.test.js:21:6)
      at Object.renderHook (hooks/__tests__/useVaultDataFetch.test.js:40:24)

    console.error
      react-test-renderer is deprecated. See https://react.dev/warnings/react-test-renderer

      20 |   let component;
      21 |   act(() => {
    > 22 |     component = create(<TestComponent />);
         |                       ^
      23 |   });
      24 |   return {
      25 |     result,

      at process.env.NODE_ENV.exports.create (node_modules/react-test-renderer/cjs/react-test-renderer.development.js:14598:17)
      at hooks/__tests__/useVaultDataFetch.test.js:22:23
      at process.env.NODE_ENV.exports.act (node_modules/react/cjs/react.development.js:789:22)
      at renderHook (hooks/__tests__/useVaultDataFetch.test.js:21:6)
      at Object.renderHook (hooks/__tests__/useVaultDataFetch.test.js:48:24)

    console.error
      The current testing environment is not configured to support act(...)

      20 |   let component;
      21 |   act(() => {
    > 22 |     component = create(<TestComponent />);
         |                       ^
      23 |   });
      24 |   return {
      25 |     result,

      at isConcurrentActEnvironment (node_modules/react-test-renderer/cjs/react-test-renderer.development.js:10243:17)
      at warnIfUpdatesNotWrappedWithActDEV (node_modules/react-test-renderer/cjs/react-test-renderer.development.js:11798:7)
      at scheduleUpdateOnFiber (node_modules/react-test-renderer/cjs/react-test-renderer.development.js:10326:9)
      at updateContainerImpl (node_modules/react-test-renderer/cjs/react-test-renderer.development.js:12382:10)
      at updateContainer (node_modules/react-test-renderer/cjs/react-test-renderer.development.js:12326:7)
      at process.env.NODE_ENV.exports.create (node_modules/react-test-renderer/cjs/react-test-renderer.development.js:14630:7)
      at hooks/__tests__/useVaultDataFetch.test.js:22:23
      at process.env.NODE_ENV.exports.act (node_modules/react/cjs/react.development.js:789:22)
      at renderHook (hooks/__tests__/useVaultDataFetch.test.js:21:6)
      at Object.renderHook (hooks/__tests__/useVaultDataFetch.test.js:48:24)

    console.error
      react-test-renderer is deprecated. See https://react.dev/warnings/react-test-renderer

      20 |   let component;
      21 |   act(() => {
    > 22 |     component = create(<TestComponent />);
         |                       ^
      23 |   });
      24 |   return {
      25 |     result,

      at process.env.NODE_ENV.exports.create (node_modules/react-test-renderer/cjs/react-test-renderer.development.js:14598:17)
      at hooks/__tests__/useVaultDataFetch.test.js:22:23
      at process.env.NODE_ENV.exports.act (node_modules/react/cjs/react.development.js:789:22)
      at renderHook (hooks/__tests__/useVaultDataFetch.test.js:21:6)
      at Object.renderHook (hooks/__tests__/useVaultDataFetch.test.js:65:24)
      at asyncGeneratorStep (node_modules/@babel/runtime/helpers/asyncToGenerator.js:3:17)
      at _next (node_modules/@babel/runtime/helpers/asyncToGenerator.js:17:9)
      at node_modules/@babel/runtime/helpers/asyncToGenerator.js:22:7
      at Object.<anonymous> (node_modules/@babel/runtime/helpers/asyncToGenerator.js:14:12)

    console.error
      The current testing environment is not configured to support act(...)

      20 |   let component;
      21 |   act(() => {
    > 22 |     component = create(<TestComponent />);
         |                       ^
      23 |   });
      24 |   return {
      25 |     result,

      at isConcurrentActEnvironment (node_modules/react-test-renderer/cjs/react-test-renderer.development.js:10243:17)
      at warnIfUpdatesNotWrappedWithActDEV (node_modules/react-test-renderer/cjs/react-test-renderer.development.js:11798:7)
      at scheduleUpdateOnFiber (node_modules/react-test-renderer/cjs/react-test-renderer.development.js:10326:9)
      at updateContainerImpl (node_modules/react-test-renderer/cjs/react-test-renderer.development.js:12382:10)
      at updateContainer (node_modules/react-test-renderer/cjs/react-test-renderer.development.js:12326:7)
      at process.env.NODE_ENV.exports.create (node_modules/react-test-renderer/cjs/react-test-renderer.development.js:14630:7)
      at hooks/__tests__/useVaultDataFetch.test.js:22:23
      at process.env.NODE_ENV.exports.act (node_modules/react/cjs/react.development.js:789:22)
      at renderHook (hooks/__tests__/useVaultDataFetch.test.js:21:6)
      at Object.renderHook (hooks/__tests__/useVaultDataFetch.test.js:65:24)
      at asyncGeneratorStep (node_modules/@babel/runtime/helpers/asyncToGenerator.js:3:17)
      at _next (node_modules/@babel/runtime/helpers/asyncToGenerator.js:17:9)
      at node_modules/@babel/runtime/helpers/asyncToGenerator.js:22:7
      at Object.<anonymous> (node_modules/@babel/runtime/helpers/asyncToGenerator.js:14:12)

    console.error
      The current testing environment is not configured to support act(...)

      43 |
      44 |     try {
    > 45 |       setLoadingVault(true);
         |       ^
      46 |       setVaultError(null);
      47 |       const data = await fetchVaultData(vaultPubkey);
      48 |

      at isConcurrentActEnvironment (node_modules/react-test-renderer/cjs/react-test-renderer.development.js:10243:17)
      at warnIfUpdatesNotWrappedWithActDEV (node_modules/react-test-renderer/cjs/react-test-renderer.development.js:11798:7)
      at scheduleUpdateOnFiber (node_modules/react-test-renderer/cjs/react-test-renderer.development.js:10326:9)
      at dispatchSetStateInternal (node_modules/react-test-renderer/cjs/react-test-renderer.development.js:4148:13)
      at dispatchSetState (node_modules/react-test-renderer/cjs/react-test-renderer.development.js:4107:7)
      at Object.setLoadingVault (hooks/useVaultDataFetch.js:45:7)
      at asyncGeneratorStep (node_modules/@babel/runtime/helpers/asyncToGenerator.js:3:17)
      at _next (node_modules/@babel/runtime/helpers/asyncToGenerator.js:17:9)
      at node_modules/@babel/runtime/helpers/asyncToGenerator.js:22:7
      at Object.fetchVault (node_modules/@babel/runtime/helpers/asyncToGenerator.js:14:12)
      at fetchVault (hooks/__tests__/useVaultDataFetch.test.js:68:28)
      at asyncGeneratorStep (node_modules/@babel/runtime/helpers/asyncToGenerator.js:3:17)
      at _next (node_modules/@babel/runtime/helpers/asyncToGenerator.js:17:9)
      at node_modules/@babel/runtime/helpers/asyncToGenerator.js:22:7
      at node_modules/@babel/runtime/helpers/asyncToGenerator.js:14:12
      at process.env.NODE_ENV.exports.act (node_modules/react/cjs/react.development.js:789:22)
      at Object.<anonymous> (hooks/__tests__/useVaultDataFetch.test.js:67:14)
      at asyncGeneratorStep (node_modules/@babel/runtime/helpers/asyncToGenerator.js:3:17)
      at _next (node_modules/@babel/runtime/helpers/asyncToGenerator.js:17:9)
      at node_modules/@babel/runtime/helpers/asyncToGenerator.js:22:7
      at Object.<anonymous> (node_modules/@babel/runtime/helpers/asyncToGenerator.js:14:12)

    console.error
      The current testing environment is not configured to support act(...)

      44 |     try {
      45 |       setLoadingVault(true);
    > 46 |       setVaultError(null);
         |       ^
      47 |       const data = await fetchVaultData(vaultPubkey);
      48 |
      49 |       // Only update state if vault data has actually changed

      at isConcurrentActEnvironment (node_modules/react-test-renderer/cjs/react-test-renderer.development.js:10243:17)
      at warnIfUpdatesNotWrappedWithActDEV (node_modules/react-test-renderer/cjs/react-test-renderer.development.js:11798:7)
      at scheduleUpdateOnFiber (node_modules/react-test-renderer/cjs/react-test-renderer.development.js:10326:9)
      at dispatchSetStateInternal (node_modules/react-test-renderer/cjs/react-test-renderer.development.js:4148:13)
      at dispatchSetState (node_modules/react-test-renderer/cjs/react-test-renderer.development.js:4107:7)
      at Object.setVaultError (hooks/useVaultDataFetch.js:46:7)
      at asyncGeneratorStep (node_modules/@babel/runtime/helpers/asyncToGenerator.js:3:17)
      at _next (node_modules/@babel/runtime/helpers/asyncToGenerator.js:17:9)
      at node_modules/@babel/runtime/helpers/asyncToGenerator.js:22:7
      at Object.fetchVault (node_modules/@babel/runtime/helpers/asyncToGenerator.js:14:12)
      at fetchVault (hooks/__tests__/useVaultDataFetch.test.js:68:28)
      at asyncGeneratorStep (node_modules/@babel/runtime/helpers/asyncToGenerator.js:3:17)
      at _next (node_modules/@babel/runtime/helpers/asyncToGenerator.js:17:9)
      at node_modules/@babel/runtime/helpers/asyncToGenerator.js:22:7
      at node_modules/@babel/runtime/helpers/asyncToGenerator.js:14:12
      at process.env.NODE_ENV.exports.act (node_modules/react/cjs/react.development.js:789:22)
      at Object.<anonymous> (hooks/__tests__/useVaultDataFetch.test.js:67:14)
      at asyncGeneratorStep (node_modules/@babel/runtime/helpers/asyncToGenerator.js:3:17)
      at _next (node_modules/@babel/runtime/helpers/asyncToGenerator.js:17:9)
      at node_modules/@babel/runtime/helpers/asyncToGenerator.js:22:7
      at Object.<anonymous> (node_modules/@babel/runtime/helpers/asyncToGenerator.js:14:12)

    console.error
      The current testing environment is not configured to support act(...)

      50 |       if (!isVaultDataEqual(prevVaultDataRef.current, data)) {
      51 |         prevVaultDataRef.current = data;
    > 52 |         setVaultData(data);
         |         ^
      53 |       }
      54 |     } catch (error) {
      55 |       setVaultError('Failed to fetch vault data');

      at isConcurrentActEnvironment (node_modules/react-test-renderer/cjs/react-test-renderer.development.js:10243:17)
      at warnIfUpdatesNotWrappedWithActDEV (node_modules/react-test-renderer/cjs/react-test-renderer.development.js:11798:7)
      at scheduleUpdateOnFiber (node_modules/react-test-renderer/cjs/react-test-renderer.development.js:10326:9)
      at dispatchSetStateInternal (node_modules/react-test-renderer/cjs/react-test-renderer.development.js:4148:13)
      at dispatchSetState (node_modules/react-test-renderer/cjs/react-test-renderer.development.js:4107:7)
      at Object.setVaultData (hooks/useVaultDataFetch.js:52:9)
      at asyncGeneratorStep (node_modules/@babel/runtime/helpers/asyncToGenerator.js:3:17)
      at _next (node_modules/@babel/runtime/helpers/asyncToGenerator.js:17:9)

    console.error
      The current testing environment is not configured to support act(...)

      55 |       setVaultError('Failed to fetch vault data');
      56 |     } finally {
    > 57 |       setLoadingVault(false);
         |       ^
      58 |     }
      59 |   }, [wallet]);
      60 |

      at isConcurrentActEnvironment (node_modules/react-test-renderer/cjs/react-test-renderer.development.js:10243:17)
      at warnIfUpdatesNotWrappedWithActDEV (node_modules/react-test-renderer/cjs/react-test-renderer.development.js:11798:7)
      at scheduleUpdateOnFiber (node_modules/react-test-renderer/cjs/react-test-renderer.development.js:10326:9)
      at dispatchSetStateInternal (node_modules/react-test-renderer/cjs/react-test-renderer.development.js:4148:13)
      at dispatchSetState (node_modules/react-test-renderer/cjs/react-test-renderer.development.js:4107:7)
      at Object.setLoadingVault (hooks/useVaultDataFetch.js:57:7)
      at asyncGeneratorStep (node_modules/@babel/runtime/helpers/asyncToGenerator.js:3:17)
      at _next (node_modules/@babel/runtime/helpers/asyncToGenerator.js:17:9)

    console.error
      react-test-renderer is deprecated. See https://react.dev/warnings/react-test-renderer

      20 |   let component;
      21 |   act(() => {
    > 22 |     component = create(<TestComponent />);
         |                       ^
      23 |   });
      24 |   return {
      25 |     result,

      at process.env.NODE_ENV.exports.create (node_modules/react-test-renderer/cjs/react-test-renderer.development.js:14598:17)
      at hooks/__tests__/useVaultDataFetch.test.js:22:23
      at process.env.NODE_ENV.exports.act (node_modules/react/cjs/react.development.js:789:22)
      at renderHook (hooks/__tests__/useVaultDataFetch.test.js:21:6)
      at Object.renderHook (hooks/__tests__/useVaultDataFetch.test.js:79:24)
      at asyncGeneratorStep (node_modules/@babel/runtime/helpers/asyncToGenerator.js:3:17)
      at _next (node_modules/@babel/runtime/helpers/asyncToGenerator.js:17:9)
      at node_modules/@babel/runtime/helpers/asyncToGenerator.js:22:7
      at Object.<anonymous> (node_modules/@babel/runtime/helpers/asyncToGenerator.js:14:12)

    console.error
      The current testing environment is not configured to support act(...)

      20 |   let component;
      21 |   act(() => {
    > 22 |     component = create(<TestComponent />);
         |                       ^
      23 |   });
      24 |   return {
      25 |     result,

      at isConcurrentActEnvironment (node_modules/react-test-renderer/cjs/react-test-renderer.development.js:10243:17)
      at warnIfUpdatesNotWrappedWithActDEV (node_modules/react-test-renderer/cjs/react-test-renderer.development.js:11798:7)
      at scheduleUpdateOnFiber (node_modules/react-test-renderer/cjs/react-test-renderer.development.js:10326:9)
      at updateContainerImpl (node_modules/react-test-renderer/cjs/react-test-renderer.development.js:12382:10)
      at updateContainer (node_modules/react-test-renderer/cjs/react-test-renderer.development.js:12326:7)
      at process.env.NODE_ENV.exports.create (node_modules/react-test-renderer/cjs/react-test-renderer.development.js:14630:7)
      at hooks/__tests__/useVaultDataFetch.test.js:22:23
      at process.env.NODE_ENV.exports.act (node_modules/react/cjs/react.development.js:789:22)
      at renderHook (hooks/__tests__/useVaultDataFetch.test.js:21:6)
      at Object.renderHook (hooks/__tests__/useVaultDataFetch.test.js:79:24)
      at asyncGeneratorStep (node_modules/@babel/runtime/helpers/asyncToGenerator.js:3:17)
      at _next (node_modules/@babel/runtime/helpers/asyncToGenerator.js:17:9)
      at node_modules/@babel/runtime/helpers/asyncToGenerator.js:22:7
      at Object.<anonymous> (node_modules/@babel/runtime/helpers/asyncToGenerator.js:14:12)

    console.error
      The current testing environment is not configured to support act(...)

      43 |
      44 |     try {
    > 45 |       setLoadingVault(true);
         |       ^
      46 |       setVaultError(null);
      47 |       const data = await fetchVaultData(vaultPubkey);
      48 |

      at isConcurrentActEnvironment (node_modules/react-test-renderer/cjs/react-test-renderer.development.js:10243:17)
      at warnIfUpdatesNotWrappedWithActDEV (node_modules/react-test-renderer/cjs/react-test-renderer.development.js:11798:7)
      at scheduleUpdateOnFiber (node_modules/react-test-renderer/cjs/react-test-renderer.development.js:10326:9)
      at dispatchSetStateInternal (node_modules/react-test-renderer/cjs/react-test-renderer.development.js:4148:13)
      at dispatchSetState (node_modules/react-test-renderer/cjs/react-test-renderer.development.js:4107:7)
      at Object.setLoadingVault (hooks/useVaultDataFetch.js:45:7)
      at asyncGeneratorStep (node_modules/@babel/runtime/helpers/asyncToGenerator.js:3:17)
      at _next (node_modules/@babel/runtime/helpers/asyncToGenerator.js:17:9)
      at node_modules/@babel/runtime/helpers/asyncToGenerator.js:22:7
      at Object.fetchVault (node_modules/@babel/runtime/helpers/asyncToGenerator.js:14:12)
      at fetchVault (hooks/__tests__/useVaultDataFetch.test.js:82:28)
      at asyncGeneratorStep (node_modules/@babel/runtime/helpers/asyncToGenerator.js:3:17)
      at _next (node_modules/@babel/runtime/helpers/asyncToGenerator.js:17:9)
      at node_modules/@babel/runtime/helpers/asyncToGenerator.js:22:7
      at node_modules/@babel/runtime/helpers/asyncToGenerator.js:14:12
      at process.env.NODE_ENV.exports.act (node_modules/react/cjs/react.development.js:789:22)
      at Object.<anonymous> (hooks/__tests__/useVaultDataFetch.test.js:81:14)
      at asyncGeneratorStep (node_modules/@babel/runtime/helpers/asyncToGenerator.js:3:17)
      at _next (node_modules/@babel/runtime/helpers/asyncToGenerator.js:17:9)
      at node_modules/@babel/runtime/helpers/asyncToGenerator.js:22:7
      at Object.<anonymous> (node_modules/@babel/runtime/helpers/asyncToGenerator.js:14:12)

    console.error
      The current testing environment is not configured to support act(...)

      44 |     try {
      45 |       setLoadingVault(true);
    > 46 |       setVaultError(null);
         |       ^
      47 |       const data = await fetchVaultData(vaultPubkey);
      48 |
      49 |       // Only update state if vault data has actually changed

      at isConcurrentActEnvironment (node_modules/react-test-renderer/cjs/react-test-renderer.development.js:10243:17)
      at warnIfUpdatesNotWrappedWithActDEV (node_modules/react-test-renderer/cjs/react-test-renderer.development.js:11798:7)
      at scheduleUpdateOnFiber (node_modules/react-test-renderer/cjs/react-test-renderer.development.js:10326:9)
      at dispatchSetStateInternal (node_modules/react-test-renderer/cjs/react-test-renderer.development.js:4148:13)
      at dispatchSetState (node_modules/react-test-renderer/cjs/react-test-renderer.development.js:4107:7)
      at Object.setVaultError (hooks/useVaultDataFetch.js:46:7)
      at asyncGeneratorStep (node_modules/@babel/runtime/helpers/asyncToGenerator.js:3:17)
      at _next (node_modules/@babel/runtime/helpers/asyncToGenerator.js:17:9)
      at node_modules/@babel/runtime/helpers/asyncToGenerator.js:22:7
      at Object.fetchVault (node_modules/@babel/runtime/helpers/asyncToGenerator.js:14:12)
      at fetchVault (hooks/__tests__/useVaultDataFetch.test.js:82:28)
      at asyncGeneratorStep (node_modules/@babel/runtime/helpers/asyncToGenerator.js:3:17)
      at _next (node_modules/@babel/runtime/helpers/asyncToGenerator.js:17:9)
      at node_modules/@babel/runtime/helpers/asyncToGenerator.js:22:7
      at node_modules/@babel/runtime/helpers/asyncToGenerator.js:14:12
      at process.env.NODE_ENV.exports.act (node_modules/react/cjs/react.development.js:789:22)
      at Object.<anonymous> (hooks/__tests__/useVaultDataFetch.test.js:81:14)
      at asyncGeneratorStep (node_modules/@babel/runtime/helpers/asyncToGenerator.js:3:17)
      at _next (node_modules/@babel/runtime/helpers/asyncToGenerator.js:17:9)
      at node_modules/@babel/runtime/helpers/asyncToGenerator.js:22:7
      at Object.<anonymous> (node_modules/@babel/runtime/helpers/asyncToGenerator.js:14:12)

    console.error
      The current testing environment is not configured to support act(...)

      53 |       }
      54 |     } catch (error) {
    > 55 |       setVaultError('Failed to fetch vault data');
         |       ^
      56 |     } finally {
      57 |       setLoadingVault(false);
      58 |     }

      at isConcurrentActEnvironment (node_modules/react-test-renderer/cjs/react-test-renderer.development.js:10243:17)
      at warnIfUpdatesNotWrappedWithActDEV (node_modules/react-test-renderer/cjs/react-test-renderer.development.js:11798:7)
      at scheduleUpdateOnFiber (node_modules/react-test-renderer/cjs/react-test-renderer.development.js:10326:9)
      at dispatchSetStateInternal (node_modules/react-test-renderer/cjs/react-test-renderer.development.js:4148:13)
      at dispatchSetState (node_modules/react-test-renderer/cjs/react-test-renderer.development.js:4107:7)
      at Object.setVaultError (hooks/useVaultDataFetch.js:55:7)
          at Generator.throw (<anonymous>)
      at asyncGeneratorStep (node_modules/@babel/runtime/helpers/asyncToGenerator.js:3:17)
      at _throw (node_modules/@babel/runtime/helpers/asyncToGenerator.js:20:9)

    console.error
      The current testing environment is not configured to support act(...)

      55 |       setVaultError('Failed to fetch vault data');
      56 |     } finally {
    > 57 |       setLoadingVault(false);
         |       ^
      58 |     }
      59 |   }, [wallet]);
      60 |

      at isConcurrentActEnvironment (node_modules/react-test-renderer/cjs/react-test-renderer.development.js:10243:17)
      at warnIfUpdatesNotWrappedWithActDEV (node_modules/react-test-renderer/cjs/react-test-renderer.development.js:11798:7)
      at scheduleUpdateOnFiber (node_modules/react-test-renderer/cjs/react-test-renderer.development.js:10326:9)
      at dispatchSetStateInternal (node_modules/react-test-renderer/cjs/react-test-renderer.development.js:4148:13)
      at dispatchSetState (node_modules/react-test-renderer/cjs/react-test-renderer.development.js:4107:7)
      at Object.setLoadingVault (hooks/useVaultDataFetch.js:57:7)
          at Generator.throw (<anonymous>)
      at asyncGeneratorStep (node_modules/@babel/runtime/helpers/asyncToGenerator.js:3:17)
      at _throw (node_modules/@babel/runtime/helpers/asyncToGenerator.js:20:9)

    console.error
      react-test-renderer is deprecated. See https://react.dev/warnings/react-test-renderer

      20 |   let component;
      21 |   act(() => {
    > 22 |     component = create(<TestComponent />);
         |                       ^
      23 |   });
      24 |   return {
      25 |     result,

      at process.env.NODE_ENV.exports.create (node_modules/react-test-renderer/cjs/react-test-renderer.development.js:14598:17)
      at hooks/__tests__/useVaultDataFetch.test.js:22:23
      at process.env.NODE_ENV.exports.act (node_modules/react/cjs/react.development.js:789:22)
      at renderHook (hooks/__tests__/useVaultDataFetch.test.js:21:6)
      at Object.renderHook (hooks/__tests__/useVaultDataFetch.test.js:90:24)
      at asyncGeneratorStep (node_modules/@babel/runtime/helpers/asyncToGenerator.js:3:17)
      at _next (node_modules/@babel/runtime/helpers/asyncToGenerator.js:17:9)
      at node_modules/@babel/runtime/helpers/asyncToGenerator.js:22:7
      at Object.<anonymous> (node_modules/@babel/runtime/helpers/asyncToGenerator.js:14:12)

    console.error
      The current testing environment is not configured to support act(...)

      20 |   let component;
      21 |   act(() => {
    > 22 |     component = create(<TestComponent />);
         |                       ^
      23 |   });
      24 |   return {
      25 |     result,

      at isConcurrentActEnvironment (node_modules/react-test-renderer/cjs/react-test-renderer.development.js:10243:17)
      at warnIfUpdatesNotWrappedWithActDEV (node_modules/react-test-renderer/cjs/react-test-renderer.development.js:11798:7)
      at scheduleUpdateOnFiber (node_modules/react-test-renderer/cjs/react-test-renderer.development.js:10326:9)
      at updateContainerImpl (node_modules/react-test-renderer/cjs/react-test-renderer.development.js:12382:10)
      at updateContainer (node_modules/react-test-renderer/cjs/react-test-renderer.development.js:12326:7)
      at process.env.NODE_ENV.exports.create (node_modules/react-test-renderer/cjs/react-test-renderer.development.js:14630:7)
      at hooks/__tests__/useVaultDataFetch.test.js:22:23
      at process.env.NODE_ENV.exports.act (node_modules/react/cjs/react.development.js:789:22)
      at renderHook (hooks/__tests__/useVaultDataFetch.test.js:21:6)
      at Object.renderHook (hooks/__tests__/useVaultDataFetch.test.js:90:24)
      at asyncGeneratorStep (node_modules/@babel/runtime/helpers/asyncToGenerator.js:3:17)
      at _next (node_modules/@babel/runtime/helpers/asyncToGenerator.js:17:9)
      at node_modules/@babel/runtime/helpers/asyncToGenerator.js:22:7
      at Object.<anonymous> (node_modules/@babel/runtime/helpers/asyncToGenerator.js:14:12)

    console.error
      react-test-renderer is deprecated. See https://react.dev/warnings/react-test-renderer

      20 |   let component;
      21 |   act(() => {
    > 22 |     component = create(<TestComponent />);
         |                       ^
      23 |   });
      24 |   return {
      25 |     result,

      at process.env.NODE_ENV.exports.create (node_modules/react-test-renderer/cjs/react-test-renderer.development.js:14598:17)
      at hooks/__tests__/useVaultDataFetch.test.js:22:23
      at process.env.NODE_ENV.exports.act (node_modules/react/cjs/react.development.js:789:22)
      at renderHook (hooks/__tests__/useVaultDataFetch.test.js:21:6)
      at Object.renderHook (hooks/__tests__/useVaultDataFetch.test.js:105:24)
      at asyncGeneratorStep (node_modules/@babel/runtime/helpers/asyncToGenerator.js:3:17)
      at _next (node_modules/@babel/runtime/helpers/asyncToGenerator.js:17:9)
      at node_modules/@babel/runtime/helpers/asyncToGenerator.js:22:7
      at Object.<anonymous> (node_modules/@babel/runtime/helpers/asyncToGenerator.js:14:12)

    console.error
      The current testing environment is not configured to support act(...)

      20 |   let component;
      21 |   act(() => {
    > 22 |     component = create(<TestComponent />);
         |                       ^
      23 |   });
      24 |   return {
      25 |     result,

      at isConcurrentActEnvironment (node_modules/react-test-renderer/cjs/react-test-renderer.development.js:10243:17)
      at warnIfUpdatesNotWrappedWithActDEV (node_modules/react-test-renderer/cjs/react-test-renderer.development.js:11798:7)
      at scheduleUpdateOnFiber (node_modules/react-test-renderer/cjs/react-test-renderer.development.js:10326:9)
      at updateContainerImpl (node_modules/react-test-renderer/cjs/react-test-renderer.development.js:12382:10)
      at updateContainer (node_modules/react-test-renderer/cjs/react-test-renderer.development.js:12326:7)
      at process.env.NODE_ENV.exports.create (node_modules/react-test-renderer/cjs/react-test-renderer.development.js:14630:7)
      at hooks/__tests__/useVaultDataFetch.test.js:22:23
      at process.env.NODE_ENV.exports.act (node_modules/react/cjs/react.development.js:789:22)
      at renderHook (hooks/__tests__/useVaultDataFetch.test.js:21:6)
      at Object.renderHook (hooks/__tests__/useVaultDataFetch.test.js:105:24)
      at asyncGeneratorStep (node_modules/@babel/runtime/helpers/asyncToGenerator.js:3:17)
      at _next (node_modules/@babel/runtime/helpers/asyncToGenerator.js:17:9)
      at node_modules/@babel/runtime/helpers/asyncToGenerator.js:22:7
      at Object.<anonymous> (node_modules/@babel/runtime/helpers/asyncToGenerator.js:14:12)

    console.error
      react-test-renderer is deprecated. See https://react.dev/warnings/react-test-renderer

      20 |   let component;
      21 |   act(() => {
    > 22 |     component = create(<TestComponent />);
         |                       ^
      23 |   });
      24 |   return {
      25 |     result,

      at process.env.NODE_ENV.exports.create (node_modules/react-test-renderer/cjs/react-test-renderer.development.js:14598:17)
      at hooks/__tests__/useVaultDataFetch.test.js:22:23
      at process.env.NODE_ENV.exports.act (node_modules/react/cjs/react.development.js:789:22)
      at renderHook (hooks/__tests__/useVaultDataFetch.test.js:21:6)
      at Object.renderHook (hooks/__tests__/useVaultDataFetch.test.js:115:24)

    console.error
      The current testing environment is not configured to support act(...)

      20 |   let component;
      21 |   act(() => {
    > 22 |     component = create(<TestComponent />);
         |                       ^
      23 |   });
      24 |   return {
      25 |     result,

      at isConcurrentActEnvironment (node_modules/react-test-renderer/cjs/react-test-renderer.development.js:10243:17)
      at warnIfUpdatesNotWrappedWithActDEV (node_modules/react-test-renderer/cjs/react-test-renderer.development.js:11798:7)
      at scheduleUpdateOnFiber (node_modules/react-test-renderer/cjs/react-test-renderer.development.js:10326:9)
      at updateContainerImpl (node_modules/react-test-renderer/cjs/react-test-renderer.development.js:12382:10)
      at updateContainer (node_modules/react-test-renderer/cjs/react-test-renderer.development.js:12326:7)
      at process.env.NODE_ENV.exports.create (node_modules/react-test-renderer/cjs/react-test-renderer.development.js:14630:7)
      at hooks/__tests__/useVaultDataFetch.test.js:22:23
      at process.env.NODE_ENV.exports.act (node_modules/react/cjs/react.development.js:789:22)
      at renderHook (hooks/__tests__/useVaultDataFetch.test.js:21:6)
      at Object.renderHook (hooks/__tests__/useVaultDataFetch.test.js:115:24)

    console.error
      react-test-renderer is deprecated. See https://react.dev/warnings/react-test-renderer

      20 |   let component;
      21 |   act(() => {
    > 22 |     component = create(<TestComponent />);
         |                       ^
      23 |   });
      24 |   return {
      25 |     result,

      at process.env.NODE_ENV.exports.create (node_modules/react-test-renderer/cjs/react-test-renderer.development.js:14598:17)
      at hooks/__tests__/useVaultDataFetch.test.js:22:23
      at process.env.NODE_ENV.exports.act (node_modules/react/cjs/react.development.js:789:22)
      at renderHook (hooks/__tests__/useVaultDataFetch.test.js:21:6)
      at Object.renderHook (hooks/__tests__/useVaultDataFetch.test.js:127:24)
      at asyncGeneratorStep (node_modules/@babel/runtime/helpers/asyncToGenerator.js:3:17)
      at _next (node_modules/@babel/runtime/helpers/asyncToGenerator.js:17:9)
      at node_modules/@babel/runtime/helpers/asyncToGenerator.js:22:7
      at Object.<anonymous> (node_modules/@babel/runtime/helpers/asyncToGenerator.js:14:12)

    console.error
      The current testing environment is not configured to support act(...)

      20 |   let component;
      21 |   act(() => {
    > 22 |     component = create(<TestComponent />);
         |                       ^
      23 |   });
      24 |   return {
      25 |     result,

      at isConcurrentActEnvironment (node_modules/react-test-renderer/cjs/react-test-renderer.development.js:10243:17)
      at warnIfUpdatesNotWrappedWithActDEV (node_modules/react-test-renderer/cjs/react-test-renderer.development.js:11798:7)
      at scheduleUpdateOnFiber (node_modules/react-test-renderer/cjs/react-test-renderer.development.js:10326:9)
      at updateContainerImpl (node_modules/react-test-renderer/cjs/react-test-renderer.development.js:12382:10)
      at updateContainer (node_modules/react-test-renderer/cjs/react-test-renderer.development.js:12326:7)
      at process.env.NODE_ENV.exports.create (node_modules/react-test-renderer/cjs/react-test-renderer.development.js:14630:7)
      at hooks/__tests__/useVaultDataFetch.test.js:22:23
      at process.env.NODE_ENV.exports.act (node_modules/react/cjs/react.development.js:789:22)
      at renderHook (hooks/__tests__/useVaultDataFetch.test.js:21:6)
      at Object.renderHook (hooks/__tests__/useVaultDataFetch.test.js:127:24)
      at asyncGeneratorStep (node_modules/@babel/runtime/helpers/asyncToGenerator.js:3:17)
      at _next (node_modules/@babel/runtime/helpers/asyncToGenerator.js:17:9)
      at node_modules/@babel/runtime/helpers/asyncToGenerator.js:22:7
      at Object.<anonymous> (node_modules/@babel/runtime/helpers/asyncToGenerator.js:14:12)

    console.error
      The current testing environment is not configured to support act(...)

      43 |
      44 |     try {
    > 45 |       setLoadingVault(true);
         |       ^
      46 |       setVaultError(null);
      47 |       const data = await fetchVaultData(vaultPubkey);
      48 |

      at isConcurrentActEnvironment (node_modules/react-test-renderer/cjs/react-test-renderer.development.js:10243:17)
      at warnIfUpdatesNotWrappedWithActDEV (node_modules/react-test-renderer/cjs/react-test-renderer.development.js:11798:7)
      at scheduleUpdateOnFiber (node_modules/react-test-renderer/cjs/react-test-renderer.development.js:10326:9)
      at dispatchSetStateInternal (node_modules/react-test-renderer/cjs/react-test-renderer.development.js:4148:13)
      at dispatchSetState (node_modules/react-test-renderer/cjs/react-test-renderer.development.js:4107:7)
      at Object.setLoadingVault (hooks/useVaultDataFetch.js:45:7)
      at asyncGeneratorStep (node_modules/@babel/runtime/helpers/asyncToGenerator.js:3:17)
      at _next (node_modules/@babel/runtime/helpers/asyncToGenerator.js:17:9)
      at node_modules/@babel/runtime/helpers/asyncToGenerator.js:22:7
      at Object.fetchVault (node_modules/@babel/runtime/helpers/asyncToGenerator.js:14:12)
      at fetchVault (hooks/__tests__/useVaultDataFetch.test.js:130:28)
      at asyncGeneratorStep (node_modules/@babel/runtime/helpers/asyncToGenerator.js:3:17)
      at _next (node_modules/@babel/runtime/helpers/asyncToGenerator.js:17:9)
      at node_modules/@babel/runtime/helpers/asyncToGenerator.js:22:7
      at node_modules/@babel/runtime/helpers/asyncToGenerator.js:14:12
      at process.env.NODE_ENV.exports.act (node_modules/react/cjs/react.development.js:789:22)
      at Object.<anonymous> (hooks/__tests__/useVaultDataFetch.test.js:129:14)
      at asyncGeneratorStep (node_modules/@babel/runtime/helpers/asyncToGenerator.js:3:17)
      at _next (node_modules/@babel/runtime/helpers/asyncToGenerator.js:17:9)
      at node_modules/@babel/runtime/helpers/asyncToGenerator.js:22:7
      at Object.<anonymous> (node_modules/@babel/runtime/helpers/asyncToGenerator.js:14:12)

    console.error
      The current testing environment is not configured to support act(...)

      44 |     try {
      45 |       setLoadingVault(true);
    > 46 |       setVaultError(null);
         |       ^
      47 |       const data = await fetchVaultData(vaultPubkey);
      48 |
      49 |       // Only update state if vault data has actually changed

      at isConcurrentActEnvironment (node_modules/react-test-renderer/cjs/react-test-renderer.development.js:10243:17)
      at warnIfUpdatesNotWrappedWithActDEV (node_modules/react-test-renderer/cjs/react-test-renderer.development.js:11798:7)
      at scheduleUpdateOnFiber (node_modules/react-test-renderer/cjs/react-test-renderer.development.js:10326:9)
      at dispatchSetStateInternal (node_modules/react-test-renderer/cjs/react-test-renderer.development.js:4148:13)
      at dispatchSetState (node_modules/react-test-renderer/cjs/react-test-renderer.development.js:4107:7)
      at Object.setVaultError (hooks/useVaultDataFetch.js:46:7)
      at asyncGeneratorStep (node_modules/@babel/runtime/helpers/asyncToGenerator.js:3:17)
      at _next (node_modules/@babel/runtime/helpers/asyncToGenerator.js:17:9)
      at node_modules/@babel/runtime/helpers/asyncToGenerator.js:22:7
      at Object.fetchVault (node_modules/@babel/runtime/helpers/asyncToGenerator.js:14:12)
      at fetchVault (hooks/__tests__/useVaultDataFetch.test.js:130:28)
      at asyncGeneratorStep (node_modules/@babel/runtime/helpers/asyncToGenerator.js:3:17)
      at _next (node_modules/@babel/runtime/helpers/asyncToGenerator.js:17:9)
      at node_modules/@babel/runtime/helpers/asyncToGenerator.js:22:7
      at node_modules/@babel/runtime/helpers/asyncToGenerator.js:14:12
      at process.env.NODE_ENV.exports.act (node_modules/react/cjs/react.development.js:789:22)
      at Object.<anonymous> (hooks/__tests__/useVaultDataFetch.test.js:129:14)
      at asyncGeneratorStep (node_modules/@babel/runtime/helpers/asyncToGenerator.js:3:17)
      at _next (node_modules/@babel/runtime/helpers/asyncToGenerator.js:17:9)
      at node_modules/@babel/runtime/helpers/asyncToGenerator.js:22:7
      at Object.<anonymous> (node_modules/@babel/runtime/helpers/asyncToGenerator.js:14:12)

    console.error
      The current testing environment is not configured to support act(...)

      55 |       setVaultError('Failed to fetch vault data');
      56 |     } finally {
    > 57 |       setLoadingVault(false);
         |       ^
      58 |     }
      59 |   }, [wallet]);
      60 |

      at isConcurrentActEnvironment (node_modules/react-test-renderer/cjs/react-test-renderer.development.js:10243:17)
      at warnIfUpdatesNotWrappedWithActDEV (node_modules/react-test-renderer/cjs/react-test-renderer.development.js:11798:7)
      at scheduleUpdateOnFiber (node_modules/react-test-renderer/cjs/react-test-renderer.development.js:10326:9)
      at dispatchSetStateInternal (node_modules/react-test-renderer/cjs/react-test-renderer.development.js:4148:13)
      at dispatchSetState (node_modules/react-test-renderer/cjs/react-test-renderer.development.js:4107:7)
      at Object.setLoadingVault (hooks/useVaultDataFetch.js:57:7)
      at asyncGeneratorStep (node_modules/@babel/runtime/helpers/asyncToGenerator.js:3:17)
      at _next (node_modules/@babel/runtime/helpers/asyncToGenerator.js:17:9)

PASS hooks/__tests__/useVaultLoading.test.js
  ● Console

    console.error
      react-test-renderer is deprecated. See https://react.dev/warnings/react-test-renderer

      19 |   let component;
      20 |   act(() => {
    > 21 |     component = create(<TestComponent {...(options.initialProps || {})} />);
         |                       ^
      22 |   });
      23 |
      24 |   return {

      at process.env.NODE_ENV.exports.create (node_modules/react-test-renderer/cjs/react-test-renderer.development.js:14598:17)
      at hooks/__tests__/useVaultLoading.test.js:21:23
      at process.env.NODE_ENV.exports.act (node_modules/react/cjs/react.development.js:789:22)
      at renderHook (hooks/__tests__/useVaultLoading.test.js:20:6)
      at Object.renderHook (hooks/__tests__/useVaultLoading.test.js:45:24)

    console.error
      The current testing environment is not configured to support act(...)

      19 |   let component;
      20 |   act(() => {
    > 21 |     component = create(<TestComponent {...(options.initialProps || {})} />);
         |                       ^
      22 |   });
      23 |
      24 |   return {

      at isConcurrentActEnvironment (node_modules/react-test-renderer/cjs/react-test-renderer.development.js:10243:17)
      at warnIfUpdatesNotWrappedWithActDEV (node_modules/react-test-renderer/cjs/react-test-renderer.development.js:11798:7)
      at scheduleUpdateOnFiber (node_modules/react-test-renderer/cjs/react-test-renderer.development.js:10326:9)
      at updateContainerImpl (node_modules/react-test-renderer/cjs/react-test-renderer.development.js:12382:10)
      at updateContainer (node_modules/react-test-renderer/cjs/react-test-renderer.development.js:12326:7)
      at process.env.NODE_ENV.exports.create (node_modules/react-test-renderer/cjs/react-test-renderer.development.js:14630:7)
      at hooks/__tests__/useVaultLoading.test.js:21:23
      at process.env.NODE_ENV.exports.act (node_modules/react/cjs/react.development.js:789:22)
      at renderHook (hooks/__tests__/useVaultLoading.test.js:20:6)
      at Object.renderHook (hooks/__tests__/useVaultLoading.test.js:45:24)

    console.error
      react-test-renderer is deprecated. See https://react.dev/warnings/react-test-renderer

      19 |   let component;
      20 |   act(() => {
    > 21 |     component = create(<TestComponent {...(options.initialProps || {})} />);
         |                       ^
      22 |   });
      23 |
      24 |   return {

      at process.env.NODE_ENV.exports.create (node_modules/react-test-renderer/cjs/react-test-renderer.development.js:14598:17)
      at hooks/__tests__/useVaultLoading.test.js:21:23
      at process.env.NODE_ENV.exports.act (node_modules/react/cjs/react.development.js:789:22)
      at renderHook (hooks/__tests__/useVaultLoading.test.js:20:6)
      at Object.renderHook (hooks/__tests__/useVaultLoading.test.js:54:24)

    console.error
      The current testing environment is not configured to support act(...)

      19 |   let component;
      20 |   act(() => {
    > 21 |     component = create(<TestComponent {...(options.initialProps || {})} />);
         |                       ^
      22 |   });
      23 |
      24 |   return {

      at isConcurrentActEnvironment (node_modules/react-test-renderer/cjs/react-test-renderer.development.js:10243:17)
      at warnIfUpdatesNotWrappedWithActDEV (node_modules/react-test-renderer/cjs/react-test-renderer.development.js:11798:7)
      at scheduleUpdateOnFiber (node_modules/react-test-renderer/cjs/react-test-renderer.development.js:10326:9)
      at updateContainerImpl (node_modules/react-test-renderer/cjs/react-test-renderer.development.js:12382:10)
      at updateContainer (node_modules/react-test-renderer/cjs/react-test-renderer.development.js:12326:7)
      at process.env.NODE_ENV.exports.create (node_modules/react-test-renderer/cjs/react-test-renderer.development.js:14630:7)
      at hooks/__tests__/useVaultLoading.test.js:21:23
      at process.env.NODE_ENV.exports.act (node_modules/react/cjs/react.development.js:789:22)
      at renderHook (hooks/__tests__/useVaultLoading.test.js:20:6)
      at Object.renderHook (hooks/__tests__/useVaultLoading.test.js:54:24)

    console.error
      The current testing environment is not configured to support act(...)

      40 |       messageIndexRef.current = (messageIndexRef.current + 1) % messages.length;
      41 |       const newMessage = messages[messageIndexRef.current];
    > 42 |       setPreparingMessage(newMessage);
         |       ^
      43 |     }, 2000);
      44 |
      45 |     return () => {

      at isConcurrentActEnvironment (node_modules/react-test-renderer/cjs/react-test-renderer.development.js:10243:17)
      at warnIfUpdatesNotWrappedWithActDEV (node_modules/react-test-renderer/cjs/react-test-renderer.development.js:11798:7)
      at scheduleUpdateOnFiber (node_modules/react-test-renderer/cjs/react-test-renderer.development.js:10326:9)
      at dispatchSetStateInternal (node_modules/react-test-renderer/cjs/react-test-renderer.development.js:4148:13)
      at dispatchSetState (node_modules/react-test-renderer/cjs/react-test-renderer.development.js:4107:7)
      at setPreparingMessage (hooks/useVaultLoading.js:42:7)
      at callTimer (node_modules/@sinonjs/fake-timers/src/fake-timers-src.js:806:24)
      at doTickInner (node_modules/@sinonjs/fake-timers/src/fake-timers-src.js:1413:29)
      at doTick (node_modules/@sinonjs/fake-timers/src/fake-timers-src.js:1494:20)
      at Object.tick (node_modules/@sinonjs/fake-timers/src/fake-timers-src.js:1502:20)
      at FakeTimers.advanceTimersByTime (node_modules/@jest/fake-timers/build/index.js:576:19)
      at advanceTimersByTime (hooks/__tests__/useVaultLoading.test.js:59:12)
      at process.env.NODE_ENV.exports.act (node_modules/react/cjs/react.development.js:789:22)
      at Object.<anonymous> (hooks/__tests__/useVaultLoading.test.js:58:8)

    console.error
      The current testing environment is not configured to support act(...)

      40 |       messageIndexRef.current = (messageIndexRef.current + 1) % messages.length;
      41 |       const newMessage = messages[messageIndexRef.current];
    > 42 |       setPreparingMessage(newMessage);
         |       ^
      43 |     }, 2000);
      44 |
      45 |     return () => {

      at isConcurrentActEnvironment (node_modules/react-test-renderer/cjs/react-test-renderer.development.js:10243:17)
      at warnIfUpdatesNotWrappedWithActDEV (node_modules/react-test-renderer/cjs/react-test-renderer.development.js:11798:7)
      at scheduleUpdateOnFiber (node_modules/react-test-renderer/cjs/react-test-renderer.development.js:10326:9)
      at dispatchSetStateInternal (node_modules/react-test-renderer/cjs/react-test-renderer.development.js:4148:13)
      at dispatchSetState (node_modules/react-test-renderer/cjs/react-test-renderer.development.js:4107:7)
      at setPreparingMessage (hooks/useVaultLoading.js:42:7)
      at callTimer (node_modules/@sinonjs/fake-timers/src/fake-timers-src.js:806:24)
      at doTickInner (node_modules/@sinonjs/fake-timers/src/fake-timers-src.js:1413:29)
      at doTick (node_modules/@sinonjs/fake-timers/src/fake-timers-src.js:1494:20)
      at Object.tick (node_modules/@sinonjs/fake-timers/src/fake-timers-src.js:1502:20)
      at FakeTimers.advanceTimersByTime (node_modules/@jest/fake-timers/build/index.js:576:19)
      at advanceTimersByTime (hooks/__tests__/useVaultLoading.test.js:65:12)
      at process.env.NODE_ENV.exports.act (node_modules/react/cjs/react.development.js:789:22)
      at Object.<anonymous> (hooks/__tests__/useVaultLoading.test.js:64:8)

    console.error
      react-test-renderer is deprecated. See https://react.dev/warnings/react-test-renderer

      19 |   let component;
      20 |   act(() => {
    > 21 |     component = create(<TestComponent {...(options.initialProps || {})} />);
         |                       ^
      22 |   });
      23 |
      24 |   return {

      at process.env.NODE_ENV.exports.create (node_modules/react-test-renderer/cjs/react-test-renderer.development.js:14598:17)
      at hooks/__tests__/useVaultLoading.test.js:21:23
      at process.env.NODE_ENV.exports.act (node_modules/react/cjs/react.development.js:789:22)
      at renderHook (hooks/__tests__/useVaultLoading.test.js:20:6)
      at Object.renderHook (hooks/__tests__/useVaultLoading.test.js:72:24)

    console.error
      The current testing environment is not configured to support act(...)

      19 |   let component;
      20 |   act(() => {
    > 21 |     component = create(<TestComponent {...(options.initialProps || {})} />);
         |                       ^
      22 |   });
      23 |
      24 |   return {

      at isConcurrentActEnvironment (node_modules/react-test-renderer/cjs/react-test-renderer.development.js:10243:17)
      at warnIfUpdatesNotWrappedWithActDEV (node_modules/react-test-renderer/cjs/react-test-renderer.development.js:11798:7)
      at scheduleUpdateOnFiber (node_modules/react-test-renderer/cjs/react-test-renderer.development.js:10326:9)
      at updateContainerImpl (node_modules/react-test-renderer/cjs/react-test-renderer.development.js:12382:10)
      at updateContainer (node_modules/react-test-renderer/cjs/react-test-renderer.development.js:12326:7)
      at process.env.NODE_ENV.exports.create (node_modules/react-test-renderer/cjs/react-test-renderer.development.js:14630:7)
      at hooks/__tests__/useVaultLoading.test.js:21:23
      at process.env.NODE_ENV.exports.act (node_modules/react/cjs/react.development.js:789:22)
      at renderHook (hooks/__tests__/useVaultLoading.test.js:20:6)
      at Object.renderHook (hooks/__tests__/useVaultLoading.test.js:72:24)

    console.error
      The current testing environment is not configured to support act(...)

      40 |       messageIndexRef.current = (messageIndexRef.current + 1) % messages.length;
      41 |       const newMessage = messages[messageIndexRef.current];
    > 42 |       setPreparingMessage(newMessage);
         |       ^
      43 |     }, 2000);
      44 |
      45 |     return () => {

      at isConcurrentActEnvironment (node_modules/react-test-renderer/cjs/react-test-renderer.development.js:10243:17)
      at warnIfUpdatesNotWrappedWithActDEV (node_modules/react-test-renderer/cjs/react-test-renderer.development.js:11798:7)
      at scheduleUpdateOnFiber (node_modules/react-test-renderer/cjs/react-test-renderer.development.js:10326:9)
      at dispatchSetStateInternal (node_modules/react-test-renderer/cjs/react-test-renderer.development.js:4148:13)
      at dispatchSetState (node_modules/react-test-renderer/cjs/react-test-renderer.development.js:4107:7)
      at setPreparingMessage (hooks/useVaultLoading.js:42:7)
      at callTimer (node_modules/@sinonjs/fake-timers/src/fake-timers-src.js:806:24)
      at doTickInner (node_modules/@sinonjs/fake-timers/src/fake-timers-src.js:1413:29)
      at doTick (node_modules/@sinonjs/fake-timers/src/fake-timers-src.js:1494:20)
      at Object.tick (node_modules/@sinonjs/fake-timers/src/fake-timers-src.js:1502:20)
      at FakeTimers.advanceTimersByTime (node_modules/@jest/fake-timers/build/index.js:576:19)
      at advanceTimersByTime (hooks/__tests__/useVaultLoading.test.js:76:12)
      at process.env.NODE_ENV.exports.act (node_modules/react/cjs/react.development.js:789:22)
      at Object.<anonymous> (hooks/__tests__/useVaultLoading.test.js:75:8)

    console.error
      The current testing environment is not configured to support act(...)

      40 |       messageIndexRef.current = (messageIndexRef.current + 1) % messages.length;
      41 |       const newMessage = messages[messageIndexRef.current];
    > 42 |       setPreparingMessage(newMessage);
         |       ^
      43 |     }, 2000);
      44 |
      45 |     return () => {

      at isConcurrentActEnvironment (node_modules/react-test-renderer/cjs/react-test-renderer.development.js:10243:17)
      at warnIfUpdatesNotWrappedWithActDEV (node_modules/react-test-renderer/cjs/react-test-renderer.development.js:11798:7)
      at scheduleUpdateOnFiber (node_modules/react-test-renderer/cjs/react-test-renderer.development.js:10326:9)
      at dispatchSetStateInternal (node_modules/react-test-renderer/cjs/react-test-renderer.development.js:4148:13)
      at dispatchSetState (node_modules/react-test-renderer/cjs/react-test-renderer.development.js:4107:7)
      at setPreparingMessage (hooks/useVaultLoading.js:42:7)
      at callTimer (node_modules/@sinonjs/fake-timers/src/fake-timers-src.js:806:24)
      at doTickInner (node_modules/@sinonjs/fake-timers/src/fake-timers-src.js:1413:29)
      at doTick (node_modules/@sinonjs/fake-timers/src/fake-timers-src.js:1494:20)
      at Object.tick (node_modules/@sinonjs/fake-timers/src/fake-timers-src.js:1502:20)
      at FakeTimers.advanceTimersByTime (node_modules/@jest/fake-timers/build/index.js:576:19)
      at advanceTimersByTime (hooks/__tests__/useVaultLoading.test.js:76:12)
      at process.env.NODE_ENV.exports.act (node_modules/react/cjs/react.development.js:789:22)
      at Object.<anonymous> (hooks/__tests__/useVaultLoading.test.js:75:8)

    console.error
      The current testing environment is not configured to support act(...)

      40 |       messageIndexRef.current = (messageIndexRef.current + 1) % messages.length;
      41 |       const newMessage = messages[messageIndexRef.current];
    > 42 |       setPreparingMessage(newMessage);
         |       ^
      43 |     }, 2000);
      44 |
      45 |     return () => {

      at isConcurrentActEnvironment (node_modules/react-test-renderer/cjs/react-test-renderer.development.js:10243:17)
      at warnIfUpdatesNotWrappedWithActDEV (node_modules/react-test-renderer/cjs/react-test-renderer.development.js:11798:7)
      at scheduleUpdateOnFiber (node_modules/react-test-renderer/cjs/react-test-renderer.development.js:10326:9)
      at dispatchSetStateInternal (node_modules/react-test-renderer/cjs/react-test-renderer.development.js:4148:13)
      at dispatchSetState (node_modules/react-test-renderer/cjs/react-test-renderer.development.js:4107:7)
      at setPreparingMessage (hooks/useVaultLoading.js:42:7)
      at callTimer (node_modules/@sinonjs/fake-timers/src/fake-timers-src.js:806:24)
      at doTickInner (node_modules/@sinonjs/fake-timers/src/fake-timers-src.js:1413:29)
      at doTick (node_modules/@sinonjs/fake-timers/src/fake-timers-src.js:1494:20)
      at Object.tick (node_modules/@sinonjs/fake-timers/src/fake-timers-src.js:1502:20)
      at FakeTimers.advanceTimersByTime (node_modules/@jest/fake-timers/build/index.js:576:19)
      at advanceTimersByTime (hooks/__tests__/useVaultLoading.test.js:76:12)
      at process.env.NODE_ENV.exports.act (node_modules/react/cjs/react.development.js:789:22)
      at Object.<anonymous> (hooks/__tests__/useVaultLoading.test.js:75:8)

    console.error
      The current testing environment is not configured to support act(...)

      40 |       messageIndexRef.current = (messageIndexRef.current + 1) % messages.length;
      41 |       const newMessage = messages[messageIndexRef.current];
    > 42 |       setPreparingMessage(newMessage);
         |       ^
      43 |     }, 2000);
      44 |
      45 |     return () => {

      at isConcurrentActEnvironment (node_modules/react-test-renderer/cjs/react-test-renderer.development.js:10243:17)
      at warnIfUpdatesNotWrappedWithActDEV (node_modules/react-test-renderer/cjs/react-test-renderer.development.js:11798:7)
      at scheduleUpdateOnFiber (node_modules/react-test-renderer/cjs/react-test-renderer.development.js:10326:9)
      at dispatchSetStateInternal (node_modules/react-test-renderer/cjs/react-test-renderer.development.js:4148:13)
      at dispatchSetState (node_modules/react-test-renderer/cjs/react-test-renderer.development.js:4107:7)
      at setPreparingMessage (hooks/useVaultLoading.js:42:7)
      at callTimer (node_modules/@sinonjs/fake-timers/src/fake-timers-src.js:806:24)
      at doTickInner (node_modules/@sinonjs/fake-timers/src/fake-timers-src.js:1413:29)
      at doTick (node_modules/@sinonjs/fake-timers/src/fake-timers-src.js:1494:20)
      at Object.tick (node_modules/@sinonjs/fake-timers/src/fake-timers-src.js:1502:20)
      at FakeTimers.advanceTimersByTime (node_modules/@jest/fake-timers/build/index.js:576:19)
      at advanceTimersByTime (hooks/__tests__/useVaultLoading.test.js:76:12)
      at process.env.NODE_ENV.exports.act (node_modules/react/cjs/react.development.js:789:22)
      at Object.<anonymous> (hooks/__tests__/useVaultLoading.test.js:75:8)

    console.error
      The current testing environment is not configured to support act(...)

      40 |       messageIndexRef.current = (messageIndexRef.current + 1) % messages.length;
      41 |       const newMessage = messages[messageIndexRef.current];
    > 42 |       setPreparingMessage(newMessage);
         |       ^
      43 |     }, 2000);
      44 |
      45 |     return () => {

      at isConcurrentActEnvironment (node_modules/react-test-renderer/cjs/react-test-renderer.development.js:10243:17)
      at warnIfUpdatesNotWrappedWithActDEV (node_modules/react-test-renderer/cjs/react-test-renderer.development.js:11798:7)
      at scheduleUpdateOnFiber (node_modules/react-test-renderer/cjs/react-test-renderer.development.js:10326:9)
      at dispatchSetStateInternal (node_modules/react-test-renderer/cjs/react-test-renderer.development.js:4148:13)
      at dispatchSetState (node_modules/react-test-renderer/cjs/react-test-renderer.development.js:4107:7)
      at setPreparingMessage (hooks/useVaultLoading.js:42:7)
      at callTimer (node_modules/@sinonjs/fake-timers/src/fake-timers-src.js:806:24)
      at doTickInner (node_modules/@sinonjs/fake-timers/src/fake-timers-src.js:1413:29)
      at doTick (node_modules/@sinonjs/fake-timers/src/fake-timers-src.js:1494:20)
      at Object.tick (node_modules/@sinonjs/fake-timers/src/fake-timers-src.js:1502:20)
      at FakeTimers.advanceTimersByTime (node_modules/@jest/fake-timers/build/index.js:576:19)
      at advanceTimersByTime (hooks/__tests__/useVaultLoading.test.js:76:12)
      at process.env.NODE_ENV.exports.act (node_modules/react/cjs/react.development.js:789:22)
      at Object.<anonymous> (hooks/__tests__/useVaultLoading.test.js:75:8)

    console.error
      The current testing environment is not configured to support act(...)

      40 |       messageIndexRef.current = (messageIndexRef.current + 1) % messages.length;
      41 |       const newMessage = messages[messageIndexRef.current];
    > 42 |       setPreparingMessage(newMessage);
         |       ^
      43 |     }, 2000);
      44 |
      45 |     return () => {

      at isConcurrentActEnvironment (node_modules/react-test-renderer/cjs/react-test-renderer.development.js:10243:17)
      at warnIfUpdatesNotWrappedWithActDEV (node_modules/react-test-renderer/cjs/react-test-renderer.development.js:11798:7)
      at scheduleUpdateOnFiber (node_modules/react-test-renderer/cjs/react-test-renderer.development.js:10326:9)
      at dispatchSetStateInternal (node_modules/react-test-renderer/cjs/react-test-renderer.development.js:4148:13)
      at dispatchSetState (node_modules/react-test-renderer/cjs/react-test-renderer.development.js:4107:7)
      at setPreparingMessage (hooks/useVaultLoading.js:42:7)
      at callTimer (node_modules/@sinonjs/fake-timers/src/fake-timers-src.js:806:24)
      at doTickInner (node_modules/@sinonjs/fake-timers/src/fake-timers-src.js:1413:29)
      at doTick (node_modules/@sinonjs/fake-timers/src/fake-timers-src.js:1494:20)
      at Object.tick (node_modules/@sinonjs/fake-timers/src/fake-timers-src.js:1502:20)
      at FakeTimers.advanceTimersByTime (node_modules/@jest/fake-timers/build/index.js:576:19)
      at advanceTimersByTime (hooks/__tests__/useVaultLoading.test.js:76:12)
      at process.env.NODE_ENV.exports.act (node_modules/react/cjs/react.development.js:789:22)
      at Object.<anonymous> (hooks/__tests__/useVaultLoading.test.js:75:8)

    console.error
      The current testing environment is not configured to support act(...)

      40 |       messageIndexRef.current = (messageIndexRef.current + 1) % messages.length;
      41 |       const newMessage = messages[messageIndexRef.current];
    > 42 |       setPreparingMessage(newMessage);
         |       ^
      43 |     }, 2000);
      44 |
      45 |     return () => {

      at isConcurrentActEnvironment (node_modules/react-test-renderer/cjs/react-test-renderer.development.js:10243:17)
      at warnIfUpdatesNotWrappedWithActDEV (node_modules/react-test-renderer/cjs/react-test-renderer.development.js:11798:7)
      at scheduleUpdateOnFiber (node_modules/react-test-renderer/cjs/react-test-renderer.development.js:10326:9)
      at dispatchSetStateInternal (node_modules/react-test-renderer/cjs/react-test-renderer.development.js:4148:13)
      at dispatchSetState (node_modules/react-test-renderer/cjs/react-test-renderer.development.js:4107:7)
      at setPreparingMessage (hooks/useVaultLoading.js:42:7)
      at callTimer (node_modules/@sinonjs/fake-timers/src/fake-timers-src.js:806:24)
      at doTickInner (node_modules/@sinonjs/fake-timers/src/fake-timers-src.js:1413:29)
      at doTick (node_modules/@sinonjs/fake-timers/src/fake-timers-src.js:1494:20)
      at Object.tick (node_modules/@sinonjs/fake-timers/src/fake-timers-src.js:1502:20)
      at FakeTimers.advanceTimersByTime (node_modules/@jest/fake-timers/build/index.js:576:19)
      at advanceTimersByTime (hooks/__tests__/useVaultLoading.test.js:76:12)
      at process.env.NODE_ENV.exports.act (node_modules/react/cjs/react.development.js:789:22)
      at Object.<anonymous> (hooks/__tests__/useVaultLoading.test.js:75:8)

    console.error
      The current testing environment is not configured to support act(...)

      40 |       messageIndexRef.current = (messageIndexRef.current + 1) % messages.length;
      41 |       const newMessage = messages[messageIndexRef.current];
    > 42 |       setPreparingMessage(newMessage);
         |       ^
      43 |     }, 2000);
      44 |
      45 |     return () => {

      at isConcurrentActEnvironment (node_modules/react-test-renderer/cjs/react-test-renderer.development.js:10243:17)
      at warnIfUpdatesNotWrappedWithActDEV (node_modules/react-test-renderer/cjs/react-test-renderer.development.js:11798:7)
      at scheduleUpdateOnFiber (node_modules/react-test-renderer/cjs/react-test-renderer.development.js:10326:9)
      at dispatchSetStateInternal (node_modules/react-test-renderer/cjs/react-test-renderer.development.js:4148:13)
      at dispatchSetState (node_modules/react-test-renderer/cjs/react-test-renderer.development.js:4107:7)
      at setPreparingMessage (hooks/useVaultLoading.js:42:7)
      at callTimer (node_modules/@sinonjs/fake-timers/src/fake-timers-src.js:806:24)
      at doTickInner (node_modules/@sinonjs/fake-timers/src/fake-timers-src.js:1413:29)
      at doTick (node_modules/@sinonjs/fake-timers/src/fake-timers-src.js:1494:20)
      at Object.tick (node_modules/@sinonjs/fake-timers/src/fake-timers-src.js:1502:20)
      at FakeTimers.advanceTimersByTime (node_modules/@jest/fake-timers/build/index.js:576:19)
      at advanceTimersByTime (hooks/__tests__/useVaultLoading.test.js:76:12)
      at process.env.NODE_ENV.exports.act (node_modules/react/cjs/react.development.js:789:22)
      at Object.<anonymous> (hooks/__tests__/useVaultLoading.test.js:75:8)

    console.error
      react-test-renderer is deprecated. See https://react.dev/warnings/react-test-renderer

      19 |   let component;
      20 |   act(() => {
    > 21 |     component = create(<TestComponent {...(options.initialProps || {})} />);
         |                       ^
      22 |   });
      23 |
      24 |   return {

      at process.env.NODE_ENV.exports.create (node_modules/react-test-renderer/cjs/react-test-renderer.development.js:14598:17)
      at hooks/__tests__/useVaultLoading.test.js:21:23
      at process.env.NODE_ENV.exports.act (node_modules/react/cjs/react.development.js:789:22)
      at renderHook (hooks/__tests__/useVaultLoading.test.js:20:6)
      at Object.renderHook (hooks/__tests__/useVaultLoading.test.js:83:24)

    console.error
      The current testing environment is not configured to support act(...)

      19 |   let component;
      20 |   act(() => {
    > 21 |     component = create(<TestComponent {...(options.initialProps || {})} />);
         |                       ^
      22 |   });
      23 |
      24 |   return {

      at isConcurrentActEnvironment (node_modules/react-test-renderer/cjs/react-test-renderer.development.js:10243:17)
      at warnIfUpdatesNotWrappedWithActDEV (node_modules/react-test-renderer/cjs/react-test-renderer.development.js:11798:7)
      at scheduleUpdateOnFiber (node_modules/react-test-renderer/cjs/react-test-renderer.development.js:10326:9)
      at updateContainerImpl (node_modules/react-test-renderer/cjs/react-test-renderer.development.js:12382:10)
      at updateContainer (node_modules/react-test-renderer/cjs/react-test-renderer.development.js:12326:7)
      at process.env.NODE_ENV.exports.create (node_modules/react-test-renderer/cjs/react-test-renderer.development.js:14630:7)
      at hooks/__tests__/useVaultLoading.test.js:21:23
      at process.env.NODE_ENV.exports.act (node_modules/react/cjs/react.development.js:789:22)
      at renderHook (hooks/__tests__/useVaultLoading.test.js:20:6)
      at Object.renderHook (hooks/__tests__/useVaultLoading.test.js:83:24)

    console.error
      The current testing environment is not configured to support act(...)

      84 |
      85 |     act(() => {
    > 86 |       result.current.setPreparingVault(false);
         |                      ^
      87 |     });
      88 |
      89 |     const initialMessage = result.current.preparingMessage;

      at isConcurrentActEnvironment (node_modules/react-test-renderer/cjs/react-test-renderer.development.js:10243:17)
      at warnIfUpdatesNotWrappedWithActDEV (node_modules/react-test-renderer/cjs/react-test-renderer.development.js:11798:7)
      at scheduleUpdateOnFiber (node_modules/react-test-renderer/cjs/react-test-renderer.development.js:10326:9)
      at dispatchSetStateInternal (node_modules/react-test-renderer/cjs/react-test-renderer.development.js:4148:13)
      at dispatchSetState (node_modules/react-test-renderer/cjs/react-test-renderer.development.js:4107:7)
      at setPreparingVault (hooks/__tests__/useVaultLoading.test.js:86:22)
      at process.env.NODE_ENV.exports.act (node_modules/react/cjs/react.development.js:789:22)
      at Object.<anonymous> (hooks/__tests__/useVaultLoading.test.js:85:8)

    console.error
      The current testing environment is not configured to support act(...)

      18 |     if (!preparingVault) {
      19 |       messageIndexRef.current = 0;
    > 20 |       setPreparingMessage('Connecting to your vault');
         |       ^
      21 |       return;
      22 |     }
      23 |

      at isConcurrentActEnvironment (node_modules/react-test-renderer/cjs/react-test-renderer.development.js:10243:17)
      at warnIfUpdatesNotWrappedWithActDEV (node_modules/react-test-renderer/cjs/react-test-renderer.development.js:11798:7)
      at scheduleUpdateOnFiber (node_modules/react-test-renderer/cjs/react-test-renderer.development.js:10326:9)
      at dispatchSetStateInternal (node_modules/react-test-renderer/cjs/react-test-renderer.development.js:4148:13)
      at dispatchSetState (node_modules/react-test-renderer/cjs/react-test-renderer.development.js:4107:7)
      at setPreparingMessage (hooks/useVaultLoading.js:20:7)
      at Object.react-stack-bottom-frame (node_modules/react-test-renderer/cjs/react-test-renderer.development.js:14062:20)
      at runWithFiberInDEV (node_modules/react-test-renderer/cjs/react-test-renderer.development.js:1574:13)
      at commitHookEffectListMount (node_modules/react-test-renderer/cjs/react-test-renderer.development.js:8376:29)
      at commitHookPassiveMountEffects (node_modules/react-test-renderer/cjs/react-test-renderer.development.js:8465:11)
      at commitPassiveMountOnFiber (node_modules/react-test-renderer/cjs/react-test-renderer.development.js:9782:13)
      at recursivelyTraversePassiveMountEffects (node_modules/react-test-renderer/cjs/react-test-renderer.development.js:9756:11)
      at commitPassiveMountOnFiber (node_modules/react-test-renderer/cjs/react-test-renderer.development.js:9794:11)
      at flushPendingEffects (node_modules/react-test-renderer/cjs/react-test-renderer.development.js:11528:11)
      at performWorkOnRootViaSchedulerTask (node_modules/react-test-renderer/cjs/react-test-renderer.development.js:2082:11)
      at flushActQueue (node_modules/react/cjs/react.development.js:566:34)
      at process.env.NODE_ENV.exports.act (node_modules/react/cjs/react.development.js:859:10)
      at Object.<anonymous> (hooks/__tests__/useVaultLoading.test.js:85:8)

    console.error
      react-test-renderer is deprecated. See https://react.dev/warnings/react-test-renderer

      19 |   let component;
      20 |   act(() => {
    > 21 |     component = create(<TestComponent {...(options.initialProps || {})} />);
         |                       ^
      22 |   });
      23 |
      24 |   return {

      at process.env.NODE_ENV.exports.create (node_modules/react-test-renderer/cjs/react-test-renderer.development.js:14598:17)
      at hooks/__tests__/useVaultLoading.test.js:21:23
      at process.env.NODE_ENV.exports.act (node_modules/react/cjs/react.development.js:789:22)
      at renderHook (hooks/__tests__/useVaultLoading.test.js:20:6)
      at Object.renderHook (hooks/__tests__/useVaultLoading.test.js:99:24)

    console.error
      The current testing environment is not configured to support act(...)

      19 |   let component;
      20 |   act(() => {
    > 21 |     component = create(<TestComponent {...(options.initialProps || {})} />);
         |                       ^
      22 |   });
      23 |
      24 |   return {

      at isConcurrentActEnvironment (node_modules/react-test-renderer/cjs/react-test-renderer.development.js:10243:17)
      at warnIfUpdatesNotWrappedWithActDEV (node_modules/react-test-renderer/cjs/react-test-renderer.development.js:11798:7)
      at scheduleUpdateOnFiber (node_modules/react-test-renderer/cjs/react-test-renderer.development.js:10326:9)
      at updateContainerImpl (node_modules/react-test-renderer/cjs/react-test-renderer.development.js:12382:10)
      at updateContainer (node_modules/react-test-renderer/cjs/react-test-renderer.development.js:12326:7)
      at process.env.NODE_ENV.exports.create (node_modules/react-test-renderer/cjs/react-test-renderer.development.js:14630:7)
      at hooks/__tests__/useVaultLoading.test.js:21:23
      at process.env.NODE_ENV.exports.act (node_modules/react/cjs/react.development.js:789:22)
      at renderHook (hooks/__tests__/useVaultLoading.test.js:20:6)
      at Object.renderHook (hooks/__tests__/useVaultLoading.test.js:99:24)

    console.error
      The current testing environment is not configured to support act(...)

      40 |       messageIndexRef.current = (messageIndexRef.current + 1) % messages.length;
      41 |       const newMessage = messages[messageIndexRef.current];
    > 42 |       setPreparingMessage(newMessage);
         |       ^
      43 |     }, 2000);
      44 |
      45 |     return () => {

      at isConcurrentActEnvironment (node_modules/react-test-renderer/cjs/react-test-renderer.development.js:10243:17)
      at warnIfUpdatesNotWrappedWithActDEV (node_modules/react-test-renderer/cjs/react-test-renderer.development.js:11798:7)
      at scheduleUpdateOnFiber (node_modules/react-test-renderer/cjs/react-test-renderer.development.js:10326:9)
      at dispatchSetStateInternal (node_modules/react-test-renderer/cjs/react-test-renderer.development.js:4148:13)
      at dispatchSetState (node_modules/react-test-renderer/cjs/react-test-renderer.development.js:4107:7)
      at setPreparingMessage (hooks/useVaultLoading.js:42:7)
      at callTimer (node_modules/@sinonjs/fake-timers/src/fake-timers-src.js:806:24)
      at doTickInner (node_modules/@sinonjs/fake-timers/src/fake-timers-src.js:1413:29)
      at doTick (node_modules/@sinonjs/fake-timers/src/fake-timers-src.js:1494:20)
      at Object.tick (node_modules/@sinonjs/fake-timers/src/fake-timers-src.js:1502:20)
      at FakeTimers.advanceTimersByTime (node_modules/@jest/fake-timers/build/index.js:576:19)
      at advanceTimersByTime (hooks/__tests__/useVaultLoading.test.js:102:12)
      at process.env.NODE_ENV.exports.act (node_modules/react/cjs/react.development.js:789:22)
      at Object.<anonymous> (hooks/__tests__/useVaultLoading.test.js:101:8)

    console.error
      The current testing environment is not configured to support act(...)

      40 |       messageIndexRef.current = (messageIndexRef.current + 1) % messages.length;
      41 |       const newMessage = messages[messageIndexRef.current];
    > 42 |       setPreparingMessage(newMessage);
         |       ^
      43 |     }, 2000);
      44 |
      45 |     return () => {

      at isConcurrentActEnvironment (node_modules/react-test-renderer/cjs/react-test-renderer.development.js:10243:17)
      at warnIfUpdatesNotWrappedWithActDEV (node_modules/react-test-renderer/cjs/react-test-renderer.development.js:11798:7)
      at scheduleUpdateOnFiber (node_modules/react-test-renderer/cjs/react-test-renderer.development.js:10326:9)
      at dispatchSetStateInternal (node_modules/react-test-renderer/cjs/react-test-renderer.development.js:4148:13)
      at dispatchSetState (node_modules/react-test-renderer/cjs/react-test-renderer.development.js:4107:7)
      at setPreparingMessage (hooks/useVaultLoading.js:42:7)
      at callTimer (node_modules/@sinonjs/fake-timers/src/fake-timers-src.js:806:24)
      at doTickInner (node_modules/@sinonjs/fake-timers/src/fake-timers-src.js:1413:29)
      at doTick (node_modules/@sinonjs/fake-timers/src/fake-timers-src.js:1494:20)
      at Object.tick (node_modules/@sinonjs/fake-timers/src/fake-timers-src.js:1502:20)
      at FakeTimers.advanceTimersByTime (node_modules/@jest/fake-timers/build/index.js:576:19)
      at advanceTimersByTime (hooks/__tests__/useVaultLoading.test.js:102:12)
      at process.env.NODE_ENV.exports.act (node_modules/react/cjs/react.development.js:789:22)
      at Object.<anonymous> (hooks/__tests__/useVaultLoading.test.js:101:8)

    console.error
      The current testing environment is not configured to support act(...)

      40 |       messageIndexRef.current = (messageIndexRef.current + 1) % messages.length;
      41 |       const newMessage = messages[messageIndexRef.current];
    > 42 |       setPreparingMessage(newMessage);
         |       ^
      43 |     }, 2000);
      44 |
      45 |     return () => {

      at isConcurrentActEnvironment (node_modules/react-test-renderer/cjs/react-test-renderer.development.js:10243:17)
      at warnIfUpdatesNotWrappedWithActDEV (node_modules/react-test-renderer/cjs/react-test-renderer.development.js:11798:7)
      at scheduleUpdateOnFiber (node_modules/react-test-renderer/cjs/react-test-renderer.development.js:10326:9)
      at dispatchSetStateInternal (node_modules/react-test-renderer/cjs/react-test-renderer.development.js:4148:13)
      at dispatchSetState (node_modules/react-test-renderer/cjs/react-test-renderer.development.js:4107:7)
      at setPreparingMessage (hooks/useVaultLoading.js:42:7)
      at callTimer (node_modules/@sinonjs/fake-timers/src/fake-timers-src.js:806:24)
      at doTickInner (node_modules/@sinonjs/fake-timers/src/fake-timers-src.js:1413:29)
      at doTick (node_modules/@sinonjs/fake-timers/src/fake-timers-src.js:1494:20)
      at Object.tick (node_modules/@sinonjs/fake-timers/src/fake-timers-src.js:1502:20)
      at FakeTimers.advanceTimersByTime (node_modules/@jest/fake-timers/build/index.js:576:19)
      at advanceTimersByTime (hooks/__tests__/useVaultLoading.test.js:102:12)
      at process.env.NODE_ENV.exports.act (node_modules/react/cjs/react.development.js:789:22)
      at Object.<anonymous> (hooks/__tests__/useVaultLoading.test.js:101:8)

    console.error
      The current testing environment is not configured to support act(...)

      106 |
      107 |     act(() => {
    > 108 |       result.current.setPreparingVault(false);
          |                      ^
      109 |     });
      110 |
      111 |     expect(result.current.preparingMessage).toBe('Connecting to your vault');

      at isConcurrentActEnvironment (node_modules/react-test-renderer/cjs/react-test-renderer.development.js:10243:17)
      at warnIfUpdatesNotWrappedWithActDEV (node_modules/react-test-renderer/cjs/react-test-renderer.development.js:11798:7)
      at scheduleUpdateOnFiber (node_modules/react-test-renderer/cjs/react-test-renderer.development.js:10326:9)
      at dispatchSetStateInternal (node_modules/react-test-renderer/cjs/react-test-renderer.development.js:4148:13)
      at dispatchSetState (node_modules/react-test-renderer/cjs/react-test-renderer.development.js:4107:7)
      at setPreparingVault (hooks/__tests__/useVaultLoading.test.js:108:22)
      at process.env.NODE_ENV.exports.act (node_modules/react/cjs/react.development.js:789:22)
      at Object.<anonymous> (hooks/__tests__/useVaultLoading.test.js:107:8)

    console.error
      The current testing environment is not configured to support act(...)

      18 |     if (!preparingVault) {
      19 |       messageIndexRef.current = 0;
    > 20 |       setPreparingMessage('Connecting to your vault');
         |       ^
      21 |       return;
      22 |     }
      23 |

      at isConcurrentActEnvironment (node_modules/react-test-renderer/cjs/react-test-renderer.development.js:10243:17)
      at warnIfUpdatesNotWrappedWithActDEV (node_modules/react-test-renderer/cjs/react-test-renderer.development.js:11798:7)
      at scheduleUpdateOnFiber (node_modules/react-test-renderer/cjs/react-test-renderer.development.js:10326:9)
      at dispatchSetStateInternal (node_modules/react-test-renderer/cjs/react-test-renderer.development.js:4148:13)
      at dispatchSetState (node_modules/react-test-renderer/cjs/react-test-renderer.development.js:4107:7)
      at setPreparingMessage (hooks/useVaultLoading.js:20:7)
      at Object.react-stack-bottom-frame (node_modules/react-test-renderer/cjs/react-test-renderer.development.js:14062:20)
      at runWithFiberInDEV (node_modules/react-test-renderer/cjs/react-test-renderer.development.js:1574:13)
      at commitHookEffectListMount (node_modules/react-test-renderer/cjs/react-test-renderer.development.js:8376:29)
      at commitHookPassiveMountEffects (node_modules/react-test-renderer/cjs/react-test-renderer.development.js:8465:11)
      at commitPassiveMountOnFiber (node_modules/react-test-renderer/cjs/react-test-renderer.development.js:9782:13)
      at recursivelyTraversePassiveMountEffects (node_modules/react-test-renderer/cjs/react-test-renderer.development.js:9756:11)
      at commitPassiveMountOnFiber (node_modules/react-test-renderer/cjs/react-test-renderer.development.js:9794:11)
      at flushPendingEffects (node_modules/react-test-renderer/cjs/react-test-renderer.development.js:11528:11)
      at performWorkOnRootViaSchedulerTask (node_modules/react-test-renderer/cjs/react-test-renderer.development.js:2082:11)
      at flushActQueue (node_modules/react/cjs/react.development.js:566:34)
      at process.env.NODE_ENV.exports.act (node_modules/react/cjs/react.development.js:859:10)
      at Object.<anonymous> (hooks/__tests__/useVaultLoading.test.js:107:8)

    console.error
      react-test-renderer is deprecated. See https://react.dev/warnings/react-test-renderer

      19 |   let component;
      20 |   act(() => {
    > 21 |     component = create(<TestComponent {...(options.initialProps || {})} />);
         |                       ^
      22 |   });
      23 |
      24 |   return {

      at process.env.NODE_ENV.exports.create (node_modules/react-test-renderer/cjs/react-test-renderer.development.js:14598:17)
      at hooks/__tests__/useVaultLoading.test.js:21:23
      at process.env.NODE_ENV.exports.act (node_modules/react/cjs/react.development.js:789:22)
      at renderHook (hooks/__tests__/useVaultLoading.test.js:20:6)
      at Object.renderHook (hooks/__tests__/useVaultLoading.test.js:115:34)

    console.error
      The current testing environment is not configured to support act(...)

      19 |   let component;
      20 |   act(() => {
    > 21 |     component = create(<TestComponent {...(options.initialProps || {})} />);
         |                       ^
      22 |   });
      23 |
      24 |   return {

      at isConcurrentActEnvironment (node_modules/react-test-renderer/cjs/react-test-renderer.development.js:10243:17)
      at warnIfUpdatesNotWrappedWithActDEV (node_modules/react-test-renderer/cjs/react-test-renderer.development.js:11798:7)
      at scheduleUpdateOnFiber (node_modules/react-test-renderer/cjs/react-test-renderer.development.js:10326:9)
      at updateContainerImpl (node_modules/react-test-renderer/cjs/react-test-renderer.development.js:12382:10)
      at updateContainer (node_modules/react-test-renderer/cjs/react-test-renderer.development.js:12326:7)
      at process.env.NODE_ENV.exports.create (node_modules/react-test-renderer/cjs/react-test-renderer.development.js:14630:7)
      at hooks/__tests__/useVaultLoading.test.js:21:23
      at process.env.NODE_ENV.exports.act (node_modules/react/cjs/react.development.js:789:22)
      at renderHook (hooks/__tests__/useVaultLoading.test.js:20:6)
      at Object.renderHook (hooks/__tests__/useVaultLoading.test.js:115:34)

    console.error
      The current testing environment is not configured to support act(...)

      26 |     rerender: (newProps) => {
      27 |       act(() => {
    > 28 |         component.update(<TestComponent {...newProps} />);
         |                   ^
      29 |       });
      30 |     },
      31 |     unmount: () => component.unmount(),

      at isConcurrentActEnvironment (node_modules/react-test-renderer/cjs/react-test-renderer.development.js:10243:17)
      at warnIfUpdatesNotWrappedWithActDEV (node_modules/react-test-renderer/cjs/react-test-renderer.development.js:11798:7)
      at scheduleUpdateOnFiber (node_modules/react-test-renderer/cjs/react-test-renderer.development.js:10326:9)
      at updateContainerImpl (node_modules/react-test-renderer/cjs/react-test-renderer.development.js:12382:10)
      at updateContainer (node_modules/react-test-renderer/cjs/react-test-renderer.development.js:12326:7)
      at Object.update (node_modules/react-test-renderer/cjs/react-test-renderer.development.js:14669:13)
      at update (hooks/__tests__/useVaultLoading.test.js:28:19)
      at process.env.NODE_ENV.exports.act (node_modules/react/cjs/react.development.js:789:22)
      at rerender (hooks/__tests__/useVaultLoading.test.js:27:10)
      at Object.rerender (hooks/__tests__/useVaultLoading.test.js:124:5)

    console.error
      The current testing environment is not configured to support act(...)

      51 |   useEffect(() => {
      52 |     if (!visible) {
    > 53 |       setPreparingVault(false);
         |       ^
      54 |       setPreparingMessage('Connecting to your vault');
      55 |       messageIndexRef.current = 0;
      56 |     }

      at isConcurrentActEnvironment (node_modules/react-test-renderer/cjs/react-test-renderer.development.js:10243:17)
      at warnIfUpdatesNotWrappedWithActDEV (node_modules/react-test-renderer/cjs/react-test-renderer.development.js:11798:7)
      at scheduleUpdateOnFiber (node_modules/react-test-renderer/cjs/react-test-renderer.development.js:10326:9)
      at dispatchSetStateInternal (node_modules/react-test-renderer/cjs/react-test-renderer.development.js:4148:13)
      at dispatchSetState (node_modules/react-test-renderer/cjs/react-test-renderer.development.js:4107:7)
      at setPreparingVault (hooks/useVaultLoading.js:53:7)
      at Object.react-stack-bottom-frame (node_modules/react-test-renderer/cjs/react-test-renderer.development.js:14062:20)
      at runWithFiberInDEV (node_modules/react-test-renderer/cjs/react-test-renderer.development.js:1574:13)
      at commitHookEffectListMount (node_modules/react-test-renderer/cjs/react-test-renderer.development.js:8376:29)
      at commitHookPassiveMountEffects (node_modules/react-test-renderer/cjs/react-test-renderer.development.js:8465:11)
      at commitPassiveMountOnFiber (node_modules/react-test-renderer/cjs/react-test-renderer.development.js:9782:13)
      at recursivelyTraversePassiveMountEffects (node_modules/react-test-renderer/cjs/react-test-renderer.development.js:9756:11)
      at commitPassiveMountOnFiber (node_modules/react-test-renderer/cjs/react-test-renderer.development.js:9794:11)
      at flushPendingEffects (node_modules/react-test-renderer/cjs/react-test-renderer.development.js:11528:11)
      at performWorkOnRootViaSchedulerTask (node_modules/react-test-renderer/cjs/react-test-renderer.development.js:2082:11)
      at flushActQueue (node_modules/react/cjs/react.development.js:566:34)
      at process.env.NODE_ENV.exports.act (node_modules/react/cjs/react.development.js:859:10)
      at rerender (hooks/__tests__/useVaultLoading.test.js:27:10)
      at Object.rerender (hooks/__tests__/useVaultLoading.test.js:124:5)

    console.error
      The current testing environment is not configured to support act(...)

      52 |     if (!visible) {
      53 |       setPreparingVault(false);
    > 54 |       setPreparingMessage('Connecting to your vault');
         |       ^
      55 |       messageIndexRef.current = 0;
      56 |     }
      57 |   }, [visible]);

      at isConcurrentActEnvironment (node_modules/react-test-renderer/cjs/react-test-renderer.development.js:10243:17)
      at warnIfUpdatesNotWrappedWithActDEV (node_modules/react-test-renderer/cjs/react-test-renderer.development.js:11798:7)
      at scheduleUpdateOnFiber (node_modules/react-test-renderer/cjs/react-test-renderer.development.js:10326:9)
      at dispatchSetStateInternal (node_modules/react-test-renderer/cjs/react-test-renderer.development.js:4148:13)
      at dispatchSetState (node_modules/react-test-renderer/cjs/react-test-renderer.development.js:4107:7)
      at setPreparingMessage (hooks/useVaultLoading.js:54:7)
      at Object.react-stack-bottom-frame (node_modules/react-test-renderer/cjs/react-test-renderer.development.js:14062:20)
      at runWithFiberInDEV (node_modules/react-test-renderer/cjs/react-test-renderer.development.js:1574:13)
      at commitHookEffectListMount (node_modules/react-test-renderer/cjs/react-test-renderer.development.js:8376:29)
      at commitHookPassiveMountEffects (node_modules/react-test-renderer/cjs/react-test-renderer.development.js:8465:11)
      at commitPassiveMountOnFiber (node_modules/react-test-renderer/cjs/react-test-renderer.development.js:9782:13)
      at recursivelyTraversePassiveMountEffects (node_modules/react-test-renderer/cjs/react-test-renderer.development.js:9756:11)
      at commitPassiveMountOnFiber (node_modules/react-test-renderer/cjs/react-test-renderer.development.js:9794:11)
      at flushPendingEffects (node_modules/react-test-renderer/cjs/react-test-renderer.development.js:11528:11)
      at performWorkOnRootViaSchedulerTask (node_modules/react-test-renderer/cjs/react-test-renderer.development.js:2082:11)
      at flushActQueue (node_modules/react/cjs/react.development.js:566:34)
      at process.env.NODE_ENV.exports.act (node_modules/react/cjs/react.development.js:859:10)
      at rerender (hooks/__tests__/useVaultLoading.test.js:27:10)
      at Object.rerender (hooks/__tests__/useVaultLoading.test.js:124:5)

    console.error
      The current testing environment is not configured to support act(...)

      18 |     if (!preparingVault) {
      19 |       messageIndexRef.current = 0;
    > 20 |       setPreparingMessage('Connecting to your vault');
         |       ^
      21 |       return;
      22 |     }
      23 |

      at isConcurrentActEnvironment (node_modules/react-test-renderer/cjs/react-test-renderer.development.js:10243:17)
      at warnIfUpdatesNotWrappedWithActDEV (node_modules/react-test-renderer/cjs/react-test-renderer.development.js:11798:7)
      at scheduleUpdateOnFiber (node_modules/react-test-renderer/cjs/react-test-renderer.development.js:10326:9)
      at dispatchSetStateInternal (node_modules/react-test-renderer/cjs/react-test-renderer.development.js:4148:13)
      at dispatchSetState (node_modules/react-test-renderer/cjs/react-test-renderer.development.js:4107:7)
      at setPreparingMessage (hooks/useVaultLoading.js:20:7)
      at Object.react-stack-bottom-frame (node_modules/react-test-renderer/cjs/react-test-renderer.development.js:14062:20)
      at runWithFiberInDEV (node_modules/react-test-renderer/cjs/react-test-renderer.development.js:1574:13)
      at commitHookEffectListMount (node_modules/react-test-renderer/cjs/react-test-renderer.development.js:8376:29)
      at commitHookPassiveMountEffects (node_modules/react-test-renderer/cjs/react-test-renderer.development.js:8465:11)
      at commitPassiveMountOnFiber (node_modules/react-test-renderer/cjs/react-test-renderer.development.js:9782:13)
      at recursivelyTraversePassiveMountEffects (node_modules/react-test-renderer/cjs/react-test-renderer.development.js:9756:11)
      at commitPassiveMountOnFiber (node_modules/react-test-renderer/cjs/react-test-renderer.development.js:9794:11)
      at flushPendingEffects (node_modules/react-test-renderer/cjs/react-test-renderer.development.js:11528:11)
      at performWorkOnRootViaSchedulerTask (node_modules/react-test-renderer/cjs/react-test-renderer.development.js:2082:11)
      at flushActQueue (node_modules/react/cjs/react.development.js:566:34)
      at process.env.NODE_ENV.exports.act (node_modules/react/cjs/react.development.js:859:10)
      at rerender (hooks/__tests__/useVaultLoading.test.js:27:10)
      at Object.rerender (hooks/__tests__/useVaultLoading.test.js:124:5)

    console.error
      react-test-renderer is deprecated. See https://react.dev/warnings/react-test-renderer

      19 |   let component;
      20 |   act(() => {
    > 21 |     component = create(<TestComponent {...(options.initialProps || {})} />);
         |                       ^
      22 |   });
      23 |
      24 |   return {

      at process.env.NODE_ENV.exports.create (node_modules/react-test-renderer/cjs/react-test-renderer.development.js:14598:17)
      at hooks/__tests__/useVaultLoading.test.js:21:23
      at process.env.NODE_ENV.exports.act (node_modules/react/cjs/react.development.js:789:22)
      at renderHook (hooks/__tests__/useVaultLoading.test.js:20:6)
      at Object.renderHook (hooks/__tests__/useVaultLoading.test.js:132:24)

    console.error
      The current testing environment is not configured to support act(...)

      19 |   let component;
      20 |   act(() => {
    > 21 |     component = create(<TestComponent {...(options.initialProps || {})} />);
         |                       ^
      22 |   });
      23 |
      24 |   return {

      at isConcurrentActEnvironment (node_modules/react-test-renderer/cjs/react-test-renderer.development.js:10243:17)
      at warnIfUpdatesNotWrappedWithActDEV (node_modules/react-test-renderer/cjs/react-test-renderer.development.js:11798:7)
      at scheduleUpdateOnFiber (node_modules/react-test-renderer/cjs/react-test-renderer.development.js:10326:9)
      at updateContainerImpl (node_modules/react-test-renderer/cjs/react-test-renderer.development.js:12382:10)
      at updateContainer (node_modules/react-test-renderer/cjs/react-test-renderer.development.js:12326:7)
      at process.env.NODE_ENV.exports.create (node_modules/react-test-renderer/cjs/react-test-renderer.development.js:14630:7)
      at hooks/__tests__/useVaultLoading.test.js:21:23
      at process.env.NODE_ENV.exports.act (node_modules/react/cjs/react.development.js:789:22)
      at renderHook (hooks/__tests__/useVaultLoading.test.js:20:6)
      at Object.renderHook (hooks/__tests__/useVaultLoading.test.js:132:24)

    console.error
      The current testing environment is not configured to support act(...)

      135 |
      136 |     act(() => {
    > 137 |       result.current.setIsLoading(false);
          |                      ^
      138 |     });
      139 |
      140 |     expect(result.current.isLoading).toBe(false);

      at isConcurrentActEnvironment (node_modules/react-test-renderer/cjs/react-test-renderer.development.js:10243:17)
      at warnIfUpdatesNotWrappedWithActDEV (node_modules/react-test-renderer/cjs/react-test-renderer.development.js:11798:7)
      at scheduleUpdateOnFiber (node_modules/react-test-renderer/cjs/react-test-renderer.development.js:10326:9)
      at dispatchSetStateInternal (node_modules/react-test-renderer/cjs/react-test-renderer.development.js:4148:13)
      at dispatchSetState (node_modules/react-test-renderer/cjs/react-test-renderer.development.js:4107:7)
      at setIsLoading (hooks/__tests__/useVaultLoading.test.js:137:22)
      at process.env.NODE_ENV.exports.act (node_modules/react/cjs/react.development.js:789:22)
      at Object.<anonymous> (hooks/__tests__/useVaultLoading.test.js:136:8)

    console.error
      react-test-renderer is deprecated. See https://react.dev/warnings/react-test-renderer

      19 |   let component;
      20 |   act(() => {
    > 21 |     component = create(<TestComponent {...(options.initialProps || {})} />);
         |                       ^
      22 |   });
      23 |
      24 |   return {

      at process.env.NODE_ENV.exports.create (node_modules/react-test-renderer/cjs/react-test-renderer.development.js:14598:17)
      at hooks/__tests__/useVaultLoading.test.js:21:23
      at process.env.NODE_ENV.exports.act (node_modules/react/cjs/react.development.js:789:22)
      at renderHook (hooks/__tests__/useVaultLoading.test.js:20:6)
      at Object.renderHook (hooks/__tests__/useVaultLoading.test.js:144:24)

    console.error
      The current testing environment is not configured to support act(...)

      19 |   let component;
      20 |   act(() => {
    > 21 |     component = create(<TestComponent {...(options.initialProps || {})} />);
         |                       ^
      22 |   });
      23 |
      24 |   return {

      at isConcurrentActEnvironment (node_modules/react-test-renderer/cjs/react-test-renderer.development.js:10243:17)
      at warnIfUpdatesNotWrappedWithActDEV (node_modules/react-test-renderer/cjs/react-test-renderer.development.js:11798:7)
      at scheduleUpdateOnFiber (node_modules/react-test-renderer/cjs/react-test-renderer.development.js:10326:9)
      at updateContainerImpl (node_modules/react-test-renderer/cjs/react-test-renderer.development.js:12382:10)
      at updateContainer (node_modules/react-test-renderer/cjs/react-test-renderer.development.js:12326:7)
      at process.env.NODE_ENV.exports.create (node_modules/react-test-renderer/cjs/react-test-renderer.development.js:14630:7)
      at hooks/__tests__/useVaultLoading.test.js:21:23
      at process.env.NODE_ENV.exports.act (node_modules/react/cjs/react.development.js:789:22)
      at renderHook (hooks/__tests__/useVaultLoading.test.js:20:6)
      at Object.renderHook (hooks/__tests__/useVaultLoading.test.js:144:24)

    console.error
      The current testing environment is not configured to support act(...)

      147 |
      148 |     act(() => {
    > 149 |       result.current.setIsLoading(false);
          |                      ^
      150 |     });
      151 |
      152 |     expect(result.current.shouldShowLoading).toBe(true); // Still true because preparingVault is true

      at isConcurrentActEnvironment (node_modules/react-test-renderer/cjs/react-test-renderer.development.js:10243:17)
      at warnIfUpdatesNotWrappedWithActDEV (node_modules/react-test-renderer/cjs/react-test-renderer.development.js:11798:7)
      at scheduleUpdateOnFiber (node_modules/react-test-renderer/cjs/react-test-renderer.development.js:10326:9)
      at dispatchSetStateInternal (node_modules/react-test-renderer/cjs/react-test-renderer.development.js:4148:13)
      at dispatchSetState (node_modules/react-test-renderer/cjs/react-test-renderer.development.js:4107:7)
      at setIsLoading (hooks/__tests__/useVaultLoading.test.js:149:22)
      at process.env.NODE_ENV.exports.act (node_modules/react/cjs/react.development.js:789:22)
      at Object.<anonymous> (hooks/__tests__/useVaultLoading.test.js:148:8)

    console.error
      The current testing environment is not configured to support act(...)

      153 |
      154 |     act(() => {
    > 155 |       result.current.setPreparingVault(false);
          |                      ^
      156 |     });
      157 |
      158 |     expect(result.current.shouldShowLoading).toBe(false); // Now false because both are false

      at isConcurrentActEnvironment (node_modules/react-test-renderer/cjs/react-test-renderer.development.js:10243:17)
      at warnIfUpdatesNotWrappedWithActDEV (node_modules/react-test-renderer/cjs/react-test-renderer.development.js:11798:7)
      at scheduleUpdateOnFiber (node_modules/react-test-renderer/cjs/react-test-renderer.development.js:10326:9)
      at dispatchSetStateInternal (node_modules/react-test-renderer/cjs/react-test-renderer.development.js:4148:13)
      at dispatchSetState (node_modules/react-test-renderer/cjs/react-test-renderer.development.js:4107:7)
      at setPreparingVault (hooks/__tests__/useVaultLoading.test.js:155:22)
      at process.env.NODE_ENV.exports.act (node_modules/react/cjs/react.development.js:789:22)
      at Object.<anonymous> (hooks/__tests__/useVaultLoading.test.js:154:8)

    console.error
      The current testing environment is not configured to support act(...)

      18 |     if (!preparingVault) {
      19 |       messageIndexRef.current = 0;
    > 20 |       setPreparingMessage('Connecting to your vault');
         |       ^
      21 |       return;
      22 |     }
      23 |

      at isConcurrentActEnvironment (node_modules/react-test-renderer/cjs/react-test-renderer.development.js:10243:17)
      at warnIfUpdatesNotWrappedWithActDEV (node_modules/react-test-renderer/cjs/react-test-renderer.development.js:11798:7)
      at scheduleUpdateOnFiber (node_modules/react-test-renderer/cjs/react-test-renderer.development.js:10326:9)
      at dispatchSetStateInternal (node_modules/react-test-renderer/cjs/react-test-renderer.development.js:4148:13)
      at dispatchSetState (node_modules/react-test-renderer/cjs/react-test-renderer.development.js:4107:7)
      at setPreparingMessage (hooks/useVaultLoading.js:20:7)
      at Object.react-stack-bottom-frame (node_modules/react-test-renderer/cjs/react-test-renderer.development.js:14062:20)
      at runWithFiberInDEV (node_modules/react-test-renderer/cjs/react-test-renderer.development.js:1574:13)
      at commitHookEffectListMount (node_modules/react-test-renderer/cjs/react-test-renderer.development.js:8376:29)
      at commitHookPassiveMountEffects (node_modules/react-test-renderer/cjs/react-test-renderer.development.js:8465:11)
      at commitPassiveMountOnFiber (node_modules/react-test-renderer/cjs/react-test-renderer.development.js:9782:13)
      at recursivelyTraversePassiveMountEffects (node_modules/react-test-renderer/cjs/react-test-renderer.development.js:9756:11)
      at commitPassiveMountOnFiber (node_modules/react-test-renderer/cjs/react-test-renderer.development.js:9794:11)
      at flushPendingEffects (node_modules/react-test-renderer/cjs/react-test-renderer.development.js:11528:11)
      at performWorkOnRootViaSchedulerTask (node_modules/react-test-renderer/cjs/react-test-renderer.development.js:2082:11)
      at flushActQueue (node_modules/react/cjs/react.development.js:566:34)
      at process.env.NODE_ENV.exports.act (node_modules/react/cjs/react.development.js:859:10)
      at Object.<anonymous> (hooks/__tests__/useVaultLoading.test.js:154:8)

    console.error
      react-test-renderer is deprecated. See https://react.dev/warnings/react-test-renderer

      19 |   let component;
      20 |   act(() => {
    > 21 |     component = create(<TestComponent {...(options.initialProps || {})} />);
         |                       ^
      22 |   });
      23 |
      24 |   return {

      at process.env.NODE_ENV.exports.create (node_modules/react-test-renderer/cjs/react-test-renderer.development.js:14598:17)
      at hooks/__tests__/useVaultLoading.test.js:21:23
      at process.env.NODE_ENV.exports.act (node_modules/react/cjs/react.development.js:789:22)
      at renderHook (hooks/__tests__/useVaultLoading.test.js:20:6)
      at Object.renderHook (hooks/__tests__/useVaultLoading.test.js:162:25)

    console.error
      The current testing environment is not configured to support act(...)

      19 |   let component;
      20 |   act(() => {
    > 21 |     component = create(<TestComponent {...(options.initialProps || {})} />);
         |                       ^
      22 |   });
      23 |
      24 |   return {

      at isConcurrentActEnvironment (node_modules/react-test-renderer/cjs/react-test-renderer.development.js:10243:17)
      at warnIfUpdatesNotWrappedWithActDEV (node_modules/react-test-renderer/cjs/react-test-renderer.development.js:11798:7)
      at scheduleUpdateOnFiber (node_modules/react-test-renderer/cjs/react-test-renderer.development.js:10326:9)
      at updateContainerImpl (node_modules/react-test-renderer/cjs/react-test-renderer.development.js:12382:10)
      at updateContainer (node_modules/react-test-renderer/cjs/react-test-renderer.development.js:12326:7)
      at process.env.NODE_ENV.exports.create (node_modules/react-test-renderer/cjs/react-test-renderer.development.js:14630:7)
      at hooks/__tests__/useVaultLoading.test.js:21:23
      at process.env.NODE_ENV.exports.act (node_modules/react/cjs/react.development.js:789:22)
      at renderHook (hooks/__tests__/useVaultLoading.test.js:20:6)
      at Object.renderHook (hooks/__tests__/useVaultLoading.test.js:162:25)

PASS hooks/__tests__/useFormattedBalances.test.js
  ● Console

    console.error
      react-test-renderer is deprecated. See https://react.dev/warnings/react-test-renderer

      16 |   let component;
      17 |   act(() => {
    > 18 |     component = create(<TestComponent />);
         |                       ^
      19 |   });
      20 |   return { result, rerender: component.update };
      21 | }

      at process.env.NODE_ENV.exports.create (node_modules/react-test-renderer/cjs/react-test-renderer.development.js:14598:17)
      at hooks/__tests__/useFormattedBalances.test.js:18:23
      at process.env.NODE_ENV.exports.act (node_modules/react/cjs/react.development.js:789:22)
      at renderHook (hooks/__tests__/useFormattedBalances.test.js:17:6)
      at Object.renderHook (hooks/__tests__/useFormattedBalances.test.js:25:24)

    console.error
      The current testing environment is not configured to support act(...)

      16 |   let component;
      17 |   act(() => {
    > 18 |     component = create(<TestComponent />);
         |                       ^
      19 |   });
      20 |   return { result, rerender: component.update };
      21 | }

      at isConcurrentActEnvironment (node_modules/react-test-renderer/cjs/react-test-renderer.development.js:10243:17)
      at warnIfUpdatesNotWrappedWithActDEV (node_modules/react-test-renderer/cjs/react-test-renderer.development.js:11798:7)
      at scheduleUpdateOnFiber (node_modules/react-test-renderer/cjs/react-test-renderer.development.js:10326:9)
      at updateContainerImpl (node_modules/react-test-renderer/cjs/react-test-renderer.development.js:12382:10)
      at updateContainer (node_modules/react-test-renderer/cjs/react-test-renderer.development.js:12326:7)
      at process.env.NODE_ENV.exports.create (node_modules/react-test-renderer/cjs/react-test-renderer.development.js:14630:7)
      at hooks/__tests__/useFormattedBalances.test.js:18:23
      at process.env.NODE_ENV.exports.act (node_modules/react/cjs/react.development.js:789:22)
      at renderHook (hooks/__tests__/useFormattedBalances.test.js:17:6)
      at Object.renderHook (hooks/__tests__/useFormattedBalances.test.js:25:24)

    console.error
      react-test-renderer is deprecated. See https://react.dev/warnings/react-test-renderer

      16 |   let component;
      17 |   act(() => {
    > 18 |     component = create(<TestComponent />);
         |                       ^
      19 |   });
      20 |   return { result, rerender: component.update };
      21 | }

      at process.env.NODE_ENV.exports.create (node_modules/react-test-renderer/cjs/react-test-renderer.development.js:14598:17)
      at hooks/__tests__/useFormattedBalances.test.js:18:23
      at process.env.NODE_ENV.exports.act (node_modules/react/cjs/react.development.js:789:22)
      at renderHook (hooks/__tests__/useFormattedBalances.test.js:17:6)
      at Object.renderHook (hooks/__tests__/useFormattedBalances.test.js:39:24)

    console.error
      The current testing environment is not configured to support act(...)

      16 |   let component;
      17 |   act(() => {
    > 18 |     component = create(<TestComponent />);
         |                       ^
      19 |   });
      20 |   return { result, rerender: component.update };
      21 | }

      at isConcurrentActEnvironment (node_modules/react-test-renderer/cjs/react-test-renderer.development.js:10243:17)
      at warnIfUpdatesNotWrappedWithActDEV (node_modules/react-test-renderer/cjs/react-test-renderer.development.js:11798:7)
      at scheduleUpdateOnFiber (node_modules/react-test-renderer/cjs/react-test-renderer.development.js:10326:9)
      at updateContainerImpl (node_modules/react-test-renderer/cjs/react-test-renderer.development.js:12382:10)
      at updateContainer (node_modules/react-test-renderer/cjs/react-test-renderer.development.js:12326:7)
      at process.env.NODE_ENV.exports.create (node_modules/react-test-renderer/cjs/react-test-renderer.development.js:14630:7)
      at hooks/__tests__/useFormattedBalances.test.js:18:23
      at process.env.NODE_ENV.exports.act (node_modules/react/cjs/react.development.js:789:22)
      at renderHook (hooks/__tests__/useFormattedBalances.test.js:17:6)
      at Object.renderHook (hooks/__tests__/useFormattedBalances.test.js:39:24)

    console.error
      react-test-renderer is deprecated. See https://react.dev/warnings/react-test-renderer

      16 |   let component;
      17 |   act(() => {
    > 18 |     component = create(<TestComponent />);
         |                       ^
      19 |   });
      20 |   return { result, rerender: component.update };
      21 | }

      at process.env.NODE_ENV.exports.create (node_modules/react-test-renderer/cjs/react-test-renderer.development.js:14598:17)
      at hooks/__tests__/useFormattedBalances.test.js:18:23
      at process.env.NODE_ENV.exports.act (node_modules/react/cjs/react.development.js:789:22)
      at renderHook (hooks/__tests__/useFormattedBalances.test.js:17:6)
      at Object.renderHook (hooks/__tests__/useFormattedBalances.test.js:54:24)

    console.error
      The current testing environment is not configured to support act(...)

      16 |   let component;
      17 |   act(() => {
    > 18 |     component = create(<TestComponent />);
         |                       ^
      19 |   });
      20 |   return { result, rerender: component.update };
      21 | }

      at isConcurrentActEnvironment (node_modules/react-test-renderer/cjs/react-test-renderer.development.js:10243:17)
      at warnIfUpdatesNotWrappedWithActDEV (node_modules/react-test-renderer/cjs/react-test-renderer.development.js:11798:7)
      at scheduleUpdateOnFiber (node_modules/react-test-renderer/cjs/react-test-renderer.development.js:10326:9)
      at updateContainerImpl (node_modules/react-test-renderer/cjs/react-test-renderer.development.js:12382:10)
      at updateContainer (node_modules/react-test-renderer/cjs/react-test-renderer.development.js:12326:7)
      at process.env.NODE_ENV.exports.create (node_modules/react-test-renderer/cjs/react-test-renderer.development.js:14630:7)
      at hooks/__tests__/useFormattedBalances.test.js:18:23
      at process.env.NODE_ENV.exports.act (node_modules/react/cjs/react.development.js:789:22)
      at renderHook (hooks/__tests__/useFormattedBalances.test.js:17:6)
      at Object.renderHook (hooks/__tests__/useFormattedBalances.test.js:54:24)

    console.error
      react-test-renderer is deprecated. See https://react.dev/warnings/react-test-renderer

      16 |   let component;
      17 |   act(() => {
    > 18 |     component = create(<TestComponent />);
         |                       ^
      19 |   });
      20 |   return { result, rerender: component.update };
      21 | }

      at process.env.NODE_ENV.exports.create (node_modules/react-test-renderer/cjs/react-test-renderer.development.js:14598:17)
      at hooks/__tests__/useFormattedBalances.test.js:18:23
      at process.env.NODE_ENV.exports.act (node_modules/react/cjs/react.development.js:789:22)
      at renderHook (hooks/__tests__/useFormattedBalances.test.js:17:6)
      at Object.renderHook (hooks/__tests__/useFormattedBalances.test.js:64:24)

    console.error
      The current testing environment is not configured to support act(...)

      16 |   let component;
      17 |   act(() => {
    > 18 |     component = create(<TestComponent />);
         |                       ^
      19 |   });
      20 |   return { result, rerender: component.update };
      21 | }

      at isConcurrentActEnvironment (node_modules/react-test-renderer/cjs/react-test-renderer.development.js:10243:17)
      at warnIfUpdatesNotWrappedWithActDEV (node_modules/react-test-renderer/cjs/react-test-renderer.development.js:11798:7)
      at scheduleUpdateOnFiber (node_modules/react-test-renderer/cjs/react-test-renderer.development.js:10326:9)
      at updateContainerImpl (node_modules/react-test-renderer/cjs/react-test-renderer.development.js:12382:10)
      at updateContainer (node_modules/react-test-renderer/cjs/react-test-renderer.development.js:12326:7)
      at process.env.NODE_ENV.exports.create (node_modules/react-test-renderer/cjs/react-test-renderer.development.js:14630:7)
      at hooks/__tests__/useFormattedBalances.test.js:18:23
      at process.env.NODE_ENV.exports.act (node_modules/react/cjs/react.development.js:789:22)
      at renderHook (hooks/__tests__/useFormattedBalances.test.js:17:6)
      at Object.renderHook (hooks/__tests__/useFormattedBalances.test.js:64:24)

    console.error
      react-test-renderer is deprecated. See https://react.dev/warnings/react-test-renderer

      16 |   let component;
      17 |   act(() => {
    > 18 |     component = create(<TestComponent />);
         |                       ^
      19 |   });
      20 |   return { result, rerender: component.update };
      21 | }

      at process.env.NODE_ENV.exports.create (node_modules/react-test-renderer/cjs/react-test-renderer.development.js:14598:17)
      at hooks/__tests__/useFormattedBalances.test.js:18:23
      at process.env.NODE_ENV.exports.act (node_modules/react/cjs/react.development.js:789:22)
      at renderHook (hooks/__tests__/useFormattedBalances.test.js:17:6)
      at Object.renderHook (hooks/__tests__/useFormattedBalances.test.js:83:24)

    console.error
      The current testing environment is not configured to support act(...)

      16 |   let component;
      17 |   act(() => {
    > 18 |     component = create(<TestComponent />);
         |                       ^
      19 |   });
      20 |   return { result, rerender: component.update };
      21 | }

      at isConcurrentActEnvironment (node_modules/react-test-renderer/cjs/react-test-renderer.development.js:10243:17)
      at warnIfUpdatesNotWrappedWithActDEV (node_modules/react-test-renderer/cjs/react-test-renderer.development.js:11798:7)
      at scheduleUpdateOnFiber (node_modules/react-test-renderer/cjs/react-test-renderer.development.js:10326:9)
      at updateContainerImpl (node_modules/react-test-renderer/cjs/react-test-renderer.development.js:12382:10)
      at updateContainer (node_modules/react-test-renderer/cjs/react-test-renderer.development.js:12326:7)
      at process.env.NODE_ENV.exports.create (node_modules/react-test-renderer/cjs/react-test-renderer.development.js:14630:7)
      at hooks/__tests__/useFormattedBalances.test.js:18:23
      at process.env.NODE_ENV.exports.act (node_modules/react/cjs/react.development.js:789:22)
      at renderHook (hooks/__tests__/useFormattedBalances.test.js:17:6)
      at Object.renderHook (hooks/__tests__/useFormattedBalances.test.js:83:24)

    console.error
      react-test-renderer is deprecated. See https://react.dev/warnings/react-test-renderer

      102 |
      103 |     act(() => {
    > 104 |       component = create(<TestComponent balances={balances} />);
          |                         ^
      105 |     });
      106 |
      107 |     const initialRenderCount = renderCount;

      at process.env.NODE_ENV.exports.create (node_modules/react-test-renderer/cjs/react-test-renderer.development.js:14598:17)
      at hooks/__tests__/useFormattedBalances.test.js:104:25
      at process.env.NODE_ENV.exports.act (node_modules/react/cjs/react.development.js:789:22)
      at Object.<anonymous> (hooks/__tests__/useFormattedBalances.test.js:103:8)

    console.error
      The current testing environment is not configured to support act(...)

      102 |
      103 |     act(() => {
    > 104 |       component = create(<TestComponent balances={balances} />);
          |                         ^
      105 |     });
      106 |
      107 |     const initialRenderCount = renderCount;

      at isConcurrentActEnvironment (node_modules/react-test-renderer/cjs/react-test-renderer.development.js:10243:17)
      at warnIfUpdatesNotWrappedWithActDEV (node_modules/react-test-renderer/cjs/react-test-renderer.development.js:11798:7)
      at scheduleUpdateOnFiber (node_modules/react-test-renderer/cjs/react-test-renderer.development.js:10326:9)
      at updateContainerImpl (node_modules/react-test-renderer/cjs/react-test-renderer.development.js:12382:10)
      at updateContainer (node_modules/react-test-renderer/cjs/react-test-renderer.development.js:12326:7)
      at process.env.NODE_ENV.exports.create (node_modules/react-test-renderer/cjs/react-test-renderer.development.js:14630:7)
      at hooks/__tests__/useFormattedBalances.test.js:104:25
      at process.env.NODE_ENV.exports.act (node_modules/react/cjs/react.development.js:789:22)
      at Object.<anonymous> (hooks/__tests__/useFormattedBalances.test.js:103:8)

    console.error
      The current testing environment is not configured to support act(...)

      109 |     // Re-render with same values
      110 |     act(() => {
    > 111 |       component.update(<TestComponent balances={balances} />);
          |                 ^
      112 |     });
      113 |
      114 |     // Memoization should prevent recalculation

      at isConcurrentActEnvironment (node_modules/react-test-renderer/cjs/react-test-renderer.development.js:10243:17)
      at warnIfUpdatesNotWrappedWithActDEV (node_modules/react-test-renderer/cjs/react-test-renderer.development.js:11798:7)
      at scheduleUpdateOnFiber (node_modules/react-test-renderer/cjs/react-test-renderer.development.js:10326:9)
      at updateContainerImpl (node_modules/react-test-renderer/cjs/react-test-renderer.development.js:12382:10)
      at updateContainer (node_modules/react-test-renderer/cjs/react-test-renderer.development.js:12326:7)
      at Object.update (node_modules/react-test-renderer/cjs/react-test-renderer.development.js:14669:13)
      at update (hooks/__tests__/useFormattedBalances.test.js:111:17)
      at process.env.NODE_ENV.exports.act (node_modules/react/cjs/react.development.js:789:22)
      at Object.<anonymous> (hooks/__tests__/useFormattedBalances.test.js:110:8)

PASS hooks/__tests__/useBottomSheetAnimation.test.js
  ● Console

    console.error
      react-test-renderer is deprecated. See https://react.dev/warnings/react-test-renderer

      18 |   let component;
      19 |   act(() => {
    > 20 |     component = create(<TestComponent {...(options.initialProps || {})} />);
         |                       ^
      21 |   });
      22 |
      23 |   return {

      at process.env.NODE_ENV.exports.create (node_modules/react-test-renderer/cjs/react-test-renderer.development.js:14598:17)
      at hooks/__tests__/useBottomSheetAnimation.test.js:20:23
      at process.env.NODE_ENV.exports.act (node_modules/react/cjs/react.development.js:789:22)
      at renderHook (hooks/__tests__/useBottomSheetAnimation.test.js:19:6)
      at Object.renderHook (hooks/__tests__/useBottomSheetAnimation.test.js:42:24)

    console.error
      The current testing environment is not configured to support act(...)

      18 |   let component;
      19 |   act(() => {
    > 20 |     component = create(<TestComponent {...(options.initialProps || {})} />);
         |                       ^
      21 |   });
      22 |
      23 |   return {

      at isConcurrentActEnvironment (node_modules/react-test-renderer/cjs/react-test-renderer.development.js:10243:17)
      at warnIfUpdatesNotWrappedWithActDEV (node_modules/react-test-renderer/cjs/react-test-renderer.development.js:11798:7)
      at scheduleUpdateOnFiber (node_modules/react-test-renderer/cjs/react-test-renderer.development.js:10326:9)
      at updateContainerImpl (node_modules/react-test-renderer/cjs/react-test-renderer.development.js:12382:10)
      at updateContainer (node_modules/react-test-renderer/cjs/react-test-renderer.development.js:12326:7)
      at process.env.NODE_ENV.exports.create (node_modules/react-test-renderer/cjs/react-test-renderer.development.js:14630:7)
      at hooks/__tests__/useBottomSheetAnimation.test.js:20:23
      at process.env.NODE_ENV.exports.act (node_modules/react/cjs/react.development.js:789:22)
      at renderHook (hooks/__tests__/useBottomSheetAnimation.test.js:19:6)
      at Object.renderHook (hooks/__tests__/useBottomSheetAnimation.test.js:42:24)

    console.error
      react-test-renderer is deprecated. See https://react.dev/warnings/react-test-renderer

      18 |   let component;
      19 |   act(() => {
    > 20 |     component = create(<TestComponent {...(options.initialProps || {})} />);
         |                       ^
      21 |   });
      22 |
      23 |   return {

      at process.env.NODE_ENV.exports.create (node_modules/react-test-renderer/cjs/react-test-renderer.development.js:14598:17)
      at hooks/__tests__/useBottomSheetAnimation.test.js:20:23
      at process.env.NODE_ENV.exports.act (node_modules/react/cjs/react.development.js:789:22)
      at renderHook (hooks/__tests__/useBottomSheetAnimation.test.js:19:6)
      at Object.renderHook (hooks/__tests__/useBottomSheetAnimation.test.js:54:24)

    console.error
      The current testing environment is not configured to support act(...)

      18 |   let component;
      19 |   act(() => {
    > 20 |     component = create(<TestComponent {...(options.initialProps || {})} />);
         |                       ^
      21 |   });
      22 |
      23 |   return {

      at isConcurrentActEnvironment (node_modules/react-test-renderer/cjs/react-test-renderer.development.js:10243:17)
      at warnIfUpdatesNotWrappedWithActDEV (node_modules/react-test-renderer/cjs/react-test-renderer.development.js:11798:7)
      at scheduleUpdateOnFiber (node_modules/react-test-renderer/cjs/react-test-renderer.development.js:10326:9)
      at updateContainerImpl (node_modules/react-test-renderer/cjs/react-test-renderer.development.js:12382:10)
      at updateContainer (node_modules/react-test-renderer/cjs/react-test-renderer.development.js:12326:7)
      at process.env.NODE_ENV.exports.create (node_modules/react-test-renderer/cjs/react-test-renderer.development.js:14630:7)
      at hooks/__tests__/useBottomSheetAnimation.test.js:20:23
      at process.env.NODE_ENV.exports.act (node_modules/react/cjs/react.development.js:789:22)
      at renderHook (hooks/__tests__/useBottomSheetAnimation.test.js:19:6)
      at Object.renderHook (hooks/__tests__/useBottomSheetAnimation.test.js:54:24)

    console.error
      react-test-renderer is deprecated. See https://react.dev/warnings/react-test-renderer

      18 |   let component;
      19 |   act(() => {
    > 20 |     component = create(<TestComponent {...(options.initialProps || {})} />);
         |                       ^
      21 |   });
      22 |
      23 |   return {

      at process.env.NODE_ENV.exports.create (node_modules/react-test-renderer/cjs/react-test-renderer.development.js:14598:17)
      at hooks/__tests__/useBottomSheetAnimation.test.js:20:23
      at process.env.NODE_ENV.exports.act (node_modules/react/cjs/react.development.js:789:22)
      at renderHook (hooks/__tests__/useBottomSheetAnimation.test.js:19:6)
      at Object.renderHook (hooks/__tests__/useBottomSheetAnimation.test.js:65:24)

    console.error
      The current testing environment is not configured to support act(...)

      18 |   let component;
      19 |   act(() => {
    > 20 |     component = create(<TestComponent {...(options.initialProps || {})} />);
         |                       ^
      21 |   });
      22 |
      23 |   return {

      at isConcurrentActEnvironment (node_modules/react-test-renderer/cjs/react-test-renderer.development.js:10243:17)
      at warnIfUpdatesNotWrappedWithActDEV (node_modules/react-test-renderer/cjs/react-test-renderer.development.js:11798:7)
      at scheduleUpdateOnFiber (node_modules/react-test-renderer/cjs/react-test-renderer.development.js:10326:9)
      at updateContainerImpl (node_modules/react-test-renderer/cjs/react-test-renderer.development.js:12382:10)
      at updateContainer (node_modules/react-test-renderer/cjs/react-test-renderer.development.js:12326:7)
      at process.env.NODE_ENV.exports.create (node_modules/react-test-renderer/cjs/react-test-renderer.development.js:14630:7)
      at hooks/__tests__/useBottomSheetAnimation.test.js:20:23
      at process.env.NODE_ENV.exports.act (node_modules/react/cjs/react.development.js:789:22)
      at renderHook (hooks/__tests__/useBottomSheetAnimation.test.js:19:6)
      at Object.renderHook (hooks/__tests__/useBottomSheetAnimation.test.js:65:24)

    console.error
      react-test-renderer is deprecated. See https://react.dev/warnings/react-test-renderer

      18 |   let component;
      19 |   act(() => {
    > 20 |     component = create(<TestComponent {...(options.initialProps || {})} />);
         |                       ^
      21 |   });
      22 |
      23 |   return {

      at process.env.NODE_ENV.exports.create (node_modules/react-test-renderer/cjs/react-test-renderer.development.js:14598:17)
      at hooks/__tests__/useBottomSheetAnimation.test.js:20:23
      at process.env.NODE_ENV.exports.act (node_modules/react/cjs/react.development.js:789:22)
      at renderHook (hooks/__tests__/useBottomSheetAnimation.test.js:19:6)
      at Object.renderHook (hooks/__tests__/useBottomSheetAnimation.test.js:78:26)

    console.error
      The current testing environment is not configured to support act(...)

      18 |   let component;
      19 |   act(() => {
    > 20 |     component = create(<TestComponent {...(options.initialProps || {})} />);
         |                       ^
      21 |   });
      22 |
      23 |   return {

      at isConcurrentActEnvironment (node_modules/react-test-renderer/cjs/react-test-renderer.development.js:10243:17)
      at warnIfUpdatesNotWrappedWithActDEV (node_modules/react-test-renderer/cjs/react-test-renderer.development.js:11798:7)
      at scheduleUpdateOnFiber (node_modules/react-test-renderer/cjs/react-test-renderer.development.js:10326:9)
      at updateContainerImpl (node_modules/react-test-renderer/cjs/react-test-renderer.development.js:12382:10)
      at updateContainer (node_modules/react-test-renderer/cjs/react-test-renderer.development.js:12326:7)
      at process.env.NODE_ENV.exports.create (node_modules/react-test-renderer/cjs/react-test-renderer.development.js:14630:7)
      at hooks/__tests__/useBottomSheetAnimation.test.js:20:23
      at process.env.NODE_ENV.exports.act (node_modules/react/cjs/react.development.js:789:22)
      at renderHook (hooks/__tests__/useBottomSheetAnimation.test.js:19:6)
      at Object.renderHook (hooks/__tests__/useBottomSheetAnimation.test.js:78:26)

    console.error
      The current testing environment is not configured to support act(...)

      25 |     rerender: (newProps) => {
      26 |       act(() => {
    > 27 |         component.update(<TestComponent {...newProps} />);
         |                   ^
      28 |       });
      29 |     },
      30 |     unmount: () => component.unmount(),

      at isConcurrentActEnvironment (node_modules/react-test-renderer/cjs/react-test-renderer.development.js:10243:17)
      at warnIfUpdatesNotWrappedWithActDEV (node_modules/react-test-renderer/cjs/react-test-renderer.development.js:11798:7)
      at scheduleUpdateOnFiber (node_modules/react-test-renderer/cjs/react-test-renderer.development.js:10326:9)
      at updateContainerImpl (node_modules/react-test-renderer/cjs/react-test-renderer.development.js:12382:10)
      at updateContainer (node_modules/react-test-renderer/cjs/react-test-renderer.development.js:12326:7)
      at Object.update (node_modules/react-test-renderer/cjs/react-test-renderer.development.js:14669:13)
      at update (hooks/__tests__/useBottomSheetAnimation.test.js:27:19)
      at process.env.NODE_ENV.exports.act (node_modules/react/cjs/react.development.js:789:22)
      at rerender (hooks/__tests__/useBottomSheetAnimation.test.js:26:10)
      at Object.rerender (hooks/__tests__/useBottomSheetAnimation.test.js:83:5)

    console.error
      react-test-renderer is deprecated. See https://react.dev/warnings/react-test-renderer

      18 |   let component;
      19 |   act(() => {
    > 20 |     component = create(<TestComponent {...(options.initialProps || {})} />);
         |                       ^
      21 |   });
      22 |
      23 |   return {

      at process.env.NODE_ENV.exports.create (node_modules/react-test-renderer/cjs/react-test-renderer.development.js:14598:17)
      at hooks/__tests__/useBottomSheetAnimation.test.js:20:23
      at process.env.NODE_ENV.exports.act (node_modules/react/cjs/react.development.js:789:22)
      at renderHook (hooks/__tests__/useBottomSheetAnimation.test.js:19:6)
      at Object.renderHook (hooks/__tests__/useBottomSheetAnimation.test.js:90:34)

    console.error
      The current testing environment is not configured to support act(...)

      18 |   let component;
      19 |   act(() => {
    > 20 |     component = create(<TestComponent {...(options.initialProps || {})} />);
         |                       ^
      21 |   });
      22 |
      23 |   return {

      at isConcurrentActEnvironment (node_modules/react-test-renderer/cjs/react-test-renderer.development.js:10243:17)
      at warnIfUpdatesNotWrappedWithActDEV (node_modules/react-test-renderer/cjs/react-test-renderer.development.js:11798:7)
      at scheduleUpdateOnFiber (node_modules/react-test-renderer/cjs/react-test-renderer.development.js:10326:9)
      at updateContainerImpl (node_modules/react-test-renderer/cjs/react-test-renderer.development.js:12382:10)
      at updateContainer (node_modules/react-test-renderer/cjs/react-test-renderer.development.js:12326:7)
      at process.env.NODE_ENV.exports.create (node_modules/react-test-renderer/cjs/react-test-renderer.development.js:14630:7)
      at hooks/__tests__/useBottomSheetAnimation.test.js:20:23
      at process.env.NODE_ENV.exports.act (node_modules/react/cjs/react.development.js:789:22)
      at renderHook (hooks/__tests__/useBottomSheetAnimation.test.js:19:6)
      at Object.renderHook (hooks/__tests__/useBottomSheetAnimation.test.js:90:34)

    console.error
      The current testing environment is not configured to support act(...)

      25 |     rerender: (newProps) => {
      26 |       act(() => {
    > 27 |         component.update(<TestComponent {...newProps} />);
         |                   ^
      28 |       });
      29 |     },
      30 |     unmount: () => component.unmount(),

      at isConcurrentActEnvironment (node_modules/react-test-renderer/cjs/react-test-renderer.development.js:10243:17)
      at warnIfUpdatesNotWrappedWithActDEV (node_modules/react-test-renderer/cjs/react-test-renderer.development.js:11798:7)
      at scheduleUpdateOnFiber (node_modules/react-test-renderer/cjs/react-test-renderer.development.js:10326:9)
      at updateContainerImpl (node_modules/react-test-renderer/cjs/react-test-renderer.development.js:12382:10)
      at updateContainer (node_modules/react-test-renderer/cjs/react-test-renderer.development.js:12326:7)
      at Object.update (node_modules/react-test-renderer/cjs/react-test-renderer.development.js:14669:13)
      at update (hooks/__tests__/useBottomSheetAnimation.test.js:27:19)
      at process.env.NODE_ENV.exports.act (node_modules/react/cjs/react.development.js:789:22)
      at rerender (hooks/__tests__/useBottomSheetAnimation.test.js:26:10)
      at Object.rerender (hooks/__tests__/useBottomSheetAnimation.test.js:95:5)

    console.error
      react-test-renderer is deprecated. See https://react.dev/warnings/react-test-renderer

      18 |   let component;
      19 |   act(() => {
    > 20 |     component = create(<TestComponent {...(options.initialProps || {})} />);
         |                       ^
      21 |   });
      22 |
      23 |   return {

      at process.env.NODE_ENV.exports.create (node_modules/react-test-renderer/cjs/react-test-renderer.development.js:14598:17)
      at hooks/__tests__/useBottomSheetAnimation.test.js:20:23
      at process.env.NODE_ENV.exports.act (node_modules/react/cjs/react.development.js:789:22)
      at renderHook (hooks/__tests__/useBottomSheetAnimation.test.js:19:6)
      at Object.renderHook (hooks/__tests__/useBottomSheetAnimation.test.js:104:26)

    console.error
      The current testing environment is not configured to support act(...)

      18 |   let component;
      19 |   act(() => {
    > 20 |     component = create(<TestComponent {...(options.initialProps || {})} />);
         |                       ^
      21 |   });
      22 |
      23 |   return {

      at isConcurrentActEnvironment (node_modules/react-test-renderer/cjs/react-test-renderer.development.js:10243:17)
      at warnIfUpdatesNotWrappedWithActDEV (node_modules/react-test-renderer/cjs/react-test-renderer.development.js:11798:7)
      at scheduleUpdateOnFiber (node_modules/react-test-renderer/cjs/react-test-renderer.development.js:10326:9)
      at updateContainerImpl (node_modules/react-test-renderer/cjs/react-test-renderer.development.js:12382:10)
      at updateContainer (node_modules/react-test-renderer/cjs/react-test-renderer.development.js:12326:7)
      at process.env.NODE_ENV.exports.create (node_modules/react-test-renderer/cjs/react-test-renderer.development.js:14630:7)
      at hooks/__tests__/useBottomSheetAnimation.test.js:20:23
      at process.env.NODE_ENV.exports.act (node_modules/react/cjs/react.development.js:789:22)
      at renderHook (hooks/__tests__/useBottomSheetAnimation.test.js:19:6)
      at Object.renderHook (hooks/__tests__/useBottomSheetAnimation.test.js:104:26)

    console.error
      react-test-renderer is deprecated. See https://react.dev/warnings/react-test-renderer

      18 |   let component;
      19 |   act(() => {
    > 20 |     component = create(<TestComponent {...(options.initialProps || {})} />);
         |                       ^
      21 |   });
      22 |
      23 |   return {

      at process.env.NODE_ENV.exports.create (node_modules/react-test-renderer/cjs/react-test-renderer.development.js:14598:17)
      at hooks/__tests__/useBottomSheetAnimation.test.js:20:23
      at process.env.NODE_ENV.exports.act (node_modules/react/cjs/react.development.js:789:22)
      at renderHook (hooks/__tests__/useBottomSheetAnimation.test.js:19:6)
      at Object.renderHook (hooks/__tests__/useBottomSheetAnimation.test.js:115:26)

    console.error
      The current testing environment is not configured to support act(...)

      18 |   let component;
      19 |   act(() => {
    > 20 |     component = create(<TestComponent {...(options.initialProps || {})} />);
         |                       ^
      21 |   });
      22 |
      23 |   return {

      at isConcurrentActEnvironment (node_modules/react-test-renderer/cjs/react-test-renderer.development.js:10243:17)
      at warnIfUpdatesNotWrappedWithActDEV (node_modules/react-test-renderer/cjs/react-test-renderer.development.js:11798:7)
      at scheduleUpdateOnFiber (node_modules/react-test-renderer/cjs/react-test-renderer.development.js:10326:9)
      at updateContainerImpl (node_modules/react-test-renderer/cjs/react-test-renderer.development.js:12382:10)
      at updateContainer (node_modules/react-test-renderer/cjs/react-test-renderer.development.js:12326:7)
      at process.env.NODE_ENV.exports.create (node_modules/react-test-renderer/cjs/react-test-renderer.development.js:14630:7)
      at hooks/__tests__/useBottomSheetAnimation.test.js:20:23
      at process.env.NODE_ENV.exports.act (node_modules/react/cjs/react.development.js:789:22)
      at renderHook (hooks/__tests__/useBottomSheetAnimation.test.js:19:6)
      at Object.renderHook (hooks/__tests__/useBottomSheetAnimation.test.js:115:26)

    console.error
      react-test-renderer is deprecated. See https://react.dev/warnings/react-test-renderer

      18 |   let component;
      19 |   act(() => {
    > 20 |     component = create(<TestComponent {...(options.initialProps || {})} />);
         |                       ^
      21 |   });
      22 |
      23 |   return {

      at process.env.NODE_ENV.exports.create (node_modules/react-test-renderer/cjs/react-test-renderer.development.js:14598:17)
      at hooks/__tests__/useBottomSheetAnimation.test.js:20:23
      at process.env.NODE_ENV.exports.act (node_modules/react/cjs/react.development.js:789:22)
      at renderHook (hooks/__tests__/useBottomSheetAnimation.test.js:19:6)
      at Object.renderHook (hooks/__tests__/useBottomSheetAnimation.test.js:130:26)

    console.error
      The current testing environment is not configured to support act(...)

      18 |   let component;
      19 |   act(() => {
    > 20 |     component = create(<TestComponent {...(options.initialProps || {})} />);
         |                       ^
      21 |   });
      22 |
      23 |   return {

      at isConcurrentActEnvironment (node_modules/react-test-renderer/cjs/react-test-renderer.development.js:10243:17)
      at warnIfUpdatesNotWrappedWithActDEV (node_modules/react-test-renderer/cjs/react-test-renderer.development.js:11798:7)
      at scheduleUpdateOnFiber (node_modules/react-test-renderer/cjs/react-test-renderer.development.js:10326:9)
      at updateContainerImpl (node_modules/react-test-renderer/cjs/react-test-renderer.development.js:12382:10)
      at updateContainer (node_modules/react-test-renderer/cjs/react-test-renderer.development.js:12326:7)
      at process.env.NODE_ENV.exports.create (node_modules/react-test-renderer/cjs/react-test-renderer.development.js:14630:7)
      at hooks/__tests__/useBottomSheetAnimation.test.js:20:23
      at process.env.NODE_ENV.exports.act (node_modules/react/cjs/react.development.js:789:22)
      at renderHook (hooks/__tests__/useBottomSheetAnimation.test.js:19:6)
      at Object.renderHook (hooks/__tests__/useBottomSheetAnimation.test.js:130:26)

    console.error
      react-test-renderer is deprecated. See https://react.dev/warnings/react-test-renderer

      18 |   let component;
      19 |   act(() => {
    > 20 |     component = create(<TestComponent {...(options.initialProps || {})} />);
         |                       ^
      21 |   });
      22 |
      23 |   return {

      at process.env.NODE_ENV.exports.create (node_modules/react-test-renderer/cjs/react-test-renderer.development.js:14598:17)
      at hooks/__tests__/useBottomSheetAnimation.test.js:20:23
      at process.env.NODE_ENV.exports.act (node_modules/react/cjs/react.development.js:789:22)
      at renderHook (hooks/__tests__/useBottomSheetAnimation.test.js:19:6)
      at Object.renderHook (hooks/__tests__/useBottomSheetAnimation.test.js:145:26)

    console.error
      The current testing environment is not configured to support act(...)

      18 |   let component;
      19 |   act(() => {
    > 20 |     component = create(<TestComponent {...(options.initialProps || {})} />);
         |                       ^
      21 |   });
      22 |
      23 |   return {

      at isConcurrentActEnvironment (node_modules/react-test-renderer/cjs/react-test-renderer.development.js:10243:17)
      at warnIfUpdatesNotWrappedWithActDEV (node_modules/react-test-renderer/cjs/react-test-renderer.development.js:11798:7)
      at scheduleUpdateOnFiber (node_modules/react-test-renderer/cjs/react-test-renderer.development.js:10326:9)
      at updateContainerImpl (node_modules/react-test-renderer/cjs/react-test-renderer.development.js:12382:10)
      at updateContainer (node_modules/react-test-renderer/cjs/react-test-renderer.development.js:12326:7)
      at process.env.NODE_ENV.exports.create (node_modules/react-test-renderer/cjs/react-test-renderer.development.js:14630:7)
      at hooks/__tests__/useBottomSheetAnimation.test.js:20:23
      at process.env.NODE_ENV.exports.act (node_modules/react/cjs/react.development.js:789:22)
      at renderHook (hooks/__tests__/useBottomSheetAnimation.test.js:19:6)
      at Object.renderHook (hooks/__tests__/useBottomSheetAnimation.test.js:145:26)

    console.error
      react-test-renderer is deprecated. See https://react.dev/warnings/react-test-renderer

      18 |   let component;
      19 |   act(() => {
    > 20 |     component = create(<TestComponent {...(options.initialProps || {})} />);
         |                       ^
      21 |   });
      22 |
      23 |   return {

      at process.env.NODE_ENV.exports.create (node_modules/react-test-renderer/cjs/react-test-renderer.development.js:14598:17)
      at hooks/__tests__/useBottomSheetAnimation.test.js:20:23
      at process.env.NODE_ENV.exports.act (node_modules/react/cjs/react.development.js:789:22)
      at renderHook (hooks/__tests__/useBottomSheetAnimation.test.js:19:6)
      at Object.renderHook (hooks/__tests__/useBottomSheetAnimation.test.js:160:26)

    console.error
      The current testing environment is not configured to support act(...)

      18 |   let component;
      19 |   act(() => {
    > 20 |     component = create(<TestComponent {...(options.initialProps || {})} />);
         |                       ^
      21 |   });
      22 |
      23 |   return {

      at isConcurrentActEnvironment (node_modules/react-test-renderer/cjs/react-test-renderer.development.js:10243:17)
      at warnIfUpdatesNotWrappedWithActDEV (node_modules/react-test-renderer/cjs/react-test-renderer.development.js:11798:7)
      at scheduleUpdateOnFiber (node_modules/react-test-renderer/cjs/react-test-renderer.development.js:10326:9)
      at updateContainerImpl (node_modules/react-test-renderer/cjs/react-test-renderer.development.js:12382:10)
      at updateContainer (node_modules/react-test-renderer/cjs/react-test-renderer.development.js:12326:7)
      at process.env.NODE_ENV.exports.create (node_modules/react-test-renderer/cjs/react-test-renderer.development.js:14630:7)
      at hooks/__tests__/useBottomSheetAnimation.test.js:20:23
      at process.env.NODE_ENV.exports.act (node_modules/react/cjs/react.development.js:789:22)
      at renderHook (hooks/__tests__/useBottomSheetAnimation.test.js:19:6)
      at Object.renderHook (hooks/__tests__/useBottomSheetAnimation.test.js:160:26)

    console.error
      react-test-renderer is deprecated. See https://react.dev/warnings/react-test-renderer

      18 |   let component;
      19 |   act(() => {
    > 20 |     component = create(<TestComponent {...(options.initialProps || {})} />);
         |                       ^
      21 |   });
      22 |
      23 |   return {

      at process.env.NODE_ENV.exports.create (node_modules/react-test-renderer/cjs/react-test-renderer.development.js:14598:17)
      at hooks/__tests__/useBottomSheetAnimation.test.js:20:23
      at process.env.NODE_ENV.exports.act (node_modules/react/cjs/react.development.js:789:22)
      at renderHook (hooks/__tests__/useBottomSheetAnimation.test.js:19:6)
      at Object.renderHook (hooks/__tests__/useBottomSheetAnimation.test.js:175:26)

    console.error
      The current testing environment is not configured to support act(...)

      18 |   let component;
      19 |   act(() => {
    > 20 |     component = create(<TestComponent {...(options.initialProps || {})} />);
         |                       ^
      21 |   });
      22 |
      23 |   return {

      at isConcurrentActEnvironment (node_modules/react-test-renderer/cjs/react-test-renderer.development.js:10243:17)
      at warnIfUpdatesNotWrappedWithActDEV (node_modules/react-test-renderer/cjs/react-test-renderer.development.js:11798:7)
      at scheduleUpdateOnFiber (node_modules/react-test-renderer/cjs/react-test-renderer.development.js:10326:9)
      at updateContainerImpl (node_modules/react-test-renderer/cjs/react-test-renderer.development.js:12382:10)
      at updateContainer (node_modules/react-test-renderer/cjs/react-test-renderer.development.js:12326:7)
      at process.env.NODE_ENV.exports.create (node_modules/react-test-renderer/cjs/react-test-renderer.development.js:14630:7)
      at hooks/__tests__/useBottomSheetAnimation.test.js:20:23
      at process.env.NODE_ENV.exports.act (node_modules/react/cjs/react.development.js:789:22)
      at renderHook (hooks/__tests__/useBottomSheetAnimation.test.js:19:6)
      at Object.renderHook (hooks/__tests__/useBottomSheetAnimation.test.js:175:26)

    console.error
      react-test-renderer is deprecated. See https://react.dev/warnings/react-test-renderer

      18 |   let component;
      19 |   act(() => {
    > 20 |     component = create(<TestComponent {...(options.initialProps || {})} />);
         |                       ^
      21 |   });
      22 |
      23 |   return {

      at process.env.NODE_ENV.exports.create (node_modules/react-test-renderer/cjs/react-test-renderer.development.js:14598:17)
      at hooks/__tests__/useBottomSheetAnimation.test.js:20:23
      at process.env.NODE_ENV.exports.act (node_modules/react/cjs/react.development.js:789:22)
      at renderHook (hooks/__tests__/useBottomSheetAnimation.test.js:19:6)
      at Object.renderHook (hooks/__tests__/useBottomSheetAnimation.test.js:190:26)

    console.error
      The current testing environment is not configured to support act(...)

      18 |   let component;
      19 |   act(() => {
    > 20 |     component = create(<TestComponent {...(options.initialProps || {})} />);
         |                       ^
      21 |   });
      22 |
      23 |   return {

      at isConcurrentActEnvironment (node_modules/react-test-renderer/cjs/react-test-renderer.development.js:10243:17)
      at warnIfUpdatesNotWrappedWithActDEV (node_modules/react-test-renderer/cjs/react-test-renderer.development.js:11798:7)
      at scheduleUpdateOnFiber (node_modules/react-test-renderer/cjs/react-test-renderer.development.js:10326:9)
      at updateContainerImpl (node_modules/react-test-renderer/cjs/react-test-renderer.development.js:12382:10)
      at updateContainer (node_modules/react-test-renderer/cjs/react-test-renderer.development.js:12326:7)
      at process.env.NODE_ENV.exports.create (node_modules/react-test-renderer/cjs/react-test-renderer.development.js:14630:7)
      at hooks/__tests__/useBottomSheetAnimation.test.js:20:23
      at process.env.NODE_ENV.exports.act (node_modules/react/cjs/react.development.js:789:22)
      at renderHook (hooks/__tests__/useBottomSheetAnimation.test.js:19:6)
      at Object.renderHook (hooks/__tests__/useBottomSheetAnimation.test.js:190:26)

    console.error
      react-test-renderer is deprecated. See https://react.dev/warnings/react-test-renderer

      18 |   let component;
      19 |   act(() => {
    > 20 |     component = create(<TestComponent {...(options.initialProps || {})} />);
         |                       ^
      21 |   });
      22 |
      23 |   return {

      at process.env.NODE_ENV.exports.create (node_modules/react-test-renderer/cjs/react-test-renderer.development.js:14598:17)
      at hooks/__tests__/useBottomSheetAnimation.test.js:20:23
      at process.env.NODE_ENV.exports.act (node_modules/react/cjs/react.development.js:789:22)
      at renderHook (hooks/__tests__/useBottomSheetAnimation.test.js:19:6)
      at Object.renderHook (hooks/__tests__/useBottomSheetAnimation.test.js:205:26)

    console.error
      The current testing environment is not configured to support act(...)

      18 |   let component;
      19 |   act(() => {
    > 20 |     component = create(<TestComponent {...(options.initialProps || {})} />);
         |                       ^
      21 |   });
      22 |
      23 |   return {

      at isConcurrentActEnvironment (node_modules/react-test-renderer/cjs/react-test-renderer.development.js:10243:17)
      at warnIfUpdatesNotWrappedWithActDEV (node_modules/react-test-renderer/cjs/react-test-renderer.development.js:11798:7)
      at scheduleUpdateOnFiber (node_modules/react-test-renderer/cjs/react-test-renderer.development.js:10326:9)
      at updateContainerImpl (node_modules/react-test-renderer/cjs/react-test-renderer.development.js:12382:10)
      at updateContainer (node_modules/react-test-renderer/cjs/react-test-renderer.development.js:12326:7)
      at process.env.NODE_ENV.exports.create (node_modules/react-test-renderer/cjs/react-test-renderer.development.js:14630:7)
      at hooks/__tests__/useBottomSheetAnimation.test.js:20:23
      at process.env.NODE_ENV.exports.act (node_modules/react/cjs/react.development.js:789:22)
      at renderHook (hooks/__tests__/useBottomSheetAnimation.test.js:19:6)
      at Object.renderHook (hooks/__tests__/useBottomSheetAnimation.test.js:205:26)

    console.error
      react-test-renderer is deprecated. See https://react.dev/warnings/react-test-renderer

      18 |   let component;
      19 |   act(() => {
    > 20 |     component = create(<TestComponent {...(options.initialProps || {})} />);
         |                       ^
      21 |   });
      22 |
      23 |   return {

      at process.env.NODE_ENV.exports.create (node_modules/react-test-renderer/cjs/react-test-renderer.development.js:14598:17)
      at hooks/__tests__/useBottomSheetAnimation.test.js:20:23
      at process.env.NODE_ENV.exports.act (node_modules/react/cjs/react.development.js:789:22)
      at renderHook (hooks/__tests__/useBottomSheetAnimation.test.js:19:6)
      at Object.renderHook (hooks/__tests__/useBottomSheetAnimation.test.js:220:26)

    console.error
      The current testing environment is not configured to support act(...)

      18 |   let component;
      19 |   act(() => {
    > 20 |     component = create(<TestComponent {...(options.initialProps || {})} />);
         |                       ^
      21 |   });
      22 |
      23 |   return {

      at isConcurrentActEnvironment (node_modules/react-test-renderer/cjs/react-test-renderer.development.js:10243:17)
      at warnIfUpdatesNotWrappedWithActDEV (node_modules/react-test-renderer/cjs/react-test-renderer.development.js:11798:7)
      at scheduleUpdateOnFiber (node_modules/react-test-renderer/cjs/react-test-renderer.development.js:10326:9)
      at updateContainerImpl (node_modules/react-test-renderer/cjs/react-test-renderer.development.js:12382:10)
      at updateContainer (node_modules/react-test-renderer/cjs/react-test-renderer.development.js:12326:7)
      at process.env.NODE_ENV.exports.create (node_modules/react-test-renderer/cjs/react-test-renderer.development.js:14630:7)
      at hooks/__tests__/useBottomSheetAnimation.test.js:20:23
      at process.env.NODE_ENV.exports.act (node_modules/react/cjs/react.development.js:789:22)
      at renderHook (hooks/__tests__/useBottomSheetAnimation.test.js:19:6)
      at Object.renderHook (hooks/__tests__/useBottomSheetAnimation.test.js:220:26)

    console.error
      react-test-renderer is deprecated. See https://react.dev/warnings/react-test-renderer

      18 |   let component;
      19 |   act(() => {
    > 20 |     component = create(<TestComponent {...(options.initialProps || {})} />);
         |                       ^
      21 |   });
      22 |
      23 |   return {

      at process.env.NODE_ENV.exports.create (node_modules/react-test-renderer/cjs/react-test-renderer.development.js:14598:17)
      at hooks/__tests__/useBottomSheetAnimation.test.js:20:23
      at process.env.NODE_ENV.exports.act (node_modules/react/cjs/react.development.js:789:22)
      at renderHook (hooks/__tests__/useBottomSheetAnimation.test.js:19:6)
      at Object.renderHook (hooks/__tests__/useBottomSheetAnimation.test.js:235:26)

    console.error
      The current testing environment is not configured to support act(...)

      18 |   let component;
      19 |   act(() => {
    > 20 |     component = create(<TestComponent {...(options.initialProps || {})} />);
         |                       ^
      21 |   });
      22 |
      23 |   return {

      at isConcurrentActEnvironment (node_modules/react-test-renderer/cjs/react-test-renderer.development.js:10243:17)
      at warnIfUpdatesNotWrappedWithActDEV (node_modules/react-test-renderer/cjs/react-test-renderer.development.js:11798:7)
      at scheduleUpdateOnFiber (node_modules/react-test-renderer/cjs/react-test-renderer.development.js:10326:9)
      at updateContainerImpl (node_modules/react-test-renderer/cjs/react-test-renderer.development.js:12382:10)
      at updateContainer (node_modules/react-test-renderer/cjs/react-test-renderer.development.js:12326:7)
      at process.env.NODE_ENV.exports.create (node_modules/react-test-renderer/cjs/react-test-renderer.development.js:14630:7)
      at hooks/__tests__/useBottomSheetAnimation.test.js:20:23
      at process.env.NODE_ENV.exports.act (node_modules/react/cjs/react.development.js:789:22)
      at renderHook (hooks/__tests__/useBottomSheetAnimation.test.js:19:6)
      at Object.renderHook (hooks/__tests__/useBottomSheetAnimation.test.js:235:26)

    console.error
      react-test-renderer is deprecated. See https://react.dev/warnings/react-test-renderer

      18 |   let component;
      19 |   act(() => {
    > 20 |     component = create(<TestComponent {...(options.initialProps || {})} />);
         |                       ^
      21 |   });
      22 |
      23 |   return {

      at process.env.NODE_ENV.exports.create (node_modules/react-test-renderer/cjs/react-test-renderer.development.js:14598:17)
      at hooks/__tests__/useBottomSheetAnimation.test.js:20:23
      at process.env.NODE_ENV.exports.act (node_modules/react/cjs/react.development.js:789:22)
      at renderHook (hooks/__tests__/useBottomSheetAnimation.test.js:19:6)
      at Object.renderHook (hooks/__tests__/useBottomSheetAnimation.test.js:250:26)

    console.error
      The current testing environment is not configured to support act(...)

      18 |   let component;
      19 |   act(() => {
    > 20 |     component = create(<TestComponent {...(options.initialProps || {})} />);
         |                       ^
      21 |   });
      22 |
      23 |   return {

      at isConcurrentActEnvironment (node_modules/react-test-renderer/cjs/react-test-renderer.development.js:10243:17)
      at warnIfUpdatesNotWrappedWithActDEV (node_modules/react-test-renderer/cjs/react-test-renderer.development.js:11798:7)
      at scheduleUpdateOnFiber (node_modules/react-test-renderer/cjs/react-test-renderer.development.js:10326:9)
      at updateContainerImpl (node_modules/react-test-renderer/cjs/react-test-renderer.development.js:12382:10)
      at updateContainer (node_modules/react-test-renderer/cjs/react-test-renderer.development.js:12326:7)
      at process.env.NODE_ENV.exports.create (node_modules/react-test-renderer/cjs/react-test-renderer.development.js:14630:7)
      at hooks/__tests__/useBottomSheetAnimation.test.js:20:23
      at process.env.NODE_ENV.exports.act (node_modules/react/cjs/react.development.js:789:22)
      at renderHook (hooks/__tests__/useBottomSheetAnimation.test.js:19:6)
      at Object.renderHook (hooks/__tests__/useBottomSheetAnimation.test.js:250:26)

    console.error
      react-test-renderer is deprecated. See https://react.dev/warnings/react-test-renderer

      18 |   let component;
      19 |   act(() => {
    > 20 |     component = create(<TestComponent {...(options.initialProps || {})} />);
         |                       ^
      21 |   });
      22 |
      23 |   return {

      at process.env.NODE_ENV.exports.create (node_modules/react-test-renderer/cjs/react-test-renderer.development.js:14598:17)
      at hooks/__tests__/useBottomSheetAnimation.test.js:20:23
      at process.env.NODE_ENV.exports.act (node_modules/react/cjs/react.development.js:789:22)
      at renderHook (hooks/__tests__/useBottomSheetAnimation.test.js:19:6)
      at Object.renderHook (hooks/__tests__/useBottomSheetAnimation.test.js:267:26)

    console.error
      The current testing environment is not configured to support act(...)

      18 |   let component;
      19 |   act(() => {
    > 20 |     component = create(<TestComponent {...(options.initialProps || {})} />);
         |                       ^
      21 |   });
      22 |
      23 |   return {

      at isConcurrentActEnvironment (node_modules/react-test-renderer/cjs/react-test-renderer.development.js:10243:17)
      at warnIfUpdatesNotWrappedWithActDEV (node_modules/react-test-renderer/cjs/react-test-renderer.development.js:11798:7)
      at scheduleUpdateOnFiber (node_modules/react-test-renderer/cjs/react-test-renderer.development.js:10326:9)
      at updateContainerImpl (node_modules/react-test-renderer/cjs/react-test-renderer.development.js:12382:10)
      at updateContainer (node_modules/react-test-renderer/cjs/react-test-renderer.development.js:12326:7)
      at process.env.NODE_ENV.exports.create (node_modules/react-test-renderer/cjs/react-test-renderer.development.js:14630:7)
      at hooks/__tests__/useBottomSheetAnimation.test.js:20:23
      at process.env.NODE_ENV.exports.act (node_modules/react/cjs/react.development.js:789:22)
      at renderHook (hooks/__tests__/useBottomSheetAnimation.test.js:19:6)
      at Object.renderHook (hooks/__tests__/useBottomSheetAnimation.test.js:267:26)

    console.error
      react-test-renderer is deprecated. See https://react.dev/warnings/react-test-renderer

      18 |   let component;
      19 |   act(() => {
    > 20 |     component = create(<TestComponent {...(options.initialProps || {})} />);
         |                       ^
      21 |   });
      22 |
      23 |   return {

      at process.env.NODE_ENV.exports.create (node_modules/react-test-renderer/cjs/react-test-renderer.development.js:14598:17)
      at hooks/__tests__/useBottomSheetAnimation.test.js:20:23
      at process.env.NODE_ENV.exports.act (node_modules/react/cjs/react.development.js:789:22)
      at renderHook (hooks/__tests__/useBottomSheetAnimation.test.js:19:6)
      at Object.renderHook (hooks/__tests__/useBottomSheetAnimation.test.js:284:26)

    console.error
      The current testing environment is not configured to support act(...)

      18 |   let component;
      19 |   act(() => {
    > 20 |     component = create(<TestComponent {...(options.initialProps || {})} />);
         |                       ^
      21 |   });
      22 |
      23 |   return {

      at isConcurrentActEnvironment (node_modules/react-test-renderer/cjs/react-test-renderer.development.js:10243:17)
      at warnIfUpdatesNotWrappedWithActDEV (node_modules/react-test-renderer/cjs/react-test-renderer.development.js:11798:7)
      at scheduleUpdateOnFiber (node_modules/react-test-renderer/cjs/react-test-renderer.development.js:10326:9)
      at updateContainerImpl (node_modules/react-test-renderer/cjs/react-test-renderer.development.js:12382:10)
      at updateContainer (node_modules/react-test-renderer/cjs/react-test-renderer.development.js:12326:7)
      at process.env.NODE_ENV.exports.create (node_modules/react-test-renderer/cjs/react-test-renderer.development.js:14630:7)
      at hooks/__tests__/useBottomSheetAnimation.test.js:20:23
      at process.env.NODE_ENV.exports.act (node_modules/react/cjs/react.development.js:789:22)
      at renderHook (hooks/__tests__/useBottomSheetAnimation.test.js:19:6)
      at Object.renderHook (hooks/__tests__/useBottomSheetAnimation.test.js:284:26)

    console.error
      react-test-renderer is deprecated. See https://react.dev/warnings/react-test-renderer

      18 |   let component;
      19 |   act(() => {
    > 20 |     component = create(<TestComponent {...(options.initialProps || {})} />);
         |                       ^
      21 |   });
      22 |
      23 |   return {

      at process.env.NODE_ENV.exports.create (node_modules/react-test-renderer/cjs/react-test-renderer.development.js:14598:17)
      at hooks/__tests__/useBottomSheetAnimation.test.js:20:23
      at process.env.NODE_ENV.exports.act (node_modules/react/cjs/react.development.js:789:22)
      at renderHook (hooks/__tests__/useBottomSheetAnimation.test.js:19:6)
      at Object.renderHook (hooks/__tests__/useBottomSheetAnimation.test.js:301:26)

    console.error
      The current testing environment is not configured to support act(...)

      18 |   let component;
      19 |   act(() => {
    > 20 |     component = create(<TestComponent {...(options.initialProps || {})} />);
         |                       ^
      21 |   });
      22 |
      23 |   return {

      at isConcurrentActEnvironment (node_modules/react-test-renderer/cjs/react-test-renderer.development.js:10243:17)
      at warnIfUpdatesNotWrappedWithActDEV (node_modules/react-test-renderer/cjs/react-test-renderer.development.js:11798:7)
      at scheduleUpdateOnFiber (node_modules/react-test-renderer/cjs/react-test-renderer.development.js:10326:9)
      at updateContainerImpl (node_modules/react-test-renderer/cjs/react-test-renderer.development.js:12382:10)
      at updateContainer (node_modules/react-test-renderer/cjs/react-test-renderer.development.js:12326:7)
      at process.env.NODE_ENV.exports.create (node_modules/react-test-renderer/cjs/react-test-renderer.development.js:14630:7)
      at hooks/__tests__/useBottomSheetAnimation.test.js:20:23
      at process.env.NODE_ENV.exports.act (node_modules/react/cjs/react.development.js:789:22)
      at renderHook (hooks/__tests__/useBottomSheetAnimation.test.js:19:6)
      at Object.renderHook (hooks/__tests__/useBottomSheetAnimation.test.js:301:26)

PASS services/__tests__/transactionBroadcastService.test.js
PASS services/__tests__/transactionHistoryService.test.js
  ● Console

    console.log
      [DEBUG] 🌐 Making fresh API calls to blockchain explorer and vault... {}

      at Object.log [as debug] (utils/logger.js:24:15)

    console.log
      [DEBUG] 📊 API responses received: {}

      at Object.log [as debug] (utils/logger.js:24:15)

    console.log
      [DEBUG]   - Segwit transactions: 1

      at Object.log [as debug] (utils/logger.js:24:15)

    console.log
      [DEBUG]   - Taproot transactions: 1

      at Object.log [as debug] (utils/logger.js:24:15)

    console.log
      [DEBUG]   - Vault transactions: 1

      at Object.log [as debug] (utils/logger.js:24:15)

    console.log
      [DEBUG] 🌐 Making fresh API calls to blockchain explorer and vault... {}

      at Object.log [as debug] (utils/logger.js:24:15)

    console.log
      [DEBUG] 📊 API responses received: {}

      at Object.log [as debug] (utils/logger.js:24:15)

    console.log
      [DEBUG]   - Segwit transactions: 1

      at Object.log [as debug] (utils/logger.js:24:15)

    console.log
      [DEBUG]   - Taproot transactions: 1

      at Object.log [as debug] (utils/logger.js:24:15)

    console.log
      [DEBUG]   - Vault transactions: 0

      at Object.log [as debug] (utils/logger.js:24:15)

    console.log
      [DEBUG] 🌐 Making fresh API calls to blockchain explorer and vault... {}

      at Object.log [as debug] (utils/logger.js:24:15)

    console.log
      [DEBUG] 📊 API responses received: {}

      at Object.log [as debug] (utils/logger.js:24:15)

    console.log
      [DEBUG]   - Segwit transactions: 2

      at Object.log [as debug] (utils/logger.js:24:15)

    console.log
      [DEBUG]   - Taproot transactions: 0

      at Object.log [as debug] (utils/logger.js:24:15)

    console.log
      [DEBUG]   - Vault transactions: 1

      at Object.log [as debug] (utils/logger.js:24:15)

    console.log
      [DEBUG] 🌐 Making fresh API calls to blockchain explorer and vault... {}

      at Object.log [as debug] (utils/logger.js:24:15)

    console.log
      [DEBUG] 📊 API responses received: {}

      at Object.log [as debug] (utils/logger.js:24:15)

    console.log
      [DEBUG]   - Segwit transactions: 1

      at Object.log [as debug] (utils/logger.js:24:15)

    console.log
      [DEBUG]   - Taproot transactions: 1

      at Object.log [as debug] (utils/logger.js:24:15)

    console.log
      [DEBUG]   - Vault transactions: 1

      at Object.log [as debug] (utils/logger.js:24:15)

    console.log
      [DEBUG] 🌐 Making fresh API calls to blockchain explorer and vault... {}

      at Object.log [as debug] (utils/logger.js:24:15)

    console.log
      [DEBUG] 📊 API responses received: {}

      at Object.log [as debug] (utils/logger.js:24:15)

    console.log
      [DEBUG]   - Segwit transactions: 0

      at Object.log [as debug] (utils/logger.js:24:15)

    console.log
      [DEBUG]   - Taproot transactions: 0

      at Object.log [as debug] (utils/logger.js:24:15)

    console.log
      [DEBUG]   - Vault transactions: 0

      at Object.log [as debug] (utils/logger.js:24:15)

PASS services/__tests__/walletService.test.js
PASS services/__tests__/vaultService.test.js
  ● Console

    console.log
      [DEBUG] ⚠️ fetchVaultData: No vaultPubkey provided {}

      at Object.log [as debug] (utils/logger.js:24:15)

    console.log
      [DEBUG] 🏦 Fetching vault data for pubkey: vault_pubkey_123

      at Object.log [as debug] (utils/logger.js:24:15)

    console.log
      [DEBUG] 🏦 Vault list response: {
        vaults: [
          {
            vault_id: 'vault_1',
            vault_tag: 'My Vault',
            unit_borrowed: 1000,
            btc_locked: 5000
          }
        ],
        total_debt: 1000,
        total_collateral: 5000,
        current_price: 50000
      }

      at Object.log [as debug] (utils/logger.js:24:15)

    console.log
      [DEBUG] 🏦 Number of vaults found: 1

      at Object.log [as debug] (utils/logger.js:24:15)

    console.log
      [DEBUG] 🏦 Using vault: { vault_id: 'vault_1', vault_tag: 'My Vault' }

      at Object.log [as debug] (utils/logger.js:24:15)

    console.log
      [DEBUG] ✅ Vault data fetched successfully (first vault only): { vaultTag: 'My Vault', totalDebt: 1000, totalCollateral: 5000 }

      at Object.log [as debug] (utils/logger.js:24:15)

    console.log
      [DEBUG] 🏦 Fetching vault data for pubkey: vault_pubkey_123

      at Object.log [as debug] (utils/logger.js:24:15)

    console.log
      [DEBUG] 🏦 Vault list response: {
        vaults: [
          {
            vault_id: 'vault_1',
            vault_tag: 'My Vault',
            unit_borrowed: 1000,
            btc_locked: 5000
          }
        ],
        total_debt: 1000,
        total_collateral: 5000,
        current_price: 50000
      }

      at Object.log [as debug] (utils/logger.js:24:15)

    console.log
      [DEBUG] 🏦 Number of vaults found: 1

      at Object.log [as debug] (utils/logger.js:24:15)

    console.log
      [DEBUG] 🏦 Using vault: { vault_id: 'vault_1', vault_tag: 'My Vault' }

      at Object.log [as debug] (utils/logger.js:24:15)

    console.log
      [DEBUG] 🏦 Fetching vault data for pubkey: vault_pubkey_123

      at Object.log [as debug] (utils/logger.js:24:15)

    console.log
      [DEBUG] 🏦 Vault list response: { vaults: [] }

      at Object.log [as debug] (utils/logger.js:24:15)

    console.log
      [DEBUG] 🏦 Number of vaults found: 0

      at Object.log [as debug] (utils/logger.js:24:15)

    console.log
      [DEBUG] ⚠️ No vaults found for this pubkey - vault not created yet {}

      at Object.log [as debug] (utils/logger.js:24:15)

    console.log
      [DEBUG] 🏦 Fetching vault data for pubkey: vault_pubkey_123

      at Object.log [as debug] (utils/logger.js:24:15)

    console.error
      [ERROR] ❌ Error fetching vault data: Error: Network error
          at Object.<anonymous> (/Users/lucasrodriguez/Desktop/Ducat/app/app/services/__tests__/vaultService.test.js:340:42)
          at Generator.next (<anonymous>)
          at asyncGeneratorStep (/Users/lucasrodriguez/Desktop/Ducat/app/app/node_modules/@babel/runtime/helpers/asyncToGenerator.js:3:17)
          at _next (/Users/lucasrodriguez/Desktop/Ducat/app/app/node_modules/@babel/runtime/helpers/asyncToGenerator.js:17:9)
          at /Users/lucasrodriguez/Desktop/Ducat/app/app/node_modules/@babel/runtime/helpers/asyncToGenerator.js:22:7
          at new Promise (<anonymous>)
          at Object.<anonymous> (/Users/lucasrodriguez/Desktop/Ducat/app/app/node_modules/@babel/runtime/helpers/asyncToGenerator.js:14:12)
          at Promise.finally.completed (/Users/lucasrodriguez/Desktop/Ducat/app/app/node_modules/jest-circus/build/jestAdapterInit.js:1557:28)
          at new Promise (<anonymous>)
          at callAsyncCircusFn (/Users/lucasrodriguez/Desktop/Ducat/app/app/node_modules/jest-circus/build/jestAdapterInit.js:1497:10)
          at _callCircusTest (/Users/lucasrodriguez/Desktop/Ducat/app/app/node_modules/jest-circus/build/jestAdapterInit.js:1007:40)
          at processTicksAndRejections (node:internal/process/task_queues:95:5)
          at _runTest (/Users/lucasrodriguez/Desktop/Ducat/app/app/node_modules/jest-circus/build/jestAdapterInit.js:947:3)
          at /Users/lucasrodriguez/Desktop/Ducat/app/app/node_modules/jest-circus/build/jestAdapterInit.js:849:7
          at _runTestsForDescribeBlock (/Users/lucasrodriguez/Desktop/Ducat/app/app/node_modules/jest-circus/build/jestAdapterInit.js:862:11)
          at _runTestsForDescribeBlock (/Users/lucasrodriguez/Desktop/Ducat/app/app/node_modules/jest-circus/build/jestAdapterInit.js:857:11)
          at _runTestsForDescribeBlock (/Users/lucasrodriguez/Desktop/Ducat/app/app/node_modules/jest-circus/build/jestAdapterInit.js:857:11)
          at run (/Users/lucasrodriguez/Desktop/Ducat/app/app/node_modules/jest-circus/build/jestAdapterInit.js:761:3)
          at runAndTransformResultsToJestFormat (/Users/lucasrodriguez/Desktop/Ducat/app/app/node_modules/jest-circus/build/jestAdapterInit.js:1918:21)
          at jestAdapter (/Users/lucasrodriguez/Desktop/Ducat/app/app/node_modules/jest-circus/build/runner.js:101:19)
          at runTestInternal (/Users/lucasrodriguez/Desktop/Ducat/app/app/node_modules/jest-runner/build/testWorker.js:275:16)
          at runTest (/Users/lucasrodriguez/Desktop/Ducat/app/app/node_modules/jest-runner/build/testWorker.js:343:7)
          at Object.worker (/Users/lucasrodriguez/Desktop/Ducat/app/app/node_modules/jest-runner/build/testWorker.js:497:12)

      74 |   error: (error, context = {}) => {
      75 |     if (isDev) {
    > 76 |       console.error('[ERROR]', error, context);
         |               ^
      77 |     } else {
      78 |       if (error instanceof Error) {
      79 |         Sentry.captureException(error, {

      at Object.error (utils/logger.js:76:15)
      at error (services/vaultService.js:210:12)
          at Generator.throw (<anonymous>)
      at asyncGeneratorStep (node_modules/@babel/runtime/helpers/asyncToGenerator.js:3:17)
      at _throw (node_modules/@babel/runtime/helpers/asyncToGenerator.js:20:9)

    console.log
      [DEBUG] 🏦 Fetching vault data for pubkey: vault_pubkey_123

      at Object.log [as debug] (utils/logger.js:24:15)

    console.log
      [DEBUG] 🏦 Vault list response: {
        vaults: [ { vault_id: 'vault_1', vault_tag: 'My Vault' } ],
        total_debt: 0,
        total_collateral: 0,
        current_price: 0
      }

      at Object.log [as debug] (utils/logger.js:24:15)

    console.log
      [DEBUG] 🏦 Number of vaults found: 1

      at Object.log [as debug] (utils/logger.js:24:15)

    console.log
      [DEBUG] 🏦 Using vault: { vault_id: 'vault_1', vault_tag: 'My Vault' }

      at Object.log [as debug] (utils/logger.js:24:15)

PASS hooks/__tests__/usePolling.test.js
  ● Console

    console.error
      react-test-renderer is deprecated. See https://react.dev/warnings/react-test-renderer

      16 |   let component;
      17 |   act(() => {
    > 18 |     component = create(<TestComponent />);
         |                       ^
      19 |   });
      20 |   return { result, unmount: component.unmount };
      21 | }

      at process.env.NODE_ENV.exports.create (node_modules/react-test-renderer/cjs/react-test-renderer.development.js:14598:17)
      at hooks/__tests__/usePolling.test.js:18:23
      at process.env.NODE_ENV.exports.act (node_modules/react/cjs/react.development.js:789:22)
      at renderHook (hooks/__tests__/usePolling.test.js:17:6)
      at Object.renderHook (hooks/__tests__/usePolling.test.js:36:5)

    console.error
      The current testing environment is not configured to support act(...)

      16 |   let component;
      17 |   act(() => {
    > 18 |     component = create(<TestComponent />);
         |                       ^
      19 |   });
      20 |   return { result, unmount: component.unmount };
      21 | }

      at isConcurrentActEnvironment (node_modules/react-test-renderer/cjs/react-test-renderer.development.js:10243:17)
      at warnIfUpdatesNotWrappedWithActDEV (node_modules/react-test-renderer/cjs/react-test-renderer.development.js:11798:7)
      at scheduleUpdateOnFiber (node_modules/react-test-renderer/cjs/react-test-renderer.development.js:10326:9)
      at updateContainerImpl (node_modules/react-test-renderer/cjs/react-test-renderer.development.js:12382:10)
      at updateContainer (node_modules/react-test-renderer/cjs/react-test-renderer.development.js:12326:7)
      at process.env.NODE_ENV.exports.create (node_modules/react-test-renderer/cjs/react-test-renderer.development.js:14630:7)
      at hooks/__tests__/usePolling.test.js:18:23
      at process.env.NODE_ENV.exports.act (node_modules/react/cjs/react.development.js:789:22)
      at renderHook (hooks/__tests__/usePolling.test.js:17:6)
      at Object.renderHook (hooks/__tests__/usePolling.test.js:36:5)

    console.error
      react-test-renderer is deprecated. See https://react.dev/warnings/react-test-renderer

      16 |   let component;
      17 |   act(() => {
    > 18 |     component = create(<TestComponent />);
         |                       ^
      19 |   });
      20 |   return { result, unmount: component.unmount };
      21 | }

      at process.env.NODE_ENV.exports.create (node_modules/react-test-renderer/cjs/react-test-renderer.development.js:14598:17)
      at hooks/__tests__/usePolling.test.js:18:23
      at process.env.NODE_ENV.exports.act (node_modules/react/cjs/react.development.js:789:22)
      at renderHook (hooks/__tests__/usePolling.test.js:17:6)
      at Object.renderHook (hooks/__tests__/usePolling.test.js:50:5)

    console.error
      The current testing environment is not configured to support act(...)

      16 |   let component;
      17 |   act(() => {
    > 18 |     component = create(<TestComponent />);
         |                       ^
      19 |   });
      20 |   return { result, unmount: component.unmount };
      21 | }

      at isConcurrentActEnvironment (node_modules/react-test-renderer/cjs/react-test-renderer.development.js:10243:17)
      at warnIfUpdatesNotWrappedWithActDEV (node_modules/react-test-renderer/cjs/react-test-renderer.development.js:11798:7)
      at scheduleUpdateOnFiber (node_modules/react-test-renderer/cjs/react-test-renderer.development.js:10326:9)
      at updateContainerImpl (node_modules/react-test-renderer/cjs/react-test-renderer.development.js:12382:10)
      at updateContainer (node_modules/react-test-renderer/cjs/react-test-renderer.development.js:12326:7)
      at process.env.NODE_ENV.exports.create (node_modules/react-test-renderer/cjs/react-test-renderer.development.js:14630:7)
      at hooks/__tests__/usePolling.test.js:18:23
      at process.env.NODE_ENV.exports.act (node_modules/react/cjs/react.development.js:789:22)
      at renderHook (hooks/__tests__/usePolling.test.js:17:6)
      at Object.renderHook (hooks/__tests__/usePolling.test.js:50:5)

    console.error
      react-test-renderer is deprecated. See https://react.dev/warnings/react-test-renderer

      16 |   let component;
      17 |   act(() => {
    > 18 |     component = create(<TestComponent />);
         |                       ^
      19 |   });
      20 |   return { result, unmount: component.unmount };
      21 | }

      at process.env.NODE_ENV.exports.create (node_modules/react-test-renderer/cjs/react-test-renderer.development.js:14598:17)
      at hooks/__tests__/usePolling.test.js:18:23
      at process.env.NODE_ENV.exports.act (node_modules/react/cjs/react.development.js:789:22)
      at renderHook (hooks/__tests__/usePolling.test.js:17:6)
      at Object.renderHook (hooks/__tests__/usePolling.test.js:64:5)

    console.error
      The current testing environment is not configured to support act(...)

      16 |   let component;
      17 |   act(() => {
    > 18 |     component = create(<TestComponent />);
         |                       ^
      19 |   });
      20 |   return { result, unmount: component.unmount };
      21 | }

      at isConcurrentActEnvironment (node_modules/react-test-renderer/cjs/react-test-renderer.development.js:10243:17)
      at warnIfUpdatesNotWrappedWithActDEV (node_modules/react-test-renderer/cjs/react-test-renderer.development.js:11798:7)
      at scheduleUpdateOnFiber (node_modules/react-test-renderer/cjs/react-test-renderer.development.js:10326:9)
      at updateContainerImpl (node_modules/react-test-renderer/cjs/react-test-renderer.development.js:12382:10)
      at updateContainer (node_modules/react-test-renderer/cjs/react-test-renderer.development.js:12326:7)
      at process.env.NODE_ENV.exports.create (node_modules/react-test-renderer/cjs/react-test-renderer.development.js:14630:7)
      at hooks/__tests__/usePolling.test.js:18:23
      at process.env.NODE_ENV.exports.act (node_modules/react/cjs/react.development.js:789:22)
      at renderHook (hooks/__tests__/usePolling.test.js:17:6)
      at Object.renderHook (hooks/__tests__/usePolling.test.js:64:5)

    console.error
      react-test-renderer is deprecated. See https://react.dev/warnings/react-test-renderer

      16 |   let component;
      17 |   act(() => {
    > 18 |     component = create(<TestComponent />);
         |                       ^
      19 |   });
      20 |   return { result, unmount: component.unmount };
      21 | }

      at process.env.NODE_ENV.exports.create (node_modules/react-test-renderer/cjs/react-test-renderer.development.js:14598:17)
      at hooks/__tests__/usePolling.test.js:18:23
      at process.env.NODE_ENV.exports.act (node_modules/react/cjs/react.development.js:789:22)
      at renderHook (hooks/__tests__/usePolling.test.js:17:6)
      at Object.renderHook (hooks/__tests__/usePolling.test.js:90:5)

    console.error
      The current testing environment is not configured to support act(...)

      16 |   let component;
      17 |   act(() => {
    > 18 |     component = create(<TestComponent />);
         |                       ^
      19 |   });
      20 |   return { result, unmount: component.unmount };
      21 | }

      at isConcurrentActEnvironment (node_modules/react-test-renderer/cjs/react-test-renderer.development.js:10243:17)
      at warnIfUpdatesNotWrappedWithActDEV (node_modules/react-test-renderer/cjs/react-test-renderer.development.js:11798:7)
      at scheduleUpdateOnFiber (node_modules/react-test-renderer/cjs/react-test-renderer.development.js:10326:9)
      at updateContainerImpl (node_modules/react-test-renderer/cjs/react-test-renderer.development.js:12382:10)
      at updateContainer (node_modules/react-test-renderer/cjs/react-test-renderer.development.js:12326:7)
      at process.env.NODE_ENV.exports.create (node_modules/react-test-renderer/cjs/react-test-renderer.development.js:14630:7)
      at hooks/__tests__/usePolling.test.js:18:23
      at process.env.NODE_ENV.exports.act (node_modules/react/cjs/react.development.js:789:22)
      at renderHook (hooks/__tests__/usePolling.test.js:17:6)
      at Object.renderHook (hooks/__tests__/usePolling.test.js:90:5)

    console.error
      react-test-renderer is deprecated. See https://react.dev/warnings/react-test-renderer

      16 |   let component;
      17 |   act(() => {
    > 18 |     component = create(<TestComponent />);
         |                       ^
      19 |   });
      20 |   return { result, unmount: component.unmount };
      21 | }

      at process.env.NODE_ENV.exports.create (node_modules/react-test-renderer/cjs/react-test-renderer.development.js:14598:17)
      at hooks/__tests__/usePolling.test.js:18:23
      at process.env.NODE_ENV.exports.act (node_modules/react/cjs/react.development.js:789:22)
      at renderHook (hooks/__tests__/usePolling.test.js:17:6)
      at Object.renderHook (hooks/__tests__/usePolling.test.js:110:25)

    console.error
      The current testing environment is not configured to support act(...)

      16 |   let component;
      17 |   act(() => {
    > 18 |     component = create(<TestComponent />);
         |                       ^
      19 |   });
      20 |   return { result, unmount: component.unmount };
      21 | }

      at isConcurrentActEnvironment (node_modules/react-test-renderer/cjs/react-test-renderer.development.js:10243:17)
      at warnIfUpdatesNotWrappedWithActDEV (node_modules/react-test-renderer/cjs/react-test-renderer.development.js:11798:7)
      at scheduleUpdateOnFiber (node_modules/react-test-renderer/cjs/react-test-renderer.development.js:10326:9)
      at updateContainerImpl (node_modules/react-test-renderer/cjs/react-test-renderer.development.js:12382:10)
      at updateContainer (node_modules/react-test-renderer/cjs/react-test-renderer.development.js:12326:7)
      at process.env.NODE_ENV.exports.create (node_modules/react-test-renderer/cjs/react-test-renderer.development.js:14630:7)
      at hooks/__tests__/usePolling.test.js:18:23
      at process.env.NODE_ENV.exports.act (node_modules/react/cjs/react.development.js:789:22)
      at renderHook (hooks/__tests__/usePolling.test.js:17:6)
      at Object.renderHook (hooks/__tests__/usePolling.test.js:110:25)

    console.error
      The current testing environment is not configured to support act(...)

      119 |
      120 |     act(() => {
    > 121 |       unmount();
          |       ^
      122 |     });
      123 |
      124 |     // Advancing time after unmount should not call onPoll

      at isConcurrentActEnvironment (node_modules/react-test-renderer/cjs/react-test-renderer.development.js:10243:17)
      at warnIfUpdatesNotWrappedWithActDEV (node_modules/react-test-renderer/cjs/react-test-renderer.development.js:11798:7)
      at scheduleUpdateOnFiber (node_modules/react-test-renderer/cjs/react-test-renderer.development.js:10326:9)
      at updateContainerImpl (node_modules/react-test-renderer/cjs/react-test-renderer.development.js:12382:10)
      at updateContainer (node_modules/react-test-renderer/cjs/react-test-renderer.development.js:12326:7)
      at unmount (node_modules/react-test-renderer/cjs/react-test-renderer.development.js:14674:14)
      at unmount (hooks/__tests__/usePolling.test.js:121:7)
      at process.env.NODE_ENV.exports.act (node_modules/react/cjs/react.development.js:789:22)
      at Object.<anonymous> (hooks/__tests__/usePolling.test.js:120:8)

    console.error
      react-test-renderer is deprecated. See https://react.dev/warnings/react-test-renderer

      16 |   let component;
      17 |   act(() => {
    > 18 |     component = create(<TestComponent />);
         |                       ^
      19 |   });
      20 |   return { result, unmount: component.unmount };
      21 | }

      at process.env.NODE_ENV.exports.create (node_modules/react-test-renderer/cjs/react-test-renderer.development.js:14598:17)
      at hooks/__tests__/usePolling.test.js:18:23
      at process.env.NODE_ENV.exports.act (node_modules/react/cjs/react.development.js:789:22)
      at renderHook (hooks/__tests__/usePolling.test.js:17:6)
      at Object.renderHook (hooks/__tests__/usePolling.test.js:135:24)

    console.error
      The current testing environment is not configured to support act(...)

      16 |   let component;
      17 |   act(() => {
    > 18 |     component = create(<TestComponent />);
         |                       ^
      19 |   });
      20 |   return { result, unmount: component.unmount };
      21 | }

      at isConcurrentActEnvironment (node_modules/react-test-renderer/cjs/react-test-renderer.development.js:10243:17)
      at warnIfUpdatesNotWrappedWithActDEV (node_modules/react-test-renderer/cjs/react-test-renderer.development.js:11798:7)
      at scheduleUpdateOnFiber (node_modules/react-test-renderer/cjs/react-test-renderer.development.js:10326:9)
      at updateContainerImpl (node_modules/react-test-renderer/cjs/react-test-renderer.development.js:12382:10)
      at updateContainer (node_modules/react-test-renderer/cjs/react-test-renderer.development.js:12326:7)
      at process.env.NODE_ENV.exports.create (node_modules/react-test-renderer/cjs/react-test-renderer.development.js:14630:7)
      at hooks/__tests__/usePolling.test.js:18:23
      at process.env.NODE_ENV.exports.act (node_modules/react/cjs/react.development.js:789:22)
      at renderHook (hooks/__tests__/usePolling.test.js:17:6)
      at Object.renderHook (hooks/__tests__/usePolling.test.js:135:24)

    console.error
      react-test-renderer is deprecated. See https://react.dev/warnings/react-test-renderer

      161 |     let component;
      162 |     act(() => {
    > 163 |       component = create(<TestComponent callback={onPoll1} />);
          |                         ^
      164 |     });
      165 |
      166 |     act(() => {

      at process.env.NODE_ENV.exports.create (node_modules/react-test-renderer/cjs/react-test-renderer.development.js:14598:17)
      at hooks/__tests__/usePolling.test.js:163:25
      at process.env.NODE_ENV.exports.act (node_modules/react/cjs/react.development.js:789:22)
      at Object.<anonymous> (hooks/__tests__/usePolling.test.js:162:8)

    console.error
      The current testing environment is not configured to support act(...)

      161 |     let component;
      162 |     act(() => {
    > 163 |       component = create(<TestComponent callback={onPoll1} />);
          |                         ^
      164 |     });
      165 |
      166 |     act(() => {

      at isConcurrentActEnvironment (node_modules/react-test-renderer/cjs/react-test-renderer.development.js:10243:17)
      at warnIfUpdatesNotWrappedWithActDEV (node_modules/react-test-renderer/cjs/react-test-renderer.development.js:11798:7)
      at scheduleUpdateOnFiber (node_modules/react-test-renderer/cjs/react-test-renderer.development.js:10326:9)
      at updateContainerImpl (node_modules/react-test-renderer/cjs/react-test-renderer.development.js:12382:10)
      at updateContainer (node_modules/react-test-renderer/cjs/react-test-renderer.development.js:12326:7)
      at process.env.NODE_ENV.exports.create (node_modules/react-test-renderer/cjs/react-test-renderer.development.js:14630:7)
      at hooks/__tests__/usePolling.test.js:163:25
      at process.env.NODE_ENV.exports.act (node_modules/react/cjs/react.development.js:789:22)
      at Object.<anonymous> (hooks/__tests__/usePolling.test.js:162:8)

    console.error
      The current testing environment is not configured to support act(...)

      173 |     // Update to use new callback
      174 |     act(() => {
    > 175 |       component.update(<TestComponent callback={onPoll2} />);
          |                 ^
      176 |     });
      177 |
      178 |     act(() => {

      at isConcurrentActEnvironment (node_modules/react-test-renderer/cjs/react-test-renderer.development.js:10243:17)
      at warnIfUpdatesNotWrappedWithActDEV (node_modules/react-test-renderer/cjs/react-test-renderer.development.js:11798:7)
      at scheduleUpdateOnFiber (node_modules/react-test-renderer/cjs/react-test-renderer.development.js:10326:9)
      at updateContainerImpl (node_modules/react-test-renderer/cjs/react-test-renderer.development.js:12382:10)
      at updateContainer (node_modules/react-test-renderer/cjs/react-test-renderer.development.js:12326:7)
      at Object.update (node_modules/react-test-renderer/cjs/react-test-renderer.development.js:14669:13)
      at update (hooks/__tests__/usePolling.test.js:175:17)
      at process.env.NODE_ENV.exports.act (node_modules/react/cjs/react.development.js:789:22)
      at Object.<anonymous> (hooks/__tests__/usePolling.test.js:174:8)

    console.error
      react-test-renderer is deprecated. See https://react.dev/warnings/react-test-renderer

      16 |   let component;
      17 |   act(() => {
    > 18 |     component = create(<TestComponent />);
         |                       ^
      19 |   });
      20 |   return { result, unmount: component.unmount };
      21 | }

      at process.env.NODE_ENV.exports.create (node_modules/react-test-renderer/cjs/react-test-renderer.development.js:14598:17)
      at hooks/__tests__/usePolling.test.js:18:23
      at process.env.NODE_ENV.exports.act (node_modules/react/cjs/react.development.js:789:22)
      at renderHook (hooks/__tests__/usePolling.test.js:17:6)
      at Object.renderHook (hooks/__tests__/usePolling.test.js:190:24)

    console.error
      The current testing environment is not configured to support act(...)

      16 |   let component;
      17 |   act(() => {
    > 18 |     component = create(<TestComponent />);
         |                       ^
      19 |   });
      20 |   return { result, unmount: component.unmount };
      21 | }

      at isConcurrentActEnvironment (node_modules/react-test-renderer/cjs/react-test-renderer.development.js:10243:17)
      at warnIfUpdatesNotWrappedWithActDEV (node_modules/react-test-renderer/cjs/react-test-renderer.development.js:11798:7)
      at scheduleUpdateOnFiber (node_modules/react-test-renderer/cjs/react-test-renderer.development.js:10326:9)
      at updateContainerImpl (node_modules/react-test-renderer/cjs/react-test-renderer.development.js:12382:10)
      at updateContainer (node_modules/react-test-renderer/cjs/react-test-renderer.development.js:12326:7)
      at process.env.NODE_ENV.exports.create (node_modules/react-test-renderer/cjs/react-test-renderer.development.js:14630:7)
      at hooks/__tests__/usePolling.test.js:18:23
      at process.env.NODE_ENV.exports.act (node_modules/react/cjs/react.development.js:789:22)
      at renderHook (hooks/__tests__/usePolling.test.js:17:6)
      at Object.renderHook (hooks/__tests__/usePolling.test.js:190:24)

PASS services/transaction/__tests__/utxoSelection.test.js
  ● Console

    console.log
      [DEBUG] ⚠️ Filtering out spent UTXO: tx1:0

      at Object.log [as debug] (utils/logger.js:24:15)
          at Array.filter (<anonymous>)

    console.log
      [DEBUG] ⚠️ Filtering out spent UTXO: tx3:0

      at Object.log [as debug] (utils/logger.js:24:15)
          at Array.filter (<anonymous>)

PASS hooks/__tests__/useKeyboard.test.js
  ● Console

    console.error
      react-test-renderer is deprecated. See https://react.dev/warnings/react-test-renderer

      19 |   let component;
      20 |   act(() => {
    > 21 |     component = create(<TestComponent />);
         |                       ^
      22 |   });
      23 |
      24 |   return {

      at process.env.NODE_ENV.exports.create (node_modules/react-test-renderer/cjs/react-test-renderer.development.js:14598:17)
      at hooks/__tests__/useKeyboard.test.js:21:23
      at process.env.NODE_ENV.exports.act (node_modules/react/cjs/react.development.js:789:22)
      at renderHook (hooks/__tests__/useKeyboard.test.js:20:6)
      at Object.renderHook (hooks/__tests__/useKeyboard.test.js:51:24)

    console.error
      The current testing environment is not configured to support act(...)

      19 |   let component;
      20 |   act(() => {
    > 21 |     component = create(<TestComponent />);
         |                       ^
      22 |   });
      23 |
      24 |   return {

      at isConcurrentActEnvironment (node_modules/react-test-renderer/cjs/react-test-renderer.development.js:10243:17)
      at warnIfUpdatesNotWrappedWithActDEV (node_modules/react-test-renderer/cjs/react-test-renderer.development.js:11798:7)
      at scheduleUpdateOnFiber (node_modules/react-test-renderer/cjs/react-test-renderer.development.js:10326:9)
      at updateContainerImpl (node_modules/react-test-renderer/cjs/react-test-renderer.development.js:12382:10)
      at updateContainer (node_modules/react-test-renderer/cjs/react-test-renderer.development.js:12326:7)
      at process.env.NODE_ENV.exports.create (node_modules/react-test-renderer/cjs/react-test-renderer.development.js:14630:7)
      at hooks/__tests__/useKeyboard.test.js:21:23
      at process.env.NODE_ENV.exports.act (node_modules/react/cjs/react.development.js:789:22)
      at renderHook (hooks/__tests__/useKeyboard.test.js:20:6)
      at Object.renderHook (hooks/__tests__/useKeyboard.test.js:51:24)

    console.error
      react-test-renderer is deprecated. See https://react.dev/warnings/react-test-renderer

      19 |   let component;
      20 |   act(() => {
    > 21 |     component = create(<TestComponent />);
         |                       ^
      22 |   });
      23 |
      24 |   return {

      at process.env.NODE_ENV.exports.create (node_modules/react-test-renderer/cjs/react-test-renderer.development.js:14598:17)
      at hooks/__tests__/useKeyboard.test.js:21:23
      at process.env.NODE_ENV.exports.act (node_modules/react/cjs/react.development.js:789:22)
      at renderHook (hooks/__tests__/useKeyboard.test.js:20:6)
      at Object.renderHook (hooks/__tests__/useKeyboard.test.js:60:5)

    console.error
      The current testing environment is not configured to support act(...)

      19 |   let component;
      20 |   act(() => {
    > 21 |     component = create(<TestComponent />);
         |                       ^
      22 |   });
      23 |
      24 |   return {

      at isConcurrentActEnvironment (node_modules/react-test-renderer/cjs/react-test-renderer.development.js:10243:17)
      at warnIfUpdatesNotWrappedWithActDEV (node_modules/react-test-renderer/cjs/react-test-renderer.development.js:11798:7)
      at scheduleUpdateOnFiber (node_modules/react-test-renderer/cjs/react-test-renderer.development.js:10326:9)
      at updateContainerImpl (node_modules/react-test-renderer/cjs/react-test-renderer.development.js:12382:10)
      at updateContainer (node_modules/react-test-renderer/cjs/react-test-renderer.development.js:12326:7)
      at process.env.NODE_ENV.exports.create (node_modules/react-test-renderer/cjs/react-test-renderer.development.js:14630:7)
      at hooks/__tests__/useKeyboard.test.js:21:23
      at process.env.NODE_ENV.exports.act (node_modules/react/cjs/react.development.js:789:22)
      at renderHook (hooks/__tests__/useKeyboard.test.js:20:6)
      at Object.renderHook (hooks/__tests__/useKeyboard.test.js:60:5)

    console.error
      react-test-renderer is deprecated. See https://react.dev/warnings/react-test-renderer

      19 |   let component;
      20 |   act(() => {
    > 21 |     component = create(<TestComponent />);
         |                       ^
      22 |   });
      23 |
      24 |   return {

      at process.env.NODE_ENV.exports.create (node_modules/react-test-renderer/cjs/react-test-renderer.development.js:14598:17)
      at hooks/__tests__/useKeyboard.test.js:21:23
      at process.env.NODE_ENV.exports.act (node_modules/react/cjs/react.development.js:789:22)
      at renderHook (hooks/__tests__/useKeyboard.test.js:20:6)
      at Object.renderHook (hooks/__tests__/useKeyboard.test.js:69:5)

    console.error
      The current testing environment is not configured to support act(...)

      19 |   let component;
      20 |   act(() => {
    > 21 |     component = create(<TestComponent />);
         |                       ^
      22 |   });
      23 |
      24 |   return {

      at isConcurrentActEnvironment (node_modules/react-test-renderer/cjs/react-test-renderer.development.js:10243:17)
      at warnIfUpdatesNotWrappedWithActDEV (node_modules/react-test-renderer/cjs/react-test-renderer.development.js:11798:7)
      at scheduleUpdateOnFiber (node_modules/react-test-renderer/cjs/react-test-renderer.development.js:10326:9)
      at updateContainerImpl (node_modules/react-test-renderer/cjs/react-test-renderer.development.js:12382:10)
      at updateContainer (node_modules/react-test-renderer/cjs/react-test-renderer.development.js:12326:7)
      at process.env.NODE_ENV.exports.create (node_modules/react-test-renderer/cjs/react-test-renderer.development.js:14630:7)
      at hooks/__tests__/useKeyboard.test.js:21:23
      at process.env.NODE_ENV.exports.act (node_modules/react/cjs/react.development.js:789:22)
      at renderHook (hooks/__tests__/useKeyboard.test.js:20:6)
      at Object.renderHook (hooks/__tests__/useKeyboard.test.js:69:5)

    console.error
      react-test-renderer is deprecated. See https://react.dev/warnings/react-test-renderer

      19 |   let component;
      20 |   act(() => {
    > 21 |     component = create(<TestComponent />);
         |                       ^
      22 |   });
      23 |
      24 |   return {

      at process.env.NODE_ENV.exports.create (node_modules/react-test-renderer/cjs/react-test-renderer.development.js:14598:17)
      at hooks/__tests__/useKeyboard.test.js:21:23
      at process.env.NODE_ENV.exports.act (node_modules/react/cjs/react.development.js:789:22)
      at renderHook (hooks/__tests__/useKeyboard.test.js:20:6)
      at Object.renderHook (hooks/__tests__/useKeyboard.test.js:77:24)

    console.error
      The current testing environment is not configured to support act(...)

      19 |   let component;
      20 |   act(() => {
    > 21 |     component = create(<TestComponent />);
         |                       ^
      22 |   });
      23 |
      24 |   return {

      at isConcurrentActEnvironment (node_modules/react-test-renderer/cjs/react-test-renderer.development.js:10243:17)
      at warnIfUpdatesNotWrappedWithActDEV (node_modules/react-test-renderer/cjs/react-test-renderer.development.js:11798:7)
      at scheduleUpdateOnFiber (node_modules/react-test-renderer/cjs/react-test-renderer.development.js:10326:9)
      at updateContainerImpl (node_modules/react-test-renderer/cjs/react-test-renderer.development.js:12382:10)
      at updateContainer (node_modules/react-test-renderer/cjs/react-test-renderer.development.js:12326:7)
      at process.env.NODE_ENV.exports.create (node_modules/react-test-renderer/cjs/react-test-renderer.development.js:14630:7)
      at hooks/__tests__/useKeyboard.test.js:21:23
      at process.env.NODE_ENV.exports.act (node_modules/react/cjs/react.development.js:789:22)
      at renderHook (hooks/__tests__/useKeyboard.test.js:20:6)
      at Object.renderHook (hooks/__tests__/useKeyboard.test.js:77:24)

    console.error
      The current testing environment is not configured to support act(...)

      16 |
      17 |     const keyboardWillShow = Keyboard.addListener(showEvent, (e) => {
    > 18 |       setKeyboardHeight(e.endCoordinates.height);
         |       ^
      19 |       setIsKeyboardVisible(true);
      20 |     });
      21 |

      at isConcurrentActEnvironment (node_modules/react-test-renderer/cjs/react-test-renderer.development.js:10243:17)
      at warnIfUpdatesNotWrappedWithActDEV (node_modules/react-test-renderer/cjs/react-test-renderer.development.js:11798:7)
      at scheduleUpdateOnFiber (node_modules/react-test-renderer/cjs/react-test-renderer.development.js:10326:9)
      at dispatchSetStateInternal (node_modules/react-test-renderer/cjs/react-test-renderer.development.js:4148:13)
      at dispatchSetState (node_modules/react-test-renderer/cjs/react-test-renderer.development.js:4107:7)
      at Object.setKeyboardHeight [as keyboardWillShow] (hooks/useKeyboard.js:18:7)
      at keyboardWillShow (hooks/__tests__/useKeyboard.test.js:80:21)
      at process.env.NODE_ENV.exports.act (node_modules/react/cjs/react.development.js:789:22)
      at Object.<anonymous> (hooks/__tests__/useKeyboard.test.js:79:8)

    console.error
      The current testing environment is not configured to support act(...)

      17 |     const keyboardWillShow = Keyboard.addListener(showEvent, (e) => {
      18 |       setKeyboardHeight(e.endCoordinates.height);
    > 19 |       setIsKeyboardVisible(true);
         |       ^
      20 |     });
      21 |
      22 |     const keyboardWillHide = Keyboard.addListener(hideEvent, () => {

      at isConcurrentActEnvironment (node_modules/react-test-renderer/cjs/react-test-renderer.development.js:10243:17)
      at warnIfUpdatesNotWrappedWithActDEV (node_modules/react-test-renderer/cjs/react-test-renderer.development.js:11798:7)
      at scheduleUpdateOnFiber (node_modules/react-test-renderer/cjs/react-test-renderer.development.js:10326:9)
      at dispatchSetStateInternal (node_modules/react-test-renderer/cjs/react-test-renderer.development.js:4148:13)
      at dispatchSetState (node_modules/react-test-renderer/cjs/react-test-renderer.development.js:4107:7)
      at Object.setIsKeyboardVisible [as keyboardWillShow] (hooks/useKeyboard.js:19:7)
      at keyboardWillShow (hooks/__tests__/useKeyboard.test.js:80:21)
      at process.env.NODE_ENV.exports.act (node_modules/react/cjs/react.development.js:789:22)
      at Object.<anonymous> (hooks/__tests__/useKeyboard.test.js:79:8)

    console.error
      react-test-renderer is deprecated. See https://react.dev/warnings/react-test-renderer

      19 |   let component;
      20 |   act(() => {
    > 21 |     component = create(<TestComponent />);
         |                       ^
      22 |   });
      23 |
      24 |   return {

      at process.env.NODE_ENV.exports.create (node_modules/react-test-renderer/cjs/react-test-renderer.development.js:14598:17)
      at hooks/__tests__/useKeyboard.test.js:21:23
      at process.env.NODE_ENV.exports.act (node_modules/react/cjs/react.development.js:789:22)
      at renderHook (hooks/__tests__/useKeyboard.test.js:20:6)
      at Object.renderHook (hooks/__tests__/useKeyboard.test.js:91:24)

    console.error
      The current testing environment is not configured to support act(...)

      19 |   let component;
      20 |   act(() => {
    > 21 |     component = create(<TestComponent />);
         |                       ^
      22 |   });
      23 |
      24 |   return {

      at isConcurrentActEnvironment (node_modules/react-test-renderer/cjs/react-test-renderer.development.js:10243:17)
      at warnIfUpdatesNotWrappedWithActDEV (node_modules/react-test-renderer/cjs/react-test-renderer.development.js:11798:7)
      at scheduleUpdateOnFiber (node_modules/react-test-renderer/cjs/react-test-renderer.development.js:10326:9)
      at updateContainerImpl (node_modules/react-test-renderer/cjs/react-test-renderer.development.js:12382:10)
      at updateContainer (node_modules/react-test-renderer/cjs/react-test-renderer.development.js:12326:7)
      at process.env.NODE_ENV.exports.create (node_modules/react-test-renderer/cjs/react-test-renderer.development.js:14630:7)
      at hooks/__tests__/useKeyboard.test.js:21:23
      at process.env.NODE_ENV.exports.act (node_modules/react/cjs/react.development.js:789:22)
      at renderHook (hooks/__tests__/useKeyboard.test.js:20:6)
      at Object.renderHook (hooks/__tests__/useKeyboard.test.js:91:24)

    console.error
      The current testing environment is not configured to support act(...)

      16 |
      17 |     const keyboardWillShow = Keyboard.addListener(showEvent, (e) => {
    > 18 |       setKeyboardHeight(e.endCoordinates.height);
         |       ^
      19 |       setIsKeyboardVisible(true);
      20 |     });
      21 |

      at isConcurrentActEnvironment (node_modules/react-test-renderer/cjs/react-test-renderer.development.js:10243:17)
      at warnIfUpdatesNotWrappedWithActDEV (node_modules/react-test-renderer/cjs/react-test-renderer.development.js:11798:7)
      at scheduleUpdateOnFiber (node_modules/react-test-renderer/cjs/react-test-renderer.development.js:10326:9)
      at dispatchSetStateInternal (node_modules/react-test-renderer/cjs/react-test-renderer.development.js:4148:13)
      at dispatchSetState (node_modules/react-test-renderer/cjs/react-test-renderer.development.js:4107:7)
      at Object.setKeyboardHeight [as keyboardWillShow] (hooks/useKeyboard.js:18:7)
      at keyboardWillShow (hooks/__tests__/useKeyboard.test.js:95:21)
      at process.env.NODE_ENV.exports.act (node_modules/react/cjs/react.development.js:789:22)
      at Object.<anonymous> (hooks/__tests__/useKeyboard.test.js:94:8)

    console.error
      The current testing environment is not configured to support act(...)

      17 |     const keyboardWillShow = Keyboard.addListener(showEvent, (e) => {
      18 |       setKeyboardHeight(e.endCoordinates.height);
    > 19 |       setIsKeyboardVisible(true);
         |       ^
      20 |     });
      21 |
      22 |     const keyboardWillHide = Keyboard.addListener(hideEvent, () => {

      at isConcurrentActEnvironment (node_modules/react-test-renderer/cjs/react-test-renderer.development.js:10243:17)
      at warnIfUpdatesNotWrappedWithActDEV (node_modules/react-test-renderer/cjs/react-test-renderer.development.js:11798:7)
      at scheduleUpdateOnFiber (node_modules/react-test-renderer/cjs/react-test-renderer.development.js:10326:9)
      at dispatchSetStateInternal (node_modules/react-test-renderer/cjs/react-test-renderer.development.js:4148:13)
      at dispatchSetState (node_modules/react-test-renderer/cjs/react-test-renderer.development.js:4107:7)
      at Object.setIsKeyboardVisible [as keyboardWillShow] (hooks/useKeyboard.js:19:7)
      at keyboardWillShow (hooks/__tests__/useKeyboard.test.js:95:21)
      at process.env.NODE_ENV.exports.act (node_modules/react/cjs/react.development.js:789:22)
      at Object.<anonymous> (hooks/__tests__/useKeyboard.test.js:94:8)

    console.error
      The current testing environment is not configured to support act(...)

      21 |
      22 |     const keyboardWillHide = Keyboard.addListener(hideEvent, () => {
    > 23 |       setKeyboardHeight(0);
         |       ^
      24 |       setIsKeyboardVisible(false);
      25 |     });
      26 |

      at isConcurrentActEnvironment (node_modules/react-test-renderer/cjs/react-test-renderer.development.js:10243:17)
      at warnIfUpdatesNotWrappedWithActDEV (node_modules/react-test-renderer/cjs/react-test-renderer.development.js:11798:7)
      at scheduleUpdateOnFiber (node_modules/react-test-renderer/cjs/react-test-renderer.development.js:10326:9)
      at dispatchSetStateInternal (node_modules/react-test-renderer/cjs/react-test-renderer.development.js:4148:13)
      at dispatchSetState (node_modules/react-test-renderer/cjs/react-test-renderer.development.js:4107:7)
      at Object.setKeyboardHeight [as keyboardWillHide] (hooks/useKeyboard.js:23:7)
      at keyboardWillHide (hooks/__tests__/useKeyboard.test.js:104:21)
      at process.env.NODE_ENV.exports.act (node_modules/react/cjs/react.development.js:789:22)
      at Object.<anonymous> (hooks/__tests__/useKeyboard.test.js:103:8)

    console.error
      The current testing environment is not configured to support act(...)

      22 |     const keyboardWillHide = Keyboard.addListener(hideEvent, () => {
      23 |       setKeyboardHeight(0);
    > 24 |       setIsKeyboardVisible(false);
         |       ^
      25 |     });
      26 |
      27 |     return () => {

      at isConcurrentActEnvironment (node_modules/react-test-renderer/cjs/react-test-renderer.development.js:10243:17)
      at warnIfUpdatesNotWrappedWithActDEV (node_modules/react-test-renderer/cjs/react-test-renderer.development.js:11798:7)
      at scheduleUpdateOnFiber (node_modules/react-test-renderer/cjs/react-test-renderer.development.js:10326:9)
      at dispatchSetStateInternal (node_modules/react-test-renderer/cjs/react-test-renderer.development.js:4148:13)
      at dispatchSetState (node_modules/react-test-renderer/cjs/react-test-renderer.development.js:4107:7)
      at Object.setIsKeyboardVisible [as keyboardWillHide] (hooks/useKeyboard.js:24:7)
      at keyboardWillHide (hooks/__tests__/useKeyboard.test.js:104:21)
      at process.env.NODE_ENV.exports.act (node_modules/react/cjs/react.development.js:789:22)
      at Object.<anonymous> (hooks/__tests__/useKeyboard.test.js:103:8)

    console.error
      react-test-renderer is deprecated. See https://react.dev/warnings/react-test-renderer

      19 |   let component;
      20 |   act(() => {
    > 21 |     component = create(<TestComponent />);
         |                       ^
      22 |   });
      23 |
      24 |   return {

      at process.env.NODE_ENV.exports.create (node_modules/react-test-renderer/cjs/react-test-renderer.development.js:14598:17)
      at hooks/__tests__/useKeyboard.test.js:21:23
      at process.env.NODE_ENV.exports.act (node_modules/react/cjs/react.development.js:789:22)
      at renderHook (hooks/__tests__/useKeyboard.test.js:20:6)
      at Object.renderHook (hooks/__tests__/useKeyboard.test.js:113:24)

    console.error
      The current testing environment is not configured to support act(...)

      19 |   let component;
      20 |   act(() => {
    > 21 |     component = create(<TestComponent />);
         |                       ^
      22 |   });
      23 |
      24 |   return {

      at isConcurrentActEnvironment (node_modules/react-test-renderer/cjs/react-test-renderer.development.js:10243:17)
      at warnIfUpdatesNotWrappedWithActDEV (node_modules/react-test-renderer/cjs/react-test-renderer.development.js:11798:7)
      at scheduleUpdateOnFiber (node_modules/react-test-renderer/cjs/react-test-renderer.development.js:10326:9)
      at updateContainerImpl (node_modules/react-test-renderer/cjs/react-test-renderer.development.js:12382:10)
      at updateContainer (node_modules/react-test-renderer/cjs/react-test-renderer.development.js:12326:7)
      at process.env.NODE_ENV.exports.create (node_modules/react-test-renderer/cjs/react-test-renderer.development.js:14630:7)
      at hooks/__tests__/useKeyboard.test.js:21:23
      at process.env.NODE_ENV.exports.act (node_modules/react/cjs/react.development.js:789:22)
      at renderHook (hooks/__tests__/useKeyboard.test.js:20:6)
      at Object.renderHook (hooks/__tests__/useKeyboard.test.js:113:24)

    console.error
      The current testing environment is not configured to support act(...)

      16 |
      17 |     const keyboardWillShow = Keyboard.addListener(showEvent, (e) => {
    > 18 |       setKeyboardHeight(e.endCoordinates.height);
         |       ^
      19 |       setIsKeyboardVisible(true);
      20 |     });
      21 |

      at isConcurrentActEnvironment (node_modules/react-test-renderer/cjs/react-test-renderer.development.js:10243:17)
      at warnIfUpdatesNotWrappedWithActDEV (node_modules/react-test-renderer/cjs/react-test-renderer.development.js:11798:7)
      at scheduleUpdateOnFiber (node_modules/react-test-renderer/cjs/react-test-renderer.development.js:10326:9)
      at dispatchSetStateInternal (node_modules/react-test-renderer/cjs/react-test-renderer.development.js:4148:13)
      at dispatchSetState (node_modules/react-test-renderer/cjs/react-test-renderer.development.js:4107:7)
      at Object.setKeyboardHeight [as keyboardWillShow] (hooks/useKeyboard.js:18:7)
      at keyboardWillShow (hooks/__tests__/useKeyboard.test.js:116:21)
      at process.env.NODE_ENV.exports.act (node_modules/react/cjs/react.development.js:789:22)
      at Object.<anonymous> (hooks/__tests__/useKeyboard.test.js:115:8)

    console.error
      The current testing environment is not configured to support act(...)

      17 |     const keyboardWillShow = Keyboard.addListener(showEvent, (e) => {
      18 |       setKeyboardHeight(e.endCoordinates.height);
    > 19 |       setIsKeyboardVisible(true);
         |       ^
      20 |     });
      21 |
      22 |     const keyboardWillHide = Keyboard.addListener(hideEvent, () => {

      at isConcurrentActEnvironment (node_modules/react-test-renderer/cjs/react-test-renderer.development.js:10243:17)
      at warnIfUpdatesNotWrappedWithActDEV (node_modules/react-test-renderer/cjs/react-test-renderer.development.js:11798:7)
      at scheduleUpdateOnFiber (node_modules/react-test-renderer/cjs/react-test-renderer.development.js:10326:9)
      at dispatchSetStateInternal (node_modules/react-test-renderer/cjs/react-test-renderer.development.js:4148:13)
      at dispatchSetState (node_modules/react-test-renderer/cjs/react-test-renderer.development.js:4107:7)
      at Object.setIsKeyboardVisible [as keyboardWillShow] (hooks/useKeyboard.js:19:7)
      at keyboardWillShow (hooks/__tests__/useKeyboard.test.js:116:21)
      at process.env.NODE_ENV.exports.act (node_modules/react/cjs/react.development.js:789:22)
      at Object.<anonymous> (hooks/__tests__/useKeyboard.test.js:115:8)

    console.error
      The current testing environment is not configured to support act(...)

      16 |
      17 |     const keyboardWillShow = Keyboard.addListener(showEvent, (e) => {
    > 18 |       setKeyboardHeight(e.endCoordinates.height);
         |       ^
      19 |       setIsKeyboardVisible(true);
      20 |     });
      21 |

      at isConcurrentActEnvironment (node_modules/react-test-renderer/cjs/react-test-renderer.development.js:10243:17)
      at warnIfUpdatesNotWrappedWithActDEV (node_modules/react-test-renderer/cjs/react-test-renderer.development.js:11798:7)
      at scheduleUpdateOnFiber (node_modules/react-test-renderer/cjs/react-test-renderer.development.js:10326:9)
      at dispatchSetStateInternal (node_modules/react-test-renderer/cjs/react-test-renderer.development.js:4148:13)
      at dispatchSetState (node_modules/react-test-renderer/cjs/react-test-renderer.development.js:4107:7)
      at Object.setKeyboardHeight [as keyboardWillShow] (hooks/useKeyboard.js:18:7)
      at keyboardWillShow (hooks/__tests__/useKeyboard.test.js:124:21)
      at process.env.NODE_ENV.exports.act (node_modules/react/cjs/react.development.js:789:22)
      at Object.<anonymous> (hooks/__tests__/useKeyboard.test.js:123:8)

    console.error
      The current testing environment is not configured to support act(...)

      17 |     const keyboardWillShow = Keyboard.addListener(showEvent, (e) => {
      18 |       setKeyboardHeight(e.endCoordinates.height);
    > 19 |       setIsKeyboardVisible(true);
         |       ^
      20 |     });
      21 |
      22 |     const keyboardWillHide = Keyboard.addListener(hideEvent, () => {

      at isConcurrentActEnvironment (node_modules/react-test-renderer/cjs/react-test-renderer.development.js:10243:17)
      at warnIfUpdatesNotWrappedWithActDEV (node_modules/react-test-renderer/cjs/react-test-renderer.development.js:11798:7)
      at scheduleUpdateOnFiber (node_modules/react-test-renderer/cjs/react-test-renderer.development.js:10326:9)
      at dispatchSetStateInternal (node_modules/react-test-renderer/cjs/react-test-renderer.development.js:4148:13)
      at dispatchSetState (node_modules/react-test-renderer/cjs/react-test-renderer.development.js:4107:7)
      at Object.setIsKeyboardVisible [as keyboardWillShow] (hooks/useKeyboard.js:19:7)
      at keyboardWillShow (hooks/__tests__/useKeyboard.test.js:124:21)
      at process.env.NODE_ENV.exports.act (node_modules/react/cjs/react.development.js:789:22)
      at Object.<anonymous> (hooks/__tests__/useKeyboard.test.js:123:8)

    console.error
      react-test-renderer is deprecated. See https://react.dev/warnings/react-test-renderer

      19 |   let component;
      20 |   act(() => {
    > 21 |     component = create(<TestComponent />);
         |                       ^
      22 |   });
      23 |
      24 |   return {

      at process.env.NODE_ENV.exports.create (node_modules/react-test-renderer/cjs/react-test-renderer.development.js:14598:17)
      at hooks/__tests__/useKeyboard.test.js:21:23
      at process.env.NODE_ENV.exports.act (node_modules/react/cjs/react.development.js:789:22)
      at renderHook (hooks/__tests__/useKeyboard.test.js:20:6)
      at Object.renderHook (hooks/__tests__/useKeyboard.test.js:134:33)

    console.error
      The current testing environment is not configured to support act(...)

      19 |   let component;
      20 |   act(() => {
    > 21 |     component = create(<TestComponent />);
         |                       ^
      22 |   });
      23 |
      24 |   return {

      at isConcurrentActEnvironment (node_modules/react-test-renderer/cjs/react-test-renderer.development.js:10243:17)
      at warnIfUpdatesNotWrappedWithActDEV (node_modules/react-test-renderer/cjs/react-test-renderer.development.js:11798:7)
      at scheduleUpdateOnFiber (node_modules/react-test-renderer/cjs/react-test-renderer.development.js:10326:9)
      at updateContainerImpl (node_modules/react-test-renderer/cjs/react-test-renderer.development.js:12382:10)
      at updateContainer (node_modules/react-test-renderer/cjs/react-test-renderer.development.js:12326:7)
      at process.env.NODE_ENV.exports.create (node_modules/react-test-renderer/cjs/react-test-renderer.development.js:14630:7)
      at hooks/__tests__/useKeyboard.test.js:21:23
      at process.env.NODE_ENV.exports.act (node_modules/react/cjs/react.development.js:789:22)
      at renderHook (hooks/__tests__/useKeyboard.test.js:20:6)
      at Object.renderHook (hooks/__tests__/useKeyboard.test.js:134:33)

    console.error
      react-test-renderer is deprecated. See https://react.dev/warnings/react-test-renderer

      19 |   let component;
      20 |   act(() => {
    > 21 |     component = create(<TestComponent />);
         |                       ^
      22 |   });
      23 |
      24 |   return {

      at process.env.NODE_ENV.exports.create (node_modules/react-test-renderer/cjs/react-test-renderer.development.js:14598:17)
      at hooks/__tests__/useKeyboard.test.js:21:23
      at process.env.NODE_ENV.exports.act (node_modules/react/cjs/react.development.js:789:22)
      at renderHook (hooks/__tests__/useKeyboard.test.js:20:6)
      at Object.renderHook (hooks/__tests__/useKeyboard.test.js:146:24)

    console.error
      The current testing environment is not configured to support act(...)

      19 |   let component;
      20 |   act(() => {
    > 21 |     component = create(<TestComponent />);
         |                       ^
      22 |   });
      23 |
      24 |   return {

      at isConcurrentActEnvironment (node_modules/react-test-renderer/cjs/react-test-renderer.development.js:10243:17)
      at warnIfUpdatesNotWrappedWithActDEV (node_modules/react-test-renderer/cjs/react-test-renderer.development.js:11798:7)
      at scheduleUpdateOnFiber (node_modules/react-test-renderer/cjs/react-test-renderer.development.js:10326:9)
      at updateContainerImpl (node_modules/react-test-renderer/cjs/react-test-renderer.development.js:12382:10)
      at updateContainer (node_modules/react-test-renderer/cjs/react-test-renderer.development.js:12326:7)
      at process.env.NODE_ENV.exports.create (node_modules/react-test-renderer/cjs/react-test-renderer.development.js:14630:7)
      at hooks/__tests__/useKeyboard.test.js:21:23
      at process.env.NODE_ENV.exports.act (node_modules/react/cjs/react.development.js:789:22)
      at renderHook (hooks/__tests__/useKeyboard.test.js:20:6)
      at Object.renderHook (hooks/__tests__/useKeyboard.test.js:146:24)

    console.error
      The current testing environment is not configured to support act(...)

      16 |
      17 |     const keyboardWillShow = Keyboard.addListener(showEvent, (e) => {
    > 18 |       setKeyboardHeight(e.endCoordinates.height);
         |       ^
      19 |       setIsKeyboardVisible(true);
      20 |     });
      21 |

      at isConcurrentActEnvironment (node_modules/react-test-renderer/cjs/react-test-renderer.development.js:10243:17)
      at warnIfUpdatesNotWrappedWithActDEV (node_modules/react-test-renderer/cjs/react-test-renderer.development.js:11798:7)
      at scheduleUpdateOnFiber (node_modules/react-test-renderer/cjs/react-test-renderer.development.js:10326:9)
      at dispatchSetStateInternal (node_modules/react-test-renderer/cjs/react-test-renderer.development.js:4148:13)
      at dispatchSetState (node_modules/react-test-renderer/cjs/react-test-renderer.development.js:4107:7)
      at Object.setKeyboardHeight [as keyboardWillShow] (hooks/useKeyboard.js:18:7)
      at keyboardWillShow (hooks/__tests__/useKeyboard.test.js:149:21)
      at process.env.NODE_ENV.exports.act (node_modules/react/cjs/react.development.js:789:22)
      at Object.<anonymous> (hooks/__tests__/useKeyboard.test.js:148:8)

    console.error
      The current testing environment is not configured to support act(...)

      17 |     const keyboardWillShow = Keyboard.addListener(showEvent, (e) => {
      18 |       setKeyboardHeight(e.endCoordinates.height);
    > 19 |       setIsKeyboardVisible(true);
         |       ^
      20 |     });
      21 |
      22 |     const keyboardWillHide = Keyboard.addListener(hideEvent, () => {

      at isConcurrentActEnvironment (node_modules/react-test-renderer/cjs/react-test-renderer.development.js:10243:17)
      at warnIfUpdatesNotWrappedWithActDEV (node_modules/react-test-renderer/cjs/react-test-renderer.development.js:11798:7)
      at scheduleUpdateOnFiber (node_modules/react-test-renderer/cjs/react-test-renderer.development.js:10326:9)
      at dispatchSetStateInternal (node_modules/react-test-renderer/cjs/react-test-renderer.development.js:4148:13)
      at dispatchSetState (node_modules/react-test-renderer/cjs/react-test-renderer.development.js:4107:7)
      at Object.setIsKeyboardVisible [as keyboardWillShow] (hooks/useKeyboard.js:19:7)
      at keyboardWillShow (hooks/__tests__/useKeyboard.test.js:149:21)
      at process.env.NODE_ENV.exports.act (node_modules/react/cjs/react.development.js:789:22)
      at Object.<anonymous> (hooks/__tests__/useKeyboard.test.js:148:8)

    console.error
      The current testing environment is not configured to support act(...)

      21 |
      22 |     const keyboardWillHide = Keyboard.addListener(hideEvent, () => {
    > 23 |       setKeyboardHeight(0);
         |       ^
      24 |       setIsKeyboardVisible(false);
      25 |     });
      26 |

      at isConcurrentActEnvironment (node_modules/react-test-renderer/cjs/react-test-renderer.development.js:10243:17)
      at warnIfUpdatesNotWrappedWithActDEV (node_modules/react-test-renderer/cjs/react-test-renderer.development.js:11798:7)
      at scheduleUpdateOnFiber (node_modules/react-test-renderer/cjs/react-test-renderer.development.js:10326:9)
      at dispatchSetStateInternal (node_modules/react-test-renderer/cjs/react-test-renderer.development.js:4148:13)
      at dispatchSetState (node_modules/react-test-renderer/cjs/react-test-renderer.development.js:4107:7)
      at Object.setKeyboardHeight [as keyboardWillHide] (hooks/useKeyboard.js:23:7)
      at keyboardWillHide (hooks/__tests__/useKeyboard.test.js:157:21)
      at process.env.NODE_ENV.exports.act (node_modules/react/cjs/react.development.js:789:22)
      at Object.<anonymous> (hooks/__tests__/useKeyboard.test.js:156:8)

    console.error
      The current testing environment is not configured to support act(...)

      22 |     const keyboardWillHide = Keyboard.addListener(hideEvent, () => {
      23 |       setKeyboardHeight(0);
    > 24 |       setIsKeyboardVisible(false);
         |       ^
      25 |     });
      26 |
      27 |     return () => {

      at isConcurrentActEnvironment (node_modules/react-test-renderer/cjs/react-test-renderer.development.js:10243:17)
      at warnIfUpdatesNotWrappedWithActDEV (node_modules/react-test-renderer/cjs/react-test-renderer.development.js:11798:7)
      at scheduleUpdateOnFiber (node_modules/react-test-renderer/cjs/react-test-renderer.development.js:10326:9)
      at dispatchSetStateInternal (node_modules/react-test-renderer/cjs/react-test-renderer.development.js:4148:13)
      at dispatchSetState (node_modules/react-test-renderer/cjs/react-test-renderer.development.js:4107:7)
      at Object.setIsKeyboardVisible [as keyboardWillHide] (hooks/useKeyboard.js:24:7)
      at keyboardWillHide (hooks/__tests__/useKeyboard.test.js:157:21)
      at process.env.NODE_ENV.exports.act (node_modules/react/cjs/react.development.js:789:22)
      at Object.<anonymous> (hooks/__tests__/useKeyboard.test.js:156:8)

    console.error
      The current testing environment is not configured to support act(...)

      16 |
      17 |     const keyboardWillShow = Keyboard.addListener(showEvent, (e) => {
    > 18 |       setKeyboardHeight(e.endCoordinates.height);
         |       ^
      19 |       setIsKeyboardVisible(true);
      20 |     });
      21 |

      at isConcurrentActEnvironment (node_modules/react-test-renderer/cjs/react-test-renderer.development.js:10243:17)
      at warnIfUpdatesNotWrappedWithActDEV (node_modules/react-test-renderer/cjs/react-test-renderer.development.js:11798:7)
      at scheduleUpdateOnFiber (node_modules/react-test-renderer/cjs/react-test-renderer.development.js:10326:9)
      at dispatchSetStateInternal (node_modules/react-test-renderer/cjs/react-test-renderer.development.js:4148:13)
      at dispatchSetState (node_modules/react-test-renderer/cjs/react-test-renderer.development.js:4107:7)
      at Object.setKeyboardHeight [as keyboardWillShow] (hooks/useKeyboard.js:18:7)
      at keyboardWillShow (hooks/__tests__/useKeyboard.test.js:163:21)
      at process.env.NODE_ENV.exports.act (node_modules/react/cjs/react.development.js:789:22)
      at Object.<anonymous> (hooks/__tests__/useKeyboard.test.js:162:8)

    console.error
      The current testing environment is not configured to support act(...)

      17 |     const keyboardWillShow = Keyboard.addListener(showEvent, (e) => {
      18 |       setKeyboardHeight(e.endCoordinates.height);
    > 19 |       setIsKeyboardVisible(true);
         |       ^
      20 |     });
      21 |
      22 |     const keyboardWillHide = Keyboard.addListener(hideEvent, () => {

      at isConcurrentActEnvironment (node_modules/react-test-renderer/cjs/react-test-renderer.development.js:10243:17)
      at warnIfUpdatesNotWrappedWithActDEV (node_modules/react-test-renderer/cjs/react-test-renderer.development.js:11798:7)
      at scheduleUpdateOnFiber (node_modules/react-test-renderer/cjs/react-test-renderer.development.js:10326:9)
      at dispatchSetStateInternal (node_modules/react-test-renderer/cjs/react-test-renderer.development.js:4148:13)
      at dispatchSetState (node_modules/react-test-renderer/cjs/react-test-renderer.development.js:4107:7)
      at Object.setIsKeyboardVisible [as keyboardWillShow] (hooks/useKeyboard.js:19:7)
      at keyboardWillShow (hooks/__tests__/useKeyboard.test.js:163:21)
      at process.env.NODE_ENV.exports.act (node_modules/react/cjs/react.development.js:789:22)
      at Object.<anonymous> (hooks/__tests__/useKeyboard.test.js:162:8)

PASS utils/__tests__/transactionFormatters.test.js
PASS services/__tests__/balanceService.test.js
PASS hooks/__tests__/useSheetNavigation.test.js
  ● Console

    console.error
      react-test-renderer is deprecated. See https://react.dev/warnings/react-test-renderer

      16 |   let component;
      17 |   act(() => {
    > 18 |     component = create(<TestComponent />);
         |                       ^
      19 |   });
      20 |   return { result, unmount: () => component.unmount() };
      21 | }

      at process.env.NODE_ENV.exports.create (node_modules/react-test-renderer/cjs/react-test-renderer.development.js:14598:17)
      at hooks/__tests__/useSheetNavigation.test.js:18:23
      at process.env.NODE_ENV.exports.act (node_modules/react/cjs/react.development.js:789:22)
      at renderHook (hooks/__tests__/useSheetNavigation.test.js:17:6)
      at Object.renderHook (hooks/__tests__/useSheetNavigation.test.js:25:24)

    console.error
      The current testing environment is not configured to support act(...)

      16 |   let component;
      17 |   act(() => {
    > 18 |     component = create(<TestComponent />);
         |                       ^
      19 |   });
      20 |   return { result, unmount: () => component.unmount() };
      21 | }

      at isConcurrentActEnvironment (node_modules/react-test-renderer/cjs/react-test-renderer.development.js:10243:17)
      at warnIfUpdatesNotWrappedWithActDEV (node_modules/react-test-renderer/cjs/react-test-renderer.development.js:11798:7)
      at scheduleUpdateOnFiber (node_modules/react-test-renderer/cjs/react-test-renderer.development.js:10326:9)
      at updateContainerImpl (node_modules/react-test-renderer/cjs/react-test-renderer.development.js:12382:10)
      at updateContainer (node_modules/react-test-renderer/cjs/react-test-renderer.development.js:12326:7)
      at process.env.NODE_ENV.exports.create (node_modules/react-test-renderer/cjs/react-test-renderer.development.js:14630:7)
      at hooks/__tests__/useSheetNavigation.test.js:18:23
      at process.env.NODE_ENV.exports.act (node_modules/react/cjs/react.development.js:789:22)
      at renderHook (hooks/__tests__/useSheetNavigation.test.js:17:6)
      at Object.renderHook (hooks/__tests__/useSheetNavigation.test.js:25:24)

    console.error
      react-test-renderer is deprecated. See https://react.dev/warnings/react-test-renderer

      16 |   let component;
      17 |   act(() => {
    > 18 |     component = create(<TestComponent />);
         |                       ^
      19 |   });
      20 |   return { result, unmount: () => component.unmount() };
      21 | }

      at process.env.NODE_ENV.exports.create (node_modules/react-test-renderer/cjs/react-test-renderer.development.js:14598:17)
      at hooks/__tests__/useSheetNavigation.test.js:18:23
      at process.env.NODE_ENV.exports.act (node_modules/react/cjs/react.development.js:789:22)
      at renderHook (hooks/__tests__/useSheetNavigation.test.js:17:6)
      at Object.renderHook (hooks/__tests__/useSheetNavigation.test.js:32:24)

    console.error
      The current testing environment is not configured to support act(...)

      16 |   let component;
      17 |   act(() => {
    > 18 |     component = create(<TestComponent />);
         |                       ^
      19 |   });
      20 |   return { result, unmount: () => component.unmount() };
      21 | }

      at isConcurrentActEnvironment (node_modules/react-test-renderer/cjs/react-test-renderer.development.js:10243:17)
      at warnIfUpdatesNotWrappedWithActDEV (node_modules/react-test-renderer/cjs/react-test-renderer.development.js:11798:7)
      at scheduleUpdateOnFiber (node_modules/react-test-renderer/cjs/react-test-renderer.development.js:10326:9)
      at updateContainerImpl (node_modules/react-test-renderer/cjs/react-test-renderer.development.js:12382:10)
      at updateContainer (node_modules/react-test-renderer/cjs/react-test-renderer.development.js:12326:7)
      at process.env.NODE_ENV.exports.create (node_modules/react-test-renderer/cjs/react-test-renderer.development.js:14630:7)
      at hooks/__tests__/useSheetNavigation.test.js:18:23
      at process.env.NODE_ENV.exports.act (node_modules/react/cjs/react.development.js:789:22)
      at renderHook (hooks/__tests__/useSheetNavigation.test.js:17:6)
      at Object.renderHook (hooks/__tests__/useSheetNavigation.test.js:32:24)

    console.error
      react-test-renderer is deprecated. See https://react.dev/warnings/react-test-renderer

      16 |   let component;
      17 |   act(() => {
    > 18 |     component = create(<TestComponent />);
         |                       ^
      19 |   });
      20 |   return { result, unmount: () => component.unmount() };
      21 | }

      at process.env.NODE_ENV.exports.create (node_modules/react-test-renderer/cjs/react-test-renderer.development.js:14598:17)
      at hooks/__tests__/useSheetNavigation.test.js:18:23
      at process.env.NODE_ENV.exports.act (node_modules/react/cjs/react.development.js:789:22)
      at renderHook (hooks/__tests__/useSheetNavigation.test.js:17:6)
      at Object.renderHook (hooks/__tests__/useSheetNavigation.test.js:39:24)

    console.error
      The current testing environment is not configured to support act(...)

      16 |   let component;
      17 |   act(() => {
    > 18 |     component = create(<TestComponent />);
         |                       ^
      19 |   });
      20 |   return { result, unmount: () => component.unmount() };
      21 | }

      at isConcurrentActEnvironment (node_modules/react-test-renderer/cjs/react-test-renderer.development.js:10243:17)
      at warnIfUpdatesNotWrappedWithActDEV (node_modules/react-test-renderer/cjs/react-test-renderer.development.js:11798:7)
      at scheduleUpdateOnFiber (node_modules/react-test-renderer/cjs/react-test-renderer.development.js:10326:9)
      at updateContainerImpl (node_modules/react-test-renderer/cjs/react-test-renderer.development.js:12382:10)
      at updateContainer (node_modules/react-test-renderer/cjs/react-test-renderer.development.js:12326:7)
      at process.env.NODE_ENV.exports.create (node_modules/react-test-renderer/cjs/react-test-renderer.development.js:14630:7)
      at hooks/__tests__/useSheetNavigation.test.js:18:23
      at process.env.NODE_ENV.exports.act (node_modules/react/cjs/react.development.js:789:22)
      at renderHook (hooks/__tests__/useSheetNavigation.test.js:17:6)
      at Object.renderHook (hooks/__tests__/useSheetNavigation.test.js:39:24)

    console.error
      react-test-renderer is deprecated. See https://react.dev/warnings/react-test-renderer

      16 |   let component;
      17 |   act(() => {
    > 18 |     component = create(<TestComponent />);
         |                       ^
      19 |   });
      20 |   return { result, unmount: () => component.unmount() };
      21 | }

      at process.env.NODE_ENV.exports.create (node_modules/react-test-renderer/cjs/react-test-renderer.development.js:14598:17)
      at hooks/__tests__/useSheetNavigation.test.js:18:23
      at process.env.NODE_ENV.exports.act (node_modules/react/cjs/react.development.js:789:22)
      at renderHook (hooks/__tests__/useSheetNavigation.test.js:17:6)
      at Object.renderHook (hooks/__tests__/useSheetNavigation.test.js:46:24)

    console.error
      The current testing environment is not configured to support act(...)

      16 |   let component;
      17 |   act(() => {
    > 18 |     component = create(<TestComponent />);
         |                       ^
      19 |   });
      20 |   return { result, unmount: () => component.unmount() };
      21 | }

      at isConcurrentActEnvironment (node_modules/react-test-renderer/cjs/react-test-renderer.development.js:10243:17)
      at warnIfUpdatesNotWrappedWithActDEV (node_modules/react-test-renderer/cjs/react-test-renderer.development.js:11798:7)
      at scheduleUpdateOnFiber (node_modules/react-test-renderer/cjs/react-test-renderer.development.js:10326:9)
      at updateContainerImpl (node_modules/react-test-renderer/cjs/react-test-renderer.development.js:12382:10)
      at updateContainer (node_modules/react-test-renderer/cjs/react-test-renderer.development.js:12326:7)
      at process.env.NODE_ENV.exports.create (node_modules/react-test-renderer/cjs/react-test-renderer.development.js:14630:7)
      at hooks/__tests__/useSheetNavigation.test.js:18:23
      at process.env.NODE_ENV.exports.act (node_modules/react/cjs/react.development.js:789:22)
      at renderHook (hooks/__tests__/useSheetNavigation.test.js:17:6)
      at Object.renderHook (hooks/__tests__/useSheetNavigation.test.js:46:24)

    console.error
      The current testing environment is not configured to support act(...)

      47 |
      48 |     act(() => {
    > 49 |       result.current.setShowReceiveSheet(true);
         |                      ^
      50 |     });
      51 |     expect(result.current.showReceiveSheet).toBe(true);
      52 |

      at isConcurrentActEnvironment (node_modules/react-test-renderer/cjs/react-test-renderer.development.js:10243:17)
      at warnIfUpdatesNotWrappedWithActDEV (node_modules/react-test-renderer/cjs/react-test-renderer.development.js:11798:7)
      at scheduleUpdateOnFiber (node_modules/react-test-renderer/cjs/react-test-renderer.development.js:10326:9)
      at dispatchSetStateInternal (node_modules/react-test-renderer/cjs/react-test-renderer.development.js:4148:13)
      at dispatchSetState (node_modules/react-test-renderer/cjs/react-test-renderer.development.js:4107:7)
      at setShowReceiveSheet (hooks/__tests__/useSheetNavigation.test.js:49:22)
      at process.env.NODE_ENV.exports.act (node_modules/react/cjs/react.development.js:789:22)
      at Object.<anonymous> (hooks/__tests__/useSheetNavigation.test.js:48:8)

    console.error
      The current testing environment is not configured to support act(...)

      52 |
      53 |     act(() => {
    > 54 |       result.current.setShowReceiveSheet(false);
         |                      ^
      55 |     });
      56 |     expect(result.current.showReceiveSheet).toBe(false);
      57 |   });

      at isConcurrentActEnvironment (node_modules/react-test-renderer/cjs/react-test-renderer.development.js:10243:17)
      at warnIfUpdatesNotWrappedWithActDEV (node_modules/react-test-renderer/cjs/react-test-renderer.development.js:11798:7)
      at scheduleUpdateOnFiber (node_modules/react-test-renderer/cjs/react-test-renderer.development.js:10326:9)
      at dispatchSetStateInternal (node_modules/react-test-renderer/cjs/react-test-renderer.development.js:4148:13)
      at dispatchSetState (node_modules/react-test-renderer/cjs/react-test-renderer.development.js:4107:7)
      at setShowReceiveSheet (hooks/__tests__/useSheetNavigation.test.js:54:22)
      at process.env.NODE_ENV.exports.act (node_modules/react/cjs/react.development.js:789:22)
      at Object.<anonymous> (hooks/__tests__/useSheetNavigation.test.js:53:8)

    console.error
      react-test-renderer is deprecated. See https://react.dev/warnings/react-test-renderer

      16 |   let component;
      17 |   act(() => {
    > 18 |     component = create(<TestComponent />);
         |                       ^
      19 |   });
      20 |   return { result, unmount: () => component.unmount() };
      21 | }

      at process.env.NODE_ENV.exports.create (node_modules/react-test-renderer/cjs/react-test-renderer.development.js:14598:17)
      at hooks/__tests__/useSheetNavigation.test.js:18:23
      at process.env.NODE_ENV.exports.act (node_modules/react/cjs/react.development.js:789:22)
      at renderHook (hooks/__tests__/useSheetNavigation.test.js:17:6)
      at Object.renderHook (hooks/__tests__/useSheetNavigation.test.js:60:24)

    console.error
      The current testing environment is not configured to support act(...)

      16 |   let component;
      17 |   act(() => {
    > 18 |     component = create(<TestComponent />);
         |                       ^
      19 |   });
      20 |   return { result, unmount: () => component.unmount() };
      21 | }

      at isConcurrentActEnvironment (node_modules/react-test-renderer/cjs/react-test-renderer.development.js:10243:17)
      at warnIfUpdatesNotWrappedWithActDEV (node_modules/react-test-renderer/cjs/react-test-renderer.development.js:11798:7)
      at scheduleUpdateOnFiber (node_modules/react-test-renderer/cjs/react-test-renderer.development.js:10326:9)
      at updateContainerImpl (node_modules/react-test-renderer/cjs/react-test-renderer.development.js:12382:10)
      at updateContainer (node_modules/react-test-renderer/cjs/react-test-renderer.development.js:12326:7)
      at process.env.NODE_ENV.exports.create (node_modules/react-test-renderer/cjs/react-test-renderer.development.js:14630:7)
      at hooks/__tests__/useSheetNavigation.test.js:18:23
      at process.env.NODE_ENV.exports.act (node_modules/react/cjs/react.development.js:789:22)
      at renderHook (hooks/__tests__/useSheetNavigation.test.js:17:6)
      at Object.renderHook (hooks/__tests__/useSheetNavigation.test.js:60:24)

    console.error
      The current testing environment is not configured to support act(...)

      61 |
      62 |     act(() => {
    > 63 |       result.current.setShowTxHistory(true);
         |                      ^
      64 |     });
      65 |     expect(result.current.showTxHistory).toBe(true);
      66 |

      at isConcurrentActEnvironment (node_modules/react-test-renderer/cjs/react-test-renderer.development.js:10243:17)
      at warnIfUpdatesNotWrappedWithActDEV (node_modules/react-test-renderer/cjs/react-test-renderer.development.js:11798:7)
      at scheduleUpdateOnFiber (node_modules/react-test-renderer/cjs/react-test-renderer.development.js:10326:9)
      at dispatchSetStateInternal (node_modules/react-test-renderer/cjs/react-test-renderer.development.js:4148:13)
      at dispatchSetState (node_modules/react-test-renderer/cjs/react-test-renderer.development.js:4107:7)
      at setShowTxHistory (hooks/__tests__/useSheetNavigation.test.js:63:22)
      at process.env.NODE_ENV.exports.act (node_modules/react/cjs/react.development.js:789:22)
      at Object.<anonymous> (hooks/__tests__/useSheetNavigation.test.js:62:8)

    console.error
      The current testing environment is not configured to support act(...)

      66 |
      67 |     act(() => {
    > 68 |       result.current.setShowTxHistory(false);
         |                      ^
      69 |     });
      70 |     expect(result.current.showTxHistory).toBe(false);
      71 |   });

      at isConcurrentActEnvironment (node_modules/react-test-renderer/cjs/react-test-renderer.development.js:10243:17)
      at warnIfUpdatesNotWrappedWithActDEV (node_modules/react-test-renderer/cjs/react-test-renderer.development.js:11798:7)
      at scheduleUpdateOnFiber (node_modules/react-test-renderer/cjs/react-test-renderer.development.js:10326:9)
      at dispatchSetStateInternal (node_modules/react-test-renderer/cjs/react-test-renderer.development.js:4148:13)
      at dispatchSetState (node_modules/react-test-renderer/cjs/react-test-renderer.development.js:4107:7)
      at setShowTxHistory (hooks/__tests__/useSheetNavigation.test.js:68:22)
      at process.env.NODE_ENV.exports.act (node_modules/react/cjs/react.development.js:789:22)
      at Object.<anonymous> (hooks/__tests__/useSheetNavigation.test.js:67:8)

    console.error
      react-test-renderer is deprecated. See https://react.dev/warnings/react-test-renderer

      16 |   let component;
      17 |   act(() => {
    > 18 |     component = create(<TestComponent />);
         |                       ^
      19 |   });
      20 |   return { result, unmount: () => component.unmount() };
      21 | }

      at process.env.NODE_ENV.exports.create (node_modules/react-test-renderer/cjs/react-test-renderer.development.js:14598:17)
      at hooks/__tests__/useSheetNavigation.test.js:18:23
      at process.env.NODE_ENV.exports.act (node_modules/react/cjs/react.development.js:789:22)
      at renderHook (hooks/__tests__/useSheetNavigation.test.js:17:6)
      at Object.renderHook (hooks/__tests__/useSheetNavigation.test.js:74:24)

    console.error
      The current testing environment is not configured to support act(...)

      16 |   let component;
      17 |   act(() => {
    > 18 |     component = create(<TestComponent />);
         |                       ^
      19 |   });
      20 |   return { result, unmount: () => component.unmount() };
      21 | }

      at isConcurrentActEnvironment (node_modules/react-test-renderer/cjs/react-test-renderer.development.js:10243:17)
      at warnIfUpdatesNotWrappedWithActDEV (node_modules/react-test-renderer/cjs/react-test-renderer.development.js:11798:7)
      at scheduleUpdateOnFiber (node_modules/react-test-renderer/cjs/react-test-renderer.development.js:10326:9)
      at updateContainerImpl (node_modules/react-test-renderer/cjs/react-test-renderer.development.js:12382:10)
      at updateContainer (node_modules/react-test-renderer/cjs/react-test-renderer.development.js:12326:7)
      at process.env.NODE_ENV.exports.create (node_modules/react-test-renderer/cjs/react-test-renderer.development.js:14630:7)
      at hooks/__tests__/useSheetNavigation.test.js:18:23
      at process.env.NODE_ENV.exports.act (node_modules/react/cjs/react.development.js:789:22)
      at renderHook (hooks/__tests__/useSheetNavigation.test.js:17:6)
      at Object.renderHook (hooks/__tests__/useSheetNavigation.test.js:74:24)

    console.error
      The current testing environment is not configured to support act(...)

      75 |
      76 |     act(() => {
    > 77 |       result.current.setShowReceiveSheet(true);
         |                      ^
      78 |     });
      79 |     expect(result.current.showReceiveSheet).toBe(true);
      80 |     expect(result.current.showTxHistory).toBe(false);

      at isConcurrentActEnvironment (node_modules/react-test-renderer/cjs/react-test-renderer.development.js:10243:17)
      at warnIfUpdatesNotWrappedWithActDEV (node_modules/react-test-renderer/cjs/react-test-renderer.development.js:11798:7)
      at scheduleUpdateOnFiber (node_modules/react-test-renderer/cjs/react-test-renderer.development.js:10326:9)
      at dispatchSetStateInternal (node_modules/react-test-renderer/cjs/react-test-renderer.development.js:4148:13)
      at dispatchSetState (node_modules/react-test-renderer/cjs/react-test-renderer.development.js:4107:7)
      at setShowReceiveSheet (hooks/__tests__/useSheetNavigation.test.js:77:22)
      at process.env.NODE_ENV.exports.act (node_modules/react/cjs/react.development.js:789:22)
      at Object.<anonymous> (hooks/__tests__/useSheetNavigation.test.js:76:8)

    console.error
      The current testing environment is not configured to support act(...)

      81 |
      82 |     act(() => {
    > 83 |       result.current.setShowTxHistory(true);
         |                      ^
      84 |     });
      85 |     expect(result.current.showReceiveSheet).toBe(true);
      86 |     expect(result.current.showTxHistory).toBe(true);

      at isConcurrentActEnvironment (node_modules/react-test-renderer/cjs/react-test-renderer.development.js:10243:17)
      at warnIfUpdatesNotWrappedWithActDEV (node_modules/react-test-renderer/cjs/react-test-renderer.development.js:11798:7)
      at scheduleUpdateOnFiber (node_modules/react-test-renderer/cjs/react-test-renderer.development.js:10326:9)
      at dispatchSetStateInternal (node_modules/react-test-renderer/cjs/react-test-renderer.development.js:4148:13)
      at dispatchSetState (node_modules/react-test-renderer/cjs/react-test-renderer.development.js:4107:7)
      at setShowTxHistory (hooks/__tests__/useSheetNavigation.test.js:83:22)
      at process.env.NODE_ENV.exports.act (node_modules/react/cjs/react.development.js:789:22)
      at Object.<anonymous> (hooks/__tests__/useSheetNavigation.test.js:82:8)

    console.error
      The current testing environment is not configured to support act(...)

      87 |
      88 |     act(() => {
    > 89 |       result.current.setShowReceiveSheet(false);
         |                      ^
      90 |     });
      91 |     expect(result.current.showReceiveSheet).toBe(false);
      92 |     expect(result.current.showTxHistory).toBe(true);

      at isConcurrentActEnvironment (node_modules/react-test-renderer/cjs/react-test-renderer.development.js:10243:17)
      at warnIfUpdatesNotWrappedWithActDEV (node_modules/react-test-renderer/cjs/react-test-renderer.development.js:11798:7)
      at scheduleUpdateOnFiber (node_modules/react-test-renderer/cjs/react-test-renderer.development.js:10326:9)
      at dispatchSetStateInternal (node_modules/react-test-renderer/cjs/react-test-renderer.development.js:4148:13)
      at dispatchSetState (node_modules/react-test-renderer/cjs/react-test-renderer.development.js:4107:7)
      at setShowReceiveSheet (hooks/__tests__/useSheetNavigation.test.js:89:22)
      at process.env.NODE_ENV.exports.act (node_modules/react/cjs/react.development.js:789:22)
      at Object.<anonymous> (hooks/__tests__/useSheetNavigation.test.js:88:8)

PASS utils/__tests__/errorParser.test.js
PASS services/__tests__/airdropService.test.js
PASS services/__tests__/transactionCalculationService.test.js
PASS utils/__tests__/vaultWebViewScripts.test.js
PASS utils/__tests__/onboardingHelpers.test.js
PASS utils/__tests__/formatters.test.js
PASS utils/__tests__/api.test.js (8.081 s)
PASS utils/__tests__/retry.test.js (43.042 s)

Summary of all failing tests
FAIL hooks/__tests__/useVaultMessages.test.js
  ● useVaultMessages › should handle CONSOLE_LOG messages

    expect(jest.fn()).toHaveBeenCalledWith(...expected)

    Expected: "[DEBUG] �� [WebView Console]", "Test message", "from WebView"
    Received: "[DEBUG] �� [WebView Console]", "Test message"

    Number of calls: 1

      77 |     });
      78 |
    > 79 |     expect(consoleSpy).toHaveBeenCalledWith('[DEBUG] �� [WebView Console]', 'Test message', 'from WebView');
         |                        ^
      80 |     consoleSpy.mockRestore();
      81 |   });
      82 |

      at Object.toHaveBeenCalledWith (hooks/__tests__/useVaultMessages.test.js:79:24)
      at asyncGeneratorStep (node_modules/@babel/runtime/helpers/asyncToGenerator.js:3:17)
      at _next (node_modules/@babel/runtime/helpers/asyncToGenerator.js:17:9)

FAIL hooks/__tests__/useWalletCalculations.test.js
  ● useWalletCalculations › vaultCollateralRatio › should use oracle price when btcPrice is not available

    expect(received).toBe(expected) // Object.is equality

    Expected: 25000
    Received: 0

      199 |
      200 |       // Should use oracle price (50000) from mockVaultData
    > 201 |       expect(result.current.vaultCollateralRatio).toBe(25000);
          |                                                   ^
      202 |     });
      203 |   });
      204 |

      at Object.toBe (hooks/__tests__/useWalletCalculations.test.js:201:51)

FAIL services/__tests__/transactionService.test.js
  ● transactionService › signIntent › UNIT Token Signing (Taproot) › should sign UNIT intent with Taproot tweaked keys (even y-coordinate)

    TypeError: taprootSigner.tweak is not a function

      90 |       }
      91 |
    > 92 |       const tweakedSigner = taprootSigner.tweak(
         |                                           ^
      93 |         bitcoin.crypto.taggedHash('TapTweak', taprootSigner.publicKey.slice(1, 33))
      94 |       );
      95 |       psbt.signInput(1, tweakedSigner);

      at Object.tweak (services/transactionSigningService.js:92:43)
      at asyncGeneratorStep (node_modules/@babel/runtime/helpers/asyncToGenerator.js:3:17)
      at _next (node_modules/@babel/runtime/helpers/asyncToGenerator.js:17:9)

  ● transactionService › signIntent › UNIT Token Signing (Taproot) › should negate private key for odd y-coordinate (0x03 prefix)

    ValiError: Invalid type: Expected number but received undefined

      83 |
      84 |         // Create a proper BIP32 node with the negated key
    > 85 |         taprootSigner = bip32.fromPrivateKey(
         |                               ^
      86 |           negatedPrivKey,
      87 |           Buffer.alloc(32),
      88 |           MUTINYNET_NETWORK

      at Object.parse (node_modules/valibot/dist/index.cjs:5515:11)
      at new BIP32 (node_modules/bip32/src/cjs/bip32.cjs:124:15)
      at fromPrivateKeyLocal (node_modules/bip32/src/cjs/bip32.cjs:352:16)
      at Object.fromPrivateKey (node_modules/bip32/src/cjs/bip32.cjs:344:16)
      at Object.fromPrivateKey (services/transactionSigningService.js:85:31)
      at asyncGeneratorStep (node_modules/@babel/runtime/helpers/asyncToGenerator.js:3:17)
      at _next (node_modules/@babel/runtime/helpers/asyncToGenerator.js:17:9)

  ● transactionService › signIntent › UNIT Token Signing (Taproot) › should manually finalize Taproot input if finalizeAllInputs fails

    TypeError: taprootSigner.tweak is not a function

      90 |       }
      91 |
    > 92 |       const tweakedSigner = taprootSigner.tweak(
         |                                           ^
      93 |         bitcoin.crypto.taggedHash('TapTweak', taprootSigner.publicKey.slice(1, 33))
      94 |       );
      95 |       psbt.signInput(1, tweakedSigner);

      at Object.tweak (services/transactionSigningService.js:92:43)
      at asyncGeneratorStep (node_modules/@babel/runtime/helpers/asyncToGenerator.js:3:17)
      at _next (node_modules/@babel/runtime/helpers/asyncToGenerator.js:17:9)

  ● transactionService › signIntent › UNIT Token Signing (Taproot) › should throw error if tapKeySig is missing during manual finalization

    expect(received).rejects.toThrow(expected)

    Expected substring: "No tapKeySig found"
    Received message:   "taprootSigner.tweak is not a function"

          90 |       }
          91 |
        > 92 |       const tweakedSigner = taprootSigner.tweak(
             |                                           ^
          93 |         bitcoin.crypto.taggedHash('TapTweak', taprootSigner.publicKey.slice(1, 33))
          94 |       );
          95 |       psbt.signInput(1, tweakedSigner);

      at Object.tweak (services/transactionSigningService.js:92:43)
      at asyncGeneratorStep (node_modules/@babel/runtime/helpers/asyncToGenerator.js:3:17)
      at _next (node_modules/@babel/runtime/helpers/asyncToGenerator.js:17:9)
      at Object.toThrow (node_modules/expect/build/index.js:2155:20)
      at Object.toThrow (services/__tests__/transactionService.test.js:731:76)
      at asyncGeneratorStep (node_modules/@babel/runtime/helpers/asyncToGenerator.js:3:17)
      at _next (node_modules/@babel/runtime/helpers/asyncToGenerator.js:17:9)
      at node_modules/@babel/runtime/helpers/asyncToGenerator.js:22:7
      at Object.<anonymous> (node_modules/@babel/runtime/helpers/asyncToGenerator.js:14:12)

  ● transactionService › signIntent › UNIT Token Signing (Taproot) › should validate hash is 32 bytes

    expect(received).rejects.toThrow(expected)

    Expected substring: "Hash must be 32 bytes"
    Received message:   "taprootSigner.tweak is not a function"

          90 |       }
          91 |
        > 92 |       const tweakedSigner = taprootSigner.tweak(
             |                                           ^
          93 |         bitcoin.crypto.taggedHash('TapTweak', taprootSigner.publicKey.slice(1, 33))
          94 |       );
          95 |       psbt.signInput(1, tweakedSigner);

      at Object.tweak (services/transactionSigningService.js:92:43)
      at asyncGeneratorStep (node_modules/@babel/runtime/helpers/asyncToGenerator.js:3:17)
      at _next (node_modules/@babel/runtime/helpers/asyncToGenerator.js:17:9)
      at Object.toThrow (node_modules/expect/build/index.js:2155:20)
      at Object.toThrow (services/__tests__/transactionService.test.js:759:76)
      at asyncGeneratorStep (node_modules/@babel/runtime/helpers/asyncToGenerator.js:3:17)
      at _next (node_modules/@babel/runtime/helpers/asyncToGenerator.js:17:9)
      at node_modules/@babel/runtime/helpers/asyncToGenerator.js:22:7
      at Object.<anonymous> (node_modules/@babel/runtime/helpers/asyncToGenerator.js:14:12)

  ● transactionService › signIntent › UNIT Token Signing (Taproot) › should validate tweaked private key is 32 bytes

    TypeError: taprootSigner.tweak is not a function

      90 |       }
      91 |
    > 92 |       const tweakedSigner = taprootSigner.tweak(
         |                                           ^
      93 |         bitcoin.crypto.taggedHash('TapTweak', taprootSigner.publicKey.slice(1, 33))
      94 |       );
      95 |       psbt.signInput(1, tweakedSigner);

      at Object.tweak (services/transactionSigningService.js:92:43)
      at asyncGeneratorStep (node_modules/@babel/runtime/helpers/asyncToGenerator.js:3:17)
      at _next (node_modules/@babel/runtime/helpers/asyncToGenerator.js:17:9)

  ● transactionService › signIntent › UNIT Token Signing (Taproot) › should verify runestone marker (0x0d) is in transaction outputs

    TypeError: taprootSigner.tweak is not a function

      90 |       }
      91 |
    > 92 |       const tweakedSigner = taprootSigner.tweak(
         |                                           ^
      93 |         bitcoin.crypto.taggedHash('TapTweak', taprootSigner.publicKey.slice(1, 33))
      94 |       );
      95 |       psbt.signInput(1, tweakedSigner);

      at Object.tweak (services/transactionSigningService.js:92:43)
      at asyncGeneratorStep (node_modules/@babel/runtime/helpers/asyncToGenerator.js:3:17)
      at _next (node_modules/@babel/runtime/helpers/asyncToGenerator.js:17:9)

FAIL services/__tests__/authService.test.js
  ● authService › PIN rate limiting › should track failed PIN attempts

    expect(received).toBe(expected) // Object.is equality

    Expected: 9
    Received: Promise {}

      244 |       // First failed attempt
      245 |       await verifyPin('wrong');
    > 246 |       expect(getRemainingPinAttempts()).toBe(9);
          |                                         ^
      247 |
      248 |       // Second failed attempt
      249 |       await verifyPin('wrong');

      at Object.toBe (services/__tests__/authService.test.js:246:41)
      at asyncGeneratorStep (node_modules/@babel/runtime/helpers/asyncToGenerator.js:3:17)
      at _next (node_modules/@babel/runtime/helpers/asyncToGenerator.js:17:9)

  ● authService › PIN rate limiting › should lock out after max attempts

    expect(received).toBe(expected) // Object.is equality

    Expected: true
    Received: undefined

      261 |
      262 |       const lockStatus = checkPinLockout();
    > 263 |       expect(lockStatus.isLocked).toBe(true);
          |                                   ^
      264 |       expect(lockStatus.remainingTime).toBeGreaterThan(0);
      265 |
      266 |       // Further attempts should be rejected

      at Object.toBe (services/__tests__/authService.test.js:263:35)
      at asyncGeneratorStep (node_modules/@babel/runtime/helpers/asyncToGenerator.js:3:17)
      at _next (node_modules/@babel/runtime/helpers/asyncToGenerator.js:17:9)

  ● authService › PIN rate limiting › should reset attempts after successful verification

    expect(received).toBe(expected) // Object.is equality

    Expected: 8
    Received: Promise {}

      277 |       await verifyPin('wrong');
      278 |       await verifyPin('wrong');
    > 279 |       expect(getRemainingPinAttempts()).toBe(8);
          |                                         ^
      280 |
      281 |       // Successful verification should reset
      282 |       await verifyPin(pin);

      at Object.toBe (services/__tests__/authService.test.js:279:41)
      at asyncGeneratorStep (node_modules/@babel/runtime/helpers/asyncToGenerator.js:3:17)
      at _next (node_modules/@babel/runtime/helpers/asyncToGenerator.js:17:9)

  ● authService › Error handling and edge cases › should handle verifyPin error

    expect(received).toBe(expected) // Object.is equality

    Expected: "Failed to verify PIN"
    Received: "PIN needs to be reset for security upgrade"

      551 |       const result = await verifyPin('1234');
      552 |       expect(result.success).toBe(false);
    > 553 |       expect(result.error).toBe('Failed to verify PIN');
          |                            ^
      554 |     });
      555 |   });
      556 |

      at Object.toBe (services/__tests__/authService.test.js:553:28)
      at asyncGeneratorStep (node_modules/@babel/runtime/helpers/asyncToGenerator.js:3:17)
      at _next (node_modules/@babel/runtime/helpers/asyncToGenerator.js:17:9)

  ● authService › Lockout timing › should calculate remaining lockout time correctly

    expect(received).toBe(expected) // Object.is equality

    Expected: true
    Received: undefined

      615 |
      616 |       const lockStatus = checkPinLockout();
    > 617 |       expect(lockStatus.isLocked).toBe(true);
          |                                   ^
      618 |       expect(lockStatus.remainingTime).toBeGreaterThan(0);
      619 |       expect(lockStatus.remainingTime).toBeLessThanOrEqual(30); // 30 minutes max
      620 |     }, 60000);

      at Object.toBe (services/__tests__/authService.test.js:617:35)
      at asyncGeneratorStep (node_modules/@babel/runtime/helpers/asyncToGenerator.js:3:17)
      at _next (node_modules/@babel/runtime/helpers/asyncToGenerator.js:17:9)

  ● authService › Lockout timing › should return specific lockout error message

    expect(received).toBe(expected) // Object.is equality

    Expected: false
    Received: true

      631 |       // Try to verify after lockout
      632 |       const result = await verifyPin(pin);
    > 633 |       expect(result.success).toBe(false);
          |                              ^
      634 |       expect(result.error).toContain('Too many failed attempts');
      635 |       expect(result.remainingAttempts).toBe(0);
      636 |     }, 60000);

      at Object.toBe (services/__tests__/authService.test.js:633:30)
      at asyncGeneratorStep (node_modules/@babel/runtime/helpers/asyncToGenerator.js:3:17)
      at _next (node_modules/@babel/runtime/helpers/asyncToGenerator.js:17:9)

FAIL hooks/__tests__/useWalletImport.test.js
  ● useWalletImport › Import Wallet › should import wallet with valid seed phrase

    expect(jest.fn()).toHaveBeenCalled()

    Expected number of calls: >= 1
    Received number of calls:    0

      235 |         mockProps.currentAccount
      236 |       );
    > 237 |       expect(mockProps.loadWallet).toHaveBeenCalled();
          |                                    ^
      238 |       expect(mockProps.setSettingUpPin).toHaveBeenCalledWith(true);
      239 |     });
      240 |

      at Object.toHaveBeenCalled (hooks/__tests__/useWalletImport.test.js:237:36)
      at asyncGeneratorStep (node_modules/@babel/runtime/helpers/asyncToGenerator.js:3:17)
      at _next (node_modules/@babel/runtime/helpers/asyncToGenerator.js:17:9)

  ● useWalletImport › Import Wallet › should set isImportedWallet flag

    expect(received).toBe(expected) // Object.is equality

    Expected: true
    Received: false

      288 |       });
      289 |
    > 290 |       expect(result.current.isImportedWallet).toBe(true);
          |                                               ^
      291 |     });
      292 |
      293 |     it('should clear import form on success', async () => {

      at Object.toBe (hooks/__tests__/useWalletImport.test.js:290:47)
      at asyncGeneratorStep (node_modules/@babel/runtime/helpers/asyncToGenerator.js:3:17)
      at _next (node_modules/@babel/runtime/helpers/asyncToGenerator.js:17:9)

  ● useWalletImport › Import Wallet › should clear import form on success

    expect(received).toBe(expected) // Object.is equality

    Expected: false
    Received: true

      307 |       });
      308 |
    > 309 |       expect(result.current.importingWallet).toBe(false);
          |                                              ^
      310 |       expect(result.current.importSeedPhrase).toEqual(Array(12).fill(''));
      311 |     });
      312 |

      at Object.toBe (hooks/__tests__/useWalletImport.test.js:309:46)
      at asyncGeneratorStep (node_modules/@babel/runtime/helpers/asyncToGenerator.js:3:17)
      at _next (node_modules/@babel/runtime/helpers/asyncToGenerator.js:17:9)

  ● useWalletImport › Import Wallet › should clear persisted state on success

    expect(jest.fn()).toHaveBeenCalledWith(...expected)

    Expected: "wallet_import_state"

    Number of calls: 0

      326 |       });
      327 |
    > 328 |       expect(AsyncStorage.removeItem).toHaveBeenCalledWith('wallet_import_state');
          |                                       ^
      329 |     });
      330 |
      331 |     it('should handle import errors', async () => {

      at Object.toHaveBeenCalledWith (hooks/__tests__/useWalletImport.test.js:328:39)
      at asyncGeneratorStep (node_modules/@babel/runtime/helpers/asyncToGenerator.js:3:17)
      at _next (node_modules/@babel/runtime/helpers/asyncToGenerator.js:17:9)

  ● useWalletImport › Import Wallet › should work without loadWallet callback

    expect(jest.fn()).toHaveBeenCalledWith(...expected)

    Expected: true

    Number of calls: 0

      387 |       });
      388 |
    > 389 |       expect(mockProps.setSettingUpPin).toHaveBeenCalledWith(true);
          |                                         ^
      390 |     });
      391 |
      392 |     it('should handle balance fetch errors gracefully', async () => {

      at Object.toHaveBeenCalledWith (hooks/__tests__/useWalletImport.test.js:389:41)
      at asyncGeneratorStep (node_modules/@babel/runtime/helpers/asyncToGenerator.js:3:17)
      at _next (node_modules/@babel/runtime/helpers/asyncToGenerator.js:17:9)

  ● useWalletImport › Import Wallet › should handle balance fetch errors gracefully

    expect(received).toBe(expected) // Object.is equality

    Expected: true
    Received: false

      419 |
      420 |       // Should still complete import successfully despite balance error
    > 421 |       expect(result.current.isImportedWallet).toBe(true);
          |                                               ^
      422 |       expect(result.current.importingWallet).toBe(false);
      423 |     });
      424 |   });

      at Object.toBe (hooks/__tests__/useWalletImport.test.js:421:47)
      at asyncGeneratorStep (node_modules/@babel/runtime/helpers/asyncToGenerator.js:3:17)
      at _next (node_modules/@babel/runtime/helpers/asyncToGenerator.js:17:9)

FAIL utils/__tests__/wallet.keynegation.test.js
  ● Taproot key negation › should handle key-path spending with odd y-coordinate

    Can not sign for input #0 with the key 032befa14431d4cb71889ea1df7a7eaa2f1d8b9107e60b01564e15dabe5c0dfd32

      228 |               // Sign the input with the properly tweaked signer
      229 |               // This uses psbt.signInput internally which handles Schnorr signing correctly
    > 230 |               psbt.signInput(inputIndex, tweakedSigner);
          |                    ^
      231 |             }
      232 |           } else {
      233 |             psbt.signInput(inputIndex, keyPair);

      at Psbt.checkTaprootHashesForSig (node_modules/bitcoinjs-lib/src/cjs/psbt.cjs:913:13)
      at Psbt._signTaprootInput (node_modules/bitcoinjs-lib/src/cjs/psbt.cjs:751:31)
      at Psbt.signInput (node_modules/bitcoinjs-lib/src/cjs/psbt.cjs:699:19)
      at signInput (utils/wallet.js:230:20)
      at asyncGeneratorStep (node_modules/@babel/runtime/helpers/asyncToGenerator.js:3:17)
      at _next (node_modules/@babel/runtime/helpers/asyncToGenerator.js:17:9)
      at node_modules/@babel/runtime/helpers/asyncToGenerator.js:22:7
      at node_modules/@babel/runtime/helpers/asyncToGenerator.js:14:12
      at apply (utils/wallet.js:253:4)
      at callback (utils/__tests__/wallet.keynegation.test.js:89:65)
      at utils/wallet.js:84:28
      at asyncGeneratorStep (node_modules/@babel/runtime/helpers/asyncToGenerator.js:3:17)
      at _next (node_modules/@babel/runtime/helpers/asyncToGenerator.js:17:9)

FAIL utils/__tests__/wallet.helpers.test.js
  ● wallet helper functions › Taproot key negation for odd y-coordinate › should handle Taproot keys with odd y-coordinate (0x03 prefix)

    Can not sign for input #0 with the key 033b82b2b2a9185315da6f80da5f06d0440d8a5e1457fa93387c2d919c86ec8786

      228 |               // Sign the input with the properly tweaked signer
      229 |               // This uses psbt.signInput internally which handles Schnorr signing correctly
    > 230 |               psbt.signInput(inputIndex, tweakedSigner);
          |                    ^
      231 |             }
      232 |           } else {
      233 |             psbt.signInput(inputIndex, keyPair);

      at Psbt.checkTaprootHashesForSig (node_modules/bitcoinjs-lib/src/cjs/psbt.cjs:913:13)
      at Psbt._signTaprootInput (node_modules/bitcoinjs-lib/src/cjs/psbt.cjs:751:31)
      at Psbt.signInput (node_modules/bitcoinjs-lib/src/cjs/psbt.cjs:699:19)
      at signInput (utils/wallet.js:230:20)
      at asyncGeneratorStep (node_modules/@babel/runtime/helpers/asyncToGenerator.js:3:17)
      at _next (node_modules/@babel/runtime/helpers/asyncToGenerator.js:17:9)
      at node_modules/@babel/runtime/helpers/asyncToGenerator.js:22:7
      at node_modules/@babel/runtime/helpers/asyncToGenerator.js:14:12
      at apply (utils/wallet.js:253:4)
      at callback (utils/__tests__/wallet.helpers.test.js:18:39)
      at utils/wallet.js:84:28
      at asyncGeneratorStep (node_modules/@babel/runtime/helpers/asyncToGenerator.js:3:17)
      at _next (node_modules/@babel/runtime/helpers/asyncToGenerator.js:17:9)

FAIL utils/__tests__/wallet.psbt.test.js
  ● wallet PSBT signing › signPsbt - Taproot (P2TR) key-path › should sign a Taproot key-path PSBT

    Can not sign for input #0 with the key 033b82b2b2a9185315da6f80da5f06d0440d8a5e1457fa93387c2d919c86ec8786

      228 |               // Sign the input with the properly tweaked signer
      229 |               // This uses psbt.signInput internally which handles Schnorr signing correctly
    > 230 |               psbt.signInput(inputIndex, tweakedSigner);
          |                    ^
      231 |             }
      232 |           } else {
      233 |             psbt.signInput(inputIndex, keyPair);

      at Psbt.checkTaprootHashesForSig (node_modules/bitcoinjs-lib/src/cjs/psbt.cjs:913:13)
      at Psbt._signTaprootInput (node_modules/bitcoinjs-lib/src/cjs/psbt.cjs:751:31)
      at Psbt.signInput (node_modules/bitcoinjs-lib/src/cjs/psbt.cjs:699:19)
      at signInput (utils/wallet.js:230:20)
      at asyncGeneratorStep (node_modules/@babel/runtime/helpers/asyncToGenerator.js:3:17)
      at _next (node_modules/@babel/runtime/helpers/asyncToGenerator.js:17:9)
      at node_modules/@babel/runtime/helpers/asyncToGenerator.js:22:7
      at node_modules/@babel/runtime/helpers/asyncToGenerator.js:14:12
      at apply (utils/wallet.js:253:4)
      at callback (utils/__tests__/wallet.psbt.test.js:21:39)
      at utils/wallet.js:84:28
      at asyncGeneratorStep (node_modules/@babel/runtime/helpers/asyncToGenerator.js:3:17)
      at _next (node_modules/@babel/runtime/helpers/asyncToGenerator.js:17:9)

  ● wallet PSBT signing › signPsbt - Taproot (P2TR) key-path › should handle multiple Taproot inputs

    Can not sign for input #0 with the key 033b82b2b2a9185315da6f80da5f06d0440d8a5e1457fa93387c2d919c86ec8786

      228 |               // Sign the input with the properly tweaked signer
      229 |               // This uses psbt.signInput internally which handles Schnorr signing correctly
    > 230 |               psbt.signInput(inputIndex, tweakedSigner);
          |                    ^
      231 |             }
      232 |           } else {
      233 |             psbt.signInput(inputIndex, keyPair);

      at Psbt.checkTaprootHashesForSig (node_modules/bitcoinjs-lib/src/cjs/psbt.cjs:913:13)
      at Psbt._signTaprootInput (node_modules/bitcoinjs-lib/src/cjs/psbt.cjs:751:31)
      at Psbt.signInput (node_modules/bitcoinjs-lib/src/cjs/psbt.cjs:699:19)
      at signInput (utils/wallet.js:230:20)
      at asyncGeneratorStep (node_modules/@babel/runtime/helpers/asyncToGenerator.js:3:17)
      at _next (node_modules/@babel/runtime/helpers/asyncToGenerator.js:17:9)
      at node_modules/@babel/runtime/helpers/asyncToGenerator.js:22:7
      at node_modules/@babel/runtime/helpers/asyncToGenerator.js:14:12
      at apply (utils/wallet.js:253:4)
      at callback (utils/__tests__/wallet.psbt.test.js:21:39)
      at utils/wallet.js:84:28
      at asyncGeneratorStep (node_modules/@babel/runtime/helpers/asyncToGenerator.js:3:17)
      at _next (node_modules/@babel/runtime/helpers/asyncToGenerator.js:17:9)

  ● wallet PSBT signing › signPsbt - integration › should handle mixed SegWit and Taproot inputs

    Can not sign for input #1 with the key 033b82b2b2a9185315da6f80da5f06d0440d8a5e1457fa93387c2d919c86ec8786

      228 |               // Sign the input with the properly tweaked signer
      229 |               // This uses psbt.signInput internally which handles Schnorr signing correctly
    > 230 |               psbt.signInput(inputIndex, tweakedSigner);
          |                    ^
      231 |             }
      232 |           } else {
      233 |             psbt.signInput(inputIndex, keyPair);

      at Psbt.checkTaprootHashesForSig (node_modules/bitcoinjs-lib/src/cjs/psbt.cjs:913:13)
      at Psbt._signTaprootInput (node_modules/bitcoinjs-lib/src/cjs/psbt.cjs:751:31)
      at Psbt.signInput (node_modules/bitcoinjs-lib/src/cjs/psbt.cjs:699:19)
      at signInput (utils/wallet.js:230:20)
      at asyncGeneratorStep (node_modules/@babel/runtime/helpers/asyncToGenerator.js:3:17)
      at _next (node_modules/@babel/runtime/helpers/asyncToGenerator.js:17:9)
      at node_modules/@babel/runtime/helpers/asyncToGenerator.js:22:7
      at node_modules/@babel/runtime/helpers/asyncToGenerator.js:14:12
      at apply (utils/wallet.js:253:4)
      at callback (utils/__tests__/wallet.psbt.test.js:21:39)
      at utils/wallet.js:84:28
      at asyncGeneratorStep (node_modules/@babel/runtime/helpers/asyncToGenerator.js:3:17)
      at _next (node_modules/@babel/runtime/helpers/asyncToGenerator.js:17:9)


Test Suites: 8 failed, 65 passed, 73 total
Tests:       26 failed, 1248 passed, 1274 total
Snapshots:   0 total
Time:        43.333 s, estimated 44 s
Ran all test suites.
